[3gH    H    H    H    H    H    H    H    H    H    H    H    H    H    H    H    H    H    H    H   [INFO] Using python from: /home/pma213x/.venvs/minicheetah-isaaclab/bin/python
[INFO][AppLauncher]: Loading experience file: /home/pma213x/IsaacLab/apps/isaaclab.python.headless.kit
[Warning] [simulation_app.simulation_app] Modules: ['omni.kit_app'] were loaded before SimulationApp was started and might not be loaded correctly.
[Warning] [simulation_app.simulation_app] Please check to make sure no extra omniverse or pxr modules are imported before the call to SimulationApp(...)
Loading user config located at: '/home/pma213x/.venvs/minicheetah-isaaclab/lib/python3.10/site-packages/omni/data/Kit/Isaac-Sim/4.5/user.config.json'
[Info] [carb] Logging to file: /home/pma213x/.venvs/minicheetah-isaaclab/lib/python3.10/site-packages/omni/logs/Kit/Isaac-Sim/4.5/kit_20261007_205744.log
2026-10-07 12:57:44 [0ms] [Warning] [omni.kit.app.plugin] No crash reporter present, dumps uploading isn't available.
2026-10-07 12:57:44 [134ms] [Warning] [omni.usd_config.extension] Enable omni.materialx.libs extension to use MaterialX
2026-10-07 12:57:44 [427ms] [Warning] [omni.datastore] OmniHub is inaccessible
2026-10-07 12:57:45 [559ms] [Warning] [omni.isaac.dynamic_control] omni.isaac.dynamic_control is deprecated as of Isaac Sim 4.5. No action is needed from end-users.
Gym has been unmaintained since 2022 and does not support NumPy 2.0 amongst other critical functionality.
Please upgrade to Gymnasium, the maintained drop-in replacement of Gym, or contact the authors of your software and request that they upgrade.
See the migration guide at https://gymnasium.farama.org/introduction/migration_guide/ for additional information.
2026-10-07 12:57:48 [3,846ms] [Warning] [gpu.foundation.plugin] Skipping unsupported non-NVIDIA GPU: Intel(R) UHD Graphics (ADL-S GT0.5)
2026-10-07 12:57:48 [3,846ms] [Warning] [gpu.foundation.plugin] Skipping unsupported non-NVIDIA GPU: Intel(R) UHD Graphics (ADL-S GT0.5)

|---------------------------------------------------------------------------------------------|
| Driver Version: 580.178.04    | Graphics API: Vulkan
|=============================================================================================|
| GPU | Name                             | Active | LDA | GPU Memory | Vendor-ID | LUID       |
|     |                                  |        |     |            | Device-ID | UUID       |
|     |                                  |        |     |            | Bus-ID    |            |
|---------------------------------------------------------------------------------------------|
| 0   | NVIDIA GeForce RTX 4060 Laptop.. | Yes: 0 |     | 8188    MB | 10de      | 0          |
|     |                                  |        |     |            | 28e0      | 4d090564.. |
|     |                                  |        |     |            | 1         |            |
|---------------------------------------------------------------------------------------------|
| 1   | Intel(R) UHD Graphics (ADL-S G.. |        |     | 11374   MB | 8086      | 0          |
|     |                                  |        |     |            | 468b      | 86808b46.. |
|     |                                  |        |     |            | 0         |            |
|=============================================================================================|
| OS: 26.04.1 LTS (Resolute Raccoon) ubuntu, Version: 26.04.1, Kernel: 7.0.0-34-generic
| XServer Vendor: The X.Org Foundation, XServer Version: 12401010 (1.24.1.10)
| Processor: 13th Gen Intel(R) Core(TM) i5-13500HX
| Bare Metal Cores: 14 | Bare Metal Logical Cores: 28
| Available Cores:  20 
|---------------------------------------------------------------------------------------------|
| Total Memory (MB): 15166 | Free Memory: 6457
| Total Page/Swap (MB): 20479 | Free Page/Swap: 15937
|---------------------------------------------------------------------------------------------|
2026-10-07 12:57:48 [4,090ms] [Warning] [gpu.foundation.plugin] IOMMU is enabled.
2026-10-07 12:57:48 [4,092ms] [Warning] [gpu.foundation.plugin] Detected IOMMU is enabled. Running CUDA peer-to-peer bandwidth and latency validation.
Unidirectional P2P=Enabled Bandwidth (P2P Writes) Matrix (GB/s)
   D\D     0 
     0 226.55 
P2P=Enabled Latency (P2P Writes) Matrix (us)
   GPU     0 
     0   1.46 

   CPU     0 
     0   1.56 
USD_DIAG_START
USD_JOINT leg0_abad_joint lower -85.94366455078125 upper 85.94366455078125 lower_hex -0x1.57c6500000000p+6 upper_hex 0x1.57c6500000000p+6
USD_JOINT leg0_hip_joint lower -286.4788818359375 upper 286.4788818359375 lower_hex -0x1.1e7a980000000p+8 upper_hex 0x1.1e7a980000000p+8
USD_JOINT leg0_knee_joint lower -154.69859313964844 upper 154.69859313964844 lower_hex -0x1.3565ae0000000p+7 upper_hex 0x1.3565ae0000000p+7
USD_JOINT leg1_abad_joint lower -85.94366455078125 upper 85.94366455078125 lower_hex -0x1.57c6500000000p+6 upper_hex 0x1.57c6500000000p+6
USD_JOINT leg1_hip_joint lower -286.4788818359375 upper 286.4788818359375 lower_hex -0x1.1e7a980000000p+8 upper_hex 0x1.1e7a980000000p+8
USD_JOINT leg1_knee_joint lower -154.69859313964844 upper 154.69859313964844 lower_hex -0x1.3565ae0000000p+7 upper_hex 0x1.3565ae0000000p+7
USD_JOINT leg2_abad_joint lower -85.94366455078125 upper 85.94366455078125 lower_hex -0x1.57c6500000000p+6 upper_hex 0x1.57c6500000000p+6
USD_JOINT leg2_hip_joint lower -286.4788818359375 upper 286.4788818359375 lower_hex -0x1.1e7a980000000p+8 upper_hex 0x1.1e7a980000000p+8
USD_JOINT leg2_knee_joint lower -154.69859313964844 upper 154.69859313964844 lower_hex -0x1.3565ae0000000p+7 upper_hex 0x1.3565ae0000000p+7
USD_JOINT leg3_abad_joint lower -85.94366455078125 upper 85.94366455078125 lower_hex -0x1.57c6500000000p+6 upper_hex 0x1.57c6500000000p+6
USD_JOINT leg3_hip_joint lower -286.4788818359375 upper 286.4788818359375 lower_hex -0x1.1e7a980000000p+8 upper_hex 0x1.1e7a980000000p+8
USD_JOINT leg3_knee_joint lower -154.69859313964844 upper 154.69859313964844 lower_hex -0x1.3565ae0000000p+7 upper_hex 0x1.3565ae0000000p+7
TWO_POINT_SEVEN_FLOAT32 0x1.59999a0000000p+1
NEXTAFTER_F32_UP 0x1.59999c0000000p+1
[INFO]: Parsing configuration from: training.envs.velocity_flat_env_cfg:YoboGoVelocityFlatEnvCfg
2026-10-07 12:57:48 [4,305ms] [Warning] [isaaclab.envs.manager_based_env] Seed not set for the environment. The environment creation may not be deterministic.
[INFO]: Base environment:
	Environment device    : cuda:0
	Environment seed      : None
	Physics step-size     : 0.0004
	Rendering step-size   : 0.002
	Environment step-size : 0.002
2026-10-07 12:57:48 [4,410ms] [Warning] [isaaclab.terrains.terrain_importer] Visual material specified for ground plane but no diffuse color found. Using default color: (0.0, 0.0, 0.0)
[INFO]: Time taken for scene creation : 2.921108 seconds
[INFO]: Scene manager:  <class InteractiveScene>
	Number of environments: 1
	Environment spacing   : 2.5
	Source prim name      : /World/envs/env_0
	Global prim paths     : ['/World/ground']
	Replicate physics     : True
[INFO]: Starting the simulation. This may take a few seconds. Please wait...
Traceback (most recent call last):
  File "/home/pma213x/IsaacLab/source/isaaclab/isaaclab/assets/asset_base.py", line 94, in <lambda>
    lambda event, obj=weakref.proxy(self): obj._initialize_callback(event),
  File "/home/pma213x/IsaacLab/source/isaaclab/isaaclab/assets/asset_base.py", line 265, in _initialize_callback
    self._initialize_impl()
  File "/home/pma213x/IsaacLab/source/isaaclab/isaaclab/assets/articulation/articulation.py", line 1179, in _initialize_impl
    self._validate_cfg()
  File "/home/pma213x/IsaacLab/source/isaaclab/isaaclab/assets/articulation/articulation.py", line 1513, in _validate_cfg
    raise ValueError(msg)
ValueError: The following joints have default positions out of the limits: 
	- 'leg0_knee_joint': 2.700 not in [-2.700, 2.700]
	- 'leg1_knee_joint': 2.700 not in [-2.700, 2.700]
	- 'leg2_knee_joint': 2.700 not in [-2.700, 2.700]
	- 'leg3_knee_joint': 2.700 not in [-2.700, 2.700]

[INFO]: Time taken for simulation start : 0.511679 seconds
2026-10-07 12:57:52 [8,092ms] [Warning] [omni.usd] Warning: in GetNodeDiscoveryResults at line 136 of /builds/omniverse/usd-ci/USD/pxr/usd/usdShade/shaderDefUtils.cpp -- Unable to resolve info:sourceAsset </UsdPreviewSurface.info:mdl:sourceAsset> with value @UsdPreviewSurface.mdl@.

2026-10-07 12:57:52 [8,092ms] [Warning] [omni.usd] Warning: in GetNodeDiscoveryResults at line 136 of /builds/omniverse/usd-ci/USD/pxr/usd/usdShade/shaderDefUtils.cpp -- Unable to resolve info:sourceAsset </UsdUVTexture.info:mdl:sourceAsset> with value @UsdPreviewSurface.mdl@.

2026-10-07 12:57:52 [8,092ms] [Warning] [omni.usd] Warning: in GetNodeDiscoveryResults at line 136 of /builds/omniverse/usd-ci/USD/pxr/usd/usdShade/shaderDefUtils.cpp -- Unable to resolve info:sourceAsset </UsdPrimvarReader_float.info:mdl:sourceAsset> with value @UsdPreviewSurface.mdl@.

2026-10-07 12:57:52 [8,093ms] [Warning] [omni.usd] Warning: in GetNodeDiscoveryResults at line 136 of /builds/omniverse/usd-ci/USD/pxr/usd/usdShade/shaderDefUtils.cpp -- Unable to resolve info:sourceAsset </UsdPrimvarReader_float2.info:mdl:sourceAsset> with value @UsdPreviewSurface.mdl@.

2026-10-07 12:57:52 [8,093ms] [Warning] [omni.usd] Warning: in GetNodeDiscoveryResults at line 136 of /builds/omniverse/usd-ci/USD/pxr/usd/usdShade/shaderDefUtils.cpp -- Unable to resolve info:sourceAsset </UsdPrimvarReader_float3.info:mdl:sourceAsset> with value @UsdPreviewSurface.mdl@.

2026-10-07 12:57:52 [8,093ms] [Warning] [omni.usd] Warning: in GetNodeDiscoveryResults at line 136 of /builds/omniverse/usd-ci/USD/pxr/usd/usdShade/shaderDefUtils.cpp -- Unable to resolve info:sourceAsset </UsdPrimvarReader_float4.info:mdl:sourceAsset> with value @UsdPreviewSurface.mdl@.

2026-10-07 12:57:52 [8,093ms] [Warning] [omni.usd] Warning: in GetNodeDiscoveryResults at line 136 of /builds/omniverse/usd-ci/USD/pxr/usd/usdShade/shaderDefUtils.cpp -- Unable to resolve info:sourceAsset </UsdPrimvarReader_int.info:mdl:sourceAsset> with value @UsdPreviewSurface.mdl@.

2026-10-07 12:57:52 [8,093ms] [Warning] [omni.usd] Warning: in GetNodeDiscoveryResults at line 136 of /builds/omniverse/usd-ci/USD/pxr/usd/usdShade/shaderDefUtils.cpp -- Unable to resolve info:sourceAsset </UsdPrimvarReader_string.info:mdl:sourceAsset> with value @UsdPreviewSurface.mdl@.

2026-10-07 12:57:52 [8,093ms] [Warning] [omni.usd] Warning: in GetNodeDiscoveryResults at line 136 of /builds/omniverse/usd-ci/USD/pxr/usd/usdShade/shaderDefUtils.cpp -- Unable to resolve info:sourceAsset </UsdPrimvarReader_normal.info:mdl:sourceAsset> with value @UsdPreviewSurface.mdl@.

2026-10-07 12:57:52 [8,094ms] [Warning] [omni.usd] Warning: in GetNodeDiscoveryResults at line 136 of /builds/omniverse/usd-ci/USD/pxr/usd/usdShade/shaderDefUtils.cpp -- Unable to resolve info:sourceAsset </UsdPrimvarReader_point.info:mdl:sourceAsset> with value @UsdPreviewSurface.mdl@.

2026-10-07 12:57:52 [8,094ms] [Warning] [omni.usd] Warning: in GetNodeDiscoveryResults at line 136 of /builds/omniverse/usd-ci/USD/pxr/usd/usdShade/shaderDefUtils.cpp -- Unable to resolve info:sourceAsset </UsdPrimvarReader_vector.info:mdl:sourceAsset> with value @UsdPreviewSurface.mdl@.

2026-10-07 12:57:52 [8,094ms] [Warning] [omni.usd] Warning: in GetNodeDiscoveryResults at line 136 of /builds/omniverse/usd-ci/USD/pxr/usd/usdShade/shaderDefUtils.cpp -- Unable to resolve info:sourceAsset </UsdPrimvarReader_matrix.info:mdl:sourceAsset> with value @UsdPreviewSurface.mdl@.

2026-10-07 12:57:52 [8,094ms] [Warning] [omni.usd] Warning: in GetNodeDiscoveryResults at line 136 of /builds/omniverse/usd-ci/USD/pxr/usd/usdShade/shaderDefUtils.cpp -- Unable to resolve info:sourceAsset </UsdTransform2d.info:mdl:sourceAsset> with value @UsdPreviewSurface.mdl@.

[INFO] Command Manager:  <CommandManager> contains 1 active terms.
+------------------------------------------------+
|              Active Command Terms              |
+-------+---------------+------------------------+
| Index | Name          |          Type          |
+-------+---------------+------------------------+
|   0   | base_velocity | UniformVelocityCommand |
+-------+---------------+------------------------+

[INFO] Recorder Manager:  <RecorderManager> contains 0 active terms.
+---------------------+
| Active Recorder Terms |
+-----------+---------+
|   Index   | Name    |
+-----------+---------+
+-----------+---------+

[INFO] Action Manager:  <ActionManager> contains 1 active terms.
+------------------------------------+
|  Active Action Terms (shape: 12)   |
+--------+-------------+-------------+
| Index  | Name        |   Dimension |
+--------+-------------+-------------+
|   0    | joint_pos   |          12 |
+--------+-------------+-------------+

[INFO] Observation Manager: <ObservationManager> contains 1 groups.
+---------------------------------------------------------+
| Active Observation Terms in Group: 'policy' (shape: (48,)) |
+-----------+---------------------------------+-----------+
|   Index   | Name                            |   Shape   |
+-----------+---------------------------------+-----------+
|     0     | base_lin_vel                    |    (3,)   |
|     1     | base_ang_vel                    |    (3,)   |
|     2     | projected_gravity               |    (3,)   |
|     3     | velocity_commands               |    (3,)   |
|     4     | joint_pos                       |   (12,)   |
|     5     | joint_vel                       |   (12,)   |
|     6     | actions                         |   (12,)   |
+-----------+---------------------------------+-----------+

Traceback (most recent call last):
  File "/home/pma213x/IsaacLab/source/isaaclab/isaaclab/managers/manager_base.py", line 255, in _resolve_common_term_cfg
    value.resolve(self._env.scene)
  File "/home/pma213x/IsaacLab/source/isaaclab/isaaclab/managers/scene_entity_cfg.py", line 140, in resolve
    self._resolve_body_names(scene)
  File "/home/pma213x/IsaacLab/source/isaaclab/isaaclab/managers/scene_entity_cfg.py", line 243, in _resolve_body_names
    self.body_ids, _ = entity.find_bodies(self.body_names, preserve_order=self.preserve_order)
  File "/home/pma213x/IsaacLab/source/isaaclab/isaaclab/assets/articulation/articulation.py", line 221, in find_bodies
    return string_utils.resolve_matching_names(name_keys, self.body_names, preserve_order)
  File "/home/pma213x/IsaacLab/source/isaaclab/isaaclab/utils/string.py", line 267, in resolve_matching_names
    raise ValueError(
ValueError: Not all regular expressions are matched! Please check that the regular expressions are correct: 
	base: []
Available strings: ['base_link', 'leg0_hip_link', 'leg1_hip_link', 'leg2_hip_link', 'leg3_hip_link', 'leg0_thigh_link', 'leg1_thigh_link', 'leg2_thigh_link', 'leg3_thigh_link', 'leg0_shank_link', 'leg1_shank_link', 'leg2_shank_link', 'leg3_shank_link', 'leg0_foot_link', 'leg1_foot_link', 'leg2_foot_link', 'leg3_foot_link']


During handling of the above exception, another exception occurred:

Traceback (most recent call last):
  File "/tmp/yobogo_joint_limit_diag.py", line 23, in <module>
    env=gym.make(TASK_ID, cfg=env_cfg)
  File "/home/pma213x/.venvs/minicheetah-isaaclab/lib/python3.10/site-packages/gymnasium/envs/registration.py", line 734, in make
    env = env_creator(**env_spec_kwargs)
  File "/home/pma213x/IsaacLab/source/isaaclab/isaaclab/envs/manager_based_rl_env.py", line 76, in __init__
    super().__init__(cfg=cfg)
  File "/home/pma213x/IsaacLab/source/isaaclab/isaaclab/envs/manager_based_env.py", line 147, in __init__
    self.load_managers()
  File "/home/pma213x/IsaacLab/source/isaaclab/isaaclab/envs/manager_based_rl_env.py", line 116, in load_managers
    super().load_managers()
  File "/home/pma213x/IsaacLab/source/isaaclab/isaaclab/envs/manager_based_env.py", line 235, in load_managers
    self.event_manager = EventManager(self.cfg.events, self)
  File "/home/pma213x/IsaacLab/source/isaaclab/isaaclab/managers/event_manager.py", line 71, in __init__
    super().__init__(cfg, env)
  File "/home/pma213x/IsaacLab/source/isaaclab/isaaclab/managers/manager_base.py", line 131, in __init__
    self._prepare_terms()
  File "/home/pma213x/IsaacLab/source/isaaclab/isaaclab/managers/event_manager.py", line 353, in _prepare_terms
    self._resolve_common_term_cfg(term_name, term_cfg, min_argc=2)
  File "/home/pma213x/IsaacLab/source/isaaclab/isaaclab/managers/manager_base.py", line 257, in _resolve_common_term_cfg
    raise ValueError(f"Error while parsing '{term_name}:{key}'. {e}")
ValueError: Error while parsing 'base_external_force_torque:asset_cfg'. Not all regular expressions are matched! Please check that the regular expressions are correct: 
	base: []
Available strings: ['base_link', 'leg0_hip_link', 'leg1_hip_link', 'leg2_hip_link', 'leg3_hip_link', 'leg0_thigh_link', 'leg1_thigh_link', 'leg2_thigh_link', 'leg3_thigh_link', 'leg0_shank_link', 'leg1_shank_link', 'leg2_shank_link', 'leg3_shank_link', 'leg0_foot_link', 'leg1_foot_link', 'leg2_foot_link', 'leg3_foot_link']

2026-10-07 12:57:52 [8,447ms] [Warning] [omni.fabric.plugin] gFabricState->gUsdStageToSimStageWithHistoryMap had 1 outstanding SimStageWithHistory(s) at shutdown
2026-10-07 12:57:52 [8,511ms] [Warning] [carb] Recursive unloadAllPlugins() detected!
