Cannot connect to Webots instance, retrying for another 50 seconds...
RL_CONTROLLER_CONNECTED host=127.0.0.1 port=11452 worker_id=0 robot_name=mini_cheetah_0 timestep=4 contract=official_mini_cheetah_flat_jump_v1_r3
RL_CONTROLLER_ERROR RuntimeError: RL_RESET_TECHNICAL_FAILURE rsi_stage_a: posture=2.831505
Traceback (most recent call last):
  File "/run/media/pma213x/0C6A8CC86A8CAFCE/Ubuntu2/CodeU/Dog1/official-mini-cheetah/controllers/rl_agent/./rl_agent.py", line 1316, in main
    return controller.tcp_loop()
           ~~~~~~~~~~~~~~~~~~~^^
  File "/run/media/pma213x/0C6A8CC86A8CAFCE/Ubuntu2/CodeU/Dog1/official-mini-cheetah/controllers/rl_agent/./rl_agent.py", line 1154, in tcp_loop
    self.reset_robot(
    ~~~~~~~~~~~~~~~~^
        message.get("randomization", {}),
        ^^^^^^^^^^^^^^^^^^^^^^^^^^^^^^^^^
        reset_style=str(message.get("reset_style", "settle")),
        ^^^^^^^^^^^^^^^^^^^^^^^^^^^^^^^^^^^^^^^^^^^^^^^^^^^^^^
        perturbation=message.get("perturbation"),
        ^^^^^^^^^^^^^^^^^^^^^^^^^^^^^^^^^^^^^^^^^
    )
    ^
  File "/run/media/pma213x/0C6A8CC86A8CAFCE/Ubuntu2/CodeU/Dog1/official-mini-cheetah/controllers/rl_agent/./rl_agent.py", line 721, in reset_robot
    self._hold_rsi_stage(
    ~~~~~~~~~~~~~~~~~~~~^
        rsi_targets,
        ^^^^^^^^^^^^
    ...<2 lines>...
        check_height=False,
        ^^^^^^^^^^^^^^^^^^^
    )
    ^
  File "/run/media/pma213x/0C6A8CC86A8CAFCE/Ubuntu2/CodeU/Dog1/official-mini-cheetah/controllers/rl_agent/./rl_agent.py", line 676, in _hold_rsi_stage
    self._validate_rsi_state(
    ~~~~~~~~~~~~~~~~~~~~~~~~^
        targets,
        ^^^^^^^^
        stage=stage,
        ^^^^^^^^^^^^
        check_height=check_height,
        ^^^^^^^^^^^^^^^^^^^^^^^^^^
    )
    ^
  File "/run/media/pma213x/0C6A8CC86A8CAFCE/Ubuntu2/CodeU/Dog1/official-mini-cheetah/controllers/rl_agent/./rl_agent.py", line 649, in _validate_rsi_state
    raise RuntimeError(
    ...<2 lines>...
    )
RuntimeError: RL_RESET_TECHNICAL_FAILURE rsi_stage_a: posture=2.831505
