START 2026-10-07T16:47:28+08:00
Obtaining file:///home/pma213x/IsaacLab/source/isaaclab_rl
  Installing build dependencies: started
  Installing build dependencies: finished with status 'done'
  Checking if build backend supports build_editable: started
  Checking if build backend supports build_editable: finished with status 'done'
  Getting requirements to build editable: started
  Getting requirements to build editable: finished with status 'done'
  Preparing editable metadata (pyproject.toml): started
  Preparing editable metadata (pyproject.toml): finished with status 'done'
Requirement already satisfied: numpy in /home/pma213x/.venvs/minicheetah-isaaclab/lib/python3.10/site-packages (from isaaclab_rl==0.1.0) (1.26.4)
Requirement already satisfied: torch==2.5.1 in /home/pma213x/.venvs/minicheetah-isaaclab/lib/python3.10/site-packages (from isaaclab_rl==0.1.0) (2.5.1+cu121)
Requirement already satisfied: torchvision>=0.14.1 in /home/pma213x/.venvs/minicheetah-isaaclab/lib/python3.10/site-packages (from isaaclab_rl==0.1.0) (0.20.1)
Requirement already satisfied: protobuf<5.0.0,>=3.20.2 in /home/pma213x/.venvs/minicheetah-isaaclab/lib/python3.10/site-packages (from isaaclab_rl==0.1.0) (3.20.3)
Requirement already satisfied: hydra-core in /home/pma213x/.venvs/minicheetah-isaaclab/lib/python3.10/site-packages (from isaaclab_rl==0.1.0) (1.3.7)
Requirement already satisfied: h5py in /home/pma213x/.venvs/minicheetah-isaaclab/lib/python3.10/site-packages (from isaaclab_rl==0.1.0) (3.16.0)
Requirement already satisfied: tensorboard in /home/pma213x/.venvs/minicheetah-isaaclab/lib/python3.10/site-packages (from isaaclab_rl==0.1.0) (2.20.0)
Requirement already satisfied: moviepy in /home/pma213x/.venvs/minicheetah-isaaclab/lib/python3.10/site-packages (from isaaclab_rl==0.1.0) (2.2.1)
Requirement already satisfied: pillow==11.0.0 in /home/pma213x/.venvs/minicheetah-isaaclab/lib/python3.10/site-packages (from isaaclab_rl==0.1.0) (11.0.0)
Collecting stable-baselines3>=2.1 (from isaaclab_rl==0.1.0)
  Using cached stable_baselines3-2.9.0-py3-none-any.whl.metadata (5.0 kB)
Requirement already satisfied: rl-games==1.6.1 in /home/pma213x/.venvs/minicheetah-isaaclab/lib/python3.10/site-packages (from isaaclab_rl==0.1.0) (1.6.1)
Requirement already satisfied: rsl-rl-lib>=2.1.1 in /home/pma213x/.venvs/minicheetah-isaaclab/lib/python3.10/site-packages (from isaaclab_rl==0.1.0) (2.3.3)
Requirement already satisfied: gym in /home/pma213x/.venvs/minicheetah-isaaclab/lib/python3.10/site-packages (from isaaclab_rl==0.1.0) (0.23.1)
Collecting skrl>=1.4.1 (from isaaclab_rl==0.1.0)
  Downloading skrl-2.1.0-py3-none-any.whl.metadata (5.5 kB)
Requirement already satisfied: PyYAML<7.0,>=6.0 in /home/pma213x/.venvs/minicheetah-isaaclab/lib/python3.10/site-packages (from rl-games==1.6.1->isaaclab_rl==0.1.0) (6.0.3)
Requirement already satisfied: opencv-python<5.0.0,>=4.5.5 in /home/pma213x/.venvs/minicheetah-isaaclab/lib/python3.10/site-packages (from rl-games==1.6.1->isaaclab_rl==0.1.0) (4.11.0.86)
Requirement already satisfied: psutil<6.0.0,>=5.9.0 in /home/pma213x/.venvs/minicheetah-isaaclab/lib/python3.10/site-packages (from rl-games==1.6.1->isaaclab_rl==0.1.0) (5.9.8)
Requirement already satisfied: setproctitle<2.0.0,>=1.2.2 in /home/pma213x/.venvs/minicheetah-isaaclab/lib/python3.10/site-packages (from rl-games==1.6.1->isaaclab_rl==0.1.0) (1.3.8)
Requirement already satisfied: tensorboardX<3.0,>=2.5 in /home/pma213x/.venvs/minicheetah-isaaclab/lib/python3.10/site-packages (from rl-games==1.6.1->isaaclab_rl==0.1.0) (2.6.5)
Requirement already satisfied: wandb<0.13.0,>=0.12.11 in /home/pma213x/.venvs/minicheetah-isaaclab/lib/python3.10/site-packages (from rl-games==1.6.1->isaaclab_rl==0.1.0) (0.12.21)
Requirement already satisfied: filelock in /home/pma213x/.venvs/minicheetah-isaaclab/lib/python3.10/site-packages (from torch==2.5.1->isaaclab_rl==0.1.0) (4.0.12)
Requirement already satisfied: typing-extensions>=4.8.0 in /home/pma213x/.venvs/minicheetah-isaaclab/lib/python3.10/site-packages (from torch==2.5.1->isaaclab_rl==0.1.0) (4.16.0)
Requirement already satisfied: networkx in /home/pma213x/.venvs/minicheetah-isaaclab/lib/python3.10/site-packages (from torch==2.5.1->isaaclab_rl==0.1.0) (3.4.2)
Requirement already satisfied: jinja2 in /home/pma213x/.venvs/minicheetah-isaaclab/lib/python3.10/site-packages (from torch==2.5.1->isaaclab_rl==0.1.0) (3.1.6)
Requirement already satisfied: fsspec in /home/pma213x/.venvs/minicheetah-isaaclab/lib/python3.10/site-packages (from torch==2.5.1->isaaclab_rl==0.1.0) (2026.9.0)
Requirement already satisfied: nvidia-cuda-nvrtc-cu12==12.1.105 in /home/pma213x/.venvs/minicheetah-isaaclab/lib/python3.10/site-packages (from torch==2.5.1->isaaclab_rl==0.1.0) (12.1.105)
Requirement already satisfied: nvidia-cuda-runtime-cu12==12.1.105 in /home/pma213x/.venvs/minicheetah-isaaclab/lib/python3.10/site-packages (from torch==2.5.1->isaaclab_rl==0.1.0) (12.1.105)
Requirement already satisfied: nvidia-cuda-cupti-cu12==12.1.105 in /home/pma213x/.venvs/minicheetah-isaaclab/lib/python3.10/site-packages (from torch==2.5.1->isaaclab_rl==0.1.0) (12.1.105)
Requirement already satisfied: nvidia-cudnn-cu12==9.1.0.70 in /home/pma213x/.venvs/minicheetah-isaaclab/lib/python3.10/site-packages (from torch==2.5.1->isaaclab_rl==0.1.0) (9.1.0.70)
Requirement already satisfied: nvidia-cublas-cu12==12.1.3.1 in /home/pma213x/.venvs/minicheetah-isaaclab/lib/python3.10/site-packages (from torch==2.5.1->isaaclab_rl==0.1.0) (12.1.3.1)
Requirement already satisfied: nvidia-cufft-cu12==11.0.2.54 in /home/pma213x/.venvs/minicheetah-isaaclab/lib/python3.10/site-packages (from torch==2.5.1->isaaclab_rl==0.1.0) (11.0.2.54)
Requirement already satisfied: nvidia-curand-cu12==10.3.2.106 in /home/pma213x/.venvs/minicheetah-isaaclab/lib/python3.10/site-packages (from torch==2.5.1->isaaclab_rl==0.1.0) (10.3.2.106)
Requirement already satisfied: nvidia-cusolver-cu12==11.4.5.107 in /home/pma213x/.venvs/minicheetah-isaaclab/lib/python3.10/site-packages (from torch==2.5.1->isaaclab_rl==0.1.0) (11.4.5.107)
Requirement already satisfied: nvidia-cusparse-cu12==12.1.0.106 in /home/pma213x/.venvs/minicheetah-isaaclab/lib/python3.10/site-packages (from torch==2.5.1->isaaclab_rl==0.1.0) (12.1.0.106)
Requirement already satisfied: nvidia-nccl-cu12==2.21.5 in /home/pma213x/.venvs/minicheetah-isaaclab/lib/python3.10/site-packages (from torch==2.5.1->isaaclab_rl==0.1.0) (2.21.5)
Requirement already satisfied: nvidia-nvtx-cu12==12.1.105 in /home/pma213x/.venvs/minicheetah-isaaclab/lib/python3.10/site-packages (from torch==2.5.1->isaaclab_rl==0.1.0) (12.1.105)
Requirement already satisfied: triton==3.1.0 in /home/pma213x/.venvs/minicheetah-isaaclab/lib/python3.10/site-packages (from torch==2.5.1->isaaclab_rl==0.1.0) (3.1.0)
Requirement already satisfied: sympy==1.13.1 in /home/pma213x/.venvs/minicheetah-isaaclab/lib/python3.10/site-packages (from torch==2.5.1->isaaclab_rl==0.1.0) (1.13.1)
Requirement already satisfied: nvidia-nvjitlink-cu12 in /home/pma213x/.venvs/minicheetah-isaaclab/lib/python3.10/site-packages (from nvidia-cusolver-cu12==11.4.5.107->torch==2.5.1->isaaclab_rl==0.1.0) (12.9.86)
Requirement already satisfied: mpmath<1.4,>=1.1.0 in /home/pma213x/.venvs/minicheetah-isaaclab/lib/python3.10/site-packages (from sympy==1.13.1->torch==2.5.1->isaaclab_rl==0.1.0) (1.3.0)
Requirement already satisfied: cloudpickle>=1.2.0 in /home/pma213x/.venvs/minicheetah-isaaclab/lib/python3.10/site-packages (from gym->isaaclab_rl==0.1.0) (3.1.2)
Requirement already satisfied: gym_notices>=0.0.4 in /home/pma213x/.venvs/minicheetah-isaaclab/lib/python3.10/site-packages (from gym->isaaclab_rl==0.1.0) (0.1.0)
Requirement already satisfied: pygame==2.1.0 in /home/pma213x/.venvs/minicheetah-isaaclab/lib/python3.10/site-packages (from gym[classic-control]<0.24.0,>=0.23.0->rl-games==1.6.1->isaaclab_rl==0.1.0) (2.1.0)
Requirement already satisfied: absl-py>=0.4 in /home/pma213x/.venvs/minicheetah-isaaclab/lib/python3.10/site-packages (from tensorboard->isaaclab_rl==0.1.0) (2.5.0)
Requirement already satisfied: grpcio>=1.48.2 in /home/pma213x/.venvs/minicheetah-isaaclab/lib/python3.10/site-packages (from tensorboard->isaaclab_rl==0.1.0) (1.84.0)
Requirement already satisfied: markdown>=2.6.8 in /home/pma213x/.venvs/minicheetah-isaaclab/lib/python3.10/site-packages (from tensorboard->isaaclab_rl==0.1.0) (3.10.3)
Requirement already satisfied: packaging in /home/pma213x/.venvs/minicheetah-isaaclab/lib/python3.10/site-packages (from tensorboard->isaaclab_rl==0.1.0) (26.3)
Requirement already satisfied: setuptools>=41.0.0 in /home/pma213x/.venvs/minicheetah-isaaclab/lib/python3.10/site-packages (from tensorboard->isaaclab_rl==0.1.0) (84.0.0)
Requirement already satisfied: tensorboard-data-server<0.8.0,>=0.7.0 in /home/pma213x/.venvs/minicheetah-isaaclab/lib/python3.10/site-packages (from tensorboard->isaaclab_rl==0.1.0) (0.7.2)
Requirement already satisfied: werkzeug>=1.0.1 in /home/pma213x/.venvs/minicheetah-isaaclab/lib/python3.10/site-packages (from tensorboard->isaaclab_rl==0.1.0) (3.1.9)
Requirement already satisfied: Click!=8.0.0,>=7.0 in /home/pma213x/.venvs/minicheetah-isaaclab/lib/python3.10/site-packages (from wandb<0.13.0,>=0.12.11->rl-games==1.6.1->isaaclab_rl==0.1.0) (8.5.0)
Requirement already satisfied: GitPython>=1.0.0 in /home/pma213x/.venvs/minicheetah-isaaclab/lib/python3.10/site-packages (from wandb<0.13.0,>=0.12.11->rl-games==1.6.1->isaaclab_rl==0.1.0) (3.2.0)
Requirement already satisfied: requests<3,>=2.0.0 in /home/pma213x/.venvs/minicheetah-isaaclab/lib/python3.10/site-packages (from wandb<0.13.0,>=0.12.11->rl-games==1.6.1->isaaclab_rl==0.1.0) (2.34.2)
Requirement already satisfied: promise<3,>=2.0 in /home/pma213x/.venvs/minicheetah-isaaclab/lib/python3.10/site-packages (from wandb<0.13.0,>=0.12.11->rl-games==1.6.1->isaaclab_rl==0.1.0) (2.3)
Requirement already satisfied: shortuuid>=0.5.0 in /home/pma213x/.venvs/minicheetah-isaaclab/lib/python3.10/site-packages (from wandb<0.13.0,>=0.12.11->rl-games==1.6.1->isaaclab_rl==0.1.0) (1.0.13)
Requirement already satisfied: sentry-sdk>=1.0.0 in /home/pma213x/.venvs/minicheetah-isaaclab/lib/python3.10/site-packages (from wandb<0.13.0,>=0.12.11->rl-games==1.6.1->isaaclab_rl==0.1.0) (2.71.0)
Requirement already satisfied: six>=1.13.0 in /home/pma213x/.venvs/minicheetah-isaaclab/lib/python3.10/site-packages (from wandb<0.13.0,>=0.12.11->rl-games==1.6.1->isaaclab_rl==0.1.0) (1.17.0)
Requirement already satisfied: docker-pycreds>=0.4.0 in /home/pma213x/.venvs/minicheetah-isaaclab/lib/python3.10/site-packages (from wandb<0.13.0,>=0.12.11->rl-games==1.6.1->isaaclab_rl==0.1.0) (0.4.0)
Requirement already satisfied: pathtools in /home/pma213x/.venvs/minicheetah-isaaclab/lib/python3.10/site-packages (from wandb<0.13.0,>=0.12.11->rl-games==1.6.1->isaaclab_rl==0.1.0) (0.1.2)
Requirement already satisfied: charset_normalizer<4,>=2 in /home/pma213x/.venvs/minicheetah-isaaclab/lib/python3.10/site-packages (from requests<3,>=2.0.0->wandb<0.13.0,>=0.12.11->rl-games==1.6.1->isaaclab_rl==0.1.0) (3.5.2)
Requirement already satisfied: idna<4,>=2.5 in /home/pma213x/.venvs/minicheetah-isaaclab/lib/python3.10/site-packages (from requests<3,>=2.0.0->wandb<0.13.0,>=0.12.11->rl-games==1.6.1->isaaclab_rl==0.1.0) (3.20)
Requirement already satisfied: urllib3<3,>=1.26 in /home/pma213x/.venvs/minicheetah-isaaclab/lib/python3.10/site-packages (from requests<3,>=2.0.0->wandb<0.13.0,>=0.12.11->rl-games==1.6.1->isaaclab_rl==0.1.0) (2.8.0)
Requirement already satisfied: certifi>=2023.5.7 in /home/pma213x/.venvs/minicheetah-isaaclab/lib/python3.10/site-packages (from requests<3,>=2.0.0->wandb<0.13.0,>=0.12.11->rl-games==1.6.1->isaaclab_rl==0.1.0) (2026.7.22)
Requirement already satisfied: gitdb<5,>=4.0.1 in /home/pma213x/.venvs/minicheetah-isaaclab/lib/python3.10/site-packages (from GitPython>=1.0.0->wandb<0.13.0,>=0.12.11->rl-games==1.6.1->isaaclab_rl==0.1.0) (4.0.12)
Requirement already satisfied: smmap<6,>=3.0.1 in /home/pma213x/.venvs/minicheetah-isaaclab/lib/python3.10/site-packages (from gitdb<5,>=4.0.1->GitPython>=1.0.0->wandb<0.13.0,>=0.12.11->rl-games==1.6.1->isaaclab_rl==0.1.0) (5.0.3)
Requirement already satisfied: onnx in /home/pma213x/.venvs/minicheetah-isaaclab/lib/python3.10/site-packages (from rsl-rl-lib>=2.1.1->isaaclab_rl==0.1.0) (1.16.1)
Requirement already satisfied: gymnasium in /home/pma213x/.venvs/minicheetah-isaaclab/lib/python3.10/site-packages (from skrl>=1.4.1->isaaclab_rl==0.1.0) (1.4.0)
Requirement already satisfied: tqdm in /home/pma213x/.venvs/minicheetah-isaaclab/lib/python3.10/site-packages (from skrl>=1.4.1->isaaclab_rl==0.1.0) (4.70.1)
INFO: pip is looking at multiple versions of stable-baselines3 to determine which version is compatible with other requirements. This could take a while.
Collecting stable-baselines3>=2.1 (from isaaclab_rl==0.1.0)
  Downloading stable_baselines3-2.8.0-py3-none-any.whl.metadata (4.9 kB)
Collecting gymnasium (from skrl>=1.4.1->isaaclab_rl==0.1.0)
  Downloading gymnasium-1.2.3-py3-none-any.whl.metadata (10 kB)
Collecting pandas (from stable-baselines3>=2.1->isaaclab_rl==0.1.0)
  Downloading pandas-2.3.3-cp310-cp310-manylinux_2_24_x86_64.manylinux_2_28_x86_64.whl.metadata (91 kB)
Requirement already satisfied: matplotlib in /home/pma213x/.venvs/minicheetah-isaaclab/lib/python3.10/site-packages (from stable-baselines3>=2.1->isaaclab_rl==0.1.0) (3.10.9)
Requirement already satisfied: farama-notifications>=0.0.1 in /home/pma213x/.venvs/minicheetah-isaaclab/lib/python3.10/site-packages (from gymnasium->skrl>=1.4.1->isaaclab_rl==0.1.0) (0.0.6)
Requirement already satisfied: markupsafe>=2.1.1 in /home/pma213x/.venvs/minicheetah-isaaclab/lib/python3.10/site-packages (from werkzeug>=1.0.1->tensorboard->isaaclab_rl==0.1.0) (3.0.4)
Requirement already satisfied: omegaconf<2.4,>=2.2 in /home/pma213x/.venvs/minicheetah-isaaclab/lib/python3.10/site-packages (from hydra-core->isaaclab_rl==0.1.0) (2.3.1)
Requirement already satisfied: antlr4-python3-runtime==4.9.* in /home/pma213x/.venvs/minicheetah-isaaclab/lib/python3.10/site-packages (from hydra-core->isaaclab_rl==0.1.0) (4.9.3)
Requirement already satisfied: contourpy>=1.0.1 in /home/pma213x/.venvs/minicheetah-isaaclab/lib/python3.10/site-packages (from matplotlib->stable-baselines3>=2.1->isaaclab_rl==0.1.0) (1.3.2)
Requirement already satisfied: cycler>=0.10 in /home/pma213x/.venvs/minicheetah-isaaclab/lib/python3.10/site-packages (from matplotlib->stable-baselines3>=2.1->isaaclab_rl==0.1.0) (0.12.1)
Requirement already satisfied: fonttools>=4.22.0 in /home/pma213x/.venvs/minicheetah-isaaclab/lib/python3.10/site-packages (from matplotlib->stable-baselines3>=2.1->isaaclab_rl==0.1.0) (4.65.0)
Requirement already satisfied: kiwisolver>=1.3.1 in /home/pma213x/.venvs/minicheetah-isaaclab/lib/python3.10/site-packages (from matplotlib->stable-baselines3>=2.1->isaaclab_rl==0.1.0) (1.5.1)
Requirement already satisfied: pyparsing>=3 in /home/pma213x/.venvs/minicheetah-isaaclab/lib/python3.10/site-packages (from matplotlib->stable-baselines3>=2.1->isaaclab_rl==0.1.0) (3.3.3)
Requirement already satisfied: python-dateutil>=2.7 in /home/pma213x/.venvs/minicheetah-isaaclab/lib/python3.10/site-packages (from matplotlib->stable-baselines3>=2.1->isaaclab_rl==0.1.0) (2.9.0.post0)
Requirement already satisfied: decorator<6.0,>=4.0.2 in /home/pma213x/.venvs/minicheetah-isaaclab/lib/python3.10/site-packages (from moviepy->isaaclab_rl==0.1.0) (5.3.1)
Requirement already satisfied: imageio<3.0,>=2.5 in /home/pma213x/.venvs/minicheetah-isaaclab/lib/python3.10/site-packages (from moviepy->isaaclab_rl==0.1.0) (2.38.0)
Requirement already satisfied: imageio_ffmpeg>=0.2.0 in /home/pma213x/.venvs/minicheetah-isaaclab/lib/python3.10/site-packages (from moviepy->isaaclab_rl==0.1.0) (0.6.0)
Requirement already satisfied: proglog<=1.0.0 in /home/pma213x/.venvs/minicheetah-isaaclab/lib/python3.10/site-packages (from moviepy->isaaclab_rl==0.1.0) (0.1.12)
Requirement already satisfied: python-dotenv>=0.10 in /home/pma213x/.venvs/minicheetah-isaaclab/lib/python3.10/site-packages (from moviepy->isaaclab_rl==0.1.0) (1.2.4)
Collecting pytz>=2020.1 (from pandas->stable-baselines3>=2.1->isaaclab_rl==0.1.0)
  Downloading pytz-2026.5-py2.py3-none-any.whl.metadata (22 kB)
Collecting tzdata>=2022.7 (from pandas->stable-baselines3>=2.1->isaaclab_rl==0.1.0)
  Downloading tzdata-2026.5-py2.py3-none-any.whl.metadata (1.4 kB)
Downloading skrl-2.1.0-py3-none-any.whl (458 kB)
Downloading stable_baselines3-2.8.0-py3-none-any.whl (187 kB)
Downloading gymnasium-1.2.3-py3-none-any.whl (952 kB)
Downloading pandas-2.3.3-cp310-cp310-manylinux_2_24_x86_64.manylinux_2_28_x86_64.whl (12.8 MB)
Downloading pytz-2026.5-py2.py3-none-any.whl (506 kB)
Downloading tzdata-2026.5-py2.py3-none-any.whl (347 kB)
Building wheels for collected packages: isaaclab_rl
  Building editable for isaaclab_rl (pyproject.toml): started
  Building editable for isaaclab_rl (pyproject.toml): finished with status 'done'
  Created wheel for isaaclab_rl: filename=isaaclab_rl-0.1.0-0.editable-py3-none-any.whl size=3449 sha256=e936f699e6c89e44ec6a8fdddbd1bd73bf199dd670444d97dec05f2fb0aa43a5
  Stored in directory: /home/pma213x/.cache/tmp/pip-ephem-wheel-cache-pp8tqzm6/wheels/b0/1e/2a/8ececa1f05000029ab767746001ca0839bf7ea824029fb455d
Successfully built isaaclab_rl
Installing collected packages: pytz, tzdata, gymnasium, pandas, skrl, stable-baselines3, isaaclab_rl
  Attempting uninstall: gymnasium
    Found existing installation: gymnasium 1.4.0
    Uninstalling gymnasium-1.4.0:
      Successfully uninstalled gymnasium-1.4.0
  Attempting uninstall: isaaclab_rl
    Found existing installation: isaaclab_rl 0.1.0
    Uninstalling isaaclab_rl-0.1.0:
      Successfully uninstalled isaaclab_rl-0.1.0
Successfully installed gymnasium-1.2.3 isaaclab_rl-0.1.0 pandas-2.3.3 pytz-2026.5 skrl-2.1.0 stable-baselines3-2.8.0 tzdata-2026.5
EXIT 0
END 2026-10-07T16:47:55+08:00
