START 2026-10-07T16:44:12+08:00
Obtaining file:///home/pma213x/IsaacLab/source/isaaclab_rl
  Installing build dependencies: started
  Installing build dependencies: finished with status 'done'
  Checking if build backend supports build_editable: started
  Checking if build backend supports build_editable: finished with status 'done'
  Getting requirements to build editable: started
  Getting requirements to build editable: finished with status 'done'
  Preparing editable metadata (pyproject.toml): started
  Preparing editable metadata (pyproject.toml): finished with status 'done'
Requirement already satisfied: numpy in /home/pma213x/.venvs/minicheetah-isaaclab/lib/python3.10/site-packages (from isaaclab_rl==0.1.0) (1.26.4)
Requirement already satisfied: torch==2.5.1 in /home/pma213x/.venvs/minicheetah-isaaclab/lib/python3.10/site-packages (from isaaclab_rl==0.1.0) (2.5.1+cu121)
Requirement already satisfied: torchvision>=0.14.1 in /home/pma213x/.venvs/minicheetah-isaaclab/lib/python3.10/site-packages (from isaaclab_rl==0.1.0) (0.20.1)
Requirement already satisfied: protobuf<5.0.0,>=3.20.2 in /home/pma213x/.venvs/minicheetah-isaaclab/lib/python3.10/site-packages (from isaaclab_rl==0.1.0) (4.25.9)
Requirement already satisfied: hydra-core in /home/pma213x/.venvs/minicheetah-isaaclab/lib/python3.10/site-packages (from isaaclab_rl==0.1.0) (1.3.7)
Requirement already satisfied: h5py in /home/pma213x/.venvs/minicheetah-isaaclab/lib/python3.10/site-packages (from isaaclab_rl==0.1.0) (3.16.0)
Requirement already satisfied: tensorboard in /home/pma213x/.venvs/minicheetah-isaaclab/lib/python3.10/site-packages (from isaaclab_rl==0.1.0) (2.20.0)
Requirement already satisfied: moviepy in /home/pma213x/.venvs/minicheetah-isaaclab/lib/python3.10/site-packages (from isaaclab_rl==0.1.0) (2.2.1)
Requirement already satisfied: pillow==11.0.0 in /home/pma213x/.venvs/minicheetah-isaaclab/lib/python3.10/site-packages (from isaaclab_rl==0.1.0) (11.0.0)
Collecting rl-games==1.6.1 (from isaaclab_rl==0.1.0)
  Downloading rl-games-1.6.1.tar.gz (14.6 MB)
  Installing build dependencies: started
  Installing build dependencies: finished with status 'done'
  Getting requirements to build wheel: started
  Getting requirements to build wheel: finished with status 'done'
  Preparing metadata (pyproject.toml): started
  Preparing metadata (pyproject.toml): finished with status 'done'
Collecting gym (from isaaclab_rl==0.1.0)
  Downloading gym-0.26.2.tar.gz (721 kB)
  Installing build dependencies: started
  Installing build dependencies: finished with status 'done'
  Getting requirements to build wheel: started
  Getting requirements to build wheel: finished with status 'done'
  Preparing metadata (pyproject.toml): started
  Preparing metadata (pyproject.toml): finished with status 'done'
Requirement already satisfied: PyYAML<7.0,>=6.0 in /home/pma213x/.venvs/minicheetah-isaaclab/lib/python3.10/site-packages (from rl-games==1.6.1->isaaclab_rl==0.1.0) (6.0.3)
  Downloading gym-0.23.1.tar.gz (626 kB)
  Installing build dependencies: started
  Installing build dependencies: finished with status 'done'
  Getting requirements to build wheel: started
  Getting requirements to build wheel: finished with status 'done'
  Preparing metadata (pyproject.toml): started
  Preparing metadata (pyproject.toml): finished with status 'done'
Requirement already satisfied: opencv-python<5.0.0,>=4.5.5 in /home/pma213x/.venvs/minicheetah-isaaclab/lib/python3.10/site-packages (from rl-games==1.6.1->isaaclab_rl==0.1.0) (4.11.0.86)
Collecting psutil<6.0.0,>=5.9.0 (from rl-games==1.6.1->isaaclab_rl==0.1.0)
  Downloading psutil-5.9.8-cp36-abi3-manylinux_2_12_x86_64.manylinux2010_x86_64.manylinux_2_17_x86_64.manylinux2014_x86_64.whl.metadata (21 kB)
Collecting setproctitle<2.0.0,>=1.2.2 (from rl-games==1.6.1->isaaclab_rl==0.1.0)
  Downloading setproctitle-1.3.8-cp310-cp310-manylinux1_x86_64.manylinux_2_28_x86_64.manylinux_2_5_x86_64.whl.metadata (10 kB)
Collecting tensorboardX<3.0,>=2.5 (from rl-games==1.6.1->isaaclab_rl==0.1.0)
  Downloading tensorboardx-2.6.5-py3-none-any.whl.metadata (6.6 kB)
Collecting wandb<0.13.0,>=0.12.11 (from rl-games==1.6.1->isaaclab_rl==0.1.0)
  Downloading wandb-0.12.21-py2.py3-none-any.whl.metadata (7.2 kB)
Requirement already satisfied: filelock in /home/pma213x/.venvs/minicheetah-isaaclab/lib/python3.10/site-packages (from torch==2.5.1->isaaclab_rl==0.1.0) (4.0.12)
Requirement already satisfied: typing-extensions>=4.8.0 in /home/pma213x/.venvs/minicheetah-isaaclab/lib/python3.10/site-packages (from torch==2.5.1->isaaclab_rl==0.1.0) (4.16.0)
Requirement already satisfied: networkx in /home/pma213x/.venvs/minicheetah-isaaclab/lib/python3.10/site-packages (from torch==2.5.1->isaaclab_rl==0.1.0) (3.4.2)
Requirement already satisfied: jinja2 in /home/pma213x/.venvs/minicheetah-isaaclab/lib/python3.10/site-packages (from torch==2.5.1->isaaclab_rl==0.1.0) (3.1.6)
Requirement already satisfied: fsspec in /home/pma213x/.venvs/minicheetah-isaaclab/lib/python3.10/site-packages (from torch==2.5.1->isaaclab_rl==0.1.0) (2026.9.0)
Requirement already satisfied: nvidia-cuda-nvrtc-cu12==12.1.105 in /home/pma213x/.venvs/minicheetah-isaaclab/lib/python3.10/site-packages (from torch==2.5.1->isaaclab_rl==0.1.0) (12.1.105)
Requirement already satisfied: nvidia-cuda-runtime-cu12==12.1.105 in /home/pma213x/.venvs/minicheetah-isaaclab/lib/python3.10/site-packages (from torch==2.5.1->isaaclab_rl==0.1.0) (12.1.105)
Requirement already satisfied: nvidia-cuda-cupti-cu12==12.1.105 in /home/pma213x/.venvs/minicheetah-isaaclab/lib/python3.10/site-packages (from torch==2.5.1->isaaclab_rl==0.1.0) (12.1.105)
Requirement already satisfied: nvidia-cudnn-cu12==9.1.0.70 in /home/pma213x/.venvs/minicheetah-isaaclab/lib/python3.10/site-packages (from torch==2.5.1->isaaclab_rl==0.1.0) (9.1.0.70)
Requirement already satisfied: nvidia-cublas-cu12==12.1.3.1 in /home/pma213x/.venvs/minicheetah-isaaclab/lib/python3.10/site-packages (from torch==2.5.1->isaaclab_rl==0.1.0) (12.1.3.1)
Requirement already satisfied: nvidia-cufft-cu12==11.0.2.54 in /home/pma213x/.venvs/minicheetah-isaaclab/lib/python3.10/site-packages (from torch==2.5.1->isaaclab_rl==0.1.0) (11.0.2.54)
Requirement already satisfied: nvidia-curand-cu12==10.3.2.106 in /home/pma213x/.venvs/minicheetah-isaaclab/lib/python3.10/site-packages (from torch==2.5.1->isaaclab_rl==0.1.0) (10.3.2.106)
Requirement already satisfied: nvidia-cusolver-cu12==11.4.5.107 in /home/pma213x/.venvs/minicheetah-isaaclab/lib/python3.10/site-packages (from torch==2.5.1->isaaclab_rl==0.1.0) (11.4.5.107)
Requirement already satisfied: nvidia-cusparse-cu12==12.1.0.106 in /home/pma213x/.venvs/minicheetah-isaaclab/lib/python3.10/site-packages (from torch==2.5.1->isaaclab_rl==0.1.0) (12.1.0.106)
Requirement already satisfied: nvidia-nccl-cu12==2.21.5 in /home/pma213x/.venvs/minicheetah-isaaclab/lib/python3.10/site-packages (from torch==2.5.1->isaaclab_rl==0.1.0) (2.21.5)
Requirement already satisfied: nvidia-nvtx-cu12==12.1.105 in /home/pma213x/.venvs/minicheetah-isaaclab/lib/python3.10/site-packages (from torch==2.5.1->isaaclab_rl==0.1.0) (12.1.105)
Requirement already satisfied: triton==3.1.0 in /home/pma213x/.venvs/minicheetah-isaaclab/lib/python3.10/site-packages (from torch==2.5.1->isaaclab_rl==0.1.0) (3.1.0)
Requirement already satisfied: sympy==1.13.1 in /home/pma213x/.venvs/minicheetah-isaaclab/lib/python3.10/site-packages (from torch==2.5.1->isaaclab_rl==0.1.0) (1.13.1)
Requirement already satisfied: nvidia-nvjitlink-cu12 in /home/pma213x/.venvs/minicheetah-isaaclab/lib/python3.10/site-packages (from nvidia-cusolver-cu12==11.4.5.107->torch==2.5.1->isaaclab_rl==0.1.0) (12.9.86)
Requirement already satisfied: mpmath<1.4,>=1.1.0 in /home/pma213x/.venvs/minicheetah-isaaclab/lib/python3.10/site-packages (from sympy==1.13.1->torch==2.5.1->isaaclab_rl==0.1.0) (1.3.0)
Requirement already satisfied: cloudpickle>=1.2.0 in /home/pma213x/.venvs/minicheetah-isaaclab/lib/python3.10/site-packages (from gym->isaaclab_rl==0.1.0) (3.1.2)
Collecting gym_notices>=0.0.4 (from gym->isaaclab_rl==0.1.0)
  Downloading gym_notices-0.1.0-py3-none-any.whl.metadata (1.2 kB)
Collecting pygame==2.1.0 (from gym[classic-control]<0.24.0,>=0.23.0->rl-games==1.6.1->isaaclab_rl==0.1.0)
  Downloading pygame-2.1.0-cp310-cp310-manylinux_2_17_x86_64.manylinux2014_x86_64.whl.metadata (9.5 kB)
Requirement already satisfied: absl-py>=0.4 in /home/pma213x/.venvs/minicheetah-isaaclab/lib/python3.10/site-packages (from tensorboard->isaaclab_rl==0.1.0) (2.5.0)
Requirement already satisfied: grpcio>=1.48.2 in /home/pma213x/.venvs/minicheetah-isaaclab/lib/python3.10/site-packages (from tensorboard->isaaclab_rl==0.1.0) (1.84.0)
Requirement already satisfied: markdown>=2.6.8 in /home/pma213x/.venvs/minicheetah-isaaclab/lib/python3.10/site-packages (from tensorboard->isaaclab_rl==0.1.0) (3.10.3)
Requirement already satisfied: packaging in /home/pma213x/.venvs/minicheetah-isaaclab/lib/python3.10/site-packages (from tensorboard->isaaclab_rl==0.1.0) (26.3)
Requirement already satisfied: setuptools>=41.0.0 in /home/pma213x/.venvs/minicheetah-isaaclab/lib/python3.10/site-packages (from tensorboard->isaaclab_rl==0.1.0) (84.0.0)
Requirement already satisfied: tensorboard-data-server<0.8.0,>=0.7.0 in /home/pma213x/.venvs/minicheetah-isaaclab/lib/python3.10/site-packages (from tensorboard->isaaclab_rl==0.1.0) (0.7.2)
Requirement already satisfied: werkzeug>=1.0.1 in /home/pma213x/.venvs/minicheetah-isaaclab/lib/python3.10/site-packages (from tensorboard->isaaclab_rl==0.1.0) (3.1.9)
Requirement already satisfied: Click!=8.0.0,>=7.0 in /home/pma213x/.venvs/minicheetah-isaaclab/lib/python3.10/site-packages (from wandb<0.13.0,>=0.12.11->rl-games==1.6.1->isaaclab_rl==0.1.0) (8.5.0)
Requirement already satisfied: GitPython>=1.0.0 in /home/pma213x/.venvs/minicheetah-isaaclab/lib/python3.10/site-packages (from wandb<0.13.0,>=0.12.11->rl-games==1.6.1->isaaclab_rl==0.1.0) (3.2.0)
Collecting requests<3,>=2.0.0 (from wandb<0.13.0,>=0.12.11->rl-games==1.6.1->isaaclab_rl==0.1.0)
  Downloading requests-2.34.2-py3-none-any.whl.metadata (4.8 kB)
Collecting promise<3,>=2.0 (from wandb<0.13.0,>=0.12.11->rl-games==1.6.1->isaaclab_rl==0.1.0)
  Downloading promise-2.3.tar.gz (19 kB)
  Installing build dependencies: started
  Installing build dependencies: finished with status 'done'
  Getting requirements to build wheel: started
  Getting requirements to build wheel: finished with status 'done'
  Preparing metadata (pyproject.toml): started
  Preparing metadata (pyproject.toml): finished with status 'done'
Collecting shortuuid>=0.5.0 (from wandb<0.13.0,>=0.12.11->rl-games==1.6.1->isaaclab_rl==0.1.0)
  Downloading shortuuid-1.0.13-py3-none-any.whl.metadata (5.8 kB)
Collecting sentry-sdk>=1.0.0 (from wandb<0.13.0,>=0.12.11->rl-games==1.6.1->isaaclab_rl==0.1.0)
  Downloading sentry_sdk-2.71.0-py3-none-any.whl.metadata (11 kB)
Requirement already satisfied: six>=1.13.0 in /home/pma213x/.venvs/minicheetah-isaaclab/lib/python3.10/site-packages (from wandb<0.13.0,>=0.12.11->rl-games==1.6.1->isaaclab_rl==0.1.0) (1.17.0)
Collecting docker-pycreds>=0.4.0 (from wandb<0.13.0,>=0.12.11->rl-games==1.6.1->isaaclab_rl==0.1.0)
  Downloading docker_pycreds-0.4.0-py2.py3-none-any.whl.metadata (1.8 kB)
Collecting protobuf<5.0.0,>=3.20.2 (from isaaclab_rl==0.1.0)
  Downloading protobuf-3.20.3-cp310-cp310-manylinux_2_12_x86_64.manylinux2010_x86_64.whl.metadata (679 bytes)
Collecting pathtools (from wandb<0.13.0,>=0.12.11->rl-games==1.6.1->isaaclab_rl==0.1.0)
  Downloading pathtools-0.1.2.tar.gz (11 kB)
  Installing build dependencies: started
  Installing build dependencies: finished with status 'done'
  Getting requirements to build wheel: started
  Getting requirements to build wheel: finished with status 'done'
  Preparing metadata (pyproject.toml): started
  Preparing metadata (pyproject.toml): finished with status 'done'
Collecting charset_normalizer<4,>=2 (from requests<3,>=2.0.0->wandb<0.13.0,>=0.12.11->rl-games==1.6.1->isaaclab_rl==0.1.0)
  Downloading charset_normalizer-3.5.2-cp310-cp310-manylinux2014_x86_64.manylinux_2_17_x86_64.manylinux_2_28_x86_64.whl.metadata (46 kB)
Requirement already satisfied: idna<4,>=2.5 in /home/pma213x/.venvs/minicheetah-isaaclab/lib/python3.10/site-packages (from requests<3,>=2.0.0->wandb<0.13.0,>=0.12.11->rl-games==1.6.1->isaaclab_rl==0.1.0) (3.20)
Requirement already satisfied: urllib3<3,>=1.26 in /home/pma213x/.venvs/minicheetah-isaaclab/lib/python3.10/site-packages (from requests<3,>=2.0.0->wandb<0.13.0,>=0.12.11->rl-games==1.6.1->isaaclab_rl==0.1.0) (2.8.0)
Requirement already satisfied: certifi>=2023.5.7 in /home/pma213x/.venvs/minicheetah-isaaclab/lib/python3.10/site-packages (from requests<3,>=2.0.0->wandb<0.13.0,>=0.12.11->rl-games==1.6.1->isaaclab_rl==0.1.0) (2026.7.22)
Requirement already satisfied: gitdb<5,>=4.0.1 in /home/pma213x/.venvs/minicheetah-isaaclab/lib/python3.10/site-packages (from GitPython>=1.0.0->wandb<0.13.0,>=0.12.11->rl-games==1.6.1->isaaclab_rl==0.1.0) (4.0.12)
Requirement already satisfied: smmap<6,>=3.0.1 in /home/pma213x/.venvs/minicheetah-isaaclab/lib/python3.10/site-packages (from gitdb<5,>=4.0.1->GitPython>=1.0.0->wandb<0.13.0,>=0.12.11->rl-games==1.6.1->isaaclab_rl==0.1.0) (5.0.3)
Requirement already satisfied: markupsafe>=2.1.1 in /home/pma213x/.venvs/minicheetah-isaaclab/lib/python3.10/site-packages (from werkzeug>=1.0.1->tensorboard->isaaclab_rl==0.1.0) (3.0.4)
Requirement already satisfied: omegaconf<2.4,>=2.2 in /home/pma213x/.venvs/minicheetah-isaaclab/lib/python3.10/site-packages (from hydra-core->isaaclab_rl==0.1.0) (2.3.1)
Requirement already satisfied: antlr4-python3-runtime==4.9.* in /home/pma213x/.venvs/minicheetah-isaaclab/lib/python3.10/site-packages (from hydra-core->isaaclab_rl==0.1.0) (4.9.3)
Requirement already satisfied: decorator<6.0,>=4.0.2 in /home/pma213x/.venvs/minicheetah-isaaclab/lib/python3.10/site-packages (from moviepy->isaaclab_rl==0.1.0) (5.3.1)
Requirement already satisfied: imageio<3.0,>=2.5 in /home/pma213x/.venvs/minicheetah-isaaclab/lib/python3.10/site-packages (from moviepy->isaaclab_rl==0.1.0) (2.38.0)
Requirement already satisfied: imageio_ffmpeg>=0.2.0 in /home/pma213x/.venvs/minicheetah-isaaclab/lib/python3.10/site-packages (from moviepy->isaaclab_rl==0.1.0) (0.6.0)
Requirement already satisfied: proglog<=1.0.0 in /home/pma213x/.venvs/minicheetah-isaaclab/lib/python3.10/site-packages (from moviepy->isaaclab_rl==0.1.0) (0.1.12)
Requirement already satisfied: python-dotenv>=0.10 in /home/pma213x/.venvs/minicheetah-isaaclab/lib/python3.10/site-packages (from moviepy->isaaclab_rl==0.1.0) (1.2.4)
Requirement already satisfied: tqdm in /home/pma213x/.venvs/minicheetah-isaaclab/lib/python3.10/site-packages (from proglog<=1.0.0->moviepy->isaaclab_rl==0.1.0) (4.70.1)
Downloading pygame-2.1.0-cp310-cp310-manylinux_2_17_x86_64.manylinux2014_x86_64.whl (18.3 MB)
Downloading psutil-5.9.8-cp36-abi3-manylinux_2_12_x86_64.manylinux2010_x86_64.manylinux_2_17_x86_64.manylinux2014_x86_64.whl (288 kB)
Downloading setproctitle-1.3.8-cp310-cp310-manylinux1_x86_64.manylinux_2_28_x86_64.manylinux_2_5_x86_64.whl (31 kB)
Downloading tensorboardx-2.6.5-py3-none-any.whl (87 kB)
Downloading wandb-0.12.21-py2.py3-none-any.whl (1.8 MB)
Downloading protobuf-3.20.3-cp310-cp310-manylinux_2_12_x86_64.manylinux2010_x86_64.whl (1.1 MB)
Downloading requests-2.34.2-py3-none-any.whl (73 kB)
Downloading charset_normalizer-3.5.2-cp310-cp310-manylinux2014_x86_64.manylinux_2_17_x86_64.manylinux_2_28_x86_64.whl (271 kB)
Downloading docker_pycreds-0.4.0-py2.py3-none-any.whl (9.0 kB)
Downloading gym_notices-0.1.0-py3-none-any.whl (3.3 kB)
Downloading sentry_sdk-2.71.0-py3-none-any.whl (534 kB)
Downloading shortuuid-1.0.13-py3-none-any.whl (10 kB)
Building wheels for collected packages: isaaclab_rl, rl-games, gym, promise, pathtools
  Building editable for isaaclab_rl (pyproject.toml): started
  Building editable for isaaclab_rl (pyproject.toml): finished with status 'done'
  Created wheel for isaaclab_rl: filename=isaaclab_rl-0.1.0-0.editable-py3-none-any.whl size=3447 sha256=7f1e8e7592128055a14cc61ad77c03f0ddd313a40cebac0f03a711b150ff2e35
  Stored in directory: /home/pma213x/.cache/tmp/pip-ephem-wheel-cache-8f3c2yn2/wheels/b0/1e/2a/8ececa1f05000029ab767746001ca0839bf7ea824029fb455d
  Building wheel for rl-games (pyproject.toml): started
  Building wheel for rl-games (pyproject.toml): finished with status 'done'
  Created wheel for rl-games: filename=rl_games-1.6.1-py3-none-any.whl size=205722 sha256=2cd2ad268102376298dc01b4f6a13e537a88f0ac6b4e82458fc69a86f8afabde
  Stored in directory: /home/pma213x/.cache/pip/wheels/94/c6/4c/deb33c8044a4360ae3c37d8803cd7157a2fa70ffc6bde3d765
  Building wheel for gym (pyproject.toml): started
  Building wheel for gym (pyproject.toml): finished with status 'done'
  Created wheel for gym: filename=gym-0.23.1-py3-none-any.whl size=701457 sha256=4807124eeae7b9841a2f8525cfd6b5fe909392872863520254326408e12449ce
  Stored in directory: /home/pma213x/.cache/pip/wheels/1a/00/fb/fe5cf2860fb9b7bc860e28f00095a1f42c7b726dd6f42d1acc
  Building wheel for promise (pyproject.toml): started
  Building wheel for promise (pyproject.toml): finished with status 'done'
  Created wheel for promise: filename=promise-2.3-py3-none-any.whl size=21582 sha256=c80051c456d6992a63393cd9bef60599f470512273bfb2fac26688702318f397
  Stored in directory: /home/pma213x/.cache/pip/wheels/54/4e/28/3ed0e1c8a752867445bab994d2340724928aa3ab059c57c8db
  Building wheel for pathtools (pyproject.toml): started
  Building wheel for pathtools (pyproject.toml): finished with status 'done'
  Created wheel for pathtools: filename=pathtools-0.1.2-py3-none-any.whl size=8885 sha256=80ef6e572fdc273ca2bf7b45fc1d394f80c990a8ff024ef488a1fee74e1634a9
  Stored in directory: /home/pma213x/.cache/pip/wheels/e7/f3/22/152153d6eb222ee7a56ff8617d80ee5207207a8c00a7aab794
Successfully built isaaclab_rl rl-games gym promise pathtools
Installing collected packages: pathtools, gym_notices, shortuuid, setproctitle, sentry-sdk, pygame, psutil, protobuf, promise, gym, docker-pycreds, charset_normalizer, tensorboardX, requests, wandb, rl-games, isaaclab_rl
  Attempting uninstall: psutil
    Found existing installation: psutil 7.2.2
    Uninstalling psutil-7.2.2:
      Successfully uninstalled psutil-7.2.2
  Attempting uninstall: protobuf
    Found existing installation: protobuf 4.25.9
    Uninstalling protobuf-4.25.9:
      Successfully uninstalled protobuf-4.25.9
  Attempting uninstall: isaaclab_rl
    Found existing installation: isaaclab_rl 0.1.0
    Uninstalling isaaclab_rl-0.1.0:
      Successfully uninstalled isaaclab_rl-0.1.0
Successfully installed charset_normalizer-3.5.2 docker-pycreds-0.4.0 gym-0.23.1 gym_notices-0.1.0 isaaclab_rl-0.1.0 pathtools-0.1.2 promise-2.3 protobuf-3.20.3 psutil-5.9.8 pygame-2.1.0 requests-2.34.2 rl-games-1.6.1 sentry-sdk-2.71.0 setproctitle-1.3.8 shortuuid-1.0.13 tensorboardX-2.6.5 wandb-0.12.21
EXIT 0
END 2026-10-07T16:45:00+08:00
