START 2026-10-07T16:37:19+08:00
[3gH    H    H    H    H    H    H    H    H    H    H    H    H    H    H    H    H    H    H    H   [INFO] Installing extensions inside the Isaac Lab repository...
	 module: /home/pma213x/IsaacLab/source/isaaclab_tasks
Obtaining file:///home/pma213x/IsaacLab/source/isaaclab_tasks
  Installing build dependencies: started
  Installing build dependencies: finished with status 'done'
  Checking if build backend supports build_editable: started
  Checking if build backend supports build_editable: finished with status 'done'
  Getting requirements to build editable: started
  Getting requirements to build editable: finished with status 'done'
  Preparing editable metadata (pyproject.toml): started
  Preparing editable metadata (pyproject.toml): finished with status 'done'
Requirement already satisfied: numpy in /home/pma213x/.venvs/minicheetah-isaaclab/lib/python3.10/site-packages (from isaaclab_tasks==0.10.24) (1.26.4)
Requirement already satisfied: torch==2.5.1 in /home/pma213x/.venvs/minicheetah-isaaclab/lib/python3.10/site-packages (from isaaclab_tasks==0.10.24) (2.5.1+cu121)
Collecting torchvision>=0.14.1 (from isaaclab_tasks==0.10.24)
  Downloading torchvision-0.29.1-cp310-cp310-manylinux_2_28_x86_64.whl.metadata (5.7 kB)
Collecting protobuf<5.0.0,>=3.20.2 (from isaaclab_tasks==0.10.24)
  Downloading protobuf-4.25.9-cp37-abi3-manylinux2014_x86_64.whl.metadata (541 bytes)
Collecting tensorboard (from isaaclab_tasks==0.10.24)
  Using cached tensorboard-2.21.0-py3-none-any.whl.metadata (1.8 kB)
Requirement already satisfied: filelock in /home/pma213x/.venvs/minicheetah-isaaclab/lib/python3.10/site-packages (from torch==2.5.1->isaaclab_tasks==0.10.24) (4.0.12)
Requirement already satisfied: typing-extensions>=4.8.0 in /home/pma213x/.venvs/minicheetah-isaaclab/lib/python3.10/site-packages (from torch==2.5.1->isaaclab_tasks==0.10.24) (4.16.0)
Requirement already satisfied: networkx in /home/pma213x/.venvs/minicheetah-isaaclab/lib/python3.10/site-packages (from torch==2.5.1->isaaclab_tasks==0.10.24) (3.4.2)
Requirement already satisfied: jinja2 in /home/pma213x/.venvs/minicheetah-isaaclab/lib/python3.10/site-packages (from torch==2.5.1->isaaclab_tasks==0.10.24) (3.1.6)
Requirement already satisfied: fsspec in /home/pma213x/.venvs/minicheetah-isaaclab/lib/python3.10/site-packages (from torch==2.5.1->isaaclab_tasks==0.10.24) (2026.9.0)
Requirement already satisfied: nvidia-cuda-nvrtc-cu12==12.1.105 in /home/pma213x/.venvs/minicheetah-isaaclab/lib/python3.10/site-packages (from torch==2.5.1->isaaclab_tasks==0.10.24) (12.1.105)
Requirement already satisfied: nvidia-cuda-runtime-cu12==12.1.105 in /home/pma213x/.venvs/minicheetah-isaaclab/lib/python3.10/site-packages (from torch==2.5.1->isaaclab_tasks==0.10.24) (12.1.105)
Requirement already satisfied: nvidia-cuda-cupti-cu12==12.1.105 in /home/pma213x/.venvs/minicheetah-isaaclab/lib/python3.10/site-packages (from torch==2.5.1->isaaclab_tasks==0.10.24) (12.1.105)
Requirement already satisfied: nvidia-cudnn-cu12==9.1.0.70 in /home/pma213x/.venvs/minicheetah-isaaclab/lib/python3.10/site-packages (from torch==2.5.1->isaaclab_tasks==0.10.24) (9.1.0.70)
Requirement already satisfied: nvidia-cublas-cu12==12.1.3.1 in /home/pma213x/.venvs/minicheetah-isaaclab/lib/python3.10/site-packages (from torch==2.5.1->isaaclab_tasks==0.10.24) (12.1.3.1)
Requirement already satisfied: nvidia-cufft-cu12==11.0.2.54 in /home/pma213x/.venvs/minicheetah-isaaclab/lib/python3.10/site-packages (from torch==2.5.1->isaaclab_tasks==0.10.24) (11.0.2.54)
Requirement already satisfied: nvidia-curand-cu12==10.3.2.106 in /home/pma213x/.venvs/minicheetah-isaaclab/lib/python3.10/site-packages (from torch==2.5.1->isaaclab_tasks==0.10.24) (10.3.2.106)
Requirement already satisfied: nvidia-cusolver-cu12==11.4.5.107 in /home/pma213x/.venvs/minicheetah-isaaclab/lib/python3.10/site-packages (from torch==2.5.1->isaaclab_tasks==0.10.24) (11.4.5.107)
Requirement already satisfied: nvidia-cusparse-cu12==12.1.0.106 in /home/pma213x/.venvs/minicheetah-isaaclab/lib/python3.10/site-packages (from torch==2.5.1->isaaclab_tasks==0.10.24) (12.1.0.106)
Requirement already satisfied: nvidia-nccl-cu12==2.21.5 in /home/pma213x/.venvs/minicheetah-isaaclab/lib/python3.10/site-packages (from torch==2.5.1->isaaclab_tasks==0.10.24) (2.21.5)
Requirement already satisfied: nvidia-nvtx-cu12==12.1.105 in /home/pma213x/.venvs/minicheetah-isaaclab/lib/python3.10/site-packages (from torch==2.5.1->isaaclab_tasks==0.10.24) (12.1.105)
Requirement already satisfied: triton==3.1.0 in /home/pma213x/.venvs/minicheetah-isaaclab/lib/python3.10/site-packages (from torch==2.5.1->isaaclab_tasks==0.10.24) (3.1.0)
Requirement already satisfied: sympy==1.13.1 in /home/pma213x/.venvs/minicheetah-isaaclab/lib/python3.10/site-packages (from torch==2.5.1->isaaclab_tasks==0.10.24) (1.13.1)
Requirement already satisfied: nvidia-nvjitlink-cu12 in /home/pma213x/.venvs/minicheetah-isaaclab/lib/python3.10/site-packages (from nvidia-cusolver-cu12==11.4.5.107->torch==2.5.1->isaaclab_tasks==0.10.24) (12.9.86)
Requirement already satisfied: mpmath<1.4,>=1.1.0 in /home/pma213x/.venvs/minicheetah-isaaclab/lib/python3.10/site-packages (from sympy==1.13.1->torch==2.5.1->isaaclab_tasks==0.10.24) (1.3.0)
INFO: pip is looking at multiple versions of torchvision to determine which version is compatible with other requirements. This could take a while.
Collecting torchvision>=0.14.1 (from isaaclab_tasks==0.10.24)
  Downloading torchvision-0.29.0-cp310-cp310-manylinux_2_28_x86_64.whl.metadata (5.7 kB)
  Downloading torchvision-0.28.0-cp310-cp310-manylinux_2_28_x86_64.whl.metadata (5.6 kB)
  Downloading torchvision-0.27.1-cp310-cp310-manylinux_2_28_x86_64.whl.metadata (5.5 kB)
  Downloading torchvision-0.27.0-cp310-cp310-manylinux_2_28_x86_64.whl.metadata (5.5 kB)
  Downloading torchvision-0.26.0-cp310-cp310-manylinux_2_28_x86_64.whl.metadata (5.5 kB)
  Downloading torchvision-0.25.0-cp310-cp310-manylinux_2_28_x86_64.whl.metadata (5.4 kB)
  Downloading torchvision-0.24.1-cp310-cp310-manylinux_2_28_x86_64.whl.metadata (5.9 kB)
INFO: pip is still looking at multiple versions of torchvision to determine which version is compatible with other requirements. This could take a while.
  Downloading torchvision-0.24.0-cp310-cp310-manylinux_2_28_x86_64.whl.metadata (5.9 kB)
  Downloading torchvision-0.23.0-cp310-cp310-manylinux_2_28_x86_64.whl.metadata (6.1 kB)
  Downloading torchvision-0.22.1-cp310-cp310-manylinux_2_28_x86_64.whl.metadata (6.1 kB)
  Downloading torchvision-0.22.0-cp310-cp310-manylinux_2_28_x86_64.whl.metadata (6.1 kB)
  Downloading torchvision-0.21.0-cp310-cp310-manylinux1_x86_64.whl.metadata (6.1 kB)
INFO: This is taking longer than usual. You might need to provide the dependency resolver with stricter constraints to reduce runtime. See https://pip.pypa.io/warnings/backtracking for guidance. If you want to abort this run, press Ctrl + C.
  Downloading torchvision-0.20.1-cp310-cp310-manylinux1_x86_64.whl.metadata (6.1 kB)
Requirement already satisfied: pillow!=8.3.*,>=5.3.0 in /home/pma213x/.venvs/minicheetah-isaaclab/lib/python3.10/site-packages (from torchvision>=0.14.1->isaaclab_tasks==0.10.24) (12.3.0)
Requirement already satisfied: MarkupSafe>=2.0 in /home/pma213x/.venvs/minicheetah-isaaclab/lib/python3.10/site-packages (from jinja2->torch==2.5.1->isaaclab_tasks==0.10.24) (3.0.4)
Collecting absl-py>=0.4 (from tensorboard->isaaclab_tasks==0.10.24)
  Using cached absl_py-2.5.0-py3-none-any.whl.metadata (3.3 kB)
Collecting grpcio<2.0,>=1.74.0 (from tensorboard->isaaclab_tasks==0.10.24)
  Downloading grpcio-1.84.0-cp310-cp310-manylinux2014_x86_64.manylinux_2_17_x86_64.whl.metadata (3.8 kB)
Collecting markdown>=2.6.8 (from tensorboard->isaaclab_tasks==0.10.24)
  Downloading markdown-3.10.3-py3-none-any.whl.metadata (5.1 kB)
Requirement already satisfied: packaging in /home/pma213x/.venvs/minicheetah-isaaclab/lib/python3.10/site-packages (from tensorboard->isaaclab_tasks==0.10.24) (26.3)
INFO: pip is looking at multiple versions of tensorboard to determine which version is compatible with other requirements. This could take a while.
Collecting tensorboard (from isaaclab_tasks==0.10.24)
  Downloading tensorboard-2.20.0-py3-none-any.whl.metadata (1.8 kB)
Requirement already satisfied: setuptools>=41.0.0 in /home/pma213x/.venvs/minicheetah-isaaclab/lib/python3.10/site-packages (from tensorboard->isaaclab_tasks==0.10.24) (84.0.0)
Collecting tensorboard-data-server<0.8.0,>=0.7.0 (from tensorboard->isaaclab_tasks==0.10.24)
  Using cached tensorboard_data_server-0.7.2-py3-none-manylinux_2_31_x86_64.whl.metadata (1.1 kB)
Collecting werkzeug>=1.0.1 (from tensorboard->isaaclab_tasks==0.10.24)
  Downloading werkzeug-3.1.9-py3-none-any.whl.metadata (4.1 kB)
Downloading protobuf-4.25.9-cp37-abi3-manylinux2014_x86_64.whl (295 kB)
Downloading torchvision-0.20.1-cp310-cp310-manylinux1_x86_64.whl (7.2 MB)
   ━━━━━━━━━━━━━━━━━━━━━━━━━━━━━━━━━━━━━━━━ 7.2/7.2 MB 498.9 kB/s  0:00:15
Downloading tensorboard-2.20.0-py3-none-any.whl (5.5 MB)
   ━━━━━━━━━━━━━━━━━━━━━━━━━━━━━━━━━━━━━━━━ 5.5/5.5 MB 1.4 MB/s  0:00:04
Using cached tensorboard_data_server-0.7.2-py3-none-manylinux_2_31_x86_64.whl (6.6 MB)
Using cached absl_py-2.5.0-py3-none-any.whl (137 kB)
Downloading grpcio-1.84.0-cp310-cp310-manylinux2014_x86_64.manylinux_2_17_x86_64.whl (7.2 MB)
   ━━━━━━━━━━━━━━━━━━━━━━━━━━━━━━━━━━━━━━━━ 7.2/7.2 MB 2.1 MB/s  0:00:03
Downloading markdown-3.10.3-py3-none-any.whl (110 kB)
Downloading werkzeug-3.1.9-py3-none-any.whl (228 kB)
Building wheels for collected packages: isaaclab_tasks
  Building editable for isaaclab_tasks (pyproject.toml): started
  Building editable for isaaclab_tasks (pyproject.toml): finished with status 'done'
  Created wheel for isaaclab_tasks: filename=isaaclab_tasks-0.10.24-0.editable-py3-none-any.whl size=3370 sha256=2739b0612ce8a51ad92721ada9939a569b2cd556baf9bf17bf2ae5b1de9cc64d
  Stored in directory: /home/pma213x/.cache/tmp/pip-ephem-wheel-cache-dbxc215y/wheels/27/d3/b8/90faf1803a3f63bb717722be05c7f9597505d3a2058c23a862
Successfully built isaaclab_tasks
Installing collected packages: werkzeug, tensorboard-data-server, protobuf, markdown, grpcio, absl-py, tensorboard, torchvision, isaaclab_tasks

Successfully installed absl-py-2.5.0 grpcio-1.84.0 isaaclab_tasks-0.10.24 markdown-3.10.3 protobuf-4.25.9 tensorboard-2.20.0 tensorboard-data-server-0.7.2 torchvision-0.20.1 werkzeug-3.1.9
	 module: /home/pma213x/IsaacLab/source/isaaclab_mimic
Obtaining file:///home/pma213x/IsaacLab/source/isaaclab_mimic
  Installing build dependencies: started
  Installing build dependencies: finished with status 'done'
  Checking if build backend supports build_editable: started
  Checking if build backend supports build_editable: finished with status 'done'
  Getting requirements to build editable: started
  Getting requirements to build editable: finished with status 'done'
  Preparing editable metadata (pyproject.toml): started
  Preparing editable metadata (pyproject.toml): finished with status 'done'
Collecting tomli (from isaaclab_mimic==1.0.2)
  Downloading tomli-2.4.1-py3-none-any.whl.metadata (10 kB)
Downloading tomli-2.4.1-py3-none-any.whl (14 kB)
Building wheels for collected packages: isaaclab_mimic
  Building editable for isaaclab_mimic (pyproject.toml): started
  Building editable for isaaclab_mimic (pyproject.toml): finished with status 'done'
  Created wheel for isaaclab_mimic: filename=isaaclab_mimic-1.0.2-0.editable-py3-none-any.whl size=3084 sha256=c5756c23de604d6dbe4adc03abf319aeffdb60a1e04430ba2940563a8c6be4f7
  Stored in directory: /home/pma213x/.cache/tmp/pip-ephem-wheel-cache-js_28c4o/wheels/52/7c/0d/18d379127936ee0772cfdb2ae56a4413e7cc0b42776abf02f6
Successfully built isaaclab_mimic
Installing collected packages: tomli, isaaclab_mimic

Successfully installed isaaclab_mimic-1.0.2 tomli-2.4.1
	 module: /home/pma213x/IsaacLab/source/isaaclab_rl
Obtaining file:///home/pma213x/IsaacLab/source/isaaclab_rl
  Installing build dependencies: started
  Installing build dependencies: finished with status 'done'
  Checking if build backend supports build_editable: started
  Checking if build backend supports build_editable: finished with status 'done'
  Getting requirements to build editable: started
  Getting requirements to build editable: finished with status 'done'
  Preparing editable metadata (pyproject.toml): started
  Preparing editable metadata (pyproject.toml): finished with status 'done'
Requirement already satisfied: numpy in /home/pma213x/.venvs/minicheetah-isaaclab/lib/python3.10/site-packages (from isaaclab_rl==0.1.0) (1.26.4)
Requirement already satisfied: torch==2.5.1 in /home/pma213x/.venvs/minicheetah-isaaclab/lib/python3.10/site-packages (from isaaclab_rl==0.1.0) (2.5.1+cu121)
Requirement already satisfied: torchvision>=0.14.1 in /home/pma213x/.venvs/minicheetah-isaaclab/lib/python3.10/site-packages (from isaaclab_rl==0.1.0) (0.20.1)
Requirement already satisfied: protobuf<5.0.0,>=3.20.2 in /home/pma213x/.venvs/minicheetah-isaaclab/lib/python3.10/site-packages (from isaaclab_rl==0.1.0) (4.25.9)
Collecting hydra-core (from isaaclab_rl==0.1.0)
  Downloading hydra_core-1.3.7-py3-none-any.whl.metadata (5.7 kB)
Collecting h5py (from isaaclab_rl==0.1.0)
  Downloading h5py-3.16.0-cp310-cp310-manylinux_2_28_x86_64.whl.metadata (3.0 kB)
Requirement already satisfied: tensorboard in /home/pma213x/.venvs/minicheetah-isaaclab/lib/python3.10/site-packages (from isaaclab_rl==0.1.0) (2.20.0)
Collecting moviepy (from isaaclab_rl==0.1.0)
  Downloading moviepy-2.2.1-py3-none-any.whl.metadata (6.9 kB)
Collecting pillow==11.0.0 (from isaaclab_rl==0.1.0)
  Downloading pillow-11.0.0-cp310-cp310-manylinux_2_28_x86_64.whl.metadata (9.1 kB)
Requirement already satisfied: filelock in /home/pma213x/.venvs/minicheetah-isaaclab/lib/python3.10/site-packages (from torch==2.5.1->isaaclab_rl==0.1.0) (4.0.12)
Requirement already satisfied: typing-extensions>=4.8.0 in /home/pma213x/.venvs/minicheetah-isaaclab/lib/python3.10/site-packages (from torch==2.5.1->isaaclab_rl==0.1.0) (4.16.0)
Requirement already satisfied: networkx in /home/pma213x/.venvs/minicheetah-isaaclab/lib/python3.10/site-packages (from torch==2.5.1->isaaclab_rl==0.1.0) (3.4.2)
Requirement already satisfied: jinja2 in /home/pma213x/.venvs/minicheetah-isaaclab/lib/python3.10/site-packages (from torch==2.5.1->isaaclab_rl==0.1.0) (3.1.6)
Requirement already satisfied: fsspec in /home/pma213x/.venvs/minicheetah-isaaclab/lib/python3.10/site-packages (from torch==2.5.1->isaaclab_rl==0.1.0) (2026.9.0)
Requirement already satisfied: nvidia-cuda-nvrtc-cu12==12.1.105 in /home/pma213x/.venvs/minicheetah-isaaclab/lib/python3.10/site-packages (from torch==2.5.1->isaaclab_rl==0.1.0) (12.1.105)
Requirement already satisfied: nvidia-cuda-runtime-cu12==12.1.105 in /home/pma213x/.venvs/minicheetah-isaaclab/lib/python3.10/site-packages (from torch==2.5.1->isaaclab_rl==0.1.0) (12.1.105)
Requirement already satisfied: nvidia-cuda-cupti-cu12==12.1.105 in /home/pma213x/.venvs/minicheetah-isaaclab/lib/python3.10/site-packages (from torch==2.5.1->isaaclab_rl==0.1.0) (12.1.105)
Requirement already satisfied: nvidia-cudnn-cu12==9.1.0.70 in /home/pma213x/.venvs/minicheetah-isaaclab/lib/python3.10/site-packages (from torch==2.5.1->isaaclab_rl==0.1.0) (9.1.0.70)
Requirement already satisfied: nvidia-cublas-cu12==12.1.3.1 in /home/pma213x/.venvs/minicheetah-isaaclab/lib/python3.10/site-packages (from torch==2.5.1->isaaclab_rl==0.1.0) (12.1.3.1)
Requirement already satisfied: nvidia-cufft-cu12==11.0.2.54 in /home/pma213x/.venvs/minicheetah-isaaclab/lib/python3.10/site-packages (from torch==2.5.1->isaaclab_rl==0.1.0) (11.0.2.54)
Requirement already satisfied: nvidia-curand-cu12==10.3.2.106 in /home/pma213x/.venvs/minicheetah-isaaclab/lib/python3.10/site-packages (from torch==2.5.1->isaaclab_rl==0.1.0) (10.3.2.106)
Requirement already satisfied: nvidia-cusolver-cu12==11.4.5.107 in /home/pma213x/.venvs/minicheetah-isaaclab/lib/python3.10/site-packages (from torch==2.5.1->isaaclab_rl==0.1.0) (11.4.5.107)
Requirement already satisfied: nvidia-cusparse-cu12==12.1.0.106 in /home/pma213x/.venvs/minicheetah-isaaclab/lib/python3.10/site-packages (from torch==2.5.1->isaaclab_rl==0.1.0) (12.1.0.106)
Requirement already satisfied: nvidia-nccl-cu12==2.21.5 in /home/pma213x/.venvs/minicheetah-isaaclab/lib/python3.10/site-packages (from torch==2.5.1->isaaclab_rl==0.1.0) (2.21.5)
Requirement already satisfied: nvidia-nvtx-cu12==12.1.105 in /home/pma213x/.venvs/minicheetah-isaaclab/lib/python3.10/site-packages (from torch==2.5.1->isaaclab_rl==0.1.0) (12.1.105)
Requirement already satisfied: triton==3.1.0 in /home/pma213x/.venvs/minicheetah-isaaclab/lib/python3.10/site-packages (from torch==2.5.1->isaaclab_rl==0.1.0) (3.1.0)
Requirement already satisfied: sympy==1.13.1 in /home/pma213x/.venvs/minicheetah-isaaclab/lib/python3.10/site-packages (from torch==2.5.1->isaaclab_rl==0.1.0) (1.13.1)
Requirement already satisfied: nvidia-nvjitlink-cu12 in /home/pma213x/.venvs/minicheetah-isaaclab/lib/python3.10/site-packages (from nvidia-cusolver-cu12==11.4.5.107->torch==2.5.1->isaaclab_rl==0.1.0) (12.9.86)
Requirement already satisfied: mpmath<1.4,>=1.1.0 in /home/pma213x/.venvs/minicheetah-isaaclab/lib/python3.10/site-packages (from sympy==1.13.1->torch==2.5.1->isaaclab_rl==0.1.0) (1.3.0)
Collecting omegaconf<2.4,>=2.2 (from hydra-core->isaaclab_rl==0.1.0)
  Downloading omegaconf-2.3.1-py3-none-any.whl.metadata (4.5 kB)
Collecting antlr4-python3-runtime==4.9.* (from hydra-core->isaaclab_rl==0.1.0)
  Downloading antlr4-python3-runtime-4.9.3.tar.gz (117 kB)
  Installing build dependencies: started
  Installing build dependencies: finished with status 'done'
  Getting requirements to build wheel: started
  Getting requirements to build wheel: finished with status 'done'
  Preparing metadata (pyproject.toml): started
  Preparing metadata (pyproject.toml): finished with status 'done'
Requirement already satisfied: packaging in /home/pma213x/.venvs/minicheetah-isaaclab/lib/python3.10/site-packages (from hydra-core->isaaclab_rl==0.1.0) (26.3)
Requirement already satisfied: PyYAML>=5.1.0 in /home/pma213x/.venvs/minicheetah-isaaclab/lib/python3.10/site-packages (from omegaconf<2.4,>=2.2->hydra-core->isaaclab_rl==0.1.0) (6.0.3)
Requirement already satisfied: MarkupSafe>=2.0 in /home/pma213x/.venvs/minicheetah-isaaclab/lib/python3.10/site-packages (from jinja2->torch==2.5.1->isaaclab_rl==0.1.0) (3.0.4)
Collecting decorator<6.0,>=4.0.2 (from moviepy->isaaclab_rl==0.1.0)
  Downloading decorator-5.3.1-py3-none-any.whl.metadata (3.9 kB)
Collecting imageio<3.0,>=2.5 (from moviepy->isaaclab_rl==0.1.0)
  Downloading imageio-2.38.0-py3-none-any.whl.metadata (9.7 kB)
Collecting imageio_ffmpeg>=0.2.0 (from moviepy->isaaclab_rl==0.1.0)
  Downloading imageio_ffmpeg-0.6.0-py3-none-manylinux2014_x86_64.whl.metadata (1.5 kB)
Collecting proglog<=1.0.0 (from moviepy->isaaclab_rl==0.1.0)
  Downloading proglog-0.1.12-py3-none-any.whl.metadata (794 bytes)
Collecting python-dotenv>=0.10 (from moviepy->isaaclab_rl==0.1.0)
  Downloading python_dotenv-1.2.4-py3-none-any.whl.metadata (29 kB)
Collecting tqdm (from proglog<=1.0.0->moviepy->isaaclab_rl==0.1.0)
  Downloading tqdm-4.70.1-py3-none-any.whl.metadata (57 kB)
Requirement already satisfied: absl-py>=0.4 in /home/pma213x/.venvs/minicheetah-isaaclab/lib/python3.10/site-packages (from tensorboard->isaaclab_rl==0.1.0) (2.5.0)
Requirement already satisfied: grpcio>=1.48.2 in /home/pma213x/.venvs/minicheetah-isaaclab/lib/python3.10/site-packages (from tensorboard->isaaclab_rl==0.1.0) (1.84.0)
Requirement already satisfied: markdown>=2.6.8 in /home/pma213x/.venvs/minicheetah-isaaclab/lib/python3.10/site-packages (from tensorboard->isaaclab_rl==0.1.0) (3.10.3)
Requirement already satisfied: setuptools>=41.0.0 in /home/pma213x/.venvs/minicheetah-isaaclab/lib/python3.10/site-packages (from tensorboard->isaaclab_rl==0.1.0) (84.0.0)
Requirement already satisfied: tensorboard-data-server<0.8.0,>=0.7.0 in /home/pma213x/.venvs/minicheetah-isaaclab/lib/python3.10/site-packages (from tensorboard->isaaclab_rl==0.1.0) (0.7.2)
Requirement already satisfied: werkzeug>=1.0.1 in /home/pma213x/.venvs/minicheetah-isaaclab/lib/python3.10/site-packages (from tensorboard->isaaclab_rl==0.1.0) (3.1.9)
Downloading pillow-11.0.0-cp310-cp310-manylinux_2_28_x86_64.whl (4.4 MB)
   ━━━━━━━━━━━━━━━━━━━━━━━━━━━━━━━━━━━━━━━━ 4.4/4.4 MB 679.8 kB/s  0:00:07
Downloading h5py-3.16.0-cp310-cp310-manylinux_2_28_x86_64.whl (5.1 MB)
   ━━━━━━━━━━━━━━━━━━━━━━━━━━━━━━━━━━━━━━━━ 5.1/5.1 MB 1.3 MB/s  0:00:04
Downloading hydra_core-1.3.7-py3-none-any.whl (168 kB)
Downloading omegaconf-2.3.1-py3-none-any.whl (79 kB)
Downloading moviepy-2.2.1-py3-none-any.whl (129 kB)
Downloading decorator-5.3.1-py3-none-any.whl (10 kB)
Downloading imageio-2.38.0-py3-none-any.whl (328 kB)
Downloading proglog-0.1.12-py3-none-any.whl (6.3 kB)
Downloading imageio_ffmpeg-0.6.0-py3-none-manylinux2014_x86_64.whl (29.5 MB)
   ━━━━━━━━━━━━━━━━━━━━━━━━━━━━━━━━━━━━━━━━ 29.5/29.5 MB 2.8 MB/s  0:00:10
Downloading python_dotenv-1.2.4-py3-none-any.whl (23 kB)
Downloading tqdm-4.70.1-py3-none-any.whl (80 kB)
Building wheels for collected packages: isaaclab_rl, antlr4-python3-runtime
  Building editable for isaaclab_rl (pyproject.toml): started
  Building editable for isaaclab_rl (pyproject.toml): finished with status 'done'
  Created wheel for isaaclab_rl: filename=isaaclab_rl-0.1.0-0.editable-py3-none-any.whl size=3447 sha256=779c05734b599afc8f005681020da11c289fb6682d8bed0f5c74e0e9648cec0b
  Stored in directory: /home/pma213x/.cache/tmp/pip-ephem-wheel-cache-8dk06mip/wheels/b0/1e/2a/8ececa1f05000029ab767746001ca0839bf7ea824029fb455d
  Building wheel for antlr4-python3-runtime (pyproject.toml): started
  Building wheel for antlr4-python3-runtime (pyproject.toml): finished with status 'done'
  Created wheel for antlr4-python3-runtime: filename=antlr4_python3_runtime-4.9.3-py3-none-any.whl size=144590 sha256=59b44e28bdf0b36be83b752bd7d1866ac9ef8a19689a6a1f84584af1de1f0b87
  Stored in directory: /home/pma213x/.cache/pip/wheels/12/93/dd/1f6a127edc45659556564c5730f6d4e300888f4bca2d4c5a88
Successfully built isaaclab_rl antlr4-python3-runtime
Installing collected packages: antlr4-python3-runtime, tqdm, python-dotenv, pillow, omegaconf, imageio_ffmpeg, h5py, decorator, proglog, imageio, hydra-core, moviepy, isaaclab_rl
  Attempting uninstall: pillow
    Found existing installation: pillow 12.3.0
    Uninstalling pillow-12.3.0:
      Successfully uninstalled pillow-12.3.0

Successfully installed antlr4-python3-runtime-4.9.3 decorator-5.3.1 h5py-3.16.0 hydra-core-1.3.7 imageio-2.38.0 imageio_ffmpeg-0.6.0 isaaclab_rl-0.1.0 moviepy-2.2.1 omegaconf-2.3.1 pillow-11.0.0 proglog-0.1.12 python-dotenv-1.2.4 tqdm-4.70.1
	 module: /home/pma213x/IsaacLab/source/isaaclab
Obtaining file:///home/pma213x/IsaacLab/source/isaaclab
  Installing build dependencies: started
  Installing build dependencies: finished with status 'done'
  Checking if build backend supports build_editable: started
  Checking if build backend supports build_editable: finished with status 'done'
  Getting requirements to build editable: started
  Getting requirements to build editable: finished with status 'done'
  Preparing editable metadata (pyproject.toml): started
  Preparing editable metadata (pyproject.toml): finished with status 'done'
Requirement already satisfied: numpy<2 in /home/pma213x/.venvs/minicheetah-isaaclab/lib/python3.10/site-packages (from isaaclab==0.34.9) (1.26.4)
Requirement already satisfied: torch==2.5.1 in /home/pma213x/.venvs/minicheetah-isaaclab/lib/python3.10/site-packages (from isaaclab==0.34.9) (2.5.1+cu121)
Collecting onnx==1.16.1 (from isaaclab==0.34.9)
  Downloading onnx-1.16.1-cp310-cp310-manylinux_2_17_x86_64.manylinux2014_x86_64.whl.metadata (16 kB)
Collecting prettytable==3.3.0 (from isaaclab==0.34.9)
  Downloading prettytable-3.3.0-py3-none-any.whl.metadata (24 kB)
Collecting toml (from isaaclab==0.34.9)
  Using cached toml-0.10.2-py2.py3-none-any.whl.metadata (7.1 kB)
Collecting hidapi==0.14.0.post2 (from isaaclab==0.34.9)
  Downloading hidapi-0.14.0.post2-cp310-cp310-manylinux_2_17_x86_64.manylinux2014_x86_64.whl.metadata (3.6 kB)
Requirement already satisfied: gymnasium in /home/pma213x/.venvs/minicheetah-isaaclab/lib/python3.10/site-packages (from isaaclab==0.34.9) (1.4.0)
Collecting trimesh (from isaaclab==0.34.9)
  Downloading trimesh-5.1.1-py3-none-any.whl.metadata (13 kB)
Collecting pyglet<2 (from isaaclab==0.34.9)
  Downloading pyglet-1.5.31-py3-none-any.whl.metadata (7.6 kB)
Collecting transformers (from isaaclab==0.34.9)
  Downloading transformers-5.19.0-py3-none-any.whl.metadata (32 kB)
Collecting einops (from isaaclab==0.34.9)
  Downloading einops-0.8.2-py3-none-any.whl.metadata (13 kB)
Collecting warp-lang (from isaaclab==0.34.9)
  Downloading warp_lang-1.18.0-py3-none-manylinux_2_28_x86_64.whl.metadata (26 kB)
Requirement already satisfied: pillow==11.0.0 in /home/pma213x/.venvs/minicheetah-isaaclab/lib/python3.10/site-packages (from isaaclab==0.34.9) (11.0.0)
Collecting starlette==0.46.0 (from isaaclab==0.34.9)
  Downloading starlette-0.46.0-py3-none-any.whl.metadata (6.2 kB)
Requirement already satisfied: setuptools>=19.0 in /home/pma213x/.venvs/minicheetah-isaaclab/lib/python3.10/site-packages (from hidapi==0.14.0.post2->isaaclab==0.34.9) (84.0.0)
Requirement already satisfied: protobuf>=3.20.2 in /home/pma213x/.venvs/minicheetah-isaaclab/lib/python3.10/site-packages (from onnx==1.16.1->isaaclab==0.34.9) (4.25.9)
Collecting wcwidth (from prettytable==3.3.0->isaaclab==0.34.9)
  Downloading wcwidth-0.9.2-cp310-abi3-manylinux2014_x86_64.manylinux_2_17_x86_64.whl.metadata (23 kB)
Collecting anyio<5,>=3.6.2 (from starlette==0.46.0->isaaclab==0.34.9)
  Downloading anyio-4.15.1-py3-none-any.whl.metadata (4.7 kB)
Requirement already satisfied: filelock in /home/pma213x/.venvs/minicheetah-isaaclab/lib/python3.10/site-packages (from torch==2.5.1->isaaclab==0.34.9) (4.0.12)
Requirement already satisfied: typing-extensions>=4.8.0 in /home/pma213x/.venvs/minicheetah-isaaclab/lib/python3.10/site-packages (from torch==2.5.1->isaaclab==0.34.9) (4.16.0)
Requirement already satisfied: networkx in /home/pma213x/.venvs/minicheetah-isaaclab/lib/python3.10/site-packages (from torch==2.5.1->isaaclab==0.34.9) (3.4.2)
Requirement already satisfied: jinja2 in /home/pma213x/.venvs/minicheetah-isaaclab/lib/python3.10/site-packages (from torch==2.5.1->isaaclab==0.34.9) (3.1.6)
Requirement already satisfied: fsspec in /home/pma213x/.venvs/minicheetah-isaaclab/lib/python3.10/site-packages (from torch==2.5.1->isaaclab==0.34.9) (2026.9.0)
Requirement already satisfied: nvidia-cuda-nvrtc-cu12==12.1.105 in /home/pma213x/.venvs/minicheetah-isaaclab/lib/python3.10/site-packages (from torch==2.5.1->isaaclab==0.34.9) (12.1.105)
Requirement already satisfied: nvidia-cuda-runtime-cu12==12.1.105 in /home/pma213x/.venvs/minicheetah-isaaclab/lib/python3.10/site-packages (from torch==2.5.1->isaaclab==0.34.9) (12.1.105)
Requirement already satisfied: nvidia-cuda-cupti-cu12==12.1.105 in /home/pma213x/.venvs/minicheetah-isaaclab/lib/python3.10/site-packages (from torch==2.5.1->isaaclab==0.34.9) (12.1.105)
Requirement already satisfied: nvidia-cudnn-cu12==9.1.0.70 in /home/pma213x/.venvs/minicheetah-isaaclab/lib/python3.10/site-packages (from torch==2.5.1->isaaclab==0.34.9) (9.1.0.70)
Requirement already satisfied: nvidia-cublas-cu12==12.1.3.1 in /home/pma213x/.venvs/minicheetah-isaaclab/lib/python3.10/site-packages (from torch==2.5.1->isaaclab==0.34.9) (12.1.3.1)
Requirement already satisfied: nvidia-cufft-cu12==11.0.2.54 in /home/pma213x/.venvs/minicheetah-isaaclab/lib/python3.10/site-packages (from torch==2.5.1->isaaclab==0.34.9) (11.0.2.54)
Requirement already satisfied: nvidia-curand-cu12==10.3.2.106 in /home/pma213x/.venvs/minicheetah-isaaclab/lib/python3.10/site-packages (from torch==2.5.1->isaaclab==0.34.9) (10.3.2.106)
Requirement already satisfied: nvidia-cusolver-cu12==11.4.5.107 in /home/pma213x/.venvs/minicheetah-isaaclab/lib/python3.10/site-packages (from torch==2.5.1->isaaclab==0.34.9) (11.4.5.107)
Requirement already satisfied: nvidia-cusparse-cu12==12.1.0.106 in /home/pma213x/.venvs/minicheetah-isaaclab/lib/python3.10/site-packages (from torch==2.5.1->isaaclab==0.34.9) (12.1.0.106)
Requirement already satisfied: nvidia-nccl-cu12==2.21.5 in /home/pma213x/.venvs/minicheetah-isaaclab/lib/python3.10/site-packages (from torch==2.5.1->isaaclab==0.34.9) (2.21.5)
Requirement already satisfied: nvidia-nvtx-cu12==12.1.105 in /home/pma213x/.venvs/minicheetah-isaaclab/lib/python3.10/site-packages (from torch==2.5.1->isaaclab==0.34.9) (12.1.105)
Requirement already satisfied: triton==3.1.0 in /home/pma213x/.venvs/minicheetah-isaaclab/lib/python3.10/site-packages (from torch==2.5.1->isaaclab==0.34.9) (3.1.0)
Requirement already satisfied: sympy==1.13.1 in /home/pma213x/.venvs/minicheetah-isaaclab/lib/python3.10/site-packages (from torch==2.5.1->isaaclab==0.34.9) (1.13.1)
Requirement already satisfied: nvidia-nvjitlink-cu12 in /home/pma213x/.venvs/minicheetah-isaaclab/lib/python3.10/site-packages (from nvidia-cusolver-cu12==11.4.5.107->torch==2.5.1->isaaclab==0.34.9) (12.9.86)
Requirement already satisfied: mpmath<1.4,>=1.1.0 in /home/pma213x/.venvs/minicheetah-isaaclab/lib/python3.10/site-packages (from sympy==1.13.1->torch==2.5.1->isaaclab==0.34.9) (1.3.0)
Collecting exceptiongroup>=1.0.2 (from anyio<5,>=3.6.2->starlette==0.46.0->isaaclab==0.34.9)
  Downloading exceptiongroup-1.3.1-py3-none-any.whl.metadata (6.7 kB)
Collecting idna>=2.8 (from anyio<5,>=3.6.2->starlette==0.46.0->isaaclab==0.34.9)
  Downloading idna-3.20-py3-none-any.whl.metadata (7.2 kB)
Requirement already satisfied: cloudpickle>=1.2.0 in /home/pma213x/.venvs/minicheetah-isaaclab/lib/python3.10/site-packages (from gymnasium->isaaclab==0.34.9) (3.1.2)
Requirement already satisfied: farama-notifications>=0.0.1 in /home/pma213x/.venvs/minicheetah-isaaclab/lib/python3.10/site-packages (from gymnasium->isaaclab==0.34.9) (0.0.6)
Requirement already satisfied: MarkupSafe>=2.0 in /home/pma213x/.venvs/minicheetah-isaaclab/lib/python3.10/site-packages (from jinja2->torch==2.5.1->isaaclab==0.34.9) (3.0.4)
Collecting huggingface-hub<3.0,>=1.31.0 (from transformers->isaaclab==0.34.9)
  Downloading huggingface_hub-2.1.1-py3-none-any.whl.metadata (16 kB)
Requirement already satisfied: packaging>=20.0 in /home/pma213x/.venvs/minicheetah-isaaclab/lib/python3.10/site-packages (from transformers->isaaclab==0.34.9) (26.3)
Requirement already satisfied: pyyaml>=5.1 in /home/pma213x/.venvs/minicheetah-isaaclab/lib/python3.10/site-packages (from transformers->isaaclab==0.34.9) (6.0.3)
Collecting regex>=2025.10.22 (from transformers->isaaclab==0.34.9)
  Downloading regex-2026.9.29-cp310-cp310-manylinux2014_x86_64.manylinux_2_17_x86_64.manylinux_2_28_x86_64.whl.metadata (40 kB)
Collecting tokenizers<0.24.0,>=0.23.1 (from transformers->isaaclab==0.34.9)
  Downloading tokenizers-0.23.2-cp310-abi3-manylinux_2_17_x86_64.manylinux2014_x86_64.whl.metadata (9.8 kB)
Collecting typer (from transformers->isaaclab==0.34.9)
  Downloading typer-0.27.3-py3-none-any.whl.metadata (16 kB)
Collecting safetensors>=0.8.0 (from transformers->isaaclab==0.34.9)
  Downloading safetensors-0.8.0-cp310-abi3-manylinux_2_17_x86_64.manylinux2014_x86_64.whl.metadata (4.2 kB)
Requirement already satisfied: tqdm>=4.60 in /home/pma213x/.venvs/minicheetah-isaaclab/lib/python3.10/site-packages (from transformers->isaaclab==0.34.9) (4.70.1)
Collecting click<9.0.0,>=8.4.2 (from huggingface-hub<3.0,>=1.31.0->transformers->isaaclab==0.34.9)
  Downloading click-8.5.0-py3-none-any.whl.metadata (2.6 kB)
Collecting hf-xet<2.0.0,>=1.6.0 (from huggingface-hub<3.0,>=1.31.0->transformers->isaaclab==0.34.9)
  Downloading hf_xet-1.7.0-cp38-abi3-manylinux2014_x86_64.manylinux_2_17_x86_64.whl.metadata (4.9 kB)
Collecting httpx2<3,>=2.0.0 (from huggingface-hub<3.0,>=1.31.0->transformers->isaaclab==0.34.9)
  Downloading httpx2-2.13.1-py3-none-any.whl.metadata (9.8 kB)
Requirement already satisfied: tomli>=1.1.0 in /home/pma213x/.venvs/minicheetah-isaaclab/lib/python3.10/site-packages (from huggingface-hub<3.0,>=1.31.0->transformers->isaaclab==0.34.9) (2.4.1)
Collecting httpcore2==2.13.1 (from httpx2<3,>=2.0.0->huggingface-hub<3.0,>=1.31.0->transformers->isaaclab==0.34.9)
  Downloading httpcore2-2.13.1-py3-none-any.whl.metadata (26 kB)
Collecting truststore>=0.10 (from httpx2<3,>=2.0.0->huggingface-hub<3.0,>=1.31.0->transformers->isaaclab==0.34.9)
  Downloading truststore-0.10.4-py3-none-any.whl.metadata (4.4 kB)
Collecting h11>=0.16 (from httpcore2==2.13.1->httpx2<3,>=2.0.0->huggingface-hub<3.0,>=1.31.0->transformers->isaaclab==0.34.9)
  Downloading h11-0.16.0-py3-none-any.whl.metadata (8.3 kB)
Collecting huggingface-hub<3.0,>=1.31.0 (from transformers->isaaclab==0.34.9)
  Downloading huggingface_hub-1.33.0-py3-none-any.whl.metadata (16 kB)
Collecting httpx<1,>=0.23.0 (from huggingface-hub<3.0,>=1.31.0->transformers->isaaclab==0.34.9)
  Downloading httpx-0.28.1-py3-none-any.whl.metadata (7.1 kB)
Collecting certifi (from httpx<1,>=0.23.0->huggingface-hub<3.0,>=1.31.0->transformers->isaaclab==0.34.9)
  Downloading certifi-2026.7.22-py3-none-any.whl.metadata (2.5 kB)
Collecting httpcore==1.* (from httpx<1,>=0.23.0->huggingface-hub<3.0,>=1.31.0->transformers->isaaclab==0.34.9)
  Downloading httpcore-1.0.9-py3-none-any.whl.metadata (21 kB)
Collecting shellingham>=1.3.0 (from typer->transformers->isaaclab==0.34.9)
  Downloading shellingham-1.5.4-py2.py3-none-any.whl.metadata (3.5 kB)
Collecting rich>=13.8.0 (from typer->transformers->isaaclab==0.34.9)
  Downloading rich-15.0.0-py3-none-any.whl.metadata (18 kB)
Collecting annotated-doc>=0.0.2 (from typer->transformers->isaaclab==0.34.9)
  Downloading annotated_doc-0.0.5-py3-none-any.whl.metadata (6.5 kB)
Collecting markdown-it-py>=2.2.0 (from rich>=13.8.0->typer->transformers->isaaclab==0.34.9)
  Downloading markdown_it_py-4.2.0-py3-none-any.whl.metadata (7.4 kB)
Collecting pygments<3.0.0,>=2.13.0 (from rich>=13.8.0->typer->transformers->isaaclab==0.34.9)
  Downloading pygments-2.21.0-py3-none-any.whl.metadata (2.5 kB)
Collecting mdurl~=0.1 (from markdown-it-py>=2.2.0->rich>=13.8.0->typer->transformers->isaaclab==0.34.9)
  Downloading mdurl-0.1.2-py3-none-any.whl.metadata (1.6 kB)
Downloading hidapi-0.14.0.post2-cp310-cp310-manylinux_2_17_x86_64.manylinux2014_x86_64.whl (684 kB)
   ━━━━━━━━━━━━━━━━━━━━━━━━━━━━━━━━━━━━━━━━ 684.3/684.3 kB 409.4 kB/s  0:00:02
Downloading onnx-1.16.1-cp310-cp310-manylinux_2_17_x86_64.manylinux2014_x86_64.whl (15.9 MB)
   ━━━━━━━━━━━━━━━━━━━━━━━━━━━━━━━━━━━━━━━━ 15.9/15.9 MB 1.7 MB/s  0:00:09
Downloading prettytable-3.3.0-py3-none-any.whl (26 kB)
Downloading starlette-0.46.0-py3-none-any.whl (71 kB)
Downloading anyio-4.15.1-py3-none-any.whl (132 kB)
Downloading pyglet-1.5.31-py3-none-any.whl (1.1 MB)
   ━━━━━━━━━━━━━━━━━━━━━━━━━━━━━━━━━━━━━━━━ 1.1/1.1 MB 2.6 MB/s  0:00:00
Downloading exceptiongroup-1.3.1-py3-none-any.whl (16 kB)
Downloading idna-3.20-py3-none-any.whl (69 kB)
Downloading einops-0.8.2-py3-none-any.whl (65 kB)
Using cached toml-0.10.2-py2.py3-none-any.whl (16 kB)
Downloading transformers-5.19.0-py3-none-any.whl (12.6 MB)
   ━━━━━━━━━━━━━━━━━━━━━━━━━━━━━━━━━━━━━━━━ 12.6/12.6 MB 3.6 MB/s  0:00:03
Downloading click-8.5.0-py3-none-any.whl (125 kB)
Downloading hf_xet-1.7.0-cp38-abi3-manylinux2014_x86_64.manylinux_2_17_x86_64.whl (4.2 MB)
   ━━━━━━━━━━━━━━━━━━━━━━━━━━━━━━━━━━━━━━━━ 4.2/4.2 MB 3.9 MB/s  0:00:01
Downloading tokenizers-0.23.2-cp310-abi3-manylinux_2_17_x86_64.manylinux2014_x86_64.whl (3.4 MB)
   ━━━━━━━━━━━━━━━━━━━━━━━━━━━━━━━━━━━━━━━━ 3.4/3.4 MB 3.9 MB/s  0:00:00
Downloading huggingface_hub-1.33.0-py3-none-any.whl (846 kB)
   ━━━━━━━━━━━━━━━━━━━━━━━━━━━━━━━━━━━━━━━━ 846.4/846.4 kB 1.8 MB/s  0:00:00
Downloading httpx-0.28.1-py3-none-any.whl (73 kB)
Downloading httpcore-1.0.9-py3-none-any.whl (78 kB)
Downloading h11-0.16.0-py3-none-any.whl (37 kB)
Downloading regex-2026.9.29-cp310-cp310-manylinux2014_x86_64.manylinux_2_17_x86_64.manylinux_2_28_x86_64.whl (797 kB)
   ━━━━━━━━━━━━━━━━━━━━━━━━━━━━━━━━━━━━━━━━ 797.6/797.6 kB 126.0 MB/s  0:00:00
Downloading safetensors-0.8.0-cp310-abi3-manylinux_2_17_x86_64.manylinux2014_x86_64.whl (516 kB)
Downloading certifi-2026.7.22-py3-none-any.whl (136 kB)
Downloading trimesh-5.1.1-py3-none-any.whl (750 kB)
   ━━━━━━━━━━━━━━━━━━━━━━━━━━━━━━━━━━━━━━━━ 750.4/750.4 kB 32.4 MB/s  0:00:00
Downloading typer-0.27.3-py3-none-any.whl (123 kB)
Downloading annotated_doc-0.0.5-py3-none-any.whl (5.3 kB)
Downloading rich-15.0.0-py3-none-any.whl (310 kB)
Downloading pygments-2.21.0-py3-none-any.whl (1.3 MB)
   ━━━━━━━━━━━━━━━━━━━━━━━━━━━━━━━━━━━━━━━━ 1.3/1.3 MB 5.1 MB/s  0:00:00
Downloading markdown_it_py-4.2.0-py3-none-any.whl (91 kB)
Downloading mdurl-0.1.2-py3-none-any.whl (10.0 kB)
Downloading shellingham-1.5.4-py2.py3-none-any.whl (9.8 kB)
Downloading warp_lang-1.18.0-py3-none-manylinux_2_28_x86_64.whl (148.8 MB)
   ━━━━━━━━━━━━━━━━━━━━━━━━━━━━━━━━━━━━━━━━ 148.8/148.8 MB 6.2 MB/s  0:00:24
Downloading wcwidth-0.9.2-cp310-abi3-manylinux2014_x86_64.manylinux_2_17_x86_64.whl (769 kB)
   ━━━━━━━━━━━━━━━━━━━━━━━━━━━━━━━━━━━━━━━━ 769.8/769.8 kB 104.9 MB/s  0:00:00
Building wheels for collected packages: isaaclab
  Building editable for isaaclab (pyproject.toml): started
  Building editable for isaaclab (pyproject.toml): finished with status 'done'
  Created wheel for isaaclab: filename=isaaclab-0.34.9-0.editable-py3-none-any.whl size=3349 sha256=992c115c5d505d4dd70558cc399f8cfecfe391d3d799cddee0c5faaed4b4c108
  Stored in directory: /home/pma213x/.cache/tmp/pip-ephem-wheel-cache-6qj4e3yo/wheels/f0/b6/05/f6f81239d4b44e9fafbb955c871590374646e0c080cafd808a
Successfully built isaaclab
Installing collected packages: pyglet, wcwidth, warp-lang, trimesh, toml, shellingham, safetensors, regex, pygments, onnx, mdurl, idna, hidapi, hf-xet, h11, exceptiongroup, einops, click, certifi, annotated-doc, prettytable, markdown-it-py, httpcore, anyio, starlette, rich, httpx, typer, huggingface-hub, tokenizers, transformers, isaaclab

Successfully installed annotated-doc-0.0.5 anyio-4.15.1 certifi-2026.7.22 click-8.5.0 einops-0.8.2 exceptiongroup-1.3.1 h11-0.16.0 hf-xet-1.7.0 hidapi-0.14.0.post2 httpcore-1.0.9 httpx-0.28.1 huggingface-hub-1.33.0 idna-3.20 isaaclab-0.34.9 markdown-it-py-4.2.0 mdurl-0.1.2 onnx-1.16.1 prettytable-3.3.0 pyglet-1.5.31 pygments-2.21.0 regex-2026.9.29 rich-15.0.0 safetensors-0.8.0 shellingham-1.5.4 starlette-0.46.0 tokenizers-0.23.2 toml-0.10.2 transformers-5.19.0 trimesh-5.1.1 typer-0.27.3 warp-lang-1.18.0 wcwidth-0.9.2
	 module: /home/pma213x/IsaacLab/source/isaaclab_assets
Obtaining file:///home/pma213x/IsaacLab/source/isaaclab_assets
  Installing build dependencies: started
  Installing build dependencies: finished with status 'done'
  Checking if build backend supports build_editable: started
  Checking if build backend supports build_editable: finished with status 'done'
  Getting requirements to build editable: started
  Getting requirements to build editable: finished with status 'done'
  Preparing editable metadata (pyproject.toml): started
  Preparing editable metadata (pyproject.toml): finished with status 'done'
Building wheels for collected packages: isaaclab_assets
  Building editable for isaaclab_assets (pyproject.toml): started
  Building editable for isaaclab_assets (pyproject.toml): finished with status 'done'
  Created wheel for isaaclab_assets: filename=isaaclab_assets-0.2.1-0.editable-py3-none-any.whl size=3019 sha256=db1397dcfec18821415b100a898029939063e3716432b397448a5981adbda291
  Stored in directory: /home/pma213x/.cache/tmp/pip-ephem-wheel-cache-1k375kn2/wheels/91/45/60/62c4a019b5ce3c495aa4a5758f8790e91d522ed2713e7bd641
Successfully built isaaclab_assets
Installing collected packages: isaaclab_assets
Successfully installed isaaclab_assets-0.2.1
[INFO] Installing extra requirements such as learning frameworks...
[INFO] Installing rl-framework: rsl_rl
Obtaining file:///home/pma213x/IsaacLab/source/isaaclab_rl
  Installing build dependencies: started
  Installing build dependencies: finished with status 'done'
  Checking if build backend supports build_editable: started
  Checking if build backend supports build_editable: finished with status 'done'
  Getting requirements to build editable: started
  Getting requirements to build editable: finished with status 'done'
  Preparing editable metadata (pyproject.toml): started
  Preparing editable metadata (pyproject.toml): finished with status 'done'
Requirement already satisfied: numpy in /home/pma213x/.venvs/minicheetah-isaaclab/lib/python3.10/site-packages (from isaaclab_rl==0.1.0) (1.26.4)
Requirement already satisfied: torch==2.5.1 in /home/pma213x/.venvs/minicheetah-isaaclab/lib/python3.10/site-packages (from isaaclab_rl==0.1.0) (2.5.1+cu121)
Requirement already satisfied: torchvision>=0.14.1 in /home/pma213x/.venvs/minicheetah-isaaclab/lib/python3.10/site-packages (from isaaclab_rl==0.1.0) (0.20.1)
Requirement already satisfied: protobuf<5.0.0,>=3.20.2 in /home/pma213x/.venvs/minicheetah-isaaclab/lib/python3.10/site-packages (from isaaclab_rl==0.1.0) (4.25.9)
Requirement already satisfied: hydra-core in /home/pma213x/.venvs/minicheetah-isaaclab/lib/python3.10/site-packages (from isaaclab_rl==0.1.0) (1.3.7)
Requirement already satisfied: h5py in /home/pma213x/.venvs/minicheetah-isaaclab/lib/python3.10/site-packages (from isaaclab_rl==0.1.0) (3.16.0)
Requirement already satisfied: tensorboard in /home/pma213x/.venvs/minicheetah-isaaclab/lib/python3.10/site-packages (from isaaclab_rl==0.1.0) (2.20.0)
Requirement already satisfied: moviepy in /home/pma213x/.venvs/minicheetah-isaaclab/lib/python3.10/site-packages (from isaaclab_rl==0.1.0) (2.2.1)
Requirement already satisfied: pillow==11.0.0 in /home/pma213x/.venvs/minicheetah-isaaclab/lib/python3.10/site-packages (from isaaclab_rl==0.1.0) (11.0.0)
Collecting rsl-rl-lib>=2.1.1 (from isaaclab_rl==0.1.0)
  Downloading rsl_rl_lib-5.5.1-py3-none-any.whl.metadata (4.3 kB)
Requirement already satisfied: filelock in /home/pma213x/.venvs/minicheetah-isaaclab/lib/python3.10/site-packages (from torch==2.5.1->isaaclab_rl==0.1.0) (4.0.12)
Requirement already satisfied: typing-extensions>=4.8.0 in /home/pma213x/.venvs/minicheetah-isaaclab/lib/python3.10/site-packages (from torch==2.5.1->isaaclab_rl==0.1.0) (4.16.0)
Requirement already satisfied: networkx in /home/pma213x/.venvs/minicheetah-isaaclab/lib/python3.10/site-packages (from torch==2.5.1->isaaclab_rl==0.1.0) (3.4.2)
Requirement already satisfied: jinja2 in /home/pma213x/.venvs/minicheetah-isaaclab/lib/python3.10/site-packages (from torch==2.5.1->isaaclab_rl==0.1.0) (3.1.6)
Requirement already satisfied: fsspec in /home/pma213x/.venvs/minicheetah-isaaclab/lib/python3.10/site-packages (from torch==2.5.1->isaaclab_rl==0.1.0) (2026.9.0)
Requirement already satisfied: nvidia-cuda-nvrtc-cu12==12.1.105 in /home/pma213x/.venvs/minicheetah-isaaclab/lib/python3.10/site-packages (from torch==2.5.1->isaaclab_rl==0.1.0) (12.1.105)
Requirement already satisfied: nvidia-cuda-runtime-cu12==12.1.105 in /home/pma213x/.venvs/minicheetah-isaaclab/lib/python3.10/site-packages (from torch==2.5.1->isaaclab_rl==0.1.0) (12.1.105)
Requirement already satisfied: nvidia-cuda-cupti-cu12==12.1.105 in /home/pma213x/.venvs/minicheetah-isaaclab/lib/python3.10/site-packages (from torch==2.5.1->isaaclab_rl==0.1.0) (12.1.105)
Requirement already satisfied: nvidia-cudnn-cu12==9.1.0.70 in /home/pma213x/.venvs/minicheetah-isaaclab/lib/python3.10/site-packages (from torch==2.5.1->isaaclab_rl==0.1.0) (9.1.0.70)
Requirement already satisfied: nvidia-cublas-cu12==12.1.3.1 in /home/pma213x/.venvs/minicheetah-isaaclab/lib/python3.10/site-packages (from torch==2.5.1->isaaclab_rl==0.1.0) (12.1.3.1)
Requirement already satisfied: nvidia-cufft-cu12==11.0.2.54 in /home/pma213x/.venvs/minicheetah-isaaclab/lib/python3.10/site-packages (from torch==2.5.1->isaaclab_rl==0.1.0) (11.0.2.54)
Requirement already satisfied: nvidia-curand-cu12==10.3.2.106 in /home/pma213x/.venvs/minicheetah-isaaclab/lib/python3.10/site-packages (from torch==2.5.1->isaaclab_rl==0.1.0) (10.3.2.106)
Requirement already satisfied: nvidia-cusolver-cu12==11.4.5.107 in /home/pma213x/.venvs/minicheetah-isaaclab/lib/python3.10/site-packages (from torch==2.5.1->isaaclab_rl==0.1.0) (11.4.5.107)
Requirement already satisfied: nvidia-cusparse-cu12==12.1.0.106 in /home/pma213x/.venvs/minicheetah-isaaclab/lib/python3.10/site-packages (from torch==2.5.1->isaaclab_rl==0.1.0) (12.1.0.106)
Requirement already satisfied: nvidia-nccl-cu12==2.21.5 in /home/pma213x/.venvs/minicheetah-isaaclab/lib/python3.10/site-packages (from torch==2.5.1->isaaclab_rl==0.1.0) (2.21.5)
Requirement already satisfied: nvidia-nvtx-cu12==12.1.105 in /home/pma213x/.venvs/minicheetah-isaaclab/lib/python3.10/site-packages (from torch==2.5.1->isaaclab_rl==0.1.0) (12.1.105)
Requirement already satisfied: triton==3.1.0 in /home/pma213x/.venvs/minicheetah-isaaclab/lib/python3.10/site-packages (from torch==2.5.1->isaaclab_rl==0.1.0) (3.1.0)
Requirement already satisfied: sympy==1.13.1 in /home/pma213x/.venvs/minicheetah-isaaclab/lib/python3.10/site-packages (from torch==2.5.1->isaaclab_rl==0.1.0) (1.13.1)
Requirement already satisfied: nvidia-nvjitlink-cu12 in /home/pma213x/.venvs/minicheetah-isaaclab/lib/python3.10/site-packages (from nvidia-cusolver-cu12==11.4.5.107->torch==2.5.1->isaaclab_rl==0.1.0) (12.9.86)
Requirement already satisfied: mpmath<1.4,>=1.1.0 in /home/pma213x/.venvs/minicheetah-isaaclab/lib/python3.10/site-packages (from sympy==1.13.1->torch==2.5.1->isaaclab_rl==0.1.0) (1.3.0)
INFO: pip is looking at multiple versions of rsl-rl-lib to determine which version is compatible with other requirements. This could take a while.
  Downloading rsl_rl_lib-5.5.0-py3-none-any.whl.metadata (4.3 kB)
  Downloading rsl_rl_lib-5.4.2-py3-none-any.whl.metadata (4.0 kB)
  Downloading rsl_rl_lib-5.4.1-py3-none-any.whl.metadata (4.0 kB)
  Downloading rsl_rl_lib-5.4.0-py3-none-any.whl.metadata (4.0 kB)
  Downloading rsl_rl_lib-5.3.0-py3-none-any.whl.metadata (3.9 kB)
  Downloading rsl_rl_lib-5.2.0-py3-none-any.whl.metadata (3.9 kB)
  Downloading rsl_rl_lib-5.1.0-py3-none-any.whl.metadata (3.9 kB)
INFO: pip is still looking at multiple versions of rsl-rl-lib to determine which version is compatible with other requirements. This could take a while.
  Downloading rsl_rl_lib-5.0.1-py3-none-any.whl.metadata (3.9 kB)
  Downloading rsl_rl_lib-5.0.0-py3-none-any.whl.metadata (3.9 kB)
  Downloading rsl_rl_lib-4.0.1-py3-none-any.whl.metadata (5.1 kB)
  Downloading rsl_rl_lib-4.0.0-py3-none-any.whl.metadata (5.1 kB)
  Downloading rsl_rl_lib-3.3.0-py3-none-any.whl.metadata (5.1 kB)
INFO: This is taking longer than usual. You might need to provide the dependency resolver with stricter constraints to reduce runtime. See https://pip.pypa.io/warnings/backtracking for guidance. If you want to abort this run, press Ctrl + C.
  Downloading rsl_rl_lib-3.2.0-py3-none-any.whl.metadata (5.1 kB)
  Downloading rsl_rl_lib-3.1.3-py3-none-any.whl.metadata (5.1 kB)
  Downloading rsl_rl_lib-3.1.2-py3-none-any.whl.metadata (5.0 kB)
  Downloading rsl_rl_lib-3.1.1-py3-none-any.whl.metadata (5.2 kB)
  Downloading rsl_rl_lib-3.1.0-py3-none-any.whl.metadata (5.2 kB)
  Downloading rsl_rl_lib-3.0.1-py3-none-any.whl.metadata (5.4 kB)
  Downloading rsl_rl_lib-3.0.0-py3-none-any.whl.metadata (5.4 kB)
  Downloading rsl_rl_lib-2.3.3-py3-none-any.whl.metadata (5.4 kB)
Collecting GitPython (from rsl-rl-lib>=2.1.1->isaaclab_rl==0.1.0)
  Downloading gitpython-3.2.0-py3-none-any.whl.metadata (13 kB)
Requirement already satisfied: onnx in /home/pma213x/.venvs/minicheetah-isaaclab/lib/python3.10/site-packages (from rsl-rl-lib>=2.1.1->isaaclab_rl==0.1.0) (1.16.1)
Collecting gitdb<5,>=4.0.1 (from GitPython->rsl-rl-lib>=2.1.1->isaaclab_rl==0.1.0)
  Downloading gitdb-4.0.12-py3-none-any.whl.metadata (1.2 kB)
Collecting smmap<6,>=3.0.1 (from gitdb<5,>=4.0.1->GitPython->rsl-rl-lib>=2.1.1->isaaclab_rl==0.1.0)
  Downloading smmap-5.0.3-py3-none-any.whl.metadata (4.6 kB)
Requirement already satisfied: omegaconf<2.4,>=2.2 in /home/pma213x/.venvs/minicheetah-isaaclab/lib/python3.10/site-packages (from hydra-core->isaaclab_rl==0.1.0) (2.3.1)
Requirement already satisfied: antlr4-python3-runtime==4.9.* in /home/pma213x/.venvs/minicheetah-isaaclab/lib/python3.10/site-packages (from hydra-core->isaaclab_rl==0.1.0) (4.9.3)
Requirement already satisfied: packaging in /home/pma213x/.venvs/minicheetah-isaaclab/lib/python3.10/site-packages (from hydra-core->isaaclab_rl==0.1.0) (26.3)
Requirement already satisfied: PyYAML>=5.1.0 in /home/pma213x/.venvs/minicheetah-isaaclab/lib/python3.10/site-packages (from omegaconf<2.4,>=2.2->hydra-core->isaaclab_rl==0.1.0) (6.0.3)
Requirement already satisfied: MarkupSafe>=2.0 in /home/pma213x/.venvs/minicheetah-isaaclab/lib/python3.10/site-packages (from jinja2->torch==2.5.1->isaaclab_rl==0.1.0) (3.0.4)
Requirement already satisfied: decorator<6.0,>=4.0.2 in /home/pma213x/.venvs/minicheetah-isaaclab/lib/python3.10/site-packages (from moviepy->isaaclab_rl==0.1.0) (5.3.1)
Requirement already satisfied: imageio<3.0,>=2.5 in /home/pma213x/.venvs/minicheetah-isaaclab/lib/python3.10/site-packages (from moviepy->isaaclab_rl==0.1.0) (2.38.0)
Requirement already satisfied: imageio_ffmpeg>=0.2.0 in /home/pma213x/.venvs/minicheetah-isaaclab/lib/python3.10/site-packages (from moviepy->isaaclab_rl==0.1.0) (0.6.0)
Requirement already satisfied: proglog<=1.0.0 in /home/pma213x/.venvs/minicheetah-isaaclab/lib/python3.10/site-packages (from moviepy->isaaclab_rl==0.1.0) (0.1.12)
Requirement already satisfied: python-dotenv>=0.10 in /home/pma213x/.venvs/minicheetah-isaaclab/lib/python3.10/site-packages (from moviepy->isaaclab_rl==0.1.0) (1.2.4)
Requirement already satisfied: tqdm in /home/pma213x/.venvs/minicheetah-isaaclab/lib/python3.10/site-packages (from proglog<=1.0.0->moviepy->isaaclab_rl==0.1.0) (4.70.1)
Requirement already satisfied: absl-py>=0.4 in /home/pma213x/.venvs/minicheetah-isaaclab/lib/python3.10/site-packages (from tensorboard->isaaclab_rl==0.1.0) (2.5.0)
Requirement already satisfied: grpcio>=1.48.2 in /home/pma213x/.venvs/minicheetah-isaaclab/lib/python3.10/site-packages (from tensorboard->isaaclab_rl==0.1.0) (1.84.0)
Requirement already satisfied: markdown>=2.6.8 in /home/pma213x/.venvs/minicheetah-isaaclab/lib/python3.10/site-packages (from tensorboard->isaaclab_rl==0.1.0) (3.10.3)
Requirement already satisfied: setuptools>=41.0.0 in /home/pma213x/.venvs/minicheetah-isaaclab/lib/python3.10/site-packages (from tensorboard->isaaclab_rl==0.1.0) (84.0.0)
Requirement already satisfied: tensorboard-data-server<0.8.0,>=0.7.0 in /home/pma213x/.venvs/minicheetah-isaaclab/lib/python3.10/site-packages (from tensorboard->isaaclab_rl==0.1.0) (0.7.2)
Requirement already satisfied: werkzeug>=1.0.1 in /home/pma213x/.venvs/minicheetah-isaaclab/lib/python3.10/site-packages (from tensorboard->isaaclab_rl==0.1.0) (3.1.9)
Downloading rsl_rl_lib-2.3.3-py3-none-any.whl (40 kB)
Downloading gitpython-3.2.0-py3-none-any.whl (228 kB)
Downloading gitdb-4.0.12-py3-none-any.whl (62 kB)
Downloading smmap-5.0.3-py3-none-any.whl (24 kB)
Building wheels for collected packages: isaaclab_rl
  Building editable for isaaclab_rl (pyproject.toml): started
  Building editable for isaaclab_rl (pyproject.toml): finished with status 'done'
  Created wheel for isaaclab_rl: filename=isaaclab_rl-0.1.0-0.editable-py3-none-any.whl size=3449 sha256=d71e2f4708f6cedaa1b026095cde39e1951a3f9f1ce21f370f8c0f5c37588d72
  Stored in directory: /home/pma213x/.cache/tmp/pip-ephem-wheel-cache-8kver4de/wheels/b0/1e/2a/8ececa1f05000029ab767746001ca0839bf7ea824029fb455d
Successfully built isaaclab_rl
Installing collected packages: smmap, gitdb, GitPython, rsl-rl-lib, isaaclab_rl
  Attempting uninstall: isaaclab_rl
    Found existing installation: isaaclab_rl 0.1.0
    Uninstalling isaaclab_rl-0.1.0:
      Successfully uninstalled isaaclab_rl-0.1.0

Successfully installed GitPython-3.2.0 gitdb-4.0.12 isaaclab_rl-0.1.0 rsl-rl-lib-2.3.3 smmap-5.0.3
Obtaining file:///home/pma213x/IsaacLab/source/isaaclab_mimic
  Installing build dependencies: started
  Installing build dependencies: finished with status 'done'
  Checking if build backend supports build_editable: started
  Checking if build backend supports build_editable: finished with status 'done'
  Getting requirements to build editable: started
  Getting requirements to build editable: finished with status 'done'
  Preparing editable metadata (pyproject.toml): started
  Preparing editable metadata (pyproject.toml): finished with status 'done'
Requirement already satisfied: tomli in /home/pma213x/.venvs/minicheetah-isaaclab/lib/python3.10/site-packages (from isaaclab_mimic==1.0.2) (2.4.1)
WARNING: isaaclab-mimic 1.0.2 does not provide the extra 'rsl-rl'
Building wheels for collected packages: isaaclab_mimic
  Building editable for isaaclab_mimic (pyproject.toml): started
  Building editable for isaaclab_mimic (pyproject.toml): finished with status 'done'
  Created wheel for isaaclab_mimic: filename=isaaclab_mimic-1.0.2-0.editable-py3-none-any.whl size=3084 sha256=953c9cf1622b7bf3d741b4d42724f950cc816b7354134b95e6d0056acda4cb85
  Stored in directory: /home/pma213x/.cache/tmp/pip-ephem-wheel-cache-c18viz7z/wheels/52/7c/0d/18d379127936ee0772cfdb2ae56a4413e7cc0b42776abf02f6
Successfully built isaaclab_mimic
Installing collected packages: isaaclab_mimic
  Attempting uninstall: isaaclab_mimic
    Found existing installation: isaaclab_mimic 1.0.2
    Uninstalling isaaclab_mimic-1.0.2:
      Successfully uninstalled isaaclab_mimic-1.0.2
Successfully installed isaaclab_mimic-1.0.2
[INFO] Running inside a docker container. Skipping VSCode settings setup.
[INFO] To setup VSCode settings, run 'isaaclab -v'.
EXIT 0
END 2026-10-07T16:40:32+08:00
