START 2026-10-07T16:41:41+08:00
[3gH    H    H    H    H    H    H    H    H    H    H    H    H    H    H    H    H    H    H    H   [INFO] Using python from: /home/pma213x/.venvs/minicheetah-isaaclab/bin/python
[Warning] [simulation_app.simulation_app] Modules: ['omni.kit_app'] were loaded before SimulationApp was started and might not be loaded correctly.
[Warning] [simulation_app.simulation_app] Please check to make sure no extra omniverse or pxr modules are imported before the call to SimulationApp(...)
Loading user config located at: '/home/pma213x/.venvs/minicheetah-isaaclab/lib/python3.10/site-packages/omni/data/Kit/Isaac-Sim/4.5/user.config.json'
[Info] [carb] Logging to file: /home/pma213x/.venvs/minicheetah-isaaclab/lib/python3.10/site-packages/omni/logs/Kit/Isaac-Sim/4.5/kit_20261007_164141.log
2026-10-07 08:41:41 [0ms] [Warning] [omni.kit.app.plugin] No crash reporter present, dumps uploading isn't available.
2026-10-07 08:41:41 [90ms] [Warning] [omni.usd_config.extension] Enable omni.materialx.libs extension to use MaterialX
2026-10-07 08:41:41 [309ms] [Warning] [omni.datastore] OmniHub is inaccessible
2026-10-07 08:41:41 [395ms] [Warning] [omni.isaac.dynamic_control] omni.isaac.dynamic_control is deprecated as of Isaac Sim 4.5. No action is needed from end-users.
2026-10-07 08:41:43 [2,178ms] [Error] [omni.ext._impl.custom_importer] Failed to import python module isaaclab_rl. Error: No module named 'gym'. Traceback:
Traceback (most recent call last):
  File "/home/pma213x/.venvs/minicheetah-isaaclab/lib/python3.10/site-packages/omni/kernel/py/omni/ext/_impl/custom_importer.py", line 76, in import_module
    return importlib.import_module(name)
  File "/home/pma213x/.local/share/uv/python/cpython-3.10-linux-x86_64-gnu/lib/python3.10/importlib/__init__.py", line 126, in import_module
    return _bootstrap._gcd_import(name[level:], package, level)
  File "<frozen importlib._bootstrap>", line 1050, in _gcd_import
  File "<frozen importlib._bootstrap>", line 1027, in _find_and_load
  File "<frozen importlib._bootstrap>", line 1006, in _find_and_load_unlocked
  File "<frozen importlib._bootstrap>", line 688, in _load_unlocked
  File "<frozen importlib._bootstrap_external>", line 883, in exec_module
  File "<frozen importlib._bootstrap>", line 241, in _call_with_frames_removed
  File "/home/pma213x/IsaacLab/source/isaaclab_rl/isaaclab_rl/__init__.py", line 21, in <module>
    from . import rl_games, rsl_rl, sb3, skrl
  File "/home/pma213x/IsaacLab/source/isaaclab_rl/isaaclab_rl/rl_games.py", line 37, in <module>
    import gym.spaces  # needed for rl-games incompatibility: https://github.com/Denys88/rl_games/issues/261
ModuleNotFoundError: No module named 'gym'

2026-10-07 08:41:43 [2,178ms] [Error] [carb.scripting-python.plugin] Exception: Extension python module: 'isaaclab_rl' in '/home/pma213x/IsaacLab/source/isaaclab_rl' failed to load.

At:
  /home/pma213x/.venvs/minicheetah-isaaclab/lib/python3.10/site-packages/omni/kernel/py/omni/ext/_impl/_internal.py(213): startup
  /home/pma213x/.venvs/minicheetah-isaaclab/lib/python3.10/site-packages/omni/kernel/py/omni/ext/_impl/_internal.py(328): startup_extension
  PythonExtension.cpp::startup()(2): <module>
  /home/pma213x/.venvs/minicheetah-isaaclab/lib/python3.10/site-packages/isaacsim/exts/isaacsim.simulation_app/isaacsim/simulation_app/simulation_app.py(427): _start_app
  /home/pma213x/.venvs/minicheetah-isaaclab/lib/python3.10/site-packages/isaacsim/exts/isaacsim.simulation_app/isaacsim/simulation_app/simulation_app.py(212): __init__
  /home/pma213x/IsaacLab/source/isaaclab/isaaclab/app/app_launcher.py(642): _create_app
  /home/pma213x/IsaacLab/source/isaaclab/isaaclab/app/app_launcher.py(114): __init__
  /home/pma213x/IsaacLab/source/isaaclab/test/envs/test_manager_based_env.py(19): <module>

2026-10-07 08:41:43 [2,178ms] [Error] [omni.ext.plugin] [ext: isaaclab_rl-0.1.0] Failed to startup python extension.
test_initialization (__main__.TestManagerBasedEnv) ... ok

----------------------------------------------------------------------
Ran 1 test in 0.756s

OK
[INFO][AppLauncher]: Loading experience file: /home/pma213x/IsaacLab/apps/isaaclab.python.headless.kit
[INFO]: Base environment:
	Environment device    : cuda:0
	Environment seed      : None
	Physics step-size     : 0.005
	Rendering step-size   : 0.02
	Environment step-size : 0.02
[INFO]: Time taken for scene creation : 0.000245 seconds
[INFO]: Scene manager:  <class InteractiveScene>
	Number of environments: 1
	Environment spacing   : 1.0
	Source prim name      : /World/envs/env_0
	Global prim paths     : []
	Replicate physics     : True
[INFO]: Starting the simulation. This may take a few seconds. Please wait...
[INFO]: Time taken for simulation start : 0.257226 seconds
[INFO] Recorder Manager:  <RecorderManager> contains 0 active terms.
+---------------------+
| Active Recorder Terms |
+-----------+---------+
|   Index   | Name    |
+-----------+---------+
+-----------+---------+

[INFO] Action Manager:  <ActionManager> contains 0 active terms.
+---------------------------------+
|  Active Action Terms (shape: 0) |
+---------+--------+--------------+
|  Index  | Name   |    Dimension |
+---------+--------+--------------+
+---------+--------+--------------+

[INFO] Observation Manager: <ObservationManager> contains 0 groups.

[INFO] Event Manager:  <EventManager> contains 1 active terms.
+-------------------------------------+
| Active Event Terms in Mode: 'reset' |
+--------+----------------------------+
| Index  | Name                       |
+--------+----------------------------+
|   0    | reset_scene_to_default     |
+--------+----------------------------+

[INFO]: Base environment:
	Environment device    : cpu
	Environment seed      : None
	Physics step-size     : 0.005
	Rendering step-size   : 0.02
	Environment step-size : 0.02
[INFO]: Time taken for scene creation : 0.000203 seconds
[INFO]: Scene manager:  <class InteractiveScene>
	Number of environments: 1
	Environment spacing   : 1.0
	Source prim name      : /World/envs/env_0
	Global prim paths     : []
	Replicate physics     : True
[INFO]: Starting the simulation. This may take a few seconds. Please wait...
[INFO]: Time taken for simulation start : 0.003003 seconds
[INFO] Recorder Manager:  <RecorderManager> contains 0 active terms.
+---------------------+
| Active Recorder Terms |
+-----------+---------+
|   Index   | Name    |
+-----------+---------+
+-----------+---------+

[INFO] Action Manager:  <ActionManager> contains 0 active terms.
+---------------------------------+
|  Active Action Terms (shape: 0) |
+---------+--------+--------------+
|  Index  | Name   |    Dimension |
+---------+--------+--------------+
+---------+--------+--------------+

[INFO] Observation Manager: <ObservationManager> contains 0 groups.

[INFO] Event Manager:  <EventManager> contains 1 active terms.
+-------------------------------------+
| Active Event Terms in Mode: 'reset' |
+--------+----------------------------+
| Index  | Name                       |
+--------+----------------------------+
|   0    | reset_scene_to_default     |
+--------+----------------------------+

2026-10-07 08:41:43 [2,420ms] [Warning] [gpu.foundation.plugin] Skipping unsupported non-NVIDIA GPU: Intel(R) UHD Graphics (ADL-S GT0.5)
2026-10-07 08:41:43 [2,420ms] [Warning] [gpu.foundation.plugin] Skipping unsupported non-NVIDIA GPU: Intel(R) UHD Graphics (ADL-S GT0.5)

|---------------------------------------------------------------------------------------------|
| Driver Version: 580.178.04    | Graphics API: Vulkan
|=============================================================================================|
| GPU | Name                             | Active | LDA | GPU Memory | Vendor-ID | LUID       |
|     |                                  |        |     |            | Device-ID | UUID       |
|     |                                  |        |     |            | Bus-ID    |            |
|---------------------------------------------------------------------------------------------|
| 0   | NVIDIA GeForce RTX 4060 Laptop.. | Yes: 0 |     | 8188    MB | 10de      | 0          |
|     |                                  |        |     |            | 28e0      | 4d090564.. |
|     |                                  |        |     |            | 1         |            |
|---------------------------------------------------------------------------------------------|
| 1   | Intel(R) UHD Graphics (ADL-S G.. |        |     | 11374   MB | 8086      | 0          |
|     |                                  |        |     |            | 468b      | 86808b46.. |
|     |                                  |        |     |            | 0         |            |
|=============================================================================================|
| OS: 26.04.1 LTS (Resolute Raccoon) ubuntu, Version: 26.04.1, Kernel: 7.0.0-34-generic
| XServer Vendor: The X.Org Foundation, XServer Version: 12401010 (1.24.1.10)
| Processor: 13th Gen Intel(R) Core(TM) i5-13500HX
| Bare Metal Cores: 14 | Bare Metal Logical Cores: 28
| Available Cores:  20 
|---------------------------------------------------------------------------------------------|
| Total Memory (MB): 15166 | Free Memory: 6628
| Total Page/Swap (MB): 20479 | Free Page/Swap: 15304
|---------------------------------------------------------------------------------------------|
2026-10-07 08:41:44 [2,645ms] [Warning] [gpu.foundation.plugin] IOMMU is enabled.
2026-10-07 08:41:44 [2,645ms] [Warning] [gpu.foundation.plugin] Detected IOMMU is enabled. Running CUDA peer-to-peer bandwidth and latency validation.
Unidirectional P2P=Enabled Bandwidth (P2P Writes) Matrix (GB/s)
   D\D     0 
     0 226.84 
P2P=Enabled Latency (P2P Writes) Matrix (us)
   GPU     0 
     0   1.47 

   CPU     0 
     0   1.68 
2026-10-07 08:41:44 [2,811ms] [Warning] [isaaclab.envs.manager_based_env] Seed not set for the environment. The environment creation may not be deterministic.
2026-10-07 08:41:44 [3,393ms] [Warning] [isaaclab.envs.manager_based_env] Seed not set for the environment. The environment creation may not be deterministic.
2026-10-07 08:41:45 [3,619ms] [Warning] [omni.fabric.plugin] gFabricState->gUsdStageToSimStageWithHistoryMap had 1 outstanding SimStageWithHistory(s) at shutdown
2026-10-07 08:41:45 [3,690ms] [Warning] [carb] Recursive unloadAllPlugins() detected!
EXIT 0
END 2026-10-07T16:41:45+08:00
