[3gH    H    H    H    H    H    H    H    H    H    H    H    H    H    H    H    H    H    H    H   [INFO] Using python from: /home/pma213x/.venvs/minicheetah-isaaclab/bin/python
[INFO][AppLauncher]: Loading experience file: /home/pma213x/IsaacLab/apps/isaaclab.python.headless.kit
[Warning] [simulation_app.simulation_app] Modules: ['omni.kit_app'] were loaded before SimulationApp was started and might not be loaded correctly.
[Warning] [simulation_app.simulation_app] Please check to make sure no extra omniverse or pxr modules are imported before the call to SimulationApp(...)
Loading user config located at: '/home/pma213x/.venvs/minicheetah-isaaclab/lib/python3.10/site-packages/omni/data/Kit/Isaac-Sim/4.5/user.config.json'
[Info] [carb] Logging to file: /home/pma213x/.venvs/minicheetah-isaaclab/lib/python3.10/site-packages/omni/logs/Kit/Isaac-Sim/4.5/kit_20261008_202812.log
2026-10-08 12:28:12 [0ms] [Warning] [omni.kit.app.plugin] No crash reporter present, dumps uploading isn't available.
2026-10-08 12:28:12 [84ms] [Warning] [omni.usd_config.extension] Enable omni.materialx.libs extension to use MaterialX
2026-10-08 12:28:12 [335ms] [Warning] [omni.datastore] OmniHub is inaccessible
2026-10-08 12:28:12 [367ms] [Warning] [omni.isaac.dynamic_control] omni.isaac.dynamic_control is deprecated as of Isaac Sim 4.5. No action is needed from end-users.
Gym has been unmaintained since 2022 and does not support NumPy 2.0 amongst other critical functionality.
Please upgrade to Gymnasium, the maintained drop-in replacement of Gym, or contact the authors of your software and request that they upgrade.
See the migration guide at https://gymnasium.farama.org/introduction/migration_guide/ for additional information.
2026-10-08 12:28:14 [1,889ms] [Warning] [gpu.foundation.plugin] Skipping unsupported non-NVIDIA GPU: Intel(R) UHD Graphics (ADL-S GT0.5)
2026-10-08 12:28:14 [1,889ms] [Warning] [gpu.foundation.plugin] Skipping unsupported non-NVIDIA GPU: Intel(R) UHD Graphics (ADL-S GT0.5)

|---------------------------------------------------------------------------------------------|
| Driver Version: 580.178.04    | Graphics API: Vulkan
|=============================================================================================|
| GPU | Name                             | Active | LDA | GPU Memory | Vendor-ID | LUID       |
|     |                                  |        |     |            | Device-ID | UUID       |
|     |                                  |        |     |            | Bus-ID    |            |
|---------------------------------------------------------------------------------------------|
| 0   | NVIDIA GeForce RTX 4060 Laptop.. | Yes: 0 |     | 8188    MB | 10de      | 0          |
|     |                                  |        |     |            | 28e0      | 4d090564.. |
|     |                                  |        |     |            | 1         |            |
|---------------------------------------------------------------------------------------------|
| 1   | Intel(R) UHD Graphics (ADL-S G.. |        |     | 11374   MB | 8086      | 0          |
|     |                                  |        |     |            | 468b      | 86808b46.. |
|     |                                  |        |     |            | 0         |            |
|=============================================================================================|
| OS: 26.04.1 LTS (Resolute Raccoon) ubuntu, Version: 26.04.1, Kernel: 7.0.0-34-generic
| XServer Vendor: The X.Org Foundation, XServer Version: 12401010 (1.24.1.10)
| Processor: 13th Gen Intel(R) Core(TM) i5-13500HX
| Bare Metal Cores: 14 | Bare Metal Logical Cores: 28
| Available Cores:  20 
|---------------------------------------------------------------------------------------------|
| Total Memory (MB): 15166 | Free Memory: 6008
| Total Page/Swap (MB): 20479 | Free Page/Swap: 20437
|---------------------------------------------------------------------------------------------|
2026-10-08 12:28:14 [2,147ms] [Warning] [gpu.foundation.plugin] IOMMU is enabled.
2026-10-08 12:28:14 [2,149ms] [Warning] [gpu.foundation.plugin] Detected IOMMU is enabled. Running CUDA peer-to-peer bandwidth and latency validation.
Unidirectional P2P=Enabled Bandwidth (P2P Writes) Matrix (GB/s)
   D\D     0 
     0 221.98 
P2P=Enabled Latency (P2P Writes) Matrix (us)
   GPU     0 
     0   1.38 

   CPU     0 
     0   2.25 
[STAGE] config_start
[INFO]: Parsing configuration from: training.envs.velocity_flat_env_cfg:YoboGoVelocityFlatEnvCfg
[STAGE] config_done
[STAGE] environment_create_start
2026-10-08 12:28:14 [2,343ms] [Warning] [isaaclab.envs.manager_based_env] Seed not set for the environment. The environment creation may not be deterministic.
[INFO]: Base environment:
	Environment device    : cuda:0
	Environment seed      : None
	Physics step-size     : 0.0004
	Rendering step-size   : 0.002
	Environment step-size : 0.002
2026-10-08 12:28:14 [2,409ms] [Warning] [isaaclab.terrains.terrain_importer] Visual material specified for ground plane but no diffuse color found. Using default color: (0.0, 0.0, 0.0)
[INFO]: Time taken for scene creation : 2.275944 seconds
[INFO]: Scene manager:  <class InteractiveScene>
	Number of environments: 1
	Environment spacing   : 2.5
	Source prim name      : /World/envs/env_0
	Global prim paths     : ['/World/ground']
	Replicate physics     : True
[INFO]: Starting the simulation. This may take a few seconds. Please wait...
[INFO]: Time taken for simulation start : 0.370925 seconds
2026-10-08 12:28:17 [5,272ms] [Warning] [omni.usd] Warning: in GetNodeDiscoveryResults at line 136 of /builds/omniverse/usd-ci/USD/pxr/usd/usdShade/shaderDefUtils.cpp -- Unable to resolve info:sourceAsset </UsdPreviewSurface.info:mdl:sourceAsset> with value @UsdPreviewSurface.mdl@.

2026-10-08 12:28:17 [5,272ms] [Warning] [omni.usd] Warning: in GetNodeDiscoveryResults at line 136 of /builds/omniverse/usd-ci/USD/pxr/usd/usdShade/shaderDefUtils.cpp -- Unable to resolve info:sourceAsset </UsdUVTexture.info:mdl:sourceAsset> with value @UsdPreviewSurface.mdl@.

2026-10-08 12:28:17 [5,272ms] [Warning] [omni.usd] Warning: in GetNodeDiscoveryResults at line 136 of /builds/omniverse/usd-ci/USD/pxr/usd/usdShade/shaderDefUtils.cpp -- Unable to resolve info:sourceAsset </UsdPrimvarReader_float.info:mdl:sourceAsset> with value @UsdPreviewSurface.mdl@.

2026-10-08 12:28:17 [5,272ms] [Warning] [omni.usd] Warning: in GetNodeDiscoveryResults at line 136 of /builds/omniverse/usd-ci/USD/pxr/usd/usdShade/shaderDefUtils.cpp -- Unable to resolve info:sourceAsset </UsdPrimvarReader_float2.info:mdl:sourceAsset> with value @UsdPreviewSurface.mdl@.

2026-10-08 12:28:17 [5,273ms] [Warning] [omni.usd] Warning: in GetNodeDiscoveryResults at line 136 of /builds/omniverse/usd-ci/USD/pxr/usd/usdShade/shaderDefUtils.cpp -- Unable to resolve info:sourceAsset </UsdPrimvarReader_float3.info:mdl:sourceAsset> with value @UsdPreviewSurface.mdl@.

2026-10-08 12:28:17 [5,273ms] [Warning] [omni.usd] Warning: in GetNodeDiscoveryResults at line 136 of /builds/omniverse/usd-ci/USD/pxr/usd/usdShade/shaderDefUtils.cpp -- Unable to resolve info:sourceAsset </UsdPrimvarReader_float4.info:mdl:sourceAsset> with value @UsdPreviewSurface.mdl@.

2026-10-08 12:28:17 [5,273ms] [Warning] [omni.usd] Warning: in GetNodeDiscoveryResults at line 136 of /builds/omniverse/usd-ci/USD/pxr/usd/usdShade/shaderDefUtils.cpp -- Unable to resolve info:sourceAsset </UsdPrimvarReader_int.info:mdl:sourceAsset> with value @UsdPreviewSurface.mdl@.

2026-10-08 12:28:17 [5,273ms] [Warning] [omni.usd] Warning: in GetNodeDiscoveryResults at line 136 of /builds/omniverse/usd-ci/USD/pxr/usd/usdShade/shaderDefUtils.cpp -- Unable to resolve info:sourceAsset </UsdPrimvarReader_string.info:mdl:sourceAsset> with value @UsdPreviewSurface.mdl@.

2026-10-08 12:28:17 [5,273ms] [Warning] [omni.usd] Warning: in GetNodeDiscoveryResults at line 136 of /builds/omniverse/usd-ci/USD/pxr/usd/usdShade/shaderDefUtils.cpp -- Unable to resolve info:sourceAsset </UsdPrimvarReader_normal.info:mdl:sourceAsset> with value @UsdPreviewSurface.mdl@.

2026-10-08 12:28:17 [5,273ms] [Warning] [omni.usd] Warning: in GetNodeDiscoveryResults at line 136 of /builds/omniverse/usd-ci/USD/pxr/usd/usdShade/shaderDefUtils.cpp -- Unable to resolve info:sourceAsset </UsdPrimvarReader_point.info:mdl:sourceAsset> with value @UsdPreviewSurface.mdl@.

2026-10-08 12:28:17 [5,275ms] [Warning] [omni.usd] Warning: in GetNodeDiscoveryResults at line 136 of /builds/omniverse/usd-ci/USD/pxr/usd/usdShade/shaderDefUtils.cpp -- Unable to resolve info:sourceAsset </UsdPrimvarReader_vector.info:mdl:sourceAsset> with value @UsdPreviewSurface.mdl@.

2026-10-08 12:28:17 [5,275ms] [Warning] [omni.usd] Warning: in GetNodeDiscoveryResults at line 136 of /builds/omniverse/usd-ci/USD/pxr/usd/usdShade/shaderDefUtils.cpp -- Unable to resolve info:sourceAsset </UsdPrimvarReader_matrix.info:mdl:sourceAsset> with value @UsdPreviewSurface.mdl@.

2026-10-08 12:28:17 [5,275ms] [Warning] [omni.usd] Warning: in GetNodeDiscoveryResults at line 136 of /builds/omniverse/usd-ci/USD/pxr/usd/usdShade/shaderDefUtils.cpp -- Unable to resolve info:sourceAsset </UsdTransform2d.info:mdl:sourceAsset> with value @UsdPreviewSurface.mdl@.

[INFO] Command Manager:  <CommandManager> contains 1 active terms.
+------------------------------------------------+
|              Active Command Terms              |
+-------+---------------+------------------------+
| Index | Name          |          Type          |
+-------+---------------+------------------------+
|   0   | base_velocity | UniformVelocityCommand |
+-------+---------------+------------------------+

[INFO] Recorder Manager:  <RecorderManager> contains 0 active terms.
+---------------------+
| Active Recorder Terms |
+-----------+---------+
|   Index   | Name    |
+-----------+---------+
+-----------+---------+

[INFO] Action Manager:  <ActionManager> contains 1 active terms.
+------------------------------------+
|  Active Action Terms (shape: 12)   |
+--------+-------------+-------------+
| Index  | Name        |   Dimension |
+--------+-------------+-------------+
|   0    | joint_pos   |          12 |
+--------+-------------+-------------+

[INFO] Observation Manager: <ObservationManager> contains 1 groups.
+---------------------------------------------------------+
| Active Observation Terms in Group: 'policy' (shape: (48,)) |
+-----------+---------------------------------+-----------+
|   Index   | Name                            |   Shape   |
+-----------+---------------------------------+-----------+
|     0     | base_lin_vel                    |    (3,)   |
|     1     | base_ang_vel                    |    (3,)   |
|     2     | projected_gravity               |    (3,)   |
|     3     | velocity_commands               |    (3,)   |
|     4     | joint_pos                       |   (12,)   |
|     5     | joint_vel                       |   (12,)   |
|     6     | actions                         |   (12,)   |
+-----------+---------------------------------+-----------+

[INFO] Event Manager:  <EventManager> contains 3 active terms.
+--------------------------------------+
| Active Event Terms in Mode: 'startup' |
+----------+---------------------------+
|  Index   | Name                      |
+----------+---------------------------+
|    0     | physics_material          |
+----------+---------------------------+
+---------------------------------------+
|  Active Event Terms in Mode: 'reset'  |
+--------+------------------------------+
| Index  | Name                         |
+--------+------------------------------+
|   0    | base_external_force_torque   |
|   1    | reset_base                   |
|   2    | reset_robot_joints           |
+--------+------------------------------+
+----------------------------------------------+
|    Active Event Terms in Mode: 'interval'    |
+-------+------------+-------------------------+
| Index | Name       | Interval time range (s) |
+-------+------------+-------------------------+
|   0   | push_robot |       (10.0, 15.0)      |
+-------+------------+-------------------------+

[INFO] Termination Manager:  <TerminationManager> contains 2 active terms.
+---------------------------------+
|     Active Termination Terms    |
+-------+--------------+----------+
| Index | Name         | Time Out |
+-------+--------------+----------+
|   0   | time_out     |   True   |
|   1   | base_contact |  False   |
+-------+--------------+----------+

[INFO] Reward Manager:  <RewardManager> contains 11 active terms.
+-----------------------------------------+
|           Active Reward Terms           |
+-------+----------------------+----------+
| Index | Name                 |   Weight |
+-------+----------------------+----------+
|   0   | track_lin_vel_xy_exp |      1.0 |
|   1   | track_ang_vel_z_exp  |      0.5 |
|   2   | lin_vel_z_l2         |     -2.0 |
|   3   | ang_vel_xy_l2        |    -0.05 |
|   4   | dof_torques_l2       | -2.5e-05 |
|   5   | dof_acc_l2           | -2.5e-07 |
|   6   | action_rate_l2       |    -0.01 |
|   7   | feet_air_time        |      0.5 |
|   8   | undesired_contacts   |     -1.0 |
|   9   | flat_orientation_l2  |     -5.0 |
|   10  | dof_pos_limits       |      0.0 |
+-------+----------------------+----------+

[INFO] Curriculum Manager:  <CurriculumManager> contains 0 active terms.
+----------------------+
| Active Curriculum Terms |
+-----------+----------+
|   Index   | Name     |
+-----------+----------+
+-----------+----------+

[INFO]: Completed setting up the environment...
[STAGE] environment_create_done
[STAGE] policy_adapter_setup_start
[STAGE] policy_adapter_setup_done
[INFO] task=YoboGo-Velocity-Flat-v0
[INFO] weights_adaptation=/run/media/pma213x/0C6A8CC86A8CAFCE/Ubuntu2/CodeU/Dog1/mini-cheetah-isaaclab/external_models/rapid-locomotion-rl/runs/rapid-locomotion/example/train/201852.132488/checkpoints/adaptation_module_latest.jit
[INFO] weights_body=/run/media/pma213x/0C6A8CC86A8CAFCE/Ubuntu2/CodeU/Dog1/mini-cheetah-isaaclab/external_models/rapid-locomotion-rl/runs/rapid-locomotion/example/train/201852.132488/checkpoints/body_latest.jit
[INFO] yobogo_observation_dim=48 rapid_observation_dim=42
[INFO] history_dim=630 action_dim=12
[INFO] inference_period=10 control_period_s=0.002 inference_hz=50
[INFO] rapid_replay_actuator_kp=20 kd=0.5 effort=18/18/26
[INFO] yobogo_command=[0.15, 0.0, 0.0] rapid_command=[0.3, 0.0, 0.0]
[INFO] model_dummy_action_shape=(1, 12)
[INFO] model_dummy_latent_shape=(1, 18)
[STAGE] event_loop_start
[DIAG_INFER] step=1 policy_action_max=1.248121 applied_action_max=1.248121 obs_max=1.000000 history_nonzero_rows=0 position_clip=0 torque_clip=0 action=[-0.19197048246860504, 0.6424431204795837, -0.2432025969028473, -0.1273179054260254, 0.7155736088752747, 0.4644812345504761, 0.17107391357421875, -1.2481211423873901, 0.8329904079437256, 0.1677989661693573, -0.6457257270812988, -0.7750468850135803]
[DIAG_TARGET] step=1 target_error=0.000000000 default=[0.0, -0.7853981852531433, 1.8654682636260986, 0.0, -0.7853981852531433, 1.8654682636260986, 0.0, -0.7853981852531433, 1.8654682636260986, 0.0, -0.7853981852531433, 1.8654682636260986] desired=[-0.1239963099360466, -0.6393892168998718, 1.559199333190918, 0.08408526331186295, -0.6211066246032715, 1.736120343208313, -0.07861576229333878, -1.112030267715454, 1.8282475471496582, 0.12097486853599548, -0.9614314436912537, 1.4262382984161377] applied=[-0.1239963099360466, -0.6393892168998718, 1.559199333190918, 0.08408526331186295, -0.6211066246032715, 1.736120343208313, -0.07861576229333878, -1.112030267715454, 1.8282475471496582, 0.12097486853599548, -0.9614314436912537, 1.4262382984161377] current=[-0.001008543069474399, -0.7847934365272522, 1.8693779706954956, -0.0005890445900149643, -0.784170925617218, 1.8690929412841797, -0.0004610868636518717, -0.786846935749054, 1.8713417053222656, -0.00024970361846499145, -0.7848769426345825, 1.870507001876831]
[STAGE] first_step_done
[DIAG_INFER] step=11 policy_action_max=5.830594 applied_action_max=3.000000 obs_max=1.248121 history_nonzero_rows=1 position_clip=0 torque_clip=1 action=[0.778188169002533, 0.9975978136062622, 1.1211498975753784, -3.170423746109009, -0.4437144994735718, 0.17037877440452576, 1.6400384902954102, -5.830594062805176, 3.5653700828552246, -2.9759931564331055, 0.7899645566940308, -2.0624125003814697]
[DIAG_TARGET] step=11 target_error=0.000000000 default=[0.0, -0.7853981852531433, 1.8654682636260986, 0.0, -0.7853981852531433, 1.8654682636260986, 0.0, -0.7853981852531433, 1.8654682636260986, 0.0, -0.7853981852531433, 1.8654682636260986] desired=[-0.0027264803647994995, -0.550600528717041, 1.9002875089645386, -0.2750000059604645, -0.9109286069869995, 1.6625946760177612, 0.10500480979681015, -1.5499999523162842, 2.369999885559082, -0.27199915051460266, -0.6025089025497437, 1.3751672506332397] applied=[-0.0027264803647994995, -0.550600528717041, 1.9002875089645386, -0.2750000059604645, -0.9109286069869995, 1.6625946760177612, 0.10500480979681015, -1.5499999523162842, 2.369999885559082, -0.27199915051460266, -0.6025089025497437, 1.3751672506332397] current=[-0.015498506836593151, -0.775373101234436, 1.8962498903274536, -0.007198011968284845, -0.7564878463745117, 1.8901454210281372, -0.019695768132805824, -0.8832506537437439, 1.9422757625579834, -0.0012054353719577193, -0.7751889824867249, 1.9133501052856445]
[DIAG_INFER] step=21 policy_action_max=15.982562 applied_action_max=3.000000 obs_max=5.187601 history_nonzero_rows=2 position_clip=0 torque_clip=5 action=[7.943880081176758, 4.657354831695557, 7.605928897857666, -3.958373546600342, 3.2330591678619385, -3.2537119388580322, -9.235367774963379, -10.845224380493164, -2.2406005859375, -15.982562065124512, -2.4478678703308105, 1.6035245656967163]
[DIAG_TARGET] step=21 target_error=0.000000000 default=[0.0, -0.7853981852531433, 1.8654682636260986, 0.0, -0.7853981852531433, 1.8654682636260986, 0.0, -0.7853981852531433, 1.8654682636260986, 0.0, -0.7853981852531433, 1.8654682636260986] desired=[0.2750000059604645, -0.050000011920928955, 2.369999885559082, -0.2750000059604645, -0.7226316928863525, 1.0691518783569336, -0.4749999940395355, -1.5499999523162842, 1.0598498582839966, -1.5, 3.499340772628784, 2.2116265296936035] applied=[0.2750000059604645, -0.050000011920928955, 2.369999885559082, -0.2750000059604645, -0.7226316928863525, 1.0691518783569336, -0.4749999940395355, -1.5499999523162842, 1.0598498582839966, -1.5, 3.499340772628784, 2.2116265296936035] current=[-0.07043889909982681, -0.6900572776794434, 1.9325906038284302, -0.1075863316655159, -0.7357258796691895, 1.889135479927063, 0.015883389860391617, -1.2126145362854004, 2.1457643508911133, -0.074058897793293, -0.7368456125259399, 1.925683617591858]
[DIAG_INFER] step=31 policy_action_max=45.909267 applied_action_max=3.000000 obs_max=18.507845 history_nonzero_rows=3 position_clip=0 torque_clip=6 action=[44.8254508972168, 9.667637825012207, 45.90926742553711, 2.0982425212860107, 15.809332847595215, -30.484514236450195, -40.47969055175781, 1.1852972507476807, -10.045159339904785, -45.3079719543457, -23.65338706970215, 42.04801940917969]
[DIAG_TARGET] step=31 target_error=0.000000015 default=[0.0, -0.7853981852531433, 1.8654682636260986, 0.0, -0.7853981852531433, 1.8654682636260986, 0.0, -0.7853981852531433, 1.8654682636260986, 0.0, -0.7853981852531433, 1.8654682636260986] desired=[0.2750000059604645, -0.050000011920928955, 2.369999885559082, 0.36228030920028687, -0.511823832988739, 0.8700000047683716, -0.6397251486778259, -0.06503055989742279, 0.8700000047683716, 1.5, 5.0, 2.700000047683716] applied=[0.2750000059604645, -0.050000011920928955, 2.369999885559082, 0.36228030920028687, -0.511823832988739, 0.8700000047683716, -0.6397251486778259, -0.06503057479858398, 0.8700000047683716, 1.5, 5.0, 2.700000047683716] current=[0.02889350615441799, -0.369447261095047, 2.1622447967529297, -0.2927398681640625, -0.6637808680534363, 1.813684344291687, -0.2414061278104782, -1.3538299798965454, 1.9826714992523193, -0.7055916786193848, -0.10623771697282791, 2.028553009033203]
[DIAG_INFER] step=41 policy_action_max=40.141518 applied_action_max=3.000000 obs_max=13.923655 history_nonzero_rows=4 position_clip=0 torque_clip=6 action=[22.736230850219727, 8.383734703063965, 31.837568283081055, 24.628311157226562, 15.907552719116211, -27.221261978149414, -32.144134521484375, 7.0847954750061035, -13.882512092590332, -23.312992095947266, -25.620084762573242, 40.141517639160156]
[DIAG_TARGET] step=41 target_error=0.000000000 default=[0.0, -0.7853981852531433, 1.8654682636260986, 0.0, -0.7853981852531433, 1.8654682636260986, 0.0, -0.7853981852531433, 1.8654682636260986, 0.0, -0.7853981852531433, 1.8654682636260986] desired=[0.2750000059604645, -0.050000011920928955, 2.369999885559082, 0.4749999940395355, -0.24450194835662842, 0.8700000047683716, -0.4749999940395355, 0.7528371214866638, 1.3333081007003784, 1.5, 5.0, 2.700000047683716] applied=[0.2750000059604645, -0.050000011920928955, 2.369999885559082, 0.4749999940395355, -0.24450194835662842, 0.8700000047683716, -0.4749999940395355, 0.7528371214866638, 1.3333081007003784, 1.5, 5.0, 2.700000047683716] current=[0.38552820682525635, -0.10925164073705673, 2.2583608627319336, -0.08901171386241913, -0.5466837286949158, 1.7109198570251465, -0.21907158195972443, -1.2707668542861938, 1.9731287956237793, -0.6536391377449036, 0.7130056023597717, 2.33961820602417]
[DIAG_INFER] step=51 policy_action_max=12.382301 applied_action_max=3.000000 obs_max=3.324250 history_nonzero_rows=5 position_clip=0 torque_clip=7 action=[9.310091018676758, -5.465483665466309, 4.790860652923584, -12.382301330566406, 3.6033997535705566, 3.8682126998901367, -7.191970348358154, -7.417738437652588, -7.989402770996094, -2.4538702964782715, -7.087863922119141, 2.4709019660949707]
[DIAG_TARGET] step=51 target_error=0.000000119 default=[0.0, -0.7853981852531433, 1.8654682636260986, 0.0, -0.7853981852531433, 1.8654682636260986, 0.0, -0.7853981852531433, 1.8654682636260986, 0.0, -0.7853981852531433, 1.8654682636260986] desired=[0.2750000059604645, -1.0887072086334229, 2.369999885559082, -0.2750000059604645, -0.050000011920928955, 2.369999885559082, 0.20871609449386597, 1.5745354890823364, 1.3382230997085571, -1.5, 0.2293902039527893, 2.6887917518615723] applied=[0.2750000059604645, -1.0887072086334229, 2.369999885559082, -0.2750000059604645, -0.050000011920928955, 2.369999885559082, 0.20871609449386597, 1.5745353698730469, 1.3382230997085571, -1.5, 0.2293902039527893, 2.6887917518615723] current=[0.42666342854499817, -0.04287303611636162, 2.315162181854248, 0.18288102746009827, -0.38285502791404724, 1.5738732814788818, -0.18320806324481964, -1.1289420127868652, 1.9148008823394775, 0.1453406661748886, 1.5268604755401611, 2.5029447078704834]
[DIAG_INFER] step=61 policy_action_max=37.856689 applied_action_max=3.000000 obs_max=26.366278 history_nonzero_rows=6 position_clip=0 torque_clip=4 action=[6.052369117736816, 19.957754135131836, 14.458024978637695, -13.276117324829102, -37.856689453125, -18.373945236206055, 20.852689743041992, -6.106770038604736, 13.199440956115723, -10.097744941711426, 16.247652053833008, 5.53804349899292]
[DIAG_TARGET] step=61 target_error=0.000000060 default=[0.0, -0.7853981852531433, 1.8654682636260986, 0.0, -0.7853981852531433, 1.8654682636260986, 0.0, -0.7853981852531433, 1.8654682636260986, 0.0, -0.7853981852531433, 1.8654682636260986] desired=[0.2750000059604645, -0.050000011920928955, 2.369999885559082, -0.2750000059604645, -1.4338386058807373, 0.8700000047683716, -0.4401180148124695, 0.41790223121643066, 2.369999885559082, -0.2750000059604645, -5.0, 2.369999885559082] applied=[0.2750000059604645, -0.050000011920928955, 2.369999885559082, -0.2750000059604645, -1.4338386058807373, 0.8700000047683716, -0.4401180148124695, 0.41790229082107544, 2.369999885559082, -0.2750000059604645, -5.0, 2.369999885559082] current=[0.27411535382270813, -0.46036943793296814, 2.3341829776763916, 0.014600586146116257, -0.19326020777225494, 1.9737001657485962, -0.32097381353378296, -0.8860636353492737, 1.7887179851531982, -0.3868175446987152, 1.6829993724822998, 2.553316831588745]
[DIAG_INFER] step=71 policy_action_max=29.162487 applied_action_max=3.000000 obs_max=11.084398 history_nonzero_rows=7 position_clip=0 torque_clip=4 action=[20.913766860961914, 3.531872510910034, 14.564589500427246, -3.803333044052124, 7.4189605712890625, -10.66362476348877, -19.7492733001709, -2.0339696407318115, -6.362696647644043, -29.162487030029297, -9.358576774597168, 15.004249572753906]
[DIAG_TARGET] step=71 target_error=0.000000000 default=[0.0, -0.7853981852531433, 1.8654682636260986, 0.0, -0.7853981852531433, 1.8654682636260986, 0.0, -0.7853981852531433, 1.8654682636260986, 0.0, -0.7853981852531433, 1.8654682636260986] desired=[0.2750000059604645, -0.050000011920928955, 2.369999885559082, -0.2750000059604645, -0.050000011920928955, 1.0463988780975342, -0.4749999940395355, -0.9615182280540466, 0.9756873846054077, -0.2750000059604645, 5.0, 2.369999885559082] applied=[0.2750000059604645, -0.050000011920928955, 2.369999885559082, -0.2750000059604645, -0.050000011920928955, 1.0463988780975342, -0.4749999940395355, -0.9615182280540466, 0.9756873846054077, -0.2750000059604645, 5.0, 2.369999885559082] current=[0.308405339717865, -0.4301874041557312, 2.3432412147521973, -0.019721433520317078, -0.3645114600658417, 1.7159422636032104, -0.33629149198532104, -0.2519606649875641, 2.0294623374938965, -0.4022463858127594, 0.890606164932251, 2.415310859680176]
[DIAG_INFER] step=81 policy_action_max=22.896946 applied_action_max=3.000000 obs_max=9.916328 history_nonzero_rows=8 position_clip=0 torque_clip=4 action=[22.558534622192383, 0.23723521828651428, 13.724510192871094, -8.585892677307129, 9.156290054321289, -4.770652770996094, -19.68241310119629, -1.9795715808868408, -9.596407890319824, -22.89694595336914, -9.708868026733398, 13.243880271911621]
[DIAG_TARGET] step=81 target_error=0.000000000 default=[0.0, -0.7853981852531433, 1.8654682636260986, 0.0, -0.7853981852531433, 1.8654682636260986, 0.0, -0.7853981852531433, 1.8654682636260986, 0.0, -0.7853981852531433, 1.8654682636260986] desired=[0.2750000059604645, -0.7406911849975586, 2.369999885559082, -0.2750000059604645, -0.050000011920928955, 0.8700000047683716, -0.4749999940395355, 0.7505386471748352, 1.0340455770492554, -0.6808615326881409, 5.0, 2.369999885559082] applied=[0.2750000059604645, -0.7406911849975586, 2.369999885559082, -0.2750000059604645, -0.050000011920928955, 0.8700000047683716, -0.4749999940395355, 0.7505386471748352, 1.0340455770492554, -0.6808615326881409, 5.0, 2.369999885559082] current=[0.278524786233902, -0.20292675495147705, 2.3566532135009766, 0.08834139257669449, -0.29941698908805847, 1.652358055114746, -0.4441813826560974, -0.16708829998970032, 1.5128049850463867, -0.42522212862968445, 0.9535386562347412, 2.368478298187256]
[DIAG_INFER] step=91 policy_action_max=19.984842 applied_action_max=3.000000 obs_max=14.349685 history_nonzero_rows=9 position_clip=0 torque_clip=5 action=[1.4899088144302368, 8.17737865447998, 6.202508449554443, -9.620519638061523, -19.98484230041504, -13.060641288757324, 8.417917251586914, -3.9464914798736572, 4.3924055099487305, -5.827947616577148, 7.88771915435791, 0.884656548500061]
[DIAG_TARGET] step=91 target_error=0.000000000 default=[0.0, -0.7853981852531433, 1.8654682636260986, 0.0, -0.7853981852531433, 1.8654682636260986, 0.0, -0.7853981852531433, 1.8654682636260986, 0.0, -0.7853981852531433, 1.8654682636260986] desired=[0.08623860031366348, -0.050000011920928955, 2.369999885559082, -0.2750000059604645, -0.4050684869289398, 0.8700000047683716, 0.12224161624908447, 1.8140053749084473, 2.369999885559082, -0.7987223267555237, -5.0, 1.8411641120910645] applied=[0.08623860031366348, -0.050000011920928955, 2.369999885559082, -0.2750000059604645, -0.4050684869289398, 0.8700000047683716, 0.12224161624908447, 1.8140053749084473, 2.369999885559082, -0.7987223267555237, -5.0, 1.8411641120910645] current=[0.2290460467338562, -0.3776205778121948, 2.363682270050049, 0.12466484308242798, -0.22690264880657196, 1.545906901359558, -0.5129051208496094, 0.04297313094139099, 1.2220054864883423, -0.6145098209381104, 1.7639987468719482, 2.3171000480651855]
[DIAG_INFER] step=101 policy_action_max=25.351042 applied_action_max=3.000000 obs_max=8.832189 history_nonzero_rows=10 position_clip=0 torque_clip=5 action=[11.288257598876953, 0.3395034372806549, 7.69708251953125, -4.391565322875977, -1.6428126096725464, -3.2794058322906494, -22.196788787841797, -14.367931365966797, -4.207038879394531, -25.351041793823242, -4.705984115600586, 3.0254459381103516]
[DIAG_TARGET] step=101 target_error=0.000000060 default=[0.0, -0.7853981852531433, 1.8654682636260986, 0.0, -0.7853981852531433, 1.8654682636260986, 0.0, -0.7853981852531433, 1.8654682636260986, 0.0, -0.7853981852531433, 1.8654682636260986] desired=[0.2750000059604645, -0.7151241302490234, 2.369999885559082, -0.2750000059604645, 0.8053982257843018, 1.0137779712677002, -0.4749999940395355, 0.14403188228607178, 0.8700000047683716, -1.5, 5.0, 2.369999885559082] applied=[0.2750000059604645, -0.7151241302490234, 2.369999885559082, -0.2750000059604645, 0.8053982853889465, 1.0137779712677002, -0.4749999940395355, 0.14403188228607178, 0.8700000047683716, -1.5, 5.0, 2.369999885559082] current=[0.12007792294025421, -0.3102783262729645, 2.3657422065734863, 0.08251704275608063, -0.13200071454048157, 1.3816568851470947, -0.18650823831558228, 0.760435163974762, 1.7017626762390137, -0.6941899061203003, 1.7272661924362183, 2.0759661197662354]
[DIAG_INFER] step=111 policy_action_max=17.102741 applied_action_max=3.000000 obs_max=11.249161 history_nonzero_rows=11 position_clip=0 torque_clip=7 action=[10.273942947387695, 9.459404945373535, 12.611879348754883, 8.791385650634766, -15.761429786682129, -17.102741241455078, 6.146799564361572, -1.6330664157867432, -2.059797763824463, -5.273077964782715, -7.660250663757324, 8.876113891601562]
[DIAG_TARGET] step=111 target_error=0.000000000 default=[0.0, -0.7853981852531433, 1.8654682636260986, 0.0, -0.7853981852531433, 1.8654682636260986, 0.0, -0.7853981852531433, 1.8654682636260986, 0.0, -0.7853981852531433, 1.8654682636260986] desired=[0.2750000059604645, -0.050000011920928955, 2.2606348991394043, 0.3535687327384949, -0.2213842272758484, 0.8700000047683716, -0.7861590385437012, 2.023597478866577, 1.1050505638122559, 1.5, -5.0, 2.369999885559082] applied=[0.2750000059604645, -0.050000011920928955, 2.2606348991394043, 0.3535687327384949, -0.2213842272758484, 0.8700000047683716, -0.7861590385437012, 2.023597478866577, 1.1050505638122559, 1.5, -5.0, 2.369999885559082] current=[0.10627125948667526, -0.44180038571357727, 2.3690381050109863, -0.0634104385972023, 0.214715376496315, 1.1409951448440552, -0.29518863558769226, 0.940536618232727, 1.2998285293579102, -1.1756830215454102, 1.9816502332687378, 2.1924614906311035]
[DIAG_INFER] step=121 policy_action_max=24.543320 applied_action_max=3.000000 obs_max=10.189723 history_nonzero_rows=12 position_clip=0 torque_clip=9 action=[18.280956268310547, 3.2240092754364014, 12.669806480407715, 4.8835835456848145, 6.72374963760376, -11.316027641296387, -14.08940601348877, 8.293261528015137, -8.385052680969238, -24.543319702148438, -12.110991477966309, 16.344026565551758]
[DIAG_TARGET] step=121 target_error=0.000000060 default=[0.0, -0.7853981852531433, 1.8654682636260986, 0.0, -0.7853981852531433, 1.8654682636260986, 0.0, -0.7853981852531433, 1.8654682636260986, 0.0, -0.7853981852531433, 1.8654682636260986] desired=[0.2750000059604645, -0.050000011920928955, 2.210688591003418, 0.09870654344558716, 0.7935824394226074, 0.8700000047683716, -0.4638768434524536, 0.29360151290893555, 0.9808241128921509, 1.0944191217422485, 5.0, 0.9064279794692993] applied=[0.2750000059604645, -0.050000011920928955, 2.210688591003418, 0.09870654344558716, 0.7935824990272522, 0.8700000047683716, -0.4638768434524536, 0.2936015725135803, 0.9808241128921509, 1.0944191217422485, 5.0, 0.9064279794692993] current=[0.25277385115623474, -0.33563730120658875, 2.295414447784424, 0.1348145753145218, 0.23610174655914307, 1.028214931488037, -0.4975038170814514, 1.1663670539855957, 1.1112288236618042, -0.5069568753242493, 1.8884687423706055, 2.2411885261535645]
[DIAG_INFER] step=131 policy_action_max=17.192101 applied_action_max=3.000000 obs_max=7.283183 history_nonzero_rows=13 position_clip=0 torque_clip=8 action=[17.192100524902344, 1.584687352180481, 10.01108455657959, 2.6945693492889404, 6.965349197387695, -7.522488594055176, -9.79830551147461, 8.35500717163086, -12.43068790435791, -15.08056926727295, -9.03952693939209, 11.783004760742188]
[DIAG_TARGET] step=131 target_error=0.000000000 default=[0.0, -0.7853981852531433, 1.8654682636260986, 0.0, -0.7853981852531433, 1.8654682636260986, 0.0, -0.7853981852531433, 1.8654682636260986, 0.0, -0.7853981852531433, 1.8654682636260986] desired=[0.2750000059604645, -0.3010522723197937, 2.119293689727783, 0.3221920132637024, -0.050000011920928955, 0.8700000047683716, 0.024651795625686646, 2.2878403663635254, 0.8700000047683716, 0.2969893217086792, 5.0, 1.474017858505249] applied=[0.2750000059604645, -0.3010522723197937, 2.119293689727783, 0.3221920132637024, -0.050000011920928955, 0.8700000047683716, 0.024651795625686646, 2.2878403663635254, 0.8700000047683716, 0.2969893217086792, 5.0, 1.474017858505249] current=[0.3113347887992859, -0.1545877754688263, 2.238072156906128, 0.23893113434314728, 0.3428869843482971, 0.90162193775177, -0.5551245212554932, 1.1271713972091675, 1.1030817031860352, 0.22458164393901825, 2.245328187942505, 1.7116280794143677]
[DIAG_INFER] step=141 policy_action_max=7.169146 applied_action_max=3.000000 obs_max=5.251171 history_nonzero_rows=14 position_clip=0 torque_clip=7 action=[-4.639581680297852, -5.403221130371094, 0.39428845047950745, -6.498987197875977, -6.1689887046813965, -0.9333025217056274, -7.169145584106445, -4.156684875488281, -2.333562135696411, 3.773918628692627, 3.1474242210388184, -2.1724331378936768]
[DIAG_TARGET] step=141 target_error=0.000000000 default=[0.0, -0.7853981852531433, 1.8654682636260986, 0.0, -0.7853981852531433, 1.8654682636260986, 0.0, -0.7853981852531433, 1.8654682636260986, 0.0, -0.7853981852531433, 1.8654682636260986] desired=[-0.4749999940395355, -0.7893711924552917, 1.7185721397399902, -0.2750000059604645, 1.0313949584960938, 1.386674404144287, -0.419485867023468, 3.1073403358459473, 1.036609411239624, -1.5, -3.68056058883667, 1.0496433973312378] applied=[-0.4749999940395355, -0.7893711924552917, 1.7185721397399902, -0.2750000059604645, 1.0313949584960938, 1.386674404144287, -0.419485867023468, 3.1073403358459473, 1.036609411239624, -1.5, -3.68056058883667, 1.0496433973312378] current=[0.24523989856243134, -0.1684228777885437, 2.1964457035064697, 0.21304109692573547, 0.2930382490158081, 0.9309232831001282, -0.19012796878814697, 1.399109959602356, 0.8941587805747986, 0.3981562852859497, 3.0596632957458496, 1.4753942489624023]
[DIAG_INFER] step=151 policy_action_max=33.319538 applied_action_max=3.000000 obs_max=15.600972 history_nonzero_rows=15 position_clip=0 torque_clip=5 action=[-33.31953811645508, 3.2524778842926025, -0.27309009432792664, -25.219770431518555, -10.51367473602295, -1.930432915687561, -5.079145431518555, -21.737783432006836, 7.413288116455078, -10.176128387451172, 4.360068321228027, -8.651140213012695]
[DIAG_TARGET] step=151 target_error=0.000000000 default=[0.0, -0.7853981852531433, 1.8654682636260986, 0.0, -0.7853981852531433, 1.8654682636260986, 0.0, -0.7853981852531433, 1.8654682636260986, 0.0, -0.7853981852531433, 1.8654682636260986] desired=[-0.4749999940395355, -0.049988627433776855, 1.551727533340454, -0.2750000059604645, 2.18835711479187, 1.1373918056488037, -0.4749999940395355, 2.091261148452759, 2.369999885559082, -1.5, -5.0, 0.8700000047683716] applied=[-0.4749999940395355, -0.049988627433776855, 1.551727533340454, -0.2750000059604645, 2.18835711479187, 1.1373918056488037, -0.4749999940395355, 2.091261148452759, 2.369999885559082, -1.5, -5.0, 0.8700000047683716] current=[-0.04591284319758415, -0.21184419095516205, 2.255971670150757, -0.19456472992897034, 0.47787922620773315, 1.1054542064666748, -0.3631367087364197, 2.1371448040008545, 0.9305039644241333, -0.27994033694267273, 3.2477169036865234, 1.2881958484649658]
[DIAG_INFER] step=161 policy_action_max=18.472450 applied_action_max=3.000000 obs_max=8.585962 history_nonzero_rows=15 position_clip=0 torque_clip=8 action=[7.562882900238037, -4.778401851654053, 4.265676021575928, 0.9677845239639282, -6.778149604797363, 1.311282992362976, -18.472450256347656, -4.68127965927124, -7.934843063354492, -10.104785919189453, -4.706218719482422, 0.75432288646698]
[DIAG_TARGET] step=161 target_error=0.000000060 default=[0.0, -0.7853981852531433, 1.8654682636260986, 0.0, -0.7853981852531433, 1.8654682636260986, 0.0, -0.7853981852531433, 1.8654682636260986, 0.0, -0.7853981852531433, 1.8654682636260986] desired=[0.2750000059604645, 1.2596321105957031, 2.3396177291870117, 0.22097307443618774, 1.687676191329956, 1.947820782661438, -0.6508209109306335, 0.7114664316177368, 0.8700000047683716, -1.5, 3.5556533336639404, -2.700000047683716] applied=[0.2750000059604645, 1.2596321105957031, 2.3396177291870117, 0.22097307443618774, 1.687676191329956, 1.947820782661438, -0.6508209109306335, 0.711466372013092, 0.8700000047683716, -1.5, 3.5556533336639404, -2.700000047683716] current=[-0.23428961634635925, -0.12042278051376343, 2.1503450870513916, -0.2799995541572571, 1.212015986442566, 1.0640062093734741, -0.483238160610199, 2.464273452758789, 1.4305864572525024, -0.9355690479278564, 2.566107988357544, 1.0175434350967407]
[DIAG_INFER] step=171 policy_action_max=89.484047 applied_action_max=3.000000 obs_max=36.033020 history_nonzero_rows=15 position_clip=0 torque_clip=8 action=[66.05260467529297, 13.437312126159668, 63.64323043823242, 36.59112548828125, 18.41196632385254, -54.93568801879883, -71.04794311523438, 26.504135131835938, -27.059921264648438, -89.48404693603516, -38.61986541748047, 67.67079162597656]
[DIAG_TARGET] step=171 target_error=0.000000119 default=[0.0, -0.7853981852531433, 1.8654682636260986, 0.0, -0.7853981852531433, 1.8654682636260986, 0.0, -0.7853981852531433, 1.8654682636260986, 0.0, -0.7853981852531433, 1.8654682636260986] desired=[0.2750000059604645, 1.2863729000091553, 2.369999885559082, 0.2583855986595154, 0.4787033796310425, 0.8700000047683716, -0.8961312770843506, 1.6251972913742065, 0.8700000047683716, 1.5, 5.0, 2.700000047683716] applied=[0.2750000059604645, 1.2863729000091553, 2.369999885559082, 0.2583855986595154, 0.4787033200263977, 0.8700000047683716, -0.8961312770843506, 1.625197172164917, 0.8700000047683716, 1.5, 5.0, 2.700000047683716] current=[0.03487939015030861, 0.498718798160553, 2.2120161056518555, 0.027276165783405304, 1.7313878536224365, 1.5196539163589478, -0.517037034034729, 2.1494791507720947, 1.189125657081604, -1.3493666648864746, 2.3522636890411377, 0.5592259168624878]
[DIAG_INFER] step=181 policy_action_max=8.368223 applied_action_max=3.000000 obs_max=3.505659 history_nonzero_rows=15 position_clip=0 torque_clip=7 action=[1.7426337003707886, -1.2482346296310425, 3.826608419418335, -8.368223190307617, -0.32448458671569824, -6.889044761657715, 0.9822273850440979, 0.42816710472106934, 5.181611061096191, 0.3903646171092987, -2.010106325149536, 7.047263145446777]
[DIAG_TARGET] step=181 target_error=0.000000060 default=[0.0, -0.7853981852531433, 1.8654682636260986, 0.0, -0.7853981852531433, 1.8654682636260986, 0.0, -0.7853981852531433, 1.8654682636260986, 0.0, -0.7853981852531433, 1.8654682636260986] desired=[0.11782921105623245, 0.35667872428894043, 2.280460834503174, -0.2750000059604645, 0.36827635765075684, 0.8700000047683716, 0.022778421640396118, 2.529421091079712, 2.369999885559082, 1.5, 0.5812466740608215, 2.700000047683716] applied=[0.11782921105623245, 0.3566787838935852, 2.280460834503174, -0.2750000059604645, 0.3682764172554016, 0.8700000047683716, 0.022778421640396118, 2.529421091079712, 2.369999885559082, 1.5, 0.5812466740608215, 2.700000047683716] current=[0.2948388159275055, 0.9529837965965271, 2.282447099685669, 0.30310919880867004, 1.6928439140319824, 1.233049750328064, -0.6966230869293213, 1.6691499948501587, 0.9968556761741638, -1.125495433807373, 2.6675610542297363, 1.0944219827651978]
[DIAG_INFER] step=191 policy_action_max=19.499125 applied_action_max=3.000000 obs_max=15.907716 history_nonzero_rows=15 position_clip=0 torque_clip=4 action=[-13.432559967041016, 4.669683456420898, -5.337624549865723, -18.914663314819336, -18.292478561401367, -19.49912452697754, 3.9663455486297607, -4.212016582489014, 8.604371070861816, -5.528830051422119, 17.202638626098633, -5.718385696411133]
[DIAG_TARGET] step=191 target_error=0.000000119 default=[0.0, -0.7853981852531433, 1.8654682636260986, 0.0, -0.7853981852531433, 1.8654682636260986, 0.0, -0.7853981852531433, 1.8654682636260986, 0.0, -0.7853981852531433, 1.8654682636260986] desired=[-0.4749999940395355, -0.050000011920928955, 0.8700000047683716, -0.2750000059604645, 1.3759182691574097, 0.8700000047683716, 0.2750000059604645, 1.7835499048233032, 2.369999885559082, -1.5, -5.0, 0.8700000047683716] applied=[-0.4749999940395355, -0.050000011920928955, 0.8700000047683716, -0.2750000059604645, 1.3759181499481201, 0.8700000047683716, 0.2750000059604645, 1.7835497856140137, 2.369999885559082, -1.5, -5.0, 0.8700000047683716] current=[0.1956339031457901, 0.667823314666748, 2.2428460121154785, 0.07674641162157059, 1.110594391822815, 1.0169861316680908, -0.31965047121047974, 1.7861435413360596, 1.5324921607971191, -0.32385051250457764, 2.8694639205932617, 1.5814865827560425]
[STAGE] video_encoding_start
[SUMMARY] {"task": "YoboGo-Velocity-Flat-v0", "mode": "smoke", "yobogo_walk_speed_m_s": 0.15, "rapid_walk_speed_m_s": 0.3, "adaptation_weight": "/run/media/pma213x/0C6A8CC86A8CAFCE/Ubuntu2/CodeU/Dog1/mini-cheetah-isaaclab/external_models/rapid-locomotion-rl/runs/rapid-locomotion/example/train/201852.132488/checkpoints/adaptation_module_latest.jit", "body_weight": "/run/media/pma213x/0C6A8CC86A8CAFCE/Ubuntu2/CodeU/Dog1/mini-cheetah-isaaclab/external_models/rapid-locomotion-rl/runs/rapid-locomotion/example/train/201852.132488/checkpoints/body_latest.jit", "completed_steps": 200, "inference_steps": 20, "expected_inference_steps": 20, "reset_count": 0, "safety_clip_count": 110, "position_clip_count": 0, "torque_clip_count": 110, "large_action_inference_count": 16, "official_clip_inference_count": 0, "max_abs_rapid_action": 3.0, "max_abs_policy_action": 89.48404693603516, "ood_guard_count": 185, "base_height_min_m": 0.22605513036251068, "max_abs_roll_deg": 115.39698806481901, "max_abs_pitch_deg": 23.846411616434086, "xy_displacement_m": 0.278780460357666, "mean_measured_velocity_m_s": -0.5604557524621486, "final_command": [0.15000000596046448, 0.0, 0.0], "terminated_steps": 0, "stability_errors": ["max_abs_roll_deg=115.397>=45"], "interface_ok": true, "stable_walking": false, "video": null, "video_frames_written": 0}
Traceback (most recent call last):
  File "/run/media/pma213x/0C6A8CC86A8CAFCE/Ubuntu2/CodeU/Dog1/mini-cheetah-isaaclab/training/scripts/play_rapid.py", line 597, in <module>
    exit_code = main()
  File "/run/media/pma213x/0C6A8CC86A8CAFCE/Ubuntu2/CodeU/Dog1/mini-cheetah-isaaclab/training/scripts/play_rapid.py", line 584, in main
    raise RuntimeError(
RuntimeError: 稳定性 Gate 失败：max_abs_roll_deg=115.397>=45
