[3gH    H    H    H    H    H    H    H    H    H    H    H    H    H    H    H    H    H    H    H   [INFO] Using python from: /home/pma213x/.venvs/minicheetah-isaaclab/bin/python
[INFO][AppLauncher]: Loading experience file: /home/pma213x/IsaacLab/apps/isaaclab.python.headless.kit
[Warning] [simulation_app.simulation_app] Modules: ['omni.kit_app'] were loaded before SimulationApp was started and might not be loaded correctly.
[Warning] [simulation_app.simulation_app] Please check to make sure no extra omniverse or pxr modules are imported before the call to SimulationApp(...)
Loading user config located at: '/home/pma213x/.venvs/minicheetah-isaaclab/lib/python3.10/site-packages/omni/data/Kit/Isaac-Sim/4.5/user.config.json'
[Info] [carb] Logging to file: /home/pma213x/.venvs/minicheetah-isaaclab/lib/python3.10/site-packages/omni/logs/Kit/Isaac-Sim/4.5/kit_20261008_202853.log
2026-10-08 12:28:53 [0ms] [Warning] [omni.kit.app.plugin] No crash reporter present, dumps uploading isn't available.
2026-10-08 12:28:53 [85ms] [Warning] [omni.usd_config.extension] Enable omni.materialx.libs extension to use MaterialX
2026-10-08 12:28:53 [341ms] [Warning] [omni.datastore] OmniHub is inaccessible
2026-10-08 12:28:53 [370ms] [Warning] [omni.isaac.dynamic_control] omni.isaac.dynamic_control is deprecated as of Isaac Sim 4.5. No action is needed from end-users.
Gym has been unmaintained since 2022 and does not support NumPy 2.0 amongst other critical functionality.
Please upgrade to Gymnasium, the maintained drop-in replacement of Gym, or contact the authors of your software and request that they upgrade.
See the migration guide at https://gymnasium.farama.org/introduction/migration_guide/ for additional information.
2026-10-08 12:28:54 [1,709ms] [Warning] [gpu.foundation.plugin] Skipping unsupported non-NVIDIA GPU: Intel(R) UHD Graphics (ADL-S GT0.5)
2026-10-08 12:28:54 [1,709ms] [Warning] [gpu.foundation.plugin] Skipping unsupported non-NVIDIA GPU: Intel(R) UHD Graphics (ADL-S GT0.5)

|---------------------------------------------------------------------------------------------|
| Driver Version: 580.178.04    | Graphics API: Vulkan
|=============================================================================================|
| GPU | Name                             | Active | LDA | GPU Memory | Vendor-ID | LUID       |
|     |                                  |        |     |            | Device-ID | UUID       |
|     |                                  |        |     |            | Bus-ID    |            |
|---------------------------------------------------------------------------------------------|
| 0   | NVIDIA GeForce RTX 4060 Laptop.. | Yes: 0 |     | 8188    MB | 10de      | 0          |
|     |                                  |        |     |            | 28e0      | 4d090564.. |
|     |                                  |        |     |            | 1         |            |
|---------------------------------------------------------------------------------------------|
| 1   | Intel(R) UHD Graphics (ADL-S G.. |        |     | 11374   MB | 8086      | 0          |
|     |                                  |        |     |            | 468b      | 86808b46.. |
|     |                                  |        |     |            | 0         |            |
|=============================================================================================|
| OS: 26.04.1 LTS (Resolute Raccoon) ubuntu, Version: 26.04.1, Kernel: 7.0.0-34-generic
| XServer Vendor: The X.Org Foundation, XServer Version: 12401010 (1.24.1.10)
| Processor: 13th Gen Intel(R) Core(TM) i5-13500HX
| Bare Metal Cores: 14 | Bare Metal Logical Cores: 28
| Available Cores:  20 
|---------------------------------------------------------------------------------------------|
| Total Memory (MB): 15166 | Free Memory: 6000
| Total Page/Swap (MB): 20479 | Free Page/Swap: 20437
|---------------------------------------------------------------------------------------------|
2026-10-08 12:28:54 [1,920ms] [Warning] [gpu.foundation.plugin] IOMMU is enabled.
2026-10-08 12:28:54 [1,922ms] [Warning] [gpu.foundation.plugin] Detected IOMMU is enabled. Running CUDA peer-to-peer bandwidth and latency validation.
Unidirectional P2P=Enabled Bandwidth (P2P Writes) Matrix (GB/s)
   D\D     0 
     0 221.76 
P2P=Enabled Latency (P2P Writes) Matrix (us)
   GPU     0 
     0   1.41 

   CPU     0 
     0   1.53 
[STAGE] config_start
[INFO]: Parsing configuration from: training.envs.velocity_flat_env_cfg:YoboGoVelocityFlatEnvCfg
[STAGE] config_done
[STAGE] environment_create_start
2026-10-08 12:28:55 [2,100ms] [Warning] [isaaclab.envs.manager_based_env] Seed not set for the environment. The environment creation may not be deterministic.
[INFO]: Base environment:
	Environment device    : cuda:0
	Environment seed      : None
	Physics step-size     : 0.0004
	Rendering step-size   : 0.002
	Environment step-size : 0.002
2026-10-08 12:28:55 [2,161ms] [Warning] [isaaclab.terrains.terrain_importer] Visual material specified for ground plane but no diffuse color found. Using default color: (0.0, 0.0, 0.0)
[INFO]: Time taken for scene creation : 2.206184 seconds
[INFO]: Scene manager:  <class InteractiveScene>
	Number of environments: 1
	Environment spacing   : 2.5
	Source prim name      : /World/envs/env_0
	Global prim paths     : ['/World/ground']
	Replicate physics     : True
[INFO]: Starting the simulation. This may take a few seconds. Please wait...
[INFO]: Time taken for simulation start : 0.352294 seconds
2026-10-08 12:28:57 [4,926ms] [Warning] [omni.usd] Warning: in GetNodeDiscoveryResults at line 136 of /builds/omniverse/usd-ci/USD/pxr/usd/usdShade/shaderDefUtils.cpp -- Unable to resolve info:sourceAsset </UsdPreviewSurface.info:mdl:sourceAsset> with value @UsdPreviewSurface.mdl@.

2026-10-08 12:28:57 [4,927ms] [Warning] [omni.usd] Warning: in GetNodeDiscoveryResults at line 136 of /builds/omniverse/usd-ci/USD/pxr/usd/usdShade/shaderDefUtils.cpp -- Unable to resolve info:sourceAsset </UsdUVTexture.info:mdl:sourceAsset> with value @UsdPreviewSurface.mdl@.

2026-10-08 12:28:57 [4,927ms] [Warning] [omni.usd] Warning: in GetNodeDiscoveryResults at line 136 of /builds/omniverse/usd-ci/USD/pxr/usd/usdShade/shaderDefUtils.cpp -- Unable to resolve info:sourceAsset </UsdPrimvarReader_float.info:mdl:sourceAsset> with value @UsdPreviewSurface.mdl@.

2026-10-08 12:28:57 [4,927ms] [Warning] [omni.usd] Warning: in GetNodeDiscoveryResults at line 136 of /builds/omniverse/usd-ci/USD/pxr/usd/usdShade/shaderDefUtils.cpp -- Unable to resolve info:sourceAsset </UsdPrimvarReader_float2.info:mdl:sourceAsset> with value @UsdPreviewSurface.mdl@.

2026-10-08 12:28:57 [4,927ms] [Warning] [omni.usd] Warning: in GetNodeDiscoveryResults at line 136 of /builds/omniverse/usd-ci/USD/pxr/usd/usdShade/shaderDefUtils.cpp -- Unable to resolve info:sourceAsset </UsdPrimvarReader_float3.info:mdl:sourceAsset> with value @UsdPreviewSurface.mdl@.

2026-10-08 12:28:57 [4,927ms] [Warning] [omni.usd] Warning: in GetNodeDiscoveryResults at line 136 of /builds/omniverse/usd-ci/USD/pxr/usd/usdShade/shaderDefUtils.cpp -- Unable to resolve info:sourceAsset </UsdPrimvarReader_float4.info:mdl:sourceAsset> with value @UsdPreviewSurface.mdl@.

2026-10-08 12:28:57 [4,927ms] [Warning] [omni.usd] Warning: in GetNodeDiscoveryResults at line 136 of /builds/omniverse/usd-ci/USD/pxr/usd/usdShade/shaderDefUtils.cpp -- Unable to resolve info:sourceAsset </UsdPrimvarReader_int.info:mdl:sourceAsset> with value @UsdPreviewSurface.mdl@.

2026-10-08 12:28:57 [4,927ms] [Warning] [omni.usd] Warning: in GetNodeDiscoveryResults at line 136 of /builds/omniverse/usd-ci/USD/pxr/usd/usdShade/shaderDefUtils.cpp -- Unable to resolve info:sourceAsset </UsdPrimvarReader_string.info:mdl:sourceAsset> with value @UsdPreviewSurface.mdl@.

2026-10-08 12:28:57 [4,927ms] [Warning] [omni.usd] Warning: in GetNodeDiscoveryResults at line 136 of /builds/omniverse/usd-ci/USD/pxr/usd/usdShade/shaderDefUtils.cpp -- Unable to resolve info:sourceAsset </UsdPrimvarReader_normal.info:mdl:sourceAsset> with value @UsdPreviewSurface.mdl@.

2026-10-08 12:28:57 [4,927ms] [Warning] [omni.usd] Warning: in GetNodeDiscoveryResults at line 136 of /builds/omniverse/usd-ci/USD/pxr/usd/usdShade/shaderDefUtils.cpp -- Unable to resolve info:sourceAsset </UsdPrimvarReader_point.info:mdl:sourceAsset> with value @UsdPreviewSurface.mdl@.

2026-10-08 12:28:57 [4,929ms] [Warning] [omni.usd] Warning: in GetNodeDiscoveryResults at line 136 of /builds/omniverse/usd-ci/USD/pxr/usd/usdShade/shaderDefUtils.cpp -- Unable to resolve info:sourceAsset </UsdPrimvarReader_vector.info:mdl:sourceAsset> with value @UsdPreviewSurface.mdl@.

2026-10-08 12:28:57 [4,929ms] [Warning] [omni.usd] Warning: in GetNodeDiscoveryResults at line 136 of /builds/omniverse/usd-ci/USD/pxr/usd/usdShade/shaderDefUtils.cpp -- Unable to resolve info:sourceAsset </UsdPrimvarReader_matrix.info:mdl:sourceAsset> with value @UsdPreviewSurface.mdl@.

2026-10-08 12:28:57 [4,929ms] [Warning] [omni.usd] Warning: in GetNodeDiscoveryResults at line 136 of /builds/omniverse/usd-ci/USD/pxr/usd/usdShade/shaderDefUtils.cpp -- Unable to resolve info:sourceAsset </UsdTransform2d.info:mdl:sourceAsset> with value @UsdPreviewSurface.mdl@.

[INFO] Command Manager:  <CommandManager> contains 1 active terms.
+------------------------------------------------+
|              Active Command Terms              |
+-------+---------------+------------------------+
| Index | Name          |          Type          |
+-------+---------------+------------------------+
|   0   | base_velocity | UniformVelocityCommand |
+-------+---------------+------------------------+

[INFO] Recorder Manager:  <RecorderManager> contains 0 active terms.
+---------------------+
| Active Recorder Terms |
+-----------+---------+
|   Index   | Name    |
+-----------+---------+
+-----------+---------+

[INFO] Action Manager:  <ActionManager> contains 1 active terms.
+------------------------------------+
|  Active Action Terms (shape: 12)   |
+--------+-------------+-------------+
| Index  | Name        |   Dimension |
+--------+-------------+-------------+
|   0    | joint_pos   |          12 |
+--------+-------------+-------------+

[INFO] Observation Manager: <ObservationManager> contains 1 groups.
+---------------------------------------------------------+
| Active Observation Terms in Group: 'policy' (shape: (48,)) |
+-----------+---------------------------------+-----------+
|   Index   | Name                            |   Shape   |
+-----------+---------------------------------+-----------+
|     0     | base_lin_vel                    |    (3,)   |
|     1     | base_ang_vel                    |    (3,)   |
|     2     | projected_gravity               |    (3,)   |
|     3     | velocity_commands               |    (3,)   |
|     4     | joint_pos                       |   (12,)   |
|     5     | joint_vel                       |   (12,)   |
|     6     | actions                         |   (12,)   |
+-----------+---------------------------------+-----------+

[INFO] Event Manager:  <EventManager> contains 3 active terms.
+--------------------------------------+
| Active Event Terms in Mode: 'startup' |
+----------+---------------------------+
|  Index   | Name                      |
+----------+---------------------------+
|    0     | physics_material          |
+----------+---------------------------+
+---------------------------------------+
|  Active Event Terms in Mode: 'reset'  |
+--------+------------------------------+
| Index  | Name                         |
+--------+------------------------------+
|   0    | base_external_force_torque   |
|   1    | reset_base                   |
|   2    | reset_robot_joints           |
+--------+------------------------------+
+----------------------------------------------+
|    Active Event Terms in Mode: 'interval'    |
+-------+------------+-------------------------+
| Index | Name       | Interval time range (s) |
+-------+------------+-------------------------+
|   0   | push_robot |       (10.0, 15.0)      |
+-------+------------+-------------------------+

[INFO] Termination Manager:  <TerminationManager> contains 2 active terms.
+---------------------------------+
|     Active Termination Terms    |
+-------+--------------+----------+
| Index | Name         | Time Out |
+-------+--------------+----------+
|   0   | time_out     |   True   |
|   1   | base_contact |  False   |
+-------+--------------+----------+

[INFO] Reward Manager:  <RewardManager> contains 11 active terms.
+-----------------------------------------+
|           Active Reward Terms           |
+-------+----------------------+----------+
| Index | Name                 |   Weight |
+-------+----------------------+----------+
|   0   | track_lin_vel_xy_exp |      1.0 |
|   1   | track_ang_vel_z_exp  |      0.5 |
|   2   | lin_vel_z_l2         |     -2.0 |
|   3   | ang_vel_xy_l2        |    -0.05 |
|   4   | dof_torques_l2       | -2.5e-05 |
|   5   | dof_acc_l2           | -2.5e-07 |
|   6   | action_rate_l2       |    -0.01 |
|   7   | feet_air_time        |      0.5 |
|   8   | undesired_contacts   |     -1.0 |
|   9   | flat_orientation_l2  |     -5.0 |
|   10  | dof_pos_limits       |      0.0 |
+-------+----------------------+----------+

[INFO] Curriculum Manager:  <CurriculumManager> contains 0 active terms.
+----------------------+
| Active Curriculum Terms |
+-----------+----------+
|   Index   | Name     |
+-----------+----------+
+-----------+----------+

[INFO]: Completed setting up the environment...
[STAGE] environment_create_done
[STAGE] policy_adapter_setup_start
[STAGE] policy_adapter_setup_done
[INFO] task=YoboGo-Velocity-Flat-v0
[INFO] weights_adaptation=/run/media/pma213x/0C6A8CC86A8CAFCE/Ubuntu2/CodeU/Dog1/mini-cheetah-isaaclab/external_models/rapid-locomotion-rl/runs/rapid-locomotion/example/train/201852.132488/checkpoints/adaptation_module_latest.jit
[INFO] weights_body=/run/media/pma213x/0C6A8CC86A8CAFCE/Ubuntu2/CodeU/Dog1/mini-cheetah-isaaclab/external_models/rapid-locomotion-rl/runs/rapid-locomotion/example/train/201852.132488/checkpoints/body_latest.jit
[INFO] yobogo_observation_dim=48 rapid_observation_dim=42
[INFO] history_dim=630 action_dim=12
[INFO] inference_period=10 control_period_s=0.002 inference_hz=50
[INFO] rapid_replay_actuator_kp=20 kd=0.5 effort=18/18/26
[INFO] yobogo_command=[0.15, 0.0, 0.0] rapid_command=[0.3, 0.0, 0.0]
[INFO] model_dummy_action_shape=(1, 12)
[INFO] model_dummy_latent_shape=(1, 18)
[STAGE] event_loop_start
[DIAG_INFER] step=1 policy_action_max=1.248121 applied_action_max=1.248121 obs_max=1.000000 history_nonzero_rows=0 position_clip=0 torque_clip=0 action=[-0.1919695883989334, 0.6424431800842285, -0.24320298433303833, -0.1273176372051239, 0.7155735492706299, 0.4644817113876343, 0.17107388377189636, -1.2481205463409424, 0.8329899311065674, 0.16779962182044983, -0.6457256078720093, -0.7750471830368042]
[DIAG_TARGET] step=1 target_error=0.000000000 default=[0.0, -0.7853981852531433, 1.8654682636260986, 0.0, -0.7853981852531433, 1.8654682636260986, 0.0, -0.7853981852531433, 1.8654682636260986, 0.0, -0.7853981852531433, 1.8654682636260986] desired=[-0.12399619817733765, -0.6393892168998718, 1.5591992139816284, 0.08408530056476593, -0.6211066246032715, 1.7361204624176025, -0.07861576974391937, -1.1120301485061646, 1.8282475471496582, 0.12097495794296265, -0.9614313840866089, 1.4262381792068481] applied=[-0.12399619817733765, -0.6393892168998718, 1.5591992139816284, 0.08408530056476593, -0.6211066246032715, 1.7361204624176025, -0.07861576974391937, -1.1120301485061646, 1.8282475471496582, 0.12097495794296265, -0.9614313840866089, 1.4262381792068481] current=[-0.00022327361511997879, -0.7836317420005798, 1.865214228630066, 0.0006674465257674456, -0.7836921811103821, 1.8638384342193604, -0.00025119379279203713, -0.7872281670570374, 1.867326259613037, 0.0007739639841020107, -0.784430742263794, 1.8654948472976685]
[STAGE] first_step_done
[DIAG_INFER] step=11 policy_action_max=3.248410 applied_action_max=2.000000 obs_max=1.248121 history_nonzero_rows=1 position_clip=0 torque_clip=0 action=[3.2484095096588135, 1.6643532514572144, 1.742661714553833, -0.9828811883926392, -0.06585924327373505, -0.06484372168779373, -1.241994857788086, -1.832185983657837, -1.4056966304779053, -2.832484245300293, 0.45706894993782043, -0.34937745332717896]
[DIAG_TARGET] step=11 target_error=0.000000000 default=[0.0, -0.7853981852531433, 1.8654682636260986, 0.0, -0.7853981852531433, 1.8654682636260986, 0.0, -0.7853981852531433, 1.8654682636260986, 0.0, -0.7853981852531433, 1.8654682636260986] desired=[0.15000000596046448, -0.38391169905662537, 2.0556654930114746, -0.022860147058963776, -0.8164648413658142, 1.6037890911102295, -0.25524935126304626, -1.2580465078353882, 1.26857590675354, -0.15000000596046448, -0.6857327818870544, 1.5326555967330933] applied=[0.15000000596046448, -0.38391169905662537, 2.0556654930114746, -0.022860147058963776, -0.8164648413658142, 1.6037890911102295, -0.25524935126304626, -1.2580465078353882, 1.26857590675354, -0.15000000596046448, -0.6857327818870544, 1.5326555967330933] current=[-0.0009392409701831639, -0.7641453146934509, 1.8663924932479858, 0.013348180800676346, -0.733573317527771, 1.8287131786346436, -0.025655128061771393, -0.8980682492256165, 1.8898468017578125, 0.0016789507353678346, -0.7668692469596863, 1.8637553453445435]
[DIAG_INFER] step=21 policy_action_max=24.891792 applied_action_max=2.000000 obs_max=10.342628 history_nonzero_rows=2 position_clip=0 torque_clip=3 action=[24.461320877075195, 6.881405353546143, 21.724214553833008, -4.2252349853515625, 6.150505542755127, -14.581063270568848, -16.75294303894043, -1.9380501508712769, -3.3449323177337646, -24.89179229736328, -7.813870429992676, 16.871599197387695]
[DIAG_TARGET] step=21 target_error=0.000000000 default=[0.0, -0.7853981852531433, 1.8654682636260986, 0.0, -0.7853981852531433, 1.8654682636260986, 0.0, -0.7853981852531433, 1.8654682636260986, 0.0, -0.7853981852531433, 1.8654682636260986] desired=[0.15000000596046448, -0.30000001192092896, 2.119999885559082, -0.15000000596046448, -0.30000001192092896, 1.1200000047683716, -0.3499999940395355, -1.2845125198364258, 1.1200000047683716, 1.5, 5.0, 2.700000047683716] applied=[0.15000000596046448, -0.30000001192092896, 2.119999885559082, -0.15000000596046448, -0.30000001192092896, 1.1200000047683716, -0.3499999940395355, -1.2845125198364258, 1.1200000047683716, 1.5, 5.0, 2.700000047683716] current=[0.05463182553648949, -0.5999560356140137, 1.9657278060913086, -0.008185665123164654, -0.7001417279243469, 1.7892124652862549, -0.11051636189222336, -0.9474843740463257, 1.879631757736206, -0.014017206616699696, -0.734921932220459, 1.8653068542480469]
[DIAG_INFER] step=31 policy_action_max=21.013725 applied_action_max=2.000000 obs_max=8.323867 history_nonzero_rows=3 position_clip=0 torque_clip=6 action=[20.980562210083008, 2.933669328689575, 18.787412643432617, -8.449592590332031, 9.140942573547363, -9.704174041748047, -11.416760444641113, -1.262797474861145, -4.8801727294921875, -21.01372528076172, -7.309791564941406, 16.218650817871094]
[DIAG_TARGET] step=31 target_error=0.000000022 default=[0.0, -0.7853981852531433, 1.8654682636260986, 0.0, -0.7853981852531433, 1.8654682636260986, 0.0, -0.7853981852531433, 1.8654682636260986, 0.0, -0.7853981852531433, 1.8654682636260986] desired=[0.15000000596046448, -0.30000001192092896, 2.119999885559082, -0.15000000596046448, -0.30000001192092896, 1.1200000047683716, 0.4677518606185913, -0.03760173171758652, 1.2882826328277588, 1.5, 5.0, 2.700000047683716] applied=[0.15000000596046448, -0.30000001192092896, 2.119999885559082, -0.15000000596046448, -0.30000001192092896, 1.1200000047683716, 0.4677518606185913, -0.03760170936584473, 1.2882826328277588, 1.5, 5.0, 2.700000047683716] current=[0.1717243492603302, -0.3974938988685608, 2.0451788902282715, 0.025844736024737358, -0.6667781472206116, 1.7698676586151123, -0.13790011405944824, -0.9669398069381714, 1.8512953519821167, 0.5611512064933777, -0.07970130443572998, 2.2318179607391357]
[DIAG_INFER] step=41 policy_action_max=14.266764 applied_action_max=2.000000 obs_max=3.591738 history_nonzero_rows=4 position_clip=0 torque_clip=5 action=[14.266763687133789, -3.744128465652466, 10.103734970092773, -11.846986770629883, 5.751949310302734, -1.9085196256637573, -3.627565860748291, -4.908888339996338, -9.732421875, -6.63385009765625, -6.171814918518066, 9.049822807312012]
[DIAG_TARGET] step=41 target_error=0.000000119 default=[0.0, -0.7853981852531433, 1.8654682636260986, 0.0, -0.7853981852531433, 1.8654682636260986, 0.0, -0.7853981852531433, 1.8654682636260986, 0.0, -0.7853981852531433, 1.8654682636260986] desired=[0.15000000596046448, -1.2999999523162842, 2.119999885559082, -0.15000000596046448, -0.30000001192092896, 1.1428700685501099, 0.8619095683097839, 0.7832884192466736, 1.3470993041992188, -0.15000000596046448, 1.9160081148147583, 2.135793447494507] applied=[0.15000000596046448, -1.2999999523162842, 2.119999885559082, -0.15000000596046448, -0.30000001192092896, 1.1428700685501099, 0.8619095683097839, 0.7832884192466736, 1.3470993041992188, -0.15000000596046448, 1.9160079956054688, 2.135793447494507] current=[0.20867688953876495, -0.2911147177219391, 2.087052345275879, 0.07131385058164597, -0.6176602840423584, 1.7362641096115112, -0.10022641718387604, -0.9036905169487, 1.8177601099014282, 1.1794222593307495, 0.7402822971343994, 2.433743476867676]
[DIAG_INFER] step=51 policy_action_max=41.890343 applied_action_max=2.000000 obs_max=25.464331 history_nonzero_rows=5 position_clip=0 torque_clip=4 action=[14.814265251159668, 18.951923370361328, 20.89076042175293, -5.849882125854492, -41.890342712402344, -23.831186294555664, 21.902542114257812, -6.434319972991943, 4.024129867553711, -11.592972755432129, 10.398204803466797, 8.122039794921875]
[DIAG_TARGET] step=51 target_error=0.000000000 default=[0.0, -0.7853981852531433, 1.8654682636260986, 0.0, -0.7853981852531433, 1.8654682636260986, 0.0, -0.7853981852531433, 1.8654682636260986, 0.0, -0.7853981852531433, 1.8654682636260986] desired=[0.15000000596046448, -0.30000001192092896, 2.119999885559082, -0.15000000596046448, -0.8728718161582947, 1.1200000047683716, 0.15000000596046448, 1.2924294471740723, 2.119999885559082, 1.5, -5.0, 2.119999885559082] applied=[0.15000000596046448, -0.30000001192092896, 2.119999885559082, -0.15000000596046448, -0.8728718161582947, 1.1200000047683716, 0.15000000596046448, 1.2924294471740723, 2.119999885559082, 1.5, -5.0, 2.119999885559082] current=[0.1935904324054718, -0.678143322467804, 2.0999584197998047, 0.06219670549035072, -0.5093521475791931, 1.6518152952194214, 0.016248004510998726, -0.5990771055221558, 1.7395325899124146, 0.6793823838233948, 1.4818400144577026, 2.2261803150177]
[DIAG_INFER] step=61 policy_action_max=25.331245 applied_action_max=2.000000 obs_max=9.154926 history_nonzero_rows=6 position_clip=0 torque_clip=5 action=[15.145973205566406, 0.8564568758010864, 10.354696273803711, -1.608855128288269, 3.5565764904022217, -5.649009704589844, -20.809968948364258, -9.975564002990723, -7.918552398681641, -25.33124542236328, -6.664822578430176, 7.368310451507568]
[DIAG_TARGET] step=61 target_error=0.000000000 default=[0.0, -0.7853981852531433, 1.8654682636260986, 0.0, -0.7853981852531433, 1.8654682636260986, 0.0, -0.7853981852531433, 1.8654682636260986, 0.0, -0.7853981852531433, 1.8654682636260986] desired=[0.15000000596046448, -0.585885763168335, 2.119999885559082, -0.10110688954591751, 0.24744218587875366, 1.1200000047683716, 0.6702641248703003, -0.7854565382003784, 1.1200000047683716, -1.5, 5.0, 2.119999885559082] applied=[0.15000000596046448, -0.585885763168335, 2.119999885559082, -0.10110688954591751, 0.24744218587875366, 1.1200000047683716, 0.6702641248703003, -0.7854565382003784, 1.1200000047683716, -1.5, 5.0, 2.119999885559082] current=[0.1670592576265335, -0.6793630719184875, 2.091712713241577, 0.08431751281023026, -0.4389846920967102, 1.587828516960144, 0.1580219566822052, 0.20108118653297424, 1.8567066192626953, 1.04901123046875, 1.0694551467895508, 2.1647937297821045]
[DIAG_INFER] step=71 policy_action_max=11.913984 applied_action_max=2.000000 obs_max=2.566742 history_nonzero_rows=7 position_clip=0 torque_clip=4 action=[9.973653793334961, -0.845173716545105, 7.295078754425049, -4.5443620681762695, 3.7520084381103516, -1.2683939933776855, 0.9205921292304993, -0.8600170016288757, -7.530941963195801, -3.672229766845703, -7.271735191345215, 11.913984298706055]
[DIAG_TARGET] step=71 target_error=0.000000000 default=[0.0, -0.7853981852531433, 1.8654682636260986, 0.0, -0.7853981852531433, 1.8654682636260986, 0.0, -0.7853981852531433, 1.8654682636260986, 0.0, -0.7853981852531433, 1.8654682636260986] desired=[0.15000000596046448, -0.6956589221954346, 2.119999885559082, -0.15000000596046448, -0.30000001192092896, 1.3029015064239502, 0.015074014663696289, 1.0428674221038818, 1.1200000047683716, 1.0703626871109009, 0.8767178654670715, 2.119999885559082] applied=[0.15000000596046448, -0.6956589221954346, 2.119999885559082, -0.15000000596046448, -0.30000001192092896, 1.3029015064239502, 0.015074014663696289, 1.0428674221038818, 1.1200000047683716, 1.0703626871109009, 0.8767178654670715, 2.119999885559082] current=[0.11822838336229324, -0.5847340822219849, 2.1122329235076904, 0.0018479690188542008, -0.17151570320129395, 1.365282416343689, 0.35379084944725037, 0.4033898115158081, 1.4890326261520386, 0.3578718602657318, 1.196690320968628, 2.096641778945923]
[DIAG_INFER] step=81 policy_action_max=5.220681 applied_action_max=2.000000 obs_max=3.073913 history_nonzero_rows=8 position_clip=0 torque_clip=6 action=[-5.2206807136535645, -2.680114507675171, -1.7493547201156616, -2.778557538986206, 1.4385478496551514, -0.34184059500694275, -2.164968729019165, -1.8762375116348267, 0.9138338565826416, 1.5792558193206787, 0.7439337968826294, 0.03099144995212555]
[DIAG_TARGET] step=81 target_error=0.000000000 default=[0.0, -0.7853981852531433, 1.8654682636260986, 0.0, -0.7853981852531433, 1.8654682636260986, 0.0, -0.7853981852531433, 1.8654682636260986, 0.0, -0.7853981852531433, 1.8654682636260986] desired=[-0.3499999940395355, -1.0648009777069092, 1.1826612949371338, -0.15000000596046448, -0.09956681728363037, 1.534539818763733, 0.22225910425186157, 0.03371703624725342, 1.8484585285186768, -0.3080015778541565, -2.969425916671753, 1.627747893333435] applied=[-0.3499999940395355, -1.0648009777069092, 1.1826612949371338, -0.15000000596046448, -0.09956681728363037, 1.534539818763733, 0.22225910425186157, 0.03371703624725342, 1.8484585285186768, -0.3080015778541565, -2.969425916671753, 1.627747893333435] current=[0.13436366617679596, -0.6232659816741943, 2.090825319290161, -0.06376460939645767, -0.11909326910972595, 1.358539342880249, 0.2968760132789612, 0.5037397146224976, 1.2561246156692505, 0.6269195675849915, 1.1597119569778442, 2.1118927001953125]
[DIAG_INFER] step=91 policy_action_max=17.332327 applied_action_max=2.000000 obs_max=7.857059 history_nonzero_rows=9 position_clip=0 torque_clip=3 action=[-17.332326889038086, 7.725458145141602, -0.8730592727661133, -9.528878211975098, 0.7504392862319946, -1.62213134765625, -0.3573220372200012, -12.63696575164795, 6.899852752685547, -15.882842063903809, 0.8217802047729492, -1.871926188468933]
[DIAG_TARGET] step=91 target_error=0.000000000 default=[0.0, -0.7853981852531433, 1.8654682636260986, 0.0, -0.7853981852531433, 1.8654682636260986, 0.0, -0.7853981852531433, 1.8654682636260986, 0.0, -0.7853981852531433, 1.8654682636260986] desired=[-0.3499999940395355, -0.30000001192092896, 1.4017351865768433, -0.15000000596046448, -0.6123901605606079, 1.214467167854309, -0.14466525614261627, -1.2999999523162842, 2.119999885559082, -1.5, -3.382840156555176, 2.4617056846618652] applied=[-0.3499999940395355, -0.30000001192092896, 1.4017351865768433, -0.15000000596046448, -0.6123901605606079, 1.214467167854309, -0.14466525614261627, -1.2999999523162842, 2.119999885559082, -1.5, -3.382840156555176, 2.4617056846618652] current=[-0.10228432714939117, -0.7562488317489624, 1.776610255241394, -0.21906250715255737, -0.13813121616840363, 1.4376145601272583, 0.15168501436710358, 0.40278783440589905, 1.6339683532714844, 0.24823051691055298, 0.4908410310745239, 1.837590217590332]
[DIAG_INFER] step=101 policy_action_max=13.089106 applied_action_max=2.000000 obs_max=5.485349 history_nonzero_rows=10 position_clip=0 torque_clip=5 action=[-6.110561370849609, 4.0302228927612305, 2.1209428310394287, -8.512237548828125, 1.8433961868286133, 0.38381195068359375, -4.589550495147705, -13.089105606079102, 3.5556609630584717, -10.64315414428711, -0.19965669512748718, -5.392861366271973]
[DIAG_TARGET] step=101 target_error=0.000000000 default=[0.0, -0.7853981852531433, 1.8654682636260986, 0.0, -0.7853981852531433, 1.8654682636260986, 0.0, -0.7853981852531433, 1.8654682636260986, 0.0, -0.7853981852531433, 1.8654682636260986] desired=[-0.3499999940395355, -0.30000001192092896, 2.119999885559082, -0.15000000596046448, -0.35244566202163696, 1.71595299243927, -0.6037044525146484, -1.2999999523162842, 2.119999885559082, -1.5, -0.20641332864761353, 1.6694287061691284] applied=[-0.3499999940395355, -0.30000001192092896, 2.119999885559082, -0.15000000596046448, -0.35244566202163696, 1.71595299243927, -0.6037044525146484, -1.2999999523162842, 2.119999885559082, -1.5, -0.20641332864761353, 1.6694287061691284] current=[-0.258261501789093, -0.7266254425048828, 1.8143185377120972, -0.23442676663398743, -0.31440114974975586, 1.3372257947921753, -0.017710842192173004, -0.3094359338283539, 1.892622947692871, -0.560837984085083, -0.3205459415912628, 2.087371826171875]
[DIAG_INFER] step=111 policy_action_max=23.935163 applied_action_max=2.000000 obs_max=11.847300 history_nonzero_rows=11 position_clip=0 torque_clip=5 action=[23.935163497924805, 16.732208251953125, 19.941404342651367, -21.71417808532715, 2.1523616313934326, -10.315011978149414, -14.541672706604004, -21.540088653564453, 5.8054962158203125, -17.384902954101562, 0.1745767891407013, -2.9625439643859863]
[DIAG_TARGET] step=111 target_error=0.000000000 default=[0.0, -0.7853981852531433, 1.8654682636260986, 0.0, -0.7853981852531433, 1.8654682636260986, 0.0, -0.7853981852531433, 1.8654682636260986, 0.0, -0.7853981852531433, 1.8654682636260986] desired=[0.15000000596046448, -0.30000001192092896, 2.119999885559082, -0.15000000596046448, -0.7114823460578918, 1.1200000047683716, -0.8648789525032043, -1.2999999523162842, 2.119999885559082, -0.6131864190101624, 5.0, 2.700000047683716] applied=[0.15000000596046448, -0.30000001192092896, 2.119999885559082, -0.15000000596046448, -0.7114823460578918, 1.1200000047683716, -0.8648789525032043, -1.2999999523162842, 2.119999885559082, -0.6131864190101624, 5.0, 2.700000047683716] current=[-0.33526527881622314, -0.5376859307289124, 1.9797362089157104, -0.15784931182861328, -0.4421505331993103, 1.5085489749908447, -0.26759544014930725, -0.9937279224395752, 1.9614530801773071, -1.204355239868164, -0.4829927384853363, 1.8134791851043701]
[DIAG_INFER] step=121 policy_action_max=39.549751 applied_action_max=2.000000 obs_max=14.176527 history_nonzero_rows=12 position_clip=0 torque_clip=7 action=[27.925386428833008, 9.743526458740234, 34.773536682128906, 31.76540756225586, 15.02255916595459, -33.098106384277344, -38.97995376586914, 7.871428966522217, -24.277063369750977, -28.06682014465332, -27.268102645874023, 39.54975128173828]
[DIAG_TARGET] step=121 target_error=0.000000030 default=[0.0, -0.7853981852531433, 1.8654682636260986, 0.0, -0.7853981852531433, 1.8654682636260986, 0.0, -0.7853981852531433, 1.8654682636260986, 0.0, -0.7853981852531433, 1.8654682636260986] desired=[0.15000000596046448, -0.30000001192092896, 2.119999885559082, -0.06935867667198181, -0.5694403052330017, 1.1200000047683716, -0.3499999940395355, 0.1997465193271637, 1.333310604095459, 1.5, 4.910272598266602, 2.700000047683716] applied=[0.15000000596046448, -0.30000001192092896, 2.119999885559082, -0.06935867667198181, -0.5694403052330017, 1.1200000047683716, -0.3499999940395355, 0.19974654912948608, 1.333310604095459, 1.5, 4.910272598266602, 2.700000047683716] current=[-0.07808120548725128, -0.3526105284690857, 2.056941270828247, -0.032735295593738556, -0.5306670665740967, 1.3056857585906982, -0.5776933431625366, -1.2724815607070923, 1.996718406677246, -1.1206432580947876, 0.15739771723747253, 2.2283198833465576]
[DIAG_INFER] step=131 policy_action_max=21.856874 applied_action_max=2.000000 obs_max=6.515523 history_nonzero_rows=13 position_clip=0 torque_clip=5 action=[11.299295425415039, 4.734493255615234, 14.39065933227539, 11.228338241577148, 5.867891788482666, -14.833449363708496, -11.152623176574707, 2.1966116428375244, -11.894121170043945, -10.373780250549316, -14.949995994567871, 21.856874465942383]
[DIAG_TARGET] step=131 target_error=0.000000000 default=[0.0, -0.7853981852531433, 1.8654682636260986, 0.0, -0.7853981852531433, 1.8654682636260986, 0.0, -0.7853981852531433, 1.8654682636260986, 0.0, -0.7853981852531433, 1.8654682636260986] desired=[0.15000000596046448, -0.30000001192092896, 2.119999885559082, 0.3499999940395355, -0.30000001192092896, 1.1200000047683716, -0.29513055086135864, 1.0194644927978516, 1.353177785873413, 1.5, 0.132820725440979, 2.119999885559082] applied=[0.15000000596046448, -0.30000001192092896, 2.119999885559082, 0.3499999940395355, -0.30000001192092896, 1.1200000047683716, -0.29513055086135864, 1.0194644927978516, 1.353177785873413, 1.5, 0.132820725440979, 2.119999885559082] current=[0.1815093755722046, -0.2812047004699707, 2.0851364135742188, 0.06813319027423859, -0.6093846559524536, 1.1909129619598389, -0.5400417447090149, -0.9957107901573181, 1.6964375972747803, -0.3379335105419159, 0.9682921171188354, 2.4324891567230225]
[DIAG_INFER] step=141 policy_action_max=5.553706 applied_action_max=2.000000 obs_max=2.049616 history_nonzero_rows=14 position_clip=0 torque_clip=2 action=[3.964090347290039, -1.9231828451156616, 3.1189939975738525, -2.2510828971862793, 2.6787235736846924, 0.12396066635847092, -2.293792963027954, 2.6970269680023193, -5.553706169128418, 0.4792639911174774, -4.237052917480469, 4.614948749542236]
[DIAG_TARGET] step=141 target_error=0.000000000 default=[0.0, -0.7853981852531433, 1.8654682636260986, 0.0, -0.7853981852531433, 1.8654682636260986, 0.0, -0.7853981852531433, 1.8654682636260986, 0.0, -0.7853981852531433, 1.8654682636260986] desired=[0.15000000596046448, -1.280795693397522, 2.119999885559082, -0.15000000596046448, -0.30000001192092896, 1.6509901285171509, 0.5248761177062988, -0.30000001192092896, 1.1200000047683716, 0.1599079966545105, -1.1675769090652466, 2.119999885559082] applied=[0.15000000596046448, -1.280795693397522, 2.119999885559082, -0.15000000596046448, -0.30000001192092896, 1.6509901285171509, 0.5248761177062988, -0.30000001192092896, 1.1200000047683716, 0.1599079966545105, -1.1675769090652466, 2.119999885559082] current=[0.22635702788829803, -0.269625186920166, 2.1018917560577393, 0.18073253333568573, -0.5327678918838501, 1.158165693283081, -0.4275895357131958, -0.8918992280960083, 1.7059359550476074, 0.4671396017074585, 0.9021635055541992, 2.25628924369812]
[DIAG_INFER] step=151 policy_action_max=40.890213 applied_action_max=2.000000 obs_max=25.841269 history_nonzero_rows=15 position_clip=0 torque_clip=2 action=[10.464271545410156, 19.99521827697754, 19.3769588470459, -8.62366771697998, -40.89021301269531, -19.600923538208008, 22.1713924407959, -4.555663585662842, 10.972600936889648, -12.06574535369873, 12.516159057617188, 7.800525188446045]
[DIAG_TARGET] step=151 target_error=0.000000000 default=[0.0, -0.7853981852531433, 1.8654682636260986, 0.0, -0.7853981852531433, 1.8654682636260986, 0.0, -0.7853981852531433, 1.8654682636260986, 0.0, -0.7853981852531433, 1.8654682636260986] desired=[0.15000000596046448, -0.30000001192092896, 2.119999885559082, -0.15000000596046448, -1.2999999523162842, 1.1200000047683716, 0.15000000596046448, -1.2999999523162842, 2.119999885559082, -0.15000000596046448, -5.0, 1.8397021293640137] applied=[0.15000000596046448, -0.30000001192092896, 2.119999885559082, -0.15000000596046448, -1.2999999523162842, 1.1200000047683716, 0.15000000596046448, -1.2999999523162842, 2.119999885559082, -0.15000000596046448, -5.0, 1.8397021293640137] current=[0.183749258518219, -0.6827467083930969, 2.1002042293548584, 0.23325811326503754, -0.5028781890869141, 1.4385735988616943, -0.34808990359306335, -0.7376651167869568, 1.666667103767395, 0.45909640192985535, 0.10487394779920578, 2.1242289543151855]
[DIAG_INFER] step=161 policy_action_max=23.421608 applied_action_max=2.000000 obs_max=9.504600 history_nonzero_rows=15 position_clip=0 torque_clip=4 action=[18.37111473083496, 6.3672895431518555, 16.772600173950195, -1.6243735551834106, 6.225975513458252, -9.459416389465332, -17.925378799438477, -2.674758195877075, -1.5649609565734863, -23.421607971191406, -5.114144325256348, 10.456094741821289]
[DIAG_TARGET] step=161 target_error=0.000000000 default=[0.0, -0.7853981852531433, 1.8654682636260986, 0.0, -0.7853981852531433, 1.8654682636260986, 0.0, -0.7853981852531433, 1.8654682636260986, 0.0, -0.7853981852531433, 1.8654682636260986] desired=[0.15000000596046448, -0.30000001192092896, 2.119999885559082, -0.10304669290781021, -0.37889766693115234, 1.1200000047683716, -0.3499999940395355, -1.2999999523162842, 1.228759765625, 0.04824799299240112, 5.0, 2.700000047683716] applied=[0.15000000596046448, -0.30000001192092896, 2.119999885559082, -0.10304669290781021, -0.37889766693115234, 1.1200000047683716, -0.3499999940395355, -1.2999999523162842, 1.228759765625, 0.04824799299240112, 5.0, 2.700000047683716] current=[0.1738462597131729, -0.6615593433380127, 2.1726982593536377, 0.32609081268310547, -0.6348819732666016, 1.5376641750335693, -0.12935525178909302, -0.9333351850509644, 1.9093785285949707, 0.06135227531194687, -0.7095704078674316, 1.9057945013046265]
[DIAG_INFER] step=171 policy_action_max=19.422958 applied_action_max=2.000000 obs_max=8.557665 history_nonzero_rows=15 position_clip=0 torque_clip=6 action=[17.691028594970703, 1.156276822090149, 13.99211597442627, -8.508459091186523, 8.293033599853516, -5.327078342437744, -17.556644439697266, -2.6901004314422607, -3.1678261756896973, -19.422958374023438, -4.921139717102051, 9.012459754943848]
[DIAG_TARGET] step=171 target_error=0.000000000 default=[0.0, -0.7853981852531433, 1.8654682636260986, 0.0, -0.7853981852531433, 1.8654682636260986, 0.0, -0.7853981852531433, 1.8654682636260986, 0.0, -0.7853981852531433, 1.8654682636260986] desired=[0.15000000596046448, -0.5109307765960693, 2.119999885559082, -0.15000000596046448, -0.46111708879470825, 1.1200000047683716, -0.3499999940395355, -1.0405547618865967, 1.344037413597107, -0.18971258401870728, 5.0, 2.700000047683716] applied=[0.15000000596046448, -0.5109307765960693, 2.119999885559082, -0.15000000596046448, -0.46111708879470825, 1.1200000047683716, -0.3499999940395355, -1.0405547618865967, 1.344037413597107, -0.18971258401870728, 5.0, 2.700000047683716] current=[0.15929830074310303, -0.46892622113227844, 2.216980218887329, 0.3545633852481842, -0.5981183648109436, 1.5576138496398926, -0.19915369153022766, -1.141561508178711, 1.5176498889923096, -0.1331985741853714, -0.7513936161994934, 2.275599241256714]
[DIAG_INFER] step=181 policy_action_max=15.585252 applied_action_max=2.000000 obs_max=4.436856 history_nonzero_rows=15 position_clip=0 torque_clip=4 action=[14.195133209228516, 0.804444432258606, 9.176806449890137, -15.585251808166504, 5.476237773895264, -2.250413179397583, -3.8440048694610596, -7.845649242401123, -1.2878012657165527, -8.212424278259277, -5.289637565612793, 6.087128639221191]
[DIAG_TARGET] step=181 target_error=0.000000007 default=[0.0, -0.7853981852531433, 1.8654682636260986, 0.0, -0.7853981852531433, 1.8654682636260986, 0.0, -0.7853981852531433, 1.8654682636260986, 0.0, -0.7853981852531433, 1.8654682636260986] desired=[0.15000000596046448, -0.5988888740539551, 2.119999885559082, -0.15000000596046448, -0.30000001192092896, 1.1200000047683716, -0.3499999940395355, 0.10696917027235031, 1.3501458168029785, -0.15000000596046448, 2.750579595565796, 2.700000047683716] applied=[0.15000000596046448, -0.5988888740539551, 2.119999885559082, -0.15000000596046448, -0.30000001192092896, 1.1200000047683716, -0.3499999940395355, 0.10696917772293091, 1.3501458168029785, -0.15000000596046448, 2.750579595565796, 2.700000047683716] current=[0.14691075682640076, -0.36432552337646484, 2.287004232406616, 0.2840040624141693, -0.525304913520813, 1.5311051607131958, -0.34382930397987366, -1.1899718046188354, 1.3924788236618042, -0.1998746246099472, 0.06417430937290192, 2.478325605392456]
[DIAG_INFER] step=191 policy_action_max=9.011621 applied_action_max=2.000000 obs_max=3.111235 history_nonzero_rows=15 position_clip=0 torque_clip=5 action=[4.0731306076049805, 3.7909951210021973, 6.24789571762085, -2.1060829162597656, -2.6967556476593018, -2.664340019226074, -0.580554187297821, -4.3705220222473145, -9.011621475219727, -1.5698198080062866, -8.51026725769043, 5.703365802764893]
[DIAG_TARGET] step=191 target_error=0.000000119 default=[0.0, -0.7853981852531433, 1.8654682636260986, 0.0, -0.7853981852531433, 1.8654682636260986, 0.0, -0.7853981852531433, 1.8654682636260986, 0.0, -0.7853981852531433, 1.8654682636260986] desired=[0.15000000596046448, -0.30000001192092896, 2.119999885559082, -0.15000000596046448, -1.2999999523162842, 1.1200000047683716, -0.17256927490234375, 0.927104651927948, 1.3523353338241577, 0.9071782827377319, -2.82003116607666, -0.17850816249847412] applied=[0.15000000596046448, -0.30000001192092896, 2.119999885559082, -0.15000000596046448, -1.2999999523162842, 1.1200000047683716, -0.17256927490234375, 0.927104651927948, 1.3523353338241577, 0.9071782827377319, -2.82003116607666, -0.17850804328918457] current=[0.1879168301820755, -0.3616238534450531, 2.3556532859802246, 0.24647562205791473, -0.4591541588306427, 1.4664379358291626, -0.4052663743495941, -0.9762090444564819, 1.3573155403137207, -0.20247897505760193, 0.8726843595504761, 2.5248026847839355]
[STAGE] video_encoding_start
[SUMMARY] {"task": "YoboGo-Velocity-Flat-v0", "mode": "smoke", "yobogo_walk_speed_m_s": 0.15, "rapid_walk_speed_m_s": 0.3, "adaptation_weight": "/run/media/pma213x/0C6A8CC86A8CAFCE/Ubuntu2/CodeU/Dog1/mini-cheetah-isaaclab/external_models/rapid-locomotion-rl/runs/rapid-locomotion/example/train/201852.132488/checkpoints/adaptation_module_latest.jit", "body_weight": "/run/media/pma213x/0C6A8CC86A8CAFCE/Ubuntu2/CodeU/Dog1/mini-cheetah-isaaclab/external_models/rapid-locomotion-rl/runs/rapid-locomotion/example/train/201852.132488/checkpoints/body_latest.jit", "completed_steps": 200, "inference_steps": 20, "expected_inference_steps": 20, "reset_count": 0, "safety_clip_count": 81, "position_clip_count": 0, "torque_clip_count": 81, "large_action_inference_count": 15, "official_clip_inference_count": 0, "max_abs_rapid_action": 2.0, "max_abs_policy_action": 41.890342712402344, "ood_guard_count": 181, "base_height_min_m": 0.24989880621433258, "max_abs_roll_deg": 35.959013731171325, "max_abs_pitch_deg": 15.59238256148909, "xy_displacement_m": 0.284548819065094, "mean_measured_velocity_m_s": -0.6586805331707001, "final_command": [0.15000000596046448, 0.0, 0.0], "terminated_steps": 0, "stability_errors": [], "interface_ok": true, "stable_walking": true, "video": null, "video_frames_written": 0}
[STAGE] event_loop_done
