[3gH    H    H    H    H    H    H    H    H    H    H    H    H    H    H    H    H    H    H    H   [INFO] Using python from: /home/pma213x/.venvs/minicheetah-isaaclab/bin/python
[INFO][AppLauncher]: Loading experience file: /home/pma213x/IsaacLab/apps/isaaclab.python.headless.kit
[Warning] [simulation_app.simulation_app] Modules: ['omni.kit_app'] were loaded before SimulationApp was started and might not be loaded correctly.
[Warning] [simulation_app.simulation_app] Please check to make sure no extra omniverse or pxr modules are imported before the call to SimulationApp(...)
Loading user config located at: '/home/pma213x/.venvs/minicheetah-isaaclab/lib/python3.10/site-packages/omni/data/Kit/Isaac-Sim/4.5/user.config.json'
[Info] [carb] Logging to file: /home/pma213x/.venvs/minicheetah-isaaclab/lib/python3.10/site-packages/omni/logs/Kit/Isaac-Sim/4.5/kit_20261008_202927.log
2026-10-08 12:29:27 [0ms] [Warning] [omni.kit.app.plugin] No crash reporter present, dumps uploading isn't available.
2026-10-08 12:29:27 [87ms] [Warning] [omni.usd_config.extension] Enable omni.materialx.libs extension to use MaterialX
2026-10-08 12:29:27 [340ms] [Warning] [omni.datastore] OmniHub is inaccessible
2026-10-08 12:29:27 [364ms] [Warning] [omni.isaac.dynamic_control] omni.isaac.dynamic_control is deprecated as of Isaac Sim 4.5. No action is needed from end-users.
Gym has been unmaintained since 2022 and does not support NumPy 2.0 amongst other critical functionality.
Please upgrade to Gymnasium, the maintained drop-in replacement of Gym, or contact the authors of your software and request that they upgrade.
See the migration guide at https://gymnasium.farama.org/introduction/migration_guide/ for additional information.
2026-10-08 12:29:29 [1,719ms] [Warning] [gpu.foundation.plugin] Skipping unsupported non-NVIDIA GPU: Intel(R) UHD Graphics (ADL-S GT0.5)
2026-10-08 12:29:29 [1,719ms] [Warning] [gpu.foundation.plugin] Skipping unsupported non-NVIDIA GPU: Intel(R) UHD Graphics (ADL-S GT0.5)

|---------------------------------------------------------------------------------------------|
| Driver Version: 580.178.04    | Graphics API: Vulkan
|=============================================================================================|
| GPU | Name                             | Active | LDA | GPU Memory | Vendor-ID | LUID       |
|     |                                  |        |     |            | Device-ID | UUID       |
|     |                                  |        |     |            | Bus-ID    |            |
|---------------------------------------------------------------------------------------------|
| 0   | NVIDIA GeForce RTX 4060 Laptop.. | Yes: 0 |     | 8188    MB | 10de      | 0          |
|     |                                  |        |     |            | 28e0      | 4d090564.. |
|     |                                  |        |     |            | 1         |            |
|---------------------------------------------------------------------------------------------|
| 1   | Intel(R) UHD Graphics (ADL-S G.. |        |     | 11374   MB | 8086      | 0          |
|     |                                  |        |     |            | 468b      | 86808b46.. |
|     |                                  |        |     |            | 0         |            |
|=============================================================================================|
| OS: 26.04.1 LTS (Resolute Raccoon) ubuntu, Version: 26.04.1, Kernel: 7.0.0-34-generic
| XServer Vendor: The X.Org Foundation, XServer Version: 12401010 (1.24.1.10)
| Processor: 13th Gen Intel(R) Core(TM) i5-13500HX
| Bare Metal Cores: 14 | Bare Metal Logical Cores: 28
| Available Cores:  20 
|---------------------------------------------------------------------------------------------|
| Total Memory (MB): 15166 | Free Memory: 5977
| Total Page/Swap (MB): 20479 | Free Page/Swap: 20437
|---------------------------------------------------------------------------------------------|
2026-10-08 12:29:29 [1,931ms] [Warning] [gpu.foundation.plugin] IOMMU is enabled.
2026-10-08 12:29:29 [1,933ms] [Warning] [gpu.foundation.plugin] Detected IOMMU is enabled. Running CUDA peer-to-peer bandwidth and latency validation.
Unidirectional P2P=Enabled Bandwidth (P2P Writes) Matrix (GB/s)
   D\D     0 
     0 221.41 
P2P=Enabled Latency (P2P Writes) Matrix (us)
   GPU     0 
     0   1.47 

   CPU     0 
     0   1.56 
[STAGE] config_start
[INFO]: Parsing configuration from: training.envs.velocity_flat_env_cfg:YoboGoVelocityFlatEnvCfg
[STAGE] config_done
[STAGE] environment_create_start
2026-10-08 12:29:29 [2,111ms] [Warning] [isaaclab.envs.manager_based_env] Seed not set for the environment. The environment creation may not be deterministic.
[INFO]: Base environment:
	Environment device    : cuda:0
	Environment seed      : None
	Physics step-size     : 0.0004
	Rendering step-size   : 0.002
	Environment step-size : 0.002
2026-10-08 12:29:29 [2,175ms] [Warning] [isaaclab.terrains.terrain_importer] Visual material specified for ground plane but no diffuse color found. Using default color: (0.0, 0.0, 0.0)
[INFO]: Time taken for scene creation : 2.139274 seconds
[INFO]: Scene manager:  <class InteractiveScene>
	Number of environments: 1
	Environment spacing   : 2.5
	Source prim name      : /World/envs/env_0
	Global prim paths     : ['/World/ground']
	Replicate physics     : True
[INFO]: Starting the simulation. This may take a few seconds. Please wait...
[INFO]: Time taken for simulation start : 0.360060 seconds
2026-10-08 12:29:32 [5,292ms] [Warning] [omni.usd] Warning: in GetNodeDiscoveryResults at line 136 of /builds/omniverse/usd-ci/USD/pxr/usd/usdShade/shaderDefUtils.cpp -- Unable to resolve info:sourceAsset </UsdPreviewSurface.info:mdl:sourceAsset> with value @UsdPreviewSurface.mdl@.

2026-10-08 12:29:32 [5,292ms] [Warning] [omni.usd] Warning: in GetNodeDiscoveryResults at line 136 of /builds/omniverse/usd-ci/USD/pxr/usd/usdShade/shaderDefUtils.cpp -- Unable to resolve info:sourceAsset </UsdUVTexture.info:mdl:sourceAsset> with value @UsdPreviewSurface.mdl@.

2026-10-08 12:29:32 [5,292ms] [Warning] [omni.usd] Warning: in GetNodeDiscoveryResults at line 136 of /builds/omniverse/usd-ci/USD/pxr/usd/usdShade/shaderDefUtils.cpp -- Unable to resolve info:sourceAsset </UsdPrimvarReader_float.info:mdl:sourceAsset> with value @UsdPreviewSurface.mdl@.

2026-10-08 12:29:32 [5,293ms] [Warning] [omni.usd] Warning: in GetNodeDiscoveryResults at line 136 of /builds/omniverse/usd-ci/USD/pxr/usd/usdShade/shaderDefUtils.cpp -- Unable to resolve info:sourceAsset </UsdPrimvarReader_float2.info:mdl:sourceAsset> with value @UsdPreviewSurface.mdl@.

2026-10-08 12:29:32 [5,293ms] [Warning] [omni.usd] Warning: in GetNodeDiscoveryResults at line 136 of /builds/omniverse/usd-ci/USD/pxr/usd/usdShade/shaderDefUtils.cpp -- Unable to resolve info:sourceAsset </UsdPrimvarReader_float3.info:mdl:sourceAsset> with value @UsdPreviewSurface.mdl@.

2026-10-08 12:29:32 [5,293ms] [Warning] [omni.usd] Warning: in GetNodeDiscoveryResults at line 136 of /builds/omniverse/usd-ci/USD/pxr/usd/usdShade/shaderDefUtils.cpp -- Unable to resolve info:sourceAsset </UsdPrimvarReader_float4.info:mdl:sourceAsset> with value @UsdPreviewSurface.mdl@.

2026-10-08 12:29:32 [5,293ms] [Warning] [omni.usd] Warning: in GetNodeDiscoveryResults at line 136 of /builds/omniverse/usd-ci/USD/pxr/usd/usdShade/shaderDefUtils.cpp -- Unable to resolve info:sourceAsset </UsdPrimvarReader_int.info:mdl:sourceAsset> with value @UsdPreviewSurface.mdl@.

2026-10-08 12:29:32 [5,293ms] [Warning] [omni.usd] Warning: in GetNodeDiscoveryResults at line 136 of /builds/omniverse/usd-ci/USD/pxr/usd/usdShade/shaderDefUtils.cpp -- Unable to resolve info:sourceAsset </UsdPrimvarReader_string.info:mdl:sourceAsset> with value @UsdPreviewSurface.mdl@.

2026-10-08 12:29:32 [5,293ms] [Warning] [omni.usd] Warning: in GetNodeDiscoveryResults at line 136 of /builds/omniverse/usd-ci/USD/pxr/usd/usdShade/shaderDefUtils.cpp -- Unable to resolve info:sourceAsset </UsdPrimvarReader_normal.info:mdl:sourceAsset> with value @UsdPreviewSurface.mdl@.

2026-10-08 12:29:32 [5,293ms] [Warning] [omni.usd] Warning: in GetNodeDiscoveryResults at line 136 of /builds/omniverse/usd-ci/USD/pxr/usd/usdShade/shaderDefUtils.cpp -- Unable to resolve info:sourceAsset </UsdPrimvarReader_point.info:mdl:sourceAsset> with value @UsdPreviewSurface.mdl@.

2026-10-08 12:29:32 [5,295ms] [Warning] [omni.usd] Warning: in GetNodeDiscoveryResults at line 136 of /builds/omniverse/usd-ci/USD/pxr/usd/usdShade/shaderDefUtils.cpp -- Unable to resolve info:sourceAsset </UsdPrimvarReader_vector.info:mdl:sourceAsset> with value @UsdPreviewSurface.mdl@.

2026-10-08 12:29:32 [5,295ms] [Warning] [omni.usd] Warning: in GetNodeDiscoveryResults at line 136 of /builds/omniverse/usd-ci/USD/pxr/usd/usdShade/shaderDefUtils.cpp -- Unable to resolve info:sourceAsset </UsdPrimvarReader_matrix.info:mdl:sourceAsset> with value @UsdPreviewSurface.mdl@.

2026-10-08 12:29:32 [5,295ms] [Warning] [omni.usd] Warning: in GetNodeDiscoveryResults at line 136 of /builds/omniverse/usd-ci/USD/pxr/usd/usdShade/shaderDefUtils.cpp -- Unable to resolve info:sourceAsset </UsdTransform2d.info:mdl:sourceAsset> with value @UsdPreviewSurface.mdl@.

[INFO] Command Manager:  <CommandManager> contains 1 active terms.
+------------------------------------------------+
|              Active Command Terms              |
+-------+---------------+------------------------+
| Index | Name          |          Type          |
+-------+---------------+------------------------+
|   0   | base_velocity | UniformVelocityCommand |
+-------+---------------+------------------------+

[INFO] Recorder Manager:  <RecorderManager> contains 0 active terms.
+---------------------+
| Active Recorder Terms |
+-----------+---------+
|   Index   | Name    |
+-----------+---------+
+-----------+---------+

[INFO] Action Manager:  <ActionManager> contains 1 active terms.
+------------------------------------+
|  Active Action Terms (shape: 12)   |
+--------+-------------+-------------+
| Index  | Name        |   Dimension |
+--------+-------------+-------------+
|   0    | joint_pos   |          12 |
+--------+-------------+-------------+

[INFO] Observation Manager: <ObservationManager> contains 1 groups.
+---------------------------------------------------------+
| Active Observation Terms in Group: 'policy' (shape: (48,)) |
+-----------+---------------------------------+-----------+
|   Index   | Name                            |   Shape   |
+-----------+---------------------------------+-----------+
|     0     | base_lin_vel                    |    (3,)   |
|     1     | base_ang_vel                    |    (3,)   |
|     2     | projected_gravity               |    (3,)   |
|     3     | velocity_commands               |    (3,)   |
|     4     | joint_pos                       |   (12,)   |
|     5     | joint_vel                       |   (12,)   |
|     6     | actions                         |   (12,)   |
+-----------+---------------------------------+-----------+

[INFO] Event Manager:  <EventManager> contains 3 active terms.
+--------------------------------------+
| Active Event Terms in Mode: 'startup' |
+----------+---------------------------+
|  Index   | Name                      |
+----------+---------------------------+
|    0     | physics_material          |
+----------+---------------------------+
+---------------------------------------+
|  Active Event Terms in Mode: 'reset'  |
+--------+------------------------------+
| Index  | Name                         |
+--------+------------------------------+
|   0    | base_external_force_torque   |
|   1    | reset_base                   |
|   2    | reset_robot_joints           |
+--------+------------------------------+
+----------------------------------------------+
|    Active Event Terms in Mode: 'interval'    |
+-------+------------+-------------------------+
| Index | Name       | Interval time range (s) |
+-------+------------+-------------------------+
|   0   | push_robot |       (10.0, 15.0)      |
+-------+------------+-------------------------+

[INFO] Termination Manager:  <TerminationManager> contains 2 active terms.
+---------------------------------+
|     Active Termination Terms    |
+-------+--------------+----------+
| Index | Name         | Time Out |
+-------+--------------+----------+
|   0   | time_out     |   True   |
|   1   | base_contact |  False   |
+-------+--------------+----------+

[INFO] Reward Manager:  <RewardManager> contains 11 active terms.
+-----------------------------------------+
|           Active Reward Terms           |
+-------+----------------------+----------+
| Index | Name                 |   Weight |
+-------+----------------------+----------+
|   0   | track_lin_vel_xy_exp |      1.0 |
|   1   | track_ang_vel_z_exp  |      0.5 |
|   2   | lin_vel_z_l2         |     -2.0 |
|   3   | ang_vel_xy_l2        |    -0.05 |
|   4   | dof_torques_l2       | -2.5e-05 |
|   5   | dof_acc_l2           | -2.5e-07 |
|   6   | action_rate_l2       |    -0.01 |
|   7   | feet_air_time        |      0.5 |
|   8   | undesired_contacts   |     -1.0 |
|   9   | flat_orientation_l2  |     -5.0 |
|   10  | dof_pos_limits       |      0.0 |
+-------+----------------------+----------+

[INFO] Curriculum Manager:  <CurriculumManager> contains 0 active terms.
+----------------------+
| Active Curriculum Terms |
+-----------+----------+
|   Index   | Name     |
+-----------+----------+
+-----------+----------+

[INFO]: Completed setting up the environment...
[STAGE] environment_create_done
[STAGE] policy_adapter_setup_start
[STAGE] policy_adapter_setup_done
[INFO] task=YoboGo-Velocity-Flat-v0
[INFO] weights_adaptation=/run/media/pma213x/0C6A8CC86A8CAFCE/Ubuntu2/CodeU/Dog1/mini-cheetah-isaaclab/external_models/rapid-locomotion-rl/runs/rapid-locomotion/example/train/201852.132488/checkpoints/adaptation_module_latest.jit
[INFO] weights_body=/run/media/pma213x/0C6A8CC86A8CAFCE/Ubuntu2/CodeU/Dog1/mini-cheetah-isaaclab/external_models/rapid-locomotion-rl/runs/rapid-locomotion/example/train/201852.132488/checkpoints/body_latest.jit
[INFO] yobogo_observation_dim=48 rapid_observation_dim=42
[INFO] history_dim=630 action_dim=12
[INFO] inference_period=10 control_period_s=0.002 inference_hz=50
[INFO] rapid_replay_actuator_kp=20 kd=0.5 effort=18/18/26
[INFO] yobogo_command=[0.15, 0.0, 0.0] rapid_command=[0.3, 0.0, 0.0]
[INFO] model_dummy_action_shape=(1, 12)
[INFO] model_dummy_latent_shape=(1, 18)
[STAGE] event_loop_start
[DIAG_INFER] step=1 policy_action_max=1.248121 applied_action_max=1.248121 obs_max=1.000000 history_nonzero_rows=0 position_clip=0 torque_clip=0 action=[-0.19197027385234833, 0.6424431800842285, -0.2432028353214264, -0.12731769680976868, 0.7155737280845642, 0.4644814133644104, 0.1710740625858307, -1.248120903968811, 0.8329900503158569, 0.16779926419258118, -0.6457257270812988, -0.7750471234321594]
[DIAG_TARGET] step=1 target_error=0.000000000 default=[0.0, -0.7853981852531433, 1.8654682636260986, 0.0, -0.7853981852531433, 1.8654682636260986, 0.0, -0.7853981852531433, 1.8654682636260986, 0.0, -0.7853981852531433, 1.8654682636260986] desired=[-0.12399628758430481, -0.6393892168998718, 1.559199333190918, 0.08408528566360474, -0.6211065649986267, 1.736120343208313, -0.07861573994159698, -1.112030267715454, 1.8282475471496582, 0.12097491323947906, -0.9614314436912537, 1.4262381792068481] applied=[-0.12399628758430481, -0.6393892168998718, 1.559199333190918, 0.08408528566360474, -0.6211065649986267, 1.736120343208313, -0.07861573994159698, -1.112030267715454, 1.8282475471496582, 0.12097491323947906, -0.9614314436912537, 1.4262381792068481] current=[-0.003528628498315811, -0.7855116128921509, 1.8667312860488892, -0.0006362590356729925, -0.7845329642295837, 1.8659648895263672, -0.0015565336216241121, -0.7874781489372253, 1.8681764602661133, -0.0016730081988498569, -0.7864504456520081, 1.8670358657836914]
[STAGE] first_step_done
[DIAG_INFER] step=11 policy_action_max=4.716207 applied_action_max=1.500000 obs_max=1.254678 history_nonzero_rows=1 position_clip=0 torque_clip=1 action=[0.8248317837715149, 1.5069323778152466, 1.477956771850586, -1.3285020589828491, 0.0076223015785217285, -0.11914641410112381, -1.7891943454742432, -3.4820644855499268, -0.4281928241252899, -4.716207027435303, -0.04739388823509216, -1.5913852453231812]
[DIAG_TARGET] step=11 target_error=0.000000000 default=[0.0, -0.7853981852531433, 1.8654682636260986, 0.0, -0.7853981852531433, 1.8654682636260986, 0.0, -0.7853981852531433, 1.8654682636260986, 0.0, -0.7853981852531433, 1.8654682636260986] desired=[0.003103971481323242, -0.42500001192092896, 1.989489197731018, -0.06606275588274002, -0.7980944514274597, 1.590213418006897, -0.2874999940395355, -1.1749999523162842, 1.5129518508911133, -0.260877788066864, -0.8118484616279602, 1.2450000047683716] applied=[0.003103971481323242, -0.42500001192092896, 1.989489197731018, -0.06606275588274002, -0.7980944514274597, 1.590213418006897, -0.2874999940395355, -1.1749999523162842, 1.5129518508911133, -0.260877788066864, -0.8118484616279602, 1.2450000047683716] current=[-0.037679046392440796, -0.7863392233848572, 1.869641661643982, 0.007124541327357292, -0.7430190443992615, 1.8588529825210571, -0.026172393932938576, -0.8957247734069824, 1.8885509967803955, -0.03440842404961586, -0.8020743131637573, 1.892398476600647]
[DIAG_INFER] step=21 policy_action_max=23.109787 applied_action_max=1.500000 obs_max=9.723964 history_nonzero_rows=2 position_clip=0 torque_clip=3 action=[20.37037467956543, 6.506202220916748, 16.9729061126709, -5.607205867767334, 5.550582408905029, -10.483570098876953, -15.23690414428711, -3.0882458686828613, -2.446389675140381, -23.109786987304688, -4.958032608032227, 12.239316940307617]
[DIAG_TARGET] step=21 target_error=0.000000000 default=[0.0, -0.7853981852531433, 1.8654682636260986, 0.0, -0.7853981852531433, 1.8654682636260986, 0.0, -0.7853981852531433, 1.8654682636260986, 0.0, -0.7853981852531433, 1.8654682636260986] desired=[0.08749999850988388, -0.42500001192092896, 1.9950000047683716, -0.08749999850988388, -0.42500001192092896, 1.2450000047683716, -0.2874999940395355, -1.1749999523162842, 1.2450000047683716, -0.07233452796936035, 5.0, 2.700000047683716] applied=[0.08749999850988388, -0.42500001192092896, 1.9950000047683716, -0.08749999850988388, -0.42500001192092896, 1.2450000047683716, -0.2874999940395355, -1.1749999523162842, 1.2450000047683716, -0.07233452796936035, 5.0, 2.700000047683716] current=[-0.051668714731931686, -0.6364052295684814, 1.9299495220184326, -0.0668044239282608, -0.7377668619155884, 1.8505254983901978, -0.15988488495349884, -0.9644249677658081, 1.856204867362976, -0.11169705539941788, -0.79306560754776, 1.9070206880569458]
[DIAG_INFER] step=31 policy_action_max=21.078665 applied_action_max=1.500000 obs_max=6.195209 history_nonzero_rows=3 position_clip=0 torque_clip=4 action=[17.065298080444336, 3.3101117610931396, 15.934171676635742, 0.513788104057312, 10.475040435791016, -10.749371528625488, -12.003358840942383, 2.0035059452056885, -6.892960071563721, -16.596250534057617, -13.267934799194336, 21.078664779663086]
[DIAG_TARGET] step=31 target_error=0.000000007 default=[0.0, -0.7853981852531433, 1.8654682636260986, 0.0, -0.7853981852531433, 1.8654682636260986, 0.0, -0.7853981852531433, 1.8654682636260986, 0.0, -0.7853981852531433, 1.8654682636260986] desired=[0.08749999850988388, -0.42500001192092896, 1.9950000047683716, 0.16422352194786072, -0.42500001192092896, 1.2450000047683716, -0.2874999940395355, -0.1195651963353157, 1.3518047332763672, 1.5, 4.513228416442871, 1.9950000047683716] applied=[0.08749999850988388, -0.42500001192092896, 1.9950000047683716, 0.16422352194786072, -0.42500001192092896, 1.2450000047683716, -0.2874999940395355, -0.11956518888473511, 1.3518047332763672, 1.5, 4.513228416442871, 1.9950000047683716] current=[0.04271238297224045, -0.47166281938552856, 1.9646109342575073, -0.1216137707233429, -0.713739812374115, 1.831669569015503, -0.2286030799150467, -0.9468899369239807, 1.8191059827804565, -0.10774082690477371, -0.16208817064762115, 2.272895336151123]
[DIAG_INFER] step=41 policy_action_max=7.807147 applied_action_max=1.500000 obs_max=2.404975 history_nonzero_rows=4 position_clip=0 torque_clip=4 action=[7.807147026062012, 0.5346040725708008, 5.400459289550781, -3.165229558944702, 4.2531418800354, -3.154491424560547, -3.812302827835083, -1.8429455757141113, -7.183022975921631, -1.3586357831954956, -6.657078266143799, 6.8634562492370605]
[DIAG_TARGET] step=41 target_error=0.000000060 default=[0.0, -0.7853981852531433, 1.8654682636260986, 0.0, -0.7853981852531433, 1.8654682636260986, 0.0, -0.7853981852531433, 1.8654682636260986, 0.0, -0.7853981852531433, 1.8654682636260986] desired=[0.08749999850988388, -0.6663489937782288, 1.9950000047683716, -0.08749999850988388, -0.42500001192092896, 1.2450000047683716, 0.5906814336776733, 0.6990482807159424, 1.2450000047683716, 1.5, 0.0974043607711792, 1.9950000047683716] applied=[0.08749999850988388, -0.6663489937782288, 1.9950000047683716, -0.08749999850988388, -0.42500001192092896, 1.2450000047683716, 0.5906814336776733, 0.6990483403205872, 1.2450000047683716, 1.5, 0.0974043607711792, 1.9950000047683716] current=[0.19927389919757843, -0.4024004638195038, 1.9748024940490723, -0.013105987571179867, -0.7012091279029846, 1.8544321060180664, -0.18620401620864868, -0.816521167755127, 1.7266771793365479, 0.5543993711471558, 0.6488757729530334, 2.052670478820801]
[DIAG_INFER] step=51 policy_action_max=5.491080 applied_action_max=1.500000 obs_max=5.935051 history_nonzero_rows=5 position_clip=0 torque_clip=5 action=[-2.4453463554382324, 1.4445887804031372, -0.04163488745689392, -5.491080284118652, -4.104860782623291, -5.362119674682617, -1.931828260421753, -5.157597064971924, -0.85487961769104, -3.706087112426758, 2.104860544204712, -2.469914197921753]
[DIAG_TARGET] step=51 target_error=0.000000000 default=[0.0, -0.7853981852531433, 1.8654682636260986, 0.0, -0.7853981852531433, 1.8654682636260986, 0.0, -0.7853981852531433, 1.8654682636260986, 0.0, -0.7853981852531433, 1.8654682636260986] desired=[-0.2874999940395355, -0.43885281682014465, 1.6095912456512451, -0.08749999850988388, -0.6048779487609863, 1.2450000047683716, 0.8150981664657593, -0.5205562710762024, 1.4062800407409668, -1.5, -5.0, 1.2450000047683716] applied=[-0.2874999940395355, -0.43885281682014465, 1.6095912456512451, -0.08749999850988388, -0.6048779487609863, 1.2450000047683716, 0.8150981664657593, -0.5205562710762024, 1.4062800407409668, -1.5, -5.0, 1.2450000047683716] current=[0.1709769070148468, -0.4842098653316498, 1.9731501340866089, 0.07600126415491104, -0.6759209036827087, 1.850888967514038, -0.07044056802988052, -0.40353885293006897, 1.5647740364074707, 1.202950119972229, 0.6949929594993591, 2.0187716484069824]
[DIAG_INFER] step=61 policy_action_max=22.091278 applied_action_max=1.500000 obs_max=13.519601 history_nonzero_rows=6 position_clip=0 torque_clip=4 action=[7.222278594970703, 0.41200748085975647, 6.863443851470947, -7.328924655914307, -5.371617317199707, -2.831756830215454, -22.091278076171875, -12.8170166015625, -2.2262840270996094, -20.291048049926758, -10.460234642028809, -5.391950607299805]
[DIAG_TARGET] step=61 target_error=0.000000000 default=[0.0, -0.7853981852531433, 1.8654682636260986, 0.0, -0.7853981852531433, 1.8654682636260986, 0.0, -0.7853981852531433, 1.8654682636260986, 0.0, -0.7853981852531433, 1.8654682636260986] desired=[0.08749999850988388, -0.696998119354248, 1.9950000047683716, -0.08749999850988388, -1.1208221912384033, 1.2450000047683716, -0.2874999940395355, -1.1749999523162842, 1.2450000047683716, -1.5, -0.8866004943847656, -2.700000047683716] applied=[0.08749999850988388, -0.696998119354248, 1.9950000047683716, -0.08749999850988388, -1.1208221912384033, 1.2450000047683716, -0.2874999940395355, -1.1749999523162842, 1.2450000047683716, -1.5, -0.8866004943847656, -2.700000047683716] current=[-0.12703901529312134, -0.5041687488555908, 1.774943232536316, -0.03950199484825134, -0.5979595184326172, 1.748738169670105, 0.22019806504249573, -0.23499448597431183, 1.5375852584838867, 0.6714762449264526, 0.004643225111067295, 1.543314814567566]
[DIAG_INFER] step=71 policy_action_max=9.602799 applied_action_max=1.500000 obs_max=5.273370 history_nonzero_rows=7 position_clip=0 torque_clip=3 action=[2.0408689975738525, 4.668225288391113, -0.9957515001296997, -3.6530568599700928, 0.039633139967918396, -0.39632540941238403, 2.7482450008392334, -5.26876974105835, 3.0603716373443604, 9.602799415588379, -5.67263650894165, 1.3050892353057861]
[DIAG_TARGET] step=71 target_error=0.000000000 default=[0.0, -0.7853981852531433, 1.8654682636260986, 0.0, -0.7853981852531433, 1.8654682636260986, 0.0, -0.7853981852531433, 1.8654682636260986, 0.0, -0.7853981852531433, 1.8654682636260986] desired=[0.08749999850988388, -0.42500001192092896, 1.371062159538269, -0.08749999850988388, -0.7900917530059814, 1.520918607711792, 0.08749999850988388, -1.1749999523162842, 1.9950000047683716, 0.5226952433586121, -5.0, 2.700000047683716] applied=[0.08749999850988388, -0.42500001192092896, 1.371062159538269, -0.08749999850988388, -0.7900917530059814, 1.520918607711792, 0.08749999850988388, -1.1749999523162842, 1.9950000047683716, 0.5226952433586121, -5.0, 2.700000047683716] current=[-0.15836144983768463, -0.5937102437019348, 1.8848390579223633, -0.14568911492824554, -0.6832858324050903, 1.612533688545227, 0.09665444493293762, -0.4435230791568756, 1.6471729278564453, 0.08112393319606781, -0.4510788321495056, 1.3157434463500977]
[DIAG_INFER] step=81 policy_action_max=8.955096 applied_action_max=1.500000 obs_max=3.876361 history_nonzero_rows=8 position_clip=0 torque_clip=4 action=[8.955096244812012, 4.397097587585449, 5.252475738525391, 6.22254753112793, 5.23070764541626, -7.593550205230713, -6.033312797546387, 3.4485511779785156, -5.418233871459961, -6.759274005889893, -5.142697811126709, 8.23066520690918]
[DIAG_TARGET] step=81 target_error=0.000000000 default=[0.0, -0.7853981852531433, 1.8654682636260986, 0.0, -0.7853981852531433, 1.8654682636260986, 0.0, -0.7853981852531433, 1.8654682636260986, 0.0, -0.7853981852531433, 1.8654682636260986] desired=[0.08749999850988388, -0.42500001192092896, 1.9950000047683716, 0.2874999940395355, -0.42500001192092896, 1.2450000047683716, -0.2874999940395355, -1.1132768392562866, 1.2450000047683716, 1.2473571300506592, 2.194380521774292, -0.1057736873626709] applied=[0.08749999850988388, -0.42500001192092896, 1.9950000047683716, 0.2874999940395355, -0.42500001192092896, 1.2450000047683716, -0.2874999940395355, -1.1132768392562866, 1.2450000047683716, 1.2473571300506592, 2.194380521774292, -0.1057736873626709] current=[-0.03403252735733986, -0.5438409447669983, 1.7404710054397583, -0.06159079819917679, -0.7994780540466309, 1.537824034690857, 0.06053415685892105, -0.8255186080932617, 1.8184731006622314, 0.216016486287117, -1.0536595582962036, 1.7818228006362915]
[DIAG_INFER] step=91 policy_action_max=16.606770 applied_action_max=1.500000 obs_max=5.771499 history_nonzero_rows=9 position_clip=0 torque_clip=5 action=[11.547748565673828, 5.149292945861816, 9.286616325378418, -15.423006057739258, 1.4952665567398071, -4.374697208404541, -3.9396817684173584, -16.606769561767578, 8.050539016723633, 4.75041389465332, -2.7887816429138184, -4.64312744140625]
[DIAG_TARGET] step=91 target_error=0.000000000 default=[0.0, -0.7853981852531433, 1.8654682636260986, 0.0, -0.7853981852531433, 1.8654682636260986, 0.0, -0.7853981852531433, 1.8654682636260986, 0.0, -0.7853981852531433, 1.8654682636260986] desired=[0.08749999850988388, -0.42500001192092896, 1.9950000047683716, -0.08749999850988388, -0.4261833727359772, 1.2450000047683716, 0.4564056098461151, -1.127737283706665, 1.929795503616333, 0.2874999940395355, 2.2979538440704346, 2.700000047683716] applied=[0.08749999850988388, -0.42500001192092896, 1.9950000047683716, -0.08749999850988388, -0.4261833727359772, 1.2450000047683716, 0.4564056098461151, -1.127737283706665, 1.929795503616333, 0.2874999940395355, 2.2979538440704346, 2.700000047683716] current=[0.018871359527111053, -0.46656426787376404, 1.8836426734924316, 0.10334156453609467, -0.6641452312469482, 1.349613904953003, -0.05081205442547798, -0.9729049205780029, 1.7083148956298828, 0.7888899445533752, -0.9254074096679688, 1.3016138076782227]
[DIAG_INFER] step=101 policy_action_max=13.817483 applied_action_max=1.500000 obs_max=2.459688 history_nonzero_rows=10 position_clip=0 torque_clip=4 action=[5.9486002922058105, 2.9018845558166504, 5.323190689086914, -13.817482948303223, 5.693356513977051, -1.2871448993682861, 4.1470441818237305, -9.872550964355469, 2.8069534301757812, 5.586769104003906, -6.5969624519348145, 1.1482646465301514]
[DIAG_TARGET] step=101 target_error=0.000000022 default=[0.0, -0.7853981852531433, 1.8654682636260986, 0.0, -0.7853981852531433, 1.8654682636260986, 0.0, -0.7853981852531433, 1.8654682636260986, 0.0, -0.7853981852531433, 1.8654682636260986] desired=[0.08749999850988388, -0.42500001192092896, 1.9950000047683716, -0.08749999850988388, -0.42500001192092896, 1.2982137203216553, 0.08749999850988388, -0.10846046358346939, 1.9950000047683716, 0.37772148847579956, -0.2160876989364624, 2.700000047683716] applied=[0.08749999850988388, -0.42500001192092896, 1.9950000047683716, -0.08749999850988388, -0.42500001192092896, 1.2982137203216553, 0.08749999850988388, -0.10846048593521118, 1.9950000047683716, 0.37772148847579956, -0.2160876989364624, 2.700000047683716] current=[0.016857126727700233, -0.4149603545665741, 1.9520342350006104, 0.03737584501504898, -0.4946309030056, 1.296236515045166, 0.12205258011817932, -1.0482027530670166, 1.8304930925369263, 0.6682974100112915, -0.15657587349414825, 1.8345390558242798]
[DIAG_INFER] step=111 policy_action_max=8.668353 applied_action_max=1.500000 obs_max=2.271697 history_nonzero_rows=11 position_clip=0 torque_clip=2 action=[5.5416154861450195, 1.3002675771713257, 6.387090682983398, -1.1420347690582275, 0.15173278748989105, -8.668353080749512, 1.7643699645996094, -2.28791880607605, 0.9512954950332642, 6.760605812072754, -4.603207588195801, 3.5387332439422607]
[DIAG_TARGET] step=111 target_error=0.000000000 default=[0.0, -0.7853981852531433, 1.8654682636260986, 0.0, -0.7853981852531433, 1.8654682636260986, 0.0, -0.7853981852531433, 1.8654682636260986, 0.0, -0.7853981852531433, 1.8654682636260986] desired=[0.08749999850988388, -0.47493311762809753, 1.9950000047683716, -0.04275434464216232, -0.7620668411254883, 1.2450000047683716, 0.08749999850988388, -0.761469304561615, 1.8578238487243652, 1.476072072982788, -1.1749999523162842, 1.9950000047683716] applied=[0.08749999850988388, -0.47493311762809753, 1.9950000047683716, -0.04275434464216232, -0.7620668411254883, 1.2450000047683716, 0.08749999850988388, -0.761469304561615, 1.8578238487243652, 1.476072072982788, -1.1749999523162842, 1.9950000047683716] current=[0.06186767295002937, -0.4096047580242157, 1.9759413003921509, -0.03988708555698395, -0.4266449809074402, 1.3025636672973633, 0.15448996424674988, -0.6775096654891968, 1.8784273862838745, 0.4548323154449463, 0.12806221842765808, 2.296600818634033]
[DIAG_INFER] step=121 policy_action_max=5.649949 applied_action_max=1.500000 obs_max=2.181965 history_nonzero_rows=12 position_clip=0 torque_clip=2 action=[0.7972274422645569, 2.4076297283172607, 1.7560782432556152, 1.4812934398651123, 0.4676436185836792, -3.9475080966949463, 5.649949073791504, -0.9768672585487366, 1.6646091938018799, 5.648001670837402, -1.2363896369934082, -0.6480189561843872]
[DIAG_TARGET] step=121 target_error=0.000000000 default=[0.0, -0.7853981852531433, 1.8654682636260986, 0.0, -0.7853981852531433, 1.8654682636260986, 0.0, -0.7853981852531433, 1.8654682636260986, 0.0, -0.7853981852531433, 1.8654682636260986] desired=[-0.0003465712070465088, -0.42500001192092896, 1.9950000047683716, 0.28516167402267456, -0.6830891370773315, 1.2450000047683716, 0.5291721820831299, -1.0442168712615967, 1.9950000047683716, 0.2874999940395355, -2.066441535949707, 1.4579952955245972] applied=[-0.0003465712070465088, -0.42500001192092896, 1.9950000047683716, 0.28516167402267456, -0.6830891370773315, 1.2450000047683716, 0.5291721820831299, -1.0442168712615967, 1.9950000047683716, 0.2874999940395355, -2.066441535949707, 1.4579952955245972] current=[0.13439859449863434, -0.452109694480896, 1.981541633605957, -0.019503220915794373, -0.5511441826820374, 1.2829196453094482, 0.14733274281024933, -0.5592471361160278, 1.8889946937561035, 0.858167827129364, -0.43586525321006775, 2.089341878890991]
[DIAG_INFER] step=131 policy_action_max=5.441483 applied_action_max=1.500000 obs_max=3.755172 history_nonzero_rows=13 position_clip=0 torque_clip=3 action=[-0.6669489741325378, 3.458756446838379, 1.1518707275390625, -0.43304869532585144, 1.2628226280212402, 1.7283803224563599, -0.2398255467414856, -5.441483020782471, 3.7522125244140625, -4.0274577140808105, -0.9438745975494385, -2.320681095123291]
[DIAG_TARGET] step=131 target_error=0.000000000 default=[0.0, -0.7853981852531433, 1.8654682636260986, 0.0, -0.7853981852531433, 1.8654682636260986, 0.0, -0.7853981852531433, 1.8654682636260986, 0.0, -0.7853981852531433, 1.8654682636260986] desired=[-0.18336862325668335, -0.42500001192092896, 1.9079676866531372, 0.04586891457438469, -0.4842943549156189, 1.9950000047683716, -0.12997819483280182, -1.2628861665725708, 1.9950000047683716, -1.5, -0.744793176651001, 1.2450000047683716] applied=[-0.18336862325668335, -0.42500001192092896, 1.9079676866531372, 0.04586891457438469, -0.4842943549156189, 1.9950000047683716, -0.12997819483280182, -1.2628861665725708, 1.9950000047683716, -1.5, -0.744793176651001, 1.2450000047683716] current=[0.04805798828601837, -0.4512660503387451, 1.986359715461731, 0.04022201523184776, -0.6583498120307922, 1.2687301635742188, 0.26473960280418396, -0.7749789953231812, 1.9529054164886475, 0.7067086696624756, -1.2416653633117676, 1.6809346675872803]
[DIAG_INFER] step=141 policy_action_max=14.017282 applied_action_max=1.500000 obs_max=8.385294 history_nonzero_rows=14 position_clip=0 torque_clip=2 action=[2.782207489013672, 4.6432785987854, 3.2183618545532227, -4.109028339385986, -1.266586184501648, 0.20647096633911133, -9.188015937805176, -9.101048469543457, 0.8082714080810547, -14.017281532287598, -3.615671396255493, -3.139833450317383]
[DIAG_TARGET] step=141 target_error=0.000000000 default=[0.0, -0.7853981852531433, 1.8654682636260986, 0.0, -0.7853981852531433, 1.8654682636260986, 0.0, -0.7853981852531433, 1.8654682636260986, 0.0, -0.7853981852531433, 1.8654682636260986] desired=[0.08749999850988388, -0.42500001192092896, 1.9950000047683716, -0.08749999850988388, -1.1166465282440186, 1.6716177463531494, -0.2874999940395355, -1.1749999523162842, 1.8220678567886353, -1.5, -0.5213280916213989, 1.2450000047683716] applied=[0.08749999850988388, -0.42500001192092896, 1.9950000047683716, -0.08749999850988388, -1.1166465282440186, 1.6716177463531494, -0.2874999940395355, -1.1749999523162842, 1.8220678567886353, -1.5, -0.5213280916213989, 1.2450000047683716] current=[-0.1737682819366455, -0.428341805934906, 1.9520764350891113, 0.022200310602784157, -0.6245324611663818, 1.6468595266342163, 0.12465296685695648, -1.043648362159729, 1.957176685333252, -0.10819032788276672, -1.3536635637283325, 1.348340392112732]
[DIAG_INFER] step=151 policy_action_max=29.374365 applied_action_max=1.500000 obs_max=7.584154 history_nonzero_rows=15 position_clip=0 torque_clip=2 action=[14.679512023925781, 10.675514221191406, 22.04190444946289, 21.306123733520508, 2.0425007343292236, -20.809358596801758, -11.669794082641602, 2.312692403793335, -13.856290817260742, -11.461583137512207, -17.624631881713867, 29.374364852905273]
[DIAG_TARGET] step=151 target_error=0.000000000 default=[0.0, -0.7853981852531433, 1.8654682636260986, 0.0, -0.7853981852531433, 1.8654682636260986, 0.0, -0.7853981852531433, 1.8654682636260986, 0.0, -0.7853981852531433, 1.8654682636260986] desired=[0.08749999850988388, -0.42500001192092896, 1.9950000047683716, 0.2874999940395355, -0.42500001192092896, 1.2450000047683716, -0.6466123461723328, -0.42500001192092896, 1.2450000047683716, 1.5, -1.1749999523162842, 1.9950000047683716] applied=[0.08749999850988388, -0.42500001192092896, 1.9950000047683716, 0.2874999940395355, -0.42500001192092896, 1.2450000047683716, -0.6466123461723328, -0.42500001192092896, 1.2450000047683716, 1.5, -1.1749999523162842, 1.9950000047683716] current=[-0.1112641766667366, -0.4186156094074249, 1.9733238220214844, 0.016431504860520363, -0.7582607865333557, 1.6658347845077515, -0.12055780738592148, -1.1626360416412354, 1.8518620729446411, -0.8329877257347107, -0.9328879117965698, 1.279718041419983]
[DIAG_INFER] step=161 policy_action_max=36.157776 applied_action_max=1.500000 obs_max=10.553240 history_nonzero_rows=15 position_clip=0 torque_clip=1 action=[15.390908241271973, 13.128828048706055, 25.68339729309082, 28.589298248291016, -1.0747791528701782, -26.438575744628906, -13.244098663330078, 6.998298168182373, -16.227005004882812, -15.089375495910645, -22.149980545043945, 36.15777587890625]
[DIAG_TARGET] step=161 target_error=0.000000000 default=[0.0, -0.7853981852531433, 1.8654682636260986, 0.0, -0.7853981852531433, 1.8654682636260986, 0.0, -0.7853981852531433, 1.8654682636260986, 0.0, -0.7853981852531433, 1.8654682636260986] desired=[0.08749999850988388, -0.42500001192092896, 1.9950000047683716, 0.2874999940395355, -1.068694829940796, 1.2450000047683716, -0.2874999940395355, -0.42500001192092896, 1.2450000047683716, 1.5, -1.1749999523162842, 1.9950000047683716] applied=[0.08749999850988388, -0.42500001192092896, 1.9950000047683716, 0.2874999940395355, -1.068694829940796, 1.2450000047683716, -0.2874999940395355, -0.42500001192092896, 1.2450000047683716, 1.5, -1.1749999523162842, 1.9950000047683716] current=[0.1119232177734375, -0.4262174069881439, 1.969264268875122, 0.24147750437259674, -0.7019224166870117, 1.4064667224884033, -0.30245018005371094, -0.9319880604743958, 1.525110125541687, -0.6565253138542175, -0.7952085733413696, 1.6819285154342651]
[DIAG_INFER] step=171 policy_action_max=4.043897 applied_action_max=1.500000 obs_max=2.049560 history_nonzero_rows=15 position_clip=0 torque_clip=1 action=[-0.4785476326942444, 0.610790491104126, 1.2384629249572754, 3.6735317707061768, 4.0438971519470215, -2.3180713653564453, -2.166226625442505, -1.041223168373108, -1.145944356918335, -1.7236994504928589, 0.096804678440094, -1.1020127534866333]
[DIAG_TARGET] step=171 target_error=0.000000000 default=[0.0, -0.7853981852531433, 1.8654682636260986, 0.0, -0.7853981852531433, 1.8654682636260986, 0.0, -0.7853981852531433, 1.8654682636260986, 0.0, -0.7853981852531433, 1.8654682636260986] desired=[-0.15981845557689667, -0.6473023891448975, 1.9296157360076904, 0.2874999940395355, -0.42500001192092896, 1.2450000047683716, 0.20601940155029297, -1.0603058338165283, 1.3335139751434326, -0.08749999850988388, -0.7757988572120667, 1.3444968461990356] applied=[-0.15981845557689667, -0.6473023891448975, 1.9296157360076904, 0.2874999940395355, -0.42500001192092896, 1.2450000047683716, 0.20601940155029297, -1.0603058338165283, 1.3335139751434326, -0.08749999850988388, -0.7757988572120667, 1.3444968461990356] current=[0.17660781741142273, -0.427532821893692, 1.9756056070327759, 0.33915749192237854, -0.7994625568389893, 1.3314251899719238, -0.20457716286182404, -0.9216988682746887, 1.535623550415039, 0.15476369857788086, -0.8506631851196289, 1.7834234237670898]
[DIAG_INFER] step=181 policy_action_max=12.232353 applied_action_max=1.500000 obs_max=3.527493 history_nonzero_rows=15 position_clip=0 torque_clip=2 action=[-3.307495594024658, 1.19870126247406, -1.3811055421829224, -12.232353210449219, 0.29482603073120117, 4.205979824066162, 4.902441501617432, -10.241893768310547, 7.578442573547363, 7.851867198944092, -5.0672760009765625, -7.422426700592041]
[DIAG_TARGET] step=181 target_error=0.000000000 default=[0.0, -0.7853981852531433, 1.8654682636260986, 0.0, -0.7853981852531433, 1.8654682636260986, 0.0, -0.7853981852531433, 1.8654682636260986, 0.0, -0.7853981852531433, 1.8654682636260986] desired=[-0.2874999940395355, -0.5003247261047363, 1.2747236490249634, -0.08749999850988388, -0.7262935042381287, 1.9950000047683716, 0.08749999850988388, -1.1749999523162842, 1.9950000047683716, -0.6100743412971497, -1.1749999523162842, 2.700000047683716] applied=[-0.2874999940395355, -0.5003247261047363, 1.2747236490249634, -0.08749999850988388, -0.7262935042381287, 1.9950000047683716, 0.08749999850988388, -1.1749999523162842, 1.9950000047683716, -0.6100743412971497, -1.1749999523162842, 2.700000047683716] current=[0.11098738759756088, -0.43138036131858826, 2.0237951278686523, 0.2221503108739853, -0.7243694067001343, 1.275140404701233, -0.07085776329040527, -0.9480098485946655, 1.4481041431427002, 0.24659912288188934, -0.8517557978630066, 1.5787367820739746]
[DIAG_INFER] step=191 policy_action_max=14.276114 applied_action_max=1.500000 obs_max=17.629614 history_nonzero_rows=15 position_clip=0 torque_clip=3 action=[2.516876697540283, -1.1680229902267456, 5.2810282707214355, -8.195423126220703, -9.345181465148926, -3.673780679702759, -10.877679824829102, -8.171454429626465, -3.1296024322509766, -14.276113510131836, -11.655797958374023, 1.581905722618103]
[DIAG_TARGET] step=191 target_error=0.000000000 default=[0.0, -0.7853981852531433, 1.8654682636260986, 0.0, -0.7853981852531433, 1.8654682636260986, 0.0, -0.7853981852531433, 1.8654682636260986, 0.0, -0.7853981852531433, 1.8654682636260986] desired=[0.08749999850988388, -1.092005729675293, 1.9950000047683716, -0.08749999850988388, -1.1749999523162842, 1.2450000047683716, -0.2874999940395355, -1.1749999523162842, 1.414257526397705, -1.5, -1.1749999523162842, -2.700000047683716] applied=[0.08749999850988388, -1.092005729675293, 1.9950000047683716, -0.08749999850988388, -1.1749999523162842, 1.2450000047683716, -0.2874999940395355, -1.1749999523162842, 1.414257526397705, -1.5, -1.1749999523162842, -2.700000047683716] current=[-0.056377340108156204, -0.4308505952358246, 1.6787941455841064, 0.0005857059732079506, -0.6649172902107239, 1.6631847620010376, 0.03534107655286789, -1.0699305534362793, 1.7231801748275757, -0.23705878853797913, -1.0065171718597412, 2.0538253784179688]
[STAGE] video_encoding_start
[SUMMARY] {"task": "YoboGo-Velocity-Flat-v0", "mode": "smoke", "yobogo_walk_speed_m_s": 0.15, "rapid_walk_speed_m_s": 0.3, "adaptation_weight": "/run/media/pma213x/0C6A8CC86A8CAFCE/Ubuntu2/CodeU/Dog1/mini-cheetah-isaaclab/external_models/rapid-locomotion-rl/runs/rapid-locomotion/example/train/201852.132488/checkpoints/adaptation_module_latest.jit", "body_weight": "/run/media/pma213x/0C6A8CC86A8CAFCE/Ubuntu2/CodeU/Dog1/mini-cheetah-isaaclab/external_models/rapid-locomotion-rl/runs/rapid-locomotion/example/train/201852.132488/checkpoints/body_latest.jit", "completed_steps": 200, "inference_steps": 20, "expected_inference_steps": 20, "reset_count": 0, "safety_clip_count": 55, "position_clip_count": 0, "torque_clip_count": 55, "large_action_inference_count": 10, "official_clip_inference_count": 0, "max_abs_rapid_action": 1.5, "max_abs_policy_action": 36.15777587890625, "ood_guard_count": 176, "base_height_min_m": 0.15796369314193726, "max_abs_roll_deg": 113.3271996756529, "max_abs_pitch_deg": 11.690095207889502, "xy_displacement_m": 0.12594547867774963, "mean_measured_velocity_m_s": -0.19594528211891885, "final_command": [0.15000000596046448, 0.0, 0.0], "terminated_steps": 0, "stability_errors": ["max_abs_roll_deg=113.327>=45"], "interface_ok": true, "stable_walking": false, "video": null, "video_frames_written": 0}
Traceback (most recent call last):
  File "/run/media/pma213x/0C6A8CC86A8CAFCE/Ubuntu2/CodeU/Dog1/mini-cheetah-isaaclab/training/scripts/play_rapid.py", line 597, in <module>
    exit_code = main()
  File "/run/media/pma213x/0C6A8CC86A8CAFCE/Ubuntu2/CodeU/Dog1/mini-cheetah-isaaclab/training/scripts/play_rapid.py", line 584, in main
    raise RuntimeError(
RuntimeError: 稳定性 Gate 失败：max_abs_roll_deg=113.327>=45
