[3gH    H    H    H    H    H    H    H    H    H    H    H    H    H    H    H    H    H    H    H   [INFO] Using python from: /home/pma213x/.venvs/minicheetah-isaaclab/bin/python
[INFO][AppLauncher]: Loading experience file: /home/pma213x/IsaacLab/apps/isaaclab.python.headless.kit
[Warning] [simulation_app.simulation_app] Modules: ['omni.kit_app'] were loaded before SimulationApp was started and might not be loaded correctly.
[Warning] [simulation_app.simulation_app] Please check to make sure no extra omniverse or pxr modules are imported before the call to SimulationApp(...)
Loading user config located at: '/home/pma213x/.venvs/minicheetah-isaaclab/lib/python3.10/site-packages/omni/data/Kit/Isaac-Sim/4.5/user.config.json'
[Info] [carb] Logging to file: /home/pma213x/.venvs/minicheetah-isaaclab/lib/python3.10/site-packages/omni/logs/Kit/Isaac-Sim/4.5/kit_20261008_202754.log
2026-10-08 12:27:54 [0ms] [Warning] [omni.kit.app.plugin] No crash reporter present, dumps uploading isn't available.
2026-10-08 12:27:54 [86ms] [Warning] [omni.usd_config.extension] Enable omni.materialx.libs extension to use MaterialX
2026-10-08 12:27:55 [337ms] [Warning] [omni.datastore] OmniHub is inaccessible
2026-10-08 12:27:55 [361ms] [Warning] [omni.isaac.dynamic_control] omni.isaac.dynamic_control is deprecated as of Isaac Sim 4.5. No action is needed from end-users.
Gym has been unmaintained since 2022 and does not support NumPy 2.0 amongst other critical functionality.
Please upgrade to Gymnasium, the maintained drop-in replacement of Gym, or contact the authors of your software and request that they upgrade.
See the migration guide at https://gymnasium.farama.org/introduction/migration_guide/ for additional information.
2026-10-08 12:27:56 [1,711ms] [Warning] [gpu.foundation.plugin] Skipping unsupported non-NVIDIA GPU: Intel(R) UHD Graphics (ADL-S GT0.5)
2026-10-08 12:27:56 [1,711ms] [Warning] [gpu.foundation.plugin] Skipping unsupported non-NVIDIA GPU: Intel(R) UHD Graphics (ADL-S GT0.5)

|---------------------------------------------------------------------------------------------|
| Driver Version: 580.178.04    | Graphics API: Vulkan
|=============================================================================================|
| GPU | Name                             | Active | LDA | GPU Memory | Vendor-ID | LUID       |
|     |                                  |        |     |            | Device-ID | UUID       |
|     |                                  |        |     |            | Bus-ID    |            |
|---------------------------------------------------------------------------------------------|
| 0   | NVIDIA GeForce RTX 4060 Laptop.. | Yes: 0 |     | 8188    MB | 10de      | 0          |
|     |                                  |        |     |            | 28e0      | 4d090564.. |
|     |                                  |        |     |            | 1         |            |
|---------------------------------------------------------------------------------------------|
| 1   | Intel(R) UHD Graphics (ADL-S G.. |        |     | 11374   MB | 8086      | 0          |
|     |                                  |        |     |            | 468b      | 86808b46.. |
|     |                                  |        |     |            | 0         |            |
|=============================================================================================|
| OS: 26.04.1 LTS (Resolute Raccoon) ubuntu, Version: 26.04.1, Kernel: 7.0.0-34-generic
| XServer Vendor: The X.Org Foundation, XServer Version: 12401010 (1.24.1.10)
| Processor: 13th Gen Intel(R) Core(TM) i5-13500HX
| Bare Metal Cores: 14 | Bare Metal Logical Cores: 28
| Available Cores:  20 
|---------------------------------------------------------------------------------------------|
| Total Memory (MB): 15166 | Free Memory: 6124
| Total Page/Swap (MB): 20479 | Free Page/Swap: 20437
|---------------------------------------------------------------------------------------------|
2026-10-08 12:27:56 [1,924ms] [Warning] [gpu.foundation.plugin] IOMMU is enabled.
2026-10-08 12:27:56 [1,926ms] [Warning] [gpu.foundation.plugin] Detected IOMMU is enabled. Running CUDA peer-to-peer bandwidth and latency validation.
Unidirectional P2P=Enabled Bandwidth (P2P Writes) Matrix (GB/s)
   D\D     0 
     0 226.29 
P2P=Enabled Latency (P2P Writes) Matrix (us)
   GPU     0 
     0   1.47 

   CPU     0 
     0   1.98 
[STAGE] config_start
[INFO]: Parsing configuration from: training.envs.velocity_flat_env_cfg:YoboGoVelocityFlatEnvCfg
[STAGE] config_done
[STAGE] environment_create_start
2026-10-08 12:27:56 [2,112ms] [Warning] [isaaclab.envs.manager_based_env] Seed not set for the environment. The environment creation may not be deterministic.
[INFO]: Base environment:
	Environment device    : cuda:0
	Environment seed      : None
	Physics step-size     : 0.0004
	Rendering step-size   : 0.002
	Environment step-size : 0.002
2026-10-08 12:27:57 [2,180ms] [Warning] [isaaclab.terrains.terrain_importer] Visual material specified for ground plane but no diffuse color found. Using default color: (0.0, 0.0, 0.0)
[INFO]: Time taken for scene creation : 2.155180 seconds
[INFO]: Scene manager:  <class InteractiveScene>
	Number of environments: 1
	Environment spacing   : 2.5
	Source prim name      : /World/envs/env_0
	Global prim paths     : ['/World/ground']
	Replicate physics     : True
[INFO]: Starting the simulation. This may take a few seconds. Please wait...
[INFO]: Time taken for simulation start : 0.374084 seconds
2026-10-08 12:27:59 [4,938ms] [Warning] [omni.usd] Warning: in GetNodeDiscoveryResults at line 136 of /builds/omniverse/usd-ci/USD/pxr/usd/usdShade/shaderDefUtils.cpp -- Unable to resolve info:sourceAsset </UsdPreviewSurface.info:mdl:sourceAsset> with value @UsdPreviewSurface.mdl@.

2026-10-08 12:27:59 [4,938ms] [Warning] [omni.usd] Warning: in GetNodeDiscoveryResults at line 136 of /builds/omniverse/usd-ci/USD/pxr/usd/usdShade/shaderDefUtils.cpp -- Unable to resolve info:sourceAsset </UsdUVTexture.info:mdl:sourceAsset> with value @UsdPreviewSurface.mdl@.

2026-10-08 12:27:59 [4,938ms] [Warning] [omni.usd] Warning: in GetNodeDiscoveryResults at line 136 of /builds/omniverse/usd-ci/USD/pxr/usd/usdShade/shaderDefUtils.cpp -- Unable to resolve info:sourceAsset </UsdPrimvarReader_float.info:mdl:sourceAsset> with value @UsdPreviewSurface.mdl@.

2026-10-08 12:27:59 [4,938ms] [Warning] [omni.usd] Warning: in GetNodeDiscoveryResults at line 136 of /builds/omniverse/usd-ci/USD/pxr/usd/usdShade/shaderDefUtils.cpp -- Unable to resolve info:sourceAsset </UsdPrimvarReader_float2.info:mdl:sourceAsset> with value @UsdPreviewSurface.mdl@.

2026-10-08 12:27:59 [4,938ms] [Warning] [omni.usd] Warning: in GetNodeDiscoveryResults at line 136 of /builds/omniverse/usd-ci/USD/pxr/usd/usdShade/shaderDefUtils.cpp -- Unable to resolve info:sourceAsset </UsdPrimvarReader_float3.info:mdl:sourceAsset> with value @UsdPreviewSurface.mdl@.

2026-10-08 12:27:59 [4,938ms] [Warning] [omni.usd] Warning: in GetNodeDiscoveryResults at line 136 of /builds/omniverse/usd-ci/USD/pxr/usd/usdShade/shaderDefUtils.cpp -- Unable to resolve info:sourceAsset </UsdPrimvarReader_float4.info:mdl:sourceAsset> with value @UsdPreviewSurface.mdl@.

2026-10-08 12:27:59 [4,939ms] [Warning] [omni.usd] Warning: in GetNodeDiscoveryResults at line 136 of /builds/omniverse/usd-ci/USD/pxr/usd/usdShade/shaderDefUtils.cpp -- Unable to resolve info:sourceAsset </UsdPrimvarReader_int.info:mdl:sourceAsset> with value @UsdPreviewSurface.mdl@.

2026-10-08 12:27:59 [4,939ms] [Warning] [omni.usd] Warning: in GetNodeDiscoveryResults at line 136 of /builds/omniverse/usd-ci/USD/pxr/usd/usdShade/shaderDefUtils.cpp -- Unable to resolve info:sourceAsset </UsdPrimvarReader_string.info:mdl:sourceAsset> with value @UsdPreviewSurface.mdl@.

2026-10-08 12:27:59 [4,939ms] [Warning] [omni.usd] Warning: in GetNodeDiscoveryResults at line 136 of /builds/omniverse/usd-ci/USD/pxr/usd/usdShade/shaderDefUtils.cpp -- Unable to resolve info:sourceAsset </UsdPrimvarReader_normal.info:mdl:sourceAsset> with value @UsdPreviewSurface.mdl@.

2026-10-08 12:27:59 [4,939ms] [Warning] [omni.usd] Warning: in GetNodeDiscoveryResults at line 136 of /builds/omniverse/usd-ci/USD/pxr/usd/usdShade/shaderDefUtils.cpp -- Unable to resolve info:sourceAsset </UsdPrimvarReader_point.info:mdl:sourceAsset> with value @UsdPreviewSurface.mdl@.

2026-10-08 12:27:59 [4,939ms] [Warning] [omni.usd] Warning: in GetNodeDiscoveryResults at line 136 of /builds/omniverse/usd-ci/USD/pxr/usd/usdShade/shaderDefUtils.cpp -- Unable to resolve info:sourceAsset </UsdPrimvarReader_vector.info:mdl:sourceAsset> with value @UsdPreviewSurface.mdl@.

2026-10-08 12:27:59 [4,939ms] [Warning] [omni.usd] Warning: in GetNodeDiscoveryResults at line 136 of /builds/omniverse/usd-ci/USD/pxr/usd/usdShade/shaderDefUtils.cpp -- Unable to resolve info:sourceAsset </UsdPrimvarReader_matrix.info:mdl:sourceAsset> with value @UsdPreviewSurface.mdl@.

2026-10-08 12:27:59 [4,939ms] [Warning] [omni.usd] Warning: in GetNodeDiscoveryResults at line 136 of /builds/omniverse/usd-ci/USD/pxr/usd/usdShade/shaderDefUtils.cpp -- Unable to resolve info:sourceAsset </UsdTransform2d.info:mdl:sourceAsset> with value @UsdPreviewSurface.mdl@.

[INFO] Command Manager:  <CommandManager> contains 1 active terms.
+------------------------------------------------+
|              Active Command Terms              |
+-------+---------------+------------------------+
| Index | Name          |          Type          |
+-------+---------------+------------------------+
|   0   | base_velocity | UniformVelocityCommand |
+-------+---------------+------------------------+

[INFO] Recorder Manager:  <RecorderManager> contains 0 active terms.
+---------------------+
| Active Recorder Terms |
+-----------+---------+
|   Index   | Name    |
+-----------+---------+
+-----------+---------+

[INFO] Action Manager:  <ActionManager> contains 1 active terms.
+------------------------------------+
|  Active Action Terms (shape: 12)   |
+--------+-------------+-------------+
| Index  | Name        |   Dimension |
+--------+-------------+-------------+
|   0    | joint_pos   |          12 |
+--------+-------------+-------------+

[INFO] Observation Manager: <ObservationManager> contains 1 groups.
+---------------------------------------------------------+
| Active Observation Terms in Group: 'policy' (shape: (48,)) |
+-----------+---------------------------------+-----------+
|   Index   | Name                            |   Shape   |
+-----------+---------------------------------+-----------+
|     0     | base_lin_vel                    |    (3,)   |
|     1     | base_ang_vel                    |    (3,)   |
|     2     | projected_gravity               |    (3,)   |
|     3     | velocity_commands               |    (3,)   |
|     4     | joint_pos                       |   (12,)   |
|     5     | joint_vel                       |   (12,)   |
|     6     | actions                         |   (12,)   |
+-----------+---------------------------------+-----------+

[INFO] Event Manager:  <EventManager> contains 3 active terms.
+--------------------------------------+
| Active Event Terms in Mode: 'startup' |
+----------+---------------------------+
|  Index   | Name                      |
+----------+---------------------------+
|    0     | physics_material          |
+----------+---------------------------+
+---------------------------------------+
|  Active Event Terms in Mode: 'reset'  |
+--------+------------------------------+
| Index  | Name                         |
+--------+------------------------------+
|   0    | base_external_force_torque   |
|   1    | reset_base                   |
|   2    | reset_robot_joints           |
+--------+------------------------------+
+----------------------------------------------+
|    Active Event Terms in Mode: 'interval'    |
+-------+------------+-------------------------+
| Index | Name       | Interval time range (s) |
+-------+------------+-------------------------+
|   0   | push_robot |       (10.0, 15.0)      |
+-------+------------+-------------------------+

[INFO] Termination Manager:  <TerminationManager> contains 2 active terms.
+---------------------------------+
|     Active Termination Terms    |
+-------+--------------+----------+
| Index | Name         | Time Out |
+-------+--------------+----------+
|   0   | time_out     |   True   |
|   1   | base_contact |  False   |
+-------+--------------+----------+

[INFO] Reward Manager:  <RewardManager> contains 11 active terms.
+-----------------------------------------+
|           Active Reward Terms           |
+-------+----------------------+----------+
| Index | Name                 |   Weight |
+-------+----------------------+----------+
|   0   | track_lin_vel_xy_exp |      1.0 |
|   1   | track_ang_vel_z_exp  |      0.5 |
|   2   | lin_vel_z_l2         |     -2.0 |
|   3   | ang_vel_xy_l2        |    -0.05 |
|   4   | dof_torques_l2       | -2.5e-05 |
|   5   | dof_acc_l2           | -2.5e-07 |
|   6   | action_rate_l2       |    -0.01 |
|   7   | feet_air_time        |      0.5 |
|   8   | undesired_contacts   |     -1.0 |
|   9   | flat_orientation_l2  |     -5.0 |
|   10  | dof_pos_limits       |      0.0 |
+-------+----------------------+----------+

[INFO] Curriculum Manager:  <CurriculumManager> contains 0 active terms.
+----------------------+
| Active Curriculum Terms |
+-----------+----------+
|   Index   | Name     |
+-----------+----------+
+-----------+----------+

[INFO]: Completed setting up the environment...
[STAGE] environment_create_done
[STAGE] policy_adapter_setup_start
[STAGE] policy_adapter_setup_done
[INFO] task=YoboGo-Velocity-Flat-v0
[INFO] weights_adaptation=/run/media/pma213x/0C6A8CC86A8CAFCE/Ubuntu2/CodeU/Dog1/mini-cheetah-isaaclab/external_models/rapid-locomotion-rl/runs/rapid-locomotion/example/train/201852.132488/checkpoints/adaptation_module_latest.jit
[INFO] weights_body=/run/media/pma213x/0C6A8CC86A8CAFCE/Ubuntu2/CodeU/Dog1/mini-cheetah-isaaclab/external_models/rapid-locomotion-rl/runs/rapid-locomotion/example/train/201852.132488/checkpoints/body_latest.jit
[INFO] yobogo_observation_dim=48 rapid_observation_dim=42
[INFO] history_dim=630 action_dim=12
[INFO] inference_period=10 control_period_s=0.002 inference_hz=50
[INFO] rapid_replay_actuator_kp=20 kd=0.5 effort=18/18/26
[INFO] yobogo_command=[0.0, 0.0, 0.0] rapid_command=[0.0, 0.0, 0.0]
[INFO] model_dummy_action_shape=(1, 12)
[INFO] model_dummy_latent_shape=(1, 18)
[STAGE] event_loop_start
[DIAG_INFER] step=1 policy_action_max=1.179989 applied_action_max=1.179989 obs_max=1.000000 history_nonzero_rows=0 position_clip=0 torque_clip=0 action=[-0.21977190673351288, 0.8110654354095459, -0.3086051940917969, -0.10791701078414917, 0.7024935483932495, 0.4472932815551758, 0.14830218255519867, -1.1799890995025635, 0.8864455223083496, 0.22358742356300354, -0.5151157379150391, -0.732103168964386]
[DIAG_TARGET] step=1 target_error=0.000000000 default=[0.0, -0.7853981852531433, 1.8654682636260986, 0.0, -0.7853981852531433, 1.8654682636260986, 0.0, -0.7853981852531433, 1.8654682636260986, 0.0, -0.7853981852531433, 1.8654682636260986] desired=[-0.12747149169445038, -0.5972336530685425, 1.5428487062454224, 0.08651037514209747, -0.624376654624939, 1.7318233251571655, -0.08146222680807114, -1.0949972867965698, 1.841611385345459, 0.12794843316078186, -0.9287789463996887, 1.4369741678237915] applied=[-0.12747149169445038, -0.5972336530685425, 1.5428487062454224, 0.08651037514209747, -0.624376654624939, 1.7318233251571655, -0.08146222680807114, -1.0949972867965698, 1.841611385345459, 0.12794843316078186, -0.9287789463996887, 1.4369741678237915] current=[-0.0016636430518701673, -0.7867178916931152, 1.8667776584625244, -0.00036719770287163556, -0.7860904932022095, 1.868627905845642, -0.0004921843064948916, -0.7877352833747864, 1.8671860694885254, -0.00030474617960862815, -0.7878108620643616, 1.8686509132385254]
[STAGE] first_step_done
[DIAG_INFER] step=11 policy_action_max=3.328546 applied_action_max=3.000000 obs_max=1.179989 history_nonzero_rows=1 position_clip=0 torque_clip=0 action=[-1.9659420251846313, 1.3476704359054565, -0.19049833714962006, -0.8171854019165039, 0.18196837604045868, 0.6779612302780151, 0.3292672634124756, -2.0960140228271484, 2.3624773025512695, -3.328545570373535, -0.3407606780529022, -1.1353015899658203]
[DIAG_TARGET] step=11 target_error=0.000000000 default=[0.0, -0.7853981852531433, 1.8654682636260986, 0.0, -0.7853981852531433, 1.8654682636260986, 0.0, -0.7853981852531433, 1.8654682636260986, 0.0, -0.7853981852531433, 1.8654682636260986] desired=[-0.34574276208877563, -0.4630824029445648, 1.5723754167556763, -0.002148173749446869, -0.7545078992843628, 1.7894903421401978, -0.05884159356355667, -1.3240034580230713, 2.2106194496154785, -0.2750000059604645, -0.8851901888847351, 1.3361746072769165] applied=[-0.34574276208877563, -0.4630824029445648, 1.5723754167556763, -0.002148173749446869, -0.7545078992843628, 1.7894903421401978, -0.05884159356355667, -1.3240034580230713, 2.2106194496154785, -0.2750000059604645, -0.8851901888847351, 1.3361746072769165] current=[-0.024245772510766983, -0.8077257871627808, 1.8720803260803223, 0.0007096891640685499, -0.7727150917053223, 1.8842827081680298, -0.018405472859740257, -0.9013441205024719, 1.8923871517181396, -0.003812940791249275, -0.8084975481033325, 1.8932253122329712]
[DIAG_INFER] step=21 policy_action_max=23.154692 applied_action_max=3.000000 obs_max=8.148854 history_nonzero_rows=2 position_clip=0 torque_clip=4 action=[11.120383262634277, 0.22952857613563538, 7.491226673126221, -2.325622320175171, 1.9397462606430054, -1.785447120666504, -23.154691696166992, -8.453764915466309, -11.611082077026367, -21.188323974609375, -9.853362083435059, 2.3218765258789062]
[DIAG_TARGET] step=21 target_error=0.000000000 default=[0.0, -0.7853981852531433, 1.8654682636260986, 0.0, -0.7853981852531433, 1.8654682636260986, 0.0, -0.7853981852531433, 1.8654682636260986, 0.0, -0.7853981852531433, 1.8654682636260986] desired=[0.2750000059604645, -0.7426178455352783, 2.369999885559082, -0.19070279598236084, -0.4818708300590515, 1.1736382246017456, -0.4749999940395355, -1.5499999523162842, 0.8700000047683716, -1.5, 2.938253879547119, 1.1074031591415405] applied=[0.2750000059604645, -0.7426178455352783, 2.369999885559082, -0.19070279598236084, -0.4818708300590515, 1.1736382246017456, -0.4749999940395355, -1.5499999523162842, 0.8700000047683716, -1.5, 2.938253879547119, 1.1074031591415405] current=[-0.17016370594501495, -0.7438446283340454, 1.8596525192260742, -0.06967747956514359, -0.7622752785682678, 1.8771662712097168, -0.061663735657930374, -1.1281459331512451, 2.0311996936798096, -0.07075098901987076, -0.8051459789276123, 1.8853061199188232]
[DIAG_INFER] step=31 policy_action_max=22.673782 applied_action_max=3.000000 obs_max=10.350657 history_nonzero_rows=3 position_clip=0 torque_clip=6 action=[22.568017959594727, 2.258850336074829, 22.673782348632812, 1.9499870538711548, 6.51831579208374, -12.765782356262207, -17.470130920410156, -14.283426284790039, 1.7713103294372559, 3.0592660903930664, -17.08782958984375, 17.763778686523438]
[DIAG_TARGET] step=31 target_error=0.000000060 default=[0.0, -0.7853981852531433, 1.8654682636260986, 0.0, -0.7853981852531433, 1.8654682636260986, 0.0, -0.7853981852531433, 1.8654682636260986, 0.0, -0.7853981852531433, 1.8654682636260986] desired=[0.2750000059604645, -0.23528742790222168, 2.369999885559082, 0.23429307341575623, -0.5078982710838318, 0.8700000047683716, -0.4749999940395355, -0.7552164793014526, 2.0628275871276855, 1.5, 0.4127473831176758, 2.700000047683716] applied=[0.2750000059604645, -0.23528742790222168, 2.369999885559082, 0.23429307341575623, -0.5078982710838318, 0.8700000047683716, -0.4749999940395355, -0.7552164793014526, 2.0628275871276855, 1.5, 0.41274744272232056, 2.700000047683716] current=[-0.0919143334031105, -0.7067445516586304, 2.153111696243286, -0.28194981813430786, -0.7136128544807434, 1.7970162630081177, -0.326872318983078, -1.2845962047576904, 1.7252155542373657, -0.39801058173179626, -0.5132631659507751, 1.7785671949386597]
[DIAG_INFER] step=41 policy_action_max=45.548965 applied_action_max=3.000000 obs_max=14.994149 history_nonzero_rows=4 position_clip=0 torque_clip=6 action=[35.145503997802734, 9.840017318725586, 39.38603591918945, 21.246932983398438, 19.985790252685547, -32.683528900146484, -45.54896545410156, 8.629495620727539, -19.233734130859375, -31.39230728149414, -30.12356948852539, 40.70512390136719]
[DIAG_TARGET] step=41 target_error=0.000000000 default=[0.0, -0.7853981852531433, 1.8654682636260986, 0.0, -0.7853981852531433, 1.8654682636260986, 0.0, -0.7853981852531433, 1.8654682636260986, 0.0, -0.7853981852531433, 1.8654682636260986] desired=[0.2750000059604645, -0.050000011920928955, 2.369999885559082, 0.46782466769218445, -0.050000011920928955, 0.8700000047683716, 0.007797896862030029, -0.050000011920928955, 1.3459700345993042, 1.5, 5.0, 2.700000047683716] applied=[0.2750000059604645, -0.050000011920928955, 2.369999885559082, 0.46782466769218445, -0.050000011920928955, 0.8700000047683716, 0.007797896862030029, -0.050000011920928955, 1.3459700345993042, 1.5, 5.0, 2.700000047683716] current=[0.2901524007320404, -0.45553073287010193, 2.2438762187957764, -0.18897370994091034, -0.6297717094421387, 1.716779112815857, -0.3672836720943451, -1.1097253561019897, 1.8622921705245972, -0.03495341166853905, 0.09208640456199646, 2.225527286529541]
[DIAG_INFER] step=51 policy_action_max=27.945232 applied_action_max=3.000000 obs_max=11.258521 history_nonzero_rows=5 position_clip=0 torque_clip=6 action=[24.4298152923584, 1.672939419746399, 19.51673698425293, -6.235239028930664, 12.98583984375, -10.067742347717285, -17.811594009399414, 1.8336083889007568, -7.763077735900879, -27.945232391357422, -8.024792671203613, 18.771137237548828]
[DIAG_TARGET] step=51 target_error=0.000000000 default=[0.0, -0.7853981852531433, 1.8654682636260986, 0.0, -0.7853981852531433, 1.8654682636260986, 0.0, -0.7853981852531433, 1.8654682636260986, 0.0, -0.7853981852531433, 1.8654682636260986] desired=[0.2750000059604645, -0.3817651569843292, 2.369999885559082, -0.2750000059604645, -0.050000011920928955, 0.8700000047683716, 0.808120608329773, 0.9493038058280945, 1.3466870784759521, 0.4477195739746094, 5.0, 2.700000047683716] applied=[0.2750000059604645, -0.3817651569843292, 2.369999885559082, -0.2750000059604645, -0.050000011920928955, 0.8700000047683716, 0.808120608329773, 0.9493038058280945, 1.3466870784759521, 0.4477195739746094, 5.0, 2.700000047683716] current=[0.4200800657272339, -0.1869344562292099, 2.3002588748931885, 0.047281984239816666, -0.45164933800697327, 1.5865966081619263, -0.30202484130859375, -0.905640721321106, 1.730041265487671, 0.7704212069511414, 0.9063003659248352, 2.448446035385132]
[DIAG_INFER] step=61 policy_action_max=7.437014 applied_action_max=3.000000 obs_max=4.574605 history_nonzero_rows=6 position_clip=0 torque_clip=6 action=[3.271311044692993, -3.823079824447632, 0.36150869727134705, -5.323672294616699, -1.8627241849899292, -1.0750889778137207, -0.11880999803543091, -2.7664382457733154, -7.437014102935791, 2.3404417037963867, -4.342106819152832, 0.09365479648113251]
[DIAG_TARGET] step=61 target_error=0.000000000 default=[0.0, -0.7853981852531433, 1.8654682636260986, 0.0, -0.7853981852531433, 1.8654682636260986, 0.0, -0.7853981852531433, 1.8654682636260986, 0.0, -0.7853981852531433, 1.8654682636260986] desired=[0.2750000059604645, -1.137971043586731, 1.7103772163391113, -0.2750000059604645, -1.2335283756256104, 1.3512277603149414, -0.11485125124454498, 1.7692694664001465, 1.3426116704940796, 0.39255520701408386, -4.454423904418945, 1.6438688039779663] applied=[0.2750000059604645, -1.137971043586731, 1.7103772163391113, -0.2750000059604645, -1.2335283756256104, 1.3512277603149414, -0.11485125124454498, 1.7692694664001465, 1.3426116704940796, 0.39255520701408386, -4.454423904418945, 1.6438688039779663] current=[0.35119524598121643, -0.20217669010162354, 2.3198816776275635, 0.09439334273338318, -0.3373648226261139, 1.4924418926239014, -0.24573737382888794, -0.698393702507019, 1.6293672323226929, 0.7154189348220825, 1.7167257070541382, 2.515204906463623]
[DIAG_INFER] step=71 policy_action_max=37.667530 applied_action_max=3.000000 obs_max=23.463346 history_nonzero_rows=7 position_clip=0 torque_clip=5 action=[-5.235259056091309, 12.332047462463379, 20.564563751220703, -10.704710006713867, -37.66753005981445, -30.103376388549805, 9.78574275970459, -11.411951065063477, -4.285972595214844, -12.43729305267334, 12.055710792541504, 1.3467520475387573]
[DIAG_TARGET] step=71 target_error=0.000000022 default=[0.0, -0.7853981852531433, 1.8654682636260986, 0.0, -0.7853981852531433, 1.8654682636260986, 0.0, -0.7853981852531433, 1.8654682636260986, 0.0, -0.7853981852531433, 1.8654682636260986] desired=[-0.4749999940395355, -0.050000011920928955, 2.369999885559082, -0.2750000059604645, 0.04856207221746445, 0.8700000047683716, 0.2750000059604645, 0.0006223917007446289, 0.8700000047683716, -1.5, -5.0, -2.700000047683716] applied=[-0.4749999940395355, -0.050000011920928955, 2.369999885559082, -0.2750000059604645, 0.048562049865722656, 0.8700000047683716, 0.2750000059604645, 0.0006223917007446289, 0.8700000047683716, -1.5, -5.0, -2.700000047683716] current=[0.2642790675163269, -0.6117141246795654, 1.98178231716156, 0.0009321345132775605, -0.5464486479759216, 1.5846930742263794, -0.20481988787651062, 0.002283876296132803, 1.3978662490844727, 0.5743398666381836, 1.6194491386413574, 2.030233144760132]
[DIAG_INFER] step=81 policy_action_max=47.336311 applied_action_max=3.000000 obs_max=18.730112 history_nonzero_rows=8 position_clip=0 torque_clip=4 action=[14.518162727355957, 7.722535133361816, 16.90431785583496, -21.8580322265625, 7.185473442077637, -2.4676053524017334, -36.755210876464844, -34.11461639404297, 0.05027055740356445, -47.33631134033203, -13.584832191467285, -5.558136940002441]
[DIAG_TARGET] step=81 target_error=0.000000000 default=[0.0, -0.7853981852531433, 1.8654682636260986, 0.0, -0.7853981852531433, 1.8654682636260986, 0.0, -0.7853981852531433, 1.8654682636260986, 0.0, -0.7853981852531433, 1.8654682636260986] desired=[0.2750000059604645, -0.050000011920928955, 2.369999885559082, -0.2750000059604645, -0.050000011920928955, 1.003098726272583, -0.4749999940395355, -1.0287091732025146, 1.6325676441192627, -1.5, 5.0, 2.700000047683716] applied=[0.2750000059604645, -0.050000011920928955, 2.369999885559082, -0.2750000059604645, -0.050000011920928955, 1.003098726272583, -0.4749999940395355, -1.0287091732025146, 1.6325676441192627, -1.5, 5.0, 2.700000047683716] current=[-0.11491277813911438, -0.5361526608467102, 2.16481614112854, -0.1651844084262848, -0.4197007417678833, 1.4124070405960083, -0.06527111679315567, 0.33197590708732605, 1.1815211772918701, -0.2169053703546524, 0.8141686320304871, 1.538845419883728]
[DIAG_INFER] step=91 policy_action_max=37.075542 applied_action_max=3.000000 obs_max=12.961234 history_nonzero_rows=9 position_clip=0 torque_clip=7 action=[29.854360580444336, 9.583003997802734, 37.07554244995117, 14.094522476196289, 17.182485580444336, -30.568527221679688, -35.723995208740234, 3.2966411113739014, -14.019808769226074, -29.68909454345703, -21.454030990600586, 36.21908187866211]
[DIAG_TARGET] step=91 target_error=0.000000015 default=[0.0, -0.7853981852531433, 1.8654682636260986, 0.0, -0.7853981852531433, 1.8654682636260986, 0.0, -0.7853981852531433, 1.8654682636260986, 0.0, -0.7853981852531433, 1.8654682636260986] desired=[0.2750000059604645, -0.050000011920928955, 2.2953317165374756, 0.4749999940395355, -0.08266903460025787, 0.8700000047683716, -0.8414602279663086, -0.050000011920928955, 1.3455123901367188, 1.5, 5.0, 2.700000047683716] applied=[0.2750000059604645, -0.050000011920928955, 2.2953317165374756, 0.4749999940395355, -0.08266901969909668, 0.8700000047683716, -0.8414602279663086, -0.050000011920928955, 1.3455123901367188, 1.5, 5.0, 2.700000047683716] current=[-0.03873680904507637, -0.23122814297676086, 2.284179449081421, -0.219602569937706, -0.28633514046669006, 1.2167317867279053, -0.12594416737556458, -0.19162176549434662, 1.431657314300537, -0.964747428894043, 0.41722914576530457, 2.0541110038757324]
[STAGE] video_encoding_start
[SUMMARY] {"task": "YoboGo-Velocity-Flat-v0", "mode": "smoke", "yobogo_walk_speed_m_s": 0.0, "rapid_walk_speed_m_s": 0.0, "adaptation_weight": "/run/media/pma213x/0C6A8CC86A8CAFCE/Ubuntu2/CodeU/Dog1/mini-cheetah-isaaclab/external_models/rapid-locomotion-rl/runs/rapid-locomotion/example/train/201852.132488/checkpoints/adaptation_module_latest.jit", "body_weight": "/run/media/pma213x/0C6A8CC86A8CAFCE/Ubuntu2/CodeU/Dog1/mini-cheetah-isaaclab/external_models/rapid-locomotion-rl/runs/rapid-locomotion/example/train/201852.132488/checkpoints/body_latest.jit", "completed_steps": 100, "inference_steps": 10, "expected_inference_steps": 10, "reset_count": 0, "safety_clip_count": 44, "position_clip_count": 0, "torque_clip_count": 44, "large_action_inference_count": 7, "official_clip_inference_count": 0, "max_abs_rapid_action": 3.0, "max_abs_policy_action": 47.33631134033203, "ood_guard_count": 77, "base_height_min_m": 0.25556930899620056, "max_abs_roll_deg": 27.304955402500465, "max_abs_pitch_deg": 10.749533645722334, "xy_displacement_m": 0.054475825279951096, "mean_measured_velocity_m_s": -0.30001087665557863, "final_command": [0.0, 0.0, 0.0], "terminated_steps": 0, "stability_errors": [], "interface_ok": true, "stable_walking": true, "video": null, "video_frames_written": 0}
[STAGE] event_loop_done
