[3gH    H    H    H    H    H    H    H    H    H    H    H    H    H    H    H    H    H    H    H   [INFO] Using python from: /home/pma213x/.venvs/minicheetah-isaaclab/bin/python
[INFO][AppLauncher]: Loading experience file: /home/pma213x/IsaacLab/apps/isaaclab.python.headless.kit
[Warning] [simulation_app.simulation_app] Modules: ['omni.kit_app'] were loaded before SimulationApp was started and might not be loaded correctly.
[Warning] [simulation_app.simulation_app] Please check to make sure no extra omniverse or pxr modules are imported before the call to SimulationApp(...)
Loading user config located at: '/home/pma213x/.venvs/minicheetah-isaaclab/lib/python3.10/site-packages/omni/data/Kit/Isaac-Sim/4.5/user.config.json'
[Info] [carb] Logging to file: /home/pma213x/.venvs/minicheetah-isaaclab/lib/python3.10/site-packages/omni/logs/Kit/Isaac-Sim/4.5/kit_20261008_203325.log
2026-10-08 12:33:25 [0ms] [Warning] [omni.kit.app.plugin] No crash reporter present, dumps uploading isn't available.
2026-10-08 12:33:25 [85ms] [Warning] [omni.usd_config.extension] Enable omni.materialx.libs extension to use MaterialX
2026-10-08 12:33:26 [330ms] [Warning] [omni.datastore] OmniHub is inaccessible
2026-10-08 12:33:26 [352ms] [Warning] [omni.isaac.dynamic_control] omni.isaac.dynamic_control is deprecated as of Isaac Sim 4.5. No action is needed from end-users.
Gym has been unmaintained since 2022 and does not support NumPy 2.0 amongst other critical functionality.
Please upgrade to Gymnasium, the maintained drop-in replacement of Gym, or contact the authors of your software and request that they upgrade.
See the migration guide at https://gymnasium.farama.org/introduction/migration_guide/ for additional information.
2026-10-08 12:33:27 [1,705ms] [Warning] [gpu.foundation.plugin] Skipping unsupported non-NVIDIA GPU: Intel(R) UHD Graphics (ADL-S GT0.5)
2026-10-08 12:33:27 [1,705ms] [Warning] [gpu.foundation.plugin] Skipping unsupported non-NVIDIA GPU: Intel(R) UHD Graphics (ADL-S GT0.5)

|---------------------------------------------------------------------------------------------|
| Driver Version: 580.178.04    | Graphics API: Vulkan
|=============================================================================================|
| GPU | Name                             | Active | LDA | GPU Memory | Vendor-ID | LUID       |
|     |                                  |        |     |            | Device-ID | UUID       |
|     |                                  |        |     |            | Bus-ID    |            |
|---------------------------------------------------------------------------------------------|
| 0   | NVIDIA GeForce RTX 4060 Laptop.. | Yes: 0 |     | 8188    MB | 10de      | 0          |
|     |                                  |        |     |            | 28e0      | 4d090564.. |
|     |                                  |        |     |            | 1         |            |
|---------------------------------------------------------------------------------------------|
| 1   | Intel(R) UHD Graphics (ADL-S G.. |        |     | 11374   MB | 8086      | 0          |
|     |                                  |        |     |            | 468b      | 86808b46.. |
|     |                                  |        |     |            | 0         |            |
|=============================================================================================|
| OS: 26.04.1 LTS (Resolute Raccoon) ubuntu, Version: 26.04.1, Kernel: 7.0.0-34-generic
| XServer Vendor: The X.Org Foundation, XServer Version: 12401010 (1.24.1.10)
| Processor: 13th Gen Intel(R) Core(TM) i5-13500HX
| Bare Metal Cores: 14 | Bare Metal Logical Cores: 28
| Available Cores:  20 
|---------------------------------------------------------------------------------------------|
| Total Memory (MB): 15166 | Free Memory: 5960
| Total Page/Swap (MB): 20479 | Free Page/Swap: 20437
|---------------------------------------------------------------------------------------------|
2026-10-08 12:33:27 [1,935ms] [Warning] [gpu.foundation.plugin] IOMMU is enabled.
2026-10-08 12:33:27 [1,937ms] [Warning] [gpu.foundation.plugin] Detected IOMMU is enabled. Running CUDA peer-to-peer bandwidth and latency validation.
Unidirectional P2P=Enabled Bandwidth (P2P Writes) Matrix (GB/s)
   D\D     0 
     0 221.79 
P2P=Enabled Latency (P2P Writes) Matrix (us)
   GPU     0 
     0   1.47 

   CPU     0 
     0   1.48 
[STAGE] config_start
[INFO]: Parsing configuration from: training.envs.velocity_flat_env_cfg:YoboGoVelocityFlatEnvCfg
[STAGE] config_done
[STAGE] environment_create_start
2026-10-08 12:33:27 [2,112ms] [Warning] [isaaclab.envs.manager_based_env] Seed not set for the environment. The environment creation may not be deterministic.
[INFO]: Base environment:
	Environment device    : cuda:0
	Environment seed      : None
	Physics step-size     : 0.0004
	Rendering step-size   : 0.002
	Environment step-size : 0.002
2026-10-08 12:33:28 [2,176ms] [Warning] [isaaclab.terrains.terrain_importer] Visual material specified for ground plane but no diffuse color found. Using default color: (0.0, 0.0, 0.0)
[INFO]: Time taken for scene creation : 2.169890 seconds
[INFO]: Scene manager:  <class InteractiveScene>
	Number of environments: 1
	Environment spacing   : 2.5
	Source prim name      : /World/envs/env_0
	Global prim paths     : ['/World/ground']
	Replicate physics     : True
[INFO]: Starting the simulation. This may take a few seconds. Please wait...
[INFO]: Time taken for simulation start : 0.346825 seconds
2026-10-08 12:33:30 [4,890ms] [Warning] [omni.usd] Warning: in GetNodeDiscoveryResults at line 136 of /builds/omniverse/usd-ci/USD/pxr/usd/usdShade/shaderDefUtils.cpp -- Unable to resolve info:sourceAsset </UsdPreviewSurface.info:mdl:sourceAsset> with value @UsdPreviewSurface.mdl@.

2026-10-08 12:33:30 [4,890ms] [Warning] [omni.usd] Warning: in GetNodeDiscoveryResults at line 136 of /builds/omniverse/usd-ci/USD/pxr/usd/usdShade/shaderDefUtils.cpp -- Unable to resolve info:sourceAsset </UsdUVTexture.info:mdl:sourceAsset> with value @UsdPreviewSurface.mdl@.

2026-10-08 12:33:30 [4,891ms] [Warning] [omni.usd] Warning: in GetNodeDiscoveryResults at line 136 of /builds/omniverse/usd-ci/USD/pxr/usd/usdShade/shaderDefUtils.cpp -- Unable to resolve info:sourceAsset </UsdPrimvarReader_float.info:mdl:sourceAsset> with value @UsdPreviewSurface.mdl@.

2026-10-08 12:33:30 [4,891ms] [Warning] [omni.usd] Warning: in GetNodeDiscoveryResults at line 136 of /builds/omniverse/usd-ci/USD/pxr/usd/usdShade/shaderDefUtils.cpp -- Unable to resolve info:sourceAsset </UsdPrimvarReader_float2.info:mdl:sourceAsset> with value @UsdPreviewSurface.mdl@.

2026-10-08 12:33:30 [4,891ms] [Warning] [omni.usd] Warning: in GetNodeDiscoveryResults at line 136 of /builds/omniverse/usd-ci/USD/pxr/usd/usdShade/shaderDefUtils.cpp -- Unable to resolve info:sourceAsset </UsdPrimvarReader_float3.info:mdl:sourceAsset> with value @UsdPreviewSurface.mdl@.

2026-10-08 12:33:30 [4,891ms] [Warning] [omni.usd] Warning: in GetNodeDiscoveryResults at line 136 of /builds/omniverse/usd-ci/USD/pxr/usd/usdShade/shaderDefUtils.cpp -- Unable to resolve info:sourceAsset </UsdPrimvarReader_float4.info:mdl:sourceAsset> with value @UsdPreviewSurface.mdl@.

2026-10-08 12:33:30 [4,891ms] [Warning] [omni.usd] Warning: in GetNodeDiscoveryResults at line 136 of /builds/omniverse/usd-ci/USD/pxr/usd/usdShade/shaderDefUtils.cpp -- Unable to resolve info:sourceAsset </UsdPrimvarReader_int.info:mdl:sourceAsset> with value @UsdPreviewSurface.mdl@.

2026-10-08 12:33:30 [4,891ms] [Warning] [omni.usd] Warning: in GetNodeDiscoveryResults at line 136 of /builds/omniverse/usd-ci/USD/pxr/usd/usdShade/shaderDefUtils.cpp -- Unable to resolve info:sourceAsset </UsdPrimvarReader_string.info:mdl:sourceAsset> with value @UsdPreviewSurface.mdl@.

2026-10-08 12:33:30 [4,891ms] [Warning] [omni.usd] Warning: in GetNodeDiscoveryResults at line 136 of /builds/omniverse/usd-ci/USD/pxr/usd/usdShade/shaderDefUtils.cpp -- Unable to resolve info:sourceAsset </UsdPrimvarReader_normal.info:mdl:sourceAsset> with value @UsdPreviewSurface.mdl@.

2026-10-08 12:33:30 [4,891ms] [Warning] [omni.usd] Warning: in GetNodeDiscoveryResults at line 136 of /builds/omniverse/usd-ci/USD/pxr/usd/usdShade/shaderDefUtils.cpp -- Unable to resolve info:sourceAsset </UsdPrimvarReader_point.info:mdl:sourceAsset> with value @UsdPreviewSurface.mdl@.

2026-10-08 12:33:30 [4,893ms] [Warning] [omni.usd] Warning: in GetNodeDiscoveryResults at line 136 of /builds/omniverse/usd-ci/USD/pxr/usd/usdShade/shaderDefUtils.cpp -- Unable to resolve info:sourceAsset </UsdPrimvarReader_vector.info:mdl:sourceAsset> with value @UsdPreviewSurface.mdl@.

2026-10-08 12:33:30 [4,893ms] [Warning] [omni.usd] Warning: in GetNodeDiscoveryResults at line 136 of /builds/omniverse/usd-ci/USD/pxr/usd/usdShade/shaderDefUtils.cpp -- Unable to resolve info:sourceAsset </UsdPrimvarReader_matrix.info:mdl:sourceAsset> with value @UsdPreviewSurface.mdl@.

2026-10-08 12:33:30 [4,893ms] [Warning] [omni.usd] Warning: in GetNodeDiscoveryResults at line 136 of /builds/omniverse/usd-ci/USD/pxr/usd/usdShade/shaderDefUtils.cpp -- Unable to resolve info:sourceAsset </UsdTransform2d.info:mdl:sourceAsset> with value @UsdPreviewSurface.mdl@.

[INFO] Command Manager:  <CommandManager> contains 1 active terms.
+------------------------------------------------+
|              Active Command Terms              |
+-------+---------------+------------------------+
| Index | Name          |          Type          |
+-------+---------------+------------------------+
|   0   | base_velocity | UniformVelocityCommand |
+-------+---------------+------------------------+

[INFO] Recorder Manager:  <RecorderManager> contains 0 active terms.
+---------------------+
| Active Recorder Terms |
+-----------+---------+
|   Index   | Name    |
+-----------+---------+
+-----------+---------+

[INFO] Action Manager:  <ActionManager> contains 1 active terms.
+------------------------------------+
|  Active Action Terms (shape: 12)   |
+--------+-------------+-------------+
| Index  | Name        |   Dimension |
+--------+-------------+-------------+
|   0    | joint_pos   |          12 |
+--------+-------------+-------------+

[INFO] Observation Manager: <ObservationManager> contains 1 groups.
+---------------------------------------------------------+
| Active Observation Terms in Group: 'policy' (shape: (48,)) |
+-----------+---------------------------------+-----------+
|   Index   | Name                            |   Shape   |
+-----------+---------------------------------+-----------+
|     0     | base_lin_vel                    |    (3,)   |
|     1     | base_ang_vel                    |    (3,)   |
|     2     | projected_gravity               |    (3,)   |
|     3     | velocity_commands               |    (3,)   |
|     4     | joint_pos                       |   (12,)   |
|     5     | joint_vel                       |   (12,)   |
|     6     | actions                         |   (12,)   |
+-----------+---------------------------------+-----------+

[INFO] Event Manager:  <EventManager> contains 3 active terms.
+--------------------------------------+
| Active Event Terms in Mode: 'startup' |
+----------+---------------------------+
|  Index   | Name                      |
+----------+---------------------------+
|    0     | physics_material          |
+----------+---------------------------+
+---------------------------------------+
|  Active Event Terms in Mode: 'reset'  |
+--------+------------------------------+
| Index  | Name                         |
+--------+------------------------------+
|   0    | base_external_force_torque   |
|   1    | reset_base                   |
|   2    | reset_robot_joints           |
+--------+------------------------------+
+----------------------------------------------+
|    Active Event Terms in Mode: 'interval'    |
+-------+------------+-------------------------+
| Index | Name       | Interval time range (s) |
+-------+------------+-------------------------+
|   0   | push_robot |       (10.0, 15.0)      |
+-------+------------+-------------------------+

[INFO] Termination Manager:  <TerminationManager> contains 2 active terms.
+---------------------------------+
|     Active Termination Terms    |
+-------+--------------+----------+
| Index | Name         | Time Out |
+-------+--------------+----------+
|   0   | time_out     |   True   |
|   1   | base_contact |  False   |
+-------+--------------+----------+

[INFO] Reward Manager:  <RewardManager> contains 11 active terms.
+-----------------------------------------+
|           Active Reward Terms           |
+-------+----------------------+----------+
| Index | Name                 |   Weight |
+-------+----------------------+----------+
|   0   | track_lin_vel_xy_exp |      1.0 |
|   1   | track_ang_vel_z_exp  |      0.5 |
|   2   | lin_vel_z_l2         |     -2.0 |
|   3   | ang_vel_xy_l2        |    -0.05 |
|   4   | dof_torques_l2       | -2.5e-05 |
|   5   | dof_acc_l2           | -2.5e-07 |
|   6   | action_rate_l2       |    -0.01 |
|   7   | feet_air_time        |      0.5 |
|   8   | undesired_contacts   |     -1.0 |
|   9   | flat_orientation_l2  |     -5.0 |
|   10  | dof_pos_limits       |      0.0 |
+-------+----------------------+----------+

[INFO] Curriculum Manager:  <CurriculumManager> contains 0 active terms.
+----------------------+
| Active Curriculum Terms |
+-----------+----------+
|   Index   | Name     |
+-----------+----------+
+-----------+----------+

[INFO]: Completed setting up the environment...
[STAGE] environment_create_done
[STAGE] policy_adapter_setup_start
[STAGE] policy_adapter_setup_done
[INFO] task=YoboGo-Velocity-Flat-v0
[INFO] weights_adaptation=/run/media/pma213x/0C6A8CC86A8CAFCE/Ubuntu2/CodeU/Dog1/mini-cheetah-isaaclab/external_models/rapid-locomotion-rl/runs/rapid-locomotion/example/train/201852.132488/checkpoints/adaptation_module_latest.jit
[INFO] weights_body=/run/media/pma213x/0C6A8CC86A8CAFCE/Ubuntu2/CodeU/Dog1/mini-cheetah-isaaclab/external_models/rapid-locomotion-rl/runs/rapid-locomotion/example/train/201852.132488/checkpoints/body_latest.jit
[INFO] yobogo_observation_dim=48 rapid_observation_dim=42
[INFO] history_dim=630 action_dim=12
[INFO] inference_period=10 control_period_s=0.002 inference_hz=50
[INFO] rapid_replay_actuator_kp=20 kd=0.5 effort=18/18/26
[INFO] yobogo_command=[0.15, 0.0, 0.0] rapid_command=[0.3, 0.0, 0.0]
[INFO] model_dummy_action_shape=(1, 12)
[INFO] model_dummy_latent_shape=(1, 18)
[STAGE] event_loop_start
[DIAG_INFER] step=1 policy_action_max=1.248121 applied_action_max=1.000000 obs_max=1.000000 history_nonzero_rows=0 position_clip=0 torque_clip=0 action=[-0.19196997582912445, 0.642443060874939, -0.24320250749588013, -0.12731799483299255, 0.7155734300613403, 0.4644811153411865, 0.17107360064983368, -1.2481212615966797, 0.8329904079437256, 0.16779884696006775, -0.6457257270812988, -0.7750469446182251]
[DIAG_TARGET] step=1 target_error=0.000000000 default=[0.0, -0.7853981852531433, 1.8654682636260986, 0.0, -0.7853981852531433, 1.8654682636260986, 0.0, -0.7853981852531433, 1.8654682636260986, 0.0, -0.7853981852531433, 1.8654682636260986] desired=[-0.12399625033140182, -0.6393892765045166, 1.559199333190918, 0.08408525586128235, -0.6211066246032715, 1.7361202239990234, -0.07861579954624176, -1.0499999523162842, 1.8282475471496582, 0.12097485363483429, -0.9614314436912537, 1.4262382984161377] applied=[-0.12399625033140182, -0.6393892765045166, 1.559199333190918, 0.08408525586128235, -0.6211066246032715, 1.7361202239990234, -0.07861579954624176, -1.0499999523162842, 1.8282475471496582, 0.12097485363483429, -0.9614314436912537, 1.4262382984161377] current=[-5.9839338064193726e-05, -0.7849080562591553, 1.863145112991333, 0.0011442716931924224, -0.7841194272041321, 1.86208176612854, -0.00011580637510633096, -0.7871277928352356, 1.8656564950942993, 0.002769092796370387, -0.7874866127967834, 1.8641384840011597]
[STAGE] first_step_done
[DIAG_INFER] step=11 policy_action_max=1.317697 applied_action_max=1.000000 obs_max=1.248121 history_nonzero_rows=1 position_clip=0 torque_clip=0 action=[-0.28362399339675903, 0.9774525165557861, -0.27408862113952637, -0.8584054112434387, 0.03540666401386261, 0.6878131628036499, 0.5766769647598267, -0.9171767234802246, 1.3176970481872559, 0.16164708137512207, -0.6317472457885742, -1.20383882522583]
[DIAG_TARGET] step=11 target_error=0.000000000 default=[0.0, -0.7853981852531433, 1.8654682636260986, 0.0, -0.7853981852531433, 1.8654682636260986, 0.0, -0.7853981852531433, 1.8654682636260986, 0.0, -0.7853981852531433, 1.8654682636260986] desired=[-0.135453000664711, -0.5556368827819824, 1.5514779090881348, -0.007300674915313721, -0.7911483645439148, 1.7919533252716064, -0.027915380895137787, -1.0292942523956299, 1.8700000047683716, 0.12020588666200638, -0.9579368233680725, 1.3700000047683716] applied=[-0.135453000664711, -0.5556368827819824, 1.5514779090881348, -0.007300674915313721, -0.7911483645439148, 1.7919533252716064, -0.027915380895137787, -1.0292942523956299, 1.8700000047683716, 0.12020588666200638, -0.9579368233680725, 1.3700000047683716] current=[-0.004931194707751274, -0.7874134182929993, 1.846700668334961, 0.030024481937289238, -0.7286291122436523, 1.804095983505249, -0.021647434681653976, -0.8840821385383606, 1.8765790462493896, 0.026633162051439285, -0.8118127584457397, 1.8433698415756226]
[DIAG_INFER] step=21 policy_action_max=3.746832 applied_action_max=1.000000 obs_max=1.317697 history_nonzero_rows=2 position_clip=0 torque_clip=0 action=[2.1489362716674805, 1.1652315855026245, 1.2507795095443726, -0.3719155490398407, -0.24775280058383942, -0.028255648910999298, -2.4563839435577393, -1.9600112438201904, -2.0122156143188477, -3.7468323707580566, 0.19147992134094238, -0.8647913932800293]
[DIAG_TARGET] step=21 target_error=0.000000000 default=[0.0, -0.7853981852531433, 1.8654682636260986, 0.0, -0.7853981852531433, 1.8654682636260986, 0.0, -0.7853981852531433, 1.8654682636260986, 0.0, -0.7853981852531433, 1.8654682636260986] desired=[0.02499999850988388, -0.550000011920929, 1.8700000047683716, 0.05351055786013603, -0.8619382381439209, 1.6129361391067505, -0.22499999403953552, -1.0499999523162842, 1.3700000047683716, -0.02499999850988388, -0.7521300315856934, 1.4038021564483643] applied=[0.02499999850988388, -0.550000011920929, 1.8700000047683716, 0.05351055786013603, -0.8619382381439209, 1.6129361391067505, -0.22499999403953552, -1.0499999523162842, 1.3700000047683716, -0.02499999850988388, -0.7521300315856934, 1.4038021564483643] current=[-0.019949741661548615, -0.7852581143379211, 1.8309481143951416, 0.004275099374353886, -0.7253608703613281, 1.794641375541687, -0.023761741816997528, -0.9713428616523743, 1.8899530172348022, 0.041626449674367905, -0.8234362602233887, 1.809230089187622]
[DIAG_INFER] step=31 policy_action_max=16.629421 applied_action_max=1.000000 obs_max=6.430161 history_nonzero_rows=3 position_clip=0 torque_clip=1 action=[13.543060302734375, 3.0417001247406006, 11.838005065917969, -2.313204526901245, 5.644744873046875, -6.470410346984863, -10.111793518066406, -0.1611090898513794, -1.97288179397583, -16.62942123413086, -3.285568952560425, 10.522055625915527]
[DIAG_TARGET] step=31 target_error=0.000000000 default=[0.0, -0.7853981852531433, 1.8654682636260986, 0.0, -0.7853981852531433, 1.8654682636260986, 0.0, -0.7853981852531433, 1.8654682636260986, 0.0, -0.7853981852531433, 1.8654682636260986] desired=[0.02499999850988388, -0.550000011920929, 1.8700000047683716, -0.02499999850988388, -0.550000011920929, 1.3700000047683716, -0.22499999403953552, -0.8402773141860962, 1.3700000047683716, -0.02499999850988388, 4.741930961608887, 1.8700000047683716] applied=[0.02499999850988388, -0.550000011920929, 1.8700000047683716, -0.02499999850988388, -0.550000011920929, 1.3700000047683716, -0.22499999403953552, -0.8402773141860962, 1.3700000047683716, -0.02499999850988388, 4.741930961608887, 1.8700000047683716] current=[-0.01748816855251789, -0.6830195784568787, 1.8484655618667603, -0.004182036500424147, -0.7617392539978027, 1.7140620946884155, -0.02490833029150963, -0.9941723942756653, 1.8927934169769287, 0.03630008548498154, -0.8060086369514465, 1.7530378103256226]
[DIAG_INFER] step=41 policy_action_max=7.741534 applied_action_max=1.000000 obs_max=16.629421 history_nonzero_rows=4 position_clip=0 torque_clip=3 action=[7.741534233093262, -2.119015693664551, 5.931058406829834, -2.7473456859588623, 4.06266975402832, -0.1545337438583374, -3.884690999984741, 1.8387243747711182, -7.588113784790039, -4.685297966003418, -2.602194309234619, 7.247729301452637]
[DIAG_TARGET] step=41 target_error=0.000000015 default=[0.0, -0.7853981852531433, 1.8654682636260986, 0.0, -0.7853981852531433, 1.8654682636260986, 0.0, -0.7853981852531433, 1.8654682636260986, 0.0, -0.7853981852531433, 1.8654682636260986] desired=[0.02499999850988388, -1.0499999523162842, 1.8700000047683716, -0.02499999850988388, -0.550000011920929, 1.5813665390014648, -0.22499999403953552, -0.14368264377117157, 1.3700000047683716, 0.9986420273780823, 2.6667065620422363, 1.8700000047683716] applied=[0.02499999850988388, -1.0499999523162842, 1.8700000047683716, -0.02499999850988388, -0.550000011920929, 1.5813665390014648, -0.22499999403953552, -0.14368265867233276, 1.3700000047683716, 0.9986420273780823, 2.6667065620422363, 1.8700000047683716] current=[0.002173779299482703, -0.5740292072296143, 1.8641619682312012, -0.03659611567854881, -0.7257829904556274, 1.6553536653518677, -0.0573643334209919, -0.9736384153366089, 1.8685870170593262, -0.004189104773104191, -0.18453074991703033, 1.7376377582550049]
[DIAG_INFER] step=51 policy_action_max=13.115336 applied_action_max=1.000000 obs_max=11.469792 history_nonzero_rows=5 position_clip=0 torque_clip=3 action=[6.141585350036621, 9.540739059448242, 11.395977020263672, -5.56443977355957, -13.115336418151855, -8.009185791015625, 6.598504066467285, -4.986907482147217, -3.6746556758880615, -5.653680801391602, -2.4902114868164062, 4.6985931396484375]
[DIAG_TARGET] step=51 target_error=0.000000000 default=[0.0, -0.7853981852531433, 1.8654682636260986, 0.0, -0.7853981852531433, 1.8654682636260986, 0.0, -0.7853981852531433, 1.8654682636260986, 0.0, -0.7853981852531433, 1.8654682636260986] desired=[0.02499999850988388, -0.550000011920929, 1.8700000047683716, -0.02499999850988388, -1.0499999523162842, 1.3700000047683716, 0.08948197960853577, 0.6776313185691833, 1.3700000047683716, -0.02499999850988388, -5.0, 1.8700000047683716] applied=[0.02499999850988388, -0.550000011920929, 1.8700000047683716, -0.02499999850988388, -1.0499999523162842, 1.3700000047683716, 0.08948197960853577, 0.6776313185691833, 1.3700000047683716, -0.02499999850988388, -5.0, 1.8700000047683716] current=[0.08762747049331665, -0.7262657284736633, 1.8709962368011475, 0.0453333705663681, -0.686857283115387, 1.6534136533737183, 0.005634994246065617, -0.9197554588317871, 1.815847635269165, 0.3844969570636749, 0.6281276345252991, 1.740440845489502]
[DIAG_INFER] step=61 policy_action_max=9.367829 applied_action_max=1.000000 obs_max=13.115336 history_nonzero_rows=6 position_clip=0 torque_clip=3 action=[8.847503662109375, -3.403973340988159, 9.367829322814941, -8.849932670593262, 6.340118885040283, 1.3062126636505127, -0.08494633436203003, -4.1004509925842285, 1.887427568435669, -8.025909423828125, -5.1833062171936035, 7.431399822235107]
[DIAG_TARGET] step=61 target_error=0.000000000 default=[0.0, -0.7853981852531433, 1.8654682636260986, 0.0, -0.7853981852531433, 1.8654682636260986, 0.0, -0.7853981852531433, 1.8654682636260986, 0.0, -0.7853981852531433, 1.8654682636260986] desired=[0.02499999850988388, -1.0499999523162842, 1.8700000047683716, -0.02499999850988388, -0.550000011920929, 1.8700000047683716, -0.11061829328536987, -0.3903113007545471, 1.8700000047683716, -0.02499999850988388, 2.7311811447143555, 2.0625107288360596] applied=[0.02499999850988388, -1.0499999523162842, 1.8700000047683716, -0.02499999850988388, -0.550000011920929, 1.8700000047683716, -0.11061829328536987, -0.3903113007545471, 1.8700000047683716, -0.02499999850988388, 2.7311811447143555, 2.0625107288360596] current=[0.04618928208947182, -0.7135729193687439, 1.9070897102355957, 0.0340757817029953, -0.7262985110282898, 1.636066198348999, -0.05136017128825188, -0.796255350112915, 1.733076572418213, 0.3241903781890869, 0.8117627501487732, 1.8643007278442383]
[DIAG_INFER] step=71 policy_action_max=8.598121 applied_action_max=1.000000 obs_max=9.367829 history_nonzero_rows=7 position_clip=0 torque_clip=4 action=[0.14648281037807465, 2.0752832889556885, 2.741899251937866, -7.596259593963623, -1.3857060670852661, -0.02458561211824417, 8.59812068939209, -1.3718430995941162, 3.0434844493865967, 8.097201347351074, -0.8068341016769409, 0.3914259672164917]
[DIAG_TARGET] step=71 target_error=0.000000119 default=[0.0, -0.7853981852531433, 1.8654682636260986, 0.0, -0.7853981852531433, 1.8654682636260986, 0.0, -0.7853981852531433, 1.8654682636260986, 0.0, -0.7853981852531433, 1.8654682636260986] desired=[-0.08168964833021164, -0.550000011920929, 1.8700000047683716, -0.02499999850988388, -1.0499999523162842, 1.6138535737991333, 0.02499999850988388, 1.3051429986953735, 1.8700000047683716, 0.6596735119819641, -5.0, 2.700000047683716] applied=[-0.08168964833021164, -0.550000011920929, 1.8700000047683716, -0.02499999850988388, -1.0499999523162842, 1.6138535737991333, 0.02499999850988388, 1.305142879486084, 1.8700000047683716, 0.6596735119819641, -5.0, 2.700000047683716] current=[0.06688801944255829, -0.7840856313705444, 1.9656285047531128, 0.050008516758680344, -0.6986944675445557, 1.7552629709243774, -0.06273411214351654, -0.5642350912094116, 1.7999169826507568, 0.06466423720121384, 1.2506482601165771, 1.9360525608062744]
[DIAG_INFER] step=81 policy_action_max=16.368124 applied_action_max=1.000000 obs_max=8.598121 history_nonzero_rows=8 position_clip=0 torque_clip=5 action=[5.331669807434082, 7.837365627288818, 3.423004150390625, -15.693138122558594, 0.9070798754692078, -1.9874030351638794, 5.707521915435791, -16.36812400817871, 7.786558151245117, -4.973727226257324, 2.0349502563476562, -4.737096309661865]
[DIAG_TARGET] step=81 target_error=0.000000015 default=[0.0, -0.7853981852531433, 1.8654682636260986, 0.0, -0.7853981852531433, 1.8654682636260986, 0.0, -0.7853981852531433, 1.8654682636260986, 0.0, -0.7853981852531433, 1.8654682636260986] desired=[0.02499999850988388, -0.550000011920929, 1.8700000047683716, -0.02499999850988388, 0.19380022585391998, 1.3700000047683716, 0.02499999850988388, -0.4284476041793823, 1.8700000047683716, -0.44806885719299316, 2.7336273193359375, 2.700000047683716] applied=[0.02499999850988388, -0.550000011920929, 1.8700000047683716, -0.02499999850988388, 0.1938002109527588, 1.3700000047683716, 0.02499999850988388, -0.4284476041793823, 1.8700000047683716, -0.44806885719299316, 2.7336273193359375, 2.700000047683716] current=[0.07297787815332413, -0.7173468470573425, 2.0118792057037354, 0.018807120621204376, -0.7925871014595032, 1.7162119150161743, -0.004237262066453695, 0.144581601023674, 1.7790353298187256, 0.42097511887550354, 1.1938220262527466, 2.374181032180786]
[DIAG_INFER] step=91 policy_action_max=21.370699 applied_action_max=1.000000 obs_max=16.368124 history_nonzero_rows=9 position_clip=0 torque_clip=5 action=[10.83676528930664, 11.394996643066406, 0.4596081078052521, -21.370698928833008, 7.571000576019287, -0.8180184364318848, 8.009079933166504, -11.84096908569336, -2.5837302207946777, 1.1536728143692017, -4.65476655960083, 2.2714619636535645]
[DIAG_TARGET] step=91 target_error=0.000000119 default=[0.0, -0.7853981852531433, 1.8654682636260986, 0.0, -0.7853981852531433, 1.8654682636260986, 0.0, -0.7853981852531433, 1.8654682636260986, 0.0, -0.7853981852531433, 1.8654682636260986] desired=[0.02499999850988388, -0.550000011920929, 1.734902024269104, -0.02499999850988388, -0.550000011920929, 1.4154953956604004, 0.02499999850988388, 1.5486558675765991, 1.3787150382995605, 0.804220974445343, 1.3187179565429688, 2.700000047683716] applied=[0.02499999850988388, -0.550000011920929, 1.734902024269104, -0.02499999850988388, -0.550000011920929, 1.4154953956604004, 0.02499999850988388, 1.5486557483673096, 1.3787150382995605, 0.804220974445343, 1.3187179565429688, 2.700000047683716] current=[0.05774414911866188, -0.656622588634491, 2.0725247859954834, 0.004525481257587671, -0.7116075158119202, 1.6744623184204102, 0.008000252768397331, 0.31392601132392883, 1.8478856086730957, -0.08791977912187576, 1.5267001390457153, 2.545586585998535]
[DIAG_INFER] step=101 policy_action_max=18.153601 applied_action_max=1.000000 obs_max=21.370699 history_nonzero_rows=10 position_clip=0 torque_clip=4 action=[10.2606201171875, 3.88196063041687, 4.225468158721924, -18.153600692749023, 2.9110991954803467, -1.3260163068771362, 5.965395450592041, -9.332273483276367, 0.5919082164764404, -1.2627922296524048, -3.7964694499969482, 4.102249622344971]
[DIAG_TARGET] step=101 target_error=0.000000060 default=[0.0, -0.7853981852531433, 1.8654682636260986, 0.0, -0.7853981852531433, 1.8654682636260986, 0.0, -0.7853981852531433, 1.8654682636260986, 0.0, -0.7853981852531433, 1.8654682636260986] desired=[0.02499999850988388, -0.550000011920929, 1.8700000047683716, -0.02499999850988388, 0.4524531364440918, 1.3700000047683716, 0.02499999850988388, 0.5071555376052856, 1.767976999282837, -0.02499999850988388, 1.1805644035339355, 2.445789098739624] applied=[0.02499999850988388, -0.550000011920929, 1.8700000047683716, -0.02499999850988388, 0.4524531960487366, 1.3700000047683716, 0.02499999850988388, 0.5071554780006409, 1.767976999282837, -0.02499999850988388, 1.1805644035339355, 2.445789098739624] current=[0.12873263657093048, -0.5982776284217834, 2.103250026702881, 0.04720912501215935, -0.6805456280708313, 1.6565136909484863, 0.06434373557567596, 0.6759671568870544, 1.5461429357528687, 0.34795284271240234, 1.5724376440048218, 2.623905897140503]
[DIAG_INFER] step=111 policy_action_max=11.445656 applied_action_max=1.000000 obs_max=18.153601 history_nonzero_rows=11 position_clip=0 torque_clip=5 action=[5.0883893966674805, 0.5103613138198853, 3.47395396232605, -11.445655822753906, 0.9843422174453735, -0.5320900678634644, 0.17604094743728638, -11.02031135559082, -2.6908035278320312, -8.755951881408691, -3.943103790283203, 5.098045825958252]
[DIAG_TARGET] step=111 target_error=0.000000060 default=[0.0, -0.7853981852531433, 1.8654682636260986, 0.0, -0.7853981852531433, 1.8654682636260986, 0.0, -0.7853981852531433, 1.8654682636260986, 0.0, -0.7853981852531433, 1.8654682636260986] desired=[0.02499999850988388, -0.6724096536636353, 1.8700000047683716, -0.02499999850988388, -0.13928794860839844, 1.486977458000183, -0.07799488306045532, 0.244889497756958, 1.3700000047683716, -1.4008156061172485, 1.737290859222412, 2.0820789337158203] applied=[0.02499999850988388, -0.6724096536636353, 1.8700000047683716, -0.02499999850988388, -0.13928794860839844, 1.486977458000183, -0.07799488306045532, 0.24488955736160278, 1.3700000047683716, -1.4008156061172485, 1.737290859222412, 2.0820789337158203] current=[0.0644581988453865, -0.5356544256210327, 2.1428134441375732, 0.01544317789375782, -0.46168115735054016, 1.52937912940979, 0.00642304727807641, 0.8106050491333008, 1.688710331916809, 0.14353463053703308, 1.390850305557251, 2.500540256500244]
[DIAG_INFER] step=121 policy_action_max=13.269227 applied_action_max=1.000000 obs_max=11.445656 history_nonzero_rows=12 position_clip=0 torque_clip=5 action=[2.716871738433838, -2.3882734775543213, 1.6166150569915771, -13.269227027893066, 2.6129143238067627, 1.2557905912399292, 4.471242427825928, -4.706511974334717, 0.4548838138580322, 0.3507150113582611, -4.199333667755127, 4.351169586181641]
[DIAG_TARGET] step=121 target_error=0.000000000 default=[0.0, -0.7853981852531433, 1.8654682636260986, 0.0, -0.7853981852531433, 1.8654682636260986, 0.0, -0.7853981852531433, 1.8654682636260986, 0.0, -0.7853981852531433, 1.8654682636260986] desired=[0.02499999850988388, -0.9034779667854309, 1.8700000047683716, -0.02499999850988388, -0.550000011920929, 1.8700000047683716, -0.5763917565345764, 0.8466487526893616, 1.7337210178375244, 0.14383937418460846, 0.16508746147155762, 2.0546748638153076] applied=[0.02499999850988388, -0.9034779667854309, 1.8700000047683716, -0.02499999850988388, -0.550000011920929, 1.8700000047683716, -0.5763917565345764, 0.8466487526893616, 1.7337210178375244, 0.14383937418460846, 0.16508746147155762, 2.0546748638153076] current=[0.020660191774368286, -0.4864852726459503, 2.1776788234710693, -0.003474889788776636, -0.2112547904253006, 1.523641586303711, -0.06305192410945892, 0.5840134024620056, 1.5254168510437012, -0.6257233023643494, 1.52126944065094, 2.249789237976074]
[DIAG_INFER] step=131 policy_action_max=5.342712 applied_action_max=1.000000 obs_max=13.269227 history_nonzero_rows=13 position_clip=0 torque_clip=3 action=[0.051452767103910446, 3.9961049556732178, -2.866518259048462, -5.342711925506592, -1.6906954050064087, -1.2205992937088013, 3.075014352798462, 1.1808860301971436, 2.533715009689331, 3.395629644393921, -1.6392152309417725, 1.3989951610565186]
[DIAG_TARGET] step=131 target_error=0.000000000 default=[0.0, -0.7853981852531433, 1.8654682636260986, 0.0, -0.7853981852531433, 1.8654682636260986, 0.0, -0.7853981852531433, 1.8654682636260986, 0.0, -0.7853981852531433, 1.8654682636260986] desired=[-0.09356840699911118, -0.550000011920929, 1.3700000047683716, -0.02499999850988388, -0.26910775899887085, 1.3700000047683716, 0.02499999850988388, -0.550000011920929, 1.8700000047683716, 0.22499999403953552, -5.0, 2.26241397857666] applied=[-0.09356840699911118, -0.550000011920929, 1.3700000047683716, -0.02499999850988388, -0.26910775899887085, 1.3700000047683716, 0.02499999850988388, -0.550000011920929, 1.8700000047683716, 0.22499999403953552, -5.0, 2.26241397857666] current=[0.041231922805309296, -0.5659456253051758, 2.2115142345428467, 0.007628865540027618, -0.2935574948787689, 1.719281554222107, -0.2638900876045227, 0.5215657353401184, 1.6148005723953247, -0.2760574519634247, 0.932004451751709, 2.130627393722534]
[DIAG_INFER] step=141 policy_action_max=11.211135 applied_action_max=1.000000 obs_max=5.342712 history_nonzero_rows=14 position_clip=0 torque_clip=3 action=[7.932059288024902, 5.040589332580566, 6.488082408905029, 7.784340858459473, -3.3862786293029785, -11.211134910583496, -0.027042090892791748, 1.1303043365478516, -4.094183444976807, -0.3973105251789093, -7.069573879241943, 7.052566051483154]
[DIAG_TARGET] step=141 target_error=0.000000000 default=[0.0, -0.7853981852531433, 1.8654682636260986, 0.0, -0.7853981852531433, 1.8654682636260986, 0.0, -0.7853981852531433, 1.8654682636260986, 0.0, -0.7853981852531433, 1.8654682636260986] desired=[0.02499999850988388, -0.550000011920929, 1.8700000047683716, 0.22499999403953552, -1.0499999523162842, 1.3700000047683716, -0.10338026285171509, -0.550000011920929, 1.3700000047683716, 1.5, -1.2311475276947021, 1.8338319063186646] applied=[0.02499999850988388, -0.550000011920929, 1.8700000047683716, 0.22499999403953552, -1.0499999523162842, 1.3700000047683716, -0.10338026285171509, -0.550000011920929, 1.3700000047683716, 1.5, -1.2311475276947021, 1.8338319063186646] current=[0.09948857873678207, -0.5801639556884766, 2.202404260635376, 0.021366819739341736, -0.3335394561290741, 1.520239233970642, -0.2117835283279419, 0.14446288347244263, 1.7668644189834595, -7.604779239045456e-05, 0.11197452992200851, 2.1377758979797363]
[DIAG_INFER] step=151 policy_action_max=16.531675 applied_action_max=1.000000 obs_max=11.211135 history_nonzero_rows=15 position_clip=0 torque_clip=4 action=[3.6071360111236572, 6.408207416534424, 8.156006813049316, 12.785294532775879, -0.37414848804473877, -9.472142219543457, 1.3412072658538818, 5.95549201965332, -5.1080827713012695, -0.6001256704330444, -16.531675338745117, 13.792960166931152]
[DIAG_TARGET] step=151 target_error=0.000000000 default=[0.0, -0.7853981852531433, 1.8654682636260986, 0.0, -0.7853981852531433, 1.8654682636260986, 0.0, -0.7853981852531433, 1.8654682636260986, 0.0, -0.7853981852531433, 1.8654682636260986] desired=[0.02499999850988388, -0.550000011920929, 1.8700000047683716, 0.22499999403953552, -0.893537163734436, 1.3700000047683716, 0.6060476303100586, -0.550000011920929, 1.3700000047683716, 1.5, -2.475404739379883, 1.5162547826766968] applied=[0.02499999850988388, -0.550000011920929, 1.8700000047683716, 0.22499999403953552, -0.893537163734436, 1.3700000047683716, 0.6060476303100586, -0.550000011920929, 1.3700000047683716, 1.5, -2.475404739379883, 1.5162547826766968] current=[0.25172877311706543, -0.6278172135353088, 2.1624834537506104, 0.13516224920749664, -0.6210097074508667, 1.4474849700927734, -0.07875174283981323, -0.313123881816864, 1.5106837749481201, 0.6702930927276611, -0.666409432888031, 1.869620680809021]
[DIAG_INFER] step=161 policy_action_max=7.430365 applied_action_max=1.000000 obs_max=16.531675 history_nonzero_rows=15 position_clip=0 torque_clip=4 action=[0.9426071047782898, 0.9850503206253052, 1.556914210319519, 1.7253423929214478, 0.07622991502285004, -3.625488758087158, -2.5322952270507812, 4.527672290802002, -4.14920711517334, 3.647949695587158, -7.430365085601807, 6.45536994934082]
[DIAG_TARGET] step=161 target_error=0.000000000 default=[0.0, -0.7853981852531433, 1.8654682636260986, 0.0, -0.7853981852531433, 1.8654682636260986, 0.0, -0.7853981852531433, 1.8654682636260986, 0.0, -0.7853981852531433, 1.8654682636260986] desired=[0.017825886607170105, -0.5537374019622803, 1.8700000047683716, 0.22499999403953552, -0.7809425592422485, 1.3700000047683716, 0.8411924839019775, -1.525501012802124, 1.3700000047683716, 0.9459155201911926, -1.2536602020263672, 1.8700000047683716] applied=[0.017825886607170105, -0.5537374019622803, 1.8700000047683716, 0.22499999403953552, -0.7809425592422485, 1.3700000047683716, 0.8411924839019775, -1.525501012802124, 1.3700000047683716, 0.9459155201911926, -1.2536602020263672, 1.8700000047683716] current=[0.3444991111755371, -0.6659199595451355, 2.130084276199341, 0.15019939839839935, -0.8586183786392212, 1.3778891563415527, 0.15631823241710663, -0.5546126961708069, 1.4104230403900146, 1.252270221710205, -1.4778214693069458, 1.604835033416748]
[DIAG_INFER] step=171 policy_action_max=7.852613 applied_action_max=1.000000 obs_max=7.430365 history_nonzero_rows=15 position_clip=0 torque_clip=5 action=[3.508618116378784, 3.735786199569702, 3.511625051498413, -3.0529699325561523, -0.23670531809329987, 2.075244903564453, -2.3289878368377686, -6.366776466369629, 1.3462004661560059, -7.85261344909668, -1.559218168258667, -3.8503363132476807]
[DIAG_TARGET] step=171 target_error=0.000000000 default=[0.0, -0.7853981852531433, 1.8654682636260986, 0.0, -0.7853981852531433, 1.8654682636260986, 0.0, -0.7853981852531433, 1.8654682636260986, 0.0, -0.7853981852531433, 1.8654682636260986] desired=[0.02499999850988388, -0.550000011920929, 1.8700000047683716, 0.17690035700798035, -0.8591763377189636, 1.8700000047683716, 0.08821547031402588, -1.0499999523162842, 1.8700000047683716, -1.5, -2.0602540969848633, 1.3818461894989014] applied=[0.02499999850988388, -0.550000011920929, 1.8700000047683716, 0.17690035700798035, -0.8591763377189636, 1.8700000047683716, 0.08821547031402588, -1.0499999523162842, 1.8700000047683716, -1.5, -2.0602540969848633, 1.3818461894989014] current=[0.2587262988090515, -0.703492283821106, 2.1346426010131836, 0.10454975068569183, -0.863297700881958, 1.3743914365768433, 0.5556444525718689, -0.956723153591156, 1.3889714479446411, 1.165635108947754, -1.739151120185852, 1.6767817735671997]
[DIAG_INFER] step=181 policy_action_max=12.931191 applied_action_max=1.000000 obs_max=7.852613 history_nonzero_rows=15 position_clip=0 torque_clip=3 action=[3.9531092643737793, 2.6757519245147705, 2.101893663406372, -1.7877063751220703, 3.097534418106079, -0.3530031442642212, -7.95595121383667, -2.4691355228424072, 1.5093798637390137, -12.931191444396973, -2.5353753566741943, -3.329249620437622]
[DIAG_TARGET] step=181 target_error=0.000000000 default=[0.0, -0.7853981852531433, 1.8654682636260986, 0.0, -0.7853981852531433, 1.8654682636260986, 0.0, -0.7853981852531433, 1.8654682636260986, 0.0, -0.7853981852531433, 1.8654682636260986] desired=[0.02499999850988388, -0.550000011920929, 1.8700000047683716, -0.02499999850988388, -0.550000011920929, 1.5317492485046387, -0.22499999403953552, -1.1718270778656006, 1.8700000047683716, -1.5, 0.06933104991912842, 1.3700000047683716] applied=[0.02499999850988388, -0.550000011920929, 1.8700000047683716, -0.02499999850988388, -0.550000011920929, 1.5317492485046387, -0.22499999403953552, -1.1718270778656006, 1.8700000047683716, -1.5, 0.06933104991912842, 1.3700000047683716] current=[0.06959814578294754, -0.7127755284309387, 2.155987024307251, 0.05430527776479721, -0.8250192403793335, 1.6342687606811523, 0.471173495054245, -1.151773452758789, 1.6159852743148804, 0.3585996925830841, -1.8637707233428955, 1.5175445079803467]
[DIAG_INFER] step=191 policy_action_max=8.289045 applied_action_max=1.000000 obs_max=12.931191 history_nonzero_rows=15 position_clip=0 torque_clip=4 action=[7.18272590637207, 2.3959662914276123, -0.05748292803764343, -4.6593427658081055, 5.562741756439209, -2.7355799674987793, -5.534056186676025, -0.5699472427368164, -8.289045333862305, -6.994254112243652, -0.49244949221611023, 1.516384482383728]
[DIAG_TARGET] step=191 target_error=0.000000000 default=[0.0, -0.7853981852531433, 1.8654682636260986, 0.0, -0.7853981852531433, 1.8654682636260986, 0.0, -0.7853981852531433, 1.8654682636260986, 0.0, -0.7853981852531433, 1.8654682636260986] desired=[0.02499999850988388, -0.550000011920929, 1.605629324913025, -0.02499999850988388, -0.550000011920929, 1.3700000047683716, -0.44345352053642273, -0.9424868226051331, 1.3700000047683716, -1.0263454914093018, 3.3813626766204834, -2.700000047683716] applied=[0.02499999850988388, -0.550000011920929, 1.605629324913025, -0.02499999850988388, -0.550000011920929, 1.3700000047683716, -0.44345352053642273, -0.9424868226051331, 1.3700000047683716, -1.0263454914093018, 3.3813626766204834, -2.700000047683716] current=[-0.02776346541941166, -0.6313660740852356, 2.0246422290802, 0.01056242361664772, -0.67042475938797, 1.5643001794815063, 0.053697630763053894, -1.1572898626327515, 1.7446823120117188, -0.4450511932373047, -1.4085493087768555, 1.2940171957015991]
[STAGE] video_encoding_start
[SUMMARY] {"task": "YoboGo-Velocity-Flat-v0", "mode": "smoke", "yobogo_walk_speed_m_s": 0.15, "rapid_walk_speed_m_s": 0.3, "adaptation_weight": "/run/media/pma213x/0C6A8CC86A8CAFCE/Ubuntu2/CodeU/Dog1/mini-cheetah-isaaclab/external_models/rapid-locomotion-rl/runs/rapid-locomotion/example/train/201852.132488/checkpoints/adaptation_module_latest.jit", "body_weight": "/run/media/pma213x/0C6A8CC86A8CAFCE/Ubuntu2/CodeU/Dog1/mini-cheetah-isaaclab/external_models/rapid-locomotion-rl/runs/rapid-locomotion/example/train/201852.132488/checkpoints/body_latest.jit", "completed_steps": 200, "inference_steps": 20, "expected_inference_steps": 20, "reset_count": 0, "safety_clip_count": 64, "position_clip_count": 0, "torque_clip_count": 64, "large_action_inference_count": 10, "official_clip_inference_count": 0, "max_abs_rapid_action": 1.0, "max_abs_policy_action": 21.370698928833008, "ood_guard_count": 184, "base_height_min_m": 0.26021498441696167, "max_abs_roll_deg": 79.98861045917648, "max_abs_pitch_deg": 21.82534666741509, "xy_displacement_m": 0.1876499503850937, "mean_measured_velocity_m_s": 0.05795580512378365, "final_command": [0.15000000596046448, 0.0, 0.0], "terminated_steps": 0, "stability_errors": ["max_abs_roll_deg=79.989>=45"], "interface_ok": true, "stable_walking": false, "video": null, "video_frames_written": 0}
Traceback (most recent call last):
  File "/run/media/pma213x/0C6A8CC86A8CAFCE/Ubuntu2/CodeU/Dog1/mini-cheetah-isaaclab/training/scripts/play_rapid.py", line 599, in <module>
    exit_code = main()
  File "/run/media/pma213x/0C6A8CC86A8CAFCE/Ubuntu2/CodeU/Dog1/mini-cheetah-isaaclab/training/scripts/play_rapid.py", line 586, in main
    raise RuntimeError(
RuntimeError: 稳定性 Gate 失败：max_abs_roll_deg=79.989>=45
