[3gH    H    H    H    H    H    H    H    H    H    H    H    H    H    H    H    H    H    H    H   [INFO] Using python from: /home/pma213x/.venvs/minicheetah-isaaclab/bin/python
[INFO][AppLauncher]: Loading experience file: /home/pma213x/IsaacLab/apps/isaaclab.python.headless.kit
[Warning] [simulation_app.simulation_app] Modules: ['omni.kit_app'] were loaded before SimulationApp was started and might not be loaded correctly.
[Warning] [simulation_app.simulation_app] Please check to make sure no extra omniverse or pxr modules are imported before the call to SimulationApp(...)
Loading user config located at: '/home/pma213x/.venvs/minicheetah-isaaclab/lib/python3.10/site-packages/omni/data/Kit/Isaac-Sim/4.5/user.config.json'
[Info] [carb] Logging to file: /home/pma213x/.venvs/minicheetah-isaaclab/lib/python3.10/site-packages/omni/logs/Kit/Isaac-Sim/4.5/kit_20261008_204140.log
2026-10-08 12:41:40 [0ms] [Warning] [omni.kit.app.plugin] No crash reporter present, dumps uploading isn't available.
2026-10-08 12:41:40 [91ms] [Warning] [omni.usd_config.extension] Enable omni.materialx.libs extension to use MaterialX
2026-10-08 12:41:40 [346ms] [Warning] [omni.datastore] OmniHub is inaccessible
2026-10-08 12:41:40 [369ms] [Warning] [omni.isaac.dynamic_control] omni.isaac.dynamic_control is deprecated as of Isaac Sim 4.5. No action is needed from end-users.
Gym has been unmaintained since 2022 and does not support NumPy 2.0 amongst other critical functionality.
Please upgrade to Gymnasium, the maintained drop-in replacement of Gym, or contact the authors of your software and request that they upgrade.
See the migration guide at https://gymnasium.farama.org/introduction/migration_guide/ for additional information.
2026-10-08 12:41:42 [1,779ms] [Warning] [gpu.foundation.plugin] Skipping unsupported non-NVIDIA GPU: Intel(R) UHD Graphics (ADL-S GT0.5)
2026-10-08 12:41:42 [1,779ms] [Warning] [gpu.foundation.plugin] Skipping unsupported non-NVIDIA GPU: Intel(R) UHD Graphics (ADL-S GT0.5)

|---------------------------------------------------------------------------------------------|
| Driver Version: 580.178.04    | Graphics API: Vulkan
|=============================================================================================|
| GPU | Name                             | Active | LDA | GPU Memory | Vendor-ID | LUID       |
|     |                                  |        |     |            | Device-ID | UUID       |
|     |                                  |        |     |            | Bus-ID    |            |
|---------------------------------------------------------------------------------------------|
| 0   | NVIDIA GeForce RTX 4060 Laptop.. | Yes: 0 |     | 8188    MB | 10de      | 0          |
|     |                                  |        |     |            | 28e0      | 4d090564.. |
|     |                                  |        |     |            | 1         |            |
|---------------------------------------------------------------------------------------------|
| 1   | Intel(R) UHD Graphics (ADL-S G.. |        |     | 11374   MB | 8086      | 0          |
|     |                                  |        |     |            | 468b      | 86808b46.. |
|     |                                  |        |     |            | 0         |            |
|=============================================================================================|
| OS: 26.04.1 LTS (Resolute Raccoon) ubuntu, Version: 26.04.1, Kernel: 7.0.0-34-generic
| XServer Vendor: The X.Org Foundation, XServer Version: 12401010 (1.24.1.10)
| Processor: 13th Gen Intel(R) Core(TM) i5-13500HX
| Bare Metal Cores: 14 | Bare Metal Logical Cores: 28
| Available Cores:  20 
|---------------------------------------------------------------------------------------------|
| Total Memory (MB): 15166 | Free Memory: 7538
| Total Page/Swap (MB): 20479 | Free Page/Swap: 18012
|---------------------------------------------------------------------------------------------|
2026-10-08 12:41:42 [1,995ms] [Warning] [gpu.foundation.plugin] IOMMU is enabled.
2026-10-08 12:41:42 [1,996ms] [Warning] [gpu.foundation.plugin] Detected IOMMU is enabled. Running CUDA peer-to-peer bandwidth and latency validation.
Unidirectional P2P=Enabled Bandwidth (P2P Writes) Matrix (GB/s)
   D\D     0 
     0 181.50 
P2P=Enabled Latency (P2P Writes) Matrix (us)
   GPU     0 
     0   1.44 

   CPU     0 
     0   1.48 
[STAGE] config_start
[INFO]: Parsing configuration from: training.envs.velocity_flat_env_cfg:YoboGoVelocityFlatEnvCfg
[STAGE] config_done
[STAGE] environment_create_start
2026-10-08 12:41:42 [2,181ms] [Warning] [isaaclab.envs.manager_based_env] Seed not set for the environment. The environment creation may not be deterministic.
[INFO]: Base environment:
	Environment device    : cuda:0
	Environment seed      : None
	Physics step-size     : 0.0004
	Rendering step-size   : 0.002
	Environment step-size : 0.002
2026-10-08 12:41:42 [2,255ms] [Warning] [isaaclab.terrains.terrain_importer] Visual material specified for ground plane but no diffuse color found. Using default color: (0.0, 0.0, 0.0)
[INFO]: Time taken for scene creation : 2.472827 seconds
[INFO]: Scene manager:  <class InteractiveScene>
	Number of environments: 1
	Environment spacing   : 2.5
	Source prim name      : /World/envs/env_0
	Global prim paths     : ['/World/ground']
	Replicate physics     : True
[INFO]: Starting the simulation. This may take a few seconds. Please wait...
[INFO]: Time taken for simulation start : 0.348903 seconds
2026-10-08 12:41:45 [5,287ms] [Warning] [omni.usd] Warning: in GetNodeDiscoveryResults at line 136 of /builds/omniverse/usd-ci/USD/pxr/usd/usdShade/shaderDefUtils.cpp -- Unable to resolve info:sourceAsset </UsdPreviewSurface.info:mdl:sourceAsset> with value @UsdPreviewSurface.mdl@.

2026-10-08 12:41:45 [5,287ms] [Warning] [omni.usd] Warning: in GetNodeDiscoveryResults at line 136 of /builds/omniverse/usd-ci/USD/pxr/usd/usdShade/shaderDefUtils.cpp -- Unable to resolve info:sourceAsset </UsdUVTexture.info:mdl:sourceAsset> with value @UsdPreviewSurface.mdl@.

2026-10-08 12:41:45 [5,287ms] [Warning] [omni.usd] Warning: in GetNodeDiscoveryResults at line 136 of /builds/omniverse/usd-ci/USD/pxr/usd/usdShade/shaderDefUtils.cpp -- Unable to resolve info:sourceAsset </UsdPrimvarReader_float.info:mdl:sourceAsset> with value @UsdPreviewSurface.mdl@.

2026-10-08 12:41:45 [5,288ms] [Warning] [omni.usd] Warning: in GetNodeDiscoveryResults at line 136 of /builds/omniverse/usd-ci/USD/pxr/usd/usdShade/shaderDefUtils.cpp -- Unable to resolve info:sourceAsset </UsdPrimvarReader_float2.info:mdl:sourceAsset> with value @UsdPreviewSurface.mdl@.

2026-10-08 12:41:45 [5,288ms] [Warning] [omni.usd] Warning: in GetNodeDiscoveryResults at line 136 of /builds/omniverse/usd-ci/USD/pxr/usd/usdShade/shaderDefUtils.cpp -- Unable to resolve info:sourceAsset </UsdPrimvarReader_float3.info:mdl:sourceAsset> with value @UsdPreviewSurface.mdl@.

2026-10-08 12:41:45 [5,288ms] [Warning] [omni.usd] Warning: in GetNodeDiscoveryResults at line 136 of /builds/omniverse/usd-ci/USD/pxr/usd/usdShade/shaderDefUtils.cpp -- Unable to resolve info:sourceAsset </UsdPrimvarReader_float4.info:mdl:sourceAsset> with value @UsdPreviewSurface.mdl@.

2026-10-08 12:41:45 [5,288ms] [Warning] [omni.usd] Warning: in GetNodeDiscoveryResults at line 136 of /builds/omniverse/usd-ci/USD/pxr/usd/usdShade/shaderDefUtils.cpp -- Unable to resolve info:sourceAsset </UsdPrimvarReader_int.info:mdl:sourceAsset> with value @UsdPreviewSurface.mdl@.

2026-10-08 12:41:45 [5,288ms] [Warning] [omni.usd] Warning: in GetNodeDiscoveryResults at line 136 of /builds/omniverse/usd-ci/USD/pxr/usd/usdShade/shaderDefUtils.cpp -- Unable to resolve info:sourceAsset </UsdPrimvarReader_string.info:mdl:sourceAsset> with value @UsdPreviewSurface.mdl@.

2026-10-08 12:41:45 [5,288ms] [Warning] [omni.usd] Warning: in GetNodeDiscoveryResults at line 136 of /builds/omniverse/usd-ci/USD/pxr/usd/usdShade/shaderDefUtils.cpp -- Unable to resolve info:sourceAsset </UsdPrimvarReader_normal.info:mdl:sourceAsset> with value @UsdPreviewSurface.mdl@.

2026-10-08 12:41:45 [5,288ms] [Warning] [omni.usd] Warning: in GetNodeDiscoveryResults at line 136 of /builds/omniverse/usd-ci/USD/pxr/usd/usdShade/shaderDefUtils.cpp -- Unable to resolve info:sourceAsset </UsdPrimvarReader_point.info:mdl:sourceAsset> with value @UsdPreviewSurface.mdl@.

2026-10-08 12:41:45 [5,290ms] [Warning] [omni.usd] Warning: in GetNodeDiscoveryResults at line 136 of /builds/omniverse/usd-ci/USD/pxr/usd/usdShade/shaderDefUtils.cpp -- Unable to resolve info:sourceAsset </UsdPrimvarReader_vector.info:mdl:sourceAsset> with value @UsdPreviewSurface.mdl@.

2026-10-08 12:41:45 [5,290ms] [Warning] [omni.usd] Warning: in GetNodeDiscoveryResults at line 136 of /builds/omniverse/usd-ci/USD/pxr/usd/usdShade/shaderDefUtils.cpp -- Unable to resolve info:sourceAsset </UsdPrimvarReader_matrix.info:mdl:sourceAsset> with value @UsdPreviewSurface.mdl@.

2026-10-08 12:41:45 [5,290ms] [Warning] [omni.usd] Warning: in GetNodeDiscoveryResults at line 136 of /builds/omniverse/usd-ci/USD/pxr/usd/usdShade/shaderDefUtils.cpp -- Unable to resolve info:sourceAsset </UsdTransform2d.info:mdl:sourceAsset> with value @UsdPreviewSurface.mdl@.

[INFO] Command Manager:  <CommandManager> contains 1 active terms.
+------------------------------------------------+
|              Active Command Terms              |
+-------+---------------+------------------------+
| Index | Name          |          Type          |
+-------+---------------+------------------------+
|   0   | base_velocity | UniformVelocityCommand |
+-------+---------------+------------------------+

[INFO] Recorder Manager:  <RecorderManager> contains 0 active terms.
+---------------------+
| Active Recorder Terms |
+-----------+---------+
|   Index   | Name    |
+-----------+---------+
+-----------+---------+

[INFO] Action Manager:  <ActionManager> contains 1 active terms.
+------------------------------------+
|  Active Action Terms (shape: 12)   |
+--------+-------------+-------------+
| Index  | Name        |   Dimension |
+--------+-------------+-------------+
|   0    | joint_pos   |          12 |
+--------+-------------+-------------+

[INFO] Observation Manager: <ObservationManager> contains 1 groups.
+---------------------------------------------------------+
| Active Observation Terms in Group: 'policy' (shape: (48,)) |
+-----------+---------------------------------+-----------+
|   Index   | Name                            |   Shape   |
+-----------+---------------------------------+-----------+
|     0     | base_lin_vel                    |    (3,)   |
|     1     | base_ang_vel                    |    (3,)   |
|     2     | projected_gravity               |    (3,)   |
|     3     | velocity_commands               |    (3,)   |
|     4     | joint_pos                       |   (12,)   |
|     5     | joint_vel                       |   (12,)   |
|     6     | actions                         |   (12,)   |
+-----------+---------------------------------+-----------+

[INFO] Event Manager:  <EventManager> contains 3 active terms.
+--------------------------------------+
| Active Event Terms in Mode: 'startup' |
+----------+---------------------------+
|  Index   | Name                      |
+----------+---------------------------+
|    0     | physics_material          |
+----------+---------------------------+
+---------------------------------------+
|  Active Event Terms in Mode: 'reset'  |
+--------+------------------------------+
| Index  | Name                         |
+--------+------------------------------+
|   0    | base_external_force_torque   |
|   1    | reset_base                   |
|   2    | reset_robot_joints           |
+--------+------------------------------+
+----------------------------------------------+
|    Active Event Terms in Mode: 'interval'    |
+-------+------------+-------------------------+
| Index | Name       | Interval time range (s) |
+-------+------------+-------------------------+
|   0   | push_robot |       (10.0, 15.0)      |
+-------+------------+-------------------------+

[INFO] Termination Manager:  <TerminationManager> contains 2 active terms.
+---------------------------------+
|     Active Termination Terms    |
+-------+--------------+----------+
| Index | Name         | Time Out |
+-------+--------------+----------+
|   0   | time_out     |   True   |
|   1   | base_contact |  False   |
+-------+--------------+----------+

[INFO] Reward Manager:  <RewardManager> contains 11 active terms.
+-----------------------------------------+
|           Active Reward Terms           |
+-------+----------------------+----------+
| Index | Name                 |   Weight |
+-------+----------------------+----------+
|   0   | track_lin_vel_xy_exp |      1.0 |
|   1   | track_ang_vel_z_exp  |      0.5 |
|   2   | lin_vel_z_l2         |     -2.0 |
|   3   | ang_vel_xy_l2        |    -0.05 |
|   4   | dof_torques_l2       | -2.5e-05 |
|   5   | dof_acc_l2           | -2.5e-07 |
|   6   | action_rate_l2       |    -0.01 |
|   7   | feet_air_time        |      0.5 |
|   8   | undesired_contacts   |     -1.0 |
|   9   | flat_orientation_l2  |     -5.0 |
|   10  | dof_pos_limits       |      0.0 |
+-------+----------------------+----------+

[INFO] Curriculum Manager:  <CurriculumManager> contains 0 active terms.
+----------------------+
| Active Curriculum Terms |
+-----------+----------+
|   Index   | Name     |
+-----------+----------+
+-----------+----------+

[INFO]: Completed setting up the environment...
[STAGE] environment_create_done
[STAGE] policy_adapter_setup_start
[STAGE] policy_adapter_setup_done
[INFO] task=YoboGo-Velocity-Flat-v0
[INFO] weights_adaptation=/run/media/pma213x/0C6A8CC86A8CAFCE/Ubuntu2/CodeU/Dog1/mini-cheetah-isaaclab/external_models/rapid-locomotion-rl/runs/rapid-locomotion/example/train/201852.132488/checkpoints/adaptation_module_latest.jit
[INFO] weights_body=/run/media/pma213x/0C6A8CC86A8CAFCE/Ubuntu2/CodeU/Dog1/mini-cheetah-isaaclab/external_models/rapid-locomotion-rl/runs/rapid-locomotion/example/train/201852.132488/checkpoints/body_latest.jit
[INFO] yobogo_observation_dim=48 rapid_observation_dim=42
[INFO] history_dim=630 action_dim=12
[INFO] inference_period=10 control_period_s=0.002 inference_hz=50
[INFO] rapid_replay_actuator_kp=20 kd=0.5 effort=18/18/26
[INFO] yobogo_command=[0.15, 0.0, 0.0] rapid_command=[0.3, 0.0, 0.0]
[INFO] model_dummy_action_shape=(1, 12)
[INFO] model_dummy_latent_shape=(1, 18)
[STAGE] event_loop_start
[DIAG_INFER] step=1 policy_action_max=1.248121 applied_action_max=0.500000 obs_max=1.000000 history_nonzero_rows=0 position_clip=0 torque_clip=0 action=[-0.19197048246860504, 0.6424429416656494, -0.24320250749588013, -0.12731745839118958, 0.7155739068984985, 0.4644813537597656, 0.17107459902763367, -1.2481207847595215, 0.8329901695251465, 0.16779908537864685, -0.6457256078720093, -0.7750470042228699]
[DIAG_TARGET] step=1 target_error=0.000000000 default=[0.0, -0.7853981852531433, 1.8654682636260986, 0.0, -0.7853981852531433, 1.8654682636260986, 0.0, -0.7853981852531433, 1.8654682636260986, 0.0, -0.7853981852531433, 1.8654682636260986] desired=[-0.1239963099360466, -0.675000011920929, 1.559199333190918, 0.08408531546592712, -0.675000011920929, 1.736120343208313, -0.07861568033695221, -0.925000011920929, 1.7450000047683716, 0.12097488343715668, -0.925000011920929, 1.4950000047683716] applied=[-0.1239963099360466, -0.675000011920929, 1.559199333190918, 0.08408531546592712, -0.675000011920929, 1.736120343208313, -0.07861568033695221, -0.925000011920929, 1.7450000047683716, 0.12097488343715668, -0.925000011920929, 1.4950000047683716] current=[0.0006174624431878328, -0.7855925559997559, 1.8658602237701416, 0.0015998899471014738, -0.7850087285041809, 1.8655272722244263, 0.0005639320588670671, -0.786410391330719, 1.8666069507598877, 0.0029070405289530754, -0.7853620648384094, 1.865708827972412]
[STAGE] first_step_done
[DIAG_INFER] step=11 policy_action_max=1.935235 applied_action_max=0.500000 obs_max=1.248121 history_nonzero_rows=1 position_clip=0 torque_clip=0 action=[-1.3520786762237549, 0.35648098587989807, -0.8441696166992188, -0.6117720603942871, 1.004952311515808, 1.014100432395935, 1.2287859916687012, -1.2370476722717285, 1.935234546661377, 0.9342619180679321, -1.475158929824829, -0.2972249388694763]
[DIAG_TARGET] step=11 target_error=0.000000000 default=[0.0, -0.7853981852531433, 1.8654682636260986, 0.0, -0.7853981852531433, 1.8654682636260986, 0.0, -0.7853981852531433, 1.8654682636260986, 0.0, -0.7853981852531433, 1.8654682636260986] desired=[-0.16249999403953552, -0.7108797430992126, 1.4950000047683716, 0.03750000149011612, -0.675000011920929, 1.7450000047683716, -0.03750000149011612, -0.925000011920929, 1.7450000047683716, 0.16249999403953552, -0.925000011920929, 1.5456937551498413] applied=[-0.16249999403953552, -0.7108797430992126, 1.4950000047683716, 0.03750000149011612, -0.675000011920929, 1.7450000047683716, -0.03750000149011612, -0.925000011920929, 1.7450000047683716, 0.16249999403953552, -0.925000011920929, 1.5456937551498413] current=[0.004401830490678549, -0.7962322235107422, 1.8708972930908203, 0.009635873138904572, -0.7731153964996338, 1.85439932346344, -0.0018396099330857396, -0.8170228600502014, 1.8817052841186523, 0.027464428916573524, -0.7796761989593506, 1.8583110570907593]
[DIAG_INFER] step=21 policy_action_max=2.472900 applied_action_max=0.500000 obs_max=1.935235 history_nonzero_rows=2 position_clip=0 torque_clip=0 action=[-1.6314367055892944, 0.3050665855407715, -0.70909583568573, -0.6571969985961914, 0.9955232739448547, 0.826802670955658, 1.369945764541626, -1.0235475301742554, 1.5126945972442627, -1.479979395866394, 0.30511394143104553, -2.4728996753692627]
[DIAG_TARGET] step=21 target_error=0.000000000 default=[0.0, -0.7853981852531433, 1.8654682636260986, 0.0, -0.7853981852531433, 1.8654682636260986, 0.0, -0.7853981852531433, 1.8654682636260986, 0.0, -0.7853981852531433, 1.8654682636260986] desired=[-0.16249999403953552, -0.7237333655357361, 1.4950000047683716, 0.03750000149011612, -0.675000011920929, 1.7450000047683716, -0.03750000149011612, -0.925000011920929, 1.7450000047683716, 0.03750000149011612, -0.7237215042114258, 1.4950000047683716] applied=[-0.16249999403953552, -0.7237333655357361, 1.4950000047683716, 0.03750000149011612, -0.675000011920929, 1.7450000047683716, -0.03750000149011612, -0.925000011920929, 1.7450000047683716, 0.03750000149011612, -0.7237215042114258, 1.4950000047683716] current=[-0.0029984682332724333, -0.8051738739013672, 1.864240050315857, 0.0055109360255301, -0.7509136199951172, 1.830865502357483, 0.014895357191562653, -0.8410506248474121, 1.9019616842269897, 0.04825357347726822, -0.7680783271789551, 1.8412781953811646]
[DIAG_INFER] step=31 policy_action_max=6.615619 applied_action_max=0.500000 obs_max=2.472900 history_nonzero_rows=3 position_clip=0 torque_clip=1 action=[-1.8001723289489746, 2.30914568901062, 1.1591917276382446, -1.8429145812988281, -0.13340769708156586, -0.9145434498786926, -0.6569871306419373, -4.491796016693115, 0.9630476236343384, -6.61561918258667, 0.45274558663368225, -3.8193373680114746]
[DIAG_TARGET] step=31 target_error=0.000000000 default=[0.0, -0.7853981852531433, 1.8654682636260986, 0.0, -0.7853981852531433, 1.8654682636260986, 0.0, -0.7853981852531433, 1.8654682636260986, 0.0, -0.7853981852531433, 1.8654682636260986] desired=[-0.16249999403953552, -0.675000011920929, 1.7450000047683716, 0.03750000149011612, -0.8333519101142883, 1.4950000047683716, -0.16249999403953552, -0.925000011920929, 1.7450000047683716, -1.0041792392730713, -0.6868135929107666, 1.4950000047683716] applied=[-0.16249999403953552, -0.675000011920929, 1.7450000047683716, 0.03750000149011612, -0.8333519101142883, 1.4950000047683716, -0.16249999403953552, -0.925000011920929, 1.7450000047683716, -1.0041792392730713, -0.6868135929107666, 1.4950000047683716] current=[-0.03781053423881531, -0.8108643889427185, 1.8525354862213135, -0.013571489602327347, -0.7125991582870483, 1.7886935472488403, 0.017352821305394173, -0.8610293865203857, 1.9215220212936401, 0.04428507387638092, -0.7443068027496338, 1.8115261793136597]
[DIAG_INFER] step=41 policy_action_max=15.933863 applied_action_max=0.500000 obs_max=6.992276 history_nonzero_rows=4 position_clip=0 torque_clip=2 action=[-6.489555358886719, 3.511350154876709, 2.766252040863037, -11.692535400390625, 1.9074591398239136, -1.5027120113372803, -6.759283542633057, -15.933862686157227, 1.6747105121612549, -14.963887214660645, -0.9306449890136719, -4.508460521697998]
[DIAG_TARGET] step=41 target_error=0.000000000 default=[0.0, -0.7853981852531433, 1.8654682636260986, 0.0, -0.7853981852531433, 1.8654682636260986, 0.0, -0.7853981852531433, 1.8654682636260986, 0.0, -0.7853981852531433, 1.8654682636260986] desired=[-0.16249999403953552, -0.675000011920929, 1.7450000047683716, 0.03750000149011612, -0.675000011920929, 1.4950000047683716, -0.16249999403953552, -0.925000011920929, 1.7450000047683716, -1.5, -0.925000011920929, 1.6764098405838013] applied=[-0.16249999403953552, -0.675000011920929, 1.7450000047683716, 0.03750000149011612, -0.675000011920929, 1.4950000047683716, -0.16249999403953552, -0.925000011920929, 1.7450000047683716, -1.5, -0.925000011920929, 1.6764098405838013] current=[-0.1793002188205719, -0.8075869083404541, 1.8676263093948364, -0.093480683863163, -0.6941624283790588, 1.6952943801879883, -0.10211973637342453, -0.872489869594574, 1.9491108655929565, -0.26579177379608154, -0.704132616519928, 1.815539002418518]
[DIAG_INFER] step=51 policy_action_max=10.350948 applied_action_max=0.500000 obs_max=15.933863 history_nonzero_rows=5 position_clip=0 torque_clip=3 action=[-1.5876377820968628, 4.773094177246094, -1.367271900177002, -10.350948333740234, 4.050187587738037, -2.8842194080352783, 1.5724608898162842, -10.234663963317871, 1.699346899986267, -6.546812057495117, -3.044642448425293, -2.5459768772125244]
[DIAG_TARGET] step=51 target_error=0.000000000 default=[0.0, -0.7853981852531433, 1.8654682636260986, 0.0, -0.7853981852531433, 1.8654682636260986, 0.0, -0.7853981852531433, 1.8654682636260986, 0.0, -0.7853981852531433, 1.8654682636260986] desired=[-0.16249999403953552, -0.675000011920929, 1.4950000047683716, 0.03750000149011612, -0.675000011920929, 1.4950000047683716, -0.6101558208465576, -0.925000011920929, 1.7450000047683716, -1.0732452869415283, -0.4364132881164551, 1.4950000047683716] applied=[-0.16249999403953552, -0.675000011920929, 1.4950000047683716, 0.03750000149011612, -0.675000011920929, 1.4950000047683716, -0.6101558208465576, -0.925000011920929, 1.7450000047683716, -1.0732452869415283, -0.4364132881164551, 1.4950000047683716] current=[-0.28016990423202515, -0.7940718531608582, 1.8917534351348877, -0.03199398145079613, -0.6840512752532959, 1.5775352716445923, -0.2202940583229065, -0.8588405251502991, 1.9558651447296143, -0.8366501331329346, -0.754020631313324, 1.753312587738037]
[DIAG_INFER] step=61 policy_action_max=5.700095 applied_action_max=0.500000 obs_max=10.350948 history_nonzero_rows=6 position_clip=0 torque_clip=1 action=[5.700094699859619, 4.9986066818237305, 4.288170337677002, -4.973010063171387, 4.178699970245361, -1.0171741247177124, -1.6693060398101807, -3.2497434616088867, -2.7745320796966553, -2.8844194412231445, -2.3992128372192383, 3.1152729988098145]
[DIAG_TARGET] step=61 target_error=0.000000000 default=[0.0, -0.7853981852531433, 1.8654682636260986, 0.0, -0.7853981852531433, 1.8654682636260986, 0.0, -0.7853981852531433, 1.8654682636260986, 0.0, -0.7853981852531433, 1.8654682636260986] desired=[-0.03750000149011612, -0.675000011920929, 1.7450000047683716, 0.03750000149011612, -0.675000011920929, 1.4950000047683716, -0.3492056727409363, -0.925000011920929, 1.4950000047683716, 0.03750000149011612, -0.925000011920929, 1.7450000047683716] applied=[-0.03750000149011612, -0.675000011920929, 1.7450000047683716, 0.03750000149011612, -0.675000011920929, 1.4950000047683716, -0.3492056727409363, -0.925000011920929, 1.4950000047683716, 0.03750000149011612, -0.925000011920929, 1.7450000047683716] current=[-0.2813469171524048, -0.7802543044090271, 1.8909398317337036, 0.07260943949222565, -0.6852885484695435, 1.5312882661819458, -0.3261195719242096, -0.8532598614692688, 1.925794243812561, -1.0952987670898438, -0.6349784135818481, 1.5862970352172852]
[DIAG_INFER] step=71 policy_action_max=18.395103 applied_action_max=0.500000 obs_max=6.141159 history_nonzero_rows=7 position_clip=0 torque_clip=3 action=[10.605646133422852, 7.622879505157471, 9.921417236328125, 9.065031051635742, 1.7142738103866577, -11.391911506652832, -5.475368022918701, 5.049648284912109, -9.700654983520508, -3.8977677822113037, -13.578438758850098, 18.395103454589844]
[DIAG_TARGET] step=71 target_error=0.000000000 default=[0.0, -0.7853981852531433, 1.8654682636260986, 0.0, -0.7853981852531433, 1.8654682636260986, 0.0, -0.7853981852531433, 1.8654682636260986, 0.0, -0.7853981852531433, 1.8654682636260986] desired=[-0.03750000149011612, -0.675000011920929, 1.7450000047683716, 0.16249999403953552, -0.675000011920929, 1.4950000047683716, -0.16249999403953552, -0.675000011920929, 1.4950000047683716, 1.5, 0.2001212239265442, 0.49545490741729736] applied=[-0.03750000149011612, -0.675000011920929, 1.7450000047683716, 0.16249999403953552, -0.675000011920929, 1.4950000047683716, -0.16249999403953552, -0.675000011920929, 1.4950000047683716, 1.5, 0.2001212239265442, 0.49545490741729736] current=[-0.14227621257305145, -0.7431873083114624, 1.846662163734436, 0.1521194875240326, -0.6902620196342468, 1.513917088508606, -0.23075748980045319, -0.8476776480674744, 1.896033763885498, -0.785591185092926, -0.6723410487174988, 1.7289930582046509]
[DIAG_INFER] step=81 policy_action_max=9.471836 applied_action_max=0.500000 obs_max=18.395103 history_nonzero_rows=8 position_clip=0 torque_clip=3 action=[6.974743843078613, -0.15426930785179138, 3.2700319290161133, 0.1423574984073639, -0.349023699760437, -2.880903720855713, -5.346516132354736, 1.8758597373962402, -9.204099655151367, 1.962741732597351, -4.602585792541504, 9.47183609008789]
[DIAG_TARGET] step=81 target_error=0.000000000 default=[0.0, -0.7853981852531433, 1.8654682636260986, 0.0, -0.7853981852531433, 1.8654682636260986, 0.0, -0.7853981852531433, 1.8654682636260986, 0.0, -0.7853981852531433, 1.8654682636260986] desired=[-0.03750000149011612, -0.838567316532135, 1.7450000047683716, 0.1177946925163269, -0.8872559070587158, 1.4950000047683716, -0.16249999403953552, -0.675000011920929, 1.4950000047683716, 1.5, 1.5332393646240234, 1.1028732061386108] applied=[-0.03750000149011612, -0.838567316532135, 1.7450000047683716, 0.1177946925163269, -0.8872559070587158, 1.4950000047683716, -0.16249999403953552, -0.675000011920929, 1.4950000047683716, 1.5, 1.5332393646240234, 1.1028732061386108] current=[-0.03318048641085625, -0.6760720610618591, 1.7911102771759033, 0.22369541227817535, -0.6718034744262695, 1.5467844009399414, -0.08285786211490631, -0.7498576045036316, 1.7864328622817993, -0.6357674598693848, -0.6148419976234436, 1.6993763446807861]
[DIAG_INFER] step=91 policy_action_max=4.964417 applied_action_max=0.500000 obs_max=9.471836 history_nonzero_rows=9 position_clip=0 torque_clip=2 action=[3.570026159286499, 2.0071170330047607, 3.527979850769043, -1.6502710580825806, -2.115651845932007, -4.2325053215026855, -4.96441650390625, -4.30499792098999, -3.3076682090759277, -0.6419640779495239, -4.5970635414123535, 1.8670309782028198]
[DIAG_TARGET] step=91 target_error=0.000000000 default=[0.0, -0.7853981852531433, 1.8654682636260986, 0.0, -0.7853981852531433, 1.8654682636260986, 0.0, -0.7853981852531433, 1.8654682636260986, 0.0, -0.7853981852531433, 1.8654682636260986] desired=[-0.03750000149011612, -0.675000011920929, 1.7450000047683716, 0.03750000149011612, -0.925000011920929, 1.4950000047683716, -0.16249999403953552, -0.9165420532226562, 1.4950000047683716, 0.03750000149011612, -3.246534585952759, 1.7450000047683716] applied=[-0.03750000149011612, -0.675000011920929, 1.7450000047683716, 0.03750000149011612, -0.925000011920929, 1.4950000047683716, -0.16249999403953552, -0.9165420532226562, 1.4950000047683716, 0.03750000149011612, -3.246534585952759, 1.7450000047683716] current=[-0.008473425172269344, -0.7079463005065918, 1.7672280073165894, 0.3179483711719513, -0.6854870915412903, 1.6334974765777588, -0.03751327469944954, -0.6520825624465942, 1.6265186071395874, -0.46372029185295105, -0.4146101474761963, 1.5928548574447632]
[DIAG_INFER] step=101 policy_action_max=5.248851 applied_action_max=0.500000 obs_max=4.964417 history_nonzero_rows=10 position_clip=0 torque_clip=2 action=[2.8211917877197266, 1.2176696062088013, 2.4840447902679443, 0.5677450895309448, 4.342874050140381, -0.8670613765716553, -5.248851299285889, 0.8462008833885193, -0.24880290031433105, -3.9336252212524414, -1.5683048963546753, -0.16210149228572845]
[DIAG_TARGET] step=101 target_error=0.000000000 default=[0.0, -0.7853981852531433, 1.8654682636260986, 0.0, -0.7853981852531433, 1.8654682636260986, 0.0, -0.7853981852531433, 1.8654682636260986, 0.0, -0.7853981852531433, 1.8654682636260986] desired=[-0.03750000149011612, -0.675000011920929, 1.7450000047683716, 0.16249999403953552, -0.675000011920929, 1.4950000047683716, -0.16249999403953552, -0.783584713935852, 1.5577993392944336, -0.7233244776725769, -0.925000011920929, 1.579474687576294] applied=[-0.03750000149011612, -0.675000011920929, 1.7450000047683716, 0.16249999403953552, -0.675000011920929, 1.4950000047683716, -0.16249999403953552, -0.783584713935852, 1.5577993392944336, -0.7233244776725769, -0.925000011920929, 1.579474687576294] current=[-0.04381745681166649, -0.7343918085098267, 1.7469007968902588, 0.34199953079223633, -0.7116280198097229, 1.7188588380813599, -0.12067386507987976, -0.7556596398353577, 1.5575748682022095, -0.24682827293872833, -0.7659645676612854, 1.7103357315063477]
[DIAG_INFER] step=111 policy_action_max=4.596893 applied_action_max=0.500000 obs_max=5.248851 history_nonzero_rows=11 position_clip=0 torque_clip=1 action=[4.596893310546875, 1.5438193082809448, 0.8359313011169434, -1.3937993049621582, 1.9346634149551392, 0.03873436897993088, -4.577198505401611, -1.686533808708191, -0.4001012444496155, -3.4530553817749023, 2.927049160003662, 0.08557237684726715]
[DIAG_TARGET] step=111 target_error=0.000000000 default=[0.0, -0.7853981852531433, 1.8654682636260986, 0.0, -0.7853981852531433, 1.8654682636260986, 0.0, -0.7853981852531433, 1.8654682636260986, 0.0, -0.7853981852531433, 1.8654682636260986] desired=[-0.03750000149011612, -0.675000011920929, 1.7450000047683716, 0.03750000149011612, -0.675000011920929, 1.6296836137771606, -0.16249999403953552, -0.925000011920929, 1.519974708557129, 0.03750000149011612, 0.13606864213943481, 1.6413930654525757] applied=[-0.03750000149011612, -0.675000011920929, 1.7450000047683716, 0.03750000149011612, -0.675000011920929, 1.6296836137771606, -0.16249999403953552, -0.925000011920929, 1.519974708557129, 0.03750000149011612, 0.13606864213943481, 1.6413930654525757] current=[-0.10037776082754135, -0.7072609066963196, 1.7482553720474243, 0.32269662618637085, -0.6464299559593201, 1.7234035730361938, -0.21766135096549988, -0.8225721120834351, 1.5482181310653687, -0.3966406583786011, -1.1038742065429688, 1.5797072649002075]
[DIAG_INFER] step=121 policy_action_max=3.150984 applied_action_max=0.500000 obs_max=4.596893 history_nonzero_rows=12 position_clip=0 torque_clip=1 action=[3.1509838104248047, 2.29359769821167, -0.2843855917453766, -2.7161128520965576, 2.572911500930786, -1.6061691045761108, -1.7712266445159912, -1.980165719985962, -3.141845941543579, -0.2386016547679901, 0.69486403465271, 0.6721203327178955]
[DIAG_TARGET] step=121 target_error=0.000000000 default=[0.0, -0.7853981852531433, 1.8654682636260986, 0.0, -0.7853981852531433, 1.8654682636260986, 0.0, -0.7853981852531433, 1.8654682636260986, 0.0, -0.7853981852531433, 1.8654682636260986] desired=[-0.03750000149011612, -0.675000011920929, 1.5489035844802856, 0.03750000149011612, -0.675000011920929, 1.4950000047683716, -0.16249999403953552, -0.8701695799827576, 1.4950000047683716, 0.07017479836940765, -0.675000011920929, 1.7450000047683716] applied=[-0.03750000149011612, -0.675000011920929, 1.5489035844802856, 0.03750000149011612, -0.675000011920929, 1.4950000047683716, -0.16249999403953552, -0.8701695799827576, 1.4950000047683716, 0.07017479836940765, -0.675000011920929, 1.7450000047683716] current=[-0.07314222306013107, -0.6781408786773682, 1.7419353723526, 0.28830644488334656, -0.5943434834480286, 1.7641876935958862, -0.19243082404136658, -0.8698625564575195, 1.5333043336868286, -0.2533010244369507, -0.6848263740539551, 1.54854416847229]
[DIAG_INFER] step=131 policy_action_max=10.225370 applied_action_max=0.500000 obs_max=3.150984 history_nonzero_rows=13 position_clip=0 torque_clip=3 action=[1.4821096658706665, 0.9738403558731079, 1.1380772590637207, -8.66179084777832, 1.4691308736801147, 1.7243469953536987, -1.333465576171875, -10.225370407104492, 4.965115547180176, -6.655065059661865, 0.5187540054321289, -5.130119323730469]
[DIAG_TARGET] step=131 target_error=0.000000000 default=[0.0, -0.7853981852531433, 1.8654682636260986, 0.0, -0.7853981852531433, 1.8654682636260986, 0.0, -0.7853981852531433, 1.8654682636260986, 0.0, -0.7853981852531433, 1.8654682636260986] desired=[-0.03750000149011612, -0.675000011920929, 1.7450000047683716, 0.03750000149011612, -0.675000011920929, 1.7450000047683716, -0.16249999403953552, -0.925000011920929, 1.7450000047683716, -1.3598804473876953, 0.047823548316955566, 2.700000047683716] applied=[-0.03750000149011612, -0.675000011920929, 1.7450000047683716, 0.03750000149011612, -0.675000011920929, 1.7450000047683716, -0.16249999403953552, -0.925000011920929, 1.7450000047683716, -1.3598804473876953, 0.047823548316955566, 2.700000047683716] current=[-0.10231424868106842, -0.6461470723152161, 1.7483874559402466, 0.2516094446182251, -0.5281792879104614, 1.7850267887115479, -0.1926998347043991, -0.9019617438316345, 1.5157151222229004, -0.10790539532899857, -0.4505366384983063, 1.7139452695846558]
[DIAG_INFER] step=141 policy_action_max=18.748688 applied_action_max=0.500000 obs_max=10.225370 history_nonzero_rows=14 position_clip=0 torque_clip=5 action=[-9.976995468139648, 7.356825351715088, 2.584203004837036, -18.748687744140625, 6.03292989730835, 0.35730111598968506, 3.9321460723876953, -18.01007080078125, 11.124554634094238, -10.986845970153809, -5.529821395874023, -5.319522857666016]
[DIAG_TARGET] step=141 target_error=0.000000000 default=[0.0, -0.7853981852531433, 1.8654682636260986, 0.0, -0.7853981852531433, 1.8654682636260986, 0.0, -0.7853981852531433, 1.8654682636260986, 0.0, -0.7853981852531433, 1.8654682636260986] desired=[-0.16249999403953552, -0.675000011920929, 1.7450000047683716, 0.03750000149011612, -0.675000011920929, 1.7093253135681152, -0.3840590715408325, -0.7921261787414551, 1.7450000047683716, -1.5, -0.36426281929016113, 2.700000047683716] applied=[-0.16249999403953552, -0.675000011920929, 1.7450000047683716, 0.03750000149011612, -0.675000011920929, 1.7093253135681152, -0.3840590715408325, -0.7921261787414551, 1.7450000047683716, -1.5, -0.36426281929016113, 2.700000047683716] current=[-0.2128579020500183, -0.6202270984649658, 1.837686538696289, 0.11093655228614807, -0.5445377826690674, 1.7992910146713257, -0.22338441014289856, -0.9160425662994385, 1.6433300971984863, -0.5725724697113037, -0.23653994500637054, 2.2220425605773926]
[DIAG_INFER] step=151 policy_action_max=20.245867 applied_action_max=0.500000 obs_max=18.748688 history_nonzero_rows=15 position_clip=0 torque_clip=4 action=[-0.3134159445762634, 10.272531509399414, 2.0052034854888916, -20.245866775512695, 4.4936604499816895, 1.930606722831726, 3.839838743209839, -17.22132682800293, 6.907256126403809, 0.41677746176719666, -3.4728312492370605, -5.0354695320129395]
[DIAG_TARGET] step=151 target_error=0.000000000 default=[0.0, -0.7853981852531433, 1.8654682636260986, 0.0, -0.7853981852531433, 1.8654682636260986, 0.0, -0.7853981852531433, 1.8654682636260986, 0.0, -0.7853981852531433, 1.8654682636260986] desired=[-0.13917699456214905, -0.675000011920929, 1.7450000047683716, 0.03750000149011612, -0.675000011920929, 1.7450000047683716, -0.7992817163467407, -0.925000011920929, 1.7450000047683716, -0.25569087266921997, 0.3498888611793518, 2.700000047683716] applied=[-0.13917699456214905, -0.675000011920929, 1.7450000047683716, 0.03750000149011612, -0.675000011920929, 1.7450000047683716, -0.7992817163467407, -0.925000011920929, 1.7450000047683716, -0.25569087266921997, 0.3498888611793518, 2.700000047683716] current=[-0.2721799612045288, -0.5820331573486328, 1.914046049118042, 0.08872219175100327, -0.5960135459899902, 1.8007442951202393, -0.26059237122535706, -0.8608155846595764, 1.6952029466629028, -1.1498585939407349, -0.19014231860637665, 2.4896109104156494]
[DIAG_INFER] step=161 policy_action_max=20.459078 applied_action_max=0.500000 obs_max=20.245867 history_nonzero_rows=15 position_clip=0 torque_clip=3 action=[13.631210327148438, 7.026379585266113, 4.0525078773498535, -20.459077835083008, 3.66550874710083, 4.922053337097168, 0.008219540119171143, -10.55609130859375, 1.7813639640808105, 14.015799522399902, -3.5444161891937256, -3.3177077770233154]
[DIAG_TARGET] step=161 target_error=0.000000000 default=[0.0, -0.7853981852531433, 1.8654682636260986, 0.0, -0.7853981852531433, 1.8654682636260986, 0.0, -0.7853981852531433, 1.8654682636260986, 0.0, -0.7853981852531433, 1.8654682636260986] desired=[-0.03750000149011612, -0.675000011920929, 1.7450000047683716, 0.03750000149011612, -0.675000011920929, 1.7450000047683716, -0.09897255897521973, -0.5184909105300903, 1.7450000047683716, 1.5, -0.925000011920929, 2.700000047683716] applied=[-0.03750000149011612, -0.675000011920929, 1.7450000047683716, 0.03750000149011612, -0.675000011920929, 1.7450000047683716, -0.09897255897521973, -0.5184909105300903, 1.7450000047683716, 1.5, -0.925000011920929, 2.700000047683716] current=[-0.23486222326755524, -0.5569053292274475, 1.9684319496154785, 0.14488102495670319, -0.6157361268997192, 1.846246600151062, -0.43403828144073486, -0.8565813302993774, 1.7177183628082275, -0.9451535940170288, 0.03767888993024826, 2.5940916538238525]
[DIAG_INFER] step=171 policy_action_max=21.662008 applied_action_max=0.500000 obs_max=20.459078 history_nonzero_rows=15 position_clip=0 torque_clip=2 action=[21.66200828552246, 6.430916786193848, 12.75901985168457, -0.38463351130485535, 1.001327633857727, -11.004300117492676, -5.6541900634765625, -3.2321245670318604, -5.6884613037109375, 4.0085248947143555, -7.194870471954346, 7.4337239265441895]
[DIAG_TARGET] step=171 target_error=0.000000000 default=[0.0, -0.7853981852531433, 1.8654682636260986, 0.0, -0.7853981852531433, 1.8654682636260986, 0.0, -0.7853981852531433, 1.8654682636260986, 0.0, -0.7853981852531433, 1.8654682636260986] desired=[-0.03750000149011612, -0.675000011920929, 1.7450000047683716, 0.0519208125770092, -0.675000011920929, 1.4950000047683716, -0.08990193158388138, -0.925000011920929, 1.4950000047683716, 1.5, -0.925000011920929, 1.7450000047683716] applied=[-0.03750000149011612, -0.675000011920929, 1.7450000047683716, 0.0519208125770092, -0.675000011920929, 1.4950000047683716, -0.08990193158388138, -0.925000011920929, 1.4950000047683716, 1.5, -0.925000011920929, 1.7450000047683716] current=[-0.09450343251228333, -0.559612512588501, 1.988023042678833, 0.30561327934265137, -0.6211129426956177, 1.9288333654403687, -0.34555676579475403, -0.7491412162780762, 1.7196134328842163, -0.13275447487831116, -0.3148958384990692, 2.6030373573303223]
[DIAG_INFER] step=181 policy_action_max=5.991127 applied_action_max=0.500000 obs_max=21.662008 history_nonzero_rows=15 position_clip=0 torque_clip=2 action=[5.3363471031188965, -0.6071282625198364, 5.117368221282959, -1.419742226600647, 5.432718753814697, -2.111262798309326, -0.9281467795372009, -1.2619439363479614, 0.7082302570343018, -0.04900141805410385, -5.991127014160156, 3.728513717651367]
[DIAG_TARGET] step=181 target_error=0.000000000 default=[0.0, -0.7853981852531433, 1.8654682636260986, 0.0, -0.7853981852531433, 1.8654682636260986, 0.0, -0.7853981852531433, 1.8654682636260986, 0.0, -0.7853981852531433, 1.8654682636260986] desired=[-0.03750000149011612, -0.925000011920929, 1.7450000047683716, 0.03750000149011612, -0.675000011920929, 1.4950000047683716, 0.6486073136329651, -0.925000011920929, 1.7450000047683716, 0.09387482702732086, -1.1290903091430664, 1.7450000047683716] applied=[-0.03750000149011612, -0.925000011920929, 1.7450000047683716, 0.03750000149011612, -0.675000011920929, 1.4950000047683716, 0.6486073136329651, -0.925000011920929, 1.7450000047683716, 0.09387482702732086, -1.1290903091430664, 1.7450000047683716] current=[-0.051829416304826736, -0.5825169682502747, 2.0076022148132324, 0.3725230395793915, -0.6349416971206665, 1.988495111465454, -0.2447662204504013, -0.7644419074058533, 1.6174813508987427, 0.6651460528373718, -0.6707332730293274, 2.1010024547576904]
[DIAG_INFER] step=191 policy_action_max=10.351797 applied_action_max=0.500000 obs_max=6.219069 history_nonzero_rows=15 position_clip=0 torque_clip=3 action=[-0.35231536626815796, 1.7916613817214966, 2.597410202026367, -6.978869438171387, -0.49895167350769043, -1.95697820186615, -4.213696479797363, -10.082767486572266, 2.270279884338379, -10.351797103881836, -2.3561341762542725, -2.2400331497192383]
[DIAG_TARGET] step=191 target_error=0.000000000 default=[0.0, -0.7853981852531433, 1.8654682636260986, 0.0, -0.7853981852531433, 1.8654682636260986, 0.0, -0.7853981852531433, 1.8654682636260986, 0.0, -0.7853981852531433, 1.8654682636260986] desired=[-0.14403942227363586, -0.675000011920929, 1.7450000047683716, 0.03750000149011612, -0.9247379302978516, 1.4950000047683716, -0.16249999403953552, -0.925000011920929, 1.7450000047683716, -1.5, -2.946559190750122, 2.700000047683716] applied=[-0.14403942227363586, -0.675000011920929, 1.7450000047683716, 0.03750000149011612, -0.9247379302978516, 1.4950000047683716, -0.16249999403953552, -0.925000011920929, 1.7450000047683716, -1.5, -2.946559190750122, 2.700000047683716] current=[-0.15986321866512299, -0.6389583349227905, 2.047482490539551, 0.2569379508495331, -0.627417266368866, 1.9846727848052979, 0.0977659597992897, -0.8606064915657043, 1.673773169517517, 0.5979624390602112, -0.960189700126648, 1.9290940761566162]
[STAGE] video_encoding_start
[SUMMARY] {"task": "YoboGo-Velocity-Flat-v0", "mode": "smoke", "yobogo_walk_speed_m_s": 0.15, "rapid_walk_speed_m_s": 0.3, "adaptation_weight": "/run/media/pma213x/0C6A8CC86A8CAFCE/Ubuntu2/CodeU/Dog1/mini-cheetah-isaaclab/external_models/rapid-locomotion-rl/runs/rapid-locomotion/example/train/201852.132488/checkpoints/adaptation_module_latest.jit", "body_weight": "/run/media/pma213x/0C6A8CC86A8CAFCE/Ubuntu2/CodeU/Dog1/mini-cheetah-isaaclab/external_models/rapid-locomotion-rl/runs/rapid-locomotion/example/train/201852.132488/checkpoints/body_latest.jit", "completed_steps": 200, "inference_steps": 20, "expected_inference_steps": 20, "reset_count": 0, "safety_clip_count": 41, "position_clip_count": 0, "torque_clip_count": 41, "large_action_inference_count": 9, "official_clip_inference_count": 0, "max_abs_rapid_action": 0.5, "max_abs_policy_action": 21.66200828552246, "ood_guard_count": 210, "base_height_min_m": 0.2569926977157593, "max_abs_roll_deg": 18.279759626060454, "max_abs_pitch_deg": 15.758200105527697, "xy_displacement_m": 0.12295106798410416, "mean_measured_velocity_m_s": -0.2504989994916832, "final_command": [0.15000000596046448, 0.0, 0.0], "terminated_steps": 0, "stability_errors": [], "interface_ok": true, "stable_walking": true, "video": null, "video_frames_written": 0}
[STAGE] event_loop_done
