[3gH    H    H    H    H    H    H    H    H    H    H    H    H    H    H    H    H    H    H    H   [INFO] Using python from: /home/pma213x/.venvs/minicheetah-isaaclab/bin/python
[INFO][AppLauncher]: Loading experience file: /home/pma213x/IsaacLab/apps/isaaclab.python.headless.kit
[Warning] [simulation_app.simulation_app] Modules: ['omni.kit_app'] were loaded before SimulationApp was started and might not be loaded correctly.
[Warning] [simulation_app.simulation_app] Please check to make sure no extra omniverse or pxr modules are imported before the call to SimulationApp(...)
Loading user config located at: '/home/pma213x/.venvs/minicheetah-isaaclab/lib/python3.10/site-packages/omni/data/Kit/Isaac-Sim/4.5/user.config.json'
[Info] [carb] Logging to file: /home/pma213x/.venvs/minicheetah-isaaclab/lib/python3.10/site-packages/omni/logs/Kit/Isaac-Sim/4.5/kit_20261008_203357.log
2026-10-08 12:33:57 [0ms] [Warning] [omni.kit.app.plugin] No crash reporter present, dumps uploading isn't available.
2026-10-08 12:33:57 [86ms] [Warning] [omni.usd_config.extension] Enable omni.materialx.libs extension to use MaterialX
2026-10-08 12:33:57 [332ms] [Warning] [omni.datastore] OmniHub is inaccessible
2026-10-08 12:33:57 [356ms] [Warning] [omni.isaac.dynamic_control] omni.isaac.dynamic_control is deprecated as of Isaac Sim 4.5. No action is needed from end-users.
Gym has been unmaintained since 2022 and does not support NumPy 2.0 amongst other critical functionality.
Please upgrade to Gymnasium, the maintained drop-in replacement of Gym, or contact the authors of your software and request that they upgrade.
See the migration guide at https://gymnasium.farama.org/introduction/migration_guide/ for additional information.
2026-10-08 12:33:59 [1,712ms] [Warning] [gpu.foundation.plugin] Skipping unsupported non-NVIDIA GPU: Intel(R) UHD Graphics (ADL-S GT0.5)
2026-10-08 12:33:59 [1,712ms] [Warning] [gpu.foundation.plugin] Skipping unsupported non-NVIDIA GPU: Intel(R) UHD Graphics (ADL-S GT0.5)

|---------------------------------------------------------------------------------------------|
| Driver Version: 580.178.04    | Graphics API: Vulkan
|=============================================================================================|
| GPU | Name                             | Active | LDA | GPU Memory | Vendor-ID | LUID       |
|     |                                  |        |     |            | Device-ID | UUID       |
|     |                                  |        |     |            | Bus-ID    |            |
|---------------------------------------------------------------------------------------------|
| 0   | NVIDIA GeForce RTX 4060 Laptop.. | Yes: 0 |     | 8188    MB | 10de      | 0          |
|     |                                  |        |     |            | 28e0      | 4d090564.. |
|     |                                  |        |     |            | 1         |            |
|---------------------------------------------------------------------------------------------|
| 1   | Intel(R) UHD Graphics (ADL-S G.. |        |     | 11374   MB | 8086      | 0          |
|     |                                  |        |     |            | 468b      | 86808b46.. |
|     |                                  |        |     |            | 0         |            |
|=============================================================================================|
| OS: 26.04.1 LTS (Resolute Raccoon) ubuntu, Version: 26.04.1, Kernel: 7.0.0-34-generic
| XServer Vendor: The X.Org Foundation, XServer Version: 12401010 (1.24.1.10)
| Processor: 13th Gen Intel(R) Core(TM) i5-13500HX
| Bare Metal Cores: 14 | Bare Metal Logical Cores: 28
| Available Cores:  20 
|---------------------------------------------------------------------------------------------|
| Total Memory (MB): 15166 | Free Memory: 5949
| Total Page/Swap (MB): 20479 | Free Page/Swap: 20437
|---------------------------------------------------------------------------------------------|
2026-10-08 12:33:59 [1,923ms] [Warning] [gpu.foundation.plugin] IOMMU is enabled.
2026-10-08 12:33:59 [1,925ms] [Warning] [gpu.foundation.plugin] Detected IOMMU is enabled. Running CUDA peer-to-peer bandwidth and latency validation.
Unidirectional P2P=Enabled Bandwidth (P2P Writes) Matrix (GB/s)
   D\D     0 
     0 222.10 
P2P=Enabled Latency (P2P Writes) Matrix (us)
   GPU     0 
     0   1.47 

   CPU     0 
     0   1.47 
[STAGE] config_start
[INFO]: Parsing configuration from: training.envs.velocity_flat_env_cfg:YoboGoVelocityFlatEnvCfg
[STAGE] config_done
[STAGE] environment_create_start
2026-10-08 12:33:59 [2,104ms] [Warning] [isaaclab.envs.manager_based_env] Seed not set for the environment. The environment creation may not be deterministic.
[INFO]: Base environment:
	Environment device    : cuda:0
	Environment seed      : None
	Physics step-size     : 0.0004
	Rendering step-size   : 0.002
	Environment step-size : 0.002
2026-10-08 12:33:59 [2,171ms] [Warning] [isaaclab.terrains.terrain_importer] Visual material specified for ground plane but no diffuse color found. Using default color: (0.0, 0.0, 0.0)
[INFO]: Time taken for scene creation : 2.183514 seconds
[INFO]: Scene manager:  <class InteractiveScene>
	Number of environments: 1
	Environment spacing   : 2.5
	Source prim name      : /World/envs/env_0
	Global prim paths     : ['/World/ground']
	Replicate physics     : True
[INFO]: Starting the simulation. This may take a few seconds. Please wait...
[INFO]: Time taken for simulation start : 0.358454 seconds
2026-10-08 12:34:02 [4,911ms] [Warning] [omni.usd] Warning: in GetNodeDiscoveryResults at line 136 of /builds/omniverse/usd-ci/USD/pxr/usd/usdShade/shaderDefUtils.cpp -- Unable to resolve info:sourceAsset </UsdPreviewSurface.info:mdl:sourceAsset> with value @UsdPreviewSurface.mdl@.

2026-10-08 12:34:02 [4,912ms] [Warning] [omni.usd] Warning: in GetNodeDiscoveryResults at line 136 of /builds/omniverse/usd-ci/USD/pxr/usd/usdShade/shaderDefUtils.cpp -- Unable to resolve info:sourceAsset </UsdUVTexture.info:mdl:sourceAsset> with value @UsdPreviewSurface.mdl@.

2026-10-08 12:34:02 [4,912ms] [Warning] [omni.usd] Warning: in GetNodeDiscoveryResults at line 136 of /builds/omniverse/usd-ci/USD/pxr/usd/usdShade/shaderDefUtils.cpp -- Unable to resolve info:sourceAsset </UsdPrimvarReader_float.info:mdl:sourceAsset> with value @UsdPreviewSurface.mdl@.

2026-10-08 12:34:02 [4,912ms] [Warning] [omni.usd] Warning: in GetNodeDiscoveryResults at line 136 of /builds/omniverse/usd-ci/USD/pxr/usd/usdShade/shaderDefUtils.cpp -- Unable to resolve info:sourceAsset </UsdPrimvarReader_float2.info:mdl:sourceAsset> with value @UsdPreviewSurface.mdl@.

2026-10-08 12:34:02 [4,912ms] [Warning] [omni.usd] Warning: in GetNodeDiscoveryResults at line 136 of /builds/omniverse/usd-ci/USD/pxr/usd/usdShade/shaderDefUtils.cpp -- Unable to resolve info:sourceAsset </UsdPrimvarReader_float3.info:mdl:sourceAsset> with value @UsdPreviewSurface.mdl@.

2026-10-08 12:34:02 [4,913ms] [Warning] [omni.usd] Warning: in GetNodeDiscoveryResults at line 136 of /builds/omniverse/usd-ci/USD/pxr/usd/usdShade/shaderDefUtils.cpp -- Unable to resolve info:sourceAsset </UsdPrimvarReader_float4.info:mdl:sourceAsset> with value @UsdPreviewSurface.mdl@.

2026-10-08 12:34:02 [4,913ms] [Warning] [omni.usd] Warning: in GetNodeDiscoveryResults at line 136 of /builds/omniverse/usd-ci/USD/pxr/usd/usdShade/shaderDefUtils.cpp -- Unable to resolve info:sourceAsset </UsdPrimvarReader_int.info:mdl:sourceAsset> with value @UsdPreviewSurface.mdl@.

2026-10-08 12:34:02 [4,913ms] [Warning] [omni.usd] Warning: in GetNodeDiscoveryResults at line 136 of /builds/omniverse/usd-ci/USD/pxr/usd/usdShade/shaderDefUtils.cpp -- Unable to resolve info:sourceAsset </UsdPrimvarReader_string.info:mdl:sourceAsset> with value @UsdPreviewSurface.mdl@.

2026-10-08 12:34:02 [4,913ms] [Warning] [omni.usd] Warning: in GetNodeDiscoveryResults at line 136 of /builds/omniverse/usd-ci/USD/pxr/usd/usdShade/shaderDefUtils.cpp -- Unable to resolve info:sourceAsset </UsdPrimvarReader_normal.info:mdl:sourceAsset> with value @UsdPreviewSurface.mdl@.

2026-10-08 12:34:02 [4,913ms] [Warning] [omni.usd] Warning: in GetNodeDiscoveryResults at line 136 of /builds/omniverse/usd-ci/USD/pxr/usd/usdShade/shaderDefUtils.cpp -- Unable to resolve info:sourceAsset </UsdPrimvarReader_point.info:mdl:sourceAsset> with value @UsdPreviewSurface.mdl@.

2026-10-08 12:34:02 [4,915ms] [Warning] [omni.usd] Warning: in GetNodeDiscoveryResults at line 136 of /builds/omniverse/usd-ci/USD/pxr/usd/usdShade/shaderDefUtils.cpp -- Unable to resolve info:sourceAsset </UsdPrimvarReader_vector.info:mdl:sourceAsset> with value @UsdPreviewSurface.mdl@.

2026-10-08 12:34:02 [4,915ms] [Warning] [omni.usd] Warning: in GetNodeDiscoveryResults at line 136 of /builds/omniverse/usd-ci/USD/pxr/usd/usdShade/shaderDefUtils.cpp -- Unable to resolve info:sourceAsset </UsdPrimvarReader_matrix.info:mdl:sourceAsset> with value @UsdPreviewSurface.mdl@.

2026-10-08 12:34:02 [4,915ms] [Warning] [omni.usd] Warning: in GetNodeDiscoveryResults at line 136 of /builds/omniverse/usd-ci/USD/pxr/usd/usdShade/shaderDefUtils.cpp -- Unable to resolve info:sourceAsset </UsdTransform2d.info:mdl:sourceAsset> with value @UsdPreviewSurface.mdl@.

[INFO] Command Manager:  <CommandManager> contains 1 active terms.
+------------------------------------------------+
|              Active Command Terms              |
+-------+---------------+------------------------+
| Index | Name          |          Type          |
+-------+---------------+------------------------+
|   0   | base_velocity | UniformVelocityCommand |
+-------+---------------+------------------------+

[INFO] Recorder Manager:  <RecorderManager> contains 0 active terms.
+---------------------+
| Active Recorder Terms |
+-----------+---------+
|   Index   | Name    |
+-----------+---------+
+-----------+---------+

[INFO] Action Manager:  <ActionManager> contains 1 active terms.
+------------------------------------+
|  Active Action Terms (shape: 12)   |
+--------+-------------+-------------+
| Index  | Name        |   Dimension |
+--------+-------------+-------------+
|   0    | joint_pos   |          12 |
+--------+-------------+-------------+

[INFO] Observation Manager: <ObservationManager> contains 1 groups.
+---------------------------------------------------------+
| Active Observation Terms in Group: 'policy' (shape: (48,)) |
+-----------+---------------------------------+-----------+
|   Index   | Name                            |   Shape   |
+-----------+---------------------------------+-----------+
|     0     | base_lin_vel                    |    (3,)   |
|     1     | base_ang_vel                    |    (3,)   |
|     2     | projected_gravity               |    (3,)   |
|     3     | velocity_commands               |    (3,)   |
|     4     | joint_pos                       |   (12,)   |
|     5     | joint_vel                       |   (12,)   |
|     6     | actions                         |   (12,)   |
+-----------+---------------------------------+-----------+

[INFO] Event Manager:  <EventManager> contains 3 active terms.
+--------------------------------------+
| Active Event Terms in Mode: 'startup' |
+----------+---------------------------+
|  Index   | Name                      |
+----------+---------------------------+
|    0     | physics_material          |
+----------+---------------------------+
+---------------------------------------+
|  Active Event Terms in Mode: 'reset'  |
+--------+------------------------------+
| Index  | Name                         |
+--------+------------------------------+
|   0    | base_external_force_torque   |
|   1    | reset_base                   |
|   2    | reset_robot_joints           |
+--------+------------------------------+
+----------------------------------------------+
|    Active Event Terms in Mode: 'interval'    |
+-------+------------+-------------------------+
| Index | Name       | Interval time range (s) |
+-------+------------+-------------------------+
|   0   | push_robot |       (10.0, 15.0)      |
+-------+------------+-------------------------+

[INFO] Termination Manager:  <TerminationManager> contains 2 active terms.
+---------------------------------+
|     Active Termination Terms    |
+-------+--------------+----------+
| Index | Name         | Time Out |
+-------+--------------+----------+
|   0   | time_out     |   True   |
|   1   | base_contact |  False   |
+-------+--------------+----------+

[INFO] Reward Manager:  <RewardManager> contains 11 active terms.
+-----------------------------------------+
|           Active Reward Terms           |
+-------+----------------------+----------+
| Index | Name                 |   Weight |
+-------+----------------------+----------+
|   0   | track_lin_vel_xy_exp |      1.0 |
|   1   | track_ang_vel_z_exp  |      0.5 |
|   2   | lin_vel_z_l2         |     -2.0 |
|   3   | ang_vel_xy_l2        |    -0.05 |
|   4   | dof_torques_l2       | -2.5e-05 |
|   5   | dof_acc_l2           | -2.5e-07 |
|   6   | action_rate_l2       |    -0.01 |
|   7   | feet_air_time        |      0.5 |
|   8   | undesired_contacts   |     -1.0 |
|   9   | flat_orientation_l2  |     -5.0 |
|   10  | dof_pos_limits       |      0.0 |
+-------+----------------------+----------+

[INFO] Curriculum Manager:  <CurriculumManager> contains 0 active terms.
+----------------------+
| Active Curriculum Terms |
+-----------+----------+
|   Index   | Name     |
+-----------+----------+
+-----------+----------+

[INFO]: Completed setting up the environment...
[STAGE] environment_create_done
[STAGE] policy_adapter_setup_start
[STAGE] policy_adapter_setup_done
[INFO] task=YoboGo-Velocity-Flat-v0
[INFO] weights_adaptation=/run/media/pma213x/0C6A8CC86A8CAFCE/Ubuntu2/CodeU/Dog1/mini-cheetah-isaaclab/external_models/rapid-locomotion-rl/runs/rapid-locomotion/example/train/201852.132488/checkpoints/adaptation_module_latest.jit
[INFO] weights_body=/run/media/pma213x/0C6A8CC86A8CAFCE/Ubuntu2/CodeU/Dog1/mini-cheetah-isaaclab/external_models/rapid-locomotion-rl/runs/rapid-locomotion/example/train/201852.132488/checkpoints/body_latest.jit
[INFO] yobogo_observation_dim=48 rapid_observation_dim=42
[INFO] history_dim=630 action_dim=12
[INFO] inference_period=10 control_period_s=0.002 inference_hz=50
[INFO] rapid_replay_actuator_kp=20 kd=0.5 effort=18/18/26
[INFO] yobogo_command=[0.15, 0.0, 0.0] rapid_command=[0.3, 0.0, 0.0]
[INFO] model_dummy_action_shape=(1, 12)
[INFO] model_dummy_latent_shape=(1, 18)
[STAGE] event_loop_start
[DIAG_INFER] step=1 policy_action_max=1.248121 applied_action_max=0.500000 obs_max=1.000000 history_nonzero_rows=0 position_clip=0 torque_clip=0 action=[-0.19197052717208862, 0.642443060874939, -0.2432025671005249, -0.1273173689842224, 0.7155740261077881, 0.4644812345504761, 0.17107462882995605, -1.2481207847595215, 0.8329900503158569, 0.16779914498329163, -0.6457254886627197, -0.7750468850135803]
[DIAG_TARGET] step=1 target_error=0.000000000 default=[0.0, -0.7853981852531433, 1.8654682636260986, 0.0, -0.7853981852531433, 1.8654682636260986, 0.0, -0.7853981852531433, 1.8654682636260986, 0.0, -0.7853981852531433, 1.8654682636260986] desired=[-0.1239963173866272, -0.675000011920929, 1.559199333190918, 0.08408533036708832, -0.675000011920929, 1.736120343208313, -0.07861567288637161, -0.925000011920929, 1.7450000047683716, 0.12097489833831787, -0.925000011920929, 1.4950000047683716] applied=[-0.1239963173866272, -0.675000011920929, 1.559199333190918, 0.08408533036708832, -0.675000011920929, 1.736120343208313, -0.07861567288637161, -0.925000011920929, 1.7450000047683716, 0.12097489833831787, -0.925000011920929, 1.4950000047683716] current=[0.00034718209644779563, -0.7858636379241943, 1.8658223152160645, 0.0016336957924067974, -0.7857632040977478, 1.8666462898254395, 0.00014765358355361968, -0.7863601446151733, 1.8648573160171509, 0.001571557717397809, -0.7874482274055481, 1.865957498550415]
[STAGE] first_step_done
[DIAG_INFER] step=11 policy_action_max=2.872393 applied_action_max=0.500000 obs_max=1.248121 history_nonzero_rows=1 position_clip=0 torque_clip=1 action=[-0.6528525948524475, 0.5531584024429321, -0.7296772003173828, -0.9568988084793091, 0.5698283314704895, 0.9814120531082153, 1.2918365001678467, -1.4133514165878296, 2.018380880355835, 2.8723931312561035, -2.373906135559082, 0.15602566301822662]
[DIAG_TARGET] step=11 target_error=0.000000000 default=[0.0, -0.7853981852531433, 1.8654682636260986, 0.0, -0.7853981852531433, 1.8654682636260986, 0.0, -0.7853981852531433, 1.8654682636260986, 0.0, -0.7853981852531433, 1.8654682636260986] desired=[-0.16249999403953552, -0.675000011920929, 1.4950000047683716, 0.03750000149011612, -0.675000011920929, 1.7450000047683716, -0.03750000149011612, -0.925000011920929, 1.7450000047683716, 0.16249999403953552, -1.0535390377044678, 1.6590064764022827] applied=[-0.16249999403953552, -0.675000011920929, 1.4950000047683716, 0.03750000149011612, -0.675000011920929, 1.7450000047683716, -0.03750000149011612, -0.925000011920929, 1.7450000047683716, 0.16249999403953552, -1.0535390377044678, 1.6590064764022827] current=[0.006003423593938351, -0.8069444894790649, 1.872930884361267, 0.019499678164720535, -0.7893354296684265, 1.864321231842041, -0.009608644060790539, -0.819874107837677, 1.8603211641311646, 0.011209491640329361, -0.807654619216919, 1.862459421157837]
[DIAG_INFER] step=21 policy_action_max=2.403628 applied_action_max=0.500000 obs_max=2.872393 history_nonzero_rows=2 position_clip=0 torque_clip=1 action=[-1.0657479763031006, 0.2864602506160736, -0.39693495631217957, -1.207124948501587, 0.4632413387298584, 1.0155478715896606, 2.1689162254333496, -1.4282855987548828, 2.403628349304199, 0.24179607629776, 0.3339439928531647, -2.0191562175750732]
[DIAG_TARGET] step=21 target_error=0.000000000 default=[0.0, -0.7853981852531433, 1.8654682636260986, 0.0, -0.7853981852531433, 1.8654682636260986, 0.0, -0.7853981852531433, 1.8654682636260986, 0.0, -0.7853981852531433, 1.8654682636260986] desired=[-0.16249999403953552, -0.7283849716186523, 1.520766258239746, 0.03750000149011612, -0.6841896772384644, 1.7450000047683716, -0.03750000149011612, -0.925000011920929, 1.7450000047683716, 0.13022451102733612, -1.0308825969696045, 1.4950000047683716] applied=[-0.16249999403953552, -0.7283849716186523, 1.520766258239746, 0.03750000149011612, -0.6841896772384644, 1.7450000047683716, -0.03750000149011612, -0.925000011920929, 1.7450000047683716, 0.13022451102733612, -1.0308825969696045, 1.4950000047683716] current=[0.004786208737641573, -0.8301466107368469, 1.8684871196746826, 0.02343696542084217, -0.7877718806266785, 1.8532609939575195, -0.007929392158985138, -0.8513882160186768, 1.8613704442977905, 0.056767016649246216, -0.8643641471862793, 1.84052574634552]
[DIAG_INFER] step=31 policy_action_max=3.699953 applied_action_max=0.500000 obs_max=2.403628 history_nonzero_rows=3 position_clip=0 torque_clip=2 action=[-2.8826351165771484, 1.0673179626464844, -0.31448373198509216, -0.36302146315574646, -0.16271735727787018, 0.4229997992515564, 1.7312655448913574, -2.3170740604400635, 2.088892698287964, -3.661465644836426, 0.8968439102172852, -3.699953317642212]
[DIAG_TARGET] step=31 target_error=0.000000000 default=[0.0, -0.7853981852531433, 1.8654682636260986, 0.0, -0.7853981852531433, 1.8654682636260986, 0.0, -0.7853981852531433, 1.8654682636260986, 0.0, -0.7853981852531433, 1.8654682636260986] desired=[-0.16249999403953552, -0.675000011920929, 1.5413790941238403, 0.05462231859564781, -0.8406793475151062, 1.7257499694824219, -0.03750000149011612, -0.925000011920929, 1.7450000047683716, -0.4055367112159729, -0.8815240859985352, 1.4950000047683716] applied=[-0.16249999403953552, -0.675000011920929, 1.5413790941238403, 0.05462231859564781, -0.8406793475151062, 1.7257499694824219, -0.03750000149011612, -0.925000011920929, 1.7450000047683716, -0.4055367112159729, -0.8815240859985352, 1.4950000047683716] current=[-0.01934291049838066, -0.8516685366630554, 1.8566310405731201, 0.009371022693812847, -0.7724536061286926, 1.827307939529419, -0.015759898349642754, -0.8810771107673645, 1.8666961193084717, 0.07239406555891037, -0.8894875645637512, 1.810473084449768]
[DIAG_INFER] step=41 policy_action_max=10.579023 applied_action_max=0.500000 obs_max=4.162579 history_nonzero_rows=4 position_clip=0 torque_clip=2 action=[-7.908148765563965, 3.9479756355285645, 1.1933420896530151, -4.773532867431641, -0.5123581886291504, -1.5799171924591064, -2.31534743309021, -9.203112602233887, 3.5539591312408447, -10.579023361206055, 0.16812947392463684, -5.627818584442139]
[DIAG_TARGET] step=41 target_error=0.000000000 default=[0.0, -0.7853981852531433, 1.8654682636260986, 0.0, -0.7853981852531433, 1.8654682636260986, 0.0, -0.7853981852531433, 1.8654682636260986, 0.0, -0.7853981852531433, 1.8654682636260986] desired=[-0.16249999403953552, -0.675000011920929, 1.7450000047683716, 0.03750000149011612, -0.925000011920929, 1.4950000047683716, -0.16249999403953552, -0.925000011920929, 1.7450000047683716, -1.5, -0.8229648470878601, 1.4950000047683716] applied=[-0.16249999403953552, -0.675000011920929, 1.7450000047683716, 0.03750000149011612, -0.925000011920929, 1.4950000047683716, -0.16249999403953552, -0.925000011920929, 1.7450000047683716, -1.5, -0.8229648470878601, 1.4950000047683716] current=[-0.09355121105909348, -0.8720519542694092, 1.853340983390808, -0.025358006358146667, -0.7810025811195374, 1.7752984762191772, -0.07585734128952026, -0.9082323908805847, 1.8760085105895996, 0.005705029703676701, -0.8851349949836731, 1.7775087356567383]
[DIAG_INFER] step=51 policy_action_max=17.773087 applied_action_max=0.500000 obs_max=10.579023 history_nonzero_rows=5 position_clip=0 torque_clip=3 action=[-11.918410301208496, 5.431642532348633, 3.6560704708099365, -14.662162780761719, 3.5541458129882812, -2.3985207080841064, -4.922791004180908, -17.773086547851562, 4.913884162902832, -15.24502182006836, -1.7279400825500488, -6.305352687835693]
[DIAG_TARGET] step=51 target_error=0.000000000 default=[0.0, -0.7853981852531433, 1.8654682636260986, 0.0, -0.7853981852531433, 1.8654682636260986, 0.0, -0.7853981852531433, 1.8654682636260986, 0.0, -0.7853981852531433, 1.8654682636260986] desired=[-0.16249999403953552, -0.675000011920929, 1.7450000047683716, 0.03750000149011612, -0.675000011920929, 1.4950000047683716, -0.19581718742847443, -0.925000011920929, 1.7450000047683716, -1.5, -0.925000011920929, 2.2093710899353027] applied=[-0.16249999403953552, -0.675000011920929, 1.7450000047683716, 0.03750000149011612, -0.675000011920929, 1.4950000047683716, -0.19581718742847443, -0.925000011920929, 1.7450000047683716, -1.5, -0.925000011920929, 2.2093710899353027] current=[-0.25510749220848083, -0.8812889456748962, 1.8811849355697632, -0.07070358097553253, -0.8034613132476807, 1.6474695205688477, -0.23247434198856354, -0.9138950705528259, 1.8851587772369385, -0.45780089497566223, -0.8794919848442078, 1.8054742813110352]
[DIAG_INFER] step=61 policy_action_max=14.836915 applied_action_max=0.500000 obs_max=17.773087 history_nonzero_rows=6 position_clip=0 torque_clip=1 action=[2.757587432861328, 8.441924095153809, 0.6697531938552856, -14.836915016174316, 4.813910007476807, 1.1594727039337158, 2.7450168132781982, -8.947145462036133, -0.9934424161911011, 2.0995922088623047, -1.9171226024627686, 0.24905790388584137]
[DIAG_TARGET] step=61 target_error=0.000000000 default=[0.0, -0.7853981852531433, 1.8654682636260986, 0.0, -0.7853981852531433, 1.8654682636260986, 0.0, -0.7853981852531433, 1.8654682636260986, 0.0, -0.7853981852531433, 1.8654682636260986] desired=[-0.03750000149011612, -0.675000011920929, 1.7450000047683716, 0.03750000149011612, -0.675000011920929, 1.7450000047683716, -0.7408822774887085, -0.925000011920929, 1.4950000047683716, 0.16249999403953552, -0.925000011920929, 1.6822644472122192] applied=[-0.03750000149011612, -0.675000011920929, 1.7450000047683716, 0.03750000149011612, -0.675000011920929, 1.7450000047683716, -0.7408822774887085, -0.925000011920929, 1.4950000047683716, 0.16249999403953552, -0.925000011920929, 1.6822644472122192] current=[-0.31042423844337463, -0.8663135766983032, 1.9000474214553833, 0.041149627417325974, -0.7786791920661926, 1.5600558519363403, -0.26888564229011536, -0.9000930786132812, 1.872572898864746, -1.0435874462127686, -0.8677076697349548, 1.9943673610687256]
[DIAG_INFER] step=71 policy_action_max=15.739702 applied_action_max=0.500000 obs_max=14.836915 history_nonzero_rows=7 position_clip=0 torque_clip=1 action=[15.739702224731445, 9.499673843383789, 15.314852714538574, 4.703987121582031, 3.6285383701324463, -12.931326866149902, -5.473189353942871, 0.4291473627090454, -8.658289909362793, -3.0644187927246094, -8.645282745361328, 14.736860275268555]
[DIAG_TARGET] step=71 target_error=0.000000000 default=[0.0, -0.7853981852531433, 1.8654682636260986, 0.0, -0.7853981852531433, 1.8654682636260986, 0.0, -0.7853981852531433, 1.8654682636260986, 0.0, -0.7853981852531433, 1.8654682636260986] desired=[-0.03750000149011612, -0.675000011920929, 1.7450000047683716, 0.16249999403953552, -0.675000011920929, 1.4950000047683716, -0.16249999403953552, -0.6927131414413452, 1.4950000047683716, 1.5, -0.925000011920929, 1.7450000047683716] applied=[-0.03750000149011612, -0.675000011920929, 1.7450000047683716, 0.16249999403953552, -0.675000011920929, 1.4950000047683716, -0.16249999403953552, -0.6927131414413452, 1.4950000047683716, 1.5, -0.925000011920929, 1.7450000047683716] current=[-0.21759182214736938, -0.8484264612197876, 1.8891252279281616, 0.14993245899677277, -0.7370012998580933, 1.660345435142517, -0.3489684462547302, -0.8793982863426208, 1.772052526473999, -0.7434248328208923, -0.8244754076004028, 1.792076587677002]
[DIAG_INFER] step=81 policy_action_max=11.843638 applied_action_max=0.500000 obs_max=15.739702 history_nonzero_rows=8 position_clip=0 torque_clip=4 action=[9.898681640625, 2.6614627838134766, 5.821351528167725, 2.5981128215789795, 1.0736380815505981, -5.931504249572754, -5.343303680419922, 2.3269731998443604, -8.855698585510254, 2.278639316558838, -7.5773468017578125, 11.84363842010498]
[DIAG_TARGET] step=81 target_error=0.000000000 default=[0.0, -0.7853981852531433, 1.8654682636260986, 0.0, -0.7853981852531433, 1.8654682636260986, 0.0, -0.7853981852531433, 1.8654682636260986, 0.0, -0.7853981852531433, 1.8654682636260986] desired=[-0.03750000149011612, -0.675000011920929, 1.7450000047683716, 0.16249999403953552, -0.675000011920929, 1.4950000047683716, 0.11620066314935684, -0.675000011920929, 1.4950000047683716, 1.5, 2.019366502761841, -0.1178046464920044] applied=[-0.03750000149011612, -0.675000011920929, 1.7450000047683716, 0.16249999403953552, -0.675000011920929, 1.4950000047683716, 0.11620066314935684, -0.675000011920929, 1.4950000047683716, 1.5, 2.019366502761841, -0.1178046464920044] current=[-0.06921662390232086, -0.8026871085166931, 1.8369916677474976, 0.24429143965244293, -0.6994853615760803, 1.599005937576294, -0.2639758586883545, -0.8170661330223083, 1.6790235042572021, 0.07336217164993286, -0.8054936528205872, 1.717128872871399]
[DIAG_INFER] step=91 policy_action_max=7.123482 applied_action_max=0.500000 obs_max=11.843638 history_nonzero_rows=9 position_clip=0 torque_clip=4 action=[6.745133399963379, -0.6178089380264282, 2.9534707069396973, 1.7057591676712036, 3.621706962585449, 0.2951618432998657, -2.4697248935699463, 2.1218626499176025, -7.123481750488281, -5.847534656524658, -1.7541348934173584, 4.338375568389893]
[DIAG_TARGET] step=91 target_error=0.000000015 default=[0.0, -0.7853981852531433, 1.8654682636260986, 0.0, -0.7853981852531433, 1.8654682636260986, 0.0, -0.7853981852531433, 1.8654682636260986, 0.0, -0.7853981852531433, 1.8654682636260986] desired=[-0.03750000149011612, -0.925000011920929, 1.7450000047683716, 0.16249999403953552, -0.675000011920929, 1.6937904357910156, 0.5898786187171936, -0.11521314084529877, 1.4950000047683716, 0.03750000149011612, 1.9492838382720947, 1.4396086931228638] applied=[-0.03750000149011612, -0.925000011920929, 1.7450000047683716, 0.16249999403953552, -0.675000011920929, 1.6937904357910156, 0.5898786187171936, -0.11521315574645996, 1.4950000047683716, 0.03750000149011612, 1.9492838382720947, 1.4396086931228638] current=[-0.047188710421323776, -0.7184209823608398, 1.7848130464553833, 0.3848685026168823, -0.7173448204994202, 1.682529330253601, -0.12123800069093704, -0.7907405495643616, 1.6536786556243896, 0.7788923978805542, -0.15866290032863617, 1.216575264930725]
[DIAG_INFER] step=101 policy_action_max=6.705092 applied_action_max=0.500000 obs_max=7.123482 history_nonzero_rows=10 position_clip=0 torque_clip=2 action=[4.898360729217529, 3.425222873687744, 3.5413708686828613, -1.437158226966858, -6.705091953277588, -5.466910362243652, 4.759781360626221, -3.995131492614746, -6.0529656410217285, -2.162501573562622, -4.29874324798584, 3.589609146118164]
[DIAG_TARGET] step=101 target_error=0.000000060 default=[0.0, -0.7853981852531433, 1.8654682636260986, 0.0, -0.7853981852531433, 1.8654682636260986, 0.0, -0.7853981852531433, 1.8654682636260986, 0.0, -0.7853981852531433, 1.8654682636260986] desired=[-0.03750000149011612, -0.675000011920929, 1.7450000047683716, 0.03750000149011612, -0.925000011920929, 1.4950000047683716, -0.03750000149011612, 0.7041419744491577, 1.4950000047683716, 0.03750000149011612, -4.674177646636963, 1.7450000047683716] applied=[-0.03750000149011612, -0.675000011920929, 1.7450000047683716, 0.03750000149011612, -0.925000011920929, 1.4950000047683716, -0.03750000149011612, 0.7041419148445129, 1.4950000047683716, 0.03750000149011612, -4.674177646636963, 1.7450000047683716] current=[-0.09452036023139954, -0.7713322043418884, 1.771642804145813, 0.38119351863861084, -0.6982488036155701, 1.7485368251800537, -0.060989756137132645, -0.6975904107093811, 1.6556342840194702, 0.6872264742851257, 0.652899444103241, 1.3080189228057861]
[DIAG_INFER] step=111 policy_action_max=8.535217 applied_action_max=0.500000 obs_max=6.705092 history_nonzero_rows=11 position_clip=0 torque_clip=5 action=[1.7179139852523804, -4.579777717590332, 2.4998693466186523, -8.53521728515625, 2.6156976222991943, 1.1301995515823364, 4.079280376434326, -4.732428073883057, 7.22180700302124, -1.8448983430862427, -2.472151517868042, 1.4134489297866821]
[DIAG_TARGET] step=111 target_error=0.000000000 default=[0.0, -0.7853981852531433, 1.8654682636260986, 0.0, -0.7853981852531433, 1.8654682636260986, 0.0, -0.7853981852531433, 1.8654682636260986, 0.0, -0.7853981852531433, 1.8654682636260986] desired=[-0.03750000149011612, -0.925000011920929, 1.7450000047683716, 0.03750000149011612, -0.28651222586631775, 1.7450000047683716, -0.03750000149011612, -0.4036943316459656, 1.7450000047683716, -0.5191647410392761, -0.5711876153945923, 2.700000047683716] applied=[-0.03750000149011612, -0.925000011920929, 1.7450000047683716, 0.03750000149011612, -0.28651222586631775, 1.7450000047683716, -0.03750000149011612, -0.4036943316459656, 1.7450000047683716, -0.5191647410392761, -0.5711876153945923, 2.700000047683716] current=[-0.11419307440519333, -0.764086127281189, 1.8086880445480347, 0.35871338844299316, -0.6854549050331116, 1.7816039323806763, -0.0784049779176712, -0.17445968091487885, 1.5391871929168701, 0.2657114565372467, 0.8013505339622498, 1.6494871377944946]
[DIAG_INFER] step=121 policy_action_max=10.069609 applied_action_max=0.500000 obs_max=8.535217 history_nonzero_rows=12 position_clip=0 torque_clip=3 action=[-7.945838928222656, 3.611992120742798, -1.3534939289093018, -10.069608688354492, 3.456108570098877, 1.3126870393753052, 5.030545234680176, -7.517083644866943, 7.820314407348633, 0.022011078894138336, -4.329629898071289, 1.4899859428405762]
[DIAG_TARGET] step=121 target_error=0.000000000 default=[0.0, -0.7853981852531433, 1.8654682636260986, 0.0, -0.7853981852531433, 1.8654682636260986, 0.0, -0.7853981852531433, 1.8654682636260986, 0.0, -0.7853981852531433, 1.8654682636260986] desired=[-0.16249999403953552, -0.675000011920929, 1.4950000047683716, 0.03750000149011612, -0.675000011920929, 1.7450000047683716, -0.03750000149011612, -0.925000011920929, 1.7450000047683716, -0.4700619578361511, -1.5427801609039307, 2.700000047683716] applied=[-0.16249999403953552, -0.675000011920929, 1.4950000047683716, 0.03750000149011612, -0.675000011920929, 1.7450000047683716, -0.03750000149011612, -0.925000011920929, 1.7450000047683716, -0.4700619578361511, -1.5427801609039307, 2.700000047683716] current=[-0.16935667395591736, -0.789160430431366, 1.8722589015960693, 0.2528006136417389, -0.5679047107696533, 1.7867367267608643, -0.0873059630393982, -0.022157739847898483, 1.696479082107544, -0.13925321400165558, 0.09707286208868027, 2.1548871994018555]
[DIAG_INFER] step=131 policy_action_max=5.691533 applied_action_max=0.500000 obs_max=10.069609 history_nonzero_rows=13 position_clip=0 torque_clip=1 action=[1.2571958303451538, -0.7025731801986694, -2.461031913757324, -5.503182411193848, 0.45311665534973145, 3.4298627376556396, 3.473022222518921, -2.2890145778656006, 4.174464225769043, 5.691533088684082, -2.3526008129119873, -0.33527159690856934]
[DIAG_TARGET] step=131 target_error=0.000000000 default=[0.0, -0.7853981852531433, 1.8654682636260986, 0.0, -0.7853981852531433, 1.8654682636260986, 0.0, -0.7853981852531433, 1.8654682636260986, 0.0, -0.7853981852531433, 1.8654682636260986] desired=[-0.03750000149011612, -0.925000011920929, 1.4950000047683716, 0.03750000149011612, -0.6867208480834961, 1.7450000047683716, -0.03750000149011612, -0.925000011920929, 1.7450000047683716, 0.16249999403953552, -1.0626626014709473, 1.536182165145874] applied=[-0.03750000149011612, -0.925000011920929, 1.4950000047683716, 0.03750000149011612, -0.6867208480834961, 1.7450000047683716, -0.03750000149011612, -0.925000011920929, 1.7450000047683716, 0.16249999403953552, -1.0626626014709473, 1.536182165145874] current=[-0.17471808195114136, -0.8072532415390015, 1.8940953016281128, 0.22338008880615234, -0.5697430372238159, 1.8342136144638062, -0.03453865647315979, -0.41525253653526306, 1.7276943922042847, -0.40304872393608093, -0.7154871821403503, 2.385355234146118]
[DIAG_INFER] step=141 policy_action_max=8.790680 applied_action_max=0.500000 obs_max=5.691533 history_nonzero_rows=14 position_clip=0 torque_clip=1 action=[3.0634636878967285, -1.855479121208191, -3.670893907546997, -3.2352592945098877, -0.3986334800720215, 2.228234052658081, 3.0841355323791504, -1.9189610481262207, 2.2961769104003906, 8.790679931640625, -2.695286273956299, -2.197916030883789]
[DIAG_TARGET] step=141 target_error=0.000000000 default=[0.0, -0.7853981852531433, 1.8654682636260986, 0.0, -0.7853981852531433, 1.8654682636260986, 0.0, -0.7853981852531433, 1.8654682636260986, 0.0, -0.7853981852531433, 1.8654682636260986] desired=[-0.03750000149011612, -0.925000011920929, 1.4950000047683716, 0.03750000149011612, -0.8996583819389343, 1.7450000047683716, -0.03750000149011612, -0.925000011920929, 1.7450000047683716, 0.16249999403953552, -1.2735235691070557, 1.4950000047683716] applied=[-0.03750000149011612, -0.925000011920929, 1.4950000047683716, 0.03750000149011612, -0.8996583819389343, 1.7450000047683716, -0.03750000149011612, -0.925000011920929, 1.7450000047683716, 0.16249999403953552, -1.2735235691070557, 1.4950000047683716] current=[-0.13932721316814423, -0.8333864212036133, 1.8958767652511597, 0.2630634605884552, -0.596517026424408, 1.8905951976776123, 0.01208228338509798, -0.7573897242546082, 1.7832274436950684, -0.16753405332565308, -1.045515537261963, 1.8994247913360596]
[DIAG_INFER] step=151 policy_action_max=3.710835 applied_action_max=0.500000 obs_max=8.790680 history_nonzero_rows=15 position_clip=0 torque_clip=1 action=[1.4936902523040771, -1.5405982732772827, -2.0411629676818848, -3.5331814289093018, 0.10885535180568695, 1.6349884271621704, 3.7108349800109863, -1.6811336278915405, 2.7540979385375977, 2.649445056915283, 1.065982699394226, -3.0346126556396484]
[DIAG_TARGET] step=151 target_error=0.000000000 default=[0.0, -0.7853981852531433, 1.8654682636260986, 0.0, -0.7853981852531433, 1.8654682636260986, 0.0, -0.7853981852531433, 1.8654682636260986, 0.0, -0.7853981852531433, 1.8654682636260986] desired=[-0.03750000149011612, -0.925000011920929, 1.4950000047683716, 0.03750000149011612, -0.7727862000465393, 1.7450000047683716, -0.03750000149011612, -0.925000011920929, 1.7450000047683716, 0.16249999403953552, -1.1638238430023193, 1.4950000047683716] applied=[-0.03750000149011612, -0.925000011920929, 1.4950000047683716, 0.03750000149011612, -0.7727862000465393, 1.7450000047683716, -0.03750000149011612, -0.925000011920929, 1.7450000047683716, 0.16249999403953552, -1.1638238430023193, 1.4950000047683716] current=[-0.14069198071956635, -0.8605281710624695, 1.890657663345337, 0.24260252714157104, -0.6490918397903442, 1.9494796991348267, -0.018259460106492043, -0.8807790875434875, 1.8115743398666382, -0.03014674037694931, -1.1743829250335693, 1.8657151460647583]
[DIAG_INFER] step=161 policy_action_max=5.297327 applied_action_max=0.500000 obs_max=3.710835 history_nonzero_rows=15 position_clip=0 torque_clip=2 action=[0.6636115908622742, -1.0140162706375122, -1.728333592414856, -3.6310999393463135, -0.28280210494995117, 1.2714396715164185, 4.696475982666016, -1.317348837852478, 4.071470260620117, 0.8053018450737, 2.3538155555725098, -5.297326564788818]
[DIAG_TARGET] step=161 target_error=0.000000000 default=[0.0, -0.7853981852531433, 1.8654682636260986, 0.0, -0.7853981852531433, 1.8654682636260986, 0.0, -0.7853981852531433, 1.8654682636260986, 0.0, -0.7853981852531433, 1.8654682636260986] desired=[-0.03750000149011612, -0.925000011920929, 1.4950000047683716, 0.03750000149011612, -0.8707005381584167, 1.7450000047683716, -0.03750000149011612, -0.925000011920929, 1.7450000047683716, 0.16249999403953552, -0.8135002255439758, 1.488945722579956] applied=[-0.03750000149011612, -0.925000011920929, 1.4950000047683716, 0.03750000149011612, -0.8707005381584167, 1.7450000047683716, -0.03750000149011612, -0.925000011920929, 1.7450000047683716, 0.16249999403953552, -0.8135002255439758, 1.488945722579956] current=[-0.1510109007358551, -0.8816623091697693, 1.8657605648040771, 0.22421418130397797, -0.6669469475746155, 1.9756361246109009, -0.002931427676230669, -0.9312376976013184, 1.8476934432983398, -0.005129980854690075, -1.2227158546447754, 1.909773588180542]
[DIAG_INFER] step=171 policy_action_max=5.488534 applied_action_max=0.500000 obs_max=5.297327 history_nonzero_rows=15 position_clip=0 torque_clip=2 action=[-0.23671631515026093, -0.262512743473053, -1.0748101472854614, -1.9211243391036987, -0.31008267402648926, 0.5738638639450073, 4.015376567840576, -0.892214298248291, 2.520869255065918, -2.6711604595184326, 2.59415864944458, -5.488534450531006]
[DIAG_TARGET] step=171 target_error=0.000000000 default=[0.0, -0.7853981852531433, 1.8654682636260986, 0.0, -0.7853981852531433, 1.8654682636260986, 0.0, -0.7853981852531433, 1.8654682636260986, 0.0, -0.7853981852531433, 1.8654682636260986] desired=[-0.12958954274654388, -0.865628182888031, 1.4950000047683716, 0.03750000149011612, -0.8775206804275513, 1.7450000047683716, -0.03750000149011612, -0.925000011920929, 1.7450000047683716, -0.37120741605758667, -0.675000011920929, 0.874454140663147] applied=[-0.12958954274654388, -0.865628182888031, 1.4950000047683716, 0.03750000149011612, -0.8775206804275513, 1.7450000047683716, -0.03750000149011612, -0.925000011920929, 1.7450000047683716, -0.37120741605758667, -0.675000011920929, 0.874454140663147] current=[-0.17412355542182922, -0.8933451175689697, 1.82602858543396, 0.1858815848827362, -0.6694894433021545, 1.989035964012146, 0.013508064672350883, -0.965657651424408, 1.859232783317566, 0.01826762966811657, -1.234472632408142, 1.920414924621582]
[DIAG_INFER] step=181 policy_action_max=16.780037 applied_action_max=0.500000 obs_max=6.227689 history_nonzero_rows=15 position_clip=0 torque_clip=1 action=[-0.5282139182090759, 1.9814707040786743, 3.555379867553711, -4.2825398445129395, -1.4601014852523804, -3.1917572021484375, -11.312748908996582, -11.814090728759766, -4.154893398284912, -16.78003692626953, -3.5463168621063232, -4.185177326202393]
[DIAG_TARGET] step=181 target_error=0.000000000 default=[0.0, -0.7853981852531433, 1.8654682636260986, 0.0, -0.7853981852531433, 1.8654682636260986, 0.0, -0.7853981852531433, 1.8654682636260986, 0.0, -0.7853981852531433, 1.8654682636260986] desired=[-0.16249999403953552, -0.675000011920929, 1.7450000047683716, 0.03750000149011612, -0.925000011920929, 1.4950000047683716, -0.16249999403953552, -0.925000011920929, 1.4950000047683716, -1.5, -0.925000011920929, 1.4950000047683716] applied=[-0.16249999403953552, -0.675000011920929, 1.7450000047683716, 0.03750000149011612, -0.925000011920929, 1.4950000047683716, -0.16249999403953552, -0.925000011920929, 1.4950000047683716, -1.5, -0.925000011920929, 1.4950000047683716] current=[-0.282565712928772, -0.8964600563049316, 1.795340895652771, 0.06757557392120361, -0.6640568971633911, 1.967221975326538, -0.05115051195025444, -0.9715912938117981, 1.8440696001052856, -0.04566444084048271, -1.178769588470459, 1.8583109378814697]
[DIAG_INFER] step=191 policy_action_max=8.604293 applied_action_max=0.500000 obs_max=16.780037 history_nonzero_rows=15 position_clip=0 torque_clip=4 action=[5.4800286293029785, -3.637014865875244, 3.60526180267334, -7.941148281097412, 4.091310977935791, 0.9055386781692505, -8.604292869567871, -3.2500336170196533, -0.952433168888092, -7.894745349884033, -1.397972822189331, 0.8244184255599976]
[DIAG_TARGET] step=191 target_error=0.000000000 default=[0.0, -0.7853981852531433, 1.8654682636260986, 0.0, -0.7853981852531433, 1.8654682636260986, 0.0, -0.7853981852531433, 1.8654682636260986, 0.0, -0.7853981852531433, 1.8654682636260986] desired=[-0.03750000149011612, -0.925000011920929, 1.7450000047683716, 0.03750000149011612, -0.675000011920929, 1.7450000047683716, -0.47123903036117554, -0.925000011920929, 1.4950000047683716, -1.5, 0.5399015545845032, 1.7614940404891968] applied=[-0.03750000149011612, -0.925000011920929, 1.7450000047683716, 0.03750000149011612, -0.675000011920929, 1.7450000047683716, -0.47123903036117554, -0.925000011920929, 1.4950000047683716, -1.5, 0.5399015545845032, 1.7614940404891968] current=[-0.39956194162368774, -0.8661133050918579, 1.8153544664382935, -0.030753327533602715, -0.6679694056510925, 1.8873639106750488, -0.2005104273557663, -0.9258802533149719, 1.7834527492523193, -0.6101415157318115, -1.0916681289672852, 1.7166123390197754]
[STAGE] video_encoding_start
[SUMMARY] {"task": "YoboGo-Velocity-Flat-v0", "mode": "smoke", "yobogo_walk_speed_m_s": 0.15, "rapid_walk_speed_m_s": 0.3, "adaptation_weight": "/run/media/pma213x/0C6A8CC86A8CAFCE/Ubuntu2/CodeU/Dog1/mini-cheetah-isaaclab/external_models/rapid-locomotion-rl/runs/rapid-locomotion/example/train/201852.132488/checkpoints/adaptation_module_latest.jit", "body_weight": "/run/media/pma213x/0C6A8CC86A8CAFCE/Ubuntu2/CodeU/Dog1/mini-cheetah-isaaclab/external_models/rapid-locomotion-rl/runs/rapid-locomotion/example/train/201852.132488/checkpoints/body_latest.jit", "completed_steps": 200, "inference_steps": 20, "expected_inference_steps": 20, "reset_count": 0, "safety_clip_count": 41, "position_clip_count": 0, "torque_clip_count": 41, "large_action_inference_count": 7, "official_clip_inference_count": 0, "max_abs_rapid_action": 0.5, "max_abs_policy_action": 17.773086547851562, "ood_guard_count": 211, "base_height_min_m": 0.24050243198871613, "max_abs_roll_deg": 17.490060216237623, "max_abs_pitch_deg": 5.58861728494541, "xy_displacement_m": 0.044701751321554184, "mean_measured_velocity_m_s": 0.08291271374735515, "final_command": [0.15000000596046448, 0.0, 0.0], "terminated_steps": 0, "stability_errors": [], "interface_ok": true, "stable_walking": true, "video": null, "video_frames_written": 0}
[STAGE] event_loop_done
