[3gH    H    H    H    H    H    H    H    H    H    H    H    H    H    H    H    H    H    H    H   [INFO] Using python from: /home/pma213x/.venvs/minicheetah-isaaclab/bin/python
[INFO][AppLauncher]: Loading experience file: /home/pma213x/IsaacLab/apps/isaaclab.python.headless.kit
[Warning] [simulation_app.simulation_app] Modules: ['omni.kit_app'] were loaded before SimulationApp was started and might not be loaded correctly.
[Warning] [simulation_app.simulation_app] Please check to make sure no extra omniverse or pxr modules are imported before the call to SimulationApp(...)
Loading user config located at: '/home/pma213x/.venvs/minicheetah-isaaclab/lib/python3.10/site-packages/omni/data/Kit/Isaac-Sim/4.5/user.config.json'
[Info] [carb] Logging to file: /home/pma213x/.venvs/minicheetah-isaaclab/lib/python3.10/site-packages/omni/logs/Kit/Isaac-Sim/4.5/kit_20261008_204130.log
2026-10-08 12:41:30 [0ms] [Warning] [omni.kit.app.plugin] No crash reporter present, dumps uploading isn't available.
2026-10-08 12:41:30 [93ms] [Warning] [omni.usd_config.extension] Enable omni.materialx.libs extension to use MaterialX
2026-10-08 12:41:30 [356ms] [Warning] [omni.datastore] OmniHub is inaccessible
2026-10-08 12:41:30 [379ms] [Warning] [omni.isaac.dynamic_control] omni.isaac.dynamic_control is deprecated as of Isaac Sim 4.5. No action is needed from end-users.
Gym has been unmaintained since 2022 and does not support NumPy 2.0 amongst other critical functionality.
Please upgrade to Gymnasium, the maintained drop-in replacement of Gym, or contact the authors of your software and request that they upgrade.
See the migration guide at https://gymnasium.farama.org/introduction/migration_guide/ for additional information.
2026-10-08 12:41:32 [1,786ms] [Warning] [gpu.foundation.plugin] Skipping unsupported non-NVIDIA GPU: Intel(R) UHD Graphics (ADL-S GT0.5)
2026-10-08 12:41:32 [1,786ms] [Warning] [gpu.foundation.plugin] Skipping unsupported non-NVIDIA GPU: Intel(R) UHD Graphics (ADL-S GT0.5)

|---------------------------------------------------------------------------------------------|
| Driver Version: 580.178.04    | Graphics API: Vulkan
|=============================================================================================|
| GPU | Name                             | Active | LDA | GPU Memory | Vendor-ID | LUID       |
|     |                                  |        |     |            | Device-ID | UUID       |
|     |                                  |        |     |            | Bus-ID    |            |
|---------------------------------------------------------------------------------------------|
| 0   | NVIDIA GeForce RTX 4060 Laptop.. | Yes: 0 |     | 8188    MB | 10de      | 0          |
|     |                                  |        |     |            | 28e0      | 4d090564.. |
|     |                                  |        |     |            | 1         |            |
|---------------------------------------------------------------------------------------------|
| 1   | Intel(R) UHD Graphics (ADL-S G.. |        |     | 11374   MB | 8086      | 0          |
|     |                                  |        |     |            | 468b      | 86808b46.. |
|     |                                  |        |     |            | 0         |            |
|=============================================================================================|
| OS: 26.04.1 LTS (Resolute Raccoon) ubuntu, Version: 26.04.1, Kernel: 7.0.0-34-generic
| XServer Vendor: The X.Org Foundation, XServer Version: 12401010 (1.24.1.10)
| Processor: 13th Gen Intel(R) Core(TM) i5-13500HX
| Bare Metal Cores: 14 | Bare Metal Logical Cores: 28
| Available Cores:  20 
|---------------------------------------------------------------------------------------------|
| Total Memory (MB): 15166 | Free Memory: 7589
| Total Page/Swap (MB): 20479 | Free Page/Swap: 18011
|---------------------------------------------------------------------------------------------|
2026-10-08 12:41:32 [2,006ms] [Warning] [gpu.foundation.plugin] IOMMU is enabled.
2026-10-08 12:41:32 [2,007ms] [Warning] [gpu.foundation.plugin] Detected IOMMU is enabled. Running CUDA peer-to-peer bandwidth and latency validation.
Unidirectional P2P=Enabled Bandwidth (P2P Writes) Matrix (GB/s)
   D\D     0 
     0 221.48 
P2P=Enabled Latency (P2P Writes) Matrix (us)
   GPU     0 
     0   1.44 

   CPU     0 
     0   1.52 
[STAGE] config_start
[INFO]: Parsing configuration from: training.envs.velocity_flat_env_cfg:YoboGoVelocityFlatEnvCfg
[STAGE] config_done
[STAGE] environment_create_start
2026-10-08 12:41:32 [2,187ms] [Warning] [isaaclab.envs.manager_based_env] Seed not set for the environment. The environment creation may not be deterministic.
[INFO]: Base environment:
	Environment device    : cuda:0
	Environment seed      : None
	Physics step-size     : 0.0004
	Rendering step-size   : 0.002
	Environment step-size : 0.002
2026-10-08 12:41:32 [2,262ms] [Warning] [isaaclab.terrains.terrain_importer] Visual material specified for ground plane but no diffuse color found. Using default color: (0.0, 0.0, 0.0)
[INFO]: Time taken for scene creation : 2.582535 seconds
[INFO]: Scene manager:  <class InteractiveScene>
	Number of environments: 1
	Environment spacing   : 2.5
	Source prim name      : /World/envs/env_0
	Global prim paths     : ['/World/ground']
	Replicate physics     : True
[INFO]: Starting the simulation. This may take a few seconds. Please wait...
[INFO]: Time taken for simulation start : 0.343305 seconds
2026-10-08 12:41:35 [5,395ms] [Warning] [omni.usd] Warning: in GetNodeDiscoveryResults at line 136 of /builds/omniverse/usd-ci/USD/pxr/usd/usdShade/shaderDefUtils.cpp -- Unable to resolve info:sourceAsset </UsdPreviewSurface.info:mdl:sourceAsset> with value @UsdPreviewSurface.mdl@.

2026-10-08 12:41:35 [5,395ms] [Warning] [omni.usd] Warning: in GetNodeDiscoveryResults at line 136 of /builds/omniverse/usd-ci/USD/pxr/usd/usdShade/shaderDefUtils.cpp -- Unable to resolve info:sourceAsset </UsdUVTexture.info:mdl:sourceAsset> with value @UsdPreviewSurface.mdl@.

2026-10-08 12:41:35 [5,395ms] [Warning] [omni.usd] Warning: in GetNodeDiscoveryResults at line 136 of /builds/omniverse/usd-ci/USD/pxr/usd/usdShade/shaderDefUtils.cpp -- Unable to resolve info:sourceAsset </UsdPrimvarReader_float.info:mdl:sourceAsset> with value @UsdPreviewSurface.mdl@.

2026-10-08 12:41:35 [5,395ms] [Warning] [omni.usd] Warning: in GetNodeDiscoveryResults at line 136 of /builds/omniverse/usd-ci/USD/pxr/usd/usdShade/shaderDefUtils.cpp -- Unable to resolve info:sourceAsset </UsdPrimvarReader_float2.info:mdl:sourceAsset> with value @UsdPreviewSurface.mdl@.

2026-10-08 12:41:35 [5,395ms] [Warning] [omni.usd] Warning: in GetNodeDiscoveryResults at line 136 of /builds/omniverse/usd-ci/USD/pxr/usd/usdShade/shaderDefUtils.cpp -- Unable to resolve info:sourceAsset </UsdPrimvarReader_float3.info:mdl:sourceAsset> with value @UsdPreviewSurface.mdl@.

2026-10-08 12:41:35 [5,395ms] [Warning] [omni.usd] Warning: in GetNodeDiscoveryResults at line 136 of /builds/omniverse/usd-ci/USD/pxr/usd/usdShade/shaderDefUtils.cpp -- Unable to resolve info:sourceAsset </UsdPrimvarReader_float4.info:mdl:sourceAsset> with value @UsdPreviewSurface.mdl@.

2026-10-08 12:41:35 [5,395ms] [Warning] [omni.usd] Warning: in GetNodeDiscoveryResults at line 136 of /builds/omniverse/usd-ci/USD/pxr/usd/usdShade/shaderDefUtils.cpp -- Unable to resolve info:sourceAsset </UsdPrimvarReader_int.info:mdl:sourceAsset> with value @UsdPreviewSurface.mdl@.

2026-10-08 12:41:35 [5,395ms] [Warning] [omni.usd] Warning: in GetNodeDiscoveryResults at line 136 of /builds/omniverse/usd-ci/USD/pxr/usd/usdShade/shaderDefUtils.cpp -- Unable to resolve info:sourceAsset </UsdPrimvarReader_string.info:mdl:sourceAsset> with value @UsdPreviewSurface.mdl@.

2026-10-08 12:41:35 [5,395ms] [Warning] [omni.usd] Warning: in GetNodeDiscoveryResults at line 136 of /builds/omniverse/usd-ci/USD/pxr/usd/usdShade/shaderDefUtils.cpp -- Unable to resolve info:sourceAsset </UsdPrimvarReader_normal.info:mdl:sourceAsset> with value @UsdPreviewSurface.mdl@.

2026-10-08 12:41:35 [5,395ms] [Warning] [omni.usd] Warning: in GetNodeDiscoveryResults at line 136 of /builds/omniverse/usd-ci/USD/pxr/usd/usdShade/shaderDefUtils.cpp -- Unable to resolve info:sourceAsset </UsdPrimvarReader_point.info:mdl:sourceAsset> with value @UsdPreviewSurface.mdl@.

2026-10-08 12:41:35 [5,395ms] [Warning] [omni.usd] Warning: in GetNodeDiscoveryResults at line 136 of /builds/omniverse/usd-ci/USD/pxr/usd/usdShade/shaderDefUtils.cpp -- Unable to resolve info:sourceAsset </UsdPrimvarReader_vector.info:mdl:sourceAsset> with value @UsdPreviewSurface.mdl@.

2026-10-08 12:41:35 [5,395ms] [Warning] [omni.usd] Warning: in GetNodeDiscoveryResults at line 136 of /builds/omniverse/usd-ci/USD/pxr/usd/usdShade/shaderDefUtils.cpp -- Unable to resolve info:sourceAsset </UsdPrimvarReader_matrix.info:mdl:sourceAsset> with value @UsdPreviewSurface.mdl@.

2026-10-08 12:41:35 [5,395ms] [Warning] [omni.usd] Warning: in GetNodeDiscoveryResults at line 136 of /builds/omniverse/usd-ci/USD/pxr/usd/usdShade/shaderDefUtils.cpp -- Unable to resolve info:sourceAsset </UsdTransform2d.info:mdl:sourceAsset> with value @UsdPreviewSurface.mdl@.

[INFO] Command Manager:  <CommandManager> contains 1 active terms.
+------------------------------------------------+
|              Active Command Terms              |
+-------+---------------+------------------------+
| Index | Name          |          Type          |
+-------+---------------+------------------------+
|   0   | base_velocity | UniformVelocityCommand |
+-------+---------------+------------------------+

[INFO] Recorder Manager:  <RecorderManager> contains 0 active terms.
+---------------------+
| Active Recorder Terms |
+-----------+---------+
|   Index   | Name    |
+-----------+---------+
+-----------+---------+

[INFO] Action Manager:  <ActionManager> contains 1 active terms.
+------------------------------------+
|  Active Action Terms (shape: 12)   |
+--------+-------------+-------------+
| Index  | Name        |   Dimension |
+--------+-------------+-------------+
|   0    | joint_pos   |          12 |
+--------+-------------+-------------+

[INFO] Observation Manager: <ObservationManager> contains 1 groups.
+---------------------------------------------------------+
| Active Observation Terms in Group: 'policy' (shape: (48,)) |
+-----------+---------------------------------+-----------+
|   Index   | Name                            |   Shape   |
+-----------+---------------------------------+-----------+
|     0     | base_lin_vel                    |    (3,)   |
|     1     | base_ang_vel                    |    (3,)   |
|     2     | projected_gravity               |    (3,)   |
|     3     | velocity_commands               |    (3,)   |
|     4     | joint_pos                       |   (12,)   |
|     5     | joint_vel                       |   (12,)   |
|     6     | actions                         |   (12,)   |
+-----------+---------------------------------+-----------+

[INFO] Event Manager:  <EventManager> contains 3 active terms.
+--------------------------------------+
| Active Event Terms in Mode: 'startup' |
+----------+---------------------------+
|  Index   | Name                      |
+----------+---------------------------+
|    0     | physics_material          |
+----------+---------------------------+
+---------------------------------------+
|  Active Event Terms in Mode: 'reset'  |
+--------+------------------------------+
| Index  | Name                         |
+--------+------------------------------+
|   0    | base_external_force_torque   |
|   1    | reset_base                   |
|   2    | reset_robot_joints           |
+--------+------------------------------+
+----------------------------------------------+
|    Active Event Terms in Mode: 'interval'    |
+-------+------------+-------------------------+
| Index | Name       | Interval time range (s) |
+-------+------------+-------------------------+
|   0   | push_robot |       (10.0, 15.0)      |
+-------+------------+-------------------------+

[INFO] Termination Manager:  <TerminationManager> contains 2 active terms.
+---------------------------------+
|     Active Termination Terms    |
+-------+--------------+----------+
| Index | Name         | Time Out |
+-------+--------------+----------+
|   0   | time_out     |   True   |
|   1   | base_contact |  False   |
+-------+--------------+----------+

[INFO] Reward Manager:  <RewardManager> contains 11 active terms.
+-----------------------------------------+
|           Active Reward Terms           |
+-------+----------------------+----------+
| Index | Name                 |   Weight |
+-------+----------------------+----------+
|   0   | track_lin_vel_xy_exp |      1.0 |
|   1   | track_ang_vel_z_exp  |      0.5 |
|   2   | lin_vel_z_l2         |     -2.0 |
|   3   | ang_vel_xy_l2        |    -0.05 |
|   4   | dof_torques_l2       | -2.5e-05 |
|   5   | dof_acc_l2           | -2.5e-07 |
|   6   | action_rate_l2       |    -0.01 |
|   7   | feet_air_time        |      0.5 |
|   8   | undesired_contacts   |     -1.0 |
|   9   | flat_orientation_l2  |     -5.0 |
|   10  | dof_pos_limits       |      0.0 |
+-------+----------------------+----------+

[INFO] Curriculum Manager:  <CurriculumManager> contains 0 active terms.
+----------------------+
| Active Curriculum Terms |
+-----------+----------+
|   Index   | Name     |
+-----------+----------+
+-----------+----------+

[INFO]: Completed setting up the environment...
[STAGE] environment_create_done
[STAGE] policy_adapter_setup_start
[STAGE] policy_adapter_setup_done
[INFO] task=YoboGo-Velocity-Flat-v0
[INFO] weights_adaptation=/run/media/pma213x/0C6A8CC86A8CAFCE/Ubuntu2/CodeU/Dog1/mini-cheetah-isaaclab/external_models/rapid-locomotion-rl/runs/rapid-locomotion/example/train/201852.132488/checkpoints/adaptation_module_latest.jit
[INFO] weights_body=/run/media/pma213x/0C6A8CC86A8CAFCE/Ubuntu2/CodeU/Dog1/mini-cheetah-isaaclab/external_models/rapid-locomotion-rl/runs/rapid-locomotion/example/train/201852.132488/checkpoints/body_latest.jit
[INFO] yobogo_observation_dim=48 rapid_observation_dim=42
[INFO] history_dim=630 action_dim=12
[INFO] inference_period=10 control_period_s=0.002 inference_hz=50
[INFO] rapid_replay_actuator_kp=20 kd=0.5 effort=18/18/26
[INFO] yobogo_command=[0.0, 0.0, 0.0] rapid_command=[0.0, 0.0, 0.0]
[INFO] model_dummy_action_shape=(1, 12)
[INFO] model_dummy_latent_shape=(1, 18)
[STAGE] event_loop_start
[DIAG_INFER] step=1 policy_action_max=1.179989 applied_action_max=0.500000 obs_max=1.000000 history_nonzero_rows=0 position_clip=0 torque_clip=0 action=[-0.2197718769311905, 0.8110651969909668, -0.3086051344871521, -0.10791702568531036, 0.7024934887886047, 0.44729340076446533, 0.14830225706100464, -1.179988980293274, 0.8864455223083496, 0.223587304353714, -0.5151156187057495, -0.732103168964386]
[DIAG_TARGET] step=1 target_error=0.000000000 default=[0.0, -0.7853981852531433, 1.8654682636260986, 0.0, -0.7853981852531433, 1.8654682636260986, 0.0, -0.7853981852531433, 1.8654682636260986, 0.0, -0.7853981852531433, 1.8654682636260986] desired=[-0.12747149169445038, -0.675000011920929, 1.5428487062454224, 0.08651037514209747, -0.675000011920929, 1.7318233251571655, -0.08146221935749054, -0.925000011920929, 1.7450000047683716, 0.12794841825962067, -0.925000011920929, 1.4950000047683716] applied=[-0.12747149169445038, -0.675000011920929, 1.5428487062454224, 0.08651037514209747, -0.675000011920929, 1.7318233251571655, -0.08146221935749054, -0.925000011920929, 1.7450000047683716, 0.12794841825962067, -0.925000011920929, 1.4950000047683716] current=[-0.0015655260067433119, -0.786283016204834, 1.8641629219055176, 0.00021683915110770613, -0.7849868535995483, 1.864121675491333, -0.0008286795928142965, -0.7862508296966553, 1.863508939743042, -0.0003220074577257037, -0.7866378426551819, 1.8636326789855957]
[STAGE] first_step_done
[DIAG_INFER] step=11 policy_action_max=1.384020 applied_action_max=0.500000 obs_max=1.179989 history_nonzero_rows=1 position_clip=0 torque_clip=0 action=[0.5760279297828674, 1.3754066228866577, 1.143650770187378, -1.0616291761398315, -0.4517709016799927, -0.236336350440979, -0.3600722551345825, -1.2357038259506226, 0.5875663757324219, -0.7128476500511169, -0.3701048791408539, -1.3840198516845703]
[DIAG_TARGET] step=11 target_error=0.000000000 default=[0.0, -0.7853981852531433, 1.8654682636260986, 0.0, -0.7853981852531433, 1.8654682636260986, 0.0, -0.7853981852531433, 1.8654682636260986, 0.0, -0.7853981852531433, 1.8654682636260986] desired=[-0.03750000149011612, -0.675000011920929, 1.7450000047683716, 0.03750000149011612, -0.9129427671432495, 1.5609159469604492, -0.14500904083251953, -0.925000011920929, 1.7450000047683716, 0.03750000149011612, -0.8925262093544006, 1.4950000047683716] applied=[-0.03750000149011612, -0.675000011920929, 1.7450000047683716, 0.03750000149011612, -0.9129427671432495, 1.5609159469604492, -0.14500904083251953, -0.925000011920929, 1.7450000047683716, 0.03750000149011612, -0.8925262093544006, 1.4950000047683716] current=[-0.013983815908432007, -0.806240975856781, 1.8466579914093018, 0.014497283846139908, -0.7689605951309204, 1.84296715259552, -0.01838451437652111, -0.8210701942443848, 1.8384231328964233, -0.005794845055788755, -0.8042699694633484, 1.848230242729187]
[DIAG_INFER] step=21 policy_action_max=4.926795 applied_action_max=0.500000 obs_max=1.384020 history_nonzero_rows=2 position_clip=0 torque_clip=2 action=[4.517038345336914, 1.4249790906906128, 2.06135892868042, 0.36759355664253235, 0.11658935248851776, -0.08014274388551712, -4.926794528961182, -0.862717866897583, -3.066908121109009, -4.797684669494629, -1.3164377212524414, 2.0088353157043457]
[DIAG_TARGET] step=21 target_error=0.000000000 default=[0.0, -0.7853981852531433, 1.8654682636260986, 0.0, -0.7853981852531433, 1.8654682636260986, 0.0, -0.7853981852531433, 1.8654682636260986, 0.0, -0.7853981852531433, 1.8654682636260986] desired=[-0.03750000149011612, -0.675000011920929, 1.7450000047683716, 0.14594919979572296, -0.7708526849746704, 1.5999642610549927, -0.16249999403953552, -0.925000011920929, 1.4950000047683716, 0.0003616213798522949, -0.5744248628616333, 1.7450000047683716] applied=[-0.03750000149011612, -0.675000011920929, 1.7450000047683716, 0.14594919979572296, -0.7708526849746704, 1.5999642610549927, -0.16249999403953552, -0.925000011920929, 1.4950000047683716, 0.0003616213798522949, -0.5744248628616333, 1.7450000047683716] current=[-0.035324741154909134, -0.7974584102630615, 1.8234339952468872, -0.0041160257533192635, -0.7883723378181458, 1.830587387084961, -0.07128460705280304, -0.8658562898635864, 1.7996467351913452, -0.017096174880862236, -0.8198598623275757, 1.8298282623291016]
[DIAG_INFER] step=31 policy_action_max=5.271986 applied_action_max=0.500000 obs_max=4.926795 history_nonzero_rows=3 position_clip=0 torque_clip=1 action=[5.271986484527588, 1.1844333410263062, 2.579573392868042, -1.2996021509170532, 0.8916893005371094, 0.4356900453567505, -3.5907270908355713, 0.950181245803833, -3.3761839866638184, -3.1155216693878174, -0.5312356948852539, 3.542686939239502]
[DIAG_TARGET] step=31 target_error=0.000000000 default=[0.0, -0.7853981852531433, 1.8654682636260986, 0.0, -0.7853981852531433, 1.8654682636260986, 0.0, -0.7853981852531433, 1.8654682636260986, 0.0, -0.7853981852531433, 1.8654682636260986] desired=[-0.03750000149011612, -0.675000011920929, 1.7450000047683716, 0.03750000149011612, -0.675000011920929, 1.7289224863052368, -0.16249999403953552, -0.675000011920929, 1.4950000047683716, 0.03750000149011612, 0.6384225487709045, 1.7450000047683716] applied=[-0.03750000149011612, -0.675000011920929, 1.7450000047683716, 0.03750000149011612, -0.675000011920929, 1.7289224863052368, -0.16249999403953552, -0.675000011920929, 1.4950000047683716, 0.03750000149011612, 0.6384225487709045, 1.7450000047683716] current=[-0.03613097965717316, -0.7574529647827148, 1.797173023223877, 0.0032282655593007803, -0.8030912280082703, 1.8210346698760986, -0.07337171584367752, -0.872724711894989, 1.7657417058944702, -0.0029342707712203264, -0.748346209526062, 1.799784541130066]
[DIAG_INFER] step=41 policy_action_max=6.569295 applied_action_max=0.500000 obs_max=5.271986 history_nonzero_rows=4 position_clip=0 torque_clip=2 action=[6.5692949295043945, -0.6341971158981323, 2.6684088706970215, -3.251218557357788, 2.0118908882141113, 1.070932149887085, -2.0032951831817627, -2.6628758907318115, -4.863518714904785, -2.607442855834961, -1.923339605331421, 3.9368882179260254]
[DIAG_TARGET] step=41 target_error=0.000000000 default=[0.0, -0.7853981852531433, 1.8654682636260986, 0.0, -0.7853981852531433, 1.8654682636260986, 0.0, -0.7853981852531433, 1.8654682636260986, 0.0, -0.7853981852531433, 1.8654682636260986] desired=[-0.03750000149011612, -0.925000011920929, 1.7450000047683716, 0.03750000149011612, -0.675000011920929, 1.7450000047683716, -0.16249999403953552, -0.25926029682159424, 1.4950000047683716, 0.03750000149011612, -0.14256513118743896, 1.7450000047683716] applied=[-0.03750000149011612, -0.925000011920929, 1.7450000047683716, 0.03750000149011612, -0.675000011920929, 1.7450000047683716, -0.16249999403953552, -0.25926029682159424, 1.4950000047683716, 0.03750000149011612, -0.14256513118743896, 1.7450000047683716] current=[-0.042156144976615906, -0.7152290940284729, 1.7862355709075928, 0.011658587493002415, -0.7927327752113342, 1.8234885931015015, -0.07233807444572449, -0.8507549166679382, 1.7247422933578491, 0.01407596841454506, -0.17575490474700928, 1.715725064277649]
[DIAG_INFER] step=51 policy_action_max=5.471847 applied_action_max=0.500000 obs_max=6.569295 history_nonzero_rows=5 position_clip=0 torque_clip=2 action=[4.942461967468262, 4.47691011428833, 3.1953446865081787, -5.471847057342529, -3.17834210395813, -1.1964832544326782, 1.119718313217163, -3.5991480350494385, -0.08477067947387695, 1.0956026315689087, -3.01373291015625, 1.3802763223648071]
[DIAG_TARGET] step=51 target_error=0.000000000 default=[0.0, -0.7853981852531433, 1.8654682636260986, 0.0, -0.7853981852531433, 1.8654682636260986, 0.0, -0.7853981852531433, 1.8654682636260986, 0.0, -0.7853981852531433, 1.8654682636260986] desired=[-0.03750000149011612, -0.675000011920929, 1.7450000047683716, 0.03750000149011612, -0.925000011920929, 1.4950000047683716, -0.03750000149011612, -0.7433146834373474, 1.5988073348999023, 0.16249999403953552, -3.6612279415130615, 1.7450000047683716] applied=[-0.03750000149011612, -0.675000011920929, 1.7450000047683716, 0.03750000149011612, -0.925000011920929, 1.4950000047683716, -0.03750000149011612, -0.7433146834373474, 1.5988073348999023, 0.16249999403953552, -3.6612279415130615, 1.7450000047683716] current=[-0.029147963970899582, -0.7692902088165283, 1.8009157180786133, 0.03313124552369118, -0.8027603626251221, 1.8444026708602905, -0.1087300255894661, -0.7251337766647339, 1.6583400964736938, 0.007414319086819887, 0.0844464972615242, 1.7583179473876953]
[DIAG_INFER] step=61 policy_action_max=4.541040 applied_action_max=0.500000 obs_max=5.471847 history_nonzero_rows=6 position_clip=0 torque_clip=1 action=[4.541040420532227, 1.2781745195388794, 3.283838987350464, 0.22353604435920715, 2.9131405353546143, -2.1265385150909424, -2.6624014377593994, 2.437812089920044, -2.807093620300293, -1.7789865732192993, -1.8835082054138184, 3.0461502075195312]
[DIAG_TARGET] step=61 target_error=0.000000000 default=[0.0, -0.7853981852531433, 1.8654682636260986, 0.0, -0.7853981852531433, 1.8654682636260986, 0.0, -0.7853981852531433, 1.8654682636260986, 0.0, -0.7853981852531433, 1.8654682636260986] desired=[-0.03750000149011612, -0.675000011920929, 1.7450000047683716, 0.1279420107603073, -0.675000011920929, 1.4950000047683716, -0.16249999403953552, -0.675000011920929, 1.4950000047683716, 0.03750000149011612, -0.847418487071991, 1.7450000047683716] applied=[-0.03750000149011612, -0.675000011920929, 1.7450000047683716, 0.1279420107603073, -0.675000011920929, 1.4950000047683716, -0.16249999403953552, -0.675000011920929, 1.4950000047683716, 0.03750000149011612, -0.847418487071991, 1.7450000047683716] current=[-0.010610749945044518, -0.7655236124992371, 1.7976157665252686, 0.06825961917638779, -0.8376666903495789, 1.8589513301849365, -0.10099372267723083, -0.6777728796005249, 1.6307209730148315, 0.05957028269767761, -0.48448818922042847, 1.7550203800201416]
[DIAG_INFER] step=71 policy_action_max=4.336662 applied_action_max=0.500000 obs_max=4.541040 history_nonzero_rows=7 position_clip=0 torque_clip=1 action=[4.3366618156433105, 0.17245641350746155, 2.309544563293457, -0.04434886574745178, 1.3262499570846558, 1.0193625688552856, -3.5481221675872803, -0.4798942804336548, -0.5067000389099121, -3.7804644107818604, -0.059540122747421265, 1.7833436727523804]
[DIAG_TARGET] step=71 target_error=0.000000000 default=[0.0, -0.7853981852531433, 1.8654682636260986, 0.0, -0.7853981852531433, 1.8654682636260986, 0.0, -0.7853981852531433, 1.8654682636260986, 0.0, -0.7853981852531433, 1.8654682636260986] desired=[-0.03750000149011612, -0.7568858861923218, 1.7450000047683716, 0.09445638954639435, -0.675000011920929, 1.7450000047683716, -0.16249999403953552, -0.919973611831665, 1.4950000047683716, 0.03750000149011612, -0.5824424028396606, 1.7450000047683716] applied=[-0.03750000149011612, -0.7568858861923218, 1.7450000047683716, 0.09445638954639435, -0.675000011920929, 1.7450000047683716, -0.16249999403953552, -0.919973611831665, 1.4950000047683716, 0.03750000149011612, -0.5824424028396606, 1.7450000047683716] current=[-0.025483909994363785, -0.7398303151130676, 1.7970938682556152, 0.07346652448177338, -0.8680373430252075, 1.8619076013565063, -0.12438652664422989, -0.683181643486023, 1.6277698278427124, 0.049985647201538086, -0.8685352802276611, 1.7692341804504395]
[DIAG_INFER] step=81 policy_action_max=2.832040 applied_action_max=0.500000 obs_max=4.336662 history_nonzero_rows=8 position_clip=0 torque_clip=1 action=[-1.1003272533416748, 0.3275248110294342, -0.5500245094299316, -2.2147538661956787, 0.6565027832984924, 0.14395928382873535, -0.12397927045822144, -2.832040309906006, 1.476030707359314, -1.4211398363113403, -1.833547592163086, 0.2610660195350647]
[DIAG_TARGET] step=81 target_error=0.000000000 default=[0.0, -0.7853981852531433, 1.8654682636260986, 0.0, -0.7853981852531433, 1.8654682636260986, 0.0, -0.7853981852531433, 1.8654682636260986, 0.0, -0.7853981852531433, 1.8654682636260986] desired=[-0.16249999403953552, -0.7181187868118286, 1.4950000047683716, 0.03750000149011612, -0.675000011920929, 1.6559898853302002, -0.1154974102973938, -0.925000011920929, 1.7450000047683716, 0.03750000149011612, -0.925000011920929, 1.769849419593811] applied=[-0.16249999403953552, -0.7181187868118286, 1.4950000047683716, 0.03750000149011612, -0.675000011920929, 1.6559898853302002, -0.1154974102973938, -0.925000011920929, 1.7450000047683716, 0.03750000149011612, -0.925000011920929, 1.769849419593811] current=[-0.03717876970767975, -0.7482553124427795, 1.8183425664901733, 0.06845372915267944, -0.8737297058105469, 1.8633475303649902, -0.1616363674402237, -0.7340588569641113, 1.630144476890564, 0.045822836458683014, -0.8281130790710449, 1.7681618928909302]
[DIAG_INFER] step=91 policy_action_max=3.904902 applied_action_max=0.500000 obs_max=2.832040 history_nonzero_rows=9 position_clip=0 torque_clip=1 action=[-2.458434581756592, 0.8673202991485596, -0.8311347961425781, -1.7806735038757324, 1.2051748037338257, 1.1615797281265259, 1.6181623935699463, -2.820814609527588, 2.950831174850464, -3.9049015045166016, -1.4610801935195923, -0.15393368899822235]
[DIAG_TARGET] step=91 target_error=0.000000000 default=[0.0, -0.7853981852531433, 1.8654682636260986, 0.0, -0.7853981852531433, 1.8654682636260986, 0.0, -0.7853981852531433, 1.8654682636260986, 0.0, -0.7853981852531433, 1.8654682636260986] desired=[-0.16249999403953552, -0.675000011920929, 1.4950000047683716, 0.03750000149011612, -0.675000011920929, 1.7450000047683716, -0.03750000149011612, -0.925000011920929, 1.7450000047683716, -0.09543216228485107, -0.925000011920929, 1.5815166234970093] applied=[-0.16249999403953552, -0.675000011920929, 1.4950000047683716, 0.03750000149011612, -0.675000011920929, 1.7450000047683716, -0.03750000149011612, -0.925000011920929, 1.7450000047683716, -0.09543216228485107, -0.925000011920929, 1.5815166234970093] current=[-0.0535920076072216, -0.7605020403862, 1.833905577659607, 0.05139229819178581, -0.8908334970474243, 1.8647061586380005, -0.15039905905723572, -0.840964674949646, 1.6949009895324707, 0.02735160104930401, -0.830435037612915, 1.7770781517028809]
[STAGE] video_encoding_start
[SUMMARY] {"task": "YoboGo-Velocity-Flat-v0", "mode": "smoke", "yobogo_walk_speed_m_s": 0.0, "rapid_walk_speed_m_s": 0.0, "adaptation_weight": "/run/media/pma213x/0C6A8CC86A8CAFCE/Ubuntu2/CodeU/Dog1/mini-cheetah-isaaclab/external_models/rapid-locomotion-rl/runs/rapid-locomotion/example/train/201852.132488/checkpoints/adaptation_module_latest.jit", "body_weight": "/run/media/pma213x/0C6A8CC86A8CAFCE/Ubuntu2/CodeU/Dog1/mini-cheetah-isaaclab/external_models/rapid-locomotion-rl/runs/rapid-locomotion/example/train/201852.132488/checkpoints/body_latest.jit", "completed_steps": 100, "inference_steps": 10, "expected_inference_steps": 10, "reset_count": 0, "safety_clip_count": 11, "position_clip_count": 0, "torque_clip_count": 11, "large_action_inference_count": 0, "official_clip_inference_count": 0, "max_abs_rapid_action": 0.5, "max_abs_policy_action": 6.5692949295043945, "ood_guard_count": 95, "base_height_min_m": 0.260265588760376, "max_abs_roll_deg": 3.3033018850474214, "max_abs_pitch_deg": 2.3995095904042025, "xy_displacement_m": 0.05101099982857704, "mean_measured_velocity_m_s": 0.2331817494891584, "final_command": [0.0, 0.0, 0.0], "terminated_steps": 0, "stability_errors": [], "interface_ok": true, "stable_walking": true, "video": null, "video_frames_written": 0}
[STAGE] event_loop_done
