[3gH    H    H    H    H    H    H    H    H    H    H    H    H    H    H    H    H    H    H    H   [INFO] Using python from: /home/pma213x/.venvs/minicheetah-isaaclab/bin/python
[INFO][AppLauncher]: Loading experience file: /home/pma213x/IsaacLab/apps/isaaclab.python.headless.kit
[Warning] [simulation_app.simulation_app] Modules: ['omni.kit_app'] were loaded before SimulationApp was started and might not be loaded correctly.
[Warning] [simulation_app.simulation_app] Please check to make sure no extra omniverse or pxr modules are imported before the call to SimulationApp(...)
Loading user config located at: '/home/pma213x/.venvs/minicheetah-isaaclab/lib/python3.10/site-packages/omni/data/Kit/Isaac-Sim/4.5/user.config.json'
[Info] [carb] Logging to file: /home/pma213x/.venvs/minicheetah-isaaclab/lib/python3.10/site-packages/omni/logs/Kit/Isaac-Sim/4.5/kit_20261008_203303.log
2026-10-08 12:33:03 [0ms] [Warning] [omni.kit.app.plugin] No crash reporter present, dumps uploading isn't available.
2026-10-08 12:33:03 [93ms] [Warning] [omni.usd_config.extension] Enable omni.materialx.libs extension to use MaterialX
2026-10-08 12:33:03 [350ms] [Warning] [omni.datastore] OmniHub is inaccessible
2026-10-08 12:33:03 [377ms] [Warning] [omni.isaac.dynamic_control] omni.isaac.dynamic_control is deprecated as of Isaac Sim 4.5. No action is needed from end-users.
Gym has been unmaintained since 2022 and does not support NumPy 2.0 amongst other critical functionality.
Please upgrade to Gymnasium, the maintained drop-in replacement of Gym, or contact the authors of your software and request that they upgrade.
See the migration guide at https://gymnasium.farama.org/introduction/migration_guide/ for additional information.
2026-10-08 12:33:04 [1,745ms] [Warning] [gpu.foundation.plugin] Skipping unsupported non-NVIDIA GPU: Intel(R) UHD Graphics (ADL-S GT0.5)
2026-10-08 12:33:04 [1,745ms] [Warning] [gpu.foundation.plugin] Skipping unsupported non-NVIDIA GPU: Intel(R) UHD Graphics (ADL-S GT0.5)

|---------------------------------------------------------------------------------------------|
| Driver Version: 580.178.04    | Graphics API: Vulkan
|=============================================================================================|
| GPU | Name                             | Active | LDA | GPU Memory | Vendor-ID | LUID       |
|     |                                  |        |     |            | Device-ID | UUID       |
|     |                                  |        |     |            | Bus-ID    |            |
|---------------------------------------------------------------------------------------------|
| 0   | NVIDIA GeForce RTX 4060 Laptop.. | Yes: 0 |     | 8188    MB | 10de      | 0          |
|     |                                  |        |     |            | 28e0      | 4d090564.. |
|     |                                  |        |     |            | 1         |            |
|---------------------------------------------------------------------------------------------|
| 1   | Intel(R) UHD Graphics (ADL-S G.. |        |     | 11374   MB | 8086      | 0          |
|     |                                  |        |     |            | 468b      | 86808b46.. |
|     |                                  |        |     |            | 0         |            |
|=============================================================================================|
| OS: 26.04.1 LTS (Resolute Raccoon) ubuntu, Version: 26.04.1, Kernel: 7.0.0-34-generic
| XServer Vendor: The X.Org Foundation, XServer Version: 12401010 (1.24.1.10)
| Processor: 13th Gen Intel(R) Core(TM) i5-13500HX
| Bare Metal Cores: 14 | Bare Metal Logical Cores: 28
| Available Cores:  20 
|---------------------------------------------------------------------------------------------|
| Total Memory (MB): 15166 | Free Memory: 5940
| Total Page/Swap (MB): 20479 | Free Page/Swap: 20437
|---------------------------------------------------------------------------------------------|
2026-10-08 12:33:05 [1,953ms] [Warning] [gpu.foundation.plugin] IOMMU is enabled.
2026-10-08 12:33:05 [1,955ms] [Warning] [gpu.foundation.plugin] Detected IOMMU is enabled. Running CUDA peer-to-peer bandwidth and latency validation.
Unidirectional P2P=Enabled Bandwidth (P2P Writes) Matrix (GB/s)
   D\D     0 
     0 222.77 
P2P=Enabled Latency (P2P Writes) Matrix (us)
   GPU     0 
     0   1.47 

   CPU     0 
     0   1.55 
[STAGE] config_start
[INFO]: Parsing configuration from: training.envs.velocity_flat_env_cfg:YoboGoVelocityFlatEnvCfg
[STAGE] config_done
[STAGE] environment_create_start
2026-10-08 12:33:05 [2,131ms] [Warning] [isaaclab.envs.manager_based_env] Seed not set for the environment. The environment creation may not be deterministic.
[INFO]: Base environment:
	Environment device    : cuda:0
	Environment seed      : None
	Physics step-size     : 0.0004
	Rendering step-size   : 0.002
	Environment step-size : 0.002
2026-10-08 12:33:05 [2,197ms] [Warning] [isaaclab.terrains.terrain_importer] Visual material specified for ground plane but no diffuse color found. Using default color: (0.0, 0.0, 0.0)
[INFO]: Time taken for scene creation : 2.202124 seconds
[INFO]: Scene manager:  <class InteractiveScene>
	Number of environments: 1
	Environment spacing   : 2.5
	Source prim name      : /World/envs/env_0
	Global prim paths     : ['/World/ground']
	Replicate physics     : True
[INFO]: Starting the simulation. This may take a few seconds. Please wait...
[INFO]: Time taken for simulation start : 0.351989 seconds
2026-10-08 12:33:08 [4,962ms] [Warning] [omni.usd] Warning: in GetNodeDiscoveryResults at line 136 of /builds/omniverse/usd-ci/USD/pxr/usd/usdShade/shaderDefUtils.cpp -- Unable to resolve info:sourceAsset </UsdPreviewSurface.info:mdl:sourceAsset> with value @UsdPreviewSurface.mdl@.

2026-10-08 12:33:08 [4,962ms] [Warning] [omni.usd] Warning: in GetNodeDiscoveryResults at line 136 of /builds/omniverse/usd-ci/USD/pxr/usd/usdShade/shaderDefUtils.cpp -- Unable to resolve info:sourceAsset </UsdUVTexture.info:mdl:sourceAsset> with value @UsdPreviewSurface.mdl@.

2026-10-08 12:33:08 [4,962ms] [Warning] [omni.usd] Warning: in GetNodeDiscoveryResults at line 136 of /builds/omniverse/usd-ci/USD/pxr/usd/usdShade/shaderDefUtils.cpp -- Unable to resolve info:sourceAsset </UsdPrimvarReader_float.info:mdl:sourceAsset> with value @UsdPreviewSurface.mdl@.

2026-10-08 12:33:08 [4,962ms] [Warning] [omni.usd] Warning: in GetNodeDiscoveryResults at line 136 of /builds/omniverse/usd-ci/USD/pxr/usd/usdShade/shaderDefUtils.cpp -- Unable to resolve info:sourceAsset </UsdPrimvarReader_float2.info:mdl:sourceAsset> with value @UsdPreviewSurface.mdl@.

2026-10-08 12:33:08 [4,962ms] [Warning] [omni.usd] Warning: in GetNodeDiscoveryResults at line 136 of /builds/omniverse/usd-ci/USD/pxr/usd/usdShade/shaderDefUtils.cpp -- Unable to resolve info:sourceAsset </UsdPrimvarReader_float3.info:mdl:sourceAsset> with value @UsdPreviewSurface.mdl@.

2026-10-08 12:33:08 [4,963ms] [Warning] [omni.usd] Warning: in GetNodeDiscoveryResults at line 136 of /builds/omniverse/usd-ci/USD/pxr/usd/usdShade/shaderDefUtils.cpp -- Unable to resolve info:sourceAsset </UsdPrimvarReader_float4.info:mdl:sourceAsset> with value @UsdPreviewSurface.mdl@.

2026-10-08 12:33:08 [4,963ms] [Warning] [omni.usd] Warning: in GetNodeDiscoveryResults at line 136 of /builds/omniverse/usd-ci/USD/pxr/usd/usdShade/shaderDefUtils.cpp -- Unable to resolve info:sourceAsset </UsdPrimvarReader_int.info:mdl:sourceAsset> with value @UsdPreviewSurface.mdl@.

2026-10-08 12:33:08 [4,963ms] [Warning] [omni.usd] Warning: in GetNodeDiscoveryResults at line 136 of /builds/omniverse/usd-ci/USD/pxr/usd/usdShade/shaderDefUtils.cpp -- Unable to resolve info:sourceAsset </UsdPrimvarReader_string.info:mdl:sourceAsset> with value @UsdPreviewSurface.mdl@.

2026-10-08 12:33:08 [4,963ms] [Warning] [omni.usd] Warning: in GetNodeDiscoveryResults at line 136 of /builds/omniverse/usd-ci/USD/pxr/usd/usdShade/shaderDefUtils.cpp -- Unable to resolve info:sourceAsset </UsdPrimvarReader_normal.info:mdl:sourceAsset> with value @UsdPreviewSurface.mdl@.

2026-10-08 12:33:08 [4,963ms] [Warning] [omni.usd] Warning: in GetNodeDiscoveryResults at line 136 of /builds/omniverse/usd-ci/USD/pxr/usd/usdShade/shaderDefUtils.cpp -- Unable to resolve info:sourceAsset </UsdPrimvarReader_point.info:mdl:sourceAsset> with value @UsdPreviewSurface.mdl@.

2026-10-08 12:33:08 [4,965ms] [Warning] [omni.usd] Warning: in GetNodeDiscoveryResults at line 136 of /builds/omniverse/usd-ci/USD/pxr/usd/usdShade/shaderDefUtils.cpp -- Unable to resolve info:sourceAsset </UsdPrimvarReader_vector.info:mdl:sourceAsset> with value @UsdPreviewSurface.mdl@.

2026-10-08 12:33:08 [4,965ms] [Warning] [omni.usd] Warning: in GetNodeDiscoveryResults at line 136 of /builds/omniverse/usd-ci/USD/pxr/usd/usdShade/shaderDefUtils.cpp -- Unable to resolve info:sourceAsset </UsdPrimvarReader_matrix.info:mdl:sourceAsset> with value @UsdPreviewSurface.mdl@.

2026-10-08 12:33:08 [4,965ms] [Warning] [omni.usd] Warning: in GetNodeDiscoveryResults at line 136 of /builds/omniverse/usd-ci/USD/pxr/usd/usdShade/shaderDefUtils.cpp -- Unable to resolve info:sourceAsset </UsdTransform2d.info:mdl:sourceAsset> with value @UsdPreviewSurface.mdl@.

[INFO] Command Manager:  <CommandManager> contains 1 active terms.
+------------------------------------------------+
|              Active Command Terms              |
+-------+---------------+------------------------+
| Index | Name          |          Type          |
+-------+---------------+------------------------+
|   0   | base_velocity | UniformVelocityCommand |
+-------+---------------+------------------------+

[INFO] Recorder Manager:  <RecorderManager> contains 0 active terms.
+---------------------+
| Active Recorder Terms |
+-----------+---------+
|   Index   | Name    |
+-----------+---------+
+-----------+---------+

[INFO] Action Manager:  <ActionManager> contains 1 active terms.
+------------------------------------+
|  Active Action Terms (shape: 12)   |
+--------+-------------+-------------+
| Index  | Name        |   Dimension |
+--------+-------------+-------------+
|   0    | joint_pos   |          12 |
+--------+-------------+-------------+

[INFO] Observation Manager: <ObservationManager> contains 1 groups.
+---------------------------------------------------------+
| Active Observation Terms in Group: 'policy' (shape: (48,)) |
+-----------+---------------------------------+-----------+
|   Index   | Name                            |   Shape   |
+-----------+---------------------------------+-----------+
|     0     | base_lin_vel                    |    (3,)   |
|     1     | base_ang_vel                    |    (3,)   |
|     2     | projected_gravity               |    (3,)   |
|     3     | velocity_commands               |    (3,)   |
|     4     | joint_pos                       |   (12,)   |
|     5     | joint_vel                       |   (12,)   |
|     6     | actions                         |   (12,)   |
+-----------+---------------------------------+-----------+

[INFO] Event Manager:  <EventManager> contains 3 active terms.
+--------------------------------------+
| Active Event Terms in Mode: 'startup' |
+----------+---------------------------+
|  Index   | Name                      |
+----------+---------------------------+
|    0     | physics_material          |
+----------+---------------------------+
+---------------------------------------+
|  Active Event Terms in Mode: 'reset'  |
+--------+------------------------------+
| Index  | Name                         |
+--------+------------------------------+
|   0    | base_external_force_torque   |
|   1    | reset_base                   |
|   2    | reset_robot_joints           |
+--------+------------------------------+
+----------------------------------------------+
|    Active Event Terms in Mode: 'interval'    |
+-------+------------+-------------------------+
| Index | Name       | Interval time range (s) |
+-------+------------+-------------------------+
|   0   | push_robot |       (10.0, 15.0)      |
+-------+------------+-------------------------+

[INFO] Termination Manager:  <TerminationManager> contains 2 active terms.
+---------------------------------+
|     Active Termination Terms    |
+-------+--------------+----------+
| Index | Name         | Time Out |
+-------+--------------+----------+
|   0   | time_out     |   True   |
|   1   | base_contact |  False   |
+-------+--------------+----------+

[INFO] Reward Manager:  <RewardManager> contains 11 active terms.
+-----------------------------------------+
|           Active Reward Terms           |
+-------+----------------------+----------+
| Index | Name                 |   Weight |
+-------+----------------------+----------+
|   0   | track_lin_vel_xy_exp |      1.0 |
|   1   | track_ang_vel_z_exp  |      0.5 |
|   2   | lin_vel_z_l2         |     -2.0 |
|   3   | ang_vel_xy_l2        |    -0.05 |
|   4   | dof_torques_l2       | -2.5e-05 |
|   5   | dof_acc_l2           | -2.5e-07 |
|   6   | action_rate_l2       |    -0.01 |
|   7   | feet_air_time        |      0.5 |
|   8   | undesired_contacts   |     -1.0 |
|   9   | flat_orientation_l2  |     -5.0 |
|   10  | dof_pos_limits       |      0.0 |
+-------+----------------------+----------+

[INFO] Curriculum Manager:  <CurriculumManager> contains 0 active terms.
+----------------------+
| Active Curriculum Terms |
+-----------+----------+
|   Index   | Name     |
+-----------+----------+
+-----------+----------+

[INFO]: Completed setting up the environment...
[STAGE] environment_create_done
[STAGE] policy_adapter_setup_start
[STAGE] policy_adapter_setup_done
[INFO] task=YoboGo-Velocity-Flat-v0
[INFO] weights_adaptation=/run/media/pma213x/0C6A8CC86A8CAFCE/Ubuntu2/CodeU/Dog1/mini-cheetah-isaaclab/external_models/rapid-locomotion-rl/runs/rapid-locomotion/example/train/201852.132488/checkpoints/adaptation_module_latest.jit
[INFO] weights_body=/run/media/pma213x/0C6A8CC86A8CAFCE/Ubuntu2/CodeU/Dog1/mini-cheetah-isaaclab/external_models/rapid-locomotion-rl/runs/rapid-locomotion/example/train/201852.132488/checkpoints/body_latest.jit
[INFO] yobogo_observation_dim=48 rapid_observation_dim=42
[INFO] history_dim=630 action_dim=12
[INFO] inference_period=10 control_period_s=0.002 inference_hz=50
[INFO] rapid_replay_actuator_kp=20 kd=0.5 effort=18/18/26
[INFO] yobogo_command=[0.0, 0.0, 0.0] rapid_command=[0.0, 0.0, 0.0]
[INFO] model_dummy_action_shape=(1, 12)
[INFO] model_dummy_latent_shape=(1, 18)
[STAGE] event_loop_start
[DIAG_INFER] step=1 policy_action_max=1.179989 applied_action_max=1.000000 obs_max=1.000000 history_nonzero_rows=0 position_clip=0 torque_clip=0 action=[-0.21977229416370392, 0.8110650777816772, -0.30860504508018494, -0.10791662335395813, 0.7024937868118286, 0.4472932815551758, 0.14830270409584045, -1.179988980293274, 0.8864455223083496, 0.22358736395835876, -0.51511549949646, -0.7321029901504517]
[DIAG_TARGET] step=1 target_error=0.000000000 default=[0.0, -0.7853981852531433, 1.8654682636260986, 0.0, -0.7853981852531433, 1.8654682636260986, 0.0, -0.7853981852531433, 1.8654682636260986, 0.0, -0.7853981852531433, 1.8654682636260986] desired=[-0.12747153639793396, -0.597233772277832, 1.5428487062454224, 0.08651041984558105, -0.6243765354156494, 1.7318233251571655, -0.08146215975284576, -1.0499999523162842, 1.841611385345459, 0.12794841825962067, -0.928778886795044, 1.436974287033081] applied=[-0.12747153639793396, -0.597233772277832, 1.5428487062454224, 0.08651041984558105, -0.6243765354156494, 1.7318233251571655, -0.08146215975284576, -1.0499999523162842, 1.841611385345459, 0.12794841825962067, -0.928778886795044, 1.436974287033081] current=[-0.0016879842150956392, -0.7858245372772217, 1.8649424314498901, -0.00013052091526333243, -0.7851316332817078, 1.865659236907959, -0.0005421547684818506, -0.7869559526443481, 1.8654072284698486, -0.001102910377085209, -0.7867810130119324, 1.8655633926391602]
[STAGE] first_step_done
[DIAG_INFER] step=11 policy_action_max=2.801430 applied_action_max=1.000000 obs_max=1.179989 history_nonzero_rows=1 position_clip=0 torque_clip=0 action=[0.8497456312179565, 1.2329051494598389, 1.1462881565093994, -0.4042241871356964, -0.11442126333713531, 0.25870463252067566, -1.6403870582580566, -1.5579068660736084, -1.0016160011291504, -2.8014302253723145, -0.3462177515029907, -1.334398627281189]
[DIAG_TARGET] step=11 target_error=0.000000000 default=[0.0, -0.7853981852531433, 1.8654682636260986, 0.0, -0.7853981852531433, 1.8654682636260986, 0.0, -0.7853981852531433, 1.8654682636260986, 0.0, -0.7853981852531433, 1.8654682636260986] desired=[0.0062182024121284485, -0.550000011920929, 1.8700000047683716, 0.04947197809815407, -0.8286053538322449, 1.684676170349121, -0.22499999403953552, -1.0499999523162842, 1.3700000047683716, -0.02499999850988388, -0.886554479598999, 1.3700000047683716] applied=[0.0062182024121284485, -0.550000011920929, 1.8700000047683716, 0.04947197809815407, -0.8286053538322449, 1.684676170349121, -0.22499999403953552, -1.0499999523162842, 1.3700000047683716, -0.02499999850988388, -0.886554479598999, 1.3700000047683716] current=[-0.019646426662802696, -0.7914928197860718, 1.8535529375076294, 0.012769169174134731, -0.7555813193321228, 1.8529353141784668, -0.017246076837182045, -0.8860888481140137, 1.8554120063781738, -0.026094159111380577, -0.8056915402412415, 1.8704086542129517]
[DIAG_INFER] step=21 policy_action_max=16.958317 applied_action_max=1.000000 obs_max=6.481514 history_nonzero_rows=2 position_clip=0 torque_clip=2 action=[14.087869644165039, 3.5001251697540283, 11.111738204956055, -1.4998985528945923, 5.476250648498535, -6.945496559143066, -10.718100547790527, 1.2280784845352173, -3.28314208984375, -16.958316802978516, -4.272432327270508, 11.071298599243164]
[DIAG_TARGET] step=21 target_error=0.000000000 default=[0.0, -0.7853981852531433, 1.8654682636260986, 0.0, -0.7853981852531433, 1.8654682636260986, 0.0, -0.7853981852531433, 1.8654682636260986, 0.0, -0.7853981852531433, 1.8654682636260986] desired=[0.02499999850988388, -0.550000011920929, 1.8700000047683716, -0.02499999850988388, -0.550000011920929, 1.3700000047683716, -0.22499999403953552, -0.550000011920929, 1.3700000047683716, 0.22863894701004028, 4.793283939361572, 1.8700000047683716] applied=[0.02499999850988388, -0.550000011920929, 1.8700000047683716, -0.02499999850988388, -0.550000011920929, 1.3700000047683716, -0.22499999403953552, -0.550000011920929, 1.3700000047683716, 0.22863894701004028, 4.793283939361572, 1.8700000047683716] current=[-0.01085926778614521, -0.6904560327529907, 1.8563766479492188, -0.004720671568065882, -0.7637410759925842, 1.8505858182907104, -0.08167892694473267, -0.8978147506713867, 1.8007571697235107, -0.05253136530518532, -0.8040093183517456, 1.8559001684188843]
[DIAG_INFER] step=31 policy_action_max=8.390121 applied_action_max=1.000000 obs_max=16.958317 history_nonzero_rows=3 position_clip=0 torque_clip=3 action=[7.921338081359863, -2.5637519359588623, 5.526276111602783, -2.2230870723724365, 4.017567157745361, 0.035850636661052704, -5.647794246673584, 2.3705227375030518, -8.390121459960938, -5.30701208114624, -2.3076281547546387, 7.376212120056152]
[DIAG_TARGET] step=31 target_error=0.000000015 default=[0.0, -0.7853981852531433, 1.8654682636260986, 0.0, -0.7853981852531433, 1.8654682636260986, 0.0, -0.7853981852531433, 1.8654682636260986, 0.0, -0.7853981852531433, 1.8654682636260986] desired=[0.02499999850988388, -1.0499999523162842, 1.8700000047683716, -0.02499999850988388, -0.550000011920929, 1.6289626359939575, -0.22499999403953552, -0.13165365159511566, 1.3700000047683716, 0.7124767899513245, 2.8256402015686035, 1.8700000047683716] applied=[0.02499999850988388, -1.0499999523162842, 1.8700000047683716, -0.02499999850988388, -0.550000011920929, 1.6289626359939575, -0.22499999403953552, -0.13165366649627686, 1.3700000047683716, 0.7124767899513245, 2.8256402015686035, 1.8700000047683716] current=[0.0246878769248724, -0.5777623057365417, 1.8665844202041626, -0.019602039828896523, -0.7521060109138489, 1.8513355255126953, -0.10154784470796585, -0.847496509552002, 1.736329436302185, 0.05004286766052246, -0.1726839393377304, 1.7851535081863403]
[DIAG_INFER] step=41 policy_action_max=14.116193 applied_action_max=1.000000 obs_max=11.691100 history_nonzero_rows=4 position_clip=0 torque_clip=2 action=[6.575954437255859, 8.946547508239746, 11.562372207641602, -6.101596832275391, -14.116192817687988, -8.370726585388184, 4.313018798828125, -5.8750996589660645, -3.2239513397216797, -5.289254188537598, -1.5684592723846436, 4.100673198699951]
[DIAG_TARGET] step=41 target_error=0.000000000 default=[0.0, -0.7853981852531433, 1.8654682636260986, 0.0, -0.7853981852531433, 1.8654682636260986, 0.0, -0.7853981852531433, 1.8654682636260986, 0.0, -0.7853981852531433, 1.8654682636260986] desired=[0.02499999850988388, -0.550000011920929, 1.8700000047683716, -0.02499999850988388, -1.0499999523162842, 1.3700000047683716, 0.02499999850988388, 0.6892910599708557, 1.3700000047683716, -0.02499999850988388, -5.0, 1.8700000047683716] applied=[0.02499999850988388, -0.550000011920929, 1.8700000047683716, -0.02499999850988388, -1.0499999523162842, 1.3700000047683716, 0.02499999850988388, 0.6892910599708557, 1.3700000047683716, -0.02499999850988388, -5.0, 1.8700000047683716] current=[0.06933221220970154, -0.7323322296142578, 1.873644471168518, 0.011667442508041859, -0.7456886768341064, 1.877841591835022, -0.13912677764892578, -0.680870771408081, 1.6226251125335693, 0.3404349684715271, 0.6402038931846619, 1.7685997486114502]
[DIAG_INFER] step=51 policy_action_max=9.303837 applied_action_max=1.000000 obs_max=14.116193 history_nonzero_rows=5 position_clip=0 torque_clip=4 action=[7.672633171081543, -5.196666717529297, 5.303834915161133, -6.808362007141113, 3.059751272201538, 2.507918119430542, -6.231463432312012, -2.8588247299194336, -0.510021448135376, -9.303836822509766, -5.448000431060791, 2.7509360313415527]
[DIAG_TARGET] step=51 target_error=0.000000000 default=[0.0, -0.7853981852531433, 1.8654682636260986, 0.0, -0.7853981852531433, 1.8654682636260986, 0.0, -0.7853981852531433, 1.8654682636260986, 0.0, -0.7853981852531433, 1.8654682636260986] desired=[0.02499999850988388, -1.0499999523162842, 1.8700000047683716, -0.02499999850988388, -0.23726236820220947, 1.8700000047683716, -0.22499999403953552, -0.43545347452163696, 1.4924945831298828, -0.6639988422393799, 2.617781639099121, 1.8700000047683716] applied=[0.02499999850988388, -1.0499999523162842, 1.8700000047683716, -0.02499999850988388, -0.23726236820220947, 1.8700000047683716, -0.22499999403953552, -0.43545347452163696, 1.4924945831298828, -0.6639988422393799, 2.617781639099121, 1.8700000047683716] current=[0.02184867486357689, -0.7343710064888, 1.8604613542556763, -0.016905728727579117, -0.7221106290817261, 1.866945743560791, -0.14684006571769714, -0.11539823561906815, 1.4511688947677612, 0.2533881664276123, 0.8083808422088623, 1.8679077625274658]
[DIAG_INFER] step=61 policy_action_max=4.595405 applied_action_max=1.000000 obs_max=9.303837 history_nonzero_rows=6 position_clip=0 torque_clip=6 action=[1.7082668542861938, 3.442215919494629, -0.0784672200679779, -4.5858964920043945, -2.331319570541382, -2.8157222270965576, 3.263491153717041, -0.8519140481948853, 2.3535075187683105, 4.595405101776123, 1.0370943546295166, 1.2106119394302368]
[DIAG_TARGET] step=61 target_error=0.000000119 default=[0.0, -0.7853981852531433, 1.8654682636260986, 0.0, -0.7853981852531433, 1.8654682636260986, 0.0, -0.7853981852531433, 1.8654682636260986, 0.0, -0.7853981852531433, 1.8654682636260986] desired=[0.02499999850988388, -0.550000011920929, 1.6003831624984741, -0.02499999850988388, -0.9992836713790894, 1.3700000047683716, -0.046970874071121216, 1.276344656944275, 1.8700000047683716, 0.7929269671440125, -5.0, 2.700000047683716] applied=[0.02499999850988388, -0.550000011920929, 1.6003831624984741, -0.02499999850988388, -0.9992836713790894, 1.3700000047683716, -0.046970874071121216, 1.2763445377349854, 1.8700000047683716, 0.7929269671440125, -5.0, 2.700000047683716] current=[0.00424753176048398, -0.8263531923294067, 1.9086670875549316, -0.022679004818201065, -0.5191998481750488, 1.8438873291015625, -0.14411398768424988, 0.025957833975553513, 1.5262746810913086, -0.29965925216674805, 1.2293312549591064, 1.835006594657898]
[DIAG_INFER] step=71 policy_action_max=9.527761 applied_action_max=1.000000 obs_max=4.595405 history_nonzero_rows=7 position_clip=0 torque_clip=4 action=[-4.6599836349487305, 2.5245869159698486, -3.277031660079956, -9.52776050567627, 2.395667791366577, 1.925857663154602, 6.461853504180908, -5.476005554199219, 8.774588584899902, -1.4466958045959473, 2.485952138900757, -0.35766780376434326]
[DIAG_TARGET] step=71 target_error=0.000000045 default=[0.0, -0.7853981852531433, 1.8654682636260986, 0.0, -0.7853981852531433, 1.8654682636260986, 0.0, -0.7853981852531433, 1.8654682636260986, 0.0, -0.7853981852531433, 1.8654682636260986] desired=[-0.22499999403953552, -0.550000011920929, 1.3700000047683716, -0.02499999850988388, 0.22500349581241608, 1.8700000047683716, 0.04719509184360504, -0.679064154624939, 1.8700000047683716, -0.02499999850988388, -0.550000011920929, 1.588016390800476] applied=[-0.22499999403953552, -0.550000011920929, 1.3700000047683716, -0.02499999850988388, 0.22500354051589966, 1.8700000047683716, 0.04719509184360504, -0.679064154624939, 1.8700000047683716, -0.02499999850988388, -0.550000011920929, 1.588016390800476] current=[0.049116503447294235, -0.8171215057373047, 1.9234623908996582, 0.046359818428754807, -0.5230215787887573, 1.801666498184204, -0.05267108604311943, 0.4078960418701172, 1.6596488952636719, 0.25195983052253723, 1.062518835067749, 2.2816147804260254]
[DIAG_INFER] step=81 policy_action_max=11.173912 applied_action_max=1.000000 obs_max=9.527761 history_nonzero_rows=8 position_clip=0 torque_clip=1 action=[-7.183135986328125, 1.9030333757400513, -1.6934367418289185, -4.7018890380859375, 1.7104800939559937, 0.3744649887084961, 5.109289646148682, -5.574838161468506, 1.9726428985595703, -11.173912048339844, 2.8782358169555664, -3.2093987464904785]
[DIAG_TARGET] step=81 target_error=0.000000000 default=[0.0, -0.7853981852531433, 1.8654682636260986, 0.0, -0.7853981852531433, 1.8654682636260986, 0.0, -0.7853981852531433, 1.8654682636260986, 0.0, -0.7853981852531433, 1.8654682636260986] desired=[-0.22499999403953552, -0.550000011920929, 1.3700000047683716, -0.02499999850988388, -0.550000011920929, 1.7136162519454956, 0.02499999850988388, -1.0499999523162842, 1.8700000047683716, -1.5, -0.550000011920929, 1.3700000047683716] applied=[-0.22499999403953552, -0.550000011920929, 1.3700000047683716, -0.02499999850988388, -0.550000011920929, 1.7136162519454956, 0.02499999850988388, -1.0499999523162842, 1.8700000047683716, -1.5, -0.550000011920929, 1.3700000047683716] current=[-0.04024920612573624, -0.811069667339325, 1.9344412088394165, -0.029320353642106056, -0.2298646718263626, 1.8074337244033813, -0.056993838399648666, 0.3783259093761444, 1.8300708532333374, 0.16060882806777954, 0.2573131024837494, 1.8373759984970093]
[DIAG_INFER] step=91 policy_action_max=14.097259 applied_action_max=1.000000 obs_max=11.173912 history_nonzero_rows=9 position_clip=0 torque_clip=2 action=[-10.202037811279297, 4.336117267608643, 0.5725433826446533, -7.139172554016113, 1.2285429239273071, -0.02563435584306717, -2.717925786972046, -11.182799339294434, 2.227748394012451, -14.097258567810059, -1.5552089214324951, -5.719706058502197]
[DIAG_TARGET] step=91 target_error=0.000000000 default=[0.0, -0.7853981852531433, 1.8654682636260986, 0.0, -0.7853981852531433, 1.8654682636260986, 0.0, -0.7853981852531433, 1.8654682636260986, 0.0, -0.7853981852531433, 1.8654682636260986] desired=[-0.22499999403953552, -0.550000011920929, 1.7631359100341797, -0.02499999850988388, -0.550000011920929, 1.6135914325714111, -0.5394886136054993, -1.0499999523162842, 1.8700000047683716, -1.5, -1.0499999523162842, 1.3700000047683716] applied=[-0.22499999403953552, -0.550000011920929, 1.7631359100341797, -0.02499999850988388, -0.550000011920929, 1.6135914325714111, -0.5394886136054993, -1.0499999523162842, 1.8700000047683716, -1.5, -1.0499999523162842, 1.3700000047683716] current=[-0.17125466465950012, -0.8141100406646729, 1.9322988986968994, -0.09365721046924591, -0.22733953595161438, 1.7690539360046387, -0.06952726095914841, -0.35668569803237915, 1.8161405324935913, -0.5348902344703674, -0.31967300176620483, 1.5001475811004639]
[STAGE] video_encoding_start
[SUMMARY] {"task": "YoboGo-Velocity-Flat-v0", "mode": "smoke", "yobogo_walk_speed_m_s": 0.0, "rapid_walk_speed_m_s": 0.0, "adaptation_weight": "/run/media/pma213x/0C6A8CC86A8CAFCE/Ubuntu2/CodeU/Dog1/mini-cheetah-isaaclab/external_models/rapid-locomotion-rl/runs/rapid-locomotion/example/train/201852.132488/checkpoints/adaptation_module_latest.jit", "body_weight": "/run/media/pma213x/0C6A8CC86A8CAFCE/Ubuntu2/CodeU/Dog1/mini-cheetah-isaaclab/external_models/rapid-locomotion-rl/runs/rapid-locomotion/example/train/201852.132488/checkpoints/body_latest.jit", "completed_steps": 100, "inference_steps": 10, "expected_inference_steps": 10, "reset_count": 0, "safety_clip_count": 24, "position_clip_count": 0, "torque_clip_count": 24, "large_action_inference_count": 4, "official_clip_inference_count": 0, "max_abs_rapid_action": 1.0, "max_abs_policy_action": 16.958316802978516, "ood_guard_count": 96, "base_height_min_m": 0.2600476145744324, "max_abs_roll_deg": 17.78582285526193, "max_abs_pitch_deg": 5.2412106276396475, "xy_displacement_m": 0.07192721217870712, "mean_measured_velocity_m_s": 0.0432081443304196, "final_command": [0.0, 0.0, 0.0], "terminated_steps": 0, "stability_errors": [], "interface_ok": true, "stable_walking": true, "video": null, "video_frames_written": 0}
[STAGE] event_loop_done
