[3gH    H    H    H    H    H    H    H    H    H    H    H    H    H    H    H    H    H    H    H   [INFO] Using python from: /home/pma213x/.venvs/minicheetah-isaaclab/bin/python
[INFO][AppLauncher]: Loading experience file: /home/pma213x/IsaacLab/apps/isaaclab.python.headless.rendering.kit
[Warning] [simulation_app.simulation_app] Modules: ['omni.kit_app'] were loaded before SimulationApp was started and might not be loaded correctly.
[Warning] [simulation_app.simulation_app] Please check to make sure no extra omniverse or pxr modules are imported before the call to SimulationApp(...)
Loading user config located at: '/home/pma213x/.venvs/minicheetah-isaaclab/lib/python3.10/site-packages/omni/data/Kit/Isaac-Sim/4.5/user.config.json'
[Info] [carb] Logging to file: /home/pma213x/.venvs/minicheetah-isaaclab/lib/python3.10/site-packages/omni/logs/Kit/Isaac-Sim/4.5/kit_20261008_205818.log
2026-10-08 12:58:18 [0ms] [Warning] [omni.kit.app.plugin] No crash reporter present, dumps uploading isn't available.
2026-10-08 12:58:19 [138ms] [Warning] [omni.datastore] OmniHub is inaccessible
2026-10-08 12:58:19 [162ms] [Warning] [carb.windowing-glfw.gamepad] Joystick with unknown remapping detected (will be ignored):  HUION 256C PEN STYLUS [030000006c250000edee000001000000]
2026-10-08 12:58:19 [363ms] [Warning] [gpu.foundation.plugin] Skipping unsupported non-NVIDIA GPU: Intel(R) UHD Graphics (ADL-S GT0.5)
2026-10-08 12:58:19 [363ms] [Warning] [gpu.foundation.plugin] Skipping unsupported non-NVIDIA GPU: Intel(R) UHD Graphics (ADL-S GT0.5)

|---------------------------------------------------------------------------------------------|
| Driver Version: 580.178.04    | Graphics API: Vulkan
|=============================================================================================|
| GPU | Name                             | Active | LDA | GPU Memory | Vendor-ID | LUID       |
|     |                                  |        |     |            | Device-ID | UUID       |
|     |                                  |        |     |            | Bus-ID    |            |
|---------------------------------------------------------------------------------------------|
| 0   | NVIDIA GeForce RTX 4060 Laptop.. | Yes: 0 |     | 8188    MB | 10de      | 0          |
|     |                                  |        |     |            | 28e0      | 4d090564.. |
|     |                                  |        |     |            | 1         |            |
|---------------------------------------------------------------------------------------------|
| 1   | Intel(R) UHD Graphics (ADL-S G.. |        |     | 11374   MB | 8086      | 0          |
|     |                                  |        |     |            | 468b      | 86808b46.. |
|     |                                  |        |     |            | 0         |            |
|=============================================================================================|
| OS: 26.04.1 LTS (Resolute Raccoon) ubuntu, Version: 26.04.1, Kernel: 7.0.0-34-generic
| XServer Vendor: The X.Org Foundation, XServer Version: 12401010 (1.24.1.10)
| Processor: 13th Gen Intel(R) Core(TM) i5-13500HX
| Bare Metal Cores: 14 | Bare Metal Logical Cores: 28
| Available Cores:  20 
|---------------------------------------------------------------------------------------------|
| Total Memory (MB): 15166 | Free Memory: 7523
| Total Page/Swap (MB): 20479 | Free Page/Swap: 16460
|---------------------------------------------------------------------------------------------|
2026-10-08 12:58:19 [722ms] [Warning] [gpu.foundation.plugin] IOMMU is enabled.
2026-10-08 12:58:19 [722ms] [Warning] [gpu.foundation.plugin] Detected IOMMU is enabled. Running CUDA peer-to-peer bandwidth and latency validation.
Unidirectional P2P=Enabled Bandwidth (P2P Writes) Matrix (GB/s)
   D\D     0 
     0 176.02 
P2P=Enabled Latency (P2P Writes) Matrix (us)
   GPU     0 
     0   1.44 

   CPU     0 
     0   1.92 
2026-10-08 12:58:20 [1,449ms] [Warning] [omni.isaac.dynamic_control] omni.isaac.dynamic_control is deprecated as of Isaac Sim 4.5. No action is needed from end-users.
2026-10-08 12:58:20 [1,816ms] [Warning] [omni.log] Source: omni.hydra was already registered.
2026-10-08 12:58:21 [2,380ms] [Warning] [omni.replicator.core.scripts.extension] No material configuration file, adding configuration to material settings directly.
Gym has been unmaintained since 2022 and does not support NumPy 2.0 amongst other critical functionality.
Please upgrade to Gymnasium, the maintained drop-in replacement of Gym, or contact the authors of your software and request that they upgrade.
See the migration guide at https://gymnasium.farama.org/introduction/migration_guide/ for additional information.
2026-10-08 12:58:22 [3,764ms] [Warning] [omni.usd-abi.plugin] No setting was found for '/rtx-defaults/ambientOcclusion/enabled'
2026-10-08 12:58:22 [3,764ms] [Warning] [omni.usd-abi.plugin] No setting was found for '/rtx-defaults/directLighting/sampledLighting/enabled'
2026-10-08 12:58:22 [3,764ms] [Warning] [omni.usd-abi.plugin] No setting was found for '/rtx-defaults/indirectDiffuse/enabled'
2026-10-08 12:58:22 [3,764ms] [Warning] [omni.usd-abi.plugin] No setting was found for '/rtx-defaults/raytracing/cached/enabled'
2026-10-08 12:58:22 [3,764ms] [Warning] [omni.usd-abi.plugin] No setting was found for '/rtx-defaults/reflections/enabled'
2026-10-08 12:58:22 [3,764ms] [Warning] [omni.usd-abi.plugin] No setting was found for '/rtx-defaults/sceneDb/ambientLightIntensity'
2026-10-08 12:58:22 [3,764ms] [Warning] [omni.usd-abi.plugin] No setting was found for '/rtx-defaults/translucency/enabled'
2026-10-08 12:58:22 [3,764ms] [Warning] [omni.usd-abi.plugin] No setting was found for '/rtx-defaults/viewTile/limit'
2026-10-08 12:58:22 [3,865ms] [Warning] [rtx.scenedb.plugin] SceneDbContext : TLAS limit buffer size 2908577024
2026-10-08 12:58:22 [3,865ms] [Warning] [rtx.scenedb.plugin] SceneDbContext : TLAS limit : valid true, within: false
2026-10-08 12:58:22 [3,965ms] [Warning] [omni.usd-abi.plugin] No setting was found for '/rtx-defaults/directLighting/sampledLighting/samplesPerPixel'
2026-10-08 12:58:22 [3,965ms] [Warning] [omni.usd-abi.plugin] No setting was found for '/rtx-defaults/pathtracing/maxSamplesPerLaunch'
2026-10-08 12:58:22 [3,965ms] [Warning] [omni.usd-abi.plugin] No setting was found for '/rtx-defaults-transient/meshlights/forceDisable'
2026-10-08 12:58:22 [4,054ms] [Warning] [omni.usd-abi.plugin] No setting was found for '/rtx-defaults/post/dlss/execMode'
[STAGE] config_start
[INFO]: Parsing configuration from: training.envs.velocity_flat_env_cfg:YoboGoVelocityFlatEnvCfg
[STAGE] config_done
[STAGE] environment_create_start
Setting seed: 0
[INFO]: Base environment:
	Environment device    : cuda:0
	Environment seed      : 0
	Physics step-size     : 0.0004
	Rendering step-size   : 0.002
	Environment step-size : 0.002
2026-10-08 12:58:26 [7,465ms] [Warning] [isaaclab.terrains.terrain_importer] Visual material specified for ground plane but no diffuse color found. Using default color: (0.0, 0.0, 0.0)
[INFO]: Time taken for scene creation : 2.334757 seconds
[INFO]: Scene manager:  <class InteractiveScene>
	Number of environments: 1
	Environment spacing   : 2.5
	Source prim name      : /World/envs/env_0
	Global prim paths     : ['/World/ground']
	Replicate physics     : True
[INFO]: Starting the simulation. This may take a few seconds. Please wait...
[INFO]: Time taken for simulation start : 0.439865 seconds
[INFO] Command Manager:  <CommandManager> contains 1 active terms.
+------------------------------------------------+
|              Active Command Terms              |
+-------+---------------+------------------------+
| Index | Name          |          Type          |
+-------+---------------+------------------------+
|   0   | base_velocity | UniformVelocityCommand |
+-------+---------------+------------------------+

[INFO] Recorder Manager:  <RecorderManager> contains 0 active terms.
+---------------------+
| Active Recorder Terms |
+-----------+---------+
|   Index   | Name    |
+-----------+---------+
+-----------+---------+

[INFO] Action Manager:  <ActionManager> contains 1 active terms.
+------------------------------------+
|  Active Action Terms (shape: 12)   |
+--------+-------------+-------------+
| Index  | Name        |   Dimension |
+--------+-------------+-------------+
|   0    | joint_pos   |          12 |
+--------+-------------+-------------+

[INFO] Observation Manager: <ObservationManager> contains 1 groups.
+---------------------------------------------------------+
| Active Observation Terms in Group: 'policy' (shape: (48,)) |
+-----------+---------------------------------+-----------+
|   Index   | Name                            |   Shape   |
+-----------+---------------------------------+-----------+
|     0     | base_lin_vel                    |    (3,)   |
|     1     | base_ang_vel                    |    (3,)   |
|     2     | projected_gravity               |    (3,)   |
|     3     | velocity_commands               |    (3,)   |
|     4     | joint_pos                       |   (12,)   |
|     5     | joint_vel                       |   (12,)   |
|     6     | actions                         |   (12,)   |
+-----------+---------------------------------+-----------+

[INFO] Event Manager:  <EventManager> contains 3 active terms.
+--------------------------------------+
| Active Event Terms in Mode: 'startup' |
+----------+---------------------------+
|  Index   | Name                      |
+----------+---------------------------+
|    0     | physics_material          |
+----------+---------------------------+
+---------------------------------------+
|  Active Event Terms in Mode: 'reset'  |
+--------+------------------------------+
| Index  | Name                         |
+--------+------------------------------+
|   0    | base_external_force_torque   |
|   1    | reset_base                   |
|   2    | reset_robot_joints           |
+--------+------------------------------+
+----------------------------------------------+
|    Active Event Terms in Mode: 'interval'    |
+-------+------------+-------------------------+
| Index | Name       | Interval time range (s) |
+-------+------------+-------------------------+
|   0   | push_robot |       (10.0, 15.0)      |
+-------+------------+-------------------------+

[INFO] Termination Manager:  <TerminationManager> contains 2 active terms.
+---------------------------------+
|     Active Termination Terms    |
+-------+--------------+----------+
| Index | Name         | Time Out |
+-------+--------------+----------+
|   0   | time_out     |   True   |
|   1   | base_contact |  False   |
+-------+--------------+----------+

[INFO] Reward Manager:  <RewardManager> contains 11 active terms.
+-----------------------------------------+
|           Active Reward Terms           |
+-------+----------------------+----------+
| Index | Name                 |   Weight |
+-------+----------------------+----------+
|   0   | track_lin_vel_xy_exp |      1.0 |
|   1   | track_ang_vel_z_exp  |      0.5 |
|   2   | lin_vel_z_l2         |     -2.0 |
|   3   | ang_vel_xy_l2        |    -0.05 |
|   4   | dof_torques_l2       | -2.5e-05 |
|   5   | dof_acc_l2           | -2.5e-07 |
|   6   | action_rate_l2       |    -0.01 |
|   7   | feet_air_time        |      0.5 |
|   8   | undesired_contacts   |     -1.0 |
|   9   | flat_orientation_l2  |     -5.0 |
|   10  | dof_pos_limits       |      0.0 |
+-------+----------------------+----------+

[INFO] Curriculum Manager:  <CurriculumManager> contains 0 active terms.
+----------------------+
| Active Curriculum Terms |
+-----------+----------+
|   Index   | Name     |
+-----------+----------+
+-----------+----------+

[INFO]: Completed setting up the environment...
[STAGE] environment_create_done
[STAGE] policy_adapter_setup_start
Setting seed: 0
[STAGE] policy_adapter_setup_done
2026-10-08 12:58:32 [13,526ms] [Warning] [omni.hydra.scene_delegate.plugin] Calling getBypassRenderSkelMeshProcessing for prim /World/envs/env_0/Robot/leg2_foot_link/visuals.proto_sphere_id0 that has not been populated
2026-10-08 12:58:32 [13,786ms] [Warning] [rtx.postprocessing.plugin] DLSS increasing input dimensions: Render resolution of (480, 270) is below minimal input resolution of 300.
2026-10-08 12:58:32 [13,813ms] [Warning] [omni.syntheticdata.plugin] OgnSdPostRenderVarToHost : rendervar copy from texture directly to host buffer is counter-performant. Please use copy from texture to device buffer first.
[INFO] task=YoboGo-Velocity-Flat-v0
[INFO] weights_adaptation=/run/media/pma213x/0C6A8CC86A8CAFCE/Ubuntu2/CodeU/Dog1/mini-cheetah-isaaclab/external_models/rapid-locomotion-rl/runs/rapid-locomotion/example/train/201852.132488/checkpoints/adaptation_module_latest.jit
[INFO] weights_body=/run/media/pma213x/0C6A8CC86A8CAFCE/Ubuntu2/CodeU/Dog1/mini-cheetah-isaaclab/external_models/rapid-locomotion-rl/runs/rapid-locomotion/example/train/201852.132488/checkpoints/body_latest.jit
[INFO] yobogo_observation_dim=48 rapid_observation_dim=42
[INFO] history_dim=630 action_dim=12
[INFO] inference_period=10 control_period_s=0.002 inference_hz=50
[INFO] rapid_replay_actuator_kp=20 kd=0.5 effort=18/18/26
[INFO] yobogo_command=[0.15, 0.0, 0.0] rapid_command=[0.3, 0.0, 0.0]
[INFO] model_dummy_action_shape=(1, 12)
[INFO] model_dummy_latent_shape=(1, 18)
[STAGE] event_loop_start
[DIAG_INFER] step=1 policy_action_max=1.248121 applied_action_max=0.250000 obs_max=1.000000 history_nonzero_rows=0 position_clip=0 torque_clip=0 action=[-0.19197018444538116, 0.642443060874939, -0.24320274591445923, -0.12731754779815674, 0.715573787689209, 0.4644812345504761, 0.17107412219047546, -1.248120665550232, 0.8329899311065674, 0.1677992045879364, -0.6457257270812988, -0.7750470638275146]
[DIAG_TARGET] step=1 target_error=0.000000000 default=[0.0, -0.7853981852531433, 1.8654682636260986, 0.0, -0.7853981852531433, 1.8654682636260986, 0.0, -0.7853981852531433, 1.8654682636260986, 0.0, -0.7853981852531433, 1.8654682636260986] desired=[-0.12399627268314362, -0.737500011920929, 1.559199333190918, 0.08408530801534653, -0.737500011920929, 1.6825000047683716, -0.07861573994159698, -0.862500011920929, 1.6825000047683716, 0.12097489833831787, -0.862500011920929, 1.5575000047683716] applied=[-0.12399627268314362, -0.737500011920929, 1.559199333190918, 0.08408530801534653, -0.737500011920929, 1.6825000047683716, -0.07861573994159698, -0.862500011920929, 1.6825000047683716, 0.12097489833831787, -0.862500011920929, 1.5575000047683716] current=[-0.0009000244317576289, -0.7884042263031006, 1.8698720932006836, 0.00034613849129527807, -0.7876209020614624, 1.8697837591171265, -0.000287854258203879, -0.7878090739250183, 1.8683568239212036, 0.0005424053524620831, -0.7882048487663269, 1.8681200742721558]
[STAGE] first_step_done
[DIAG_INFER] step=11 policy_action_max=4.212106 applied_action_max=0.250000 obs_max=1.884613 history_nonzero_rows=1 position_clip=0 torque_clip=2 action=[-1.1852774620056152, 1.2592302560806274, -0.7069576978683472, -1.4187507629394531, 0.3148517608642578, 1.1249691247940063, 0.9986270070075989, -2.568427324295044, 2.395155668258667, 2.557915210723877, -4.212105751037598, 0.8826102018356323]
[DIAG_TARGET] step=11 target_error=0.000000000 default=[0.0, -0.7853981852531433, 1.8654682636260986, 0.0, -0.7853981852531433, 1.8654682636260986, 0.0, -0.7853981852531433, 1.8654682636260986, 0.0, -0.7853981852531433, 1.8654682636260986] desired=[-0.13124999403953552, -0.737500011920929, 1.5575000047683716, 0.06875000149011612, -0.737500011920929, 1.6825000047683716, -0.06875000149011612, -0.862500011920929, 1.6825000047683716, 0.13124999403953552, -1.782218337059021, 1.8063479661941528] applied=[-0.13124999403953552, -0.737500011920929, 1.5575000047683716, 0.06875000149011612, -0.737500011920929, 1.6825000047683716, -0.06875000149011612, -0.862500011920929, 1.6825000047683716, 0.13124999403953552, -1.782218337059021, 1.8063479661941528] current=[-0.0051351808942854404, -0.832234263420105, 1.9049084186553955, -0.002970220986753702, -0.8255313634872437, 1.9063994884490967, 0.005466568749397993, -0.8257734179496765, 1.8904436826705933, 0.006451136898249388, -0.8232080340385437, 1.8843649625778198]
[DIAG_INFER] step=21 policy_action_max=3.457707 applied_action_max=0.250000 obs_max=4.212106 history_nonzero_rows=2 position_clip=0 torque_clip=2 action=[3.124699592590332, 1.540513515472412, 0.5956982374191284, -0.9917447566986084, -1.2660032510757446, 3.360956907272339e-05, 1.3479745388031006, -2.5381500720977783, 2.303243637084961, 3.457706928253174, -1.6581790447235107, -0.7696747183799744]
[DIAG_TARGET] step=21 target_error=0.000000000 default=[0.0, -0.7853981852531433, 1.8654682636260986, 0.0, -0.7853981852531433, 1.8654682636260986, 0.0, -0.7853981852531433, 1.8654682636260986, 0.0, -0.7853981852531433, 1.8654682636260986] desired=[-0.06875000149011612, -0.737500011920929, 1.6825000047683716, 0.06875000149011612, -0.862500011920929, 1.6200083494186401, -0.06875000149011612, -0.8723305463790894, 1.6825000047683716, 0.13124999403953552, -1.5854507684707642, 1.5575000047683716] applied=[-0.06875000149011612, -0.737500011920929, 1.6825000047683716, 0.06875000149011612, -0.862500011920929, 1.6200083494186401, -0.06875000149011612, -0.8723305463790894, 1.6825000047683716, 0.13124999403953552, -1.5854507684707642, 1.5575000047683716] current=[0.006526915356516838, -0.8694444298744202, 1.9128268957138062, 0.008672976866364479, -0.8646515607833862, 1.9265025854110718, 0.023620344698429108, -0.8659477233886719, 1.9053688049316406, 0.03696342185139656, -1.2138975858688354, 1.8452987670898438]
[DIAG_INFER] step=31 policy_action_max=2.228765 applied_action_max=0.250000 obs_max=3.457707 history_nonzero_rows=3 position_clip=0 torque_clip=1 action=[0.9623929858207703, 0.6100561618804932, 0.43339017033576965, -0.5855695009231567, -0.566724419593811, 0.8794581890106201, 1.5059094429016113, -2.2287650108337402, 1.1085090637207031, -0.8069660663604736, -0.2615535855293274, -0.43297064304351807]
[DIAG_TARGET] step=31 target_error=0.000000000 default=[0.0, -0.7853981852531433, 1.8654682636260986, 0.0, -0.7853981852531433, 1.8654682636260986, 0.0, -0.7853981852531433, 1.8654682636260986, 0.0, -0.7853981852531433, 1.8654682636260986] desired=[-0.06875000149011612, -0.737500011920929, 1.6825000047683716, 0.06875000149011612, -0.862500011920929, 1.6825000047683716, -0.06875000149011612, -0.862500011920929, 1.6825000047683716, 0.06875000149011612, -0.9601696729660034, 1.5575000047683716] applied=[-0.06875000149011612, -0.737500011920929, 1.6825000047683716, 0.06875000149011612, -0.862500011920929, 1.6825000047683716, -0.06875000149011612, -0.862500011920929, 1.6825000047683716, 0.06875000149011612, -0.9601696729660034, 1.5575000047683716] current=[0.006289414595812559, -0.896105170249939, 1.9099990129470825, 0.008386935107409954, -0.8938300609588623, 1.9309232234954834, 0.02556019276380539, -0.8985763788223267, 1.9150408506393433, 0.0833415612578392, -1.5067073106765747, 1.6537131071090698]
[DIAG_INFER] step=41 policy_action_max=3.504293 applied_action_max=0.250000 obs_max=2.228765 history_nonzero_rows=4 position_clip=0 torque_clip=1 action=[-0.6199564337730408, 1.3957027196884155, 0.4670622646808624, -1.007174015045166, 0.2863194942474365, -0.016822941601276398, -0.3142086863517761, -2.6285593509674072, -0.13166627287864685, -3.5042927265167236, -0.2396964728832245, -1.8511104583740234]
[DIAG_TARGET] step=41 target_error=0.000000000 default=[0.0, -0.7853981852531433, 1.8654682636260986, 0.0, -0.7853981852531433, 1.8654682636260986, 0.0, -0.7853981852531433, 1.8654682636260986, 0.0, -0.7853981852531433, 1.8654682636260986] desired=[-0.13124999403953552, -0.737500011920929, 1.6825000047683716, 0.06875000149011612, -0.737500011920929, 1.61579430103302, -0.13124999403953552, -0.862500011920929, 1.5870834589004517, -0.09373825788497925, -0.8599241375923157, 1.5575000047683716] applied=[-0.13124999403953552, -0.737500011920929, 1.6825000047683716, 0.06875000149011612, -0.737500011920929, 1.61579430103302, -0.13124999403953552, -0.862500011920929, 1.5870834589004517, -0.09373825788497925, -0.8599241375923157, 1.5575000047683716] current=[-0.016303399577736855, -0.907479465007782, 1.9072054624557495, -0.014214259572327137, -0.9034445881843567, 1.9217578172683716, 0.0009807448368519545, -0.907553493976593, 1.9072853326797485, 0.09476469457149506, -1.3571367263793945, 1.5668113231658936]
[DIAG_INFER] step=51 policy_action_max=6.648087 applied_action_max=0.250000 obs_max=3.504293 history_nonzero_rows=5 position_clip=0 torque_clip=1 action=[2.2850770950317383, 1.6374925374984741, 2.6161296367645264, -0.9908255338668823, 0.16990143060684204, -1.2101243734359741, -5.2921013832092285, -3.7565975189208984, -2.416776180267334, -6.648087024688721, 0.13556572794914246, -1.4674830436706543]
[DIAG_TARGET] step=51 target_error=0.000000000 default=[0.0, -0.7853981852531433, 1.8654682636260986, 0.0, -0.7853981852531433, 1.8654682636260986, 0.0, -0.7853981852531433, 1.8654682636260986, 0.0, -0.7853981852531433, 1.8654682636260986] desired=[-0.06875000149011612, -0.737500011920929, 1.6825000047683716, 0.06875000149011612, -0.7575246691703796, 1.5575000047683716, -0.13124999403953552, -0.862500011920929, 1.5575000047683716, -0.9393409490585327, -0.7661085724830627, 1.5575000047683716] applied=[-0.06875000149011612, -0.737500011920929, 1.6825000047683716, 0.06875000149011612, -0.7575246691703796, 1.5575000047683716, -0.13124999403953552, -0.862500011920929, 1.5575000047683716, -0.9393409490585327, -0.7661085724830627, 1.5575000047683716] current=[-0.05435489863157272, -0.9028133153915405, 1.9037017822265625, -0.05130239576101303, -0.8944992423057556, 1.8998538255691528, -0.04536544531583786, -0.8917520642280579, 1.8812249898910522, 0.02658471278846264, -1.305799961090088, 1.488508939743042]
[DIAG_INFER] step=61 policy_action_max=10.350431 applied_action_max=0.250000 obs_max=6.648087 history_nonzero_rows=6 position_clip=0 torque_clip=2 action=[6.791110038757324, -1.3887234926223755, 3.8488457202911377, -2.066237211227417, 1.6654175519943237, -0.7528252601623535, -9.697638511657715, -2.4165244102478027, -2.194706916809082, -10.350431442260742, -2.1727538108825684, 0.29304540157318115]
[DIAG_TARGET] step=61 target_error=0.000000000 default=[0.0, -0.7853981852531433, 1.8654682636260986, 0.0, -0.7853981852531433, 1.8654682636260986, 0.0, -0.7853981852531433, 1.8654682636260986, 0.0, -0.7853981852531433, 1.8654682636260986] desired=[-0.06875000149011612, -0.862500011920929, 1.6825000047683716, 0.06875000149011612, -0.737500011920929, 1.5575000047683716, -0.13124999403953552, -0.862500011920929, 1.5575000047683716, -1.5, 0.07567799091339111, 1.6825000047683716] applied=[-0.06875000149011612, -0.862500011920929, 1.6825000047683716, 0.06875000149011612, -0.737500011920929, 1.5575000047683716, -0.13124999403953552, -0.862500011920929, 1.5575000047683716, -1.5, 0.07567799091339111, 1.6825000047683716] current=[-0.136158287525177, -0.8782414197921753, 1.9140630960464478, -0.10698471963405609, -0.8517233729362488, 1.8411587476730347, -0.1586717963218689, -0.8363046646118164, 1.8273411989212036, -0.2733253240585327, -1.2557470798492432, 1.5216529369354248]
[DIAG_INFER] step=71 policy_action_max=7.401492 applied_action_max=0.250000 obs_max=10.350431 history_nonzero_rows=7 position_clip=0 torque_clip=3 action=[6.827805519104004, -1.8319352865219116, 5.5906195640563965, -4.119444370269775, 5.253749370574951, 0.17381036281585693, -5.57238245010376, -2.757158041000366, 0.09053075313568115, -7.401492118835449, -0.4416539669036865, 5.453737735748291]
[DIAG_TARGET] step=71 target_error=0.000000000 default=[0.0, -0.7853981852531433, 1.8654682636260986, 0.0, -0.7853981852531433, 1.8654682636260986, 0.0, -0.7853981852531433, 1.8654682636260986, 0.0, -0.7853981852531433, 1.8654682636260986] desired=[-0.06875000149011612, -0.862500011920929, 1.6825000047683716, 0.06875000149011612, -0.737500011920929, 1.6634526252746582, -0.4037920832633972, -0.862500011920929, 1.6426327228546143, -0.09142470359802246, 1.712799072265625, 1.6825000047683716] applied=[-0.06875000149011612, -0.862500011920929, 1.6825000047683716, 0.06875000149011612, -0.737500011920929, 1.6634526252746582, -0.4037920832633972, -0.862500011920929, 1.6426327228546143, -0.09142470359802246, 1.712799072265625, 1.6825000047683716] current=[-0.19259077310562134, -0.823049008846283, 1.9354759454727173, -0.06494027376174927, -0.7827170491218567, 1.7388479709625244, -0.22754257917404175, -0.7755553722381592, 1.7497930526733398, -0.7365016937255859, -0.9075795412063599, 1.5509300231933594]
[DIAG_INFER] step=81 policy_action_max=12.506772 applied_action_max=0.250000 obs_max=7.401492 history_nonzero_rows=8 position_clip=0 torque_clip=3 action=[8.139102935791016, 3.042501449584961, 7.5035400390625, 3.839428186416626, 5.357156276702881, -7.9398674964904785, -6.177097797393799, 1.6558815240859985, -9.006162643432617, -4.935923099517822, -8.605273246765137, 12.5067720413208]
[DIAG_TARGET] step=81 target_error=0.000000022 default=[0.0, -0.7853981852531433, 1.8654682636260986, 0.0, -0.7853981852531433, 1.8654682636260986, 0.0, -0.7853981852531433, 1.8654682636260986, 0.0, -0.7853981852531433, 1.8654682636260986] desired=[-0.06875000149011612, -0.737500011920929, 1.6825000047683716, 0.13124999403953552, -0.737500011920929, 1.5575000047683716, -0.13124999403953552, -0.05512937158346176, 1.5575000047683716, 1.5, 0.7916480898857117, 1.6825000047683716] applied=[-0.06875000149011612, -0.737500011920929, 1.6825000047683716, 0.13124999403953552, -0.737500011920929, 1.5575000047683716, -0.13124999403953552, -0.05512934923171997, 1.5575000047683716, 1.5, 0.7916480898857117, 1.6825000047683716] current=[-0.11044434458017349, -0.7609808444976807, 1.9352326393127441, 0.08988385647535324, -0.7549154162406921, 1.6968257427215576, -0.22616921365261078, -0.7960140109062195, 1.6800551414489746, -0.6174145340919495, -0.09840771555900574, 1.547775149345398]
[DIAG_INFER] step=91 policy_action_max=8.448015 applied_action_max=0.250000 obs_max=12.506772 history_nonzero_rows=9 position_clip=0 torque_clip=5 action=[6.741123676300049, 0.10104551911354065, 2.4244766235351562, -3.6733198165893555, 0.8098344206809998, -1.6287544965744019, -4.831871509552002, -0.2814669609069824, -8.448015213012695, -0.7979027628898621, -4.246265411376953, 3.0036239624023438]
[DIAG_TARGET] step=91 target_error=0.000000030 default=[0.0, -0.7853981852531433, 1.8654682636260986, 0.0, -0.7853981852531433, 1.8654682636260986, 0.0, -0.7853981852531433, 1.8654682636260986, 0.0, -0.7853981852531433, 1.8654682636260986] desired=[-0.06875000149011612, -0.774738609790802, 1.6825000047683716, 0.06875000149011612, -0.737500011920929, 1.5575000047683716, 0.1814168244600296, 0.11082395911216736, 1.5575000047683716, 0.40916186571121216, -0.3098165988922119, 1.0656311511993408] applied=[-0.06875000149011612, -0.774738609790802, 1.6825000047683716, 0.06875000149011612, -0.737500011920929, 1.5575000047683716, 0.1814168244600296, 0.11082392930984497, 1.5575000047683716, 0.40916186571121216, -0.3098165988922119, 1.0656311511993408] current=[0.009258758276700974, -0.7202133536338806, 1.8983830213546753, 0.2606978118419647, -0.7673765420913696, 1.7299633026123047, -0.18648338317871094, -0.5309885144233704, 1.5802005529403687, 0.13379189372062683, 0.5165996551513672, 1.566742181777954]
[DIAG_INFER] step=101 policy_action_max=4.287027 applied_action_max=0.250000 obs_max=8.448015 history_nonzero_rows=10 position_clip=0 torque_clip=2 action=[3.487570285797119, -2.537642002105713, 3.967758893966675, -2.337050676345825, 2.6811513900756836, 0.2628926932811737, -0.8095787167549133, 1.1353514194488525, -0.06332588195800781, -4.287027359008789, -2.566124677658081, -0.1240914911031723]
[DIAG_TARGET] step=101 target_error=0.000000000 default=[0.0, -0.7853981852531433, 1.8654682636260986, 0.0, -0.7853981852531433, 1.8654682636260986, 0.0, -0.7853981852531433, 1.8654682636260986, 0.0, -0.7853981852531433, 1.8654682636260986] desired=[-0.06875000149011612, -0.862500011920929, 1.6825000047683716, 0.06875000149011612, -0.6554208397865295, 1.6825000047683716, -0.13124999403953552, -0.737500011920929, 1.6041685342788696, -1.5, -0.862500011920929, 1.5889770984649658] applied=[-0.06875000149011612, -0.862500011920929, 1.6825000047683716, 0.06875000149011612, -0.6554208397865295, 1.6825000047683716, -0.13124999403953552, -0.737500011920929, 1.6041685342788696, -1.5, -0.862500011920929, 1.5889770984649658] current=[-0.05143287777900696, -0.7118372321128845, 1.8881500959396362, 0.25130242109298706, -0.7688212990760803, 1.7246513366699219, -0.12270867079496384, -0.1572580188512802, 1.567347764968872, 0.45238348841667175, 0.40460339188575745, 1.3642311096191406]
[DIAG_INFER] step=111 policy_action_max=15.186719 applied_action_max=0.250000 obs_max=7.435983 history_nonzero_rows=11 position_clip=0 torque_clip=4 action=[-8.186267852783203, 4.767922401428223, 3.0834920406341553, -11.938671112060547, 2.6556947231292725, -0.0028672292828559875, -1.2698819637298584, -15.186718940734863, 6.658641815185547, -12.755585670471191, -2.391126871109009, -4.571675777435303]
[DIAG_TARGET] step=111 target_error=0.000000000 default=[0.0, -0.7853981852531433, 1.8654682636260986, 0.0, -0.7853981852531433, 1.8654682636260986, 0.0, -0.7853981852531433, 1.8654682636260986, 0.0, -0.7853981852531433, 1.8654682636260986] desired=[-0.13124999403953552, -0.737500011920929, 1.6825000047683716, 0.06875000149011612, -0.737500011920929, 1.6192831993103027, -0.23245470225811005, -0.862500011920929, 1.6825000047683716, -1.5, -0.8903093338012695, 2.700000047683716] applied=[-0.13124999403953552, -0.737500011920929, 1.6825000047683716, 0.06875000149011612, -0.737500011920929, 1.6192831993103027, -0.23245470225811005, -0.862500011920929, 1.6825000047683716, -1.5, -0.8903093338012695, 2.700000047683716] current=[-0.2332611232995987, -0.7243388891220093, 1.9364163875579834, 0.07554125785827637, -0.7190774083137512, 1.6907459497451782, -0.15511557459831238, -0.2598312497138977, 1.6222950220108032, -0.1896420121192932, -0.24636059999465942, 1.4961214065551758]
[DIAG_INFER] step=121 policy_action_max=12.890742 applied_action_max=0.250000 obs_max=15.186719 history_nonzero_rows=12 position_clip=0 torque_clip=2 action=[-2.9516704082489014, 6.38007926940918, -1.3648791313171387, -12.890742301940918, 3.29988956451416, 3.202160596847534, 4.42590856552124, -9.763291358947754, 3.2426700592041016, -0.23683860898017883, -0.7146310806274414, -1.7182904481887817]
[DIAG_TARGET] step=121 target_error=0.000000000 default=[0.0, -0.7853981852531433, 1.8654682636260986, 0.0, -0.7853981852531433, 1.8654682636260986, 0.0, -0.7853981852531433, 1.8654682636260986, 0.0, -0.7853981852531433, 1.8654682636260986] desired=[-0.13124999403953552, -0.737500011920929, 1.5575000047683716, 0.06875000149011612, -0.737500011920929, 1.6825000047683716, -0.9521651268005371, -0.862500011920929, 1.6825000047683716, 0.07039517164230347, -0.862500011920929, 1.7842832803726196] applied=[-0.13124999403953552, -0.737500011920929, 1.5575000047683716, 0.06875000149011612, -0.737500011920929, 1.6825000047683716, -0.9521651268005371, -0.862500011920929, 1.6825000047683716, 0.07039517164230347, -0.862500011920929, 1.7842832803726196] current=[-0.30503785610198975, -0.7315175533294678, 1.9692785739898682, 0.10699927061796188, -0.7111661434173584, 1.6571044921875, -0.13228251039981842, -0.5789126753807068, 1.6999472379684448, -0.9853129982948303, -0.7768357992172241, 1.9900226593017578]
[DIAG_INFER] step=131 policy_action_max=15.933531 applied_action_max=0.250000 obs_max=12.890742 history_nonzero_rows=13 position_clip=0 torque_clip=2 action=[15.933530807495117, 7.517289638519287, 5.044274806976318, -4.75062894821167, 0.07813145220279694, -8.527288436889648, -1.0844142436981201, -5.160358428955078, -0.6485435962677002, 6.203606128692627, -3.9416873455047607, 2.6912193298339844]
[DIAG_TARGET] step=131 target_error=0.000000000 default=[0.0, -0.7853981852531433, 1.8654682636260986, 0.0, -0.7853981852531433, 1.8654682636260986, 0.0, -0.7853981852531433, 1.8654682636260986, 0.0, -0.7853981852531433, 1.8654682636260986] desired=[-0.06875000149011612, -0.737500011920929, 1.6825000047683716, 0.06875000149011612, -0.78046715259552, 1.5575000047683716, -0.13124999403953552, -0.862500011920929, 1.5575000047683716, 1.5, -1.3434137105941772, 1.6825000047683716] applied=[-0.06875000149011612, -0.737500011920929, 1.6825000047683716, 0.06875000149011612, -0.78046715259552, 1.5575000047683716, -0.13124999403953552, -0.862500011920929, 1.5575000047683716, 1.5, -1.3434137105941772, 1.6825000047683716] current=[-0.2649978697299957, -0.7498024106025696, 1.9807162284851074, 0.16679610311985016, -0.7322520017623901, 1.6727744340896606, -0.37558504939079285, -0.756872296333313, 1.6809271574020386, -0.9029465913772583, -0.8467574119567871, 1.8353242874145508]
[DIAG_INFER] step=141 policy_action_max=20.049709 applied_action_max=0.250000 obs_max=15.933531 history_nonzero_rows=14 position_clip=0 torque_clip=3 action=[13.103388786315918, 9.908927917480469, 13.518108367919922, 10.045055389404297, 1.4988235235214233, -12.150630950927734, -3.3132855892181396, 3.4014828205108643, -8.744386672973633, -3.430185317993164, -17.735763549804688, 20.04970932006836]
[DIAG_TARGET] step=141 target_error=0.000000000 default=[0.0, -0.7853981852531433, 1.8654682636260986, 0.0, -0.7853981852531433, 1.8654682636260986, 0.0, -0.7853981852531433, 1.8654682636260986, 0.0, -0.7853981852531433, 1.8654682636260986] desired=[-0.06875000149011612, -0.737500011920929, 1.6825000047683716, 0.13124999403953552, -0.737500011920929, 1.5575000047683716, -0.04272683709859848, -0.737500011920929, 1.5575000047683716, 1.5, -0.862500011920929, 0.7104606628417969] applied=[-0.06875000149011612, -0.737500011920929, 1.6825000047683716, 0.13124999403953552, -0.737500011920929, 1.5575000047683716, -0.04272683709859848, -0.737500011920929, 1.5575000047683716, 1.5, -0.862500011920929, 0.7104606628417969] current=[-0.08716771006584167, -0.7718403935432434, 1.942494511604309, 0.27264803647994995, -0.7771437168121338, 1.6672148704528809, -0.3517291843891144, -0.8507988452911377, 1.606657862663269, -0.08550247550010681, -1.0010582208633423, 1.6883902549743652]
[DIAG_INFER] step=151 policy_action_max=9.035676 applied_action_max=0.250000 obs_max=20.049709 history_nonzero_rows=15 position_clip=0 torque_clip=2 action=[5.857302665710449, -1.1727243661880493, 3.8198559284210205, -4.872537612915039, 0.6222063302993774, -3.4298832416534424, -9.035676002502441, -0.5449314117431641, -8.620399475097656, -1.8983336687088013, -4.666548728942871, 4.3133416175842285]
[DIAG_TARGET] step=151 target_error=0.000000000 default=[0.0, -0.7853981852531433, 1.8654682636260986, 0.0, -0.7853981852531433, 1.8654682636260986, 0.0, -0.7853981852531433, 1.8654682636260986, 0.0, -0.7853981852531433, 1.8654682636260986] desired=[-0.06875000149011612, -0.862500011920929, 1.6825000047683716, 0.06875000149011612, -0.737500011920929, 1.5575000047683716, 0.6157719492912292, -0.862500011920929, 1.5575000047683716, 0.06875000149011612, -0.862500011920929, 0.22636628150939941] applied=[-0.06875000149011612, -0.862500011920929, 1.6825000047683716, 0.06875000149011612, -0.737500011920929, 1.5575000047683716, 0.6157719492912292, -0.862500011920929, 1.5575000047683716, 0.06875000149011612, -0.862500011920929, 0.22636628150939941] current=[-0.03569195419549942, -0.7627540826797485, 1.8853037357330322, 0.4069729745388031, -0.841215193271637, 1.732340693473816, -0.24543286859989166, -0.8573817014694214, 1.5949856042861938, 0.6918617486953735, -0.9283034801483154, 1.184541940689087]
[DIAG_INFER] step=161 policy_action_max=4.694655 applied_action_max=0.250000 obs_max=9.035676 history_nonzero_rows=15 position_clip=0 torque_clip=2 action=[4.694654941558838, 0.1772100031375885, 1.9029943943023682, -1.2896443605422974, -1.1366251707077026, -1.9561537504196167, 0.2818225622177124, 1.6363681554794312, -2.14202618598938, -2.8304994106292725, -0.753961443901062, 0.05574043095111847]
[DIAG_TARGET] step=161 target_error=0.000000000 default=[0.0, -0.7853981852531433, 1.8654682636260986, 0.0, -0.7853981852531433, 1.8654682636260986, 0.0, -0.7853981852531433, 1.8654682636260986, 0.0, -0.7853981852531433, 1.8654682636260986] desired=[-0.06875000149011612, -0.75569748878479, 1.6825000047683716, 0.06875000149011612, -0.862500011920929, 1.5575000047683716, -0.06875000149011612, -0.737500011920929, 1.5112392902374268, -0.3974331021308899, -0.862500011920929, 1.6339350938796997] applied=[-0.06875000149011612, -0.75569748878479, 1.6825000047683716, 0.06875000149011612, -0.862500011920929, 1.5575000047683716, -0.06875000149011612, -0.737500011920929, 1.5112392902374268, -0.3974331021308899, -0.862500011920929, 1.6339350938796997] current=[-0.0858551636338234, -0.7774806618690491, 1.8734982013702393, 0.38509079813957214, -0.8648034334182739, 1.7454363107681274, -0.21643491089344025, -0.9293030500411987, 1.7118452787399292, 0.6594504714012146, -0.8666166663169861, 0.7442183494567871]
[DIAG_INFER] step=171 policy_action_max=11.105975 applied_action_max=0.250000 obs_max=5.688257 history_nonzero_rows=15 position_clip=0 torque_clip=2 action=[2.2413434982299805, 2.3225722312927246, 3.3117520809173584, -5.995634078979492, 0.009353980422019958, -1.5967241525650024, -7.231936454772949, -9.883675575256348, 1.1635241508483887, -11.105975151062012, -2.6648988723754883, -2.9793906211853027]
[DIAG_TARGET] step=171 target_error=0.000000000 default=[0.0, -0.7853981852531433, 1.8654682636260986, 0.0, -0.7853981852531433, 1.8654682636260986, 0.0, -0.7853981852531433, 1.8654682636260986, 0.0, -0.7853981852531433, 1.8654682636260986] desired=[-0.06875000149011612, -0.737500011920929, 1.6825000047683716, 0.06875000149011612, -0.797661542892456, 1.5575000047683716, -0.13124999403953552, -0.862500011920929, 1.6825000047683716, -1.5, -0.862500011920929, 1.819741129875183] applied=[-0.06875000149011612, -0.737500011920929, 1.6825000047683716, 0.06875000149011612, -0.797661542892456, 1.5575000047683716, -0.13124999403953552, -0.862500011920929, 1.6825000047683716, -1.5, -0.862500011920929, 1.819741129875183] current=[-0.1854984611272812, -0.7850355505943298, 1.8948184251785278, 0.2838134467601776, -0.866387128829956, 1.73311448097229, -0.3339657485485077, -0.949226975440979, 1.7512067556381226, 0.4190541207790375, -1.084596872329712, 1.1713647842407227]
[DIAG_INFER] step=181 policy_action_max=15.016021 applied_action_max=0.250000 obs_max=11.105975 history_nonzero_rows=15 position_clip=0 torque_clip=3 action=[-0.2612242102622986, 1.7926284074783325, 4.283138751983643, -9.23453426361084, 4.664266109466553, -3.5244596004486084, -9.513731002807617, -11.738423347473145, 0.0957794189453125, -15.016020774841309, -6.096094608306885, -3.4854235649108887]
[DIAG_TARGET] step=181 target_error=0.000000000 default=[0.0, -0.7853981852531433, 1.8654682636260986, 0.0, -0.7853981852531433, 1.8654682636260986, 0.0, -0.7853981852531433, 1.8654682636260986, 0.0, -0.7853981852531433, 1.8654682636260986] desired=[-0.13124999403953552, -0.737500011920929, 1.6825000047683716, 0.06875000149011612, -0.737500011920929, 1.5575000047683716, -0.13124999403953552, -0.862500011920929, 1.6439448595046997, -1.5, -0.025763988494873047, 2.653745174407959] applied=[-0.13124999403953552, -0.737500011920929, 1.6825000047683716, 0.06875000149011612, -0.737500011920929, 1.5575000047683716, -0.13124999403953552, -0.862500011920929, 1.6439448595046997, -1.5, -0.025763988494873047, 2.653745174407959] current=[-0.3315131962299347, -0.7673911452293396, 1.9333254098892212, 0.14063671231269836, -0.8398966193199158, 1.6932677030563354, -0.4651014804840088, -0.9323461055755615, 1.7955031394958496, -0.02842174656689167, -1.240457534790039, 1.5334748029708862]
[DIAG_INFER] step=191 policy_action_max=13.891918 applied_action_max=0.250000 obs_max=15.016021 history_nonzero_rows=15 position_clip=0 torque_clip=3 action=[10.420232772827148, 0.5878565311431885, 10.570549964904785, -3.7850282192230225, 8.662540435791016, -7.26881217956543, -8.416167259216309, -2.451946496963501, -4.8164448738098145, -11.734249114990234, -6.150152206420898, 13.891918182373047]
[DIAG_TARGET] step=191 target_error=0.000000000 default=[0.0, -0.7853981852531433, 1.8654682636260986, 0.0, -0.7853981852531433, 1.8654682636260986, 0.0, -0.7853981852531433, 1.8654682636260986, 0.0, -0.7853981852531433, 1.8654682636260986] desired=[-0.06875000149011612, -0.737500011920929, 1.6825000047683716, 0.06875000149011612, -0.737500011920929, 1.5575000047683716, -0.5163060426712036, -0.862500011920929, 1.5575000047683716, 1.4343152046203613, 2.6151199340820312, 1.6825000047683716] applied=[-0.06875000149011612, -0.737500011920929, 1.6825000047683716, 0.06875000149011612, -0.737500011920929, 1.5575000047683716, -0.5163060426712036, -0.862500011920929, 1.5575000047683716, 1.4343152046203613, 2.6151199340820312, 1.6825000047683716] current=[-0.3734417259693146, -0.6978895664215088, 1.9634263515472412, 0.12720751762390137, -0.7881038784980774, 1.63494074344635, -0.45244377851486206, -0.8707886934280396, 1.8067830801010132, -0.6945467591285706, -0.8291073441505432, 2.007641077041626]
[DIAG_INFER] step=201 policy_action_max=25.738550 applied_action_max=0.250000 obs_max=13.891918 history_nonzero_rows=15 position_clip=0 torque_clip=4 action=[10.72546100616455, 8.588618278503418, 12.884366989135742, 18.100582122802734, 0.6805528402328491, -16.4697322845459, -9.780733108520508, 4.758076190948486, -16.186309814453125, -7.994412422180176, -20.405183792114258, 25.738550186157227]
[DIAG_TARGET] step=201 target_error=0.000000007 default=[0.0, -0.7853981852531433, 1.8654682636260986, 0.0, -0.7853981852531433, 1.8654682636260986, 0.0, -0.7853981852531433, 1.8654682636260986, 0.0, -0.7853981852531433, 1.8654682636260986] desired=[-0.06875000149011612, -0.737500011920929, 1.6825000047683716, 0.13124999403953552, -0.737500011920929, 1.5575000047683716, -0.13124999403953552, 0.031137578189373016, 1.5575000047683716, 1.5, 0.18402057886123657, 1.3340522050857544] applied=[-0.06875000149011612, -0.737500011920929, 1.6825000047683716, 0.13124999403953552, -0.737500011920929, 1.5575000047683716, -0.13124999403953552, 0.031137585639953613, 1.5575000047683716, 1.5, 0.18402057886123657, 1.3340522050857544] current=[-0.19058527052402496, -0.6394900679588318, 1.943190336227417, 0.30635377764701843, -0.8000230193138123, 1.6883713006973267, -0.3888275921344757, -0.8344022035598755, 1.683236002922058, -0.34607911109924316, -0.014130380004644394, 1.7314852476119995]
[DIAG_INFER] step=211 policy_action_max=11.264566 applied_action_max=0.250000 obs_max=25.738550 history_nonzero_rows=15 position_clip=0 torque_clip=4 action=[5.992941379547119, -0.07291564345359802, 3.5789549350738525, -4.439109802246094, -2.4568517208099365, -3.260874032974243, -9.092469215393066, 0.2255687713623047, -11.264566421508789, 1.4533623456954956, -6.988710403442383, 5.771917819976807]
[DIAG_TARGET] step=211 target_error=0.000000000 default=[0.0, -0.7853981852531433, 1.8654682636260986, 0.0, -0.7853981852531433, 1.8654682636260986, 0.0, -0.7853981852531433, 1.8654682636260986, 0.0, -0.7853981852531433, 1.8654682636260986] desired=[-0.06875000149011612, -0.8182289004325867, 1.6825000047683716, 0.06875000149011612, -0.862500011920929, 1.5575000047683716, 0.51356440782547, -0.5219250917434692, 1.5575000047683716, 0.6872629523277283, -0.862500011920929, 0.2835049629211426] applied=[-0.06875000149011612, -0.8182289004325867, 1.6825000047683716, 0.06875000149011612, -0.862500011920929, 1.5575000047683716, 0.51356440782547, -0.5219250917434692, 1.5575000047683716, 0.6872629523277283, -0.862500011920929, 0.2835049629211426] current=[-0.08074317872524261, -0.6287006139755249, 1.8896085023880005, 0.49163904786109924, -0.8285728096961975, 1.7490160465240479, -0.3247697949409485, -0.5090031027793884, 1.5817606449127197, 0.4683530628681183, 0.3043459951877594, 1.470267653465271]
[DIAG_INFER] step=221 policy_action_max=3.365908 applied_action_max=0.250000 obs_max=11.264566 history_nonzero_rows=15 position_clip=0 torque_clip=4 action=[3.3285434246063232, 0.10934510827064514, 2.4697985649108887, -1.2471727132797241, 2.2316160202026367, -2.734952688217163, -0.7523182034492493, 3.365907907485962, 0.3405553102493286, -3.3553948402404785, -2.212048292160034, -0.2983328700065613]
[DIAG_TARGET] step=221 target_error=0.000000000 default=[0.0, -0.7853981852531433, 1.8654682636260986, 0.0, -0.7853981852531433, 1.8654682636260986, 0.0, -0.7853981852531433, 1.8654682636260986, 0.0, -0.7853981852531433, 1.8654682636260986] desired=[-0.06875000149011612, -0.7726637125015259, 1.6825000047683716, 0.06875000149011612, -0.737500011920929, 1.5575000047683716, -0.04638141393661499, -0.737500011920929, 1.622434377670288, -1.0736024379730225, -1.6249197721481323, 1.5575000047683716] applied=[-0.06875000149011612, -0.7726637125015259, 1.6825000047683716, 0.06875000149011612, -0.737500011920929, 1.5575000047683716, -0.04638141393661499, -0.737500011920929, 1.622434377670288, -1.0736024379730225, -1.6249197721481323, 1.5575000047683716] current=[-0.12530556321144104, -0.6694795489311218, 1.8723222017288208, 0.4913889467716217, -0.8435533046722412, 1.7458105087280273, -0.12061997503042221, -0.37107405066490173, 1.675781488418579, 0.7530387043952942, -0.05524961277842522, 0.988781213760376]
[DIAG_INFER] step=231 policy_action_max=18.390493 applied_action_max=0.250000 obs_max=10.155213 history_nonzero_rows=15 position_clip=0 torque_clip=2 action=[-6.065885066986084, 5.641872406005859, 4.100848197937012, -11.67218017578125, -0.48435044288635254, -2.204477548599243, -9.259759902954102, -18.390493392944336, 1.780688762664795, -17.384281158447266, -2.5186562538146973, -6.016148567199707]
[DIAG_TARGET] step=231 target_error=0.000000000 default=[0.0, -0.7853981852531433, 1.8654682636260986, 0.0, -0.7853981852531433, 1.8654682636260986, 0.0, -0.7853981852531433, 1.8654682636260986, 0.0, -0.7853981852531433, 1.8654682636260986] desired=[-0.13124999403953552, -0.737500011920929, 1.6825000047683716, 0.06875000149011612, -0.862500011920929, 1.5575000047683716, -0.13124999403953552, -0.862500011920929, 1.6825000047683716, -1.5, -0.862500011920929, 2.700000047683716] applied=[-0.13124999403953552, -0.737500011920929, 1.6825000047683716, 0.06875000149011612, -0.862500011920929, 1.5575000047683716, -0.13124999403953552, -0.862500011920929, 1.6825000047683716, -1.5, -0.862500011920929, 2.700000047683716] current=[-0.3126104772090912, -0.6873098015785217, 1.9105483293533325, 0.2837536931037903, -0.8354389071464539, 1.6694883108139038, -0.2527507245540619, -0.4343333840370178, 1.8151472806930542, 0.3978537619113922, -0.7196499109268188, 1.4624230861663818]
[DIAG_INFER] step=241 policy_action_max=12.986508 applied_action_max=0.250000 obs_max=18.390493 history_nonzero_rows=15 position_clip=0 torque_clip=3 action=[-3.000579833984375, 3.3856940269470215, -1.6454213857650757, -12.9865083694458, 5.721676826477051, -2.628265142440796, 3.0440142154693604, -10.517094612121582, 2.985672950744629, -3.8986315727233887, -2.973079204559326, -1.1213568449020386]
[DIAG_TARGET] step=241 target_error=0.000000000 default=[0.0, -0.7853981852531433, 1.8654682636260986, 0.0, -0.7853981852531433, 1.8654682636260986, 0.0, -0.7853981852531433, 1.8654682636260986, 0.0, -0.7853981852531433, 1.8654682636260986] desired=[-0.13124999403953552, -0.737500011920929, 1.5575000047683716, 0.06875000149011612, -0.737500011920929, 1.5575000047683716, -0.4027927815914154, -0.862500011920929, 1.6825000047683716, -1.0821737051010132, -0.862500011920929, 2.154543876647949] applied=[-0.13124999403953552, -0.737500011920929, 1.5575000047683716, 0.06875000149011612, -0.737500011920929, 1.5575000047683716, -0.4027927815914154, -0.862500011920929, 1.6825000047683716, -1.0821737051010132, -0.862500011920929, 2.154543876647949] current=[-0.45288729667663574, -0.6841716170310974, 1.9551994800567627, 0.14280113577842712, -0.8277683854103088, 1.6058604717254639, -0.3502911627292633, -0.5064976811408997, 1.9331403970718384, -0.35603252053260803, -0.9739400744438171, 1.973223090171814]
[DIAG_INFER] step=251 policy_action_max=13.752228 applied_action_max=0.250000 obs_max=12.986508 history_nonzero_rows=15 position_clip=0 torque_clip=3 action=[13.752227783203125, 5.469966411590576, 10.895079612731934, 4.670646667480469, 2.544267416000366, -9.907583236694336, -7.901782512664795, 0.4812307357788086, -9.119440078735352, -6.936201572418213, -8.829412460327148, 13.112231254577637]
[DIAG_TARGET] step=251 target_error=0.000000000 default=[0.0, -0.7853981852531433, 1.8654682636260986, 0.0, -0.7853981852531433, 1.8654682636260986, 0.0, -0.7853981852531433, 1.8654682636260986, 0.0, -0.7853981852531433, 1.8654682636260986] desired=[-0.06875000149011612, -0.737500011920929, 1.6825000047683716, 0.13124999403953552, -0.737500011920929, 1.5575000047683716, -0.3031046390533447, -0.737500011920929, 1.5575000047683716, 1.5, -0.862500011920929, 1.3325579166412354] applied=[-0.06875000149011612, -0.737500011920929, 1.6825000047683716, 0.13124999403953552, -0.737500011920929, 1.5575000047683716, -0.3031046390533447, -0.737500011920929, 1.5575000047683716, 1.5, -0.862500011920929, 1.3325579166412354] current=[-0.42121708393096924, -0.667452871799469, 1.9356515407562256, 0.17790043354034424, -0.8107743263244629, 1.5777883529663086, -0.3627316355705261, -0.5537877678871155, 1.9550102949142456, -0.8225559592247009, -0.8855069279670715, 2.032468318939209]
[DIAG_INFER] step=261 policy_action_max=22.983215 applied_action_max=0.250000 obs_max=13.752228 history_nonzero_rows=15 position_clip=0 torque_clip=3 action=[9.606490135192871, 8.253180503845215, 8.788986206054688, 15.943254470825195, -1.8974806070327759, -13.860893249511719, -7.904269695281982, 6.9971089363098145, -15.245978355407715, 1.568580985069275, -19.68707847595215, 22.98321533203125]
[DIAG_TARGET] step=261 target_error=0.000000000 default=[0.0, -0.7853981852531433, 1.8654682636260986, 0.0, -0.7853981852531433, 1.8654682636260986, 0.0, -0.7853981852531433, 1.8654682636260986, 0.0, -0.7853981852531433, 1.8654682636260986] desired=[-0.06875000149011612, -0.737500011920929, 1.6825000047683716, 0.13124999403953552, -0.862500011920929, 1.5575000047683716, -0.13124999403953552, -0.737500011920929, 1.5575000047683716, 1.5, -0.5917080640792847, -1.238473653793335] applied=[-0.06875000149011612, -0.737500011920929, 1.6825000047683716, 0.13124999403953552, -0.862500011920929, 1.5575000047683716, -0.13124999403953552, -0.737500011920929, 1.5575000047683716, 1.5, -0.5917080640792847, -1.238473653793335] current=[-0.21725039184093475, -0.6487586498260498, 1.8635032176971436, 0.24825893342494965, -0.7822594046592712, 1.5812309980392456, -0.20592887699604034, -0.5503163933753967, 1.9172455072402954, -0.6937889456748962, -0.8906498551368713, 1.993121862411499]
[DIAG_INFER] step=271 policy_action_max=12.180005 applied_action_max=0.250000 obs_max=22.983215 history_nonzero_rows=15 position_clip=0 torque_clip=3 action=[6.637942314147949, 0.43905094265937805, 2.950801134109497, -2.3309292793273926, -4.311208724975586, -4.98137903213501, -12.180005073547363, 0.5248835682868958, -11.975542068481445, 6.7246503829956055, -8.284658432006836, 8.124815940856934]
[DIAG_TARGET] step=271 target_error=0.000000000 default=[0.0, -0.7853981852531433, 1.8654682636260986, 0.0, -0.7853981852531433, 1.8654682636260986, 0.0, -0.7853981852531433, 1.8654682636260986, 0.0, -0.7853981852531433, 1.8654682636260986] desired=[-0.06875000149011612, -0.737500011920929, 1.6825000047683716, 0.06875000149011612, -0.862500011920929, 1.5575000047683716, -0.13124999403953552, -0.737500011920929, 1.5575000047683716, 1.5, -1.2339938879013062, -0.9883224964141846] applied=[-0.06875000149011612, -0.737500011920929, 1.6825000047683716, 0.06875000149011612, -0.862500011920929, 1.5575000047683716, -0.13124999403953552, -0.737500011920929, 1.5575000047683716, 1.5, -1.2339938879013062, -0.9883224964141846] current=[-0.09141269326210022, -0.6539610624313354, 1.77115797996521, 0.3629010021686554, -0.808409571647644, 1.642397403717041, -0.0907190665602684, -0.5376074314117432, 1.8199974298477173, -0.5512971878051758, -0.8815699815750122, 2.000288963317871]
[DIAG_INFER] step=281 policy_action_max=8.644353 applied_action_max=0.250000 obs_max=12.180005 history_nonzero_rows=15 position_clip=0 torque_clip=2 action=[4.328162670135498, 0.31644365191459656, 2.252718210220337, -3.945657968521118, -0.5381206274032593, -3.352231740951538, -8.644352912902832, -1.088741421699524, -5.246712684631348, 5.0935282707214355, -5.166301727294922, 2.5109610557556152]
[DIAG_TARGET] step=281 target_error=0.000000000 default=[0.0, -0.7853981852531433, 1.8654682636260986, 0.0, -0.7853981852531433, 1.8654682636260986, 0.0, -0.7853981852531433, 1.8654682636260986, 0.0, -0.7853981852531433, 1.8654682636260986] desired=[-0.06875000149011612, -0.737500011920929, 1.6825000047683716, 0.06875000149011612, -0.862500011920929, 1.5575000047683716, -0.13124999403953552, -0.862500011920929, 1.5575000047683716, 0.13124999403953552, -2.019066333770752, 1.2027974128723145] applied=[-0.06875000149011612, -0.737500011920929, 1.6825000047683716, 0.06875000149011612, -0.862500011920929, 1.5575000047683716, -0.13124999403953552, -0.862500011920929, 1.5575000047683716, 0.13124999403953552, -2.019066333770752, 1.2027974128723145] current=[-0.05703277513384819, -0.6962494850158691, 1.716333031654358, 0.3994562327861786, -0.8168513774871826, 1.686050295829773, -0.06286817044019699, -0.5870265960693359, 1.6975921392440796, -0.4269518554210663, -0.8330793976783752, 1.9425054788589478]
[DIAG_INFER] step=291 policy_action_max=8.218924 applied_action_max=0.250000 obs_max=8.644353 history_nonzero_rows=15 position_clip=0 torque_clip=1 action=[3.9965105056762695, 0.19762876629829407, 2.2562448978424072, -4.503146648406982, 0.9268410205841064, -2.2768516540527344, -8.218923568725586, 0.009137220680713654, -3.9888036251068115, 3.062549114227295, -2.4978675842285156, 1.3632582426071167]
[DIAG_TARGET] step=291 target_error=0.000000000 default=[0.0, -0.7853981852531433, 1.8654682636260986, 0.0, -0.7853981852531433, 1.8654682636260986, 0.0, -0.7853981852531433, 1.8654682636260986, 0.0, -0.7853981852531433, 1.8654682636260986] desired=[-0.06875000149011612, -0.750592827796936, 1.6825000047683716, 0.06875000149011612, -0.737500011920929, 1.5575000047683716, -0.13124999403953552, -0.7977157235145569, 1.5575000047683716, 0.13124999403953552, -1.497299075126648, 1.6825000047683716] applied=[-0.06875000149011612, -0.750592827796936, 1.6825000047683716, 0.06875000149011612, -0.737500011920929, 1.5575000047683716, -0.13124999403953552, -0.7977157235145569, 1.5575000047683716, 0.13124999403953552, -1.497299075126648, 1.6825000047683716] current=[-0.06470121443271637, -0.7372429966926575, 1.692425012588501, 0.3795000910758972, -0.8187378644943237, 1.7056207656860352, -0.09894244372844696, -0.7371527552604675, 1.6140186786651611, -0.2973155677318573, -1.0472431182861328, 1.8870863914489746]
[STAGE] video_encoding_start
[SUMMARY] {"task": "YoboGo-Velocity-Flat-v0", "mode": "record_video", "yobogo_walk_speed_m_s": 0.15, "rapid_walk_speed_m_s": 0.3, "adaptation_weight": "/run/media/pma213x/0C6A8CC86A8CAFCE/Ubuntu2/CodeU/Dog1/mini-cheetah-isaaclab/external_models/rapid-locomotion-rl/runs/rapid-locomotion/example/train/201852.132488/checkpoints/adaptation_module_latest.jit", "body_weight": "/run/media/pma213x/0C6A8CC86A8CAFCE/Ubuntu2/CodeU/Dog1/mini-cheetah-isaaclab/external_models/rapid-locomotion-rl/runs/rapid-locomotion/example/train/201852.132488/checkpoints/body_latest.jit", "completed_steps": 300, "inference_steps": 30, "expected_inference_steps": 30, "reset_count": 0, "safety_clip_count": 74, "position_clip_count": 0, "torque_clip_count": 74, "large_action_inference_count": 16, "official_clip_inference_count": 0, "max_abs_rapid_action": 0.25, "max_abs_policy_action": 25.738550186157227, "ood_guard_count": 332, "base_height_min_m": 0.23990334570407867, "max_abs_roll_deg": 18.49800136268074, "max_abs_pitch_deg": 7.236381206916476, "xy_displacement_m": 0.06620466709136963, "mean_measured_velocity_m_s": 0.11034111181894939, "final_command": [0.15000000596046448, 0.0, 0.0], "terminated_steps": 0, "stability_errors": ["xy_displacement=0.066205<0.10"], "interface_ok": true, "stable_walking": false, "video": "/run/media/pma213x/0C6A8CC86A8CAFCE/Ubuntu2/CodeU/Dog1/mini-cheetah-isaaclab/outputs/rapid-locomotion/rapid_walk_test.mp4", "video_frames_written": 100}
[RECORD] summary=/run/media/pma213x/0C6A8CC86A8CAFCE/Ubuntu2/CodeU/Dog1/mini-cheetah-isaaclab/outputs/rapid-locomotion/rapid_walk_test.summary.json
[RECORD] video=/run/media/pma213x/0C6A8CC86A8CAFCE/Ubuntu2/CodeU/Dog1/mini-cheetah-isaaclab/outputs/rapid-locomotion/rapid_walk_test.mp4
Traceback (most recent call last):
  File "/run/media/pma213x/0C6A8CC86A8CAFCE/Ubuntu2/CodeU/Dog1/mini-cheetah-isaaclab/training/scripts/play_rapid.py", line 677, in <module>
    exit_code = main()
  File "/run/media/pma213x/0C6A8CC86A8CAFCE/Ubuntu2/CodeU/Dog1/mini-cheetah-isaaclab/training/scripts/play_rapid.py", line 662, in main
    raise RuntimeError(
RuntimeError: 稳定性 Gate 失败：xy_displacement=0.066205<0.10
