[3gH    H    H    H    H    H    H    H    H    H    H    H    H    H    H    H    H    H    H    H   [INFO] Using python from: /home/pma213x/.venvs/minicheetah-isaaclab/bin/python
[INFO][AppLauncher]: Loading experience file: /home/pma213x/IsaacLab/apps/isaaclab.python.headless.kit
[Warning] [simulation_app.simulation_app] Modules: ['omni.kit_app'] were loaded before SimulationApp was started and might not be loaded correctly.
[Warning] [simulation_app.simulation_app] Please check to make sure no extra omniverse or pxr modules are imported before the call to SimulationApp(...)
Loading user config located at: '/home/pma213x/.venvs/minicheetah-isaaclab/lib/python3.10/site-packages/omni/data/Kit/Isaac-Sim/4.5/user.config.json'
[Info] [carb] Logging to file: /home/pma213x/.venvs/minicheetah-isaaclab/lib/python3.10/site-packages/omni/logs/Kit/Isaac-Sim/4.5/kit_20261008_205119.log
2026-10-08 12:51:19 [0ms] [Warning] [omni.kit.app.plugin] No crash reporter present, dumps uploading isn't available.
2026-10-08 12:51:19 [88ms] [Warning] [omni.usd_config.extension] Enable omni.materialx.libs extension to use MaterialX
2026-10-08 12:51:19 [340ms] [Warning] [omni.datastore] OmniHub is inaccessible
2026-10-08 12:51:19 [362ms] [Warning] [omni.isaac.dynamic_control] omni.isaac.dynamic_control is deprecated as of Isaac Sim 4.5. No action is needed from end-users.
Gym has been unmaintained since 2022 and does not support NumPy 2.0 amongst other critical functionality.
Please upgrade to Gymnasium, the maintained drop-in replacement of Gym, or contact the authors of your software and request that they upgrade.
See the migration guide at https://gymnasium.farama.org/introduction/migration_guide/ for additional information.
2026-10-08 12:51:21 [1,692ms] [Warning] [gpu.foundation.plugin] Skipping unsupported non-NVIDIA GPU: Intel(R) UHD Graphics (ADL-S GT0.5)
2026-10-08 12:51:21 [1,692ms] [Warning] [gpu.foundation.plugin] Skipping unsupported non-NVIDIA GPU: Intel(R) UHD Graphics (ADL-S GT0.5)

|---------------------------------------------------------------------------------------------|
| Driver Version: 580.178.04    | Graphics API: Vulkan
|=============================================================================================|
| GPU | Name                             | Active | LDA | GPU Memory | Vendor-ID | LUID       |
|     |                                  |        |     |            | Device-ID | UUID       |
|     |                                  |        |     |            | Bus-ID    |            |
|---------------------------------------------------------------------------------------------|
| 0   | NVIDIA GeForce RTX 4060 Laptop.. | Yes: 0 |     | 8188    MB | 10de      | 0          |
|     |                                  |        |     |            | 28e0      | 4d090564.. |
|     |                                  |        |     |            | 1         |            |
|---------------------------------------------------------------------------------------------|
| 1   | Intel(R) UHD Graphics (ADL-S G.. |        |     | 11374   MB | 8086      | 0          |
|     |                                  |        |     |            | 468b      | 86808b46.. |
|     |                                  |        |     |            | 0         |            |
|=============================================================================================|
| OS: 26.04.1 LTS (Resolute Raccoon) ubuntu, Version: 26.04.1, Kernel: 7.0.0-34-generic
| XServer Vendor: The X.Org Foundation, XServer Version: 12401010 (1.24.1.10)
| Processor: 13th Gen Intel(R) Core(TM) i5-13500HX
| Bare Metal Cores: 14 | Bare Metal Logical Cores: 28
| Available Cores:  20 
|---------------------------------------------------------------------------------------------|
| Total Memory (MB): 15166 | Free Memory: 6682
| Total Page/Swap (MB): 20479 | Free Page/Swap: 17745
|---------------------------------------------------------------------------------------------|
2026-10-08 12:51:21 [1,908ms] [Warning] [gpu.foundation.plugin] IOMMU is enabled.
2026-10-08 12:51:21 [1,910ms] [Warning] [gpu.foundation.plugin] Detected IOMMU is enabled. Running CUDA peer-to-peer bandwidth and latency validation.
Unidirectional P2P=Enabled Bandwidth (P2P Writes) Matrix (GB/s)
   D\D     0 
     0 220.56 
P2P=Enabled Latency (P2P Writes) Matrix (us)
   GPU     0 
     0   1.44 

   CPU     0 
     0   1.53 
[STAGE] config_start
[INFO]: Parsing configuration from: training.envs.velocity_flat_env_cfg:YoboGoVelocityFlatEnvCfg
[STAGE] config_done
[STAGE] environment_create_start
2026-10-08 12:51:21 [2,087ms] [Warning] [isaaclab.envs.manager_based_env] Seed not set for the environment. The environment creation may not be deterministic.
[INFO]: Base environment:
	Environment device    : cuda:0
	Environment seed      : None
	Physics step-size     : 0.0004
	Rendering step-size   : 0.002
	Environment step-size : 0.002
2026-10-08 12:51:21 [2,153ms] [Warning] [isaaclab.terrains.terrain_importer] Visual material specified for ground plane but no diffuse color found. Using default color: (0.0, 0.0, 0.0)
[INFO]: Time taken for scene creation : 2.714417 seconds
[INFO]: Scene manager:  <class InteractiveScene>
	Number of environments: 1
	Environment spacing   : 2.5
	Source prim name      : /World/envs/env_0
	Global prim paths     : ['/World/ground']
	Replicate physics     : True
[INFO]: Starting the simulation. This may take a few seconds. Please wait...
[INFO]: Time taken for simulation start : 0.372000 seconds
2026-10-08 12:51:24 [5,447ms] [Warning] [omni.usd] Warning: in GetNodeDiscoveryResults at line 136 of /builds/omniverse/usd-ci/USD/pxr/usd/usdShade/shaderDefUtils.cpp -- Unable to resolve info:sourceAsset </UsdPreviewSurface.info:mdl:sourceAsset> with value @UsdPreviewSurface.mdl@.

2026-10-08 12:51:24 [5,447ms] [Warning] [omni.usd] Warning: in GetNodeDiscoveryResults at line 136 of /builds/omniverse/usd-ci/USD/pxr/usd/usdShade/shaderDefUtils.cpp -- Unable to resolve info:sourceAsset </UsdUVTexture.info:mdl:sourceAsset> with value @UsdPreviewSurface.mdl@.

2026-10-08 12:51:24 [5,447ms] [Warning] [omni.usd] Warning: in GetNodeDiscoveryResults at line 136 of /builds/omniverse/usd-ci/USD/pxr/usd/usdShade/shaderDefUtils.cpp -- Unable to resolve info:sourceAsset </UsdPrimvarReader_float.info:mdl:sourceAsset> with value @UsdPreviewSurface.mdl@.

2026-10-08 12:51:24 [5,448ms] [Warning] [omni.usd] Warning: in GetNodeDiscoveryResults at line 136 of /builds/omniverse/usd-ci/USD/pxr/usd/usdShade/shaderDefUtils.cpp -- Unable to resolve info:sourceAsset </UsdPrimvarReader_float2.info:mdl:sourceAsset> with value @UsdPreviewSurface.mdl@.

2026-10-08 12:51:24 [5,448ms] [Warning] [omni.usd] Warning: in GetNodeDiscoveryResults at line 136 of /builds/omniverse/usd-ci/USD/pxr/usd/usdShade/shaderDefUtils.cpp -- Unable to resolve info:sourceAsset </UsdPrimvarReader_float3.info:mdl:sourceAsset> with value @UsdPreviewSurface.mdl@.

2026-10-08 12:51:24 [5,448ms] [Warning] [omni.usd] Warning: in GetNodeDiscoveryResults at line 136 of /builds/omniverse/usd-ci/USD/pxr/usd/usdShade/shaderDefUtils.cpp -- Unable to resolve info:sourceAsset </UsdPrimvarReader_float4.info:mdl:sourceAsset> with value @UsdPreviewSurface.mdl@.

2026-10-08 12:51:24 [5,448ms] [Warning] [omni.usd] Warning: in GetNodeDiscoveryResults at line 136 of /builds/omniverse/usd-ci/USD/pxr/usd/usdShade/shaderDefUtils.cpp -- Unable to resolve info:sourceAsset </UsdPrimvarReader_int.info:mdl:sourceAsset> with value @UsdPreviewSurface.mdl@.

2026-10-08 12:51:24 [5,448ms] [Warning] [omni.usd] Warning: in GetNodeDiscoveryResults at line 136 of /builds/omniverse/usd-ci/USD/pxr/usd/usdShade/shaderDefUtils.cpp -- Unable to resolve info:sourceAsset </UsdPrimvarReader_string.info:mdl:sourceAsset> with value @UsdPreviewSurface.mdl@.

2026-10-08 12:51:24 [5,448ms] [Warning] [omni.usd] Warning: in GetNodeDiscoveryResults at line 136 of /builds/omniverse/usd-ci/USD/pxr/usd/usdShade/shaderDefUtils.cpp -- Unable to resolve info:sourceAsset </UsdPrimvarReader_normal.info:mdl:sourceAsset> with value @UsdPreviewSurface.mdl@.

2026-10-08 12:51:24 [5,448ms] [Warning] [omni.usd] Warning: in GetNodeDiscoveryResults at line 136 of /builds/omniverse/usd-ci/USD/pxr/usd/usdShade/shaderDefUtils.cpp -- Unable to resolve info:sourceAsset </UsdPrimvarReader_point.info:mdl:sourceAsset> with value @UsdPreviewSurface.mdl@.

2026-10-08 12:51:24 [5,450ms] [Warning] [omni.usd] Warning: in GetNodeDiscoveryResults at line 136 of /builds/omniverse/usd-ci/USD/pxr/usd/usdShade/shaderDefUtils.cpp -- Unable to resolve info:sourceAsset </UsdPrimvarReader_vector.info:mdl:sourceAsset> with value @UsdPreviewSurface.mdl@.

2026-10-08 12:51:24 [5,450ms] [Warning] [omni.usd] Warning: in GetNodeDiscoveryResults at line 136 of /builds/omniverse/usd-ci/USD/pxr/usd/usdShade/shaderDefUtils.cpp -- Unable to resolve info:sourceAsset </UsdPrimvarReader_matrix.info:mdl:sourceAsset> with value @UsdPreviewSurface.mdl@.

2026-10-08 12:51:24 [5,450ms] [Warning] [omni.usd] Warning: in GetNodeDiscoveryResults at line 136 of /builds/omniverse/usd-ci/USD/pxr/usd/usdShade/shaderDefUtils.cpp -- Unable to resolve info:sourceAsset </UsdTransform2d.info:mdl:sourceAsset> with value @UsdPreviewSurface.mdl@.

[INFO] Command Manager:  <CommandManager> contains 1 active terms.
+------------------------------------------------+
|              Active Command Terms              |
+-------+---------------+------------------------+
| Index | Name          |          Type          |
+-------+---------------+------------------------+
|   0   | base_velocity | UniformVelocityCommand |
+-------+---------------+------------------------+

[INFO] Recorder Manager:  <RecorderManager> contains 0 active terms.
+---------------------+
| Active Recorder Terms |
+-----------+---------+
|   Index   | Name    |
+-----------+---------+
+-----------+---------+

[INFO] Action Manager:  <ActionManager> contains 1 active terms.
+------------------------------------+
|  Active Action Terms (shape: 12)   |
+--------+-------------+-------------+
| Index  | Name        |   Dimension |
+--------+-------------+-------------+
|   0    | joint_pos   |          12 |
+--------+-------------+-------------+

[INFO] Observation Manager: <ObservationManager> contains 1 groups.
+---------------------------------------------------------+
| Active Observation Terms in Group: 'policy' (shape: (48,)) |
+-----------+---------------------------------+-----------+
|   Index   | Name                            |   Shape   |
+-----------+---------------------------------+-----------+
|     0     | base_lin_vel                    |    (3,)   |
|     1     | base_ang_vel                    |    (3,)   |
|     2     | projected_gravity               |    (3,)   |
|     3     | velocity_commands               |    (3,)   |
|     4     | joint_pos                       |   (12,)   |
|     5     | joint_vel                       |   (12,)   |
|     6     | actions                         |   (12,)   |
+-----------+---------------------------------+-----------+

[INFO] Event Manager:  <EventManager> contains 3 active terms.
+--------------------------------------+
| Active Event Terms in Mode: 'startup' |
+----------+---------------------------+
|  Index   | Name                      |
+----------+---------------------------+
|    0     | physics_material          |
+----------+---------------------------+
+---------------------------------------+
|  Active Event Terms in Mode: 'reset'  |
+--------+------------------------------+
| Index  | Name                         |
+--------+------------------------------+
|   0    | base_external_force_torque   |
|   1    | reset_base                   |
|   2    | reset_robot_joints           |
+--------+------------------------------+
+----------------------------------------------+
|    Active Event Terms in Mode: 'interval'    |
+-------+------------+-------------------------+
| Index | Name       | Interval time range (s) |
+-------+------------+-------------------------+
|   0   | push_robot |       (10.0, 15.0)      |
+-------+------------+-------------------------+

[INFO] Termination Manager:  <TerminationManager> contains 2 active terms.
+---------------------------------+
|     Active Termination Terms    |
+-------+--------------+----------+
| Index | Name         | Time Out |
+-------+--------------+----------+
|   0   | time_out     |   True   |
|   1   | base_contact |  False   |
+-------+--------------+----------+

[INFO] Reward Manager:  <RewardManager> contains 11 active terms.
+-----------------------------------------+
|           Active Reward Terms           |
+-------+----------------------+----------+
| Index | Name                 |   Weight |
+-------+----------------------+----------+
|   0   | track_lin_vel_xy_exp |      1.0 |
|   1   | track_ang_vel_z_exp  |      0.5 |
|   2   | lin_vel_z_l2         |     -2.0 |
|   3   | ang_vel_xy_l2        |    -0.05 |
|   4   | dof_torques_l2       | -2.5e-05 |
|   5   | dof_acc_l2           | -2.5e-07 |
|   6   | action_rate_l2       |    -0.01 |
|   7   | feet_air_time        |      0.5 |
|   8   | undesired_contacts   |     -1.0 |
|   9   | flat_orientation_l2  |     -5.0 |
|   10  | dof_pos_limits       |      0.0 |
+-------+----------------------+----------+

[INFO] Curriculum Manager:  <CurriculumManager> contains 0 active terms.
+----------------------+
| Active Curriculum Terms |
+-----------+----------+
|   Index   | Name     |
+-----------+----------+
+-----------+----------+

[INFO]: Completed setting up the environment...
[STAGE] environment_create_done
[STAGE] policy_adapter_setup_start
[STAGE] policy_adapter_setup_done
[INFO] task=YoboGo-Velocity-Flat-v0
[INFO] weights_adaptation=/run/media/pma213x/0C6A8CC86A8CAFCE/Ubuntu2/CodeU/Dog1/mini-cheetah-isaaclab/external_models/rapid-locomotion-rl/runs/rapid-locomotion/example/train/201852.132488/checkpoints/adaptation_module_latest.jit
[INFO] weights_body=/run/media/pma213x/0C6A8CC86A8CAFCE/Ubuntu2/CodeU/Dog1/mini-cheetah-isaaclab/external_models/rapid-locomotion-rl/runs/rapid-locomotion/example/train/201852.132488/checkpoints/body_latest.jit
[INFO] yobogo_observation_dim=48 rapid_observation_dim=42
[INFO] history_dim=630 action_dim=12
[INFO] inference_period=10 control_period_s=0.002 inference_hz=50
[INFO] rapid_replay_actuator_kp=20 kd=0.5 effort=18/18/26
[INFO] yobogo_command=[0.0, 0.0, 0.0] rapid_command=[0.0, 0.0, 0.0]
[INFO] model_dummy_action_shape=(1, 12)
[INFO] model_dummy_latent_shape=(1, 18)
[STAGE] event_loop_start
[DIAG_INFER] step=1 policy_action_max=1.179989 applied_action_max=0.250000 obs_max=1.000000 history_nonzero_rows=0 position_clip=0 torque_clip=0 action=[-0.21977190673351288, 0.8110651969909668, -0.3086051344871521, -0.10791710019111633, 0.7024935483932495, 0.44729340076446533, 0.14830221235752106, -1.1799890995025635, 0.8864455223083496, 0.22358742356300354, -0.5151156783103943, -0.7321031093597412]
[DIAG_TARGET] step=1 target_error=0.000000000 default=[0.0, -0.7853981852531433, 1.8654682636260986, 0.0, -0.7853981852531433, 1.8654682636260986, 0.0, -0.7853981852531433, 1.8654682636260986, 0.0, -0.7853981852531433, 1.8654682636260986] desired=[-0.12747149169445038, -0.737500011920929, 1.5575000047683716, 0.08651036024093628, -0.737500011920929, 1.6825000047683716, -0.08146222680807114, -0.862500011920929, 1.6825000047683716, 0.12794843316078186, -0.862500011920929, 1.5575000047683716] applied=[-0.12747149169445038, -0.737500011920929, 1.5575000047683716, 0.08651036024093628, -0.737500011920929, 1.6825000047683716, -0.08146222680807114, -0.862500011920929, 1.6825000047683716, 0.12794843316078186, -0.862500011920929, 1.5575000047683716] current=[-0.0009933196706697345, -0.7837328314781189, 1.8622394800186157, 0.0007179577951319516, -0.7841781973838806, 1.8638498783111572, -0.0005654828273691237, -0.7851011157035828, 1.86351478099823, 0.0011418381473049521, -0.7842655777931213, 1.8645994663238525]
[STAGE] first_step_done
[DIAG_INFER] step=11 policy_action_max=5.165016 applied_action_max=0.250000 obs_max=1.847584 history_nonzero_rows=1 position_clip=0 torque_clip=2 action=[5.165015697479248, 2.7311129570007324, 1.8622286319732666, -0.8989303112030029, 1.1963539123535156, -0.7171362042427063, -3.4374115467071533, 0.13848650455474854, -4.154306411743164, -3.963888645172119, -1.2918846607208252, 1.62251877784729]
[DIAG_TARGET] step=11 target_error=0.000000000 default=[0.0, -0.7853981852531433, 1.8654682636260986, 0.0, -0.7853981852531433, 1.8654682636260986, 0.0, -0.7853981852531433, 1.8654682636260986, 0.0, -0.7853981852531433, 1.8654682636260986] desired=[-0.06875000149011612, -0.737500011920929, 1.6825000047683716, 0.06875000149011612, -0.737500011920929, 1.5575000047683716, -0.13124999403953552, -0.7653783559799194, 1.5575000047683716, 0.06875000149011612, 0.09235942363739014, 1.0570179224014282] applied=[-0.06875000149011612, -0.737500011920929, 1.6825000047683716, 0.06875000149011612, -0.737500011920929, 1.5575000047683716, -0.13124999403953552, -0.7653783559799194, 1.5575000047683716, 0.06875000149011612, 0.09235942363739014, 1.0570179224014282] current=[-0.007050360087305307, -0.7464534044265747, 1.8239827156066895, -0.00018099747831001878, -0.748838484287262, 1.8420225381851196, -0.01658734679222107, -0.7754679322242737, 1.8399466276168823, 0.01064284984022379, -0.7553093433380127, 1.8539528846740723]
[DIAG_INFER] step=21 policy_action_max=10.060350 applied_action_max=0.250000 obs_max=5.165016 history_nonzero_rows=2 position_clip=0 torque_clip=2 action=[8.052152633666992, -0.6743217706680298, 2.7165324687957764, -0.29489871859550476, 1.8639938831329346, 1.0274690389633179, -7.485872745513916, -0.044751159846782684, -3.804896831512451, -10.06035041809082, -2.8480074405670166, 1.3391128778457642]
[DIAG_TARGET] step=21 target_error=0.000000000 default=[0.0, -0.7853981852531433, 1.8654682636260986, 0.0, -0.7853981852531433, 1.8654682636260986, 0.0, -0.7853981852531433, 1.8654682636260986, 0.0, -0.7853981852531433, 1.8654682636260986] desired=[-0.06875000149011612, -0.862500011920929, 1.6825000047683716, 0.06875000149011612, -0.737500011920929, 1.6825000047683716, -0.13124999403953552, -0.8111878037452698, 1.5575000047683716, -1.5, 0.7295258641242981, 1.6825000047683716] applied=[-0.06875000149011612, -0.862500011920929, 1.6825000047683716, 0.06875000149011612, -0.737500011920929, 1.6825000047683716, -0.13124999403953552, -0.8111878037452698, 1.5575000047683716, -1.5, 0.7295258641242981, 1.6825000047683716] current=[-0.05224542319774628, -0.7001841068267822, 1.7908000946044922, -0.04305659234523773, -0.6856022477149963, 1.8047072887420654, -0.039726611226797104, -0.7236611843109131, 1.8010181188583374, -0.00736871175467968, -0.6483590006828308, 1.781137228012085]
[DIAG_INFER] step=31 policy_action_max=7.037270 applied_action_max=0.250000 obs_max=10.060350 history_nonzero_rows=3 position_clip=0 torque_clip=4 action=[2.9740166664123535, -4.065973281860352, 1.6107721328735352, -7.037269592285156, 3.386512041091919, 1.567144513130188, -1.6978230476379395, -2.880098581314087, 0.9371703863143921, -2.440762758255005, -2.342167377471924, -0.356664776802063]
[DIAG_TARGET] step=31 target_error=0.000000015 default=[0.0, -0.7853981852531433, 1.8654682636260986, 0.0, -0.7853981852531433, 1.8654682636260986, 0.0, -0.7853981852531433, 1.8654682636260986, 0.0, -0.7853981852531433, 1.8654682636260986] desired=[-0.06875000149011612, -0.862500011920929, 1.6825000047683716, 0.06875000149011612, -0.737500011920929, 1.6825000047683716, -0.4937615990638733, -0.18135423958301544, 1.6825000047683716, -1.1655080318450928, -0.862500011920929, 2.700000047683716] applied=[-0.06875000149011612, -0.862500011920929, 1.6825000047683716, 0.06875000149011612, -0.737500011920929, 1.6825000047683716, -0.4937615990638733, -0.18135422468185425, 1.6825000047683716, -1.1655080318450928, -0.862500011920929, 2.700000047683716] current=[-0.14747461676597595, -0.7040760517120361, 1.8215970993041992, -0.06684393435716629, -0.6609535217285156, 1.7392265796661377, -0.1472977250814438, -0.6677548289299011, 1.759368896484375, -0.5700192451477051, -0.07815395295619965, 1.697087049484253]
[DIAG_INFER] step=41 policy_action_max=4.213881 applied_action_max=0.250000 obs_max=7.037270 history_nonzero_rows=4 position_clip=0 torque_clip=2 action=[1.0806598663330078, 2.024890661239624, -1.5428093671798706, -4.213881015777588, 1.611600637435913, 0.35957252979278564, -1.787703037261963, -1.1645452976226807, 2.8460941314697266, 4.044711589813232, -1.5604252815246582, 0.21594800055027008]
[DIAG_TARGET] step=41 target_error=0.000000000 default=[0.0, -0.7853981852531433, 1.8654682636260986, 0.0, -0.7853981852531433, 1.8654682636260986, 0.0, -0.7853981852531433, 1.8654682636260986, 0.0, -0.7853981852531433, 1.8654682636260986] desired=[-0.06875000149011612, -0.737500011920929, 1.5575000047683716, 0.06875000149011612, -0.737500011920929, 1.6825000047683716, -0.5651342868804932, -0.862500011920929, 1.6825000047683716, 0.27141648530960083, -0.862500011920929, 1.6739870309829712] applied=[-0.06875000149011612, -0.737500011920929, 1.5575000047683716, 0.06875000149011612, -0.737500011920929, 1.6825000047683716, -0.5651342868804932, -0.862500011920929, 1.6825000047683716, 0.27141648530960083, -0.862500011920929, 1.6739870309829712] current=[-0.13525821268558502, -0.7202946543693542, 1.846990942955017, 0.05683228746056557, -0.7125804424285889, 1.7063112258911133, -0.2725968062877655, -0.4728067219257355, 1.7019158601760864, -1.0781044960021973, -0.10236356407403946, 2.1817548274993896]
[DIAG_INFER] step=51 policy_action_max=12.323069 applied_action_max=0.250000 obs_max=4.242592 history_nonzero_rows=5 position_clip=0 torque_clip=2 action=[12.323068618774414, 6.3531622886657715, 8.383089065551758, 7.678250312805176, 1.8546236753463745, -12.05303955078125, -5.802269458770752, 1.8449645042419434, -8.890317916870117, -1.7973068952560425, -9.970335960388184, 12.235795021057129]
[DIAG_TARGET] step=51 target_error=0.000000000 default=[0.0, -0.7853981852531433, 1.8654682636260986, 0.0, -0.7853981852531433, 1.8654682636260986, 0.0, -0.7853981852531433, 1.8654682636260986, 0.0, -0.7853981852531433, 1.8654682636260986] desired=[-0.06875000149011612, -0.737500011920929, 1.6825000047683716, 0.13124999403953552, -0.737500011920929, 1.5575000047683716, -0.13124999403953552, -0.737500011920929, 1.5575000047683716, 1.5, -0.862500011920929, 1.0833410024642944] applied=[-0.06875000149011612, -0.737500011920929, 1.6825000047683716, 0.13124999403953552, -0.737500011920929, 1.5575000047683716, -0.13124999403953552, -0.737500011920929, 1.5575000047683716, 1.5, -0.862500011920929, 1.0833410024642944] current=[-0.06308146566152573, -0.7021182775497437, 1.8124085664749146, 0.16426287591457367, -0.7504395246505737, 1.6925222873687744, -0.35906079411506653, -0.5601273775100708, 1.699445366859436, -0.6846092939376831, -0.5143661499023438, 1.83883798122406]
[DIAG_INFER] step=61 policy_action_max=7.586028 applied_action_max=0.250000 obs_max=12.323069 history_nonzero_rows=6 position_clip=0 torque_clip=2 action=[6.044189453125, 0.5890516042709351, 3.292551279067993, -3.945070743560791, -0.8398576974868774, -4.068818092346191, -7.586028099060059, -0.3215098977088928, -6.104246139526367, 2.1402745246887207, -5.672231674194336, 4.359309196472168]
[DIAG_TARGET] step=61 target_error=0.000000000 default=[0.0, -0.7853981852531433, 1.8654682636260986, 0.0, -0.7853981852531433, 1.8654682636260986, 0.0, -0.7853981852531433, 1.8654682636260986, 0.0, -0.7853981852531433, 1.8654682636260986] desired=[-0.06875000149011612, -0.737500011920929, 1.6825000047683716, 0.06875000149011612, -0.862500011920929, 1.5575000047683716, -0.13124999403953552, -0.862500011920929, 1.5575000047683716, 0.7746601700782776, -0.862500011920929, -0.08414220809936523] applied=[-0.06875000149011612, -0.737500011920929, 1.6825000047683716, 0.06875000149011612, -0.862500011920929, 1.5575000047683716, -0.13124999403953552, -0.862500011920929, 1.5575000047683716, 0.7746601700782776, -0.862500011920929, -0.08414220809936523] current=[0.007566383108496666, -0.6929984092712402, 1.7444310188293457, 0.3018723726272583, -0.7443030476570129, 1.7451659440994263, -0.2658100426197052, -0.6904537081718445, 1.611383318901062, -0.15110322833061218, -0.6194970011711121, 1.8363635540008545]
[DIAG_INFER] step=71 policy_action_max=4.914228 applied_action_max=0.250000 obs_max=7.586028 history_nonzero_rows=7 position_clip=0 torque_clip=2 action=[4.257784366607666, 0.5732482671737671, 2.7260360717773438, -2.9729583263397217, 1.2848650217056274, -0.581404447555542, -4.9142279624938965, -1.1734259128570557, -0.0604095458984375, -4.763515949249268, -3.3188934326171875, 0.08215723931789398]
[DIAG_TARGET] step=71 target_error=0.000000000 default=[0.0, -0.7853981852531433, 1.8654682636260986, 0.0, -0.7853981852531433, 1.8654682636260986, 0.0, -0.7853981852531433, 1.8654682636260986, 0.0, -0.7853981852531433, 1.8654682636260986] desired=[-0.06875000149011612, -0.737500011920929, 1.6825000047683716, 0.06875000149011612, -0.737500011920929, 1.5575000047683716, -0.13124999403953552, -0.862500011920929, 1.6048976182937622, -1.5, -0.9487589597702026, 1.640539288520813] applied=[-0.06875000149011612, -0.737500011920929, 1.6825000047683716, 0.06875000149011612, -0.737500011920929, 1.5575000047683716, -0.13124999403953552, -0.862500011920929, 1.6048976182937622, -1.5, -0.9487589597702026, 1.640539288520813] current=[-0.039392150938510895, -0.7086194157600403, 1.706782579421997, 0.35485902428627014, -0.7095941305160522, 1.7980222702026367, -0.16195529699325562, -0.7880405783653259, 1.5779976844787598, -0.02512645721435547, -0.5624901652336121, 1.8194597959518433]
[DIAG_INFER] step=81 policy_action_max=6.065817 applied_action_max=0.250000 obs_max=4.914228 history_nonzero_rows=8 position_clip=0 torque_clip=2 action=[5.1844072341918945, 0.8232226371765137, 1.2313365936279297, -6.065816879272461, 0.12742100656032562, -0.6021941304206848, -4.912084579467773, -0.32233428955078125, -3.116799831390381, -1.9789869785308838, -1.5196568965911865, -0.08340547978878021]
[DIAG_TARGET] step=81 target_error=0.000000000 default=[0.0, -0.7853981852531433, 1.8654682636260986, 0.0, -0.7853981852531433, 1.8654682636260986, 0.0, -0.7853981852531433, 1.8654682636260986, 0.0, -0.7853981852531433, 1.8654682636260986] desired=[-0.06875000149011612, -0.737500011920929, 1.6825000047683716, 0.06875000149011612, -0.7681447863578796, 1.5575000047683716, -0.5676847696304321, -0.862500011920929, 1.5575000047683716, -0.3323964476585388, -0.862500011920929, 1.5991486310958862] applied=[-0.06875000149011612, -0.737500011920929, 1.6825000047683716, 0.06875000149011612, -0.7681447863578796, 1.5575000047683716, -0.5676847696304321, -0.862500011920929, 1.5575000047683716, -0.3323964476585388, -0.862500011920929, 1.5991486310958862] current=[-0.1522533893585205, -0.7331836223602295, 1.6968542337417603, 0.23795382678508759, -0.644553005695343, 1.7758110761642456, -0.20787011086940765, -0.8531960844993591, 1.5889912843704224, -0.5953790545463562, -0.6919481754302979, 1.7198078632354736]
[DIAG_INFER] step=91 policy_action_max=9.547079 applied_action_max=0.250000 obs_max=6.065817 history_nonzero_rows=9 position_clip=0 torque_clip=1 action=[6.545103549957275, 5.233085632324219, 5.358033180236816, 1.5077787637710571, 0.6986452341079712, -5.808159828186035, -3.16277813911438, -0.39958900213241577, -3.7851738929748535, 1.3782578706741333, -6.534002304077148, 9.547079086303711]
[DIAG_TARGET] step=91 target_error=0.000000000 default=[0.0, -0.7853981852531433, 1.8654682636260986, 0.0, -0.7853981852531433, 1.8654682636260986, 0.0, -0.7853981852531433, 1.8654682636260986, 0.0, -0.7853981852531433, 1.8654682636260986] desired=[-0.06875000149011612, -0.737500011920929, 1.6825000047683716, 0.13124999403953552, -0.737500011920929, 1.5575000047683716, -0.13124999403953552, -0.862500011920929, 1.5575000047683716, 1.5, -0.862500011920929, 1.6825000047683716] applied=[-0.06875000149011612, -0.737500011920929, 1.6825000047683716, 0.13124999403953552, -0.737500011920929, 1.5575000047683716, -0.13124999403953552, -0.862500011920929, 1.5575000047683716, 1.5, -0.862500011920929, 1.6825000047683716] current=[-0.07582820951938629, -0.744681715965271, 1.6839476823806763, 0.20734339952468872, -0.6063072681427002, 1.7784982919692993, -0.30174827575683594, -0.8740136027336121, 1.5627131462097168, -0.7271923422813416, -0.8019402027130127, 1.6222329139709473]
[STAGE] video_encoding_start
[SUMMARY] {"task": "YoboGo-Velocity-Flat-v0", "mode": "smoke", "yobogo_walk_speed_m_s": 0.0, "rapid_walk_speed_m_s": 0.0, "adaptation_weight": "/run/media/pma213x/0C6A8CC86A8CAFCE/Ubuntu2/CodeU/Dog1/mini-cheetah-isaaclab/external_models/rapid-locomotion-rl/runs/rapid-locomotion/example/train/201852.132488/checkpoints/adaptation_module_latest.jit", "body_weight": "/run/media/pma213x/0C6A8CC86A8CAFCE/Ubuntu2/CodeU/Dog1/mini-cheetah-isaaclab/external_models/rapid-locomotion-rl/runs/rapid-locomotion/example/train/201852.132488/checkpoints/body_latest.jit", "completed_steps": 100, "inference_steps": 10, "expected_inference_steps": 10, "reset_count": 0, "safety_clip_count": 19, "position_clip_count": 0, "torque_clip_count": 19, "large_action_inference_count": 2, "official_clip_inference_count": 0, "max_abs_rapid_action": 0.25, "max_abs_policy_action": 12.323068618774414, "ood_guard_count": 109, "base_height_min_m": 0.2602356970310211, "max_abs_roll_deg": 13.122051285555546, "max_abs_pitch_deg": 2.5892720934995106, "xy_displacement_m": 0.08325067907571793, "mean_measured_velocity_m_s": 0.22063225589692592, "final_command": [0.0, 0.0, 0.0], "terminated_steps": 0, "stability_errors": [], "interface_ok": true, "stable_walking": true, "video": null, "video_frames_written": 0}
[STAGE] event_loop_done
