[3gH    H    H    H    H    H    H    H    H    H    H    H    H    H    H    H    H    H    H    H   [INFO] Using python from: /home/pma213x/.venvs/minicheetah-isaaclab/bin/python
[INFO][AppLauncher]: Loading experience file: /home/pma213x/IsaacLab/apps/isaaclab.python.headless.kit
[Warning] [simulation_app.simulation_app] Modules: ['omni.kit_app'] were loaded before SimulationApp was started and might not be loaded correctly.
[Warning] [simulation_app.simulation_app] Please check to make sure no extra omniverse or pxr modules are imported before the call to SimulationApp(...)
Loading user config located at: '/home/pma213x/.venvs/minicheetah-isaaclab/lib/python3.10/site-packages/omni/data/Kit/Isaac-Sim/4.5/user.config.json'
[Info] [carb] Logging to file: /home/pma213x/.venvs/minicheetah-isaaclab/lib/python3.10/site-packages/omni/logs/Kit/Isaac-Sim/4.5/kit_20261008_205131.log
2026-10-08 12:51:31 [0ms] [Warning] [omni.kit.app.plugin] No crash reporter present, dumps uploading isn't available.
2026-10-08 12:51:31 [94ms] [Warning] [omni.usd_config.extension] Enable omni.materialx.libs extension to use MaterialX
2026-10-08 12:51:31 [380ms] [Warning] [omni.datastore] OmniHub is inaccessible
2026-10-08 12:51:31 [416ms] [Warning] [omni.isaac.dynamic_control] omni.isaac.dynamic_control is deprecated as of Isaac Sim 4.5. No action is needed from end-users.
Gym has been unmaintained since 2022 and does not support NumPy 2.0 amongst other critical functionality.
Please upgrade to Gymnasium, the maintained drop-in replacement of Gym, or contact the authors of your software and request that they upgrade.
See the migration guide at https://gymnasium.farama.org/introduction/migration_guide/ for additional information.
2026-10-08 12:51:33 [2,208ms] [Warning] [gpu.foundation.plugin] Skipping unsupported non-NVIDIA GPU: Intel(R) UHD Graphics (ADL-S GT0.5)
2026-10-08 12:51:33 [2,208ms] [Warning] [gpu.foundation.plugin] Skipping unsupported non-NVIDIA GPU: Intel(R) UHD Graphics (ADL-S GT0.5)

|---------------------------------------------------------------------------------------------|
| Driver Version: 580.178.04    | Graphics API: Vulkan
|=============================================================================================|
| GPU | Name                             | Active | LDA | GPU Memory | Vendor-ID | LUID       |
|     |                                  |        |     |            | Device-ID | UUID       |
|     |                                  |        |     |            | Bus-ID    |            |
|---------------------------------------------------------------------------------------------|
| 0   | NVIDIA GeForce RTX 4060 Laptop.. | Yes: 0 |     | 8188    MB | 10de      | 0          |
|     |                                  |        |     |            | 28e0      | 4d090564.. |
|     |                                  |        |     |            | 1         |            |
|---------------------------------------------------------------------------------------------|
| 1   | Intel(R) UHD Graphics (ADL-S G.. |        |     | 11374   MB | 8086      | 0          |
|     |                                  |        |     |            | 468b      | 86808b46.. |
|     |                                  |        |     |            | 0         |            |
|=============================================================================================|
| OS: 26.04.1 LTS (Resolute Raccoon) ubuntu, Version: 26.04.1, Kernel: 7.0.0-34-generic
| XServer Vendor: The X.Org Foundation, XServer Version: 12401010 (1.24.1.10)
| Processor: 13th Gen Intel(R) Core(TM) i5-13500HX
| Bare Metal Cores: 14 | Bare Metal Logical Cores: 28
| Available Cores:  20 
|---------------------------------------------------------------------------------------------|
| Total Memory (MB): 15166 | Free Memory: 6346
| Total Page/Swap (MB): 20479 | Free Page/Swap: 17750
|---------------------------------------------------------------------------------------------|
2026-10-08 12:51:33 [2,451ms] [Warning] [gpu.foundation.plugin] IOMMU is enabled.
2026-10-08 12:51:33 [2,452ms] [Warning] [gpu.foundation.plugin] Detected IOMMU is enabled. Running CUDA peer-to-peer bandwidth and latency validation.
Unidirectional P2P=Enabled Bandwidth (P2P Writes) Matrix (GB/s)
   D\D     0 
     0 209.99 
P2P=Enabled Latency (P2P Writes) Matrix (us)
   GPU     0 
     0   1.45 

   CPU     0 
     0   2.07 
[STAGE] config_start
[INFO]: Parsing configuration from: training.envs.velocity_flat_env_cfg:YoboGoVelocityFlatEnvCfg
[STAGE] config_done
[STAGE] environment_create_start
2026-10-08 12:51:33 [2,652ms] [Warning] [isaaclab.envs.manager_based_env] Seed not set for the environment. The environment creation may not be deterministic.
[INFO]: Base environment:
	Environment device    : cuda:0
	Environment seed      : None
	Physics step-size     : 0.0004
	Rendering step-size   : 0.002
	Environment step-size : 0.002
2026-10-08 12:51:33 [2,737ms] [Warning] [isaaclab.terrains.terrain_importer] Visual material specified for ground plane but no diffuse color found. Using default color: (0.0, 0.0, 0.0)
[INFO]: Time taken for scene creation : 2.164774 seconds
[INFO]: Scene manager:  <class InteractiveScene>
	Number of environments: 1
	Environment spacing   : 2.5
	Source prim name      : /World/envs/env_0
	Global prim paths     : ['/World/ground']
	Replicate physics     : True
[INFO]: Starting the simulation. This may take a few seconds. Please wait...
[INFO]: Time taken for simulation start : 0.463231 seconds
2026-10-08 12:51:36 [5,556ms] [Warning] [omni.usd] Warning: in GetNodeDiscoveryResults at line 136 of /builds/omniverse/usd-ci/USD/pxr/usd/usdShade/shaderDefUtils.cpp -- Unable to resolve info:sourceAsset </UsdPreviewSurface.info:mdl:sourceAsset> with value @UsdPreviewSurface.mdl@.

2026-10-08 12:51:36 [5,556ms] [Warning] [omni.usd] Warning: in GetNodeDiscoveryResults at line 136 of /builds/omniverse/usd-ci/USD/pxr/usd/usdShade/shaderDefUtils.cpp -- Unable to resolve info:sourceAsset </UsdUVTexture.info:mdl:sourceAsset> with value @UsdPreviewSurface.mdl@.

2026-10-08 12:51:36 [5,556ms] [Warning] [omni.usd] Warning: in GetNodeDiscoveryResults at line 136 of /builds/omniverse/usd-ci/USD/pxr/usd/usdShade/shaderDefUtils.cpp -- Unable to resolve info:sourceAsset </UsdPrimvarReader_float.info:mdl:sourceAsset> with value @UsdPreviewSurface.mdl@.

2026-10-08 12:51:36 [5,557ms] [Warning] [omni.usd] Warning: in GetNodeDiscoveryResults at line 136 of /builds/omniverse/usd-ci/USD/pxr/usd/usdShade/shaderDefUtils.cpp -- Unable to resolve info:sourceAsset </UsdPrimvarReader_float2.info:mdl:sourceAsset> with value @UsdPreviewSurface.mdl@.

2026-10-08 12:51:36 [5,557ms] [Warning] [omni.usd] Warning: in GetNodeDiscoveryResults at line 136 of /builds/omniverse/usd-ci/USD/pxr/usd/usdShade/shaderDefUtils.cpp -- Unable to resolve info:sourceAsset </UsdPrimvarReader_float3.info:mdl:sourceAsset> with value @UsdPreviewSurface.mdl@.

2026-10-08 12:51:36 [5,557ms] [Warning] [omni.usd] Warning: in GetNodeDiscoveryResults at line 136 of /builds/omniverse/usd-ci/USD/pxr/usd/usdShade/shaderDefUtils.cpp -- Unable to resolve info:sourceAsset </UsdPrimvarReader_float4.info:mdl:sourceAsset> with value @UsdPreviewSurface.mdl@.

2026-10-08 12:51:36 [5,557ms] [Warning] [omni.usd] Warning: in GetNodeDiscoveryResults at line 136 of /builds/omniverse/usd-ci/USD/pxr/usd/usdShade/shaderDefUtils.cpp -- Unable to resolve info:sourceAsset </UsdPrimvarReader_int.info:mdl:sourceAsset> with value @UsdPreviewSurface.mdl@.

2026-10-08 12:51:36 [5,557ms] [Warning] [omni.usd] Warning: in GetNodeDiscoveryResults at line 136 of /builds/omniverse/usd-ci/USD/pxr/usd/usdShade/shaderDefUtils.cpp -- Unable to resolve info:sourceAsset </UsdPrimvarReader_string.info:mdl:sourceAsset> with value @UsdPreviewSurface.mdl@.

2026-10-08 12:51:36 [5,557ms] [Warning] [omni.usd] Warning: in GetNodeDiscoveryResults at line 136 of /builds/omniverse/usd-ci/USD/pxr/usd/usdShade/shaderDefUtils.cpp -- Unable to resolve info:sourceAsset </UsdPrimvarReader_normal.info:mdl:sourceAsset> with value @UsdPreviewSurface.mdl@.

2026-10-08 12:51:36 [5,557ms] [Warning] [omni.usd] Warning: in GetNodeDiscoveryResults at line 136 of /builds/omniverse/usd-ci/USD/pxr/usd/usdShade/shaderDefUtils.cpp -- Unable to resolve info:sourceAsset </UsdPrimvarReader_point.info:mdl:sourceAsset> with value @UsdPreviewSurface.mdl@.

2026-10-08 12:51:36 [5,558ms] [Warning] [omni.usd] Warning: in GetNodeDiscoveryResults at line 136 of /builds/omniverse/usd-ci/USD/pxr/usd/usdShade/shaderDefUtils.cpp -- Unable to resolve info:sourceAsset </UsdPrimvarReader_vector.info:mdl:sourceAsset> with value @UsdPreviewSurface.mdl@.

2026-10-08 12:51:36 [5,558ms] [Warning] [omni.usd] Warning: in GetNodeDiscoveryResults at line 136 of /builds/omniverse/usd-ci/USD/pxr/usd/usdShade/shaderDefUtils.cpp -- Unable to resolve info:sourceAsset </UsdPrimvarReader_matrix.info:mdl:sourceAsset> with value @UsdPreviewSurface.mdl@.

2026-10-08 12:51:36 [5,558ms] [Warning] [omni.usd] Warning: in GetNodeDiscoveryResults at line 136 of /builds/omniverse/usd-ci/USD/pxr/usd/usdShade/shaderDefUtils.cpp -- Unable to resolve info:sourceAsset </UsdTransform2d.info:mdl:sourceAsset> with value @UsdPreviewSurface.mdl@.

[INFO] Command Manager:  <CommandManager> contains 1 active terms.
+------------------------------------------------+
|              Active Command Terms              |
+-------+---------------+------------------------+
| Index | Name          |          Type          |
+-------+---------------+------------------------+
|   0   | base_velocity | UniformVelocityCommand |
+-------+---------------+------------------------+

[INFO] Recorder Manager:  <RecorderManager> contains 0 active terms.
+---------------------+
| Active Recorder Terms |
+-----------+---------+
|   Index   | Name    |
+-----------+---------+
+-----------+---------+

[INFO] Action Manager:  <ActionManager> contains 1 active terms.
+------------------------------------+
|  Active Action Terms (shape: 12)   |
+--------+-------------+-------------+
| Index  | Name        |   Dimension |
+--------+-------------+-------------+
|   0    | joint_pos   |          12 |
+--------+-------------+-------------+

[INFO] Observation Manager: <ObservationManager> contains 1 groups.
+---------------------------------------------------------+
| Active Observation Terms in Group: 'policy' (shape: (48,)) |
+-----------+---------------------------------+-----------+
|   Index   | Name                            |   Shape   |
+-----------+---------------------------------+-----------+
|     0     | base_lin_vel                    |    (3,)   |
|     1     | base_ang_vel                    |    (3,)   |
|     2     | projected_gravity               |    (3,)   |
|     3     | velocity_commands               |    (3,)   |
|     4     | joint_pos                       |   (12,)   |
|     5     | joint_vel                       |   (12,)   |
|     6     | actions                         |   (12,)   |
+-----------+---------------------------------+-----------+

[INFO] Event Manager:  <EventManager> contains 3 active terms.
+--------------------------------------+
| Active Event Terms in Mode: 'startup' |
+----------+---------------------------+
|  Index   | Name                      |
+----------+---------------------------+
|    0     | physics_material          |
+----------+---------------------------+
+---------------------------------------+
|  Active Event Terms in Mode: 'reset'  |
+--------+------------------------------+
| Index  | Name                         |
+--------+------------------------------+
|   0    | base_external_force_torque   |
|   1    | reset_base                   |
|   2    | reset_robot_joints           |
+--------+------------------------------+
+----------------------------------------------+
|    Active Event Terms in Mode: 'interval'    |
+-------+------------+-------------------------+
| Index | Name       | Interval time range (s) |
+-------+------------+-------------------------+
|   0   | push_robot |       (10.0, 15.0)      |
+-------+------------+-------------------------+

[INFO] Termination Manager:  <TerminationManager> contains 2 active terms.
+---------------------------------+
|     Active Termination Terms    |
+-------+--------------+----------+
| Index | Name         | Time Out |
+-------+--------------+----------+
|   0   | time_out     |   True   |
|   1   | base_contact |  False   |
+-------+--------------+----------+

[INFO] Reward Manager:  <RewardManager> contains 11 active terms.
+-----------------------------------------+
|           Active Reward Terms           |
+-------+----------------------+----------+
| Index | Name                 |   Weight |
+-------+----------------------+----------+
|   0   | track_lin_vel_xy_exp |      1.0 |
|   1   | track_ang_vel_z_exp  |      0.5 |
|   2   | lin_vel_z_l2         |     -2.0 |
|   3   | ang_vel_xy_l2        |    -0.05 |
|   4   | dof_torques_l2       | -2.5e-05 |
|   5   | dof_acc_l2           | -2.5e-07 |
|   6   | action_rate_l2       |    -0.01 |
|   7   | feet_air_time        |      0.5 |
|   8   | undesired_contacts   |     -1.0 |
|   9   | flat_orientation_l2  |     -5.0 |
|   10  | dof_pos_limits       |      0.0 |
+-------+----------------------+----------+

[INFO] Curriculum Manager:  <CurriculumManager> contains 0 active terms.
+----------------------+
| Active Curriculum Terms |
+-----------+----------+
|   Index   | Name     |
+-----------+----------+
+-----------+----------+

[INFO]: Completed setting up the environment...
[STAGE] environment_create_done
[STAGE] policy_adapter_setup_start
[STAGE] policy_adapter_setup_done
[INFO] task=YoboGo-Velocity-Flat-v0
[INFO] weights_adaptation=/run/media/pma213x/0C6A8CC86A8CAFCE/Ubuntu2/CodeU/Dog1/mini-cheetah-isaaclab/external_models/rapid-locomotion-rl/runs/rapid-locomotion/example/train/201852.132488/checkpoints/adaptation_module_latest.jit
[INFO] weights_body=/run/media/pma213x/0C6A8CC86A8CAFCE/Ubuntu2/CodeU/Dog1/mini-cheetah-isaaclab/external_models/rapid-locomotion-rl/runs/rapid-locomotion/example/train/201852.132488/checkpoints/body_latest.jit
[INFO] yobogo_observation_dim=48 rapid_observation_dim=42
[INFO] history_dim=630 action_dim=12
[INFO] inference_period=10 control_period_s=0.002 inference_hz=50
[INFO] rapid_replay_actuator_kp=20 kd=0.5 effort=18/18/26
[INFO] yobogo_command=[0.15, 0.0, 0.0] rapid_command=[0.3, 0.0, 0.0]
[INFO] model_dummy_action_shape=(1, 12)
[INFO] model_dummy_latent_shape=(1, 18)
[STAGE] event_loop_start
[DIAG_INFER] step=1 policy_action_max=1.248121 applied_action_max=0.250000 obs_max=1.000000 history_nonzero_rows=0 position_clip=0 torque_clip=0 action=[-0.19197027385234833, 0.6424431800842285, -0.2432028353214264, -0.12731769680976868, 0.7155737280845642, 0.4644814133644104, 0.1710740625858307, -1.248120903968811, 0.8329900503158569, 0.16779926419258118, -0.6457257270812988, -0.7750471234321594]
[DIAG_TARGET] step=1 target_error=0.000000000 default=[0.0, -0.7853981852531433, 1.8654682636260986, 0.0, -0.7853981852531433, 1.8654682636260986, 0.0, -0.7853981852531433, 1.8654682636260986, 0.0, -0.7853981852531433, 1.8654682636260986] desired=[-0.12399628758430481, -0.737500011920929, 1.559199333190918, 0.08408528566360474, -0.737500011920929, 1.6825000047683716, -0.07861573994159698, -0.862500011920929, 1.6825000047683716, 0.12097491323947906, -0.862500011920929, 1.5575000047683716] applied=[-0.12399628758430481, -0.737500011920929, 1.559199333190918, 0.08408528566360474, -0.737500011920929, 1.6825000047683716, -0.07861573994159698, -0.862500011920929, 1.6825000047683716, 0.12097491323947906, -0.862500011920929, 1.5575000047683716] current=[0.0001494132447987795, -0.7844669818878174, 1.865659475326538, 0.0005793418968096375, -0.784267246723175, 1.8642698526382446, -0.00013287139881867915, -0.7850031852722168, 1.8658925294876099, 0.0007319237338379025, -0.7845112085342407, 1.864508867263794]
[STAGE] first_step_done
[DIAG_INFER] step=11 policy_action_max=1.558728 applied_action_max=0.250000 obs_max=1.248121 history_nonzero_rows=1 position_clip=0 torque_clip=0 action=[1.539582371711731, 1.402563452720642, 0.6840019226074219, -0.7418375611305237, 0.575420081615448, 0.2723879814147949, -0.4538647532463074, -0.9122217893600464, -0.4464340806007385, -1.5587280988693237, 0.555974006652832, -0.6743274927139282]
[DIAG_TARGET] step=11 target_error=0.000000000 default=[0.0, -0.7853981852531433, 1.8654682636260986, 0.0, -0.7853981852531433, 1.8654682636260986, 0.0, -0.7853981852531433, 1.8654682636260986, 0.0, -0.7853981852531433, 1.8654682636260986] desired=[-0.06875000149011612, -0.737500011920929, 1.6825000047683716, 0.06875000149011612, -0.737500011920929, 1.6825000047683716, -0.13124999403953552, -0.862500011920929, 1.5575000047683716, 0.06875000149011612, -0.737500011920929, 1.5575000047683716] applied=[-0.06875000149011612, -0.737500011920929, 1.6825000047683716, 0.06875000149011612, -0.737500011920929, 1.6825000047683716, -0.13124999403953552, -0.862500011920929, 1.5575000047683716, 0.06875000149011612, -0.737500011920929, 1.5575000047683716] current=[0.0020056411158293486, -0.773456335067749, 1.8616087436676025, 0.0024019149132072926, -0.7662668228149414, 1.8463225364685059, 0.0029178690165281296, -0.7775256633758545, 1.869382381439209, 0.004598156549036503, -0.7692013382911682, 1.8527060747146606]
[DIAG_INFER] step=21 policy_action_max=3.658991 applied_action_max=0.250000 obs_max=1.558728 history_nonzero_rows=2 position_clip=0 torque_clip=0 action=[3.520669937133789, 1.094294548034668, 2.0785601139068604, 0.5177892446517944, 0.5678200721740723, -0.14786553382873535, -2.8085193634033203, -1.2059999704360962, -2.0223703384399414, -3.6589908599853516, -0.46726566553115845, 1.6336156129837036]
[DIAG_TARGET] step=21 target_error=0.000000000 default=[0.0, -0.7853981852531433, 1.8654682636260986, 0.0, -0.7853981852531433, 1.8654682636260986, 0.0, -0.7853981852531433, 1.8654682636260986, 0.0, -0.7853981852531433, 1.8654682636260986] desired=[-0.06875000149011612, -0.737500011920929, 1.6825000047683716, 0.13124999403953552, -0.737500011920929, 1.583033561706543, -0.13124999403953552, -0.862500011920929, 1.5575000047683716, 0.06875000149011612, -0.862500011920929, 1.6825000047683716] applied=[-0.06875000149011612, -0.737500011920929, 1.6825000047683716, 0.13124999403953552, -0.737500011920929, 1.583033561706543, -0.13124999403953552, -0.862500011920929, 1.5575000047683716, 0.06875000149011612, -0.862500011920929, 1.6825000047683716] current=[-0.005472179967910051, -0.7599706649780273, 1.8533580303192139, -0.005178934428840876, -0.743499219417572, 1.8212218284606934, -0.0005262692575342953, -0.7672746181488037, 1.8689706325531006, 0.0011507890885695815, -0.7485859394073486, 1.8321274518966675]
[DIAG_INFER] step=31 policy_action_max=3.366940 applied_action_max=0.250000 obs_max=3.658991 history_nonzero_rows=3 position_clip=0 torque_clip=0 action=[3.3669395446777344, 2.016331434249878, 1.546687364578247, 0.5914851427078247, -0.1979493647813797, -0.2306426763534546, -1.5283429622650146, -0.18603920936584473, -1.5391173362731934, -1.3245431184768677, -1.253870964050293, 2.3112070560455322]
[DIAG_TARGET] step=31 target_error=0.000000000 default=[0.0, -0.7853981852531433, 1.8654682636260986, 0.0, -0.7853981852531433, 1.8654682636260986, 0.0, -0.7853981852531433, 1.8654682636260986, 0.0, -0.7853981852531433, 1.8654682636260986] desired=[-0.06875000149011612, -0.737500011920929, 1.6825000047683716, 0.13124999403953552, -0.8494873642921448, 1.5623393058776855, -0.13124999403953552, -0.8465098142623901, 1.5575000047683716, 0.06875000149011612, -0.862500011920929, 1.6825000047683716] applied=[-0.06875000149011612, -0.737500011920929, 1.6825000047683716, 0.13124999403953552, -0.8494873642921448, 1.5623393058776855, -0.13124999403953552, -0.8465098142623901, 1.5575000047683716, 0.06875000149011612, -0.862500011920929, 1.6825000047683716] current=[-0.0028512340504676104, -0.7450501918792725, 1.840732455253601, -0.002592152915894985, -0.7237855195999146, 1.794945240020752, 0.0011572461808100343, -0.7561056017875671, 1.8656467199325562, 0.01691129244863987, -0.7530260682106018, 1.8135756254196167]
[DIAG_INFER] step=41 policy_action_max=2.899839 applied_action_max=0.250000 obs_max=3.366940 history_nonzero_rows=4 position_clip=0 torque_clip=0 action=[2.89983868598938, 1.9095799922943115, 1.4516044855117798, 1.2215021848678589, -0.003135502338409424, -0.15096747875213623, -1.5373239517211914, -0.33658385276794434, -1.3855290412902832, -1.1863796710968018, -1.4664578437805176, 2.2468912601470947]
[DIAG_TARGET] step=41 target_error=0.000000000 default=[0.0, -0.7853981852531433, 1.8654682636260986, 0.0, -0.7853981852531433, 1.8654682636260986, 0.0, -0.7853981852531433, 1.8654682636260986, 0.0, -0.7853981852531433, 1.8654682636260986] desired=[-0.06875000149011612, -0.737500011920929, 1.6825000047683716, 0.13124999403953552, -0.8007838726043701, 1.5822581052780151, -0.13124999403953552, -0.862500011920929, 1.5575000047683716, 0.06875000149011612, -0.862500011920929, 1.6825000047683716] applied=[-0.06875000149011612, -0.737500011920929, 1.6825000047683716, 0.13124999403953552, -0.8007838726043701, 1.5822581052780151, -0.13124999403953552, -0.862500011920929, 1.5575000047683716, 0.06875000149011612, -0.862500011920929, 1.6825000047683716] current=[0.0024531446397304535, -0.7330002188682556, 1.8284260034561157, 0.020541539415717125, -0.7212293148040771, 1.7608870267868042, -0.002055147662758827, -0.7494247555732727, 1.8668984174728394, 0.03116985782980919, -0.7710779905319214, 1.8025274276733398]
[DIAG_INFER] step=51 policy_action_max=2.766259 applied_action_max=0.250000 obs_max=2.899839 history_nonzero_rows=5 position_clip=0 torque_clip=0 action=[2.766258955001831, 1.603557825088501, 1.3290693759918213, 1.5189968347549438, 0.020235911011695862, 0.028231792151927948, -1.4956245422363281, -0.5306508541107178, -1.2367264032363892, -2.0213491916656494, -1.332749605178833, 1.9536670446395874]
[DIAG_TARGET] step=51 target_error=0.000000000 default=[0.0, -0.7853981852531433, 1.8654682636260986, 0.0, -0.7853981852531433, 1.8654682636260986, 0.0, -0.7853981852531433, 1.8654682636260986, 0.0, -0.7853981852531433, 1.8654682636260986] desired=[-0.06875000149011612, -0.737500011920929, 1.6825000047683716, 0.13124999403953552, -0.7949410080909729, 1.6270579099655151, -0.13124999403953552, -0.862500011920929, 1.5575000047683716, 0.06875000149011612, -0.862500011920929, 1.6825000047683716] applied=[-0.06875000149011612, -0.737500011920929, 1.6825000047683716, 0.13124999403953552, -0.7949410080909729, 1.6270579099655151, -0.13124999403953552, -0.862500011920929, 1.5575000047683716, 0.06875000149011612, -0.862500011920929, 1.6825000047683716] current=[0.0016308148624375463, -0.7251438498497009, 1.820788025856018, 0.05228596180677414, -0.7268868088722229, 1.7178373336791992, -0.01611141487956047, -0.7475292682647705, 1.8749715089797974, 0.03158547356724739, -0.7853990793228149, 1.7972971200942993]
[DIAG_INFER] step=61 policy_action_max=2.982539 applied_action_max=0.250000 obs_max=2.766259 history_nonzero_rows=6 position_clip=0 torque_clip=0 action=[2.982539415359497, 1.3513914346694946, 1.3438165187835693, 1.6961063146591187, 0.19668683409690857, -0.06850863248109818, -1.4877183437347412, -0.8840834498405457, -1.2567006349563599, -2.4554519653320312, -1.249253511428833, 2.2009503841400146]
[DIAG_TARGET] step=61 target_error=0.000000000 default=[0.0, -0.7853981852531433, 1.8654682636260986, 0.0, -0.7853981852531433, 1.8654682636260986, 0.0, -0.7853981852531433, 1.8654682636260986, 0.0, -0.7853981852531433, 1.8654682636260986] desired=[-0.06875000149011612, -0.737500011920929, 1.6825000047683716, 0.13124999403953552, -0.7508283257484436, 1.6028728485107422, -0.13124999403953552, -0.862500011920929, 1.5575000047683716, 0.06875000149011612, -0.862500011920929, 1.6825000047683716] applied=[-0.06875000149011612, -0.737500011920929, 1.6825000047683716, 0.13124999403953552, -0.7508283257484436, 1.6028728485107422, -0.13124999403953552, -0.862500011920929, 1.5575000047683716, 0.06875000149011612, -0.862500011920929, 1.6825000047683716] current=[-0.0009686027769930661, -0.7203710675239563, 1.8190165758132935, 0.08575765788555145, -0.7488611340522766, 1.6769020557403564, -0.03356016054749489, -0.7477243542671204, 1.8873533010482788, 0.02530505694448948, -0.7966771721839905, 1.7993760108947754]
[DIAG_INFER] step=71 policy_action_max=3.322238 applied_action_max=0.250000 obs_max=2.982539 history_nonzero_rows=7 position_clip=0 torque_clip=0 action=[3.322237968444824, 1.3619929552078247, 1.449823021888733, 1.5293883085250854, 0.21979710459709167, -0.025825627148151398, -1.3013103008270264, -0.9494641423225403, -1.2638741731643677, -2.44710373878479, -1.3491291999816895, 2.705493450164795]
[DIAG_TARGET] step=71 target_error=0.000000000 default=[0.0, -0.7853981852531433, 1.8654682636260986, 0.0, -0.7853981852531433, 1.8654682636260986, 0.0, -0.7853981852531433, 1.8654682636260986, 0.0, -0.7853981852531433, 1.8654682636260986] desired=[-0.06875000149011612, -0.737500011920929, 1.6825000047683716, 0.13124999403953552, -0.7450507283210754, 1.6135436296463013, -0.13124999403953552, -0.862500011920929, 1.5575000047683716, 0.06875000149011612, -0.862500011920929, 1.6825000047683716] applied=[-0.06875000149011612, -0.737500011920929, 1.6825000047683716, 0.13124999403953552, -0.7450507283210754, 1.6135436296463013, -0.13124999403953552, -0.862500011920929, 1.5575000047683716, 0.06875000149011612, -0.862500011920929, 1.6825000047683716] current=[-0.003661285387352109, -0.7167924046516418, 1.822049856185913, 0.10887134820222855, -0.7530603408813477, 1.6445389986038208, -0.05033399537205696, -0.7473587393760681, 1.9009525775909424, 0.015230652876198292, -0.8055958151817322, 1.8078060150146484]
[DIAG_INFER] step=81 policy_action_max=3.804358 applied_action_max=0.250000 obs_max=3.322238 history_nonzero_rows=8 position_clip=0 torque_clip=0 action=[3.8043580055236816, 1.7005566358566284, 1.7765676975250244, 1.3716485500335693, 0.2430964708328247, -0.2193835973739624, -1.2512946128845215, -1.0852844715118408, -1.2487683296203613, -1.8640254735946655, -1.6937825679779053, 3.6298282146453857]
[DIAG_TARGET] step=81 target_error=0.000000000 default=[0.0, -0.7853981852531433, 1.8654682636260986, 0.0, -0.7853981852531433, 1.8654682636260986, 0.0, -0.7853981852531433, 1.8654682636260986, 0.0, -0.7853981852531433, 1.8654682636260986] desired=[-0.06875000149011612, -0.737500011920929, 1.6825000047683716, 0.13124999403953552, -0.7392258644104004, 1.5651540756225586, -0.13124999403953552, -0.862500011920929, 1.5575000047683716, 0.06875000149011612, -0.862500011920929, 1.6825000047683716] applied=[-0.06875000149011612, -0.737500011920929, 1.6825000047683716, 0.13124999403953552, -0.7392258644104004, 1.5651540756225586, -0.13124999403953552, -0.862500011920929, 1.5575000047683716, 0.06875000149011612, -0.862500011920929, 1.6825000047683716] current=[-0.0019410087261348963, -0.7129665017127991, 1.827670931816101, 0.11825906485319138, -0.748936653137207, 1.6336121559143066, -0.06091509386897087, -0.7449025511741638, 1.9129033088684082, 0.006849190220236778, -0.8133678436279297, 1.8221452236175537]
[DIAG_INFER] step=91 policy_action_max=3.812628 applied_action_max=0.250000 obs_max=3.804358 history_nonzero_rows=9 position_clip=0 torque_clip=0 action=[3.8126277923583984, 1.8037811517715454, 1.8683393001556396, 1.2123117446899414, 0.3053366243839264, -0.018778689205646515, -1.4227306842803955, -1.081639289855957, -1.1494951248168945, -1.670154094696045, -1.7217705249786377, 3.8075127601623535]
[DIAG_TARGET] step=91 target_error=0.000000000 default=[0.0, -0.7853981852531433, 1.8654682636260986, 0.0, -0.7853981852531433, 1.8654682636260986, 0.0, -0.7853981852531433, 1.8654682636260986, 0.0, -0.7853981852531433, 1.8654682636260986] desired=[-0.06875000149011612, -0.737500011920929, 1.6825000047683716, 0.13124999403953552, -0.737500011920929, 1.6153053045272827, -0.13124999403953552, -0.862500011920929, 1.5575000047683716, 0.06875000149011612, -0.862500011920929, 1.6825000047683716] applied=[-0.06875000149011612, -0.737500011920929, 1.6825000047683716, 0.13124999403953552, -0.737500011920929, 1.6153053045272827, -0.13124999403953552, -0.862500011920929, 1.5575000047683716, 0.06875000149011612, -0.862500011920929, 1.6825000047683716] current=[0.0024196843151003122, -0.7081596255302429, 1.8339914083480835, 0.1217249408364296, -0.749760091304779, 1.6367210149765015, -0.06689941883087158, -0.7401195168495178, 1.922236680984497, 0.0011553522199392319, -0.8190050721168518, 1.8380540609359741]
[DIAG_INFER] step=101 policy_action_max=4.031642 applied_action_max=0.250000 obs_max=3.812628 history_nonzero_rows=10 position_clip=0 torque_clip=0 action=[3.833768844604492, 1.7938625812530518, 1.9790153503417969, 1.1680269241333008, 0.3230310082435608, -0.021943457424640656, -1.486034631729126, -1.2316149473190308, -1.0189703702926636, -1.803524136543274, -1.6386771202087402, 4.031642436981201]
[DIAG_TARGET] step=101 target_error=0.000000000 default=[0.0, -0.7853981852531433, 1.8654682636260986, 0.0, -0.7853981852531433, 1.8654682636260986, 0.0, -0.7853981852531433, 1.8654682636260986, 0.0, -0.7853981852531433, 1.8654682636260986] desired=[-0.06875000149011612, -0.737500011920929, 1.6825000047683716, 0.13124999403953552, -0.737500011920929, 1.6145141124725342, -0.13124999403953552, -0.862500011920929, 1.5575000047683716, 0.06875000149011612, -0.862500011920929, 1.6825000047683716] applied=[-0.06875000149011612, -0.737500011920929, 1.6825000047683716, 0.13124999403953552, -0.737500011920929, 1.6145141124725342, -0.13124999403953552, -0.862500011920929, 1.5575000047683716, 0.06875000149011612, -0.862500011920929, 1.6825000047683716] current=[0.006851733662188053, -0.7023704051971436, 1.8408820629119873, 0.12610991299152374, -0.7503176331520081, 1.6451811790466309, -0.06985336542129517, -0.7332634329795837, 1.9290369749069214, -0.001430630567483604, -0.8211960196495056, 1.852909803390503]
[DIAG_INFER] step=111 policy_action_max=3.768682 applied_action_max=0.250000 obs_max=4.031642 history_nonzero_rows=11 position_clip=0 torque_clip=0 action=[3.6617431640625, 1.5454493761062622, 1.9314384460449219, 0.9736452102661133, 0.2824860215187073, 0.17104673385620117, -1.565908432006836, -1.2125470638275146, -0.9797145128250122, -2.268425941467285, -1.4390065670013428, 3.768681526184082]
[DIAG_TARGET] step=111 target_error=0.000000000 default=[0.0, -0.7853981852531433, 1.8654682636260986, 0.0, -0.7853981852531433, 1.8654682636260986, 0.0, -0.7853981852531433, 1.8654682636260986, 0.0, -0.7853981852531433, 1.8654682636260986] desired=[-0.06875000149011612, -0.737500011920929, 1.6825000047683716, 0.13124999403953552, -0.737500011920929, 1.6627616882324219, -0.13124999403953552, -0.862500011920929, 1.5575000047683716, 0.06875000149011612, -0.862500011920929, 1.6825000047683716] applied=[-0.06875000149011612, -0.737500011920929, 1.6825000047683716, 0.13124999403953552, -0.737500011920929, 1.6627616882324219, -0.13124999403953552, -0.862500011920929, 1.5575000047683716, 0.06875000149011612, -0.862500011920929, 1.6825000047683716] current=[0.008713366463780403, -0.695944607257843, 1.8482798337936401, 0.12884658575057983, -0.7499966621398926, 1.6580990552902222, -0.07168180495500565, -0.7250688076019287, 1.933821678161621, -0.002755000488832593, -0.8194988369941711, 1.8657740354537964]
[DIAG_INFER] step=121 policy_action_max=3.590019 applied_action_max=0.250000 obs_max=3.768682 history_nonzero_rows=12 position_clip=0 torque_clip=0 action=[3.5562615394592285, 1.3816710710525513, 1.8617451190948486, 0.937820315361023, 0.3262016773223877, 0.16418719291687012, -1.5952763557434082, -1.2273012399673462, -0.9176983833312988, -2.7302327156066895, -1.252476453781128, 3.5900192260742188]
[DIAG_TARGET] step=121 target_error=0.000000000 default=[0.0, -0.7853981852531433, 1.8654682636260986, 0.0, -0.7853981852531433, 1.8654682636260986, 0.0, -0.7853981852531433, 1.8654682636260986, 0.0, -0.7853981852531433, 1.8654682636260986] desired=[-0.06875000149011612, -0.737500011920929, 1.6825000047683716, 0.13124999403953552, -0.737500011920929, 1.6610467433929443, -0.13124999403953552, -0.862500011920929, 1.5575000047683716, 0.06875000149011612, -0.862500011920929, 1.6825000047683716] applied=[-0.06875000149011612, -0.737500011920929, 1.6825000047683716, 0.13124999403953552, -0.737500011920929, 1.6610467433929443, -0.13124999403953552, -0.862500011920929, 1.5575000047683716, 0.06875000149011612, -0.862500011920929, 1.6825000047683716] current=[0.008445339277386665, -0.6891279220581055, 1.8558106422424316, 0.13038712739944458, -0.7490753531455994, 1.6758373975753784, -0.07162385433912277, -0.7160370945930481, 1.9366226196289062, -0.0020235267002135515, -0.8143694400787354, 1.8770945072174072]
[DIAG_INFER] step=131 policy_action_max=3.328146 applied_action_max=0.250000 obs_max=3.590019 history_nonzero_rows=13 position_clip=0 torque_clip=0 action=[3.328145742416382, 1.091003656387329, 1.689368724822998, 0.7607980370521545, 0.3150925636291504, 0.3460361957550049, -1.6704590320587158, -1.0189015865325928, -0.9313015937805176, -3.1919455528259277, -1.0794214010238647, 3.001495361328125]
[DIAG_TARGET] step=131 target_error=0.000000000 default=[0.0, -0.7853981852531433, 1.8654682636260986, 0.0, -0.7853981852531433, 1.8654682636260986, 0.0, -0.7853981852531433, 1.8654682636260986, 0.0, -0.7853981852531433, 1.8654682636260986] desired=[-0.06875000149011612, -0.737500011920929, 1.6825000047683716, 0.13124999403953552, -0.737500011920929, 1.6825000047683716, -0.13124999403953552, -0.862500011920929, 1.5575000047683716, 0.06875000149011612, -0.862500011920929, 1.6825000047683716] applied=[-0.06875000149011612, -0.737500011920929, 1.6825000047683716, 0.13124999403953552, -0.737500011920929, 1.6825000047683716, -0.13124999403953552, -0.862500011920929, 1.5575000047683716, 0.06875000149011612, -0.862500011920929, 1.6825000047683716] current=[0.004964286927133799, -0.6823955774307251, 1.8628838062286377, 0.129507914185524, -0.7476153373718262, 1.6972769498825073, -0.07066266983747482, -0.7070767879486084, 1.9379202127456665, -0.00017812098667491227, -0.8064147233963013, 1.8867772817611694]
[DIAG_INFER] step=141 policy_action_max=3.365628 applied_action_max=0.250000 obs_max=3.328146 history_nonzero_rows=14 position_clip=0 torque_clip=0 action=[3.131406784057617, 0.9923797845840454, 1.5783488750457764, 0.8600547909736633, 0.30552077293395996, 0.3203470706939697, -1.7520172595977783, -0.9870797395706177, -0.8469785451889038, -3.3656277656555176, -0.9616497755050659, 2.576930046081543]
[DIAG_TARGET] step=141 target_error=0.000000000 default=[0.0, -0.7853981852531433, 1.8654682636260986, 0.0, -0.7853981852531433, 1.8654682636260986, 0.0, -0.7853981852531433, 1.8654682636260986, 0.0, -0.7853981852531433, 1.8654682636260986] desired=[-0.06875000149011612, -0.737500011920929, 1.6825000047683716, 0.13124999403953552, -0.737500011920929, 1.6825000047683716, -0.13124999403953552, -0.862500011920929, 1.5575000047683716, 0.06875000149011612, -0.862500011920929, 1.6825000047683716] applied=[-0.06875000149011612, -0.737500011920929, 1.6825000047683716, 0.13124999403953552, -0.737500011920929, 1.6825000047683716, -0.13124999403953552, -0.862500011920929, 1.5575000047683716, 0.06875000149011612, -0.862500011920929, 1.6825000047683716] current=[-0.0012431485811248422, -0.676154613494873, 1.8683059215545654, 0.12661710381507874, -0.7457476854324341, 1.7210066318511963, -0.06847870349884033, -0.6990613341331482, 1.9379370212554932, 0.003062617965042591, -0.7967391014099121, 1.8952178955078125]
[DIAG_INFER] step=151 policy_action_max=3.512262 applied_action_max=0.250000 obs_max=3.365628 history_nonzero_rows=15 position_clip=0 torque_clip=0 action=[2.8655805587768555, 1.0410652160644531, 1.465449571609497, 0.9481755495071411, 0.21179191768169403, 0.24318397045135498, -1.8536303043365479, -0.8735429048538208, -0.842215359210968, -3.5122618675231934, -0.8782265186309814, 2.0527658462524414]
[DIAG_TARGET] step=151 target_error=0.000000000 default=[0.0, -0.7853981852531433, 1.8654682636260986, 0.0, -0.7853981852531433, 1.8654682636260986, 0.0, -0.7853981852531433, 1.8654682636260986, 0.0, -0.7853981852531433, 1.8654682636260986] desired=[-0.06875000149011612, -0.737500011920929, 1.6825000047683716, 0.13124999403953552, -0.747052013874054, 1.6807960271835327, -0.13124999403953552, -0.862500011920929, 1.5575000047683716, 0.06875000149011612, -0.862500011920929, 1.6825000047683716] applied=[-0.06875000149011612, -0.737500011920929, 1.6825000047683716, 0.13124999403953552, -0.747052013874054, 1.6807960271835327, -0.13124999403953552, -0.862500011920929, 1.5575000047683716, 0.06875000149011612, -0.862500011920929, 1.6825000047683716] current=[-0.009665021672844887, -0.6707378625869751, 1.8710825443267822, 0.12189347296953201, -0.7436925768852234, 1.7453418970108032, -0.0654042586684227, -0.6926055550575256, 1.9368407726287842, 0.00727851502597332, -0.786613404750824, 1.9028124809265137]
[DIAG_INFER] step=161 policy_action_max=3.532341 applied_action_max=0.250000 obs_max=3.512262 history_nonzero_rows=15 position_clip=0 torque_clip=0 action=[2.696564197540283, 1.1770398616790771, 1.3531965017318726, 1.0349429845809937, 0.09057079255580902, 0.12068735808134079, -1.9346048831939697, -0.773352861404419, -0.8857349157333374, -3.5323405265808105, -0.8982298374176025, 1.6547595262527466]
[DIAG_TARGET] step=161 target_error=0.000000000 default=[0.0, -0.7853981852531433, 1.8654682636260986, 0.0, -0.7853981852531433, 1.8654682636260986, 0.0, -0.7853981852531433, 1.8654682636260986, 0.0, -0.7853981852531433, 1.8654682636260986] desired=[-0.06875000149011612, -0.737500011920929, 1.6825000047683716, 0.13124999403953552, -0.7773573398590088, 1.6501718759536743, -0.13124999403953552, -0.862500011920929, 1.5575000047683716, 0.06875000149011612, -0.862500011920929, 1.6825000047683716] applied=[-0.06875000149011612, -0.737500011920929, 1.6825000047683716, 0.13124999403953552, -0.7773573398590088, 1.6501718759536743, -0.13124999403953552, -0.862500011920929, 1.5575000047683716, 0.06875000149011612, -0.862500011920929, 1.6825000047683716] current=[-0.01937481202185154, -0.6664179563522339, 1.8702194690704346, 0.11582072824239731, -0.741893470287323, 1.7684158086776733, -0.06174037232995033, -0.6882307529449463, 1.9347219467163086, 0.012079866603016853, -0.777454674243927, 1.9099706411361694]
[DIAG_INFER] step=171 policy_action_max=3.433962 applied_action_max=0.250000 obs_max=3.532341 history_nonzero_rows=15 position_clip=0 torque_clip=0 action=[2.5449061393737793, 1.2871352434158325, 1.3375370502471924, 0.9221203327178955, -0.0824977308511734, -0.017919428646564484, -1.852813720703125, -0.7623940706253052, -0.7124104499816895, -3.4339616298675537, -1.0072786808013916, 1.4445358514785767]
[DIAG_TARGET] step=171 target_error=0.000000000 default=[0.0, -0.7853981852531433, 1.8654682636260986, 0.0, -0.7853981852531433, 1.8654682636260986, 0.0, -0.7853981852531433, 1.8654682636260986, 0.0, -0.7853981852531433, 1.8654682636260986] desired=[-0.06875000149011612, -0.737500011920929, 1.6825000047683716, 0.13124999403953552, -0.8206244707107544, 1.6155201196670532, -0.13124999403953552, -0.862500011920929, 1.5575000047683716, 0.06875000149011612, -0.862500011920929, 1.6825000047683716] applied=[-0.06875000149011612, -0.737500011920929, 1.6825000047683716, 0.13124999403953552, -0.8206244707107544, 1.6155201196670532, -0.13124999403953552, -0.862500011920929, 1.5575000047683716, 0.06875000149011612, -0.862500011920929, 1.6825000047683716] current=[-0.02946607582271099, -0.6635004878044128, 1.8648227453231812, 0.10876491665840149, -0.7409918904304504, 1.7876999378204346, -0.05851679667830467, -0.6865264773368835, 1.9317712783813477, 0.01633797399699688, -0.7711001038551331, 1.9170870780944824]
[DIAG_INFER] step=181 policy_action_max=3.094583 applied_action_max=0.250000 obs_max=3.433962 history_nonzero_rows=15 position_clip=0 torque_clip=0 action=[2.4899497032165527, 1.3516757488250732, 1.415947437286377, 0.7030212879180908, -0.3028526306152344, -0.28060293197631836, -1.73197603225708, -0.746024489402771, -0.5545831322669983, -3.0945825576782227, -1.1796257495880127, 1.3471266031265259]
[DIAG_TARGET] step=181 target_error=0.000000000 default=[0.0, -0.7853981852531433, 1.8654682636260986, 0.0, -0.7853981852531433, 1.8654682636260986, 0.0, -0.7853981852531433, 1.8654682636260986, 0.0, -0.7853981852531433, 1.8654682636260986] desired=[-0.06875000149011612, -0.737500011920929, 1.6825000047683716, 0.13124999403953552, -0.862500011920929, 1.5575000047683716, -0.13124999403953552, -0.862500011920929, 1.5575000047683716, 0.06875000149011612, -0.862500011920929, 1.6825000047683716] applied=[-0.06875000149011612, -0.737500011920929, 1.6825000047683716, 0.13124999403953552, -0.862500011920929, 1.5575000047683716, -0.13124999403953552, -0.862500011920929, 1.5575000047683716, 0.06875000149011612, -0.862500011920929, 1.6825000047683716] current=[-0.038470372557640076, -0.6621659994125366, 1.8541624546051025, 0.10174402594566345, -0.7418723702430725, 1.8010139465332031, -0.056312043219804764, -0.687934398651123, 1.9279760122299194, 0.01931566186249256, -0.7694414854049683, 1.9246164560317993]
[DIAG_INFER] step=191 policy_action_max=2.515420 applied_action_max=0.250000 obs_max=3.094583 history_nonzero_rows=15 position_clip=0 torque_clip=0 action=[2.515420436859131, 1.3728445768356323, 1.5354080200195312, 0.49271222949028015, -0.48236560821533203, -0.43089044094085693, -1.8188042640686035, -0.7320467233657837, -0.5342409610748291, -2.514225482940674, -1.504061222076416, 1.2894357442855835]
[DIAG_TARGET] step=191 target_error=0.000000000 default=[0.0, -0.7853981852531433, 1.8654682636260986, 0.0, -0.7853981852531433, 1.8654682636260986, 0.0, -0.7853981852531433, 1.8654682636260986, 0.0, -0.7853981852531433, 1.8654682636260986] desired=[-0.06875000149011612, -0.737500011920929, 1.6825000047683716, 0.13124999403953552, -0.862500011920929, 1.5575000047683716, -0.13124999403953552, -0.862500011920929, 1.5575000047683716, 0.06875000149011612, -0.862500011920929, 1.6825000047683716] applied=[-0.06875000149011612, -0.737500011920929, 1.6825000047683716, 0.13124999403953552, -0.862500011920929, 1.5575000047683716, -0.13124999403953552, -0.862500011920929, 1.5575000047683716, 0.06875000149011612, -0.862500011920929, 1.6825000047683716] current=[-0.0457582101225853, -0.6623125672340393, 1.8379343748092651, 0.09507428109645844, -0.7449780702590942, 1.8057878017425537, -0.056654512882232666, -0.692537248134613, 1.9232696294784546, 0.01940837688744068, -0.7738279700279236, 1.9322729110717773]
[STAGE] video_encoding_start
[SUMMARY] {"task": "YoboGo-Velocity-Flat-v0", "mode": "smoke", "yobogo_walk_speed_m_s": 0.15, "rapid_walk_speed_m_s": 0.3, "adaptation_weight": "/run/media/pma213x/0C6A8CC86A8CAFCE/Ubuntu2/CodeU/Dog1/mini-cheetah-isaaclab/external_models/rapid-locomotion-rl/runs/rapid-locomotion/example/train/201852.132488/checkpoints/adaptation_module_latest.jit", "body_weight": "/run/media/pma213x/0C6A8CC86A8CAFCE/Ubuntu2/CodeU/Dog1/mini-cheetah-isaaclab/external_models/rapid-locomotion-rl/runs/rapid-locomotion/example/train/201852.132488/checkpoints/body_latest.jit", "completed_steps": 200, "inference_steps": 20, "expected_inference_steps": 20, "reset_count": 0, "safety_clip_count": 0, "position_clip_count": 0, "torque_clip_count": 0, "large_action_inference_count": 0, "official_clip_inference_count": 0, "max_abs_rapid_action": 0.25, "max_abs_policy_action": 4.031642436981201, "ood_guard_count": 211, "base_height_min_m": 0.24940507113933563, "max_abs_roll_deg": 5.282122462624791, "max_abs_pitch_deg": 2.6358810006223625, "xy_displacement_m": 0.03869489207863808, "mean_measured_velocity_m_s": -0.013001960210967809, "final_command": [0.15000000596046448, 0.0, 0.0], "terminated_steps": 0, "stability_errors": [], "interface_ok": true, "stable_walking": true, "video": null, "video_frames_written": 0}
[STAGE] event_loop_done
