[3gH    H    H    H    H    H    H    H    H    H    H    H    H    H    H    H    H    H    H    H   [INFO] Using python from: /home/pma213x/.venvs/minicheetah-isaaclab/bin/python
[INFO][AppLauncher]: Loading experience file: /home/pma213x/IsaacLab/apps/isaaclab.python.headless.rendering.kit
[Warning] [simulation_app.simulation_app] Modules: ['omni.kit_app'] were loaded before SimulationApp was started and might not be loaded correctly.
[Warning] [simulation_app.simulation_app] Please check to make sure no extra omniverse or pxr modules are imported before the call to SimulationApp(...)
Loading user config located at: '/home/pma213x/.venvs/minicheetah-isaaclab/lib/python3.10/site-packages/omni/data/Kit/Isaac-Sim/4.5/user.config.json'
[Info] [carb] Logging to file: /home/pma213x/.venvs/minicheetah-isaaclab/lib/python3.10/site-packages/omni/logs/Kit/Isaac-Sim/4.5/kit_20261008_224526.log
2026-10-08 14:45:26 [0ms] [Warning] [omni.kit.app.plugin] No crash reporter present, dumps uploading isn't available.
2026-10-08 14:45:27 [112ms] [Warning] [omni.datastore] OmniHub is inaccessible
2026-10-08 14:45:27 [130ms] [Warning] [carb.windowing-glfw.gamepad] Joystick with unknown remapping detected (will be ignored):  HUION 256C PEN STYLUS [030000006c250000edee000001000000]
2026-10-08 14:45:27 [295ms] [Warning] [gpu.foundation.plugin] Skipping unsupported non-NVIDIA GPU: Intel(R) UHD Graphics (ADL-S GT0.5)
2026-10-08 14:45:27 [295ms] [Warning] [gpu.foundation.plugin] Skipping unsupported non-NVIDIA GPU: Intel(R) UHD Graphics (ADL-S GT0.5)

|---------------------------------------------------------------------------------------------|
| Driver Version: 580.178.04    | Graphics API: Vulkan
|=============================================================================================|
| GPU | Name                             | Active | LDA | GPU Memory | Vendor-ID | LUID       |
|     |                                  |        |     |            | Device-ID | UUID       |
|     |                                  |        |     |            | Bus-ID    |            |
|---------------------------------------------------------------------------------------------|
| 0   | NVIDIA GeForce RTX 4060 Laptop.. | Yes: 0 |     | 8188    MB | 10de      | 0          |
|     |                                  |        |     |            | 28e0      | 4d090564.. |
|     |                                  |        |     |            | 1         |            |
|---------------------------------------------------------------------------------------------|
| 1   | Intel(R) UHD Graphics (ADL-S G.. |        |     | 11374   MB | 8086      | 0          |
|     |                                  |        |     |            | 468b      | 86808b46.. |
|     |                                  |        |     |            | 0         |            |
|=============================================================================================|
| OS: 26.04.1 LTS (Resolute Raccoon) ubuntu, Version: 26.04.1, Kernel: 7.0.0-34-generic
| XServer Vendor: The X.Org Foundation, XServer Version: 12401010 (1.24.1.10)
| Processor: 13th Gen Intel(R) Core(TM) i5-13500HX
| Bare Metal Cores: 14 | Bare Metal Logical Cores: 28
| Available Cores:  20 
|---------------------------------------------------------------------------------------------|
| Total Memory (MB): 15166 | Free Memory: 7503
| Total Page/Swap (MB): 20479 | Free Page/Swap: 14510
|---------------------------------------------------------------------------------------------|
2026-10-08 14:45:27 [556ms] [Warning] [gpu.foundation.plugin] IOMMU is enabled.
2026-10-08 14:45:27 [556ms] [Warning] [gpu.foundation.plugin] Detected IOMMU is enabled. Running CUDA peer-to-peer bandwidth and latency validation.
Unidirectional P2P=Enabled Bandwidth (P2P Writes) Matrix (GB/s)
   D\D     0 
     0 222.07 
P2P=Enabled Latency (P2P Writes) Matrix (us)
   GPU     0 
     0   1.30 

   CPU     0 
     0   1.46 
2026-10-08 14:45:28 [1,175ms] [Warning] [omni.isaac.dynamic_control] omni.isaac.dynamic_control is deprecated as of Isaac Sim 4.5. No action is needed from end-users.
2026-10-08 14:45:28 [1,517ms] [Warning] [omni.log] Source: omni.hydra was already registered.
2026-10-08 14:45:28 [1,946ms] [Warning] [omni.replicator.core.scripts.extension] No material configuration file, adding configuration to material settings directly.
Gym has been unmaintained since 2022 and does not support NumPy 2.0 amongst other critical functionality.
Please upgrade to Gymnasium, the maintained drop-in replacement of Gym, or contact the authors of your software and request that they upgrade.
See the migration guide at https://gymnasium.farama.org/introduction/migration_guide/ for additional information.
2026-10-08 14:45:29 [2,922ms] [Warning] [omni.usd-abi.plugin] No setting was found for '/rtx-defaults/ambientOcclusion/enabled'
2026-10-08 14:45:29 [2,922ms] [Warning] [omni.usd-abi.plugin] No setting was found for '/rtx-defaults/directLighting/sampledLighting/enabled'
2026-10-08 14:45:29 [2,922ms] [Warning] [omni.usd-abi.plugin] No setting was found for '/rtx-defaults/indirectDiffuse/enabled'
2026-10-08 14:45:29 [2,922ms] [Warning] [omni.usd-abi.plugin] No setting was found for '/rtx-defaults/raytracing/cached/enabled'
2026-10-08 14:45:29 [2,922ms] [Warning] [omni.usd-abi.plugin] No setting was found for '/rtx-defaults/reflections/enabled'
2026-10-08 14:45:29 [2,922ms] [Warning] [omni.usd-abi.plugin] No setting was found for '/rtx-defaults/sceneDb/ambientLightIntensity'
2026-10-08 14:45:29 [2,922ms] [Warning] [omni.usd-abi.plugin] No setting was found for '/rtx-defaults/translucency/enabled'
2026-10-08 14:45:29 [2,922ms] [Warning] [omni.usd-abi.plugin] No setting was found for '/rtx-defaults/viewTile/limit'
2026-10-08 14:45:29 [3,010ms] [Warning] [rtx.scenedb.plugin] SceneDbContext : TLAS limit buffer size 2908577024
2026-10-08 14:45:29 [3,010ms] [Warning] [rtx.scenedb.plugin] SceneDbContext : TLAS limit : valid true, within: false
2026-10-08 14:45:30 [3,094ms] [Warning] [omni.usd-abi.plugin] No setting was found for '/rtx-defaults/directLighting/sampledLighting/samplesPerPixel'
2026-10-08 14:45:30 [3,095ms] [Warning] [omni.usd-abi.plugin] No setting was found for '/rtx-defaults/pathtracing/maxSamplesPerLaunch'
2026-10-08 14:45:30 [3,095ms] [Warning] [omni.usd-abi.plugin] No setting was found for '/rtx-defaults-transient/meshlights/forceDisable'
2026-10-08 14:45:30 [3,135ms] [Warning] [omni.usd-abi.plugin] No setting was found for '/rtx-defaults/post/dlss/execMode'
[STAGE] config_start
[INFO]: Parsing configuration from: training.envs.velocity_flat_env_cfg:YoboGoVelocityFlatEnvCfg
[STAGE] config_done
[STAGE] environment_create_start
Setting seed: 0
[INFO]: Base environment:
	Environment device    : cuda:0
	Environment seed      : 0
	Physics step-size     : 0.0004
	Rendering step-size   : 0.002
	Environment step-size : 0.002
2026-10-08 14:45:33 [6,263ms] [Warning] [isaaclab.terrains.terrain_importer] Visual material specified for ground plane but no diffuse color found. Using default color: (0.0, 0.0, 0.0)
[INFO]: Time taken for scene creation : 2.492140 seconds
[INFO]: Scene manager:  <class InteractiveScene>
	Number of environments: 1
	Environment spacing   : 2.5
	Source prim name      : /World/envs/env_0
	Global prim paths     : ['/World/ground']
	Replicate physics     : True
[INFO]: Starting the simulation. This may take a few seconds. Please wait...
[INFO]: Time taken for simulation start : 0.376333 seconds
[INFO] Command Manager:  <CommandManager> contains 1 active terms.
+------------------------------------------------+
|              Active Command Terms              |
+-------+---------------+------------------------+
| Index | Name          |          Type          |
+-------+---------------+------------------------+
|   0   | base_velocity | UniformVelocityCommand |
+-------+---------------+------------------------+

[INFO] Recorder Manager:  <RecorderManager> contains 0 active terms.
+---------------------+
| Active Recorder Terms |
+-----------+---------+
|   Index   | Name    |
+-----------+---------+
+-----------+---------+

[INFO] Action Manager:  <ActionManager> contains 1 active terms.
+------------------------------------+
|  Active Action Terms (shape: 12)   |
+--------+-------------+-------------+
| Index  | Name        |   Dimension |
+--------+-------------+-------------+
|   0    | joint_pos   |          12 |
+--------+-------------+-------------+

[INFO] Observation Manager: <ObservationManager> contains 1 groups.
+---------------------------------------------------------+
| Active Observation Terms in Group: 'policy' (shape: (48,)) |
+-----------+---------------------------------+-----------+
|   Index   | Name                            |   Shape   |
+-----------+---------------------------------+-----------+
|     0     | base_lin_vel                    |    (3,)   |
|     1     | base_ang_vel                    |    (3,)   |
|     2     | projected_gravity               |    (3,)   |
|     3     | velocity_commands               |    (3,)   |
|     4     | joint_pos                       |   (12,)   |
|     5     | joint_vel                       |   (12,)   |
|     6     | actions                         |   (12,)   |
+-----------+---------------------------------+-----------+

[INFO] Event Manager:  <EventManager> contains 3 active terms.
+--------------------------------------+
| Active Event Terms in Mode: 'startup' |
+----------+---------------------------+
|  Index   | Name                      |
+----------+---------------------------+
|    0     | physics_material          |
+----------+---------------------------+
+---------------------------------------+
|  Active Event Terms in Mode: 'reset'  |
+--------+------------------------------+
| Index  | Name                         |
+--------+------------------------------+
|   0    | base_external_force_torque   |
|   1    | reset_base                   |
|   2    | reset_robot_joints           |
+--------+------------------------------+
+----------------------------------------------+
|    Active Event Terms in Mode: 'interval'    |
+-------+------------+-------------------------+
| Index | Name       | Interval time range (s) |
+-------+------------+-------------------------+
|   0   | push_robot |       (10.0, 15.0)      |
+-------+------------+-------------------------+

[INFO] Termination Manager:  <TerminationManager> contains 2 active terms.
+---------------------------------+
|     Active Termination Terms    |
+-------+--------------+----------+
| Index | Name         | Time Out |
+-------+--------------+----------+
|   0   | time_out     |   True   |
|   1   | base_contact |  False   |
+-------+--------------+----------+

[INFO] Reward Manager:  <RewardManager> contains 11 active terms.
+-----------------------------------------+
|           Active Reward Terms           |
+-------+----------------------+----------+
| Index | Name                 |   Weight |
+-------+----------------------+----------+
|   0   | track_lin_vel_xy_exp |      1.0 |
|   1   | track_ang_vel_z_exp  |      0.5 |
|   2   | lin_vel_z_l2         |     -2.0 |
|   3   | ang_vel_xy_l2        |    -0.05 |
|   4   | dof_torques_l2       | -2.5e-05 |
|   5   | dof_acc_l2           | -2.5e-07 |
|   6   | action_rate_l2       |    -0.01 |
|   7   | feet_air_time        |      0.5 |
|   8   | undesired_contacts   |     -1.0 |
|   9   | flat_orientation_l2  |     -5.0 |
|   10  | dof_pos_limits       |      0.0 |
+-------+----------------------+----------+

[INFO] Curriculum Manager:  <CurriculumManager> contains 0 active terms.
+----------------------+
| Active Curriculum Terms |
+-----------+----------+
|   Index   | Name     |
+-----------+----------+
+-----------+----------+

[INFO]: Completed setting up the environment...
[STAGE] environment_create_done
[STAGE] policy_adapter_setup_start
Setting seed: 0
[STAGE] policy_adapter_setup_done
2026-10-08 14:45:38 [11,714ms] [Warning] [omni.hydra.scene_delegate.plugin] Calling getBypassRenderSkelMeshProcessing for prim /World/envs/env_0/Robot/leg0_foot_link/visuals.proto_sphere_id0 that has not been populated
2026-10-08 14:45:38 [11,911ms] [Warning] [rtx.postprocessing.plugin] DLSS increasing input dimensions: Render resolution of (480, 270) is below minimal input resolution of 300.
2026-10-08 14:45:38 [11,928ms] [Warning] [omni.syntheticdata.plugin] OgnSdPostRenderVarToHost : rendervar copy from texture directly to host buffer is counter-performant. Please use copy from texture to device buffer first.
[INFO] task=YoboGo-Velocity-Flat-v0
[INFO] weights_adaptation=/run/media/pma213x/0C6A8CC86A8CAFCE/Ubuntu2/CodeU/Dog1/mini-cheetah-isaaclab/external_models/rapid-locomotion-rl/runs/rapid-locomotion/example/train/201852.132488/checkpoints/adaptation_module_latest.jit
[INFO] weights_body=/run/media/pma213x/0C6A8CC86A8CAFCE/Ubuntu2/CodeU/Dog1/mini-cheetah-isaaclab/external_models/rapid-locomotion-rl/runs/rapid-locomotion/example/train/201852.132488/checkpoints/body_latest.jit
[INFO] yobogo_observation_dim=48 rapid_observation_dim=42
[INFO] history_dim=630 action_dim=12
[INFO] inference_period=10 control_period_s=0.002 inference_hz=50
[INFO] rapid_replay_actuator_kp=20 kd=0.5 effort=18/18/26
[INFO] scenario=forward_diag rapid_command_requested=[0.6, 0.0, 0.0] settle_steps=100 motion_steps=300
[INFO] model_dummy_action_shape=(1, 12)
[INFO] model_dummy_latent_shape=(1, 18)
[STAGE] event_loop_start
[DIAG_INFER] step=1 policy_action_max=1.179989 applied_action_max=0.250000 obs_max=1.000000 history_nonzero_rows=0 position_clip=0 torque_clip=0 action=[-0.2197718471288681, 0.8110653162002563, -0.3086051642894745, -0.10791689157485962, 0.7024936676025391, 0.4472934603691101, 0.1483023315668106, -1.1799888610839844, 0.886445164680481, 0.2235875427722931, -0.5151156783103943, -0.732103168964386]
[DIAG_TARGET] step=1 target_error=0.000000000 default=[0.0, -0.7853981852531433, 1.8654682636260986, 0.0, -0.7853981852531433, 1.8654682636260986, 0.0, -0.7853981852531433, 1.8654682636260986, 0.0, -0.7853981852531433, 1.8654682636260986] desired=[-0.12747147679328918, -0.737500011920929, 1.5575000047683716, 0.08651039004325867, -0.737500011920929, 1.6825000047683716, -0.08146221190690994, -0.862500011920929, 1.6825000047683716, 0.12794844806194305, -0.862500011920929, 1.5575000047683716] applied=[-0.12747147679328918, -0.737500011920929, 1.5575000047683716, 0.08651039004325867, -0.737500011920929, 1.6825000047683716, -0.08146221190690994, -0.862500011920929, 1.6825000047683716, 0.12794844806194305, -0.862500011920929, 1.5575000047683716] current=[-0.000903383654076606, -0.788407027721405, 1.8698651790618896, 0.00036265887320041656, -0.7876172065734863, 1.8697789907455444, -0.0002921601408161223, -0.7878044843673706, 1.8683537244796753, 0.0005646472563967109, -0.7881984710693359, 1.8681175708770752]
[STAGE] first_step_done
[DIAG_INFER] step=11 policy_action_max=4.121734 applied_action_max=0.250000 obs_max=1.881486 history_nonzero_rows=1 position_clip=0 torque_clip=2 action=[-1.1216392517089844, 1.4155932664871216, -0.7749201059341431, -1.3778760433197021, 0.31270360946655273, 1.1741622686386108, 1.0624723434448242, -2.5561444759368896, 2.390869140625, 2.6105313301086426, -4.121733665466309, 1.0196729898452759]
[DIAG_TARGET] step=11 target_error=0.000000000 default=[0.0, -0.7853981852531433, 1.8654682636260986, 0.0, -0.7853981852531433, 1.8654682636260986, 0.0, -0.7853981852531433, 1.8654682636260986, 0.0, -0.7853981852531433, 1.8654682636260986] desired=[-0.13124999403953552, -0.737500011920929, 1.5575000047683716, 0.06875000149011612, -0.737500011920929, 1.6825000047683716, -0.06875000149011612, -0.862500011920929, 1.6825000047683716, 0.13124999403953552, -1.7790907621383667, 1.7924273014068604] applied=[-0.13124999403953552, -0.737500011920929, 1.5575000047683716, 0.06875000149011612, -0.737500011920929, 1.6825000047683716, -0.06875000149011612, -0.862500011920929, 1.6825000047683716, 0.13124999403953552, -1.7790907621383667, 1.7924273014068604] current=[-0.004869907163083553, -0.8322005867958069, 1.9047441482543945, -0.002628209302201867, -0.8254989385604858, 1.906456470489502, 0.005847670137882233, -0.8257610201835632, 1.8903461694717407, 0.006887491326779127, -0.8231250047683716, 1.8843997716903687]
[DIAG_INFER] step=21 policy_action_max=3.403152 applied_action_max=0.250000 obs_max=4.121734 history_nonzero_rows=2 position_clip=0 torque_clip=2 action=[3.043130397796631, 1.6594133377075195, 0.5751174688339233, -0.9745028018951416, -1.202411413192749, 0.1154770776629448, 1.3982059955596924, -2.508338689804077, 2.4056947231292725, 3.4031522274017334, -1.5668327808380127, -0.619455099105835]
[DIAG_TARGET] step=21 target_error=0.000000000 default=[0.0, -0.7853981852531433, 1.8654682636260986, 0.0, -0.7853981852531433, 1.8654682636260986, 0.0, -0.7853981852531433, 1.8654682636260986, 0.0, -0.7853981852531433, 1.8654682636260986] desired=[-0.06875000149011612, -0.737500011920929, 1.6825000047683716, 0.06875000149011612, -0.862500011920929, 1.648869276046753, -0.06875000149011612, -0.8633488416671753, 1.6825000047683716, 0.13124999403953552, -1.5921400785446167, 1.5575000047683716] applied=[-0.06875000149011612, -0.737500011920929, 1.6825000047683716, 0.06875000149011612, -0.862500011920929, 1.648869276046753, -0.06875000149011612, -0.8633488416671753, 1.6825000047683716, 0.13124999403953552, -1.5921400785446167, 1.5575000047683716] current=[0.00627655116841197, -0.8694356083869934, 1.9126121997833252, 0.008489685133099556, -0.8644415736198425, 1.926288366317749, 0.023636939004063606, -0.8659253120422363, 1.9051741361618042, 0.03827561438083649, -1.2093572616577148, 1.8421494960784912]
[DIAG_INFER] step=31 policy_action_max=2.274918 applied_action_max=0.250000 obs_max=3.403152 history_nonzero_rows=3 position_clip=0 torque_clip=1 action=[0.7216156125068665, 0.7187209129333496, 0.2099699079990387, -0.6602169275283813, -0.49068939685821533, 1.0522470474243164, 1.7777125835418701, -2.2749183177948, 1.3416635990142822, -0.34393635392189026, -0.28517645597457886, -0.3340827226638794]
[DIAG_TARGET] step=31 target_error=0.000000000 default=[0.0, -0.7853981852531433, 1.8654682636260986, 0.0, -0.7853981852531433, 1.8654682636260986, 0.0, -0.7853981852531433, 1.8654682636260986, 0.0, -0.7853981852531433, 1.8654682636260986] desired=[-0.06875000149011612, -0.737500011920929, 1.672492504119873, 0.06875000149011612, -0.862500011920929, 1.6825000047683716, -0.06875000149011612, -0.862500011920929, 1.6825000047683716, 0.06875000149011612, -0.9540992975234985, 1.5575000047683716] applied=[-0.06875000149011612, -0.737500011920929, 1.672492504119873, 0.06875000149011612, -0.862500011920929, 1.6825000047683716, -0.06875000149011612, -0.862500011920929, 1.6825000047683716, 0.06875000149011612, -0.9540992975234985, 1.5575000047683716] current=[0.006813001818954945, -0.8960496783256531, 1.9101238250732422, 0.008994193747639656, -0.8938299417495728, 1.9317052364349365, 0.026457706466317177, -0.8981682658195496, 1.9145082235336304, 0.08409954607486725, -1.506116509437561, 1.6523205041885376]
[DIAG_INFER] step=41 policy_action_max=3.611520 applied_action_max=0.250000 obs_max=2.274918 history_nonzero_rows=4 position_clip=0 torque_clip=1 action=[-1.096361517906189, 1.6310526132583618, 0.25061503052711487, -1.0066953897476196, 0.4415915012359619, 0.16052785515785217, 0.16816309094429016, -2.6983861923217773, 0.2720075249671936, -3.611520290374756, -0.08034166693687439, -2.255249500274658]
[DIAG_TARGET] step=41 target_error=0.000000000 default=[0.0, -0.7853981852531433, 1.8654682636260986, 0.0, -0.7853981852531433, 1.8654682636260986, 0.0, -0.7853981852531433, 1.8654682636260986, 0.0, -0.7853981852531433, 1.8654682636260986] desired=[-0.13124999403953552, -0.737500011920929, 1.6825000047683716, 0.06875000149011612, -0.737500011920929, 1.6601319313049316, -0.07897961139678955, -0.862500011920929, 1.6825000047683716, -0.10317713022232056, -0.8200854063034058, 1.5575000047683716] applied=[-0.13124999403953552, -0.737500011920929, 1.6825000047683716, 0.06875000149011612, -0.737500011920929, 1.6601319313049316, -0.07897961139678955, -0.862500011920929, 1.6825000047683716, -0.10317713022232056, -0.8200854063034058, 1.5575000047683716] current=[-0.015541560016572475, -0.9073464870452881, 1.907838225364685, -0.013385330326855183, -0.9035070538520813, 1.9238404035568237, 0.002538857515901327, -0.9065840840339661, 1.9063166379928589, 0.09527906775474548, -1.3561261892318726, 1.5654995441436768]
[DIAG_INFER] step=51 policy_action_max=7.292967 applied_action_max=0.250000 obs_max=3.611520 history_nonzero_rows=5 position_clip=0 torque_clip=1 action=[0.7578946948051453, 1.931114912033081, 2.588582754135132, -2.2754156589508057, -0.011961877346038818, -1.230993390083313, -3.8967530727386475, -5.333230018615723, -0.8494260311126709, -7.292966842651367, 0.7055754661560059, -3.1887898445129395]
[DIAG_TARGET] step=51 target_error=0.000000000 default=[0.0, -0.7853981852531433, 1.8654682636260986, 0.0, -0.7853981852531433, 1.8654682636260986, 0.0, -0.7853981852531433, 1.8654682636260986, 0.0, -0.7853981852531433, 1.8654682636260986] desired=[-0.06875000149011612, -0.737500011920929, 1.6825000047683716, 0.06875000149011612, -0.8029904961585999, 1.5575000047683716, -0.13124999403953552, -0.862500011920929, 1.5575000047683716, -1.0950068235397339, -0.737500011920929, 1.5575000047683716] applied=[-0.06875000149011612, -0.737500011920929, 1.6825000047683716, 0.06875000149011612, -0.8029904961585999, 1.5575000047683716, -0.13124999403953552, -0.862500011920929, 1.5575000047683716, -1.0950068235397339, -0.737500011920929, 1.5575000047683716] current=[-0.05417770892381668, -0.9041045308113098, 1.906100869178772, -0.051477134227752686, -0.8953319787979126, 1.9048634767532349, -0.042106010019779205, -0.8922638297080994, 1.8822575807571411, 0.037761226296424866, -1.2922825813293457, 1.5271260738372803]
[DIAG_INFER] step=61 policy_action_max=11.944821 applied_action_max=0.250000 obs_max=7.292967 history_nonzero_rows=6 position_clip=0 torque_clip=2 action=[2.843890428543091, 0.7888413667678833, 4.388756275177002, -4.158690929412842, 2.7548441886901855, -2.2185957431793213, -8.496330261230469, -7.217562198638916, -1.2772746086120605, -11.94482135772705, -3.4510865211486816, -1.1220645904541016]
[DIAG_TARGET] step=61 target_error=0.000000000 default=[0.0, -0.7853981852531433, 1.8654682636260986, 0.0, -0.7853981852531433, 1.8654682636260986, 0.0, -0.7853981852531433, 1.8654682636260986, 0.0, -0.7853981852531433, 1.8654682636260986] desired=[-0.06875000149011612, -0.737500011920929, 1.6825000047683716, 0.06875000149011612, -0.737500011920929, 1.5575000047683716, -0.13124999403953552, -0.862500011920929, 1.5575000047683716, -1.5, 0.034046292304992676, 1.5575000047683716] applied=[-0.06875000149011612, -0.737500011920929, 1.6825000047683716, 0.06875000149011612, -0.737500011920929, 1.5575000047683716, -0.13124999403953552, -0.862500011920929, 1.5575000047683716, -1.5, 0.034046292304992676, 1.5575000047683716] current=[-0.15066105127334595, -0.8816385269165039, 1.9233667850494385, -0.11242887377738953, -0.8517636656761169, 1.8411544561386108, -0.1693267822265625, -0.837273120880127, 1.8311978578567505, -0.30966055393218994, -1.2404687404632568, 1.5564416646957397]
[DIAG_INFER] step=71 policy_action_max=9.353663 applied_action_max=0.250000 obs_max=11.944821 history_nonzero_rows=7 position_clip=0 torque_clip=4 action=[6.352352619171143, -0.7911607027053833, 6.358397483825684, -6.222568511962891, 6.455351829528809, -1.2968050241470337, -5.888387680053711, -4.589680194854736, -0.10163164138793945, -9.353663444519043, -1.518349051475525, 4.7812089920043945]
[DIAG_TARGET] step=71 target_error=0.000000000 default=[0.0, -0.7853981852531433, 1.8654682636260986, 0.0, -0.7853981852531433, 1.8654682636260986, 0.0, -0.7853981852531433, 1.8654682636260986, 0.0, -0.7853981852531433, 1.8654682636260986] desired=[-0.06875000149011612, -0.862500011920929, 1.6825000047683716, 0.06875000149011612, -0.737500011920929, 1.5575000047683716, -0.38308224081993103, -0.862500011920929, 1.5945920944213867, -0.18359512090682983, 1.9289984703063965, 1.77415931224823] applied=[-0.06875000149011612, -0.862500011920929, 1.6825000047683716, 0.06875000149011612, -0.737500011920929, 1.5575000047683716, -0.38308224081993103, -0.862500011920929, 1.5945920944213867, -0.18359512090682983, 1.9289984703063965, 1.77415931224823] current=[-0.2078215330839157, -0.8242822885513306, 1.948510766029358, -0.0555771179497242, -0.7796059250831604, 1.7266846895217896, -0.23415237665176392, -0.7754498720169067, 1.7524617910385132, -0.7427119016647339, -0.916163444519043, 1.525400161743164]
[DIAG_INFER] step=81 policy_action_max=11.553191 applied_action_max=0.250000 obs_max=9.353663 history_nonzero_rows=8 position_clip=0 torque_clip=3 action=[7.796176910400391, 2.4810776710510254, 7.762632846832275, 1.4541598558425903, 5.973186016082764, -6.71847677230835, -5.658031940460205, 0.557302713394165, -8.039993286132812, -5.6328582763671875, -7.967078685760498, 11.553191184997559]
[DIAG_TARGET] step=81 target_error=0.000000007 default=[0.0, -0.7853981852531433, 1.8654682636260986, 0.0, -0.7853981852531433, 1.8654682636260986, 0.0, -0.7853981852531433, 1.8654682636260986, 0.0, -0.7853981852531433, 1.8654682636260986] desired=[-0.06875000149011612, -0.737500011920929, 1.6825000047683716, 0.13124999403953552, -0.737500011920929, 1.5575000047683716, -0.13124999403953552, -0.07644892483949661, 1.5575000047683716, 1.5, 1.0595979690551758, 1.6825000047683716] applied=[-0.06875000149011612, -0.737500011920929, 1.6825000047683716, 0.13124999403953552, -0.737500011920929, 1.5575000047683716, -0.13124999403953552, -0.07644891738891602, 1.5575000047683716, 1.5, 1.0595979690551758, 1.6825000047683716] current=[-0.1302051842212677, -0.7572451233863831, 1.9510414600372314, 0.09102363139390945, -0.7510648965835571, 1.6633278131484985, -0.22638098895549774, -0.7922787666320801, 1.6583507061004639, -0.6380253434181213, -0.11867908388376236, 1.5815114974975586]
[DIAG_INFER] step=91 policy_action_max=8.894320 applied_action_max=0.250000 obs_max=11.553191 history_nonzero_rows=9 position_clip=0 torque_clip=5 action=[7.47862434387207, 0.7839607000350952, 2.737518072128296, -2.885317087173462, 1.1019028425216675, -1.8105918169021606, -4.430206775665283, -0.04448484629392624, -8.894319534301758, -0.6274247169494629, -4.648533821105957, 3.380296230316162]
[DIAG_TARGET] step=91 target_error=0.000000060 default=[0.0, -0.7853981852531433, 1.8654682636260986, 0.0, -0.7853981852531433, 1.8654682636260986, 0.0, -0.7853981852531433, 1.8654682636260986, 0.0, -0.7853981852531433, 1.8654682636260986] desired=[-0.06875000149011612, -0.737500011920929, 1.6825000047683716, 0.06875000149011612, -0.737500011920929, 1.5575000047683716, 0.15042245388031006, 0.3396005630493164, 1.5575000047683716, 1.0698726177215576, -0.23992252349853516, 1.2972288131713867] applied=[-0.06875000149011612, -0.737500011920929, 1.6825000047683716, 0.06875000149011612, -0.737500011920929, 1.5575000047683716, 0.15042245388031006, 0.3396006226539612, 1.5575000047683716, 1.0698726177215576, -0.23992252349853516, 1.2972288131713867] current=[-0.0003802476276177913, -0.7121462225914001, 1.9164916276931763, 0.26124730706214905, -0.7633193731307983, 1.711129903793335, -0.17531828582286835, -0.5383652448654175, 1.5693769454956055, 0.1075684055685997, 0.5892320871353149, 1.571191668510437]
[DIAG_INFER] step=101 policy_action_max=5.762064 applied_action_max=0.250000 obs_max=8.894320 history_nonzero_rows=10 position_clip=0 torque_clip=3 action=[4.207379341125488, -2.6754255294799805, 3.9508397579193115, -0.6698619723320007, 2.618647336959839, -0.31066563725471497, -2.128434896469116, 1.6062836647033691, -1.9999167919158936, -5.762063980102539, -2.4107542037963867, 0.07376791536808014]
[DIAG_TARGET] step=101 target_error=0.000000000 default=[0.0, -0.7853981852531433, 1.8654682636260986, 0.0, -0.7853981852531433, 1.8654682636260986, 0.0, -0.7853981852531433, 1.8654682636260986, 0.0, -0.7853981852531433, 1.8654682636260986] desired=[-0.06875000149011612, -0.862500011920929, 1.6825000047683716, 0.06875000149011612, -0.4410957992076874, 1.5575000047683716, 0.32600167393684387, -0.737500011920929, 1.5575000047683716, -1.5, -0.862500011920929, 1.638442039489746] applied=[-0.06875000149011612, -0.862500011920929, 1.6825000047683716, 0.06875000149011612, -0.4410957992076874, 1.5575000047683716, 0.32600167393684387, -0.737500011920929, 1.5575000047683716, -1.5, -0.862500011920929, 1.638442039489746] current=[-0.03258884325623512, -0.6939502954483032, 1.8958289623260498, 0.2959638237953186, -0.7755695581436157, 1.7172088623046875, -0.10757290571928024, -0.07778370380401611, 1.547410011291504, 0.7371739149093628, 0.4947841763496399, 1.48579740524292]
[DIAG_INFER] step=111 policy_action_max=14.662884 applied_action_max=0.250000 obs_max=8.488172 history_nonzero_rows=11 position_clip=0 torque_clip=2 action=[-4.086272239685059, 4.87299108505249, 3.2176973819732666, -8.386483192443848, 0.6915037631988525, 0.9630080461502075, -3.798992872238159, -14.662883758544922, 3.872006416320801, -12.676729202270508, -3.11301851272583, -4.246816635131836]
[DIAG_TARGET] step=111 target_error=0.000000000 default=[0.0, -0.7853981852531433, 1.8654682636260986, 0.0, -0.7853981852531433, 1.8654682636260986, 0.0, -0.7853981852531433, 1.8654682636260986, 0.0, -0.7853981852531433, 1.8654682636260986] desired=[-0.13124999403953552, -0.737500011920929, 1.6825000047683716, 0.06875000149011612, -0.737500011920929, 1.6825000047683716, -0.13124999403953552, -0.862500011920929, 1.6825000047683716, -1.5, -0.862500011920929, 2.700000047683716] applied=[-0.13124999403953552, -0.737500011920929, 1.6825000047683716, 0.06875000149011612, -0.737500011920929, 1.6825000047683716, -0.13124999403953552, -0.862500011920929, 1.6825000047683716, -1.5, -0.862500011920929, 2.700000047683716] current=[-0.19796285033226013, -0.7068644762039185, 1.934736728668213, 0.13389505445957184, -0.7072629332542419, 1.6371264457702637, 0.005556967109441757, -0.14220808446407318, 1.5990148782730103, 0.24248801171779633, -0.18312010169029236, 1.5842759609222412]
[DIAG_INFER] step=121 policy_action_max=12.798100 applied_action_max=0.250000 obs_max=14.662884 history_nonzero_rows=12 position_clip=0 torque_clip=3 action=[-8.478148460388184, 5.4287519454956055, -0.6799411773681641, -12.087844848632812, 5.515653133392334, 0.8533722758293152, 3.000985860824585, -12.798099517822266, 5.617380142211914, -9.324213981628418, -3.0099830627441406, -3.4353652000427246]
[DIAG_TARGET] step=121 target_error=0.000000000 default=[0.0, -0.7853981852531433, 1.8654682636260986, 0.0, -0.7853981852531433, 1.8654682636260986, 0.0, -0.7853981852531433, 1.8654682636260986, 0.0, -0.7853981852531433, 1.8654682636260986] desired=[-0.13124999403953552, -0.737500011920929, 1.5575000047683716, 0.06875000149011612, -0.737500011920929, 1.6825000047683716, -0.6191889643669128, -0.862500011920929, 1.6825000047683716, -1.5, -0.862500011920929, 2.1998023986816406] applied=[-0.13124999403953552, -0.737500011920929, 1.5575000047683716, 0.06875000149011612, -0.737500011920929, 1.6825000047683716, -0.6191889643669128, -0.862500011920929, 1.6825000047683716, -1.5, -0.862500011920929, 2.1998023986816406] current=[-0.3285866975784302, -0.7126874327659607, 1.9707368612289429, 0.09374039620161057, -0.6793798804283142, 1.6676682233810425, 0.059165239334106445, -0.5394980311393738, 1.6519759893417358, -0.5774243474006653, -0.7523335218429565, 2.077605962753296]
[DIAG_INFER] step=131 policy_action_max=13.369955 applied_action_max=0.250000 obs_max=12.798100 history_nonzero_rows=13 position_clip=0 torque_clip=2 action=[0.6205225586891174, 5.811397075653076, 0.8689208030700684, -13.369955062866211, 1.7198363542556763, 5.6355671882629395, 3.204965353012085, -7.64623498916626, 3.646348237991333, 3.646928310394287, -0.7842999696731567, -2.813335418701172]
[DIAG_TARGET] step=131 target_error=0.000000000 default=[0.0, -0.7853981852531433, 1.8654682636260986, 0.0, -0.7853981852531433, 1.8654682636260986, 0.0, -0.7853981852531433, 1.8654682636260986, 0.0, -0.7853981852531433, 1.8654682636260986] desired=[-0.06875000149011612, -0.737500011920929, 1.6825000047683716, 0.06875000149011612, -0.737500011920929, 1.6825000047683716, -0.8277242183685303, -0.862500011920929, 1.6825000047683716, 0.13124999403953552, -0.862500011920929, 1.5927398204803467] applied=[-0.06875000149011612, -0.737500011920929, 1.6825000047683716, 0.06875000149011612, -0.737500011920929, 1.6825000047683716, -0.8277242183685303, -0.862500011920929, 1.6825000047683716, 0.13124999403953552, -0.862500011920929, 1.5927398204803467] current=[-0.3813048303127289, -0.7108046412467957, 2.001174211502075, 0.1157836988568306, -0.710141658782959, 1.678565263748169, -0.15650908648967743, -0.7533659934997559, 1.7115291357040405, -1.2034938335418701, -0.8450143337249756, 2.0927224159240723]
[DIAG_INFER] step=141 policy_action_max=21.831388 applied_action_max=0.250000 obs_max=13.369955 history_nonzero_rows=14 position_clip=0 torque_clip=2 action=[21.831388473510742, 11.002070426940918, 14.820282936096191, 3.9930856227874756, 0.08915959298610687, -16.601137161254883, -8.097002983093262, -3.33471941947937, -8.513581275939941, 0.029519177973270416, -7.906162261962891, 13.917713165283203]
[DIAG_TARGET] step=141 target_error=0.000000000 default=[0.0, -0.7853981852531433, 1.8654682636260986, 0.0, -0.7853981852531433, 1.8654682636260986, 0.0, -0.7853981852531433, 1.8654682636260986, 0.0, -0.7853981852531433, 1.8654682636260986] desired=[-0.06875000149011612, -0.737500011920929, 1.6825000047683716, 0.13124999403953552, -0.7777101397514343, 1.5575000047683716, -0.13124999403953552, -0.862500011920929, 1.5575000047683716, 1.5, -1.1950355768203735, 1.6825000047683716] applied=[-0.06875000149011612, -0.737500011920929, 1.6825000047683716, 0.13124999403953552, -0.7777101397514343, 1.5575000047683716, -0.13124999403953552, -0.862500011920929, 1.5575000047683716, 1.5, -1.1950355768203735, 1.6825000047683716] current=[-0.27823591232299805, -0.726597785949707, 1.9975171089172363, 0.19180850684642792, -0.738641083240509, 1.6829472780227661, -0.4190112352371216, -0.8270676136016846, 1.6770581007003784, -0.8126201629638672, -0.803725004196167, 1.779595971107483]
[DIAG_INFER] step=151 policy_action_max=17.778028 applied_action_max=0.250000 obs_max=21.831388 history_nonzero_rows=15 position_clip=0 torque_clip=3 action=[11.113616943359375, 5.880812168121338, 7.4691596031188965, 10.653379440307617, -0.16366590559482574, -12.006147384643555, -5.348171710968018, 3.8276803493499756, -11.284562110900879, 3.062246799468994, -17.77802848815918, 15.276165008544922]
[DIAG_TARGET] step=151 target_error=0.000000000 default=[0.0, -0.7853981852531433, 1.8654682636260986, 0.0, -0.7853981852531433, 1.8654682636260986, 0.0, -0.7853981852531433, 1.8654682636260986, 0.0, -0.7853981852531433, 1.8654682636260986] desired=[-0.06875000149011612, -0.737500011920929, 1.6825000047683716, 0.13124999403953552, -0.8409165143966675, 1.5575000047683716, 0.050185129046440125, -0.737500011920929, 1.5575000047683716, 1.5, -0.862500011920929, 0.020064115524291992] applied=[-0.06875000149011612, -0.737500011920929, 1.6825000047683716, 0.13124999403953552, -0.8409165143966675, 1.5575000047683716, 0.050185129046440125, -0.737500011920929, 1.5575000047683716, 1.5, -0.862500011920929, 0.020064115524291992] current=[-0.07104767858982086, -0.7432979941368103, 1.949509859085083, 0.26650139689445496, -0.778654932975769, 1.6479620933532715, -0.3689805269241333, -0.8567606210708618, 1.6099423170089722, 0.00735902227461338, -0.9186462759971619, 1.6562907695770264]
[DIAG_INFER] step=161 policy_action_max=6.296461 applied_action_max=0.250000 obs_max=17.778028 history_nonzero_rows=15 position_clip=0 torque_clip=3 action=[3.9101831912994385, 0.1983126699924469, 3.444974422454834, -3.6486876010894775, 1.3985835313796997, -1.8082884550094604, -6.2964606285095215, -0.1432952880859375, -4.040383338928223, -4.220954895019531, -3.579437494277954, 2.0294699668884277]
[DIAG_TARGET] step=161 target_error=0.000000000 default=[0.0, -0.7853981852531433, 1.8654682636260986, 0.0, -0.7853981852531433, 1.8654682636260986, 0.0, -0.7853981852531433, 1.8654682636260986, 0.0, -0.7853981852531433, 1.8654682636260986] desired=[-0.06875000149011612, -0.7504218220710754, 1.6825000047683716, 0.06875000149011612, -0.737500011920929, 1.5575000047683716, 0.6464195251464844, -0.8358238339424133, 1.5575000047683716, -0.866305410861969, -0.862500011920929, -0.9681837558746338] applied=[-0.06875000149011612, -0.7504218220710754, 1.6825000047683716, 0.06875000149011612, -0.737500011920929, 1.5575000047683716, 0.6464195251464844, -0.8358238339424133, 1.5575000047683716, -0.866305410861969, -0.862500011920929, -0.9681837558746338] current=[-0.031274013221263885, -0.7325071692466736, 1.871260404586792, 0.4325502812862396, -0.8550008535385132, 1.7131189107894897, -0.22911983728408813, -0.851179301738739, 1.6033384799957275, 0.7677154541015625, -0.8632247447967529, 1.1203275918960571]
[DIAG_INFER] step=171 policy_action_max=7.545372 applied_action_max=0.250000 obs_max=6.296461 history_nonzero_rows=15 position_clip=0 torque_clip=3 action=[3.4808239936828613, 1.1988438367843628, 1.3559688329696655, -1.5666192770004272, 1.2107335329055786, -0.8422830104827881, -2.9734065532684326, -2.672197103500366, 2.8146677017211914, -7.545372009277344, -1.5951168537139893, -3.0558533668518066]
[DIAG_TARGET] step=171 target_error=0.000000000 default=[0.0, -0.7853981852531433, 1.8654682636260986, 0.0, -0.7853981852531433, 1.8654682636260986, 0.0, -0.7853981852531433, 1.8654682636260986, 0.0, -0.7853981852531433, 1.8654682636260986] desired=[-0.06875000149011612, -0.737500011920929, 1.6825000047683716, 0.06875000149011612, -0.737500011920929, 1.5575000047683716, -0.13124999403953552, -0.862500011920929, 1.2679647207260132, -1.5, -0.862500011920929, 1.562313437461853] applied=[-0.06875000149011612, -0.737500011920929, 1.6825000047683716, 0.06875000149011612, -0.737500011920929, 1.5575000047683716, -0.13124999403953552, -0.862500011920929, 1.2679647207260132, -1.5, -0.862500011920929, 1.562313437461853] current=[-0.11421776562929153, -0.7324633598327637, 1.8501259088516235, 0.40553855895996094, -0.8847983479499817, 1.7154799699783325, -0.23124054074287415, -0.9186166524887085, 1.724100947380066, 0.6584304571151733, -0.8433353900909424, 0.6577435731887817]
[DIAG_INFER] step=181 policy_action_max=15.568347 applied_action_max=0.250000 obs_max=7.808208 history_nonzero_rows=15 position_clip=0 torque_clip=2 action=[-5.096785545349121, 4.673548698425293, 3.7747409343719482, -9.671483039855957, 2.296837568283081, -2.488171339035034, -6.946120738983154, -15.568346977233887, 3.3761038780212402, -15.445164680480957, -3.8415215015411377, -5.338515281677246]
[DIAG_TARGET] step=181 target_error=0.000000000 default=[0.0, -0.7853981852531433, 1.8654682636260986, 0.0, -0.7853981852531433, 1.8654682636260986, 0.0, -0.7853981852531433, 1.8654682636260986, 0.0, -0.7853981852531433, 1.8654682636260986] desired=[-0.13124999403953552, -0.737500011920929, 1.6825000047683716, 0.06875000149011612, -0.737500011920929, 1.5575000047683716, -0.13124999403953552, -0.862500011920929, 1.6825000047683716, -1.5, -0.862500011920929, 2.700000047683716] applied=[-0.13124999403953552, -0.737500011920929, 1.6825000047683716, 0.06875000149011612, -0.737500011920929, 1.5575000047683716, -0.13124999403953552, -0.862500011920929, 1.6825000047683716, -1.5, -0.862500011920929, 2.700000047683716] current=[-0.25234416127204895, -0.7355130910873413, 1.8929821252822876, 0.2604700028896332, -0.8829569816589355, 1.6786667108535767, -0.4155299663543701, -0.9240638017654419, 1.7638942003250122, 0.35870516300201416, -1.0983654260635376, 1.1080032587051392]
[DIAG_INFER] step=191 policy_action_max=14.674640 applied_action_max=0.250000 obs_max=15.568347 history_nonzero_rows=15 position_clip=0 torque_clip=4 action=[0.9423020482063293, 2.4855575561523438, 4.295114040374756, -9.774293899536133, 5.747842788696289, -3.675804376602173, -7.290012836456299, -11.85905933380127, 0.05596029758453369, -14.674639701843262, -7.467997074127197, -1.2192866802215576]
[DIAG_TARGET] step=191 target_error=0.000000000 default=[0.0, -0.7853981852531433, 1.8654682636260986, 0.0, -0.7853981852531433, 1.8654682636260986, 0.0, -0.7853981852531433, 1.8654682636260986, 0.0, -0.7853981852531433, 1.8654682636260986] desired=[-0.06875000149011612, -0.737500011920929, 1.6825000047683716, 0.06875000149011612, -0.737500011920929, 1.5575000047683716, -0.2757374048233032, -0.862500011920929, 1.6339900493621826, -1.5, 1.3172543048858643, 2.700000047683716] applied=[-0.06875000149011612, -0.737500011920929, 1.6825000047683716, 0.06875000149011612, -0.737500011920929, 1.5575000047683716, -0.2757374048233032, -0.862500011920929, 1.6339900493621826, -1.5, 1.3172543048858643, 2.700000047683716] current=[-0.3911239206790924, -0.6978058218955994, 1.9416158199310303, 0.13607408106327057, -0.8302358388900757, 1.6155868768692017, -0.5187364816665649, -0.8914692401885986, 1.8214677572250366, -0.2584293484687805, -1.2610580921173096, 1.6422333717346191]
[DIAG_INFER] step=201 policy_action_max=20.422960 applied_action_max=0.250000 obs_max=14.674640 history_nonzero_rows=15 position_clip=0 torque_clip=4 action=[11.605049133300781, 2.3823816776275635, 14.519515991210938, 3.5710084438323975, 9.7171630859375, -10.573799133300781, -13.75489616394043, 0.37178802490234375, -8.266283988952637, -13.753098487854004, -12.53929615020752, 20.42296028137207]
[DIAG_TARGET] step=201 target_error=0.000000000 default=[0.0, -0.7853981852531433, 1.8654682636260986, 0.0, -0.7853981852531433, 1.8654682636260986, 0.0, -0.7853981852531433, 1.8654682636260986, 0.0, -0.7853981852531433, 1.8654682636260986] desired=[-0.06875000149011612, -0.737500011920929, 1.6825000047683716, 0.13124999403953552, -0.737500011920929, 1.5575000047683716, -0.5806530714035034, -0.579753577709198, 1.5575000047683716, 1.5, 2.724945545196533, 1.6825000047683716] applied=[-0.06875000149011612, -0.737500011920929, 1.6825000047683716, 0.13124999403953552, -0.737500011920929, 1.5575000047683716, -0.5806530714035034, -0.579753577709198, 1.5575000047683716, 1.5, 2.724945545196533, 1.6825000047683716] current=[-0.3532692492008209, -0.6126223802566528, 1.9685755968093872, 0.16490639746189117, -0.7797024846076965, 1.5890406370162964, -0.4757480323314667, -0.825778603553772, 1.7973120212554932, -0.878004789352417, -0.6225059628486633, 2.097418785095215]
[DIAG_INFER] step=211 policy_action_max=21.404627 applied_action_max=0.250000 obs_max=20.422960 history_nonzero_rows=15 position_clip=0 torque_clip=4 action=[6.96874475479126, 6.76983118057251, 9.381909370422363, 15.326207160949707, -1.3455396890640259, -13.712742805480957, -7.644049167633057, 3.6556360721588135, -14.753881454467773, -1.786590337753296, -17.0625057220459, 21.404626846313477]
[DIAG_TARGET] step=211 target_error=0.000000060 default=[0.0, -0.7853981852531433, 1.8654682636260986, 0.0, -0.7853981852531433, 1.8654682636260986, 0.0, -0.7853981852531433, 1.8654682636260986, 0.0, -0.7853981852531433, 1.8654682636260986] desired=[-0.06875000149011612, -0.737500011920929, 1.6825000047683716, 0.13124999403953552, -0.862500011920929, 1.5575000047683716, -0.13124999403953552, 0.23764729499816895, 1.5575000047683716, 1.5, -0.5650714635848999, 1.5595468282699585] applied=[-0.06875000149011612, -0.737500011920929, 1.6825000047683716, 0.13124999403953552, -0.862500011920929, 1.5575000047683716, -0.13124999403953552, 0.23764735460281372, 1.5575000047683716, 1.5, -0.5650714635848999, 1.5595468282699585] current=[-0.1481916308403015, -0.5581943392753601, 1.950754165649414, 0.3629079759120941, -0.8070108890533447, 1.6426070928573608, -0.43365976214408875, -0.7071927189826965, 1.667047142982483, -0.528148889541626, 0.18941235542297363, 1.7822175025939941]
[DIAG_INFER] step=221 policy_action_max=7.580946 applied_action_max=0.250000 obs_max=21.404627 history_nonzero_rows=15 position_clip=0 torque_clip=5 action=[3.9679691791534424, 0.3831869661808014, 4.100160121917725, -4.734865188598633, -1.173110842704773, -2.1916520595550537, -7.58094596862793, -0.13698983192443848, -6.10250997543335, 2.1085047721862793, -6.934518814086914, 4.014121055603027]
[DIAG_TARGET] step=221 target_error=0.000000000 default=[0.0, -0.7853981852531433, 1.8654682636260986, 0.0, -0.7853981852531433, 1.8654682636260986, 0.0, -0.7853981852531433, 1.8654682636260986, 0.0, -0.7853981852531433, 1.8654682636260986] desired=[-0.06875000149011612, -0.737500011920929, 1.6825000047683716, 0.06875000149011612, -0.6745843887329102, 1.5575000047683716, 0.334436297416687, -0.8342474699020386, 1.5575000047683716, 0.14197200536727905, -1.5361801385879517, 1.0891387462615967] applied=[-0.06875000149011612, -0.737500011920929, 1.6825000047683716, 0.06875000149011612, -0.6745843887329102, 1.5575000047683716, 0.334436297416687, -0.8342474699020386, 1.5575000047683716, 0.14197200536727905, -1.5361801385879517, 1.0891387462615967] current=[-0.06372515857219696, -0.5739241242408752, 1.9105663299560547, 0.5350608229637146, -0.8477224707603455, 1.6901838779449463, -0.3682520389556885, -0.315939724445343, 1.5776166915893555, 0.2819526195526123, 0.23076798021793365, 1.666759729385376]
[DIAG_INFER] step=231 policy_action_max=5.828008 applied_action_max=0.250000 obs_max=7.580946 history_nonzero_rows=15 position_clip=0 torque_clip=1 action=[2.4373912811279297, -1.269185185432434, 2.1979806423187256, -5.82800817489624, 1.219425082206726, 0.31280308961868286, -5.713338375091553, -2.3020477294921875, 0.3628520965576172, -5.38253116607666, -3.3672730922698975, -2.234283685684204]
[DIAG_TARGET] step=231 target_error=0.000000000 default=[0.0, -0.7853981852531433, 1.8654682636260986, 0.0, -0.7853981852531433, 1.8654682636260986, 0.0, -0.7853981852531433, 1.8654682636260986, 0.0, -0.7853981852531433, 1.8654682636260986] desired=[-0.06875000149011612, -0.862500011920929, 1.6825000047683716, 0.06875000149011612, -0.737500011920929, 1.6825000047683716, -0.13124999403953552, -0.862500011920929, 1.6825000047683716, -1.5, -0.862500011920929, 1.5575000047683716] applied=[-0.06875000149011612, -0.862500011920929, 1.6825000047683716, 0.06875000149011612, -0.737500011920929, 1.6825000047683716, -0.13124999403953552, -0.862500011920929, 1.6825000047683716, -1.5, -0.862500011920929, 1.5575000047683716] current=[-0.14105409383773804, -0.6042642593383789, 1.9086003303527832, 0.47959545254707336, -0.8714724779129028, 1.6687767505645752, -0.2031111866235733, -0.33134737610816956, 1.690588355064392, 0.4370568096637726, -0.41917523741722107, 1.570980191230774]
[DIAG_INFER] step=241 policy_action_max=16.519897 applied_action_max=0.250000 obs_max=8.290334 history_nonzero_rows=15 position_clip=0 torque_clip=3 action=[-12.908605575561523, 4.77931022644043, 2.6219489574432373, -16.0633602142334, 2.3460326194763184, -1.7429440021514893, -4.125162124633789, -16.5198974609375, 6.100594520568848, -15.19391918182373, -1.5148637294769287, -4.447555065155029]
[DIAG_TARGET] step=241 target_error=0.000000000 default=[0.0, -0.7853981852531433, 1.8654682636260986, 0.0, -0.7853981852531433, 1.8654682636260986, 0.0, -0.7853981852531433, 1.8654682636260986, 0.0, -0.7853981852531433, 1.8654682636260986] desired=[-0.13124999403953552, -0.737500011920929, 1.6825000047683716, 0.06875000149011612, -0.737500011920929, 1.5575000047683716, -0.13124999403953552, -0.862500011920929, 1.6825000047683716, -1.5, -1.7871313095092773, 2.700000047683716] applied=[-0.13124999403953552, -0.737500011920929, 1.6825000047683716, 0.06875000149011612, -0.737500011920929, 1.5575000047683716, -0.13124999403953552, -0.862500011920929, 1.6825000047683716, -1.5, -1.7871313095092773, 2.700000047683716] current=[-0.33092036843299866, -0.6366670727729797, 1.9592360258102417, 0.2094113826751709, -0.820275604724884, 1.6633930206298828, -0.33281683921813965, -0.46255749464035034, 1.8867660760879517, 0.043719954788684845, -0.6649646162986755, 1.8038330078125]
[DIAG_INFER] step=251 policy_action_max=10.522709 applied_action_max=0.250000 obs_max=16.519897 history_nonzero_rows=15 position_clip=0 torque_clip=3 action=[10.522708892822266, 6.6041035652160645, 6.264851093292236, -6.083898544311523, 3.3325307369232178, -2.9396090507507324, -5.014225482940674, -6.055430889129639, -2.993502140045166, 0.5096278190612793, -1.655160665512085, 5.658724308013916]
[DIAG_TARGET] step=251 target_error=0.000000000 default=[0.0, -0.7853981852531433, 1.8654682636260986, 0.0, -0.7853981852531433, 1.8654682636260986, 0.0, -0.7853981852531433, 1.8654682636260986, 0.0, -0.7853981852531433, 1.8654682636260986] desired=[-0.06875000149011612, -0.737500011920929, 1.6825000047683716, 0.06875000149011612, -0.737500011920929, 1.5575000047683716, -0.7725875377655029, -0.9339474439620972, 1.5575000047683716, 1.102616548538208, -0.862500011920929, 1.6825000047683716] applied=[-0.06875000149011612, -0.737500011920929, 1.6825000047683716, 0.06875000149011612, -0.737500011920929, 1.5575000047683716, -0.7725875377655029, -0.9339474439620972, 1.5575000047683716, 1.102616548538208, -0.862500011920929, 1.6825000047683716] current=[-0.37536507844924927, -0.642856776714325, 1.9800491333007812, 0.1442081183195114, -0.7589457631111145, 1.6066819429397583, -0.3779711425304413, -0.5307058691978455, 1.9832862615585327, -0.732323169708252, -1.1750582456588745, 2.2236599922180176]
[DIAG_INFER] step=261 policy_action_max=20.409151 applied_action_max=0.250000 obs_max=10.522709 history_nonzero_rows=15 position_clip=0 torque_clip=2 action=[12.910690307617188, 9.534806251525879, 13.074808120727539, 10.248794555664062, -0.780643105506897, -12.291390419006348, -4.843724250793457, 3.8253540992736816, -10.082612037658691, -2.55904221534729, -17.005733489990234, 20.409151077270508]
[DIAG_TARGET] step=261 target_error=0.000000000 default=[0.0, -0.7853981852531433, 1.8654682636260986, 0.0, -0.7853981852531433, 1.8654682636260986, 0.0, -0.7853981852531433, 1.8654682636260986, 0.0, -0.7853981852531433, 1.8654682636260986] desired=[-0.06875000149011612, -0.737500011920929, 1.6825000047683716, 0.13124999403953552, -0.862500011920929, 1.5575000047683716, -0.13124999403953552, -0.737500011920929, 1.5575000047683716, 1.5, -0.862500011920929, 0.1314990520477295] applied=[-0.06875000149011612, -0.737500011920929, 1.6825000047683716, 0.13124999403953552, -0.862500011920929, 1.5575000047683716, -0.13124999403953552, -0.737500011920929, 1.5575000047683716, 1.5, -0.862500011920929, 0.1314990520477295] current=[-0.25285133719444275, -0.6536809206008911, 1.9352049827575684, 0.20112890005111694, -0.7445836067199707, 1.5859453678131104, -0.4258262813091278, -0.5910962820053101, 1.9479570388793945, -0.5501101016998291, -1.2190024852752686, 2.0872907638549805]
[DIAG_INFER] step=271 policy_action_max=14.803878 applied_action_max=0.250000 obs_max=20.409151 history_nonzero_rows=15 position_clip=0 torque_clip=2 action=[8.503181457519531, 1.8276593685150146, 3.475958824157715, 1.2211519479751587, -3.4646284580230713, -7.522738933563232, -12.796619415283203, 1.0890583992004395, -14.803877830505371, 8.04189395904541, -10.333399772644043, 11.463300704956055]
[DIAG_TARGET] step=271 target_error=0.000000000 default=[0.0, -0.7853981852531433, 1.8654682636260986, 0.0, -0.7853981852531433, 1.8654682636260986, 0.0, -0.7853981852531433, 1.8654682636260986, 0.0, -0.7853981852531433, 1.8654682636260986] desired=[-0.06875000149011612, -0.737500011920929, 1.6825000047683716, 0.13124999403953552, -0.862500011920929, 1.5575000047683716, -0.13124999403953552, -0.737500011920929, 1.5575000047683716, 1.5, -0.862500011920929, -1.8830296993255615] applied=[-0.06875000149011612, -0.737500011920929, 1.6825000047683716, 0.13124999403953552, -0.862500011920929, 1.5575000047683716, -0.13124999403953552, -0.737500011920929, 1.5575000047683716, 1.5, -0.862500011920929, -1.8830296993255615] current=[-0.08412273228168488, -0.6419090032577515, 1.8437680006027222, 0.3253062665462494, -0.7700297236442566, 1.6463278532028198, -0.2473660558462143, -0.5842114090919495, 1.872674584388733, -0.3672947287559509, -1.2401468753814697, 2.118816614151001]
[DIAG_INFER] step=281 policy_action_max=8.801283 applied_action_max=0.250000 obs_max=14.803878 history_nonzero_rows=15 position_clip=0 torque_clip=2 action=[5.614682674407959, -0.11467084288597107, 4.2454304695129395, -5.949930191040039, -2.3662333488464355, -2.2632572650909424, -8.80128288269043, -0.5616145133972168, -4.325094699859619, 1.7388863563537598, -5.850517272949219, 3.1117401123046875]
[DIAG_TARGET] step=281 target_error=0.000000000 default=[0.0, -0.7853981852531433, 1.8654682636260986, 0.0, -0.7853981852531433, 1.8654682636260986, 0.0, -0.7853981852531433, 1.8654682636260986, 0.0, -0.7853981852531433, 1.8654682636260986] desired=[-0.06875000149011612, -0.8286677002906799, 1.6825000047683716, 0.06875000149011612, -0.862500011920929, 1.5575000047683716, -0.13124999403953552, -0.862500011920929, 1.5575000047683716, 0.13124999403953552, -2.2768969535827637, -0.3610074520111084] applied=[-0.06875000149011612, -0.8286677002906799, 1.6825000047683716, 0.06875000149011612, -0.862500011920929, 1.5575000047683716, -0.13124999403953552, -0.862500011920929, 1.5575000047683716, 0.13124999403953552, -2.2768969535827637, -0.3610074520111084] current=[-0.0558989979326725, -0.6752018928527832, 1.753658652305603, 0.40235674381256104, -0.7624096274375916, 1.699290156364441, -0.10978288948535919, -0.5805171132087708, 1.7646242380142212, -0.17333491146564484, -1.1685417890548706, 2.0607237815856934]
[DIAG_INFER] step=291 policy_action_max=6.953596 applied_action_max=0.250000 obs_max=8.801283 history_nonzero_rows=15 position_clip=0 torque_clip=3 action=[4.569622993469238, 1.8763445615768433, 5.444692134857178, -6.953596115112305, -2.3432624340057373, -2.021761417388916, -5.716017723083496, -3.013770818710327, -0.7284822463989258, -2.8317501544952393, -3.9619274139404297, 1.438476324081421]
[DIAG_TARGET] step=291 target_error=0.000000000 default=[0.0, -0.7853981852531433, 1.8654682636260986, 0.0, -0.7853981852531433, 1.8654682636260986, 0.0, -0.7853981852531433, 1.8654682636260986, 0.0, -0.7853981852531433, 1.8654682636260986] desired=[-0.06875000149011612, -0.737500011920929, 1.6825000047683716, 0.06875000149011612, -0.862500011920929, 1.5575000047683716, -0.13124999403953552, -0.862500011920929, 1.5575000047683716, -0.9111773371696472, -4.5837249755859375, 1.5646227598190308] applied=[-0.06875000149011612, -0.737500011920929, 1.6825000047683716, 0.06875000149011612, -0.862500011920929, 1.5575000047683716, -0.13124999403953552, -0.862500011920929, 1.5575000047683716, -0.9111773371696472, -4.5837249755859375, 1.5646227598190308] current=[-0.10865949839353561, -0.7669458985328674, 1.7123692035675049, 0.33612415194511414, -0.7496277689933777, 1.7204382419586182, -0.1337103545665741, -0.70159512758255, 1.662414312362671, -0.06404414772987366, -1.30209219455719, 1.8344676494598389]
[DIAG_INFER] step=301 policy_action_max=9.545892 applied_action_max=0.250000 obs_max=6.953596 history_nonzero_rows=15 position_clip=0 torque_clip=2 action=[3.6381359100341797, -1.6188446283340454, 1.0545510053634644, 0.08639827370643616, -1.4692612886428833, -7.369008541107178, -8.0676851272583, 8.092414855957031, -8.216021537780762, 3.8979148864746094, -2.8865840435028076, 9.545891761779785]
[DIAG_TARGET] step=301 target_error=0.000000000 default=[0.0, -0.7853981852531433, 1.8654682636260986, 0.0, -0.7853981852531433, 1.8654682636260986, 0.0, -0.7853981852531433, 1.8654682636260986, 0.0, -0.7853981852531433, 1.8654682636260986] desired=[-0.06875000149011612, -0.862500011920929, 1.6825000047683716, 0.11079978942871094, -0.862500011920929, 1.5575000047683716, -0.13124999403953552, -2.113830089569092, 1.5575000047683716, 1.1037297248840332, -0.862500011920929, 1.6825000047683716] applied=[-0.06875000149011612, -0.862500011920929, 1.6825000047683716, 0.11079978942871094, -0.862500011920929, 1.5575000047683716, -0.13124999403953552, -2.113830089569092, 1.5575000047683716, 1.1037297248840332, -0.862500011920929, 1.6825000047683716] current=[-0.11461122334003448, -0.7917934656143188, 1.6899397373199463, 0.2212541699409485, -0.7528982162475586, 1.6867055892944336, -0.15333035588264465, -0.8314773440361023, 1.6016227006912231, -0.5123028755187988, -2.0617294311523438, 1.6373926401138306]
[DIAG_INFER] step=311 policy_action_max=10.947412 applied_action_max=0.250000 obs_max=9.545892 history_nonzero_rows=15 position_clip=0 torque_clip=4 action=[2.7357659339904785, 1.8023138046264648, 3.5382907390594482, -1.9799350500106812, 1.6271251440048218, -1.8777354955673218, -10.94741153717041, -5.585859298706055, -1.9476053714752197, -2.8529815673828125, -0.763856053352356, 0.18027444183826447]
[DIAG_TARGET] step=311 target_error=0.000000000 default=[0.0, -0.7853981852531433, 1.8654682636260986, 0.0, -0.7853981852531433, 1.8654682636260986, 0.0, -0.7853981852531433, 1.8654682636260986, 0.0, -0.7853981852531433, 1.8654682636260986] desired=[-0.06875000149011612, -0.737500011920929, 1.6825000047683716, 0.06875000149011612, -1.2062801122665405, 1.5575000047683716, 0.2437017261981964, -0.862500011920929, 1.5575000047683716, -1.2096269130706787, -1.585519552230835, 1.6650686264038086] applied=[-0.06875000149011612, -0.737500011920929, 1.6825000047683716, 0.06875000149011612, -1.2062801122665405, 1.5575000047683716, 0.2437017261981964, -0.862500011920929, 1.5575000047683716, -1.2096269130706787, -1.585519552230835, 1.6650686264038086] current=[-0.0679071918129921, -0.8174514174461365, 1.6867053508758545, 0.2095649242401123, -0.7799528241157532, 1.687502384185791, -0.09184499830007553, -1.3607746362686157, 1.574629545211792, 0.18581850826740265, -2.1311404705047607, 1.5876785516738892]
[DIAG_INFER] step=321 policy_action_max=17.256756 applied_action_max=0.250000 obs_max=10.947412 history_nonzero_rows=15 position_clip=0 torque_clip=4 action=[6.426194667816162, -1.5865520238876343, 4.00571346282959, -17.256755828857422, 3.4826011657714844, 3.9874532222747803, -4.126823425292969, -9.365209579467773, 6.569248199462891, -6.855443954467773, -8.293848037719727, -3.7390942573547363]
[DIAG_TARGET] step=321 target_error=0.000000000 default=[0.0, -0.7853981852531433, 1.8654682636260986, 0.0, -0.7853981852531433, 1.8654682636260986, 0.0, -0.7853981852531433, 1.8654682636260986, 0.0, -0.7853981852531433, 1.8654682636260986] desired=[-0.06875000149011612, -0.862500011920929, 1.6825000047683716, 0.06875000149011612, -0.737500011920929, 1.6825000047683716, -0.3190830945968628, -0.862500011920929, 1.6825000047683716, -1.5, -0.07696533203125, 2.700000047683716] applied=[-0.06875000149011612, -0.862500011920929, 1.6825000047683716, 0.06875000149011612, -0.737500011920929, 1.6825000047683716, -0.3190830945968628, -0.862500011920929, 1.6825000047683716, -1.5, -0.07696533203125, 2.700000047683716] current=[-0.1515694558620453, -0.7926658391952515, 1.7059376239776611, 0.05499109625816345, -0.9026302099227905, 1.6345077753067017, 0.016122877597808838, -1.4282556772232056, 1.5036685466766357, -0.29146018624305725, -1.8721100091934204, 1.6509785652160645]
[DIAG_INFER] step=331 policy_action_max=22.169146 applied_action_max=0.250000 obs_max=17.256756 history_nonzero_rows=15 position_clip=0 torque_clip=3 action=[-4.575784683227539, 6.904070854187012, -2.336442470550537, -22.169145584106445, 5.405280590057373, 5.021109580993652, 7.730874538421631, -13.778411865234375, 5.261113166809082, -3.0822432041168213, -6.207561492919922, 1.7554324865341187]
[DIAG_TARGET] step=331 target_error=0.000000000 default=[0.0, -0.7853981852531433, 1.8654682636260986, 0.0, -0.7853981852531433, 1.8654682636260986, 0.0, -0.7853981852531433, 1.8654682636260986, 0.0, -0.7853981852531433, 1.8654682636260986] desired=[-0.13124999403953552, -0.737500011920929, 1.5575000047683716, 0.06875000149011612, -0.737500011920929, 1.6825000047683716, -0.6717634201049805, -0.862500011920929, 1.6825000047683716, 0.049655795097351074, -0.862500011920929, 2.700000047683716] applied=[-0.13124999403953552, -0.737500011920929, 1.5575000047683716, 0.06875000149011612, -0.737500011920929, 1.6825000047683716, -0.6717634201049805, -0.862500011920929, 1.6825000047683716, 0.049655795097351074, -0.862500011920929, 2.700000047683716] current=[-0.21621273458003998, -0.793116569519043, 1.784260869026184, 0.06838981062173843, -0.9132787585258484, 1.640808343887329, -0.11892092227935791, -1.1004334688186646, 1.592976450920105, -0.954110324382782, -1.1633186340332031, 2.1480932235717773]
[DIAG_INFER] step=341 policy_action_max=16.156782 applied_action_max=0.250000 obs_max=22.169146 history_nonzero_rows=15 position_clip=0 torque_clip=1 action=[2.9005441665649414, 5.087487697601318, -3.294456720352173, -16.156782150268555, 2.435854911804199, 6.995287895202637, 8.362458229064941, -6.0927205085754395, 2.049109935760498, 9.834893226623535, -0.6294894218444824, -1.1443501710891724]
[DIAG_TARGET] step=341 target_error=0.000000000 default=[0.0, -0.7853981852531433, 1.8654682636260986, 0.0, -0.7853981852531433, 1.8654682636260986, 0.0, -0.7853981852531433, 1.8654682636260986, 0.0, -0.7853981852531433, 1.8654682636260986] desired=[-0.06875000149011612, -0.737500011920929, 1.5575000047683716, 0.06875000149011612, -0.737500011920929, 1.6825000047683716, -0.06875000149011612, -0.862500011920929, 1.6825000047683716, 0.4766833186149597, -0.862500011920929, 1.5575000047683716] applied=[-0.06875000149011612, -0.737500011920929, 1.5575000047683716, 0.06875000149011612, -0.737500011920929, 1.6825000047683716, -0.06875000149011612, -0.862500011920929, 1.6825000047683716, 0.4766833186149597, -0.862500011920929, 1.5575000047683716] current=[-0.20020681619644165, -0.7937501072883606, 1.8089478015899658, 0.15642136335372925, -0.8341028094291687, 1.6681116819381714, -0.31782326102256775, -0.8926371932029724, 1.6440699100494385, -0.6472506523132324, -0.7213464379310608, 2.3992888927459717]
[DIAG_INFER] step=351 policy_action_max=15.175804 applied_action_max=0.250000 obs_max=16.156782 history_nonzero_rows=15 position_clip=0 torque_clip=1 action=[15.175804138183594, 0.8164786100387573, 1.108090877532959, -9.08050537109375, 0.6427105665206909, -1.3029749393463135, -0.9327914118766785, -5.9191412925720215, -2.3205337524414062, 11.683036804199219, -2.8976097106933594, -4.094595909118652]
[DIAG_TARGET] step=351 target_error=0.000000000 default=[0.0, -0.7853981852531433, 1.8654682636260986, 0.0, -0.7853981852531433, 1.8654682636260986, 0.0, -0.7853981852531433, 1.8654682636260986, 0.0, -0.7853981852531433, 1.8654682636260986] desired=[-0.06875000149011612, -0.737500011920929, 1.6825000047683716, 0.06875000149011612, -0.737500011920929, 1.5575000047683716, -0.13124999403953552, -0.862500011920929, 1.5575000047683716, 1.5, -0.862500011920929, 1.5575000047683716] applied=[-0.06875000149011612, -0.737500011920929, 1.6825000047683716, 0.06875000149011612, -0.737500011920929, 1.5575000047683716, -0.13124999403953552, -0.862500011920929, 1.5575000047683716, 1.5, -0.862500011920929, 1.5575000047683716] current=[-0.09931311011314392, -0.8062531352043152, 1.7985913753509521, 0.1665494590997696, -0.775434672832489, 1.675971508026123, -0.2578374445438385, -0.8390828967094421, 1.671059250831604, 0.014225337654352188, -0.6820997595787048, 1.9242565631866455]
[DIAG_INFER] step=361 policy_action_max=4.737614 applied_action_max=0.250000 obs_max=15.175804 history_nonzero_rows=15 position_clip=0 torque_clip=2 action=[4.401586055755615, 0.41426363587379456, 3.1596908569335938, -1.0574475526809692, 3.072035789489746, -0.992260217666626, -2.758749485015869, -2.3813834190368652, -4.737614154815674, -4.681020736694336, -2.9224557876586914, -0.0411650687456131]
[DIAG_TARGET] step=361 target_error=0.000000000 default=[0.0, -0.7853981852531433, 1.8654682636260986, 0.0, -0.7853981852531433, 1.8654682636260986, 0.0, -0.7853981852531433, 1.8654682636260986, 0.0, -0.7853981852531433, 1.8654682636260986] desired=[-0.06875000149011612, -0.737500011920929, 1.6825000047683716, 0.06875000149011612, -0.737500011920929, 1.5575000047683716, 0.6820424795150757, -0.862500011920929, 1.5575000047683716, -0.054202497005462646, -0.862500011920929, 1.6097087860107422] applied=[-0.06875000149011612, -0.737500011920929, 1.6825000047683716, 0.06875000149011612, -0.737500011920929, 1.5575000047683716, 0.6820424795150757, -0.862500011920929, 1.5575000047683716, -0.054202497005462646, -0.862500011920929, 1.6097087860107422] current=[-0.03895070031285286, -0.8046241998672485, 1.7753137350082397, 0.23335319757461548, -0.7812572717666626, 1.7185016870498657, -0.17197830975055695, -0.837645411491394, 1.6097633838653564, 0.7739138603210449, -0.7227374315261841, 1.6721551418304443]
[DIAG_INFER] step=371 policy_action_max=9.845382 applied_action_max=0.250000 obs_max=5.503994 history_nonzero_rows=15 position_clip=0 torque_clip=3 action=[1.4719058275222778, 1.7675820589065552, 2.772552251815796, -6.587155818939209, 0.6722942590713501, -0.5238502025604248, -4.68898344039917, -9.087705612182617, -1.1663322448730469, -9.845381736755371, -4.313962459564209, -2.4391121864318848]
[DIAG_TARGET] step=371 target_error=0.000000000 default=[0.0, -0.7853981852531433, 1.8654682636260986, 0.0, -0.7853981852531433, 1.8654682636260986, 0.0, -0.7853981852531433, 1.8654682636260986, 0.0, -0.7853981852531433, 1.8654682636260986] desired=[-0.06875000149011612, -0.737500011920929, 1.6825000047683716, 0.06875000149011612, -0.737500011920929, 1.5575000047683716, -0.13124999403953552, -0.862500011920929, 1.5575000047683716, -1.5, -1.5321346521377563, 2.700000047683716] applied=[-0.06875000149011612, -0.737500011920929, 1.6825000047683716, 0.06875000149011612, -0.737500011920929, 1.5575000047683716, -0.13124999403953552, -0.862500011920929, 1.5575000047683716, -1.5, -1.5321346521377563, 2.700000047683716] current=[-0.1206442192196846, -0.8178009986877441, 1.7997691631317139, 0.180466890335083, -0.76495361328125, 1.748265266418457, 0.12031001597642899, -0.8470291495323181, 1.5770807266235352, 0.6768932938575745, -0.8207287192344666, 1.6809800863265991]
[DIAG_INFER] step=381 policy_action_max=12.771986 applied_action_max=0.250000 obs_max=9.845382 history_nonzero_rows=15 position_clip=0 torque_clip=4 action=[-5.901993751525879, 1.5265837907791138, 1.7332134246826172, -12.77198600769043, 2.7059097290039062, -0.05089903622865677, -1.8527300357818604, -11.563952445983887, 3.5521702766418457, -11.94997501373291, -3.0682241916656494, -2.658308982849121]
[DIAG_TARGET] step=381 target_error=0.000000000 default=[0.0, -0.7853981852531433, 1.8654682636260986, 0.0, -0.7853981852531433, 1.8654682636260986, 0.0, -0.7853981852531433, 1.8654682636260986, 0.0, -0.7853981852531433, 1.8654682636260986] desired=[-0.13124999403953552, -0.737500011920929, 1.6825000047683716, 0.06875000149011612, -0.737500011920929, 1.6072752475738525, -0.18239322304725647, -0.862500011920929, 1.6825000047683716, -1.5, -1.713328242301941, 2.700000047683716] applied=[-0.13124999403953552, -0.737500011920929, 1.6825000047683716, 0.06875000149011612, -0.737500011920929, 1.6072752475738525, -0.18239322304725647, -0.862500011920929, 1.6825000047683716, -1.5, -1.713328242301941, 2.700000047683716] current=[-0.27393561601638794, -0.8587539196014404, 1.8663954734802246, 0.06995885819196701, -0.7350338697433472, 1.7026249170303345, 0.12993097305297852, -0.8299981951713562, 1.5602562427520752, -0.1394648253917694, -1.1693716049194336, 2.182145833969116]
[DIAG_INFER] step=391 policy_action_max=15.009211 applied_action_max=0.250000 obs_max=12.771986 history_nonzero_rows=15 position_clip=0 torque_clip=4 action=[-3.496307134628296, 5.215034484863281, -2.919569730758667, -15.009210586547852, 2.6339898109436035, 5.186399459838867, 6.10364294052124, -8.782857894897461, 5.085955619812012, 2.8577640056610107, -2.5903210639953613, 0.8642888069152832]
[DIAG_TARGET] step=391 target_error=0.000000000 default=[0.0, -0.7853981852531433, 1.8654682636260986, 0.0, -0.7853981852531433, 1.8654682636260986, 0.0, -0.7853981852531433, 1.8654682636260986, 0.0, -0.7853981852531433, 1.8654682636260986] desired=[-0.13124999403953552, -0.737500011920929, 1.5575000047683716, 0.06875000149011612, -0.737500011920929, 1.6825000047683716, -0.7575215101242065, -0.864189863204956, 1.6825000047683716, 0.13124999403953552, -1.4034754037857056, 2.6066184043884277] applied=[-0.13124999403953552, -0.737500011920929, 1.5575000047683716, 0.06875000149011612, -0.737500011920929, 1.6825000047683716, -0.7575215101242065, -0.864189863204956, 1.6825000047683716, 0.13124999403953552, -1.4034754037857056, 2.6066184043884277] current=[-0.32155364751815796, -0.8915998935699463, 1.9166563749313354, 0.09453929215669632, -0.7339251041412354, 1.6600204706192017, 0.015528673306107521, -0.836176335811615, 1.6246799230575562, -0.894295334815979, -1.476701021194458, 2.4410529136657715]
[STAGE] video_encoding_start
Traceback (most recent call last):
  File "/run/media/pma213x/0C6A8CC86A8CAFCE/Ubuntu2/CodeU/Dog1/mini-cheetah-isaaclab/training/scripts/play_rapid.py", line 1184, in <module>
    exit_code = main()
  File "/run/media/pma213x/0C6A8CC86A8CAFCE/Ubuntu2/CodeU/Dog1/mini-cheetah-isaaclab/training/scripts/play_rapid.py", line 978, in main
    scenario_metrics = _build_scenario_metrics(
TypeError: _build_scenario_metrics() got an unexpected keyword argument 'mean_body_velocity'
