[3gH    H    H    H    H    H    H    H    H    H    H    H    H    H    H    H    H    H    H    H   [INFO] Using python from: /home/pma213x/.venvs/minicheetah-isaaclab/bin/python
[INFO][AppLauncher]: Loading experience file: /home/pma213x/IsaacLab/apps/isaaclab.python.headless.rendering.kit
[Warning] [simulation_app.simulation_app] Modules: ['omni.kit_app'] were loaded before SimulationApp was started and might not be loaded correctly.
[Warning] [simulation_app.simulation_app] Please check to make sure no extra omniverse or pxr modules are imported before the call to SimulationApp(...)
Loading user config located at: '/home/pma213x/.venvs/minicheetah-isaaclab/lib/python3.10/site-packages/omni/data/Kit/Isaac-Sim/4.5/user.config.json'
[Info] [carb] Logging to file: /home/pma213x/.venvs/minicheetah-isaaclab/lib/python3.10/site-packages/omni/logs/Kit/Isaac-Sim/4.5/kit_20261008_212145.log
2026-10-08 13:21:45 [0ms] [Warning] [omni.kit.app.plugin] No crash reporter present, dumps uploading isn't available.
2026-10-08 13:21:45 [129ms] [Warning] [omni.datastore] OmniHub is inaccessible
2026-10-08 13:21:45 [152ms] [Warning] [carb.windowing-glfw.gamepad] Joystick with unknown remapping detected (will be ignored):  HUION 256C PEN STYLUS [030000006c250000edee000001000000]
2026-10-08 13:21:46 [335ms] [Warning] [gpu.foundation.plugin] Skipping unsupported non-NVIDIA GPU: Intel(R) UHD Graphics (ADL-S GT0.5)
2026-10-08 13:21:46 [335ms] [Warning] [gpu.foundation.plugin] Skipping unsupported non-NVIDIA GPU: Intel(R) UHD Graphics (ADL-S GT0.5)

|---------------------------------------------------------------------------------------------|
| Driver Version: 580.178.04    | Graphics API: Vulkan
|=============================================================================================|
| GPU | Name                             | Active | LDA | GPU Memory | Vendor-ID | LUID       |
|     |                                  |        |     |            | Device-ID | UUID       |
|     |                                  |        |     |            | Bus-ID    |            |
|---------------------------------------------------------------------------------------------|
| 0   | NVIDIA GeForce RTX 4060 Laptop.. | Yes: 0 |     | 8188    MB | 10de      | 0          |
|     |                                  |        |     |            | 28e0      | 4d090564.. |
|     |                                  |        |     |            | 1         |            |
|---------------------------------------------------------------------------------------------|
| 1   | Intel(R) UHD Graphics (ADL-S G.. |        |     | 11374   MB | 8086      | 0          |
|     |                                  |        |     |            | 468b      | 86808b46.. |
|     |                                  |        |     |            | 0         |            |
|=============================================================================================|
| OS: 26.04.1 LTS (Resolute Raccoon) ubuntu, Version: 26.04.1, Kernel: 7.0.0-34-generic
| XServer Vendor: The X.Org Foundation, XServer Version: 12401010 (1.24.1.10)
| Processor: 13th Gen Intel(R) Core(TM) i5-13500HX
| Bare Metal Cores: 14 | Bare Metal Logical Cores: 28
| Available Cores:  20 
|---------------------------------------------------------------------------------------------|
| Total Memory (MB): 15166 | Free Memory: 6232
| Total Page/Swap (MB): 20479 | Free Page/Swap: 17239
|---------------------------------------------------------------------------------------------|
2026-10-08 13:21:46 [637ms] [Warning] [gpu.foundation.plugin] IOMMU is enabled.
2026-10-08 13:21:46 [637ms] [Warning] [gpu.foundation.plugin] Detected IOMMU is enabled. Running CUDA peer-to-peer bandwidth and latency validation.
Unidirectional P2P=Enabled Bandwidth (P2P Writes) Matrix (GB/s)
   D\D     0 
     0 216.14 
P2P=Enabled Latency (P2P Writes) Matrix (us)
   GPU     0 
     0   1.40 

   CPU     0 
     0   2.21 
2026-10-08 13:21:47 [1,476ms] [Warning] [omni.isaac.dynamic_control] omni.isaac.dynamic_control is deprecated as of Isaac Sim 4.5. No action is needed from end-users.
2026-10-08 13:21:47 [1,920ms] [Warning] [omni.log] Source: omni.hydra was already registered.
2026-10-08 13:21:48 [2,573ms] [Warning] [omni.replicator.core.scripts.extension] No material configuration file, adding configuration to material settings directly.
Gym has been unmaintained since 2022 and does not support NumPy 2.0 amongst other critical functionality.
Please upgrade to Gymnasium, the maintained drop-in replacement of Gym, or contact the authors of your software and request that they upgrade.
See the migration guide at https://gymnasium.farama.org/introduction/migration_guide/ for additional information.
2026-10-08 13:21:49 [3,884ms] [Warning] [omni.usd-abi.plugin] No setting was found for '/rtx-defaults/ambientOcclusion/enabled'
2026-10-08 13:21:49 [3,884ms] [Warning] [omni.usd-abi.plugin] No setting was found for '/rtx-defaults/directLighting/sampledLighting/enabled'
2026-10-08 13:21:49 [3,884ms] [Warning] [omni.usd-abi.plugin] No setting was found for '/rtx-defaults/indirectDiffuse/enabled'
2026-10-08 13:21:49 [3,884ms] [Warning] [omni.usd-abi.plugin] No setting was found for '/rtx-defaults/raytracing/cached/enabled'
2026-10-08 13:21:49 [3,884ms] [Warning] [omni.usd-abi.plugin] No setting was found for '/rtx-defaults/reflections/enabled'
2026-10-08 13:21:49 [3,884ms] [Warning] [omni.usd-abi.plugin] No setting was found for '/rtx-defaults/sceneDb/ambientLightIntensity'
2026-10-08 13:21:49 [3,884ms] [Warning] [omni.usd-abi.plugin] No setting was found for '/rtx-defaults/translucency/enabled'
2026-10-08 13:21:49 [3,884ms] [Warning] [omni.usd-abi.plugin] No setting was found for '/rtx-defaults/viewTile/limit'
2026-10-08 13:21:49 [4,012ms] [Warning] [rtx.scenedb.plugin] SceneDbContext : TLAS limit buffer size 2908577024
2026-10-08 13:21:49 [4,012ms] [Warning] [rtx.scenedb.plugin] SceneDbContext : TLAS limit : valid true, within: false
2026-10-08 13:21:49 [4,128ms] [Warning] [omni.usd-abi.plugin] No setting was found for '/rtx-defaults/directLighting/sampledLighting/samplesPerPixel'
2026-10-08 13:21:49 [4,128ms] [Warning] [omni.usd-abi.plugin] No setting was found for '/rtx-defaults/pathtracing/maxSamplesPerLaunch'
2026-10-08 13:21:49 [4,129ms] [Warning] [omni.usd-abi.plugin] No setting was found for '/rtx-defaults-transient/meshlights/forceDisable'
2026-10-08 13:21:49 [4,174ms] [Warning] [omni.usd-abi.plugin] No setting was found for '/rtx-defaults/post/dlss/execMode'
[STAGE] config_start
[INFO]: Parsing configuration from: training.envs.velocity_flat_env_cfg:YoboGoVelocityFlatEnvCfg
[STAGE] config_done
[STAGE] environment_create_start
Setting seed: 0
[INFO]: Base environment:
	Environment device    : cuda:0
	Environment seed      : 0
	Physics step-size     : 0.0004
	Rendering step-size   : 0.002
	Environment step-size : 0.002
2026-10-08 13:21:53 [7,850ms] [Warning] [isaaclab.terrains.terrain_importer] Visual material specified for ground plane but no diffuse color found. Using default color: (0.0, 0.0, 0.0)
[INFO]: Time taken for scene creation : 2.312080 seconds
[INFO]: Scene manager:  <class InteractiveScene>
	Number of environments: 1
	Environment spacing   : 2.5
	Source prim name      : /World/envs/env_0
	Global prim paths     : ['/World/ground']
	Replicate physics     : True
[INFO]: Starting the simulation. This may take a few seconds. Please wait...
[INFO]: Time taken for simulation start : 1.937473 seconds
[INFO] Command Manager:  <CommandManager> contains 1 active terms.
+------------------------------------------------+
|              Active Command Terms              |
+-------+---------------+------------------------+
| Index | Name          |          Type          |
+-------+---------------+------------------------+
|   0   | base_velocity | UniformVelocityCommand |
+-------+---------------+------------------------+

[INFO] Recorder Manager:  <RecorderManager> contains 0 active terms.
+---------------------+
| Active Recorder Terms |
+-----------+---------+
|   Index   | Name    |
+-----------+---------+
+-----------+---------+

[INFO] Action Manager:  <ActionManager> contains 1 active terms.
+------------------------------------+
|  Active Action Terms (shape: 12)   |
+--------+-------------+-------------+
| Index  | Name        |   Dimension |
+--------+-------------+-------------+
|   0    | joint_pos   |          12 |
+--------+-------------+-------------+

[INFO] Observation Manager: <ObservationManager> contains 1 groups.
+---------------------------------------------------------+
| Active Observation Terms in Group: 'policy' (shape: (48,)) |
+-----------+---------------------------------+-----------+
|   Index   | Name                            |   Shape   |
+-----------+---------------------------------+-----------+
|     0     | base_lin_vel                    |    (3,)   |
|     1     | base_ang_vel                    |    (3,)   |
|     2     | projected_gravity               |    (3,)   |
|     3     | velocity_commands               |    (3,)   |
|     4     | joint_pos                       |   (12,)   |
|     5     | joint_vel                       |   (12,)   |
|     6     | actions                         |   (12,)   |
+-----------+---------------------------------+-----------+

[INFO] Event Manager:  <EventManager> contains 3 active terms.
+--------------------------------------+
| Active Event Terms in Mode: 'startup' |
+----------+---------------------------+
|  Index   | Name                      |
+----------+---------------------------+
|    0     | physics_material          |
+----------+---------------------------+
+---------------------------------------+
|  Active Event Terms in Mode: 'reset'  |
+--------+------------------------------+
| Index  | Name                         |
+--------+------------------------------+
|   0    | base_external_force_torque   |
|   1    | reset_base                   |
|   2    | reset_robot_joints           |
+--------+------------------------------+
+----------------------------------------------+
|    Active Event Terms in Mode: 'interval'    |
+-------+------------+-------------------------+
| Index | Name       | Interval time range (s) |
+-------+------------+-------------------------+
|   0   | push_robot |       (10.0, 15.0)      |
+-------+------------+-------------------------+

[INFO] Termination Manager:  <TerminationManager> contains 2 active terms.
+---------------------------------+
|     Active Termination Terms    |
+-------+--------------+----------+
| Index | Name         | Time Out |
+-------+--------------+----------+
|   0   | time_out     |   True   |
|   1   | base_contact |  False   |
+-------+--------------+----------+

[INFO] Reward Manager:  <RewardManager> contains 11 active terms.
+-----------------------------------------+
|           Active Reward Terms           |
+-------+----------------------+----------+
| Index | Name                 |   Weight |
+-------+----------------------+----------+
|   0   | track_lin_vel_xy_exp |      1.0 |
|   1   | track_ang_vel_z_exp  |      0.5 |
|   2   | lin_vel_z_l2         |     -2.0 |
|   3   | ang_vel_xy_l2        |    -0.05 |
|   4   | dof_torques_l2       | -2.5e-05 |
|   5   | dof_acc_l2           | -2.5e-07 |
|   6   | action_rate_l2       |    -0.01 |
|   7   | feet_air_time        |      0.5 |
|   8   | undesired_contacts   |     -1.0 |
|   9   | flat_orientation_l2  |     -5.0 |
|   10  | dof_pos_limits       |      0.0 |
+-------+----------------------+----------+

[INFO] Curriculum Manager:  <CurriculumManager> contains 0 active terms.
+----------------------+
| Active Curriculum Terms |
+-----------+----------+
|   Index   | Name     |
+-----------+----------+
+-----------+----------+

[INFO]: Completed setting up the environment...
[STAGE] environment_create_done
[STAGE] policy_adapter_setup_start
Setting seed: 0
[STAGE] policy_adapter_setup_done
2026-10-08 13:22:01 [15,970ms] [Warning] [omni.hydra.scene_delegate.plugin] Calling getBypassRenderSkelMeshProcessing for prim /World/envs/env_0/Robot/leg0_foot_link/visuals.proto_sphere_id0 that has not been populated
2026-10-08 13:22:02 [16,319ms] [Warning] [rtx.postprocessing.plugin] DLSS increasing input dimensions: Render resolution of (480, 270) is below minimal input resolution of 300.
2026-10-08 13:22:02 [16,351ms] [Warning] [omni.syntheticdata.plugin] OgnSdPostRenderVarToHost : rendervar copy from texture directly to host buffer is counter-performant. Please use copy from texture to device buffer first.
[INFO] task=YoboGo-Velocity-Flat-v0
[INFO] weights_adaptation=/run/media/pma213x/0C6A8CC86A8CAFCE/Ubuntu2/CodeU/Dog1/mini-cheetah-isaaclab/external_models/rapid-locomotion-rl/runs/rapid-locomotion/example/train/201852.132488/checkpoints/adaptation_module_latest.jit
[INFO] weights_body=/run/media/pma213x/0C6A8CC86A8CAFCE/Ubuntu2/CodeU/Dog1/mini-cheetah-isaaclab/external_models/rapid-locomotion-rl/runs/rapid-locomotion/example/train/201852.132488/checkpoints/body_latest.jit
[INFO] yobogo_observation_dim=48 rapid_observation_dim=42
[INFO] history_dim=630 action_dim=12
[INFO] inference_period=10 control_period_s=0.002 inference_hz=50
[INFO] rapid_replay_actuator_kp=20 kd=0.5 effort=18/18/26
[INFO] yobogo_command=[0.6, 0.0, 0.0] rapid_command=[0.6, 0.0, 0.0]
[INFO] model_dummy_action_shape=(1, 12)
[INFO] model_dummy_latent_shape=(1, 18)
[STAGE] event_loop_start
[DIAG_INFER] step=1 policy_action_max=1.340681 applied_action_max=0.250000 obs_max=1.000000 history_nonzero_rows=0 position_clip=0 torque_clip=0 action=[-0.15139399468898773, 0.4669409692287445, -0.17371898889541626, -0.16794472932815552, 0.7369131445884705, 0.4900174140930176, 0.21038025617599487, -1.3406810760498047, 0.769524097442627, 0.09633646160364151, -0.7907270193099976, -0.827495813369751]
[DIAG_TARGET] step=1 target_error=0.000000000 default=[0.0, -0.7853981852531433, 1.8654682636260986, 0.0, -0.7853981852531433, 1.8654682636260986, 0.0, -0.7853981852531433, 1.8654682636260986, 0.0, -0.7853981852531433, 1.8654682636260986] desired=[-0.11892425268888474, -0.737500011920929, 1.5765702724456787, 0.07900691032409668, -0.737500011920929, 1.6825000047683716, -0.07370246946811676, -0.862500011920929, 1.6825000047683716, 0.11204206198453903, -0.862500011920929, 1.5575000047683716] applied=[-0.11892425268888474, -0.737500011920929, 1.5765702724456787, 0.07900691032409668, -0.737500011920929, 1.6825000047683716, -0.07370246946811676, -0.862500011920929, 1.6825000047683716, 0.11204206198453903, -0.862500011920929, 1.5575000047683716] current=[-0.0009192577563226223, -0.7883191108703613, 1.8698697090148926, 0.00031186852720566094, -0.787630021572113, 1.8697926998138428, -0.000288382958387956, -0.787816047668457, 1.8683669567108154, 0.0005055078072473407, -0.7882139086723328, 1.8681238889694214]
[STAGE] first_step_done
[DIAG_INFER] step=11 policy_action_max=4.381073 applied_action_max=0.250000 obs_max=1.887547 history_nonzero_rows=1 position_clip=0 torque_clip=2 action=[-1.331438422203064, 1.1262364387512207, -0.6385164856910706, -1.4840600490570068, 0.31319618225097656, 1.0933812856674194, 0.9173471331596375, -2.69741153717041, 2.494825601577759, 2.3688488006591797, -4.381072998046875, 0.7829415202140808]
[DIAG_TARGET] step=11 target_error=0.000000000 default=[0.0, -0.7853981852531433, 1.8654682636260986, 0.0, -0.7853981852531433, 1.8654682636260986, 0.0, -0.7853981852531433, 1.8654682636260986, 0.0, -0.7853981852531433, 1.8654682636260986] desired=[-0.13124999403953552, -0.737500011920929, 1.5575000047683716, 0.06875000149011612, -0.737500011920929, 1.6825000047683716, -0.06875000149011612, -0.862500011920929, 1.6825000047683716, 0.13124999403953552, -1.7851516008377075, 1.8749929666519165] applied=[-0.13124999403953552, -0.737500011920929, 1.5575000047683716, 0.06875000149011612, -0.737500011920929, 1.6825000047683716, -0.06875000149011612, -0.862500011920929, 1.6825000047683716, 0.13124999403953552, -1.7851516008377075, 1.8749929666519165] current=[-0.005910195410251617, -0.8322500586509705, 1.905700445175171, -0.003766128560528159, -0.8256644010543823, 1.9066557884216309, 0.004597988910973072, -0.8257808685302734, 1.8908530473709106, 0.0053947605192661285, -0.8233820199966431, 1.8857502937316895]
[DIAG_INFER] step=21 policy_action_max=3.717367 applied_action_max=0.250000 obs_max=4.381073 history_nonzero_rows=2 position_clip=0 torque_clip=2 action=[3.3701705932617188, 1.6004797220230103, 0.6232806444168091, -1.003963589668274, -1.4402436017990112, -0.2732428312301636, 1.3109288215637207, -2.5999560356140137, 2.2014269828796387, 3.7173666954040527, -1.8249366283416748, -0.8835857510566711]
[DIAG_TARGET] step=21 target_error=0.000000000 default=[0.0, -0.7853981852531433, 1.8654682636260986, 0.0, -0.7853981852531433, 1.8654682636260986, 0.0, -0.7853981852531433, 1.8654682636260986, 0.0, -0.7853981852531433, 1.8654682636260986] desired=[-0.06875000149011612, -0.737500011920929, 1.6825000047683716, 0.06875000149011612, -0.862500011920929, 1.5575000047683716, -0.06875000149011612, -0.8959035873413086, 1.6825000047683716, 0.13124999403953552, -1.5866554975509644, 1.5575000047683716] applied=[-0.06875000149011612, -0.737500011920929, 1.6825000047683716, 0.06875000149011612, -0.862500011920929, 1.5575000047683716, -0.06875000149011612, -0.8959035873413086, 1.6825000047683716, 0.13124999403953552, -1.5866554975509644, 1.5575000047683716] current=[0.007468014489859343, -0.8695560097694397, 1.914309024810791, 0.009602377191185951, -0.8653383255004883, 1.9282324314117432, 0.024273963645100594, -0.865951657295227, 1.9062657356262207, 0.03277534618973732, -1.2271264791488647, 1.8687368631362915]
[DIAG_INFER] step=31 policy_action_max=2.103647 applied_action_max=0.250000 obs_max=3.717367 history_nonzero_rows=3 position_clip=0 torque_clip=1 action=[1.8239247798919678, 0.6344624757766724, 1.0796270370483398, -0.2774220407009125, -0.7684711217880249, 0.5209553241729736, 0.6564796566963196, -2.103646755218506, 0.42733168601989746, -1.7446798086166382, -0.3419160842895508, -0.1735147386789322]
[DIAG_TARGET] step=31 target_error=0.000000000 default=[0.0, -0.7853981852531433, 1.8654682636260986, 0.0, -0.7853981852531433, 1.8654682636260986, 0.0, -0.7853981852531433, 1.8654682636260986, 0.0, -0.7853981852531433, 1.8654682636260986] desired=[-0.06875000149011612, -0.737500011920929, 1.6825000047683716, 0.06875000149011612, -0.862500011920929, 1.6825000047683716, -0.06875000149011612, -0.862500011920929, 1.6825000047683716, 0.06875000149011612, -0.9879902601242065, 1.5766212940216064] applied=[-0.06875000149011612, -0.737500011920929, 1.6825000047683716, 0.06875000149011612, -0.862500011920929, 1.6825000047683716, -0.06875000149011612, -0.862500011920929, 1.6825000047683716, 0.06875000149011612, -0.9879902601242065, 1.5766212940216064] current=[0.005509232636541128, -0.8966096043586731, 1.911205768585205, 0.007598426192998886, -0.8942320942878723, 1.9309636354446411, 0.024508727714419365, -0.8997252583503723, 1.9172494411468506, 0.08083949983119965, -1.5147725343704224, 1.6654126644134521]
[DIAG_INFER] step=41 policy_action_max=3.348417 applied_action_max=0.250000 obs_max=2.103647 history_nonzero_rows=4 position_clip=0 torque_clip=1 action=[1.3369362354278564, 0.5448760390281677, 1.5893269777297974, -0.2401856631040573, -0.1943746954202652, -0.30274176597595215, -2.168037176132202, -2.2888314723968506, -1.932963490486145, -3.348417043685913, -0.6060092449188232, -0.534956693649292]
[DIAG_TARGET] step=41 target_error=0.000000000 default=[0.0, -0.7853981852531433, 1.8654682636260986, 0.0, -0.7853981852531433, 1.8654682636260986, 0.0, -0.7853981852531433, 1.8654682636260986, 0.0, -0.7853981852531433, 1.8654682636260986] desired=[-0.06875000149011612, -0.737500011920929, 1.6825000047683716, 0.0699767917394638, -0.8485937118530273, 1.5575000047683716, -0.13124999403953552, -0.862500011920929, 1.5575000047683716, -0.04647994041442871, -0.862500011920929, 1.5575000047683716] applied=[-0.06875000149011612, -0.737500011920929, 1.6825000047683716, 0.0699767917394638, -0.8485937118530273, 1.5575000047683716, -0.13124999403953552, -0.862500011920929, 1.5575000047683716, -0.04647994041442871, -0.862500011920929, 1.5575000047683716] current=[-0.016936279833316803, -0.9081782698631287, 1.906609058380127, -0.014834891073405743, -0.9038373827934265, 1.9190032482147217, -0.0004231476050335914, -0.9103295803070068, 1.9105517864227295, 0.09434027969837189, -1.3703893423080444, 1.5832265615463257]
[DIAG_INFER] step=51 policy_action_max=5.267905 applied_action_max=0.250000 obs_max=3.348417 history_nonzero_rows=5 position_clip=0 torque_clip=1 action=[3.1208178997039795, 0.9184871912002563, 1.815002679824829, 1.9660629034042358, -0.4412981867790222, -0.16794395446777344, -3.314711093902588, -0.2750145196914673, -2.0881545543670654, -5.267904758453369, -0.07627448439598083, 1.02055025100708]
[DIAG_TARGET] step=51 target_error=0.000000000 default=[0.0, -0.7853981852531433, 1.8654682636260986, 0.0, -0.7853981852531433, 1.8654682636260986, 0.0, -0.7853981852531433, 1.8654682636260986, 0.0, -0.7853981852531433, 1.8654682636260986] desired=[-0.06875000149011612, -0.737500011920929, 1.6825000047683716, 0.13124999403953552, -0.862500011920929, 1.5780140161514282, -0.13124999403953552, -0.862500011920929, 1.5575000047683716, -0.2561301589012146, -0.8190686106681824, 1.6825000047683716] applied=[-0.06875000149011612, -0.737500011920929, 1.6825000047683716, 0.13124999403953552, -0.862500011920929, 1.5780140161514282, -0.13124999403953552, -0.862500011920929, 1.5575000047683716, -0.2561301589012146, -0.8190686106681824, 1.6825000047683716] current=[-0.040929194539785385, -0.9027532339096069, 1.8966238498687744, -0.03855292126536369, -0.8980939388275146, 1.8959764242172241, -0.03483748808503151, -0.8955164551734924, 1.8816179037094116, 0.04893893003463745, -1.294878363609314, 1.5446839332580566]
[DIAG_INFER] step=61 policy_action_max=4.459771 applied_action_max=0.250000 obs_max=5.267905 history_nonzero_rows=6 position_clip=0 torque_clip=1 action=[3.6236987113952637, 0.8530576229095459, 2.0764992237091064, 1.7768429517745972, -0.5583367943763733, 0.047536127269268036, -3.1751036643981934, -0.060559265315532684, -1.898104190826416, -4.459771156311035, 1.1968523263931274, 2.060987949371338]
[DIAG_TARGET] step=61 target_error=0.000000000 default=[0.0, -0.7853981852531433, 1.8654682636260986, 0.0, -0.7853981852531433, 1.8654682636260986, 0.0, -0.7853981852531433, 1.8654682636260986, 0.0, -0.7853981852531433, 1.8654682636260986] desired=[-0.06875000149011612, -0.737500011920929, 1.6825000047683716, 0.13124999403953552, -0.862500011920929, 1.631883978843689, -0.13124999403953552, -0.8151398301124573, 1.5575000047683716, 0.06875000149011612, -0.25535762310028076, 1.6825000047683716] applied=[-0.06875000149011612, -0.737500011920929, 1.6825000047683716, 0.13124999403953552, -0.862500011920929, 1.631883978843689, -0.13124999403953552, -0.8151398301124573, 1.5575000047683716, 0.06875000149011612, -0.25535762310028076, 1.6825000047683716] current=[-0.060035139322280884, -0.8799819946289062, 1.8841862678527832, -0.049599673599004745, -0.8772653937339783, 1.8617005348205566, -0.0746879130601883, -0.8522241711616516, 1.8273900747299194, -0.032138872891664505, -1.235169529914856, 1.5702402591705322]
[DIAG_INFER] step=71 policy_action_max=4.401931 applied_action_max=0.250000 obs_max=4.459771 history_nonzero_rows=7 position_clip=0 torque_clip=1 action=[4.401931285858154, 1.9715907573699951, 3.02885365486145, 0.2971726953983307, 0.6725040078163147, -1.1483341455459595, -3.687187671661377, -0.6789292693138123, -1.5877838134765625, -3.0118513107299805, 1.052001714706421, 4.240054130554199]
[DIAG_TARGET] step=71 target_error=0.000000000 default=[0.0, -0.7853981852531433, 1.8654682636260986, 0.0, -0.7853981852531433, 1.8654682636260986, 0.0, -0.7853981852531433, 1.8654682636260986, 0.0, -0.7853981852531433, 1.8654682636260986] desired=[-0.06875000149011612, -0.737500011920929, 1.6825000047683716, 0.13124999403953552, -0.737500011920929, 1.5575000047683716, -0.13124999403953552, -0.862500011920929, 1.5575000047683716, 0.06875000149011612, 0.432913601398468, 1.6825000047683716] applied=[-0.06875000149011612, -0.737500011920929, 1.6825000047683716, 0.13124999403953552, -0.737500011920929, 1.5575000047683716, -0.13124999403953552, -0.862500011920929, 1.5575000047683716, 0.06875000149011612, 0.432913601398468, 1.6825000047683716] current=[-0.050888676196336746, -0.8415709137916565, 1.869411826133728, -0.002846481977030635, -0.8458039164543152, 1.8269051313400269, -0.081903375685215, -0.7848341464996338, 1.7463279962539673, -0.0058646127581596375, -1.114729404449463, 1.556878924369812]
[DIAG_INFER] step=81 policy_action_max=7.798511 applied_action_max=0.250000 obs_max=4.401931 history_nonzero_rows=8 position_clip=0 torque_clip=2 action=[7.798510551452637, 0.10100570321083069, 3.527614116668701, -2.7690553665161133, 2.6869702339172363, 1.5357578992843628, -4.404750347137451, -2.765612840652466, -2.5425755977630615, -6.671039581298828, -0.5044344663619995, 2.398817539215088]
[DIAG_TARGET] step=81 target_error=0.000000000 default=[0.0, -0.7853981852531433, 1.8654682636260986, 0.0, -0.7853981852531433, 1.8654682636260986, 0.0, -0.7853981852531433, 1.8654682636260986, 0.0, -0.7853981852531433, 1.8654682636260986] desired=[-0.06875000149011612, -0.7747485637664795, 1.6825000047683716, 0.06875000149011612, -0.737500011920929, 1.6825000047683716, -0.13124999403953552, -0.862500011920929, 1.5575000047683716, -0.18075066804885864, 0.9048238396644592, 1.6825000047683716] applied=[-0.06875000149011612, -0.7747485637664795, 1.6825000047683716, 0.06875000149011612, -0.737500011920929, 1.6825000047683716, -0.13124999403953552, -0.862500011920929, 1.5575000047683716, -0.18075066804885864, 0.9048238396644592, 1.6825000047683716] current=[-0.06448391824960709, -0.7939360737800598, 1.863678216934204, 0.0005231075338087976, -0.7906000018119812, 1.8035194873809814, -0.09450331330299377, -0.7720520496368408, 1.6545013189315796, 0.049042437225580215, -0.7793025970458984, 1.5599771738052368]
[DIAG_INFER] step=91 policy_action_max=8.774307 applied_action_max=0.250000 obs_max=7.798511 history_nonzero_rows=9 position_clip=0 torque_clip=2 action=[8.774307250976562, -1.893955111503601, 4.403850555419922, -7.854626655578613, 4.737929344177246, 2.4255106449127197, -1.4112956523895264, -4.292761325836182, -3.863323926925659, -5.852456569671631, -3.1979215145111084, 3.0586729049682617]
[DIAG_TARGET] step=91 target_error=0.000000060 default=[0.0, -0.7853981852531433, 1.8654682636260986, 0.0, -0.7853981852531433, 1.8654682636260986, 0.0, -0.7853981852531433, 1.8654682636260986, 0.0, -0.7853981852531433, 1.8654682636260986] desired=[-0.06875000149011612, -0.862500011920929, 1.6825000047683716, 0.06875000149011612, -0.737500011920929, 1.6825000047683716, -0.13124999403953552, 0.05920151621103287, 1.5575000047683716, 0.06875000149011612, 0.7619014978408813, 1.6825000047683716] applied=[-0.06875000149011612, -0.862500011920929, 1.6825000047683716, 0.06875000149011612, -0.737500011920929, 1.6825000047683716, -0.13124999403953552, 0.05920153856277466, 1.5575000047683716, 0.06875000149011612, 0.7619014382362366, 1.6825000047683716] current=[-0.09364520013332367, -0.7424221634864807, 1.8725141286849976, 0.009700948372483253, -0.7367411255836487, 1.7774221897125244, -0.10849693417549133, -0.8086336851119995, 1.5942683219909668, -0.030971253290772438, 0.021445514634251595, 1.5648555755615234]
[DIAG_INFER] step=101 policy_action_max=5.800705 applied_action_max=0.250000 obs_max=8.774307 history_nonzero_rows=10 position_clip=0 torque_clip=2 action=[3.2711119651794434, -0.9476150274276733, 1.6052883863449097, -5.800705432891846, 1.704307198524475, 1.2063676118850708, 2.693333148956299, -1.2789074182510376, -1.9401564598083496, 1.2414195537567139, -3.9057788848876953, 0.845915675163269]
[DIAG_TARGET] step=101 target_error=0.000000000 default=[0.0, -0.7853981852531433, 1.8654682636260986, 0.0, -0.7853981852531433, 1.8654682636260986, 0.0, -0.7853981852531433, 1.8654682636260986, 0.0, -0.7853981852531433, 1.8654682636260986] desired=[-0.06875000149011612, -0.862500011920929, 1.6825000047683716, 0.06875000149011612, -0.737500011920929, 1.6825000047683716, -0.06875000149011612, 0.21584445238113403, 1.5575000047683716, 0.3176575303077698, -0.862500011920929, 1.6825000047683716] applied=[-0.06875000149011612, -0.862500011920929, 1.6825000047683716, 0.06875000149011612, -0.737500011920929, 1.6825000047683716, -0.06875000149011612, 0.21584445238113403, 1.5575000047683716, 0.3176575303077698, -0.862500011920929, 1.6825000047683716] current=[-0.0644436925649643, -0.7178465723991394, 1.8779993057250977, 0.06995205581188202, -0.7132258415222168, 1.7905946969985962, -0.10237226635217667, -0.4914860725402832, 1.5328458547592163, -0.03911634162068367, 0.6158952713012695, 1.6267701387405396]
[DIAG_INFER] step=111 policy_action_max=4.869768 applied_action_max=0.250000 obs_max=5.800705 history_nonzero_rows=11 position_clip=0 torque_clip=2 action=[-4.408596992492676, 1.054107904434204, -2.4442594051361084, -4.050418853759766, 2.5853922367095947, 1.0507055521011353, 3.549567461013794, -1.9846556186676025, 4.869768142700195, -0.9222420454025269, -0.07167693972587585, -0.8454292416572571]
[DIAG_TARGET] step=111 target_error=0.000000000 default=[0.0, -0.7853981852531433, 1.8654682636260986, 0.0, -0.7853981852531433, 1.8654682636260986, 0.0, -0.7853981852531433, 1.8654682636260986, 0.0, -0.7853981852531433, 1.8654682636260986] desired=[-0.13124999403953552, -0.737500011920929, 1.5575000047683716, 0.06875000149011612, -0.5330419540405273, 1.6825000047683716, -0.06875000149011612, -0.862500011920929, 1.6825000047683716, 0.06875000149011612, -0.8987879753112793, 1.5575000047683716] applied=[-0.13124999403953552, -0.737500011920929, 1.5575000047683716, 0.06875000149011612, -0.5330419540405273, 1.6825000047683716, -0.06875000149011612, -0.862500011920929, 1.6825000047683716, 0.06875000149011612, -0.8987879753112793, 1.5575000047683716] current=[-0.058605730533599854, -0.7301223874092102, 1.882343053817749, 0.10283508151769638, -0.7040919065475464, 1.8089648485183716, -0.09573279321193695, -0.07282324880361557, 1.5445493459701538, 0.16552573442459106, 0.377119243144989, 1.7041929960250854]
[DIAG_INFER] step=121 policy_action_max=3.795096 applied_action_max=0.250000 obs_max=4.869768 history_nonzero_rows=12 position_clip=0 torque_clip=0 action=[-2.3834035396575928, -0.3304004371166229, 0.295926958322525, -1.1396160125732422, 1.1900525093078613, 2.236485242843628, 3.7950961589813232, -1.1137441396713257, 2.199523448944092, -1.973276138305664, -1.4019122123718262, -0.7611684203147888]
[DIAG_TARGET] step=121 target_error=0.000000000 default=[0.0, -0.7853981852531433, 1.8654682636260986, 0.0, -0.7853981852531433, 1.8654682636260986, 0.0, -0.7853981852531433, 1.8654682636260986, 0.0, -0.7853981852531433, 1.8654682636260986] desired=[-0.13124999403953552, -0.862500011920929, 1.6825000047683716, 0.06875000149011612, -0.737500011920929, 1.6825000047683716, -0.06875000149011612, -0.862500011920929, 1.6825000047683716, 0.06875000149011612, -0.862500011920929, 1.5575000047683716] applied=[-0.13124999403953552, -0.862500011920929, 1.6825000047683716, 0.06875000149011612, -0.737500011920929, 1.6825000047683716, -0.06875000149011612, -0.862500011920929, 1.6825000047683716, 0.06875000149011612, -0.862500011920929, 1.5575000047683716] current=[-0.0795304924249649, -0.738953173160553, 1.8935092687606812, 0.08334566652774811, -0.710189163684845, 1.803463339805603, -0.1129307970404625, -0.22612886130809784, 1.6638588905334473, 0.1478252410888672, -0.34703344106674194, 1.573076605796814]
[DIAG_INFER] step=131 policy_action_max=3.561880 applied_action_max=0.250000 obs_max=3.795096 history_nonzero_rows=13 position_clip=0 torque_clip=1 action=[-2.6979928016662598, -0.34207019209861755, -0.7891072034835815, -0.8182845115661621, 0.5984374284744263, 2.316809892654419, 3.561880350112915, -1.8686308860778809, 2.039111614227295, -1.0520143508911133, -2.601585865020752, -0.9455985426902771]
[DIAG_TARGET] step=131 target_error=0.000000000 default=[0.0, -0.7853981852531433, 1.8654682636260986, 0.0, -0.7853981852531433, 1.8654682636260986, 0.0, -0.7853981852531433, 1.8654682636260986, 0.0, -0.7853981852531433, 1.8654682636260986] desired=[-0.13124999403953552, -0.862500011920929, 1.5575000047683716, 0.06875000149011612, -0.737500011920929, 1.6825000047683716, -0.06875000149011612, -0.862500011920929, 1.6825000047683716, 0.06875000149011612, -0.9790763854980469, 1.5575000047683716] applied=[-0.13124999403953552, -0.862500011920929, 1.5575000047683716, 0.06875000149011612, -0.737500011920929, 1.6825000047683716, -0.06875000149011612, -0.862500011920929, 1.6825000047683716, 0.06875000149011612, -0.9790763854980469, 1.5575000047683716] current=[-0.09162014722824097, -0.7589523196220398, 1.90116548538208, 0.07207590341567993, -0.7264612913131714, 1.8121803998947144, -0.07825316488742828, -0.6126520037651062, 1.6578443050384521, 0.08523843437433243, -0.808272123336792, 1.5114754438400269]
[DIAG_INFER] step=141 policy_action_max=4.053368 applied_action_max=0.250000 obs_max=3.561880 history_nonzero_rows=14 position_clip=0 torque_clip=1 action=[-2.2142701148986816, -0.5254663228988647, -1.086098074913025, -1.5436054468154907, 0.46182548999786377, 2.438864231109619, 4.053367614746094, -1.918630599975586, 1.9901809692382812, -0.26814910769462585, -2.462094306945801, -0.8324205279350281]
[DIAG_TARGET] step=141 target_error=0.000000000 default=[0.0, -0.7853981852531433, 1.8654682636260986, 0.0, -0.7853981852531433, 1.8654682636260986, 0.0, -0.7853981852531433, 1.8654682636260986, 0.0, -0.7853981852531433, 1.8654682636260986] desired=[-0.13124999403953552, -0.862500011920929, 1.5575000047683716, 0.06875000149011612, -0.737500011920929, 1.6825000047683716, -0.06875000149011612, -0.862500011920929, 1.6825000047683716, 0.06875000149011612, -1.0092194080352783, 1.5575000047683716] applied=[-0.13124999403953552, -0.862500011920929, 1.5575000047683716, 0.06875000149011612, -0.737500011920929, 1.6825000047683716, -0.06875000149011612, -0.862500011920929, 1.6825000047683716, 0.06875000149011612, -1.0092194080352783, 1.5575000047683716] current=[-0.10519088059663773, -0.7812177538871765, 1.910848617553711, 0.06012336164712906, -0.7426322102546692, 1.8292558193206787, -0.04590541869401932, -0.838836133480072, 1.6517537832260132, 0.06633403152227402, -0.9948715567588806, 1.516730546951294]
[DIAG_INFER] step=151 policy_action_max=4.791742 applied_action_max=0.250000 obs_max=4.053368 history_nonzero_rows=15 position_clip=0 torque_clip=1 action=[-2.034167766571045, -0.6565778255462646, -1.1141778230667114, -2.1563706398010254, 0.45522648096084595, 2.392993688583374, 4.791741847991943, -1.6919344663619995, 2.07548189163208, 1.0814599990844727, -2.253694772720337, -1.2916394472122192]
[DIAG_TARGET] step=151 target_error=0.000000000 default=[0.0, -0.7853981852531433, 1.8654682636260986, 0.0, -0.7853981852531433, 1.8654682636260986, 0.0, -0.7853981852531433, 1.8654682636260986, 0.0, -0.7853981852531433, 1.8654682636260986] desired=[-0.13124999403953552, -0.862500011920929, 1.5575000047683716, 0.06875000149011612, -0.737500011920929, 1.6825000047683716, -0.06875000149011612, -0.862500011920929, 1.6825000047683716, 0.13124999403953552, -1.0733578205108643, 1.5575000047683716] applied=[-0.13124999403953552, -0.862500011920929, 1.5575000047683716, 0.06875000149011612, -0.737500011920929, 1.6825000047683716, -0.06875000149011612, -0.862500011920929, 1.6825000047683716, 0.13124999403953552, -1.0733578205108643, 1.5575000047683716] current=[-0.1155603677034378, -0.8042761087417603, 1.9163929224014282, 0.05112005025148392, -0.7600309252738953, 1.8473052978515625, -0.04299241304397583, -0.9016228318214417, 1.6593165397644043, 0.07120677828788757, -1.042258620262146, 1.5328115224838257]
[DIAG_INFER] step=161 policy_action_max=5.118661 applied_action_max=0.250000 obs_max=4.791742 history_nonzero_rows=15 position_clip=0 torque_clip=1 action=[-0.42059987783432007, -1.1003512144088745, -1.3402183055877686, -2.9450368881225586, 0.21394430100917816, 2.177730083465576, 5.118661403656006, -1.6565914154052734, 2.319291591644287, 3.9904608726501465, -1.8498265743255615, -2.6013078689575195]
[DIAG_TARGET] step=161 target_error=0.000000000 default=[0.0, -0.7853981852531433, 1.8654682636260986, 0.0, -0.7853981852531433, 1.8654682636260986, 0.0, -0.7853981852531433, 1.8654682636260986, 0.0, -0.7853981852531433, 1.8654682636260986] desired=[-0.13124999403953552, -0.862500011920929, 1.5575000047683716, 0.06875000149011612, -0.7465139627456665, 1.6825000047683716, -0.06875000149011612, -0.862500011920929, 1.6825000047683716, 0.13124999403953552, -1.2392239570617676, 1.5575000047683716] applied=[-0.13124999403953552, -0.862500011920929, 1.5575000047683716, 0.06875000149011612, -0.7465139627456665, 1.6825000047683716, -0.06875000149011612, -0.862500011920929, 1.6825000047683716, 0.13124999403953552, -1.2392239570617676, 1.5575000047683716] current=[-0.11408460885286331, -0.8299234509468079, 1.9129127264022827, 0.05306828022003174, -0.7826008796691895, 1.8656005859375, -0.04644763097167015, -0.893392026424408, 1.668954849243164, 0.1016419306397438, -1.0612713098526, 1.5473860502243042]
[DIAG_INFER] step=171 policy_action_max=6.005576 applied_action_max=0.250000 obs_max=5.118661 history_nonzero_rows=15 position_clip=0 torque_clip=1 action=[1.6594723463058472, -1.3407725095748901, -1.7511368989944458, -3.5685079097747803, -0.09272338449954987, 2.3826563358306885, 4.709137439727783, -1.6911184787750244, 2.7318639755249023, 6.005576133728027, -0.9852989912033081, -3.905571460723877]
[DIAG_TARGET] step=171 target_error=0.000000000 default=[0.0, -0.7853981852531433, 1.8654682636260986, 0.0, -0.7853981852531433, 1.8654682636260986, 0.0, -0.7853981852531433, 1.8654682636260986, 0.0, -0.7853981852531433, 1.8654682636260986] desired=[-0.06875000149011612, -0.862500011920929, 1.5575000047683716, 0.06875000149011612, -0.8231808543205261, 1.6825000047683716, -0.06875000149011612, -0.862500011920929, 1.6825000047683716, 0.13124999403953552, -1.078368902206421, 1.5575000047683716] applied=[-0.06875000149011612, -0.862500011920929, 1.5575000047683716, 0.06875000149011612, -0.8231808543205261, 1.6825000047683716, -0.06875000149011612, -0.862500011920929, 1.6825000047683716, 0.13124999403953552, -1.078368902206421, 1.5575000047683716] current=[-0.10576917231082916, -0.8562396764755249, 1.8998125791549683, 0.0607910081744194, -0.8092052936553955, 1.8800201416015625, -0.03049788437783718, -0.9409569501876831, 1.728720784187317, 0.11469187587499619, -1.1367862224578857, 1.5560190677642822]
[DIAG_INFER] step=181 policy_action_max=8.031520 applied_action_max=0.250000 obs_max=6.005576 history_nonzero_rows=15 position_clip=0 torque_clip=0 action=[2.6678738594055176, -1.4965153932571411, -2.2205076217651367, -3.4684813022613525, 0.3115759491920471, 2.62934947013855, 3.287952423095703, -1.3841004371643066, 2.2329728603363037, 8.031519889831543, -1.0200300216674805, -4.577024936676025]
[DIAG_TARGET] step=181 target_error=0.000000000 default=[0.0, -0.7853981852531433, 1.8654682636260986, 0.0, -0.7853981852531433, 1.8654682636260986, 0.0, -0.7853981852531433, 1.8654682636260986, 0.0, -0.7853981852531433, 1.8654682636260986] desired=[-0.06875000149011612, -0.862500011920929, 1.5575000047683716, 0.06875000149011612, -0.737500011920929, 1.6825000047683716, -0.06875000149011612, -0.862500011920929, 1.6825000047683716, 0.13124999403953552, -0.862500011920929, 1.5575000047683716] applied=[-0.06875000149011612, -0.862500011920929, 1.5575000047683716, 0.06875000149011612, -0.737500011920929, 1.6825000047683716, -0.06875000149011612, -0.862500011920929, 1.6825000047683716, 0.13124999403953552, -0.862500011920929, 1.5575000047683716] current=[-0.08968682587146759, -0.8735009431838989, 1.8785626888275146, 0.07562704384326935, -0.832996129989624, 1.8908613920211792, -0.0017470730235800147, -1.0063780546188354, 1.7942440509796143, 0.139963299036026, -1.1645821332931519, 1.5486483573913574]
[DIAG_INFER] step=191 policy_action_max=3.813212 applied_action_max=0.250000 obs_max=8.031520 history_nonzero_rows=15 position_clip=0 torque_clip=0 action=[-0.4683172106742859, 0.1337737739086151, 0.622970700263977, -1.0598753690719604, 0.700090765953064, 1.194846510887146, 3.568115711212158, -1.9086365699768066, 0.782119870185852, -3.8132123947143555, 0.2569710314273834, -2.362558603286743]
[DIAG_TARGET] step=191 target_error=0.000000000 default=[0.0, -0.7853981852531433, 1.8654682636260986, 0.0, -0.7853981852531433, 1.8654682636260986, 0.0, -0.7853981852531433, 1.8654682636260986, 0.0, -0.7853981852531433, 1.8654682636260986] desired=[-0.13124999403953552, -0.7665565609931946, 1.6825000047683716, 0.06875000149011612, -0.737500011920929, 1.6825000047683716, -0.06875000149011612, -0.862500011920929, 1.6825000047683716, 0.06875000149011612, -0.737500011920929, 1.5575000047683716] applied=[-0.13124999403953552, -0.7665565609931946, 1.6825000047683716, 0.06875000149011612, -0.737500011920929, 1.6825000047683716, -0.06875000149011612, -0.862500011920929, 1.6825000047683716, 0.06875000149011612, -0.737500011920929, 1.5575000047683716] current=[-0.09817399084568024, -0.8772605657577515, 1.8585203886032104, 0.06541632115840912, -0.8390674591064453, 1.8904218673706055, 0.0008702274644747376, -1.048005223274231, 1.8410762548446655, 0.15123510360717773, -1.2148191928863525, 1.609494686126709]
[DIAG_INFER] step=201 policy_action_max=8.215898 applied_action_max=0.250000 obs_max=3.813212 history_nonzero_rows=15 position_clip=0 torque_clip=2 action=[2.890977382659912, 1.4992725849151611, 2.7616212368011475, 0.36853232979774475, 0.34651440382003784, -1.4735075235366821, -4.824513912200928, -3.736298084259033, -2.796098470687866, -8.215897560119629, -0.8157069683074951, -0.706062912940979]
[DIAG_TARGET] step=201 target_error=0.000000000 default=[0.0, -0.7853981852531433, 1.8654682636260986, 0.0, -0.7853981852531433, 1.8654682636260986, 0.0, -0.7853981852531433, 1.8654682636260986, 0.0, -0.7853981852531433, 1.8654682636260986] desired=[-0.06875000149011612, -0.737500011920929, 1.6825000047683716, 0.13124999403953552, -0.737500011920929, 1.5575000047683716, -0.13124999403953552, -0.862500011920929, 1.5575000047683716, -0.9789838790893555, -0.6477058529853821, 1.5575000047683716] applied=[-0.06875000149011612, -0.737500011920929, 1.6825000047683716, 0.13124999403953552, -0.737500011920929, 1.5575000047683716, -0.13124999403953552, -0.862500011920929, 1.5575000047683716, -0.9789838790893555, -0.6477058529853821, 1.5575000047683716] current=[-0.13384658098220825, -0.8638299107551575, 1.8447366952896118, 0.02805558405816555, -0.818734347820282, 1.881220817565918, -0.020289987325668335, -1.0516173839569092, 1.859447956085205, 0.13175278902053833, -1.2141048908233643, 1.6309229135513306]
[DIAG_INFER] step=211 policy_action_max=14.793166 applied_action_max=0.250000 obs_max=8.215898 history_nonzero_rows=15 position_clip=0 torque_clip=3 action=[7.482092380523682, -1.2041274309158325, 5.164855480194092, -3.158446788787842, 3.132047414779663, -1.308502197265625, -13.254340171813965, -5.114498138427734, -1.9434313774108887, -14.793166160583496, -4.460829734802246, -0.5482717752456665]
[DIAG_TARGET] step=211 target_error=0.000000000 default=[0.0, -0.7853981852531433, 1.8654682636260986, 0.0, -0.7853981852531433, 1.8654682636260986, 0.0, -0.7853981852531433, 1.8654682636260986, 0.0, -0.7853981852531433, 1.8654682636260986] desired=[-0.06875000149011612, -0.862500011920929, 1.6825000047683716, 0.06875000149011612, -0.737500011920929, 1.5575000047683716, -0.13124999403953552, -0.862500011920929, 1.5575000047683716, -1.5, 0.533980667591095, 1.7580431699752808] applied=[-0.06875000149011612, -0.862500011920929, 1.6825000047683716, 0.06875000149011612, -0.737500011920929, 1.5575000047683716, -0.13124999403953552, -0.862500011920929, 1.5575000047683716, -1.5, 0.533980667591095, 1.7580431699752808] current=[-0.24657432734966278, -0.8313598036766052, 1.8607800006866455, -0.04457227513194084, -0.759823203086853, 1.8219655752182007, -0.14265020191669464, -1.0066213607788086, 1.8511476516723633, -0.08550659567117691, -1.1692707538604736, 1.661173939704895]
[DIAG_INFER] step=221 policy_action_max=9.006270 applied_action_max=0.250000 obs_max=14.793166 history_nonzero_rows=15 position_clip=0 torque_clip=4 action=[5.417604923248291, -5.282919883728027, 6.101322650909424, -7.223358154296875, 5.889017581939697, 0.8734209537506104, -4.165513515472412, -5.04362678527832, 3.916839122772217, -9.006270408630371, -2.331897735595703, 2.2233242988586426]
[DIAG_TARGET] step=221 target_error=0.000000000 default=[0.0, -0.7853981852531433, 1.8654682636260986, 0.0, -0.7853981852531433, 1.8654682636260986, 0.0, -0.7853981852531433, 1.8654682636260986, 0.0, -0.7853981852531433, 1.8654682636260986] desired=[-0.06875000149011612, -0.862500011920929, 1.6825000047683716, 0.06875000149011612, -0.737500011920929, 1.6825000047683716, -0.19149881601333618, -0.862500011920929, 1.6825000047683716, -1.457895040512085, 1.5314652919769287, 2.700000047683716] applied=[-0.06875000149011612, -0.862500011920929, 1.6825000047683716, 0.06875000149011612, -0.737500011920929, 1.6825000047683716, -0.19149881601333618, -0.862500011920929, 1.6825000047683716, -1.457895040512085, 1.5314652919769287, 2.700000047683716] current=[-0.3422563672065735, -0.7752238512039185, 1.9121849536895752, -0.02560492977499962, -0.7036768794059753, 1.7013907432556152, -0.278416246175766, -0.901165783405304, 1.796951413154602, -0.5293359160423279, -0.8580996990203857, 1.750656247138977]
[DIAG_INFER] step=231 policy_action_max=10.669263 applied_action_max=0.250000 obs_max=9.006270 history_nonzero_rows=15 position_clip=0 torque_clip=5 action=[9.603975296020508, 1.394248366355896, 7.568912506103516, -6.718619346618652, 7.112049102783203, -3.839393138885498, -5.495574474334717, -2.031484603881836, -6.0823655128479, -7.271492958068848, -8.643779754638672, 10.669262886047363]
[DIAG_TARGET] step=231 target_error=0.000000015 default=[0.0, -0.7853981852531433, 1.8654682636260986, 0.0, -0.7853981852531433, 1.8654682636260986, 0.0, -0.7853981852531433, 1.8654682636260986, 0.0, -0.7853981852531433, 1.8654682636260986] desired=[-0.06875000149011612, -0.737500011920929, 1.6825000047683716, 0.06875000149011612, -0.737500011920929, 1.5575000047683716, -0.6846638917922974, -0.008674666285514832, 1.5575000047683716, 1.5, 1.0404679775238037, 2.0705862045288086] applied=[-0.06875000149011612, -0.737500011920929, 1.6825000047683716, 0.06875000149011612, -0.737500011920929, 1.5575000047683716, -0.6846638917922974, -0.008674681186676025, 1.5575000047683716, 1.5, 1.0404679775238037, 2.0705862045288086] current=[-0.3064958453178406, -0.7120248675346375, 1.9563772678375244, 0.08773785084486008, -0.7241401672363281, 1.687052607536316, -0.22930367290973663, -0.8406016230583191, 1.735358715057373, -1.0293300151824951, -0.05163496732711792, 2.191663980484009]
[DIAG_INFER] step=241 policy_action_max=18.977324 applied_action_max=0.250000 obs_max=10.669263 history_nonzero_rows=15 position_clip=0 torque_clip=3 action=[9.93178653717041, 5.381687164306641, 10.911901473999023, 10.35520076751709, 2.669214963912964, -12.028515815734863, -9.099406242370605, 3.732872486114502, -12.08377742767334, -4.638907432556152, -14.649477005004883, 18.977323532104492]
[DIAG_TARGET] step=241 target_error=0.000000030 default=[0.0, -0.7853981852531433, 1.8654682636260986, 0.0, -0.7853981852531433, 1.8654682636260986, 0.0, -0.7853981852531433, 1.8654682636260986, 0.0, -0.7853981852531433, 1.8654682636260986] desired=[-0.06875000149011612, -0.737500011920929, 1.6825000047683716, 0.13124999403953552, -0.737500011920929, 1.5575000047683716, -0.13124999403953552, 0.3068722188472748, 1.5575000047683716, 1.5, 1.183917760848999, 1.6825000047683716] applied=[-0.06875000149011612, -0.737500011920929, 1.6825000047683716, 0.13124999403953552, -0.737500011920929, 1.5575000047683716, -0.13124999403953552, 0.3068721890449524, 1.5575000047683716, 1.5, 1.183917760848999, 1.6825000047683716] current=[-0.1674799919128418, -0.6360495686531067, 1.9539138078689575, 0.1915578544139862, -0.7490733861923218, 1.6310442686080933, -0.30653366446495056, -0.532525360584259, 1.615107774734497, -0.7388973236083984, 0.6327200531959534, 2.071014404296875]
[DIAG_INFER] step=251 policy_action_max=8.744707 applied_action_max=0.250000 obs_max=18.977324 history_nonzero_rows=15 position_clip=0 torque_clip=4 action=[6.469399929046631, -0.9888345003128052, 2.646059036254883, -1.9849146604537964, 0.628548264503479, -0.916100263595581, -5.797898292541504, 0.8457545042037964, -8.744707107543945, 1.5440114736557007, -6.90008544921875, 5.722508907318115]
[DIAG_TARGET] step=251 target_error=0.000000000 default=[0.0, -0.7853981852531433, 1.8654682636260986, 0.0, -0.7853981852531433, 1.8654682636260986, 0.0, -0.7853981852531433, 1.8654682636260986, 0.0, -0.7853981852531433, 1.8654682636260986] desired=[-0.06875000149011612, -0.862500011920929, 1.6825000047683716, 0.06875000149011612, -0.4567165970802307, 1.5575000047683716, 0.12392724305391312, 0.3209685683250427, 1.5575000047683716, 1.5, -0.862500011920929, 1.6825000047683716] applied=[-0.06875000149011612, -0.862500011920929, 1.6825000047683716, 0.06875000149011612, -0.4567165970802307, 1.5575000047683716, 0.12392724305391312, 0.3209685683250427, 1.5575000047683716, 1.5, -0.862500011920929, 1.6825000047683716] current=[-0.06173151358962059, -0.6051294207572937, 1.9385560750961304, 0.33528295159339905, -0.7578513622283936, 1.6920380592346191, -0.3066045045852661, -0.06526725739240646, 1.5644347667694092, 0.08105824142694473, 0.9615852236747742, 1.8533600568771362]
[DIAG_INFER] step=261 policy_action_max=3.353824 applied_action_max=0.250000 obs_max=8.744707 history_nonzero_rows=15 position_clip=0 torque_clip=4 action=[2.0288190841674805, -1.6166890859603882, 3.3538243770599365, 0.18366625905036926, 3.1371707916259766, -2.5143134593963623, -1.6216685771942139, 1.7862049341201782, -1.6852269172668457, -2.223205804824829, -2.2278451919555664, -0.9736565351486206]
[DIAG_TARGET] step=261 target_error=0.000000000 default=[0.0, -0.7853981852531433, 1.8654682636260986, 0.0, -0.7853981852531433, 1.8654682636260986, 0.0, -0.7853981852531433, 1.8654682636260986, 0.0, -0.7853981852531433, 1.8654682636260986] desired=[-0.06875000149011612, -0.862500011920929, 1.6825000047683716, 0.12295828759670258, -0.37800389528274536, 1.5575000047683716, 0.5628880858421326, -0.737500011920929, 1.5575000047683716, -0.8684330582618713, -2.0495762825012207, 1.5575000047683716] applied=[-0.06875000149011612, -0.862500011920929, 1.6825000047683716, 0.12295828759670258, -0.37800389528274536, 1.5575000047683716, 0.5628880858421326, -0.737500011920929, 1.5575000047683716, -0.8684330582618713, -2.0495762825012207, 1.5575000047683716] current=[-0.06934352219104767, -0.6387491822242737, 1.9370439052581787, 0.3732609152793884, -0.7632520198822021, 1.7091861963272095, -0.1627625972032547, 0.2524341344833374, 1.5749149322509766, 0.806555449962616, 0.4376257061958313, 1.7661480903625488]
[DIAG_INFER] step=271 policy_action_max=13.580610 applied_action_max=0.250000 obs_max=7.800756 history_nonzero_rows=15 position_clip=0 torque_clip=2 action=[-3.4077043533325195, 4.958731174468994, 2.5995662212371826, -6.746326446533203, -0.41262948513031006, 0.42500293254852295, -3.675461530685425, -13.580610275268555, 3.254016876220703, -12.574200630187988, -2.8993852138519287, -3.4730348587036133]
[DIAG_TARGET] step=271 target_error=0.000000000 default=[0.0, -0.7853981852531433, 1.8654682636260986, 0.0, -0.7853981852531433, 1.8654682636260986, 0.0, -0.7853981852531433, 1.8654682636260986, 0.0, -0.7853981852531433, 1.8654682636260986] desired=[-0.13124999403953552, -0.737500011920929, 1.6825000047683716, 0.06875000149011612, -0.862500011920929, 1.6825000047683716, -0.13124999403953552, -0.862500011920929, 1.6825000047683716, -1.5, -0.862500011920929, 2.356494903564453] applied=[-0.13124999403953552, -0.737500011920929, 1.6825000047683716, 0.06875000149011612, -0.862500011920929, 1.6825000047683716, -0.13124999403953552, -0.862500011920929, 1.6825000047683716, -1.5, -0.862500011920929, 2.356494903564453] current=[-0.20203927159309387, -0.6656639575958252, 1.9652329683303833, 0.2361457496881485, -0.7050732374191284, 1.6507047414779663, 0.07964979112148285, -0.0243501216173172, 1.5983003377914429, 0.39521098136901855, -0.38201001286506653, 1.6124112606048584]
[DIAG_INFER] step=281 policy_action_max=11.863330 applied_action_max=0.250000 obs_max=13.580610 history_nonzero_rows=15 position_clip=0 torque_clip=3 action=[-6.185177803039551, 3.5640523433685303, 1.0087863206863403, -8.247326850891113, 4.416097640991211, -0.7610123157501221, -3.920872926712036, -11.863329887390137, 0.8364920616149902, -11.595559120178223, -3.351832628250122, -2.1318674087524414]
[DIAG_TARGET] step=281 target_error=0.000000000 default=[0.0, -0.7853981852531433, 1.8654682636260986, 0.0, -0.7853981852531433, 1.8654682636260986, 0.0, -0.7853981852531433, 1.8654682636260986, 0.0, -0.7853981852531433, 1.8654682636260986] desired=[-0.13124999403953552, -0.737500011920929, 1.6825000047683716, 0.06875000149011612, -0.737500011920929, 1.5575000047683716, -0.46771374344825745, -0.862500011920929, 1.6825000047683716, -1.5, -0.862500011920929, 1.5889438390731812] applied=[-0.13124999403953552, -0.737500011920929, 1.6825000047683716, 0.06875000149011612, -0.737500011920929, 1.5575000047683716, -0.46771374344825745, -0.862500011920929, 1.6825000047683716, -1.5, -0.862500011920929, 1.5889438390731812] current=[-0.35510480403900146, -0.6636470556259155, 1.9908647537231445, 0.12640076875686646, -0.7260481715202332, 1.6722818613052368, 0.1284351944923401, -0.4684453010559082, 1.7507307529449463, -0.424756795167923, -0.8924164175987244, 1.9064931869506836]
[DIAG_INFER] step=291 policy_action_max=10.917879 applied_action_max=0.250000 obs_max=11.863330 history_nonzero_rows=15 position_clip=0 torque_clip=2 action=[1.1035488843917847, 4.208456993103027, -0.1699751317501068, -10.917879104614258, 2.901745080947876, 0.909294843673706, 0.8598265051841736, -6.561957836151123, 2.103616237640381, 0.5853838920593262, -0.3774406611919403, -0.6993638873100281]
[DIAG_TARGET] step=291 target_error=0.000000000 default=[0.0, -0.7853981852531433, 1.8654682636260986, 0.0, -0.7853981852531433, 1.8654682636260986, 0.0, -0.7853981852531433, 1.8654682636260986, 0.0, -0.7853981852531433, 1.8654682636260986] desired=[-0.06875000149011612, -0.737500011920929, 1.577506184577942, 0.06875000149011612, -0.737500011920929, 1.6825000047683716, -0.7763749361038208, -0.862500011920929, 1.6825000047683716, 0.13124999403953552, -0.8342035412788391, 1.5575000047683716] applied=[-0.06875000149011612, -0.737500011920929, 1.577506184577942, 0.06875000149011612, -0.737500011920929, 1.6825000047683716, -0.7763749361038208, -0.862500011920929, 1.6825000047683716, 0.13124999403953552, -0.8342035412788391, 1.5575000047683716] current=[-0.4170030951499939, -0.64653480052948, 2.0063111782073975, 0.1204557716846466, -0.7580127716064453, 1.6092627048492432, -0.03700261935591698, -0.628637969493866, 1.8572324514389038, -1.0822197198867798, -0.8897397518157959, 1.6858383417129517]
[STAGE] video_encoding_start
[SUMMARY] {"task": "YoboGo-Velocity-Flat-v0", "mode": "record_video", "yobogo_walk_speed_m_s": 0.6, "rapid_walk_speed_m_s": 0.6, "adaptation_weight": "/run/media/pma213x/0C6A8CC86A8CAFCE/Ubuntu2/CodeU/Dog1/mini-cheetah-isaaclab/external_models/rapid-locomotion-rl/runs/rapid-locomotion/example/train/201852.132488/checkpoints/adaptation_module_latest.jit", "body_weight": "/run/media/pma213x/0C6A8CC86A8CAFCE/Ubuntu2/CodeU/Dog1/mini-cheetah-isaaclab/external_models/rapid-locomotion-rl/runs/rapid-locomotion/example/train/201852.132488/checkpoints/body_latest.jit", "completed_steps": 300, "inference_steps": 30, "expected_inference_steps": 30, "reset_count": 0, "safety_clip_count": 54, "position_clip_count": 0, "torque_clip_count": 54, "large_action_inference_count": 6, "official_clip_inference_count": 0, "max_abs_rapid_action": 0.25, "max_abs_policy_action": 18.977323532104492, "ood_guard_count": 341, "base_height_min_m": 0.25224125385284424, "max_abs_roll_deg": 20.2634641191857, "max_abs_pitch_deg": 9.198123946184083, "xy_displacement_m": 0.07037563621997833, "mean_measured_velocity_m_s": 0.11729272703329723, "final_command": [0.6000000238418579, 0.0, 0.0], "terminated_steps": 0, "stability_errors": [], "interface_ok": true, "stable_walking": true, "video": "/run/media/pma213x/0C6A8CC86A8CAFCE/Ubuntu2/CodeU/Dog1/mini-cheetah-isaaclab/outputs/rapid-locomotion/rapid_walk_test.mp4", "video_frames_written": 100, "leg_motion_stats": {"FR": {"joints": {"haa": {"target": {"min": -0.13124999403953552, "max": -0.06875000149011612, "rms": 0.09595368303237391, "range": 0.0624999925494194, "motion_rms": 0.029656144505367913}, "actual": {"min": -0.4179289937019348, "max": 0.00942196324467659, "rms": 0.16671474153971763, "range": 0.4273509569466114, "motion_rms": 0.1118094389368198}, "raw_action": {"min": -6.185177803039551, "max": 9.93178653717041, "rms": 4.627264935105758, "range": 16.11696434020996, "motion_rms": 4.155371597850779}, "applied_action": {"min": -0.25, "max": 0.25, "rms": 0.24734726880965616, "range": 0.5, "motion_rms": 0.2372491823737445}, "position_clip_count": 0, "torque_clip_count": 0}, "hip": {"target": {"min": -0.862500011920929, "max": -0.737500011920929, "rms": 0.7961829737218542, "range": 0.125, "motion_rms": 0.06055474277568804}, "actual": {"min": -0.9084884524345398, "max": -0.6051294207572937, "rms": 0.7851622575147151, "range": 0.3033590316772461, "motion_rms": 0.09045129141573728}, "raw_action": {"min": -5.282919883728027, "max": 5.381687164306641, "rms": 2.1841788376702858, "range": 10.664607048034668, "motion_rms": 2.1428589105359435}, "applied_action": {"min": -0.25, "max": 0.25, "rms": 0.24345414179175973, "range": 0.5, "motion_rms": 0.2422189697131505}, "position_clip_count": 0, "torque_clip_count": 0}, "knee": {"target": {"min": 1.5575000047683716, "max": 1.6825000047683716, "rms": 1.6431339469245954, "range": 0.125, "motion_rms": 0.05726166512901906}, "actual": {"min": 1.844679594039917, "max": 2.0063111782073975, "rms": 1.9088312985323852, "range": 0.16163158416748047, "motion_rms": 0.039358118482239454}, "raw_action": {"min": -2.4442594051361084, "max": 10.911901473999023, "rms": 3.410476263289471, "range": 13.356160879135132, "motion_rms": 2.955476656038618}, "applied_action": {"min": -0.25, "max": 0.25, "rms": 0.24556532277694204, "range": 0.5, "motion_rms": 0.22904665718484374}, "position_clip_count": 0, "torque_clip_count": 0}}, "target_range_min": 0.0624999925494194, "actual_range_min": 0.16163158416748047, "actual_motion_rms_min": 0.039358118482239454}, "FL": {"joints": {"haa": {"target": {"min": 0.06875000149011612, "max": 0.13124999403953552, "rms": 0.08492639321481325, "range": 0.0624999925494194, "motion_rms": 0.024364492267094338}, "actual": {"min": -0.05397617071866989, "max": 0.375393807888031, "rms": 0.12306997400195596, "range": 0.4293699786067009, "motion_rms": 0.10083462169659682}, "raw_action": {"min": -10.917879104614258, "max": 10.35520076751709, "rms": 4.563721940525448, "range": 21.273079872131348, "motion_rms": 3.9142171857450503}, "applied_action": {"min": -0.25, "max": 0.25, "rms": 0.2454334858696208, "range": 0.5, "motion_rms": 0.19491595655159655}, "position_clip_count": 0, "torque_clip_count": 0}, "hip": {"target": {"min": -0.862500011920929, "max": -0.37800389528274536, "rms": 0.744857531340891, "range": 0.4844961166381836, "motion_rms": 0.10766656300490048}, "actual": {"min": -0.9039490222930908, "max": -0.694896399974823, "rms": 0.7860410245297444, "range": 0.20905262231826782, "motion_rms": 0.06195362602648195}, "raw_action": {"min": -1.4402436017990112, "max": 7.112049102783203, "rms": 2.4969390833492624, "range": 8.552292704582214, "motion_rms": 2.0281855229800696}, "applied_action": {"min": -0.25, "max": 0.25, "rms": 0.2435604861348325, "range": 0.5, "motion_rms": 0.1998429800590227}, "position_clip_count": 0, "torque_clip_count": 3}, "knee": {"target": {"min": 1.5575000047683716, "max": 1.6825000047683716, "rms": 1.6367218150206198, "range": 0.125, "motion_rms": 0.05885544858814979}, "actual": {"min": 1.6092627048492432, "max": 1.9322701692581177, "rms": 1.8061778437920886, "range": 0.3230074644088745, "motion_rms": 0.09397117760276047}, "raw_action": {"min": -12.028515815734863, "max": 2.62934947013855, "rms": 2.754681149921459, "range": 14.657865285873413, "motion_rms": 2.752045673391648}, "applied_action": {"min": -0.25, "max": 0.25, "rms": 0.24361614993250028, "range": 0.5, "motion_rms": 0.23542179385823028}, "position_clip_count": 0, "torque_clip_count": 0}}, "target_range_min": 0.0624999925494194, "actual_range_min": 0.20905262231826782, "actual_motion_rms_min": 0.06195362602648195}, "RR": {"joints": {"haa": {"target": {"min": -0.7763749361038208, "max": 0.5628880858421326, "rms": 0.25154817734424173, "range": 1.3392630219459534, "motion_rms": 0.21898651128457694}, "actual": {"min": -0.3215774595737457, "max": 0.140009805560112, "rms": 0.1262575672780342, "range": 0.4615872651338577, "motion_rms": 0.10123304697667021}, "raw_action": {"min": -13.254340171813965, "max": 5.118661403656006, "rms": 4.5358507000221095, "range": 18.37300157546997, "motion_rms": 4.446120258639857}, "applied_action": {"min": -0.25, "max": 0.25, "rms": 0.24878101831320634, "range": 0.5, "motion_rms": 0.24877751292081496}, "position_clip_count": 0, "torque_clip_count": 6}, "hip": {"target": {"min": -0.8959035873413086, "max": 0.3209685683250427, "rms": 0.7879149843725268, "range": 1.2168721556663513, "motion_rms": 0.39054885070400597}, "actual": {"min": -1.0550283193588257, "max": 0.2591951787471771, "rms": 0.7655113701194436, "range": 1.3142234981060028, "motion_rms": 0.3341790944266863}, "raw_action": {"min": -13.580610275268555, "max": 3.732872486114502, "rms": 4.226430202401563, "range": 17.313482761383057, "motion_rms": 3.35354614107246}, "applied_action": {"min": -0.25, "max": 0.25, "rms": 0.24604656907555508, "range": 0.5, "motion_rms": 0.15173962993204484}, "position_clip_count": 0, "torque_clip_count": 6}, "knee": {"target": {"min": 1.5575000047683716, "max": 1.6825000047683716, "rms": 1.6295110510607116, "range": 0.125, "motion_rms": 0.06194195311382701}, "actual": {"min": 1.5284507274627686, "max": 1.9177160263061523, "rms": 1.7433089310607195, "range": 0.3892652988433838, "motion_rms": 0.121801387035784}, "raw_action": {"min": -12.08377742767334, "max": 4.869768142700195, "rms": 3.722060475845181, "range": 16.953545570373535, "motion_rms": 3.700704872671393}, "applied_action": {"min": -0.25, "max": 0.25, "rms": 0.25, "range": 0.5, "motion_rms": 0.24776781245530838}, "position_clip_count": 0, "torque_clip_count": 0}}, "target_range_min": 0.125, "actual_range_min": 0.3892652988433838, "actual_motion_rms_min": 0.10123304697667021}, "RL": {"joints": {"haa": {"target": {"min": -1.5, "max": 1.5, "rms": 0.7684413213255143, "range": 3.0, "motion_rms": 0.7660389410891214}, "actual": {"min": -1.1234862804412842, "max": 0.8304375410079956, "rms": 0.39252097844501443, "range": 1.9539238214492798, "motion_rms": 0.3884763814924011}, "raw_action": {"min": -14.793166160583496, "max": 8.031519889831543, "rms": 5.91865355510267, "range": 22.82468605041504, "motion_rms": 5.283180788083996}, "applied_action": {"min": -0.25, "max": 0.25, "rms": 0.24642650789733841, "range": 0.5, "motion_rms": 0.23000360200081654}, "position_clip_count": 0, "torque_clip_count": 13}, "hip": {"target": {"min": -2.0495762825012207, "max": 1.5314652919769287, "rms": 1.0418691937653881, "range": 3.5810415744781494, "motion_rms": 0.8850384124353038}, "actual": {"min": -1.5206923484802246, "max": 0.9615852236747742, "rms": 0.9569528265980459, "range": 2.482277572154999, "motion_rms": 0.6759110253591579}, "raw_action": {"min": -14.649477005004883, "max": 1.1968523263931274, "rms": 3.9369031276274176, "range": 15.84632933139801, "motion_rms": 3.1097555579401726}, "applied_action": {"min": -0.25, "max": 0.25, "rms": 0.24227775937673546, "range": 0.5, "motion_rms": 0.15249519529957545}, "position_clip_count": 0, "torque_clip_count": 20}, "knee": {"target": {"min": 1.5575000047683716, "max": 2.700000047683716, "rms": 1.7105625922538912, "range": 1.1425000429153442, "motion_rms": 0.25395518675861173}, "actual": {"min": 1.5106940269470215, "max": 2.191663980484009, "rms": 1.68732447391711, "range": 0.6809699535369873, "motion_rms": 0.1615585220752953}, "raw_action": {"min": -4.577024936676025, "max": 18.977323532104492, "rms": 4.564695654672959, "range": 23.554348468780518, "motion_rms": 4.500272595299584}, "applied_action": {"min": -0.25, "max": 0.25, "rms": 0.24783108256356237, "range": 0.5, "motion_rms": 0.23939347430595756}, "position_clip_count": 0, "torque_clip_count": 6}}, "target_range_min": 1.1425000429153442, "actual_range_min": 0.6809699535369873, "actual_motion_rms_min": 0.1615585220752953}, "_gate": {"front_target_range_min": 0.0624999925494194, "front_actual_range_min": 0.16163158416748047, "front_target_threshold_rad": 0.04, "front_actual_threshold_rad": 0.05, "ok": true}}}
[RECORD] leg_stats=/run/media/pma213x/0C6A8CC86A8CAFCE/Ubuntu2/CodeU/Dog1/mini-cheetah-isaaclab/outputs/rapid-locomotion/rapid_walk_test.summary.leg_stats.json
[RECORD] summary=/run/media/pma213x/0C6A8CC86A8CAFCE/Ubuntu2/CodeU/Dog1/mini-cheetah-isaaclab/outputs/rapid-locomotion/rapid_walk_test.summary.json
[RECORD] video=/run/media/pma213x/0C6A8CC86A8CAFCE/Ubuntu2/CodeU/Dog1/mini-cheetah-isaaclab/outputs/rapid-locomotion/rapid_walk_test.mp4
[STAGE] event_loop_done
