[3gH    H    H    H    H    H    H    H    H    H    H    H    H    H    H    H    H    H    H    H   [INFO] Using python from: /home/pma213x/.venvs/minicheetah-isaaclab/bin/python
[INFO][AppLauncher]: Loading experience file: /home/pma213x/IsaacLab/apps/isaaclab.python.headless.kit
[Warning] [simulation_app.simulation_app] Modules: ['omni.kit_app'] were loaded before SimulationApp was started and might not be loaded correctly.
[Warning] [simulation_app.simulation_app] Please check to make sure no extra omniverse or pxr modules are imported before the call to SimulationApp(...)
Loading user config located at: '/home/pma213x/.venvs/minicheetah-isaaclab/lib/python3.10/site-packages/omni/data/Kit/Isaac-Sim/4.5/user.config.json'
[Info] [carb] Logging to file: /home/pma213x/.venvs/minicheetah-isaaclab/lib/python3.10/site-packages/omni/logs/Kit/Isaac-Sim/4.5/kit_20261008_212105.log
2026-10-08 13:21:05 [0ms] [Warning] [omni.kit.app.plugin] No crash reporter present, dumps uploading isn't available.
2026-10-08 13:21:05 [97ms] [Warning] [omni.usd_config.extension] Enable omni.materialx.libs extension to use MaterialX
2026-10-08 13:21:05 [414ms] [Warning] [omni.datastore] OmniHub is inaccessible
2026-10-08 13:21:05 [444ms] [Warning] [omni.isaac.dynamic_control] omni.isaac.dynamic_control is deprecated as of Isaac Sim 4.5. No action is needed from end-users.
Gym has been unmaintained since 2022 and does not support NumPy 2.0 amongst other critical functionality.
Please upgrade to Gymnasium, the maintained drop-in replacement of Gym, or contact the authors of your software and request that they upgrade.
See the migration guide at https://gymnasium.farama.org/introduction/migration_guide/ for additional information.
2026-10-08 13:21:07 [2,251ms] [Warning] [gpu.foundation.plugin] Skipping unsupported non-NVIDIA GPU: Intel(R) UHD Graphics (ADL-S GT0.5)
2026-10-08 13:21:07 [2,251ms] [Warning] [gpu.foundation.plugin] Skipping unsupported non-NVIDIA GPU: Intel(R) UHD Graphics (ADL-S GT0.5)

|---------------------------------------------------------------------------------------------|
| Driver Version: 580.178.04    | Graphics API: Vulkan
|=============================================================================================|
| GPU | Name                             | Active | LDA | GPU Memory | Vendor-ID | LUID       |
|     |                                  |        |     |            | Device-ID | UUID       |
|     |                                  |        |     |            | Bus-ID    |            |
|---------------------------------------------------------------------------------------------|
| 0   | NVIDIA GeForce RTX 4060 Laptop.. | Yes: 0 |     | 8188    MB | 10de      | 0          |
|     |                                  |        |     |            | 28e0      | 4d090564.. |
|     |                                  |        |     |            | 1         |            |
|---------------------------------------------------------------------------------------------|
| 1   | Intel(R) UHD Graphics (ADL-S G.. |        |     | 11374   MB | 8086      | 0          |
|     |                                  |        |     |            | 468b      | 86808b46.. |
|     |                                  |        |     |            | 0         |            |
|=============================================================================================|
| OS: 26.04.1 LTS (Resolute Raccoon) ubuntu, Version: 26.04.1, Kernel: 7.0.0-34-generic
| XServer Vendor: The X.Org Foundation, XServer Version: 12401010 (1.24.1.10)
| Processor: 13th Gen Intel(R) Core(TM) i5-13500HX
| Bare Metal Cores: 14 | Bare Metal Logical Cores: 28
| Available Cores:  20 
|---------------------------------------------------------------------------------------------|
| Total Memory (MB): 15166 | Free Memory: 5963
| Total Page/Swap (MB): 20479 | Free Page/Swap: 17239
|---------------------------------------------------------------------------------------------|
2026-10-08 13:21:08 [2,496ms] [Warning] [gpu.foundation.plugin] IOMMU is enabled.
2026-10-08 13:21:08 [2,497ms] [Warning] [gpu.foundation.plugin] Detected IOMMU is enabled. Running CUDA peer-to-peer bandwidth and latency validation.
Unidirectional P2P=Enabled Bandwidth (P2P Writes) Matrix (GB/s)
   D\D     0 
     0 220.16 
P2P=Enabled Latency (P2P Writes) Matrix (us)
   GPU     0 
     0   1.37 

   CPU     0 
     0   2.02 
[STAGE] config_start
[INFO]: Parsing configuration from: training.envs.velocity_flat_env_cfg:YoboGoVelocityFlatEnvCfg
[STAGE] config_done
[STAGE] environment_create_start
2026-10-08 13:21:08 [2,703ms] [Warning] [isaaclab.envs.manager_based_env] Seed not set for the environment. The environment creation may not be deterministic.
[INFO]: Base environment:
	Environment device    : cuda:0
	Environment seed      : None
	Physics step-size     : 0.0004
	Rendering step-size   : 0.002
	Environment step-size : 0.002
2026-10-08 13:21:08 [2,779ms] [Warning] [isaaclab.terrains.terrain_importer] Visual material specified for ground plane but no diffuse color found. Using default color: (0.0, 0.0, 0.0)
[INFO]: Time taken for scene creation : 2.580574 seconds
[INFO]: Scene manager:  <class InteractiveScene>
	Number of environments: 1
	Environment spacing   : 2.5
	Source prim name      : /World/envs/env_0
	Global prim paths     : ['/World/ground']
	Replicate physics     : True
[INFO]: Starting the simulation. This may take a few seconds. Please wait...
[INFO]: Time taken for simulation start : 0.429193 seconds
2026-10-08 13:21:11 [5,984ms] [Warning] [omni.usd] Warning: in GetNodeDiscoveryResults at line 136 of /builds/omniverse/usd-ci/USD/pxr/usd/usdShade/shaderDefUtils.cpp -- Unable to resolve info:sourceAsset </UsdPreviewSurface.info:mdl:sourceAsset> with value @UsdPreviewSurface.mdl@.

2026-10-08 13:21:11 [5,984ms] [Warning] [omni.usd] Warning: in GetNodeDiscoveryResults at line 136 of /builds/omniverse/usd-ci/USD/pxr/usd/usdShade/shaderDefUtils.cpp -- Unable to resolve info:sourceAsset </UsdUVTexture.info:mdl:sourceAsset> with value @UsdPreviewSurface.mdl@.

2026-10-08 13:21:11 [5,985ms] [Warning] [omni.usd] Warning: in GetNodeDiscoveryResults at line 136 of /builds/omniverse/usd-ci/USD/pxr/usd/usdShade/shaderDefUtils.cpp -- Unable to resolve info:sourceAsset </UsdPrimvarReader_float.info:mdl:sourceAsset> with value @UsdPreviewSurface.mdl@.

2026-10-08 13:21:11 [5,985ms] [Warning] [omni.usd] Warning: in GetNodeDiscoveryResults at line 136 of /builds/omniverse/usd-ci/USD/pxr/usd/usdShade/shaderDefUtils.cpp -- Unable to resolve info:sourceAsset </UsdPrimvarReader_float2.info:mdl:sourceAsset> with value @UsdPreviewSurface.mdl@.

2026-10-08 13:21:11 [5,985ms] [Warning] [omni.usd] Warning: in GetNodeDiscoveryResults at line 136 of /builds/omniverse/usd-ci/USD/pxr/usd/usdShade/shaderDefUtils.cpp -- Unable to resolve info:sourceAsset </UsdPrimvarReader_float3.info:mdl:sourceAsset> with value @UsdPreviewSurface.mdl@.

2026-10-08 13:21:11 [5,985ms] [Warning] [omni.usd] Warning: in GetNodeDiscoveryResults at line 136 of /builds/omniverse/usd-ci/USD/pxr/usd/usdShade/shaderDefUtils.cpp -- Unable to resolve info:sourceAsset </UsdPrimvarReader_float4.info:mdl:sourceAsset> with value @UsdPreviewSurface.mdl@.

2026-10-08 13:21:11 [5,985ms] [Warning] [omni.usd] Warning: in GetNodeDiscoveryResults at line 136 of /builds/omniverse/usd-ci/USD/pxr/usd/usdShade/shaderDefUtils.cpp -- Unable to resolve info:sourceAsset </UsdPrimvarReader_int.info:mdl:sourceAsset> with value @UsdPreviewSurface.mdl@.

2026-10-08 13:21:11 [5,985ms] [Warning] [omni.usd] Warning: in GetNodeDiscoveryResults at line 136 of /builds/omniverse/usd-ci/USD/pxr/usd/usdShade/shaderDefUtils.cpp -- Unable to resolve info:sourceAsset </UsdPrimvarReader_string.info:mdl:sourceAsset> with value @UsdPreviewSurface.mdl@.

2026-10-08 13:21:11 [5,985ms] [Warning] [omni.usd] Warning: in GetNodeDiscoveryResults at line 136 of /builds/omniverse/usd-ci/USD/pxr/usd/usdShade/shaderDefUtils.cpp -- Unable to resolve info:sourceAsset </UsdPrimvarReader_normal.info:mdl:sourceAsset> with value @UsdPreviewSurface.mdl@.

2026-10-08 13:21:11 [5,985ms] [Warning] [omni.usd] Warning: in GetNodeDiscoveryResults at line 136 of /builds/omniverse/usd-ci/USD/pxr/usd/usdShade/shaderDefUtils.cpp -- Unable to resolve info:sourceAsset </UsdPrimvarReader_point.info:mdl:sourceAsset> with value @UsdPreviewSurface.mdl@.

2026-10-08 13:21:11 [5,987ms] [Warning] [omni.usd] Warning: in GetNodeDiscoveryResults at line 136 of /builds/omniverse/usd-ci/USD/pxr/usd/usdShade/shaderDefUtils.cpp -- Unable to resolve info:sourceAsset </UsdPrimvarReader_vector.info:mdl:sourceAsset> with value @UsdPreviewSurface.mdl@.

2026-10-08 13:21:11 [5,987ms] [Warning] [omni.usd] Warning: in GetNodeDiscoveryResults at line 136 of /builds/omniverse/usd-ci/USD/pxr/usd/usdShade/shaderDefUtils.cpp -- Unable to resolve info:sourceAsset </UsdPrimvarReader_matrix.info:mdl:sourceAsset> with value @UsdPreviewSurface.mdl@.

2026-10-08 13:21:11 [5,987ms] [Warning] [omni.usd] Warning: in GetNodeDiscoveryResults at line 136 of /builds/omniverse/usd-ci/USD/pxr/usd/usdShade/shaderDefUtils.cpp -- Unable to resolve info:sourceAsset </UsdTransform2d.info:mdl:sourceAsset> with value @UsdPreviewSurface.mdl@.

[INFO] Command Manager:  <CommandManager> contains 1 active terms.
+------------------------------------------------+
|              Active Command Terms              |
+-------+---------------+------------------------+
| Index | Name          |          Type          |
+-------+---------------+------------------------+
|   0   | base_velocity | UniformVelocityCommand |
+-------+---------------+------------------------+

[INFO] Recorder Manager:  <RecorderManager> contains 0 active terms.
+---------------------+
| Active Recorder Terms |
+-----------+---------+
|   Index   | Name    |
+-----------+---------+
+-----------+---------+

[INFO] Action Manager:  <ActionManager> contains 1 active terms.
+------------------------------------+
|  Active Action Terms (shape: 12)   |
+--------+-------------+-------------+
| Index  | Name        |   Dimension |
+--------+-------------+-------------+
|   0    | joint_pos   |          12 |
+--------+-------------+-------------+

[INFO] Observation Manager: <ObservationManager> contains 1 groups.
+---------------------------------------------------------+
| Active Observation Terms in Group: 'policy' (shape: (48,)) |
+-----------+---------------------------------+-----------+
|   Index   | Name                            |   Shape   |
+-----------+---------------------------------+-----------+
|     0     | base_lin_vel                    |    (3,)   |
|     1     | base_ang_vel                    |    (3,)   |
|     2     | projected_gravity               |    (3,)   |
|     3     | velocity_commands               |    (3,)   |
|     4     | joint_pos                       |   (12,)   |
|     5     | joint_vel                       |   (12,)   |
|     6     | actions                         |   (12,)   |
+-----------+---------------------------------+-----------+

[INFO] Event Manager:  <EventManager> contains 3 active terms.
+--------------------------------------+
| Active Event Terms in Mode: 'startup' |
+----------+---------------------------+
|  Index   | Name                      |
+----------+---------------------------+
|    0     | physics_material          |
+----------+---------------------------+
+---------------------------------------+
|  Active Event Terms in Mode: 'reset'  |
+--------+------------------------------+
| Index  | Name                         |
+--------+------------------------------+
|   0    | base_external_force_torque   |
|   1    | reset_base                   |
|   2    | reset_robot_joints           |
+--------+------------------------------+
+----------------------------------------------+
|    Active Event Terms in Mode: 'interval'    |
+-------+------------+-------------------------+
| Index | Name       | Interval time range (s) |
+-------+------------+-------------------------+
|   0   | push_robot |       (10.0, 15.0)      |
+-------+------------+-------------------------+

[INFO] Termination Manager:  <TerminationManager> contains 2 active terms.
+---------------------------------+
|     Active Termination Terms    |
+-------+--------------+----------+
| Index | Name         | Time Out |
+-------+--------------+----------+
|   0   | time_out     |   True   |
|   1   | base_contact |  False   |
+-------+--------------+----------+

[INFO] Reward Manager:  <RewardManager> contains 11 active terms.
+-----------------------------------------+
|           Active Reward Terms           |
+-------+----------------------+----------+
| Index | Name                 |   Weight |
+-------+----------------------+----------+
|   0   | track_lin_vel_xy_exp |      1.0 |
|   1   | track_ang_vel_z_exp  |      0.5 |
|   2   | lin_vel_z_l2         |     -2.0 |
|   3   | ang_vel_xy_l2        |    -0.05 |
|   4   | dof_torques_l2       | -2.5e-05 |
|   5   | dof_acc_l2           | -2.5e-07 |
|   6   | action_rate_l2       |    -0.01 |
|   7   | feet_air_time        |      0.5 |
|   8   | undesired_contacts   |     -1.0 |
|   9   | flat_orientation_l2  |     -5.0 |
|   10  | dof_pos_limits       |      0.0 |
+-------+----------------------+----------+

[INFO] Curriculum Manager:  <CurriculumManager> contains 0 active terms.
+----------------------+
| Active Curriculum Terms |
+-----------+----------+
|   Index   | Name     |
+-----------+----------+
+-----------+----------+

[INFO]: Completed setting up the environment...
[STAGE] environment_create_done
[STAGE] policy_adapter_setup_start
[STAGE] policy_adapter_setup_done
[INFO] task=YoboGo-Velocity-Flat-v0
[INFO] weights_adaptation=/run/media/pma213x/0C6A8CC86A8CAFCE/Ubuntu2/CodeU/Dog1/mini-cheetah-isaaclab/external_models/rapid-locomotion-rl/runs/rapid-locomotion/example/train/201852.132488/checkpoints/adaptation_module_latest.jit
[INFO] weights_body=/run/media/pma213x/0C6A8CC86A8CAFCE/Ubuntu2/CodeU/Dog1/mini-cheetah-isaaclab/external_models/rapid-locomotion-rl/runs/rapid-locomotion/example/train/201852.132488/checkpoints/body_latest.jit
[INFO] yobogo_observation_dim=48 rapid_observation_dim=42
[INFO] history_dim=630 action_dim=12
[INFO] inference_period=10 control_period_s=0.002 inference_hz=50
[INFO] rapid_replay_actuator_kp=20 kd=0.5 effort=18/18/26
[INFO] yobogo_command=[0.15, 0.0, 0.0] rapid_command=[0.3, 0.0, 0.0]
[INFO] model_dummy_action_shape=(1, 12)
[INFO] model_dummy_latent_shape=(1, 18)
[STAGE] event_loop_start
[DIAG_INFER] step=1 policy_action_max=1.248121 applied_action_max=0.250000 obs_max=1.000000 history_nonzero_rows=0 position_clip=0 torque_clip=0 action=[-0.19197027385234833, 0.6424431800842285, -0.2432028353214264, -0.12731769680976868, 0.7155737280845642, 0.4644814133644104, 0.1710740625858307, -1.248120903968811, 0.8329900503158569, 0.16779926419258118, -0.6457257270812988, -0.7750471234321594]
[DIAG_TARGET] step=1 target_error=0.000000000 default=[0.0, -0.7853981852531433, 1.8654682636260986, 0.0, -0.7853981852531433, 1.8654682636260986, 0.0, -0.7853981852531433, 1.8654682636260986, 0.0, -0.7853981852531433, 1.8654682636260986] desired=[-0.12399628758430481, -0.737500011920929, 1.559199333190918, 0.08408528566360474, -0.737500011920929, 1.6825000047683716, -0.07861573994159698, -0.862500011920929, 1.6825000047683716, 0.12097491323947906, -0.862500011920929, 1.5575000047683716] applied=[-0.12399628758430481, -0.737500011920929, 1.559199333190918, 0.08408528566360474, -0.737500011920929, 1.6825000047683716, -0.07861573994159698, -0.862500011920929, 1.6825000047683716, 0.12097491323947906, -0.862500011920929, 1.5575000047683716] current=[0.0008777050534263253, -0.7861882448196411, 1.8667997121810913, 0.0023881816305220127, -0.786058783531189, 1.8664700984954834, 0.001153672463260591, -0.7871158719062805, 1.8687571287155151, 0.0028724544681608677, -0.7876715064048767, 1.868227243423462]
[STAGE] first_step_done
[DIAG_INFER] step=11 policy_action_max=3.568115 applied_action_max=0.250000 obs_max=1.248121 history_nonzero_rows=1 position_clip=0 torque_clip=1 action=[-0.518974244594574, 0.4771314561367035, -0.7724027633666992, -0.9155349731445312, 0.8585792183876038, 1.0519059896469116, 1.4705238342285156, -1.8189804553985596, 2.0023598670959473, 3.2935309410095215, -3.568115234375, 0.4919036030769348]
[DIAG_TARGET] step=11 target_error=0.000000000 default=[0.0, -0.7853981852531433, 1.8654682636260986, 0.0, -0.7853981852531433, 1.8654682636260986, 0.0, -0.7853981852531433, 1.8654682636260986, 0.0, -0.7853981852531433, 1.8654682636260986] desired=[-0.13124999403953552, -0.737500011920929, 1.5575000047683716, 0.06875000149011612, -0.737500011920929, 1.6825000047683716, -0.06875000149011612, -0.862500011920929, 1.6825000047683716, 0.13124999403953552, -1.001383900642395, 1.6825000047683716] applied=[-0.13124999403953552, -0.737500011920929, 1.5575000047683716, 0.06875000149011612, -0.737500011920929, 1.6825000047683716, -0.06875000149011612, -0.862500011920929, 1.6825000047683716, 0.13124999403953552, -1.001383900642395, 1.6825000047683716] current=[0.012651240453124046, -0.8093698620796204, 1.884948968887329, 0.01756499707698822, -0.7989234328269958, 1.8621307611465454, 0.018108012154698372, -0.8201431632041931, 1.9061400890350342, 0.02213875763118267, -0.807819664478302, 1.8792860507965088]
[DIAG_INFER] step=21 policy_action_max=2.313276 applied_action_max=0.250000 obs_max=3.568115 history_nonzero_rows=2 position_clip=0 torque_clip=0 action=[-0.45471155643463135, -0.46355828642845154, -0.4951455891132355, -0.8148701190948486, 1.0288810729980469, 1.4315119981765747, 1.7275886535644531, -1.3542027473449707, 2.3132755756378174, 0.524278998374939, -0.9818278551101685, -0.6269749999046326]
[DIAG_TARGET] step=21 target_error=0.000000000 default=[0.0, -0.7853981852531433, 1.8654682636260986, 0.0, -0.7853981852531433, 1.8654682636260986, 0.0, -0.7853981852531433, 1.8654682636260986, 0.0, -0.7853981852531433, 1.8654682636260986] desired=[-0.13124999403953552, -0.862500011920929, 1.5575000047683716, 0.06875000149011612, -0.737500011920929, 1.6825000047683716, -0.06875000149011612, -0.862500011920929, 1.6825000047683716, 0.13124999403953552, -0.862500011920929, 1.5575000047683716] applied=[-0.13124999403953552, -0.862500011920929, 1.5575000047683716, 0.06875000149011612, -0.737500011920929, 1.6825000047683716, -0.06875000149011612, -0.862500011920929, 1.6825000047683716, 0.13124999403953552, -0.862500011920929, 1.5575000047683716] current=[0.012420784682035446, -0.8282649517059326, 1.8917168378829956, 0.016790173947811127, -0.8017441034317017, 1.8412925004959106, 0.02487028017640114, -0.8494568467140198, 1.9360898733139038, 0.04702438786625862, -0.8372955322265625, 1.8694630861282349]
[DIAG_INFER] step=31 policy_action_max=2.136389 applied_action_max=0.250000 obs_max=2.313276 history_nonzero_rows=3 position_clip=0 torque_clip=0 action=[-1.6517207622528076, 0.2360551357269287, -0.6643904447555542, -0.4850552976131439, 1.0704727172851562, 0.9954214096069336, 1.3742704391479492, -1.189919114112854, 1.532057762145996, -1.2801333665847778, -0.30919328331947327, -2.1363894939422607]
[DIAG_TARGET] step=31 target_error=0.000000000 default=[0.0, -0.7853981852531433, 1.8654682636260986, 0.0, -0.7853981852531433, 1.8654682636260986, 0.0, -0.7853981852531433, 1.8654682636260986, 0.0, -0.7853981852531433, 1.8654682636260986] desired=[-0.13124999403953552, -0.7409862279891968, 1.5575000047683716, 0.06875000149011612, -0.737500011920929, 1.6825000047683716, -0.06875000149011612, -0.862500011920929, 1.6825000047683716, 0.06875000149011612, -0.862500011920929, 1.5575000047683716] applied=[-0.13124999403953552, -0.7409862279891968, 1.5575000047683716, 0.06875000149011612, -0.737500011920929, 1.6825000047683716, -0.06875000149011612, -0.862500011920929, 1.6825000047683716, 0.06875000149011612, -0.862500011920929, 1.5575000047683716] current=[0.001301098964177072, -0.839289665222168, 1.8878740072250366, 0.006546828895807266, -0.7927245497703552, 1.8074709177017212, 0.023827606812119484, -0.8706238865852356, 1.9544072151184082, 0.04729030653834343, -0.8357428908348083, 1.8494504690170288]
[DIAG_INFER] step=41 policy_action_max=3.246789 applied_action_max=0.250000 obs_max=2.136389 history_nonzero_rows=4 position_clip=0 torque_clip=0 action=[-1.4783203601837158, 0.8620133399963379, -0.4995429515838623, -0.8845003247261047, 0.7839930057525635, 0.4507962465286255, 0.5308881402015686, -1.3306186199188232, 0.7580527067184448, -2.402275323867798, 0.435068815946579, -3.246788501739502]
[DIAG_TARGET] step=41 target_error=0.000000000 default=[0.0, -0.7853981852531433, 1.8654682636260986, 0.0, -0.7853981852531433, 1.8654682636260986, 0.0, -0.7853981852531433, 1.8654682636260986, 0.0, -0.7853981852531433, 1.8654682636260986] desired=[-0.13124999403953552, -0.737500011920929, 1.5575000047683716, 0.06875000149011612, -0.737500011920929, 1.6825000047683716, -0.06875000149011612, -0.862500011920929, 1.6825000047683716, 0.06875000149011612, -0.737500011920929, 1.5575000047683716] applied=[-0.13124999403953552, -0.737500011920929, 1.5575000047683716, 0.06875000149011612, -0.737500011920929, 1.6825000047683716, -0.06875000149011612, -0.862500011920929, 1.6825000047683716, 0.06875000149011612, -0.737500011920929, 1.5575000047683716] current=[-0.012134376913309097, -0.8410089612007141, 1.875699758529663, 0.007369147147983313, -0.765775203704834, 1.7598518133163452, 0.02289917692542076, -0.879734456539154, 1.9583336114883423, 0.04412192851305008, -0.8213180303573608, 1.8179166316986084]
[DIAG_INFER] step=51 policy_action_max=3.584057 applied_action_max=0.250000 obs_max=3.246789 history_nonzero_rows=5 position_clip=0 torque_clip=1 action=[0.12530915439128876, 1.5347740650177002, 0.1386437714099884, -1.078174114227295, -0.1744425743818283, 0.06281917542219162, -1.0986592769622803, -1.9269737005233765, -0.29130029678344727, -3.584056854248047, 1.0924540758132935, -3.07021164894104]
[DIAG_TARGET] step=51 target_error=0.000000000 default=[0.0, -0.7853981852531433, 1.8654682636260986, 0.0, -0.7853981852531433, 1.8654682636260986, 0.0, -0.7853981852531433, 1.8654682636260986, 0.0, -0.7853981852531433, 1.8654682636260986] desired=[-0.08433635532855988, -0.737500011920929, 1.654660940170288, 0.06875000149011612, -0.8436106443405151, 1.635704755783081, -0.13124999403953552, -0.862500011920929, 1.5575000047683716, 0.03139442205429077, -0.737500011920929, 1.5575000047683716] applied=[-0.08433635532855988, -0.737500011920929, 1.654660940170288, 0.06875000149011612, -0.8436106443405151, 1.635704755783081, -0.13124999403953552, -0.862500011920929, 1.5575000047683716, 0.03139442205429077, -0.737500011920929, 1.5575000047683716] current=[-0.027971917763352394, -0.8343938589096069, 1.8604674339294434, 0.02253524586558342, -0.7376906275749207, 1.714226484298706, 0.021621128544211388, -0.876095175743103, 1.9501798152923584, 0.04024139791727066, -0.7940829396247864, 1.7763092517852783]
[DIAG_INFER] step=61 policy_action_max=3.076310 applied_action_max=0.250000 obs_max=3.584057 history_nonzero_rows=6 position_clip=0 torque_clip=1 action=[1.3665282726287842, 1.6687666177749634, 1.1478400230407715, -0.6796603798866272, -0.10405121743679047, 0.11200165003538132, -2.412419557571411, -2.3082144260406494, -0.6283552646636963, -3.076310396194458, 0.8024314641952515, -1.1449527740478516]
[DIAG_TARGET] step=61 target_error=0.000000000 default=[0.0, -0.7853981852531433, 1.8654682636260986, 0.0, -0.7853981852531433, 1.8654682636260986, 0.0, -0.7853981852531433, 1.8654682636260986, 0.0, -0.7853981852531433, 1.8654682636260986] desired=[-0.06875000149011612, -0.737500011920929, 1.6825000047683716, 0.06875000149011612, -0.8260127902030945, 1.6480003595352173, -0.13124999403953552, -0.862500011920929, 1.5575000047683716, -0.014951348304748535, -0.737500011920929, 1.5575000047683716] applied=[-0.06875000149011612, -0.737500011920929, 1.6825000047683716, 0.06875000149011612, -0.8260127902030945, 1.6480003595352173, -0.13124999403953552, -0.862500011920929, 1.5575000047683716, -0.014951348304748535, -0.737500011920929, 1.5575000047683716] current=[-0.04679318889975548, -0.8215340375900269, 1.848235845565796, 0.03404343128204346, -0.7672824263572693, 1.6722643375396729, 0.01446102000772953, -0.8601475358009338, 1.9324332475662231, 0.030668923631310463, -0.7577043175697327, 1.7275854349136353]
[DIAG_INFER] step=71 policy_action_max=2.899559 applied_action_max=0.250000 obs_max=3.076310 history_nonzero_rows=7 position_clip=0 torque_clip=1 action=[2.1334831714630127, 1.20154869556427, 1.4520803689956665, -0.21445992588996887, 0.7444412112236023, 0.08191787451505661, -1.9424021244049072, -2.2658450603485107, -0.11663347482681274, -2.8995590209960938, 0.019840925931930542, 0.5615724325180054]
[DIAG_TARGET] step=71 target_error=0.000000000 default=[0.0, -0.7853981852531433, 1.8654682636260986, 0.0, -0.7853981852531433, 1.8654682636260986, 0.0, -0.7853981852531433, 1.8654682636260986, 0.0, -0.7853981852531433, 1.8654682636260986] desired=[-0.06875000149011612, -0.737500011920929, 1.6825000047683716, 0.07319250702857971, -0.737500011920929, 1.6404794454574585, -0.13124999403953552, -0.862500011920929, 1.5908416509628296, 0.06875000149011612, -0.7908655405044556, 1.6825000047683716] applied=[-0.06875000149011612, -0.737500011920929, 1.6825000047683716, 0.07319250702857971, -0.737500011920929, 1.6404794454574585, -0.13124999403953552, -0.862500011920929, 1.5908416509628296, 0.06875000149011612, -0.7908655405044556, 1.6825000047683716] current=[-0.06463335454463959, -0.8044828772544861, 1.842890739440918, 0.045628152787685394, -0.806025505065918, 1.6548351049423218, 0.001584758167155087, -0.8343274593353271, 1.9090690612792969, 0.01622464321553707, -0.7188555598258972, 1.680332899093628]
[DIAG_INFER] step=81 policy_action_max=2.934630 applied_action_max=0.250000 obs_max=2.899559 history_nonzero_rows=8 position_clip=0 torque_clip=1 action=[2.867758274078369, 1.4896024465560913, 2.3557193279266357, 0.4339286983013153, 1.3359075784683228, -0.9521400928497314, -1.278773307800293, -1.3558502197265625, -0.6322317123413086, -2.9346303939819336, -0.11631563305854797, 2.4173038005828857]
[DIAG_TARGET] step=81 target_error=0.000000000 default=[0.0, -0.7853981852531433, 1.8654682636260986, 0.0, -0.7853981852531433, 1.8654682636260986, 0.0, -0.7853981852531433, 1.8654682636260986, 0.0, -0.7853981852531433, 1.8654682636260986] desired=[-0.06875000149011612, -0.737500011920929, 1.6825000047683716, 0.13124999403953552, -0.737500011920929, 1.5575000047683716, -0.13124999403953552, -0.862500011920929, 1.5575000047683716, 0.06875000149011612, -0.8112924098968506, 1.6825000047683716] applied=[-0.06875000149011612, -0.737500011920929, 1.6825000047683716, 0.13124999403953552, -0.737500011920929, 1.5575000047683716, -0.13124999403953552, -0.862500011920929, 1.5575000047683716, 0.06875000149011612, -0.8112924098968506, 1.6825000047683716] current=[-0.06860281527042389, -0.7866277098655701, 1.842026948928833, 0.06613408029079437, -0.7900102138519287, 1.6397277116775513, -0.00235391641035676, -0.8065845370292664, 1.8869229555130005, 0.026514166966080666, -0.7340236902236938, 1.6831979751586914]
[DIAG_INFER] step=91 policy_action_max=4.164713 applied_action_max=0.250000 obs_max=2.934630 history_nonzero_rows=9 position_clip=0 torque_clip=0 action=[3.17502760887146, 1.4541113376617432, 3.0935394763946533, 1.402130365371704, 1.1503987312316895, -0.7136476039886475, -0.4042903780937195, -1.2029871940612793, -0.570229709148407, -3.0620341300964355, -0.45165497064590454, 4.164713382720947]
[DIAG_TARGET] step=91 target_error=0.000000000 default=[0.0, -0.7853981852531433, 1.8654682636260986, 0.0, -0.7853981852531433, 1.8654682636260986, 0.0, -0.7853981852531433, 1.8654682636260986, 0.0, -0.7853981852531433, 1.8654682636260986] desired=[-0.06875000149011612, -0.737500011920929, 1.6825000047683716, 0.13124999403953552, -0.737500011920929, 1.5575000047683716, -0.13124999403953552, -0.862500011920929, 1.5575000047683716, 0.06875000149011612, -0.862500011920929, 1.6825000047683716] applied=[-0.06875000149011612, -0.737500011920929, 1.6825000047683716, 0.13124999403953552, -0.737500011920929, 1.5575000047683716, -0.13124999403953552, -0.862500011920929, 1.5575000047683716, 0.06875000149011612, -0.862500011920929, 1.6825000047683716] current=[-0.0637616217136383, -0.7701646685600281, 1.8472645282745361, 0.09390485286712646, -0.7538386583328247, 1.592931866645813, -0.0010456107556819916, -0.7801834344863892, 1.869721531867981, 0.045010920614004135, -0.7762196660041809, 1.6823347806930542]
[DIAG_INFER] step=101 policy_action_max=4.352559 applied_action_max=0.250000 obs_max=4.164713 history_nonzero_rows=10 position_clip=0 torque_clip=0 action=[2.6868155002593994, 1.0888750553131104, 3.183351755142212, 1.9694973230361938, 0.9457905292510986, -0.678636908531189, -0.0069863200187683105, -1.468980073928833, -0.05791813135147095, -3.0468735694885254, -0.5144948959350586, 4.352558612823486]
[DIAG_TARGET] step=101 target_error=0.000000000 default=[0.0, -0.7853981852531433, 1.8654682636260986, 0.0, -0.7853981852531433, 1.8654682636260986, 0.0, -0.7853981852531433, 1.8654682636260986, 0.0, -0.7853981852531433, 1.8654682636260986] desired=[-0.06875000149011612, -0.737500011920929, 1.6825000047683716, 0.13124999403953552, -0.737500011920929, 1.5575000047683716, -0.10087329149246216, -0.862500011920929, 1.605520486831665, 0.06875000149011612, -0.862500011920929, 1.6825000047683716] applied=[-0.06875000149011612, -0.737500011920929, 1.6825000047683716, 0.13124999403953552, -0.737500011920929, 1.5575000047683716, -0.10087329149246216, -0.862500011920929, 1.605520486831665, 0.06875000149011612, -0.862500011920929, 1.6825000047683716] current=[-0.05855422466993332, -0.7564989924430847, 1.8599432706832886, 0.10960036516189575, -0.7369452118873596, 1.572791337966919, -0.0018882453441619873, -0.7569453716278076, 1.8597278594970703, 0.05199649930000305, -0.8249317407608032, 1.6813342571258545]
[DIAG_INFER] step=111 policy_action_max=3.963252 applied_action_max=0.250000 obs_max=4.352559 history_nonzero_rows=11 position_clip=0 torque_clip=0 action=[2.13466477394104, 0.776439905166626, 2.8223536014556885, 1.5169399976730347, 1.0613815784454346, -0.5832980871200562, 0.18171268701553345, -2.1244349479675293, 0.23730802536010742, -1.7997859716415405, -1.2399141788482666, 3.9632515907287598]
[DIAG_TARGET] step=111 target_error=0.000000000 default=[0.0, -0.7853981852531433, 1.8654682636260986, 0.0, -0.7853981852531433, 1.8654682636260986, 0.0, -0.7853981852531433, 1.8654682636260986, 0.0, -0.7853981852531433, 1.8654682636260986] desired=[-0.06875000149011612, -0.737500011920929, 1.6825000047683716, 0.13124999403953552, -0.737500011920929, 1.5575000047683716, -0.07728591561317444, -0.862500011920929, 1.6793270111083984, 0.06875000149011612, -0.862500011920929, 1.6825000047683716] applied=[-0.06875000149011612, -0.737500011920929, 1.6825000047683716, 0.13124999403953552, -0.737500011920929, 1.5575000047683716, -0.07728591561317444, -0.862500011920929, 1.6793270111083984, 0.06875000149011612, -0.862500011920929, 1.6825000047683716] current=[-0.05227155238389969, -0.7466064691543579, 1.878021240234375, 0.11729887872934341, -0.7337014079093933, 1.5743211507797241, -0.0016086207469925284, -0.73965984582901, 1.8592499494552612, 0.05726248025894165, -0.8560703992843628, 1.6796050071716309]
[DIAG_INFER] step=121 policy_action_max=3.462347 applied_action_max=0.250000 obs_max=3.963252 history_nonzero_rows=12 position_clip=0 torque_clip=0 action=[1.4442869424819946, 0.5656653642654419, 1.785679817199707, -0.5270727872848511, 1.13463294506073, 0.24877029657363892, 0.4335101842880249, -3.4623467922210693, 1.0845178365707397, 0.5506234169006348, -1.8205161094665527, 1.9817231893539429]
[DIAG_TARGET] step=121 target_error=0.000000000 default=[0.0, -0.7853981852531433, 1.8654682636260986, 0.0, -0.7853981852531433, 1.8654682636260986, 0.0, -0.7853981852531433, 1.8654682636260986, 0.0, -0.7853981852531433, 1.8654682636260986] desired=[-0.06875000149011612, -0.737500011920929, 1.6825000047683716, 0.06875000149011612, -0.737500011920929, 1.6821925640106201, -0.06875000149011612, -0.862500011920929, 1.6825000047683716, 0.13124999403953552, -0.862500011920929, 1.6825000047683716] applied=[-0.06875000149011612, -0.737500011920929, 1.6825000047683716, 0.06875000149011612, -0.737500011920929, 1.6821925640106201, -0.06875000149011612, -0.862500011920929, 1.6825000047683716, 0.13124999403953552, -0.862500011920929, 1.6825000047683716] current=[-0.047991298139095306, -0.7419098019599915, 1.8999882936477661, 0.12304746359586716, -0.7384167909622192, 1.602940320968628, -0.0016963980160653591, -0.7313272356987, 1.8713164329528809, 0.05966004356741905, -0.8664085865020752, 1.6793206930160522]
[DIAG_INFER] step=131 policy_action_max=5.269911 applied_action_max=0.250000 obs_max=3.462347 history_nonzero_rows=13 position_clip=0 torque_clip=1 action=[0.2308177500963211, 0.9236713647842407, -0.4438196122646332, -4.463265419006348, 0.2869102358818054, 1.493665099143982, 1.5902514457702637, -5.269911289215088, 3.669790744781494, 5.230297088623047, -3.1180410385131836, -1.1881194114685059]
[DIAG_TARGET] step=131 target_error=0.000000000 default=[0.0, -0.7853981852531433, 1.8654682636260986, 0.0, -0.7853981852531433, 1.8654682636260986, 0.0, -0.7853981852531433, 1.8654682636260986, 0.0, -0.7853981852531433, 1.8654682636260986] desired=[-0.07114778459072113, -0.737500011920929, 1.5575000047683716, 0.06875000149011612, -0.737500011920929, 1.6825000047683716, -0.06875000149011612, -0.862500011920929, 1.6825000047683716, 0.13124999403953552, -0.862500011920929, 1.7101374864578247] applied=[-0.07114778459072113, -0.737500011920929, 1.5575000047683716, 0.06875000149011612, -0.737500011920929, 1.6825000047683716, -0.06875000149011612, -0.862500011920929, 1.6825000047683716, 0.13124999403953552, -0.862500011920929, 1.7101374864578247] current=[-0.042974065989255905, -0.7423648238182068, 1.9227612018585205, 0.10988189280033112, -0.74543297290802, 1.655770182609558, 0.002429269952699542, -0.7327520251274109, 1.895712971687317, 0.0878167599439621, -0.8647109866142273, 1.680557370185852]
[DIAG_INFER] step=141 policy_action_max=3.446987 applied_action_max=0.250000 obs_max=5.269911 history_nonzero_rows=14 position_clip=0 torque_clip=0 action=[1.214084267616272, 0.5651936531066895, -0.3504696786403656, -3.4469873905181885, 0.509285569190979, 2.564741611480713, 1.7187981605529785, -2.857862710952759, 2.5423498153686523, 2.9703969955444336, -2.833714008331299, -0.7391269207000732]
[DIAG_TARGET] step=141 target_error=0.000000000 default=[0.0, -0.7853981852531433, 1.8654682636260986, 0.0, -0.7853981852531433, 1.8654682636260986, 0.0, -0.7853981852531433, 1.8654682636260986, 0.0, -0.7853981852531433, 1.8654682636260986] desired=[-0.06875000149011612, -0.737500011920929, 1.5575000047683716, 0.06875000149011612, -0.737500011920929, 1.6825000047683716, -0.06875000149011612, -0.862500011920929, 1.6825000047683716, 0.13124999403953552, -0.862500011920929, 1.5575000047683716] applied=[-0.06875000149011612, -0.737500011920929, 1.5575000047683716, 0.06875000149011612, -0.737500011920929, 1.6825000047683716, -0.06875000149011612, -0.862500011920929, 1.6825000047683716, 0.13124999403953552, -0.862500011920929, 1.5575000047683716] current=[-0.041637834161520004, -0.7453424334526062, 1.9416991472244263, 0.11389241367578506, -0.7576031684875488, 1.6933685541152954, 0.007209253031760454, -0.7408238053321838, 1.9274617433547974, 0.1100129634141922, -0.8617128133773804, 1.691913366317749]
[DIAG_INFER] step=151 policy_action_max=2.631842 applied_action_max=0.250000 obs_max=3.446987 history_nonzero_rows=15 position_clip=0 torque_clip=0 action=[0.2541273832321167, -0.055626094341278076, -0.22037041187286377, -2.6318418979644775, 0.9946953058242798, 2.156684160232544, 1.3550081253051758, -1.8570787906646729, 2.389766216278076, -0.7038038372993469, -1.1853023767471313, -1.402722716331482]
[DIAG_TARGET] step=151 target_error=0.000000000 default=[0.0, -0.7853981852531433, 1.8654682636260986, 0.0, -0.7853981852531433, 1.8654682636260986, 0.0, -0.7853981852531433, 1.8654682636260986, 0.0, -0.7853981852531433, 1.8654682636260986] desired=[-0.06875000149011612, -0.8139065504074097, 1.564907431602478, 0.06875000149011612, -0.737500011920929, 1.6825000047683716, -0.06875000149011612, -0.862500011920929, 1.6825000047683716, 0.06875000149011612, -0.862500011920929, 1.5575000047683716] applied=[-0.06875000149011612, -0.8139065504074097, 1.564907431602478, 0.06875000149011612, -0.737500011920929, 1.6825000047683716, -0.06875000149011612, -0.862500011920929, 1.6825000047683716, 0.06875000149011612, -0.862500011920929, 1.5575000047683716] current=[-0.04943877458572388, -0.7472022771835327, 1.9509388208389282, 0.11055198311805725, -0.767132043838501, 1.723586082458496, 0.007482840679585934, -0.7509422898292542, 1.9589561223983765, 0.11622597277164459, -0.873753011226654, 1.710188865661621]
[DIAG_INFER] step=161 policy_action_max=3.428275 applied_action_max=0.250000 obs_max=2.631842 history_nonzero_rows=15 position_clip=0 torque_clip=1 action=[-0.07320742309093475, 0.4138336777687073, -0.07422912120819092, -2.254678726196289, 1.0655653476715088, 0.813626766204834, 0.6367461085319519, -2.1994199752807617, 1.7093366384506226, -3.4282748699188232, -0.06409165263175964, -2.8393778800964355]
[DIAG_TARGET] step=161 target_error=0.000000000 default=[0.0, -0.7853981852531433, 1.8654682636260986, 0.0, -0.7853981852531433, 1.8654682636260986, 0.0, -0.7853981852531433, 1.8654682636260986, 0.0, -0.7853981852531433, 1.8654682636260986] desired=[-0.10915093123912811, -0.737500011920929, 1.6014426946640015, 0.06875000149011612, -0.737500011920929, 1.6825000047683716, -0.06875000149011612, -0.862500011920929, 1.6825000047683716, -0.3017907738685608, -0.8160229325294495, 1.5575000047683716] applied=[-0.10915093123912811, -0.737500011920929, 1.6014426946640015, 0.06875000149011612, -0.737500011920929, 1.6825000047683716, -0.06875000149011612, -0.862500011920929, 1.6825000047683716, -0.3017907738685608, -0.8160229325294495, 1.5575000047683716] current=[-0.07183285057544708, -0.7459564208984375, 1.9504725933074951, 0.0925554633140564, -0.768449068069458, 1.742764949798584, -0.0014587774639949203, -0.7587407827377319, 1.9843270778656006, 0.1117950826883316, -0.8843674659729004, 1.7448229789733887]
[DIAG_INFER] step=171 policy_action_max=9.501210 applied_action_max=0.250000 obs_max=3.462179 history_nonzero_rows=15 position_clip=0 torque_clip=1 action=[-1.6726608276367188, 2.05521559715271, 2.4699649810791016, -5.3586835861206055, -0.25996077060699463, -0.6678277254104614, -2.9533116817474365, -8.423521041870117, 2.0837674140930176, -9.50121021270752, 0.2963489592075348, -3.9734606742858887]
[DIAG_TARGET] step=171 target_error=0.000000000 default=[0.0, -0.7853981852531433, 1.8654682636260986, 0.0, -0.7853981852531433, 1.8654682636260986, 0.0, -0.7853981852531433, 1.8654682636260986, 0.0, -0.7853981852531433, 1.8654682636260986] desired=[-0.13124999403953552, -0.737500011920929, 1.6825000047683716, 0.06875000149011612, -0.862500011920929, 1.5575000047683716, -0.13124999403953552, -0.862500011920929, 1.6825000047683716, -1.5, -0.737500011920929, 1.5575000047683716] applied=[-0.13124999403953552, -0.737500011920929, 1.6825000047683716, 0.06875000149011612, -0.862500011920929, 1.5575000047683716, -0.13124999403953552, -0.862500011920929, 1.6825000047683716, -1.5, -0.737500011920929, 1.5575000047683716] current=[-0.13555270433425903, -0.7408684492111206, 1.950787901878357, 0.04002998396754265, -0.7544293999671936, 1.7360658645629883, -0.05386054143309593, -0.760870635509491, 2.0067007541656494, 0.06028057262301445, -0.881101667881012, 1.7603665590286255]
[DIAG_INFER] step=181 policy_action_max=17.370743 applied_action_max=0.250000 obs_max=9.501210 history_nonzero_rows=15 position_clip=0 torque_clip=3 action=[-5.719230651855469, 3.067898750305176, 4.002139568328857, -11.641509056091309, 2.579723834991455, -2.752835988998413, -8.870888710021973, -16.84360694885254, 0.7469385862350464, -17.370742797851562, -3.050858497619629, -3.4548308849334717]
[DIAG_TARGET] step=181 target_error=0.000000000 default=[0.0, -0.7853981852531433, 1.8654682636260986, 0.0, -0.7853981852531433, 1.8654682636260986, 0.0, -0.7853981852531433, 1.8654682636260986, 0.0, -0.7853981852531433, 1.8654682636260986] desired=[-0.13124999403953552, -0.737500011920929, 1.6825000047683716, 0.06875000149011612, -0.737500011920929, 1.5575000047683716, -0.13124999403953552, -0.862500011920929, 1.6825000047683716, -1.5, -0.44119036197662354, 1.8710805177688599] applied=[-0.13124999403953552, -0.737500011920929, 1.6825000047683716, 0.06875000149011612, -0.737500011920929, 1.5575000047683716, -0.13124999403953552, -0.862500011920929, 1.6825000047683716, -1.5, -0.44119036197662354, 1.8710805177688599] current=[-0.2828613519668579, -0.72496098279953, 1.9716544151306152, -0.03436829894781113, -0.7557148337364197, 1.6582581996917725, -0.21209381520748138, -0.741754949092865, 2.0194435119628906, -0.2869578003883362, -0.8648833632469177, 1.8453967571258545]
[DIAG_INFER] step=191 policy_action_max=7.693710 applied_action_max=0.250000 obs_max=17.370743 history_nonzero_rows=15 position_clip=0 torque_clip=2 action=[5.878867149353027, 2.5779201984405518, 4.356399059295654, -7.6937103271484375, 5.775454998016357, -4.1428070068359375, -3.0751500129699707, -4.600993633270264, -3.489078998565674, -5.134979724884033, -3.1666054725646973, 4.625359535217285]
[DIAG_TARGET] step=191 target_error=0.000000000 default=[0.0, -0.7853981852531433, 1.8654682636260986, 0.0, -0.7853981852531433, 1.8654682636260986, 0.0, -0.7853981852531433, 1.8654682636260986, 0.0, -0.7853981852531433, 1.8654682636260986] desired=[-0.06875000149011612, -0.737500011920929, 1.6825000047683716, 0.06875000149011612, -0.737500011920929, 1.5575000047683716, -0.5673865079879761, -0.862500011920929, 1.5575000047683716, 0.06875000149011612, 0.8142226338386536, 1.6825000047683716] applied=[-0.06875000149011612, -0.737500011920929, 1.6825000047683716, 0.06875000149011612, -0.737500011920929, 1.5575000047683716, -0.5673865079879761, -0.862500011920929, 1.5575000047683716, 0.06875000149011612, 0.8142226338386536, 1.6825000047683716] current=[-0.34698984026908875, -0.680844247341156, 1.9835081100463867, 0.04886544495820999, -0.7623023390769958, 1.596583366394043, -0.2857588529586792, -0.7056933045387268, 1.9993021488189697, -0.8383146524429321, -0.6567095518112183, 1.8386203050613403]
[STAGE] video_encoding_start
[SUMMARY] {"task": "YoboGo-Velocity-Flat-v0", "mode": "smoke", "yobogo_walk_speed_m_s": 0.15, "rapid_walk_speed_m_s": 0.3, "adaptation_weight": "/run/media/pma213x/0C6A8CC86A8CAFCE/Ubuntu2/CodeU/Dog1/mini-cheetah-isaaclab/external_models/rapid-locomotion-rl/runs/rapid-locomotion/example/train/201852.132488/checkpoints/adaptation_module_latest.jit", "body_weight": "/run/media/pma213x/0C6A8CC86A8CAFCE/Ubuntu2/CodeU/Dog1/mini-cheetah-isaaclab/external_models/rapid-locomotion-rl/runs/rapid-locomotion/example/train/201852.132488/checkpoints/body_latest.jit", "completed_steps": 200, "inference_steps": 20, "expected_inference_steps": 20, "reset_count": 0, "safety_clip_count": 13, "position_clip_count": 0, "torque_clip_count": 13, "large_action_inference_count": 1, "official_clip_inference_count": 0, "max_abs_rapid_action": 0.25, "max_abs_policy_action": 17.370742797851562, "ood_guard_count": 212, "base_height_min_m": 0.25033098459243774, "max_abs_roll_deg": 20.91885398617592, "max_abs_pitch_deg": 1.749562707766183, "xy_displacement_m": 0.042707741260528564, "mean_measured_velocity_m_s": 0.10676935315132141, "final_command": [0.15000000596046448, 0.0, 0.0], "terminated_steps": 0, "stability_errors": [], "interface_ok": true, "stable_walking": true, "video": null, "video_frames_written": 0, "leg_motion_stats": {"FR": {"joints": {"haa": {"target": {"min": -0.13124999403953552, "max": -0.06875000149011612, "rms": 0.0974906728534861, "range": 0.0624999925494194, "motion_rms": 0.028664034687990912}, "actual": {"min": -0.3494041860103607, "max": 0.013447483070194721, "rms": 0.11904774749031494, "range": 0.36285166908055544, "motion_rms": 0.09233151612389798}, "raw_action": {"min": -5.719230651855469, "max": 5.878867149353027, "rms": 2.4051369831034752, "range": 11.598097801208496, "motion_rms": 2.3322672282340635}, "applied_action": {"min": -0.25, "max": 0.25, "rms": 0.23571074760947455, "range": 0.5, "motion_rms": 0.22931230037879222}, "position_clip_count": 0, "torque_clip_count": 0}, "hip": {"target": {"min": -0.862500011920929, "max": -0.737500011920929, "rms": 0.748392186034388, "range": 0.125, "motion_rms": 0.031125601024324885}, "actual": {"min": -0.8414156436920166, "max": -0.6405751705169678, "rms": 0.7730018982035511, "range": 0.20084047317504883, "motion_rms": 0.04758104042609065}, "raw_action": {"min": -0.46355828642845154, "max": 3.067898750305176, "rms": 1.3473768537537998, "range": 3.5314570367336273, "motion_rms": 0.8392259307158293}, "applied_action": {"min": -0.25, "max": 0.25, "rms": 0.2432916243394667, "range": 0.5, "motion_rms": 0.12450239776239175}, "position_clip_count": 0, "torque_clip_count": 0}, "knee": {"target": {"min": 1.5575000047683716, "max": 1.6825000047683716, "rms": 1.6285800503951589, "range": 0.125, "motion_rms": 0.05901250272706728}, "actual": {"min": 1.841681957244873, "max": 1.983998417854309, "rms": 1.9006796741377647, "range": 0.14231646060943604, "motion_rms": 0.04536066105356862}, "raw_action": {"min": -0.7724027633666992, "max": 4.356399059295654, "rms": 2.0361062884912826, "range": 5.1288018226623535, "motion_rms": 1.6787340582129993}, "applied_action": {"min": -0.25, "max": 0.25, "rms": 0.23795407070730287, "range": 0.5, "motion_rms": 0.23605002390861138}, "position_clip_count": 0, "torque_clip_count": 0}}, "target_range_min": 0.0624999925494194, "actual_range_min": 0.14231646060943604, "actual_motion_rms_min": 0.04536066105356862}, "FL": {"joints": {"haa": {"target": {"min": 0.06875000149011612, "max": 0.13124999403953552, "rms": 0.08587945038256947, "range": 0.0624999925494194, "motion_rms": 0.024739544340749275}, "actual": {"min": -0.03436829894781113, "max": 0.17308320105075836, "rms": 0.07812394868772735, "range": 0.2074514999985695, "motion_rms": 0.04872070563588816}, "raw_action": {"min": -11.641509056091309, "max": 1.9694973230361938, "rms": 3.742088743714841, "range": 13.611006379127502, "motion_rms": 3.2269464886524246}, "applied_action": {"min": -0.25, "max": 0.25, "rms": 0.2436393703543903, "range": 0.5, "motion_rms": 0.19791637790867975}, "position_clip_count": 0, "torque_clip_count": 0}, "hip": {"target": {"min": -0.862500011920929, "max": -0.737500011920929, "rms": 0.7544630165987121, "range": 0.125, "motion_rms": 0.03847793003676348}, "actual": {"min": -0.8076114654541016, "max": -0.7334503531455994, "rms": 0.7658727632931045, "range": 0.0741611123085022, "motion_rms": 0.02214129149575618}, "raw_action": {"min": -0.25996077060699463, "max": 5.775454998016357, "rms": 1.637456689344613, "range": 6.035415768623352, "motion_rms": 1.2350270567780932}, "applied_action": {"min": -0.25, "max": 0.25, "rms": 0.2414805238116563, "range": 0.5, "motion_rms": 0.15391173521379226}, "position_clip_count": 0, "torque_clip_count": 0}, "knee": {"target": {"min": 1.5575000047683716, "max": 1.6825000047683716, "rms": 1.6335586936943056, "range": 0.125, "motion_rms": 0.05685879814228938}, "actual": {"min": 1.566633701324463, "max": 1.8677598237991333, "rms": 1.6941471444394438, "range": 0.3011261224746704, "motion_rms": 0.08936804807334076}, "raw_action": {"min": -4.1428070068359375, "max": 2.564741611480713, "rms": 1.5194810432331145, "range": 6.70754861831665, "motion_rms": 1.5177809915948588}, "applied_action": {"min": -0.25, "max": 0.25, "rms": 0.23292571960109654, "range": 0.5, "motion_rms": 0.22743519955440042}, "position_clip_count": 0, "torque_clip_count": 0}}, "target_range_min": 0.0624999925494194, "actual_range_min": 0.0741611123085022, "actual_motion_rms_min": 0.02214129149575618}, "RR": {"joints": {"haa": {"target": {"min": -0.5673865079879761, "max": -0.06875000149011612, "rms": 0.159276710255095, "range": 0.49863650649785995, "motion_rms": 0.10688993728834892}, "actual": {"min": -0.2868060767650604, "max": 0.024879090487957, "rms": 0.09132013741166985, "range": 0.3116851672530174, "motion_rms": 0.0872056643945949}, "raw_action": {"min": -8.870888710021973, "max": 1.7275886535644531, "rms": 2.4976199842017963, "range": 10.598477363586426, "motion_rms": 2.437962915596591}, "applied_action": {"min": -0.25, "max": 0.25, "rms": 0.23715339383818973, "range": 0.5, "motion_rms": 0.2352749175523062}, "position_clip_count": 0, "torque_clip_count": 1}, "hip": {"target": {"min": -0.862500011920929, "max": -0.862500011920929, "rms": 0.8625000119209274, "range": 0.0, "motion_rms": 0.0}, "actual": {"min": -0.8799984455108643, "max": -0.6785096526145935, "rms": 0.7888119185232652, "range": 0.20148879289627075, "motion_rms": 0.05707230573156383}, "raw_action": {"min": -16.84360694885254, "max": -1.189919114112854, "rms": 4.8273383321196235, "range": 15.653687834739685, "motion_rms": 3.5644014764208465}, "applied_action": {"min": -0.25, "max": -0.25, "rms": 0.25, "range": 0.0, "motion_rms": 0.0}, "position_clip_count": 0, "torque_clip_count": 0}, "knee": {"target": {"min": 1.5575000047683716, "max": 1.6825000047683716, "rms": 1.6435832640777077, "range": 0.125, "motion_rms": 0.055098452851111965}, "actual": {"min": 1.8582409620285034, "max": 2.0196664333343506, "rms": 1.9302583003608191, "range": 0.16142547130584717, "motion_rms": 0.04849126624231571}, "raw_action": {"min": -3.489078998565674, "max": 3.669790744781494, "rms": 1.7473954957288371, "range": 7.158869743347168, "motion_rms": 1.5504889041873355}, "applied_action": {"min": -0.25, "max": 0.25, "rms": 0.23830369030815873, "range": 0.5, "motion_rms": 0.2203938162160512}, "position_clip_count": 0, "torque_clip_count": 0}}, "target_range_min": 0.0, "actual_range_min": 0.16142547130584717, "actual_motion_rms_min": 0.04849126624231571}, "RL": {"joints": {"haa": {"target": {"min": -1.5, "max": 0.13124999403953552, "rms": 0.48660012445531925, "range": 1.6312499940395355, "motion_rms": 0.4773419708611255}, "actual": {"min": -0.8783888816833496, "max": 0.11622597277164459, "rms": 0.2329985086210223, "range": 0.9946148544549942, "motion_rms": 0.2317497830700021}, "raw_action": {"min": -17.370742797851562, "max": 5.230297088623047, "rms": 5.22925418103369, "range": 22.60103988647461, "motion_rms": 4.659118454182627}, "applied_action": {"min": -0.25, "max": 0.25, "rms": 0.24654174018445352, "range": 0.5, "motion_rms": 0.22348138600940837}, "position_clip_count": 0, "torque_clip_count": 5}, "hip": {"target": {"min": -1.001383900642395, "max": 0.8142226338386536, "rms": 0.8192869469642203, "range": 1.8156065344810486, "motion_rms": 0.36980813510148014}, "actual": {"min": -0.8847941160202026, "max": -0.04047197476029396, "rms": 0.807961560222647, "range": 0.8443221412599087, "motion_rms": 0.11920046737824604}, "raw_action": {"min": -3.568115234375, "max": 1.0924540758132935, "rms": 1.7342582382125449, "range": 4.6605693101882935, "motion_rms": 1.4018514512274989}, "applied_action": {"min": -0.25, "max": 0.25, "rms": 0.23243609108448685, "range": 0.5, "motion_rms": 0.19874471314135367}, "position_clip_count": 0, "torque_clip_count": 5}, "knee": {"target": {"min": 1.5575000047683716, "max": 1.8710805177688599, "rms": 1.6329425174123797, "range": 0.3135805130004883, "motion_rms": 0.08340898589256374}, "actual": {"min": 1.6735395193099976, "max": 1.8793559074401855, "rms": 1.7541182444554446, "range": 0.205816388130188, "motion_rms": 0.07442688350946629}, "raw_action": {"min": -3.9734606742858887, "max": 4.625359535217285, "rms": 2.7410529299634456, "range": 8.598820209503174, "motion_rms": 2.7391551749197545}, "applied_action": {"min": -0.25, "max": 0.25, "rms": 0.25, "range": 0.5, "motion_rms": 0.24494897427831783}, "position_clip_count": 0, "torque_clip_count": 2}}, "target_range_min": 0.3135805130004883, "actual_range_min": 0.205816388130188, "actual_motion_rms_min": 0.07442688350946629}, "_gate": {"front_target_range_min": 0.0624999925494194, "front_actual_range_min": 0.0741611123085022, "front_target_threshold_rad": 0.04, "front_actual_threshold_rad": 0.05, "ok": true}}}
[STAGE] event_loop_done
