[3gH    H    H    H    H    H    H    H    H    H    H    H    H    H    H    H    H    H    H    H   [INFO] Using python from: /home/pma213x/.venvs/minicheetah-isaaclab/bin/python
[INFO][AppLauncher]: Loading experience file: /home/pma213x/IsaacLab/apps/isaaclab.python.headless.kit
[Warning] [simulation_app.simulation_app] Modules: ['omni.kit_app'] were loaded before SimulationApp was started and might not be loaded correctly.
[Warning] [simulation_app.simulation_app] Please check to make sure no extra omniverse or pxr modules are imported before the call to SimulationApp(...)
Loading user config located at: '/home/pma213x/.venvs/minicheetah-isaaclab/lib/python3.10/site-packages/omni/data/Kit/Isaac-Sim/4.5/user.config.json'
[Info] [carb] Logging to file: /home/pma213x/.venvs/minicheetah-isaaclab/lib/python3.10/site-packages/omni/logs/Kit/Isaac-Sim/4.5/kit_20261008_204522.log
2026-10-08 12:45:22 [0ms] [Warning] [omni.kit.app.plugin] No crash reporter present, dumps uploading isn't available.
2026-10-08 12:45:22 [95ms] [Warning] [omni.usd_config.extension] Enable omni.materialx.libs extension to use MaterialX
2026-10-08 12:45:23 [387ms] [Warning] [omni.datastore] OmniHub is inaccessible
2026-10-08 12:45:23 [414ms] [Warning] [omni.isaac.dynamic_control] omni.isaac.dynamic_control is deprecated as of Isaac Sim 4.5. No action is needed from end-users.
Gym has been unmaintained since 2022 and does not support NumPy 2.0 amongst other critical functionality.
Please upgrade to Gymnasium, the maintained drop-in replacement of Gym, or contact the authors of your software and request that they upgrade.
See the migration guide at https://gymnasium.farama.org/introduction/migration_guide/ for additional information.
2026-10-08 12:45:24 [1,898ms] [Warning] [gpu.foundation.plugin] Skipping unsupported non-NVIDIA GPU: Intel(R) UHD Graphics (ADL-S GT0.5)
2026-10-08 12:45:24 [1,898ms] [Warning] [gpu.foundation.plugin] Skipping unsupported non-NVIDIA GPU: Intel(R) UHD Graphics (ADL-S GT0.5)

|---------------------------------------------------------------------------------------------|
| Driver Version: 580.178.04    | Graphics API: Vulkan
|=============================================================================================|
| GPU | Name                             | Active | LDA | GPU Memory | Vendor-ID | LUID       |
|     |                                  |        |     |            | Device-ID | UUID       |
|     |                                  |        |     |            | Bus-ID    |            |
|---------------------------------------------------------------------------------------------|
| 0   | NVIDIA GeForce RTX 4060 Laptop.. | Yes: 0 |     | 8188    MB | 10de      | 0          |
|     |                                  |        |     |            | 28e0      | 4d090564.. |
|     |                                  |        |     |            | 1         |            |
|---------------------------------------------------------------------------------------------|
| 1   | Intel(R) UHD Graphics (ADL-S G.. |        |     | 11374   MB | 8086      | 0          |
|     |                                  |        |     |            | 468b      | 86808b46.. |
|     |                                  |        |     |            | 0         |            |
|=============================================================================================|
| OS: 26.04.1 LTS (Resolute Raccoon) ubuntu, Version: 26.04.1, Kernel: 7.0.0-34-generic
| XServer Vendor: The X.Org Foundation, XServer Version: 12401010 (1.24.1.10)
| Processor: 13th Gen Intel(R) Core(TM) i5-13500HX
| Bare Metal Cores: 14 | Bare Metal Logical Cores: 28
| Available Cores:  20 
|---------------------------------------------------------------------------------------------|
| Total Memory (MB): 15166 | Free Memory: 8000
| Total Page/Swap (MB): 20479 | Free Page/Swap: 17757
|---------------------------------------------------------------------------------------------|
2026-10-08 12:45:24 [2,130ms] [Warning] [gpu.foundation.plugin] IOMMU is enabled.
2026-10-08 12:45:24 [2,132ms] [Warning] [gpu.foundation.plugin] Detected IOMMU is enabled. Running CUDA peer-to-peer bandwidth and latency validation.
Unidirectional P2P=Enabled Bandwidth (P2P Writes) Matrix (GB/s)
   D\D     0 
     0 227.04 
P2P=Enabled Latency (P2P Writes) Matrix (us)
   GPU     0 
     0   1.44 

   CPU     0 
     0   1.81 
[STAGE] config_start
[INFO]: Parsing configuration from: training.envs.velocity_flat_env_cfg:YoboGoVelocityFlatEnvCfg
[STAGE] config_done
[STAGE] environment_create_start
2026-10-08 12:45:25 [2,318ms] [Warning] [isaaclab.envs.manager_based_env] Seed not set for the environment. The environment creation may not be deterministic.
[INFO]: Base environment:
	Environment device    : cuda:0
	Environment seed      : None
	Physics step-size     : 0.0004
	Rendering step-size   : 0.002
	Environment step-size : 0.002
2026-10-08 12:45:25 [2,392ms] [Warning] [isaaclab.terrains.terrain_importer] Visual material specified for ground plane but no diffuse color found. Using default color: (0.0, 0.0, 0.0)
[INFO]: Time taken for scene creation : 2.335192 seconds
[INFO]: Scene manager:  <class InteractiveScene>
	Number of environments: 1
	Environment spacing   : 2.5
	Source prim name      : /World/envs/env_0
	Global prim paths     : ['/World/ground']
	Replicate physics     : True
[INFO]: Starting the simulation. This may take a few seconds. Please wait...
[INFO]: Time taken for simulation start : 0.402570 seconds
2026-10-08 12:45:28 [5,336ms] [Warning] [omni.usd] Warning: in GetNodeDiscoveryResults at line 136 of /builds/omniverse/usd-ci/USD/pxr/usd/usdShade/shaderDefUtils.cpp -- Unable to resolve info:sourceAsset </UsdPreviewSurface.info:mdl:sourceAsset> with value @UsdPreviewSurface.mdl@.

2026-10-08 12:45:28 [5,336ms] [Warning] [omni.usd] Warning: in GetNodeDiscoveryResults at line 136 of /builds/omniverse/usd-ci/USD/pxr/usd/usdShade/shaderDefUtils.cpp -- Unable to resolve info:sourceAsset </UsdUVTexture.info:mdl:sourceAsset> with value @UsdPreviewSurface.mdl@.

2026-10-08 12:45:28 [5,336ms] [Warning] [omni.usd] Warning: in GetNodeDiscoveryResults at line 136 of /builds/omniverse/usd-ci/USD/pxr/usd/usdShade/shaderDefUtils.cpp -- Unable to resolve info:sourceAsset </UsdPrimvarReader_float.info:mdl:sourceAsset> with value @UsdPreviewSurface.mdl@.

2026-10-08 12:45:28 [5,337ms] [Warning] [omni.usd] Warning: in GetNodeDiscoveryResults at line 136 of /builds/omniverse/usd-ci/USD/pxr/usd/usdShade/shaderDefUtils.cpp -- Unable to resolve info:sourceAsset </UsdPrimvarReader_float2.info:mdl:sourceAsset> with value @UsdPreviewSurface.mdl@.

2026-10-08 12:45:28 [5,337ms] [Warning] [omni.usd] Warning: in GetNodeDiscoveryResults at line 136 of /builds/omniverse/usd-ci/USD/pxr/usd/usdShade/shaderDefUtils.cpp -- Unable to resolve info:sourceAsset </UsdPrimvarReader_float3.info:mdl:sourceAsset> with value @UsdPreviewSurface.mdl@.

2026-10-08 12:45:28 [5,337ms] [Warning] [omni.usd] Warning: in GetNodeDiscoveryResults at line 136 of /builds/omniverse/usd-ci/USD/pxr/usd/usdShade/shaderDefUtils.cpp -- Unable to resolve info:sourceAsset </UsdPrimvarReader_float4.info:mdl:sourceAsset> with value @UsdPreviewSurface.mdl@.

2026-10-08 12:45:28 [5,337ms] [Warning] [omni.usd] Warning: in GetNodeDiscoveryResults at line 136 of /builds/omniverse/usd-ci/USD/pxr/usd/usdShade/shaderDefUtils.cpp -- Unable to resolve info:sourceAsset </UsdPrimvarReader_int.info:mdl:sourceAsset> with value @UsdPreviewSurface.mdl@.

2026-10-08 12:45:28 [5,337ms] [Warning] [omni.usd] Warning: in GetNodeDiscoveryResults at line 136 of /builds/omniverse/usd-ci/USD/pxr/usd/usdShade/shaderDefUtils.cpp -- Unable to resolve info:sourceAsset </UsdPrimvarReader_string.info:mdl:sourceAsset> with value @UsdPreviewSurface.mdl@.

2026-10-08 12:45:28 [5,337ms] [Warning] [omni.usd] Warning: in GetNodeDiscoveryResults at line 136 of /builds/omniverse/usd-ci/USD/pxr/usd/usdShade/shaderDefUtils.cpp -- Unable to resolve info:sourceAsset </UsdPrimvarReader_normal.info:mdl:sourceAsset> with value @UsdPreviewSurface.mdl@.

2026-10-08 12:45:28 [5,337ms] [Warning] [omni.usd] Warning: in GetNodeDiscoveryResults at line 136 of /builds/omniverse/usd-ci/USD/pxr/usd/usdShade/shaderDefUtils.cpp -- Unable to resolve info:sourceAsset </UsdPrimvarReader_point.info:mdl:sourceAsset> with value @UsdPreviewSurface.mdl@.

2026-10-08 12:45:28 [5,339ms] [Warning] [omni.usd] Warning: in GetNodeDiscoveryResults at line 136 of /builds/omniverse/usd-ci/USD/pxr/usd/usdShade/shaderDefUtils.cpp -- Unable to resolve info:sourceAsset </UsdPrimvarReader_vector.info:mdl:sourceAsset> with value @UsdPreviewSurface.mdl@.

2026-10-08 12:45:28 [5,339ms] [Warning] [omni.usd] Warning: in GetNodeDiscoveryResults at line 136 of /builds/omniverse/usd-ci/USD/pxr/usd/usdShade/shaderDefUtils.cpp -- Unable to resolve info:sourceAsset </UsdPrimvarReader_matrix.info:mdl:sourceAsset> with value @UsdPreviewSurface.mdl@.

2026-10-08 12:45:28 [5,339ms] [Warning] [omni.usd] Warning: in GetNodeDiscoveryResults at line 136 of /builds/omniverse/usd-ci/USD/pxr/usd/usdShade/shaderDefUtils.cpp -- Unable to resolve info:sourceAsset </UsdTransform2d.info:mdl:sourceAsset> with value @UsdPreviewSurface.mdl@.

[INFO] Command Manager:  <CommandManager> contains 1 active terms.
+------------------------------------------------+
|              Active Command Terms              |
+-------+---------------+------------------------+
| Index | Name          |          Type          |
+-------+---------------+------------------------+
|   0   | base_velocity | UniformVelocityCommand |
+-------+---------------+------------------------+

[INFO] Recorder Manager:  <RecorderManager> contains 0 active terms.
+---------------------+
| Active Recorder Terms |
+-----------+---------+
|   Index   | Name    |
+-----------+---------+
+-----------+---------+

[INFO] Action Manager:  <ActionManager> contains 1 active terms.
+------------------------------------+
|  Active Action Terms (shape: 12)   |
+--------+-------------+-------------+
| Index  | Name        |   Dimension |
+--------+-------------+-------------+
|   0    | joint_pos   |          12 |
+--------+-------------+-------------+

[INFO] Observation Manager: <ObservationManager> contains 1 groups.
+---------------------------------------------------------+
| Active Observation Terms in Group: 'policy' (shape: (48,)) |
+-----------+---------------------------------+-----------+
|   Index   | Name                            |   Shape   |
+-----------+---------------------------------+-----------+
|     0     | base_lin_vel                    |    (3,)   |
|     1     | base_ang_vel                    |    (3,)   |
|     2     | projected_gravity               |    (3,)   |
|     3     | velocity_commands               |    (3,)   |
|     4     | joint_pos                       |   (12,)   |
|     5     | joint_vel                       |   (12,)   |
|     6     | actions                         |   (12,)   |
+-----------+---------------------------------+-----------+

[INFO] Event Manager:  <EventManager> contains 3 active terms.
+--------------------------------------+
| Active Event Terms in Mode: 'startup' |
+----------+---------------------------+
|  Index   | Name                      |
+----------+---------------------------+
|    0     | physics_material          |
+----------+---------------------------+
+---------------------------------------+
|  Active Event Terms in Mode: 'reset'  |
+--------+------------------------------+
| Index  | Name                         |
+--------+------------------------------+
|   0    | base_external_force_torque   |
|   1    | reset_base                   |
|   2    | reset_robot_joints           |
+--------+------------------------------+
+----------------------------------------------+
|    Active Event Terms in Mode: 'interval'    |
+-------+------------+-------------------------+
| Index | Name       | Interval time range (s) |
+-------+------------+-------------------------+
|   0   | push_robot |       (10.0, 15.0)      |
+-------+------------+-------------------------+

[INFO] Termination Manager:  <TerminationManager> contains 2 active terms.
+---------------------------------+
|     Active Termination Terms    |
+-------+--------------+----------+
| Index | Name         | Time Out |
+-------+--------------+----------+
|   0   | time_out     |   True   |
|   1   | base_contact |  False   |
+-------+--------------+----------+

[INFO] Reward Manager:  <RewardManager> contains 11 active terms.
+-----------------------------------------+
|           Active Reward Terms           |
+-------+----------------------+----------+
| Index | Name                 |   Weight |
+-------+----------------------+----------+
|   0   | track_lin_vel_xy_exp |      1.0 |
|   1   | track_ang_vel_z_exp  |      0.5 |
|   2   | lin_vel_z_l2         |     -2.0 |
|   3   | ang_vel_xy_l2        |    -0.05 |
|   4   | dof_torques_l2       | -2.5e-05 |
|   5   | dof_acc_l2           | -2.5e-07 |
|   6   | action_rate_l2       |    -0.01 |
|   7   | feet_air_time        |      0.5 |
|   8   | undesired_contacts   |     -1.0 |
|   9   | flat_orientation_l2  |     -5.0 |
|   10  | dof_pos_limits       |      0.0 |
+-------+----------------------+----------+

[INFO] Curriculum Manager:  <CurriculumManager> contains 0 active terms.
+----------------------+
| Active Curriculum Terms |
+-----------+----------+
|   Index   | Name     |
+-----------+----------+
+-----------+----------+

[INFO]: Completed setting up the environment...
[STAGE] environment_create_done
[STAGE] policy_adapter_setup_start
[STAGE] policy_adapter_setup_done
[INFO] task=YoboGo-Velocity-Flat-v0
[INFO] weights_adaptation=/run/media/pma213x/0C6A8CC86A8CAFCE/Ubuntu2/CodeU/Dog1/mini-cheetah-isaaclab/external_models/rapid-locomotion-rl/runs/rapid-locomotion/example/train/201852.132488/checkpoints/adaptation_module_latest.jit
[INFO] weights_body=/run/media/pma213x/0C6A8CC86A8CAFCE/Ubuntu2/CodeU/Dog1/mini-cheetah-isaaclab/external_models/rapid-locomotion-rl/runs/rapid-locomotion/example/train/201852.132488/checkpoints/body_latest.jit
[INFO] yobogo_observation_dim=48 rapid_observation_dim=42
[INFO] history_dim=630 action_dim=12
[INFO] inference_period=10 control_period_s=0.002 inference_hz=50
[INFO] rapid_replay_actuator_kp=20 kd=0.5 effort=18/18/26
[INFO] yobogo_command=[0.15, 0.0, 0.0] rapid_command=[0.3, 0.0, 0.0]
[INFO] model_dummy_action_shape=(1, 12)
[INFO] model_dummy_latent_shape=(1, 18)
[STAGE] event_loop_start
[DIAG_INFER] step=1 policy_action_max=1.248121 applied_action_max=0.250000 obs_max=1.000000 history_nonzero_rows=0 position_clip=0 torque_clip=0 action=[-0.1919698268175125, 0.6424431800842285, -0.243202805519104, -0.1273176372051239, 0.7155736684799194, 0.4644814729690552, 0.17107397317886353, -1.2481205463409424, 0.8329900503158569, 0.1677994430065155, -0.6457256078720093, -0.7750470638275146]
[DIAG_TARGET] step=1 target_error=0.000000000 default=[0.0, -0.7853981852531433, 1.8654682636260986, 0.0, -0.7853981852531433, 1.8654682636260986, 0.0, -0.7853981852531433, 1.8654682636260986, 0.0, -0.7853981852531433, 1.8654682636260986] desired=[-0.12399622797966003, -0.737500011920929, 1.559199333190918, 0.08408530056476593, -0.737500011920929, 1.6825000047683716, -0.07861575484275818, -0.862500011920929, 1.6825000047683716, 0.12097492814064026, -0.862500011920929, 1.5575000047683716] applied=[-0.12399622797966003, -0.737500011920929, 1.559199333190918, 0.08408530056476593, -0.737500011920929, 1.6825000047683716, -0.07861575484275818, -0.862500011920929, 1.6825000047683716, 0.12097492814064026, -0.862500011920929, 1.5575000047683716] current=[-0.002158226678147912, -0.7843709588050842, 1.8594952821731567, 0.0008329934207722545, -0.7843931913375854, 1.8595904111862183, -0.0008890658500604331, -0.785280168056488, 1.8602064847946167, 0.000808823446277529, -0.784919261932373, 1.8588142395019531]
[STAGE] first_step_done
[DIAG_INFER] step=11 policy_action_max=4.209308 applied_action_max=0.250000 obs_max=3.291671 history_nonzero_rows=1 position_clip=0 torque_clip=2 action=[4.20930814743042, 0.6504437923431396, 2.4193661212921143, -0.9656570553779602, -0.4265088438987732, -0.5890415906906128, -4.192424774169922, -1.6268593072891235, -3.2372307777404785, -3.9577994346618652, -3.0836737155914307, 0.003381386399269104]
[DIAG_TARGET] step=11 target_error=0.000000000 default=[0.0, -0.7853981852531433, 1.8654682636260986, 0.0, -0.7853981852531433, 1.8654682636260986, 0.0, -0.7853981852531433, 1.8654682636260986, 0.0, -0.7853981852531433, 1.8654682636260986] desired=[-0.06875000149011612, -0.737500011920929, 1.6825000047683716, 0.06875000149011612, -0.862500011920929, 1.5575000047683716, -0.13124999403953552, -0.862500011920929, 1.5575000047683716, -0.5874308943748474, -0.862500011920929, -0.38698410987854004] applied=[-0.06875000149011612, -0.737500011920929, 1.6825000047683716, 0.06875000149011612, -0.862500011920929, 1.5575000047683716, -0.13124999403953552, -0.862500011920929, 1.5575000047683716, -0.5874308943748474, -0.862500011920929, -0.38698410987854004] current=[-0.04120437055826187, -0.7754727602005005, 1.790502667427063, 0.01971397176384926, -0.760703980922699, 1.7904078960418701, -0.03380504995584488, -0.7906563878059387, 1.7993159294128418, 0.01138464268296957, -0.7867667078971863, 1.8010865449905396]
[DIAG_INFER] step=21 policy_action_max=10.553506 applied_action_max=0.250000 obs_max=4.342239 history_nonzero_rows=2 position_clip=0 torque_clip=1 action=[7.086801052093506, -1.2133220434188843, 2.972803831100464, -2.99835467338562, 1.5146205425262451, 0.5166774988174438, -9.436409950256348, -1.542271375656128, -2.4989724159240723, -10.553505897521973, -5.0366668701171875, 0.3268754482269287]
[DIAG_TARGET] step=21 target_error=0.000000000 default=[0.0, -0.7853981852531433, 1.8654682636260986, 0.0, -0.7853981852531433, 1.8654682636260986, 0.0, -0.7853981852531433, 1.8654682636260986, 0.0, -0.7853981852531433, 1.8654682636260986] desired=[-0.06875000149011612, -0.862500011920929, 1.6825000047683716, 0.06875000149011612, -0.737500011920929, 1.6825000047683716, -0.13124999403953552, -0.862500011920929, 1.5575000047683716, -1.5, -0.862500011920929, 1.6825000047683716] applied=[-0.06875000149011612, -0.862500011920929, 1.6825000047683716, 0.06875000149011612, -0.737500011920929, 1.6825000047683716, -0.13124999403953552, -0.862500011920929, 1.5575000047683716, -1.5, -0.862500011920929, 1.6825000047683716] current=[-0.13881155848503113, -0.7639934420585632, 1.7581816911697388, -0.04649997875094414, -0.7596973180770874, 1.6947321891784668, -0.14635950326919556, -0.7791968584060669, 1.7382514476776123, -0.11417142301797867, -0.7491788864135742, 1.705566167831421]
[DIAG_INFER] step=31 policy_action_max=4.309732 applied_action_max=0.250000 obs_max=10.553506 history_nonzero_rows=3 position_clip=0 torque_clip=2 action=[1.8265283107757568, 0.9792466163635254, 1.6310145854949951, -4.309731960296631, -1.4698935747146606, -1.63420832157135, 0.7868762612342834, -1.2011358737945557, -0.9778186082839966, -0.5226138234138489, -2.031224012374878, 2.5645346641540527]
[DIAG_TARGET] step=31 target_error=0.000000000 default=[0.0, -0.7853981852531433, 1.8654682636260986, 0.0, -0.7853981852531433, 1.8654682636260986, 0.0, -0.7853981852531433, 1.8654682636260986, 0.0, -0.7853981852531433, 1.8654682636260986] desired=[-0.06875000149011612, -0.737500011920929, 1.6825000047683716, 0.06875000149011612, -0.862500011920929, 1.5575000047683716, -0.5955743193626404, -0.862500011920929, 1.5575000047683716, 0.06875000149011612, -1.1968002319335938, 1.6825000047683716] applied=[-0.06875000149011612, -0.737500011920929, 1.6825000047683716, 0.06875000149011612, -0.862500011920929, 1.5575000047683716, -0.5955743193626404, -0.862500011920929, 1.5575000047683716, 0.06875000149011612, -1.1968002319335938, 1.6825000047683716] current=[-0.1890706866979599, -0.7838956713676453, 1.7806622982025146, -0.01828983798623085, -0.7560920715332031, 1.6751376390457153, -0.22645871341228485, -0.783780574798584, 1.6893788576126099, -0.7116860747337341, -0.7835344672203064, 1.682307481765747]
[DIAG_INFER] step=41 policy_action_max=7.945480 applied_action_max=0.250000 obs_max=4.309732 history_nonzero_rows=4 position_clip=0 torque_clip=1 action=[5.8584089279174805, 4.052837371826172, 4.597546100616455, 2.661872386932373, 2.8901689052581787, -6.128854751586914, -4.046058654785156, 1.25068998336792, -4.042558670043945, 0.025511600077152252, -5.971024990081787, 7.945479869842529]
[DIAG_TARGET] step=41 target_error=0.000000000 default=[0.0, -0.7853981852531433, 1.8654682636260986, 0.0, -0.7853981852531433, 1.8654682636260986, 0.0, -0.7853981852531433, 1.8654682636260986, 0.0, -0.7853981852531433, 1.8654682636260986] desired=[-0.06875000149011612, -0.737500011920929, 1.6825000047683716, 0.13124999403953552, -0.737500011920929, 1.5575000047683716, -0.13124999403953552, -0.737500011920929, 1.5575000047683716, 1.5, -0.862500011920929, 1.6825000047683716] applied=[-0.06875000149011612, -0.737500011920929, 1.6825000047683716, 0.13124999403953552, -0.737500011920929, 1.5575000047683716, -0.13124999403953552, -0.737500011920929, 1.5575000047683716, 1.5, -0.862500011920929, 1.6825000047683716] current=[-0.12236303836107254, -0.7767314910888672, 1.7654662132263184, 0.12695634365081787, -0.8011969327926636, 1.616218090057373, -0.3106265962123871, -0.8223003149032593, 1.6115752458572388, -0.6571458578109741, -0.9229884743690491, 1.6611653566360474]
[DIAG_INFER] step=51 policy_action_max=5.744339 applied_action_max=0.250000 obs_max=7.945480 history_nonzero_rows=5 position_clip=0 torque_clip=4 action=[5.7086591720581055, 1.3466072082519531, 2.626368761062622, -2.6840322017669678, 1.7882969379425049, -2.9655404090881348, -5.7443389892578125, -0.2043750286102295, -2.9973771572113037, 1.029420256614685, -3.4403834342956543, 3.478637933731079]
[DIAG_TARGET] step=51 target_error=0.000000000 default=[0.0, -0.7853981852531433, 1.8654682636260986, 0.0, -0.7853981852531433, 1.8654682636260986, 0.0, -0.7853981852531433, 1.8654682636260986, 0.0, -0.7853981852531433, 1.8654682636260986] desired=[-0.06875000149011612, -0.737500011920929, 1.6825000047683716, 0.06875000149011612, -0.737500011920929, 1.5575000047683716, 0.19097217917442322, -0.8510937690734863, 1.5575000047683716, 0.42356520891189575, -0.5144898891448975, 1.3018146753311157] applied=[-0.06875000149011612, -0.737500011920929, 1.6825000047683716, 0.06875000149011612, -0.737500011920929, 1.5575000047683716, 0.19097217917442322, -0.8510937690734863, 1.5575000047683716, 0.42356520891189575, -0.5144898891448975, 1.3018146753311157] current=[-0.052753448486328125, -0.7533334493637085, 1.7188336849212646, 0.2145848572254181, -0.8112444877624512, 1.5808019638061523, -0.2596134841442108, -0.8140456676483154, 1.5767825841903687, 0.14241895079612732, -0.8841556310653687, 1.6070069074630737]
[DIAG_INFER] step=61 policy_action_max=5.281566 applied_action_max=0.250000 obs_max=5.744339 history_nonzero_rows=6 position_clip=0 torque_clip=1 action=[3.7957026958465576, 0.06599226593971252, 1.3413565158843994, -0.5923088192939758, 0.8749077320098877, 0.23340636491775513, -0.9014615416526794, 0.8097156286239624, -0.8053669929504395, -5.281566143035889, -1.1288650035858154, -0.43526339530944824]
[DIAG_TARGET] step=61 target_error=0.000000000 default=[0.0, -0.7853981852531433, 1.8654682636260986, 0.0, -0.7853981852531433, 1.8654682636260986, 0.0, -0.7853981852531433, 1.8654682636260986, 0.0, -0.7853981852531433, 1.8654682636260986] desired=[-0.06875000149011612, -0.783501923084259, 1.6825000047683716, 0.06875000149011612, -0.737500011920929, 1.678351640701294, -0.13124999403953552, -0.737500011920929, 1.5575000047683716, -0.7482156157493591, -0.862500011920929, 1.5575000047683716] applied=[-0.06875000149011612, -0.783501923084259, 1.6825000047683716, 0.06875000149011612, -0.737500011920929, 1.678351640701294, -0.13124999403953552, -0.737500011920929, 1.5575000047683716, -0.7482156157493591, -0.862500011920929, 1.5575000047683716] current=[-0.09279535710811615, -0.7364760041236877, 1.701010823249817, 0.10782130807638168, -0.7694333791732788, 1.5657708644866943, -0.09138086438179016, -0.8109995722770691, 1.570228934288025, 0.47264474630355835, -0.6940833330154419, 1.4406729936599731]
[DIAG_INFER] step=71 policy_action_max=10.364418 applied_action_max=0.250000 obs_max=5.281566 history_nonzero_rows=7 position_clip=0 torque_clip=3 action=[-4.176397800445557, 1.4590635299682617, 1.059617280960083, -8.781068801879883, 2.232745409011841, 0.3886924982070923, 1.205949068069458, -10.364418029785156, 7.46511173248291, -6.2554097175598145, -5.460186958312988, -2.682049512863159]
[DIAG_TARGET] step=71 target_error=0.000000000 default=[0.0, -0.7853981852531433, 1.8654682636260986, 0.0, -0.7853981852531433, 1.8654682636260986, 0.0, -0.7853981852531433, 1.8654682636260986, 0.0, -0.7853981852531433, 1.8654682636260986] desired=[-0.13124999403953552, -0.737500011920929, 1.6825000047683716, 0.06875000149011612, -0.737500011920929, 1.6825000047683716, -0.06875000149011612, -0.862500011920929, 1.6825000047683716, -1.5, -1.0209894180297852, 2.700000047683716] applied=[-0.13124999403953552, -0.737500011920929, 1.6825000047683716, 0.06875000149011612, -0.737500011920929, 1.6825000047683716, -0.06875000149011612, -0.862500011920929, 1.6825000047683716, -1.5, -1.0209894180297852, 2.700000047683716] current=[-0.1874421387910843, -0.7555984854698181, 1.7422126531600952, -0.018918359652161598, -0.7284445762634277, 1.623822808265686, -0.1276693195104599, -0.7948285937309265, 1.5927401781082153, 0.010754344053566456, -0.7229881882667542, 1.5531636476516724]
[DIAG_INFER] step=81 policy_action_max=13.396048 applied_action_max=0.250000 obs_max=10.364418 history_nonzero_rows=8 position_clip=0 torque_clip=2 action=[-0.5727285742759705, 5.620156288146973, 0.9237414598464966, -13.396047592163086, 1.8695024251937866, 3.8182544708251953, 3.8260409832000732, -10.25989818572998, 6.135552406311035, 3.1512980461120605, -2.3759102821350098, 0.43895262479782104]
[DIAG_TARGET] step=81 target_error=0.000000000 default=[0.0, -0.7853981852531433, 1.8654682636260986, 0.0, -0.7853981852531433, 1.8654682636260986, 0.0, -0.7853981852531433, 1.8654682636260986, 0.0, -0.7853981852531433, 1.8654682636260986] desired=[-0.13124999403953552, -0.737500011920929, 1.6825000047683716, 0.06875000149011612, -0.737500011920929, 1.6825000047683716, -0.8084052801132202, -0.862500011920929, 1.6825000047683716, 0.13124999403953552, -0.862500011920929, 2.700000047683716] applied=[-0.13124999403953552, -0.737500011920929, 1.6825000047683716, 0.06875000149011612, -0.737500011920929, 1.6825000047683716, -0.8084052801132202, -0.862500011920929, 1.6825000047683716, 0.13124999403953552, -0.862500011920929, 2.700000047683716] current=[-0.2331000417470932, -0.7676770091056824, 1.798498511314392, 0.042183712124824524, -0.7232583165168762, 1.6597936153411865, -0.09932715445756912, -0.8098161816596985, 1.6444255113601685, -0.7919822931289673, -0.8446049690246582, 2.0737476348876953]
[DIAG_INFER] step=91 policy_action_max=12.990870 applied_action_max=0.250000 obs_max=13.396048 history_nonzero_rows=9 position_clip=0 torque_clip=3 action=[11.977851867675781, 5.405866622924805, 1.9815421104431152, -8.528399467468262, 0.16449640691280365, -0.6014890670776367, 1.6645610332489014, -6.580270290374756, 3.408195734024048, 12.990869522094727, -3.704057455062866, 0.30365049839019775]
[DIAG_TARGET] step=91 target_error=0.000000000 default=[0.0, -0.7853981852531433, 1.8654682636260986, 0.0, -0.7853981852531433, 1.8654682636260986, 0.0, -0.7853981852531433, 1.8654682636260986, 0.0, -0.7853981852531433, 1.8654682636260986] desired=[-0.06875000149011612, -0.737500011920929, 1.6825000047683716, 0.06875000149011612, -0.7588759064674377, 1.5575000047683716, -0.06875000149011612, -0.862500011920929, 1.6825000047683716, 1.5, -2.290555953979492, 2.4820289611816406] applied=[-0.06875000149011612, -0.737500011920929, 1.6825000047683716, 0.06875000149011612, -0.7588759064674377, 1.5575000047683716, -0.06875000149011612, -0.862500011920929, 1.6825000047683716, 1.5, -2.290555953979492, 2.4820289611816406] current=[-0.18292175233364105, -0.8015511631965637, 1.841528058052063, 0.1427498161792755, -0.740621030330658, 1.6747262477874756, -0.3018069267272949, -0.8348228931427002, 1.6493487358093262, -0.7280893325805664, -0.8104055523872375, 2.389162063598633]
[DIAG_INFER] step=101 policy_action_max=13.872488 applied_action_max=0.250000 obs_max=12.990870 history_nonzero_rows=10 position_clip=0 torque_clip=4 action=[12.08642578125, 6.7187910079956055, 11.722634315490723, 6.186844348907471, 0.38365375995635986, -10.509854316711426, -3.3774728775024414, 3.0499227046966553, -5.730800628662109, 0.7677751779556274, -9.675107955932617, 13.872488021850586]
[DIAG_TARGET] step=101 target_error=0.000000000 default=[0.0, -0.7853981852531433, 1.8654682636260986, 0.0, -0.7853981852531433, 1.8654682636260986, 0.0, -0.7853981852531433, 1.8654682636260986, 0.0, -0.7853981852531433, 1.8654682636260986] desired=[-0.06875000149011612, -0.737500011920929, 1.6825000047683716, 0.13124999403953552, -0.737500011920929, 1.5575000047683716, 0.1335819512605667, -1.3159586191177368, 1.5575000047683716, 1.5, -0.9976128339767456, 1.6825000047683716] applied=[-0.06875000149011612, -0.737500011920929, 1.6825000047683716, 0.13124999403953552, -0.737500011920929, 1.5575000047683716, 0.1335819512605667, -1.3159586191177368, 1.5575000047683716, 1.5, -0.9976128339767456, 1.6825000047683716] current=[-0.04959588497877121, -0.8412915468215942, 1.8422411680221558, 0.2818978428840637, -0.8055886030197144, 1.7321287393569946, -0.28877246379852295, -0.8684468269348145, 1.6676206588745117, 0.09096015989780426, -1.3527157306671143, 2.3774309158325195]
[DIAG_INFER] step=111 policy_action_max=5.965834 applied_action_max=0.250000 obs_max=13.872488 history_nonzero_rows=11 position_clip=0 torque_clip=3 action=[4.293826103210449, -0.9003311395645142, 4.9350361824035645, -1.668256402015686, 1.410387635231018, -0.9931644201278687, -5.96583366394043, -3.776052951812744, -1.2378087043762207, -3.6149168014526367, -3.8116796016693115, 2.5424935817718506]
[DIAG_TARGET] step=111 target_error=0.000000000 default=[0.0, -0.7853981852531433, 1.8654682636260986, 0.0, -0.7853981852531433, 1.8654682636260986, 0.0, -0.7853981852531433, 1.8654682636260986, 0.0, -0.7853981852531433, 1.8654682636260986] desired=[-0.06875000149011612, -0.862500011920929, 1.6825000047683716, 0.06875000149011612, -0.737500011920929, 1.5575000047683716, 0.6600233316421509, -0.862500011920929, 1.5575000047683716, -1.015686273574829, -0.9271947145462036, 1.6825000047683716] applied=[-0.06875000149011612, -0.862500011920929, 1.6825000047683716, 0.06875000149011612, -0.737500011920929, 1.5575000047683716, 0.6600233316421509, -0.862500011920929, 1.5575000047683716, -1.015686273574829, -0.9271947145462036, 1.6825000047683716] current=[-0.05397537350654602, -0.8520594239234924, 1.845977544784546, 0.33818912506103516, -0.887769341468811, 1.8401069641113281, -0.1161016896367073, -1.0454787015914917, 1.6167492866516113, 0.8324326276779175, -1.3586435317993164, 1.950461983680725]
[DIAG_INFER] step=121 policy_action_max=8.706167 applied_action_max=0.250000 obs_max=5.965834 history_nonzero_rows=12 position_clip=0 torque_clip=3 action=[4.604619979858398, 0.25746122002601624, 2.486783266067505, -6.343409538269043, 1.7090116739273071, -0.504531741142273, -4.387882709503174, -6.07842493057251, 2.088853597640991, -8.706167221069336, -3.631986141204834, -2.1771960258483887]
[DIAG_TARGET] step=121 target_error=0.000000000 default=[0.0, -0.7853981852531433, 1.8654682636260986, 0.0, -0.7853981852531433, 1.8654682636260986, 0.0, -0.7853981852531433, 1.8654682636260986, 0.0, -0.7853981852531433, 1.8654682636260986] desired=[-0.06875000149011612, -0.737500011920929, 1.6825000047683716, 0.06875000149011612, -0.737500011920929, 1.5575000047683716, -0.13124999403953552, -0.862500011920929, 1.6825000047683716, -1.5, -0.8902137279510498, 1.975119948387146] applied=[-0.06875000149011612, -0.737500011920929, 1.6825000047683716, 0.06875000149011612, -0.737500011920929, 1.5575000047683716, -0.13124999403953552, -0.862500011920929, 1.6825000047683716, -1.5, -0.8902137279510498, 1.975119948387146] current=[-0.18439513444900513, -0.8902702331542969, 1.8891059160232544, 0.21687139570713043, -0.8992125391960144, 1.8788477182388306, -0.024725520983338356, -1.1391856670379639, 1.7023779153823853, 0.27502068877220154, -1.1511502265930176, 1.7939963340759277]
[DIAG_INFER] step=131 policy_action_max=9.055231 applied_action_max=0.250000 obs_max=8.706167 history_nonzero_rows=13 position_clip=0 torque_clip=3 action=[2.096200466156006, 0.4199472665786743, 0.33819350600242615, -9.055231094360352, 3.534830331802368, 1.819355845451355, -1.3777315616607666, -6.684215545654297, 1.9297301769256592, -5.580056667327881, -2.5646626949310303, -1.9478868246078491]
[DIAG_TARGET] step=131 target_error=0.000000000 default=[0.0, -0.7853981852531433, 1.8654682636260986, 0.0, -0.7853981852531433, 1.8654682636260986, 0.0, -0.7853981852531433, 1.8654682636260986, 0.0, -0.7853981852531433, 1.8654682636260986] desired=[-0.06875000149011612, -0.737500011920929, 1.6825000047683716, 0.06875000149011612, -0.737500011920929, 1.6825000047683716, -0.5629603862762451, -0.862500011920929, 1.6825000047683716, -0.9660900235176086, -0.862500011920929, 1.5856095552444458] applied=[-0.06875000149011612, -0.737500011920929, 1.6825000047683716, 0.06875000149011612, -0.737500011920929, 1.6825000047683716, -0.5629603862762451, -0.862500011920929, 1.6825000047683716, -0.9660900235176086, -0.862500011920929, 1.5856095552444458] current=[-0.25099730491638184, -0.8937858939170837, 1.9155447483062744, 0.1578603833913803, -0.9129348397254944, 1.9043129682540894, -0.10098882764577866, -1.1293132305145264, 1.7042603492736816, -0.5261210799217224, -0.9345750212669373, 1.8693194389343262]
[DIAG_INFER] step=141 policy_action_max=10.253501 applied_action_max=0.250000 obs_max=9.055231 history_nonzero_rows=14 position_clip=0 torque_clip=2 action=[10.253500938415527, 6.398222923278809, 5.249190807342529, -3.8135697841644287, 2.4742062091827393, -4.216125011444092, -1.3145816326141357, -4.680279731750488, -2.6864254474639893, 2.4598705768585205, -3.6117026805877686, 5.986250400543213]
[DIAG_TARGET] step=141 target_error=0.000000000 default=[0.0, -0.7853981852531433, 1.8654682636260986, 0.0, -0.7853981852531433, 1.8654682636260986, 0.0, -0.7853981852531433, 1.8654682636260986, 0.0, -0.7853981852531433, 1.8654682636260986] desired=[-0.06875000149011612, -0.737500011920929, 1.6825000047683716, 0.06875000149011612, -0.737500011920929, 1.5575000047683716, -0.26181989908218384, -0.862500011920929, 1.5575000047683716, 1.5, -0.862500011920929, 1.6825000047683716] applied=[-0.06875000149011612, -0.737500011920929, 1.6825000047683716, 0.06875000149011612, -0.737500011920929, 1.5575000047683716, -0.26181989908218384, -0.862500011920929, 1.5575000047683716, 1.5, -0.862500011920929, 1.6825000047683716] current=[-0.22145619988441467, -0.8892011642456055, 1.9222389459609985, 0.19302061200141907, -0.950798749923706, 1.944321870803833, -0.2887192368507385, -1.0082613229751587, 1.6756727695465088, -0.9030815958976746, -0.7811978459358215, 1.69282865524292]
[DIAG_INFER] step=151 policy_action_max=13.204219 applied_action_max=0.250000 obs_max=10.253501 history_nonzero_rows=15 position_clip=0 torque_clip=3 action=[10.348494529724121, 4.416419982910156, 4.28380012512207, 1.2501119375228882, 2.9274117946624756, -5.809256076812744, -6.983871936798096, 1.624179720878601, -13.204218864440918, 2.9900565147399902, -9.982422828674316, 11.603073120117188]
[DIAG_TARGET] step=151 target_error=0.000000000 default=[0.0, -0.7853981852531433, 1.8654682636260986, 0.0, -0.7853981852531433, 1.8654682636260986, 0.0, -0.7853981852531433, 1.8654682636260986, 0.0, -0.7853981852531433, 1.8654682636260986] desired=[-0.06875000149011612, -0.737500011920929, 1.6825000047683716, 0.13124999403953552, -0.737500011920929, 1.5575000047683716, -0.13124999403953552, -0.737500011920929, 1.5575000047683716, 1.5, 0.7717812657356262, -1.1679322719573975] applied=[-0.06875000149011612, -0.737500011920929, 1.6825000047683716, 0.13124999403953552, -0.737500011920929, 1.5575000047683716, -0.13124999403953552, -0.737500011920929, 1.5575000047683716, 1.5, 0.7717812657356262, -1.1679322719573975] current=[-0.08910848200321198, -0.8669418692588806, 1.8678457736968994, 0.345949649810791, -0.9883113503456116, 2.005354642868042, -0.26006433367729187, -0.8942846059799194, 1.6084253787994385, -0.706046462059021, -0.7966183423995972, 1.7359586954116821]
[DIAG_INFER] step=161 policy_action_max=8.986674 applied_action_max=0.250000 obs_max=13.204219 history_nonzero_rows=15 position_clip=0 torque_clip=2 action=[8.986674308776855, -2.4830408096313477, 2.6546571254730225, -8.517694473266602, 3.1683051586151123, 2.0382394790649414, -8.239546775817871, 0.4891052842140198, -8.625638961791992, -1.2590711116790771, -0.8604159355163574, 4.258698463439941]
[DIAG_TARGET] step=161 target_error=0.000000000 default=[0.0, -0.7853981852531433, 1.8654682636260986, 0.0, -0.7853981852531433, 1.8654682636260986, 0.0, -0.7853981852531433, 1.8654682636260986, 0.0, -0.7853981852531433, 1.8654682636260986] desired=[-0.06875000149011612, -0.862500011920929, 1.6825000047683716, 0.06875000149011612, -0.737500011920929, 1.6825000047683716, -0.13124999403953552, -0.737500011920929, 1.5575000047683716, 0.06875000149011612, 2.884474754333496, -0.6721477508544922] applied=[-0.06875000149011612, -0.862500011920929, 1.6825000047683716, 0.06875000149011612, -0.737500011920929, 1.6825000047683716, -0.13124999403953552, -0.737500011920929, 1.5575000047683716, 0.06875000149011612, 2.884474754333496, -0.6721477508544922] current=[-0.06583058089017868, -0.7777904868125916, 1.7687816619873047, 0.4341159164905548, -0.9776083827018738, 2.030928611755371, -0.17502833902835846, -0.7684124708175659, 1.5772675275802612, -0.6184304356575012, -0.7631661295890808, 1.7168513536453247]
[DIAG_INFER] step=171 policy_action_max=7.645395 applied_action_max=0.250000 obs_max=8.986674 history_nonzero_rows=15 position_clip=0 torque_clip=2 action=[5.950706481933594, 1.0785412788391113, 4.803985118865967, -7.645395278930664, 0.0330742746591568, 0.0022095367312431335, -5.599053859710693, -4.6292643547058105, -2.842613697052002, 0.045744337141513824, -1.1403224468231201, 1.3488794565200806]
[DIAG_TARGET] step=171 target_error=0.000000000 default=[0.0, -0.7853981852531433, 1.8654682636260986, 0.0, -0.7853981852531433, 1.8654682636260986, 0.0, -0.7853981852531433, 1.8654682636260986, 0.0, -0.7853981852531433, 1.8654682636260986] desired=[-0.06875000149011612, -0.737500011920929, 1.6825000047683716, 0.06875000149011612, -0.7917314171791077, 1.62055242061615, -0.13124999403953552, -0.862500011920929, 1.5575000047683716, -0.40323084592819214, -0.862500011920929, 1.5922091007232666] applied=[-0.06875000149011612, -0.737500011920929, 1.6825000047683716, 0.06875000149011612, -0.7917314171791077, 1.62055242061615, -0.13124999403953552, -0.862500011920929, 1.5575000047683716, -0.40323084592819214, -0.862500011920929, 1.5922091007232666] current=[-0.102653369307518, -0.7636798024177551, 1.7279870510101318, 0.3912646770477295, -0.9061174392700195, 2.014045000076294, -0.1278911679983139, -0.6829509139060974, 1.5703341960906982, -0.6102294921875, -0.611039400100708, 1.5442028045654297]
[DIAG_INFER] step=181 policy_action_max=8.686802 applied_action_max=0.250000 obs_max=7.645395 history_nonzero_rows=15 position_clip=0 torque_clip=3 action=[0.6036239266395569, -0.11673125624656677, -1.8066593408584595, -8.68680191040039, 3.7951207160949707, 2.6481568813323975, 0.033173561096191406, -5.964236736297607, 1.8531551361083984, -3.3424081802368164, -1.536888837814331, -0.09329794347286224]
[DIAG_TARGET] step=181 target_error=0.000000000 default=[0.0, -0.7853981852531433, 1.8654682636260986, 0.0, -0.7853981852531433, 1.8654682636260986, 0.0, -0.7853981852531433, 1.8654682636260986, 0.0, -0.7853981852531433, 1.8654682636260986] desired=[-0.06875000149011612, -0.8291828036308289, 1.5575000047683716, 0.06875000149011612, -0.737500011920929, 1.6825000047683716, -0.0958533063530922, -0.862500011920929, 1.6825000047683716, -0.012900829315185547, -0.776129961013794, 1.6496094465255737] applied=[-0.06875000149011612, -0.8291828036308289, 1.5575000047683716, 0.06875000149011612, -0.737500011920929, 1.6825000047683716, -0.0958533063530922, -0.862500011920929, 1.6825000047683716, -0.012900829315185547, -0.776129961013794, 1.6496094465255737] current=[-0.10742472112178802, -0.7620599269866943, 1.7141422033309937, 0.3047613203525543, -0.8190140128135681, 1.9795206785202026, -0.11697245389223099, -0.7370172142982483, 1.5741019248962402, -0.5565906167030334, -0.650154173374176, 1.580226182937622]
[DIAG_INFER] step=191 policy_action_max=5.674487 applied_action_max=0.250000 obs_max=8.686802 history_nonzero_rows=15 position_clip=0 torque_clip=2 action=[2.947209358215332, 1.639359712600708, -0.7738742828369141, -2.036348342895508, 1.851025938987732, -1.6436492204666138, -2.910062074661255, -0.7898637056350708, -5.6744866371154785, -3.5191359519958496, -1.1563963890075684, -2.645394802093506]
[DIAG_TARGET] step=191 target_error=0.000000119 default=[0.0, -0.7853981852531433, 1.8654682636260986, 0.0, -0.7853981852531433, 1.8654682636260986, 0.0, -0.7853981852531433, 1.8654682636260986, 0.0, -0.7853981852531433, 1.8654682636260986] desired=[-0.06875000149011612, -0.737500011920929, 1.5575000047683716, 0.06875000149011612, -0.737500011920929, 1.5575000047683716, -0.13124999403953552, -0.862500011920929, 1.5575000047683716, -0.4654393792152405, -0.862500011920929, -0.21509206295013428] applied=[-0.06875000149011612, -0.737500011920929, 1.5575000047683716, 0.06875000149011612, -0.737500011920929, 1.5575000047683716, -0.13124999403953552, -0.862500011920929, 1.5575000047683716, -0.4654393792152405, -0.862500011920929, -0.21509194374084473] current=[-0.13422124087810516, -0.7440939545631409, 1.6951355934143066, 0.24237874150276184, -0.7426698803901672, 1.9526598453521729, -0.09583954513072968, -0.8267968893051147, 1.6260972023010254, -0.29605257511138916, -0.7274421453475952, 1.5591627359390259]
[STAGE] video_encoding_start
[SUMMARY] {"task": "YoboGo-Velocity-Flat-v0", "mode": "smoke", "yobogo_walk_speed_m_s": 0.15, "rapid_walk_speed_m_s": 0.3, "adaptation_weight": "/run/media/pma213x/0C6A8CC86A8CAFCE/Ubuntu2/CodeU/Dog1/mini-cheetah-isaaclab/external_models/rapid-locomotion-rl/runs/rapid-locomotion/example/train/201852.132488/checkpoints/adaptation_module_latest.jit", "body_weight": "/run/media/pma213x/0C6A8CC86A8CAFCE/Ubuntu2/CodeU/Dog1/mini-cheetah-isaaclab/external_models/rapid-locomotion-rl/runs/rapid-locomotion/example/train/201852.132488/checkpoints/body_latest.jit", "completed_steps": 200, "inference_steps": 20, "expected_inference_steps": 20, "reset_count": 0, "safety_clip_count": 46, "position_clip_count": 0, "torque_clip_count": 46, "large_action_inference_count": 7, "official_clip_inference_count": 0, "max_abs_rapid_action": 0.25, "max_abs_policy_action": 13.872488021850586, "ood_guard_count": 223, "base_height_min_m": 0.23889130353927612, "max_abs_roll_deg": 15.289328458979197, "max_abs_pitch_deg": 11.8086378550438, "xy_displacement_m": 0.1397596150636673, "mean_measured_velocity_m_s": 0.04564784855465405, "final_command": [0.15000000596046448, 0.0, 0.0], "terminated_steps": 0, "stability_errors": [], "interface_ok": true, "stable_walking": true, "video": null, "video_frames_written": 0}
[STAGE] event_loop_done
