[3gH    H    H    H    H    H    H    H    H    H    H    H    H    H    H    H    H    H    H    H   [INFO] Using python from: /home/pma213x/.venvs/minicheetah-isaaclab/bin/python
[INFO][AppLauncher]: Loading experience file: /home/pma213x/IsaacLab/apps/isaaclab.python.headless.kit
[Warning] [simulation_app.simulation_app] Modules: ['omni.kit_app'] were loaded before SimulationApp was started and might not be loaded correctly.
[Warning] [simulation_app.simulation_app] Please check to make sure no extra omniverse or pxr modules are imported before the call to SimulationApp(...)
Loading user config located at: '/home/pma213x/.venvs/minicheetah-isaaclab/lib/python3.10/site-packages/omni/data/Kit/Isaac-Sim/4.5/user.config.json'
[Info] [carb] Logging to file: /home/pma213x/.venvs/minicheetah-isaaclab/lib/python3.10/site-packages/omni/logs/Kit/Isaac-Sim/4.5/kit_20261008_205717.log
2026-10-08 12:57:17 [0ms] [Warning] [omni.kit.app.plugin] No crash reporter present, dumps uploading isn't available.
2026-10-08 12:57:17 [104ms] [Warning] [omni.usd_config.extension] Enable omni.materialx.libs extension to use MaterialX
2026-10-08 12:57:17 [429ms] [Warning] [omni.datastore] OmniHub is inaccessible
2026-10-08 12:57:18 [460ms] [Warning] [omni.isaac.dynamic_control] omni.isaac.dynamic_control is deprecated as of Isaac Sim 4.5. No action is needed from end-users.
Gym has been unmaintained since 2022 and does not support NumPy 2.0 amongst other critical functionality.
Please upgrade to Gymnasium, the maintained drop-in replacement of Gym, or contact the authors of your software and request that they upgrade.
See the migration guide at https://gymnasium.farama.org/introduction/migration_guide/ for additional information.
2026-10-08 12:57:19 [2,261ms] [Warning] [gpu.foundation.plugin] Skipping unsupported non-NVIDIA GPU: Intel(R) UHD Graphics (ADL-S GT0.5)
2026-10-08 12:57:19 [2,262ms] [Warning] [gpu.foundation.plugin] Skipping unsupported non-NVIDIA GPU: Intel(R) UHD Graphics (ADL-S GT0.5)

|---------------------------------------------------------------------------------------------|
| Driver Version: 580.178.04    | Graphics API: Vulkan
|=============================================================================================|
| GPU | Name                             | Active | LDA | GPU Memory | Vendor-ID | LUID       |
|     |                                  |        |     |            | Device-ID | UUID       |
|     |                                  |        |     |            | Bus-ID    |            |
|---------------------------------------------------------------------------------------------|
| 0   | NVIDIA GeForce RTX 4060 Laptop.. | Yes: 0 |     | 8188    MB | 10de      | 0          |
|     |                                  |        |     |            | 28e0      | 4d090564.. |
|     |                                  |        |     |            | 1         |            |
|---------------------------------------------------------------------------------------------|
| 1   | Intel(R) UHD Graphics (ADL-S G.. |        |     | 11374   MB | 8086      | 0          |
|     |                                  |        |     |            | 468b      | 86808b46.. |
|     |                                  |        |     |            | 0         |            |
|=============================================================================================|
| OS: 26.04.1 LTS (Resolute Raccoon) ubuntu, Version: 26.04.1, Kernel: 7.0.0-34-generic
| XServer Vendor: The X.Org Foundation, XServer Version: 12401010 (1.24.1.10)
| Processor: 13th Gen Intel(R) Core(TM) i5-13500HX
| Bare Metal Cores: 14 | Bare Metal Logical Cores: 28
| Available Cores:  20 
|---------------------------------------------------------------------------------------------|
| Total Memory (MB): 15166 | Free Memory: 7349
| Total Page/Swap (MB): 20479 | Free Page/Swap: 16458
|---------------------------------------------------------------------------------------------|
2026-10-08 12:57:20 [2,533ms] [Warning] [gpu.foundation.plugin] IOMMU is enabled.
2026-10-08 12:57:20 [2,533ms] [Warning] [gpu.foundation.plugin] Detected IOMMU is enabled. Running CUDA peer-to-peer bandwidth and latency validation.
Unidirectional P2P=Enabled Bandwidth (P2P Writes) Matrix (GB/s)
   D\D     0 
     0 215.55 
P2P=Enabled Latency (P2P Writes) Matrix (us)
   GPU     0 
     0   1.44 

   CPU     0 
     0   2.05 
[STAGE] config_start
[INFO]: Parsing configuration from: training.envs.velocity_flat_env_cfg:YoboGoVelocityFlatEnvCfg
[STAGE] config_done
[STAGE] environment_create_start
2026-10-08 12:57:20 [2,725ms] [Warning] [isaaclab.envs.manager_based_env] Seed not set for the environment. The environment creation may not be deterministic.
[INFO]: Base environment:
	Environment device    : cuda:0
	Environment seed      : None
	Physics step-size     : 0.0004
	Rendering step-size   : 0.002
	Environment step-size : 0.002
2026-10-08 12:57:20 [2,797ms] [Warning] [isaaclab.terrains.terrain_importer] Visual material specified for ground plane but no diffuse color found. Using default color: (0.0, 0.0, 0.0)
[INFO]: Time taken for scene creation : 34.636733 seconds
[INFO]: Scene manager:  <class InteractiveScene>
	Number of environments: 1
	Environment spacing   : 2.5
	Source prim name      : /World/envs/env_0
	Global prim paths     : ['/World/ground']
	Replicate physics     : True
[INFO]: Starting the simulation. This may take a few seconds. Please wait...
[INFO]: Time taken for simulation start : 0.413515 seconds
2026-10-08 12:57:55 [38,048ms] [Warning] [omni.usd] Warning: in GetNodeDiscoveryResults at line 136 of /builds/omniverse/usd-ci/USD/pxr/usd/usdShade/shaderDefUtils.cpp -- Unable to resolve info:sourceAsset </UsdPreviewSurface.info:mdl:sourceAsset> with value @UsdPreviewSurface.mdl@.

2026-10-08 12:57:55 [38,049ms] [Warning] [omni.usd] Warning: in GetNodeDiscoveryResults at line 136 of /builds/omniverse/usd-ci/USD/pxr/usd/usdShade/shaderDefUtils.cpp -- Unable to resolve info:sourceAsset </UsdUVTexture.info:mdl:sourceAsset> with value @UsdPreviewSurface.mdl@.

2026-10-08 12:57:55 [38,049ms] [Warning] [omni.usd] Warning: in GetNodeDiscoveryResults at line 136 of /builds/omniverse/usd-ci/USD/pxr/usd/usdShade/shaderDefUtils.cpp -- Unable to resolve info:sourceAsset </UsdPrimvarReader_float.info:mdl:sourceAsset> with value @UsdPreviewSurface.mdl@.

2026-10-08 12:57:55 [38,049ms] [Warning] [omni.usd] Warning: in GetNodeDiscoveryResults at line 136 of /builds/omniverse/usd-ci/USD/pxr/usd/usdShade/shaderDefUtils.cpp -- Unable to resolve info:sourceAsset </UsdPrimvarReader_float2.info:mdl:sourceAsset> with value @UsdPreviewSurface.mdl@.

2026-10-08 12:57:55 [38,049ms] [Warning] [omni.usd] Warning: in GetNodeDiscoveryResults at line 136 of /builds/omniverse/usd-ci/USD/pxr/usd/usdShade/shaderDefUtils.cpp -- Unable to resolve info:sourceAsset </UsdPrimvarReader_float3.info:mdl:sourceAsset> with value @UsdPreviewSurface.mdl@.

2026-10-08 12:57:55 [38,049ms] [Warning] [omni.usd] Warning: in GetNodeDiscoveryResults at line 136 of /builds/omniverse/usd-ci/USD/pxr/usd/usdShade/shaderDefUtils.cpp -- Unable to resolve info:sourceAsset </UsdPrimvarReader_float4.info:mdl:sourceAsset> with value @UsdPreviewSurface.mdl@.

2026-10-08 12:57:55 [38,049ms] [Warning] [omni.usd] Warning: in GetNodeDiscoveryResults at line 136 of /builds/omniverse/usd-ci/USD/pxr/usd/usdShade/shaderDefUtils.cpp -- Unable to resolve info:sourceAsset </UsdPrimvarReader_int.info:mdl:sourceAsset> with value @UsdPreviewSurface.mdl@.

2026-10-08 12:57:55 [38,049ms] [Warning] [omni.usd] Warning: in GetNodeDiscoveryResults at line 136 of /builds/omniverse/usd-ci/USD/pxr/usd/usdShade/shaderDefUtils.cpp -- Unable to resolve info:sourceAsset </UsdPrimvarReader_string.info:mdl:sourceAsset> with value @UsdPreviewSurface.mdl@.

2026-10-08 12:57:55 [38,049ms] [Warning] [omni.usd] Warning: in GetNodeDiscoveryResults at line 136 of /builds/omniverse/usd-ci/USD/pxr/usd/usdShade/shaderDefUtils.cpp -- Unable to resolve info:sourceAsset </UsdPrimvarReader_normal.info:mdl:sourceAsset> with value @UsdPreviewSurface.mdl@.

2026-10-08 12:57:55 [38,049ms] [Warning] [omni.usd] Warning: in GetNodeDiscoveryResults at line 136 of /builds/omniverse/usd-ci/USD/pxr/usd/usdShade/shaderDefUtils.cpp -- Unable to resolve info:sourceAsset </UsdPrimvarReader_point.info:mdl:sourceAsset> with value @UsdPreviewSurface.mdl@.

2026-10-08 12:57:55 [38,051ms] [Warning] [omni.usd] Warning: in GetNodeDiscoveryResults at line 136 of /builds/omniverse/usd-ci/USD/pxr/usd/usdShade/shaderDefUtils.cpp -- Unable to resolve info:sourceAsset </UsdPrimvarReader_vector.info:mdl:sourceAsset> with value @UsdPreviewSurface.mdl@.

2026-10-08 12:57:55 [38,051ms] [Warning] [omni.usd] Warning: in GetNodeDiscoveryResults at line 136 of /builds/omniverse/usd-ci/USD/pxr/usd/usdShade/shaderDefUtils.cpp -- Unable to resolve info:sourceAsset </UsdPrimvarReader_matrix.info:mdl:sourceAsset> with value @UsdPreviewSurface.mdl@.

2026-10-08 12:57:55 [38,051ms] [Warning] [omni.usd] Warning: in GetNodeDiscoveryResults at line 136 of /builds/omniverse/usd-ci/USD/pxr/usd/usdShade/shaderDefUtils.cpp -- Unable to resolve info:sourceAsset </UsdTransform2d.info:mdl:sourceAsset> with value @UsdPreviewSurface.mdl@.

[INFO] Command Manager:  <CommandManager> contains 1 active terms.
+------------------------------------------------+
|              Active Command Terms              |
+-------+---------------+------------------------+
| Index | Name          |          Type          |
+-------+---------------+------------------------+
|   0   | base_velocity | UniformVelocityCommand |
+-------+---------------+------------------------+

[INFO] Recorder Manager:  <RecorderManager> contains 0 active terms.
+---------------------+
| Active Recorder Terms |
+-----------+---------+
|   Index   | Name    |
+-----------+---------+
+-----------+---------+

[INFO] Action Manager:  <ActionManager> contains 1 active terms.
+------------------------------------+
|  Active Action Terms (shape: 12)   |
+--------+-------------+-------------+
| Index  | Name        |   Dimension |
+--------+-------------+-------------+
|   0    | joint_pos   |          12 |
+--------+-------------+-------------+

[INFO] Observation Manager: <ObservationManager> contains 1 groups.
+---------------------------------------------------------+
| Active Observation Terms in Group: 'policy' (shape: (48,)) |
+-----------+---------------------------------+-----------+
|   Index   | Name                            |   Shape   |
+-----------+---------------------------------+-----------+
|     0     | base_lin_vel                    |    (3,)   |
|     1     | base_ang_vel                    |    (3,)   |
|     2     | projected_gravity               |    (3,)   |
|     3     | velocity_commands               |    (3,)   |
|     4     | joint_pos                       |   (12,)   |
|     5     | joint_vel                       |   (12,)   |
|     6     | actions                         |   (12,)   |
+-----------+---------------------------------+-----------+

[INFO] Event Manager:  <EventManager> contains 3 active terms.
+--------------------------------------+
| Active Event Terms in Mode: 'startup' |
+----------+---------------------------+
|  Index   | Name                      |
+----------+---------------------------+
|    0     | physics_material          |
+----------+---------------------------+
+---------------------------------------+
|  Active Event Terms in Mode: 'reset'  |
+--------+------------------------------+
| Index  | Name                         |
+--------+------------------------------+
|   0    | base_external_force_torque   |
|   1    | reset_base                   |
|   2    | reset_robot_joints           |
+--------+------------------------------+
+----------------------------------------------+
|    Active Event Terms in Mode: 'interval'    |
+-------+------------+-------------------------+
| Index | Name       | Interval time range (s) |
+-------+------------+-------------------------+
|   0   | push_robot |       (10.0, 15.0)      |
+-------+------------+-------------------------+

[INFO] Termination Manager:  <TerminationManager> contains 2 active terms.
+---------------------------------+
|     Active Termination Terms    |
+-------+--------------+----------+
| Index | Name         | Time Out |
+-------+--------------+----------+
|   0   | time_out     |   True   |
|   1   | base_contact |  False   |
+-------+--------------+----------+

[INFO] Reward Manager:  <RewardManager> contains 11 active terms.
+-----------------------------------------+
|           Active Reward Terms           |
+-------+----------------------+----------+
| Index | Name                 |   Weight |
+-------+----------------------+----------+
|   0   | track_lin_vel_xy_exp |      1.0 |
|   1   | track_ang_vel_z_exp  |      0.5 |
|   2   | lin_vel_z_l2         |     -2.0 |
|   3   | ang_vel_xy_l2        |    -0.05 |
|   4   | dof_torques_l2       | -2.5e-05 |
|   5   | dof_acc_l2           | -2.5e-07 |
|   6   | action_rate_l2       |    -0.01 |
|   7   | feet_air_time        |      0.5 |
|   8   | undesired_contacts   |     -1.0 |
|   9   | flat_orientation_l2  |     -5.0 |
|   10  | dof_pos_limits       |      0.0 |
+-------+----------------------+----------+

[INFO] Curriculum Manager:  <CurriculumManager> contains 0 active terms.
+----------------------+
| Active Curriculum Terms |
+-----------+----------+
|   Index   | Name     |
+-----------+----------+
+-----------+----------+

[INFO]: Completed setting up the environment...
[STAGE] environment_create_done
[STAGE] policy_adapter_setup_start
[STAGE] policy_adapter_setup_done
[INFO] task=YoboGo-Velocity-Flat-v0
[INFO] weights_adaptation=/run/media/pma213x/0C6A8CC86A8CAFCE/Ubuntu2/CodeU/Dog1/mini-cheetah-isaaclab/external_models/rapid-locomotion-rl/runs/rapid-locomotion/example/train/201852.132488/checkpoints/adaptation_module_latest.jit
[INFO] weights_body=/run/media/pma213x/0C6A8CC86A8CAFCE/Ubuntu2/CodeU/Dog1/mini-cheetah-isaaclab/external_models/rapid-locomotion-rl/runs/rapid-locomotion/example/train/201852.132488/checkpoints/body_latest.jit
[INFO] yobogo_observation_dim=48 rapid_observation_dim=42
[INFO] history_dim=630 action_dim=12
[INFO] inference_period=10 control_period_s=0.002 inference_hz=50
[INFO] rapid_replay_actuator_kp=20 kd=0.5 effort=18/18/26
[INFO] yobogo_command=[0.15, 0.0, 0.0] rapid_command=[0.3, 0.0, 0.0]
[INFO] model_dummy_action_shape=(1, 12)
[INFO] model_dummy_latent_shape=(1, 18)
[STAGE] event_loop_start
[DIAG_INFER] step=1 policy_action_max=1.248121 applied_action_max=0.250000 obs_max=1.000000 history_nonzero_rows=0 position_clip=0 torque_clip=0 action=[-0.19197019934654236, 0.6424431800842285, -0.24320265650749207, -0.1273176372051239, 0.7155735492706299, 0.4644813537597656, 0.1710740625858307, -1.2481210231781006, 0.8329900503158569, 0.16779938340187073, -0.6457257270812988, -0.7750470042228699]
[DIAG_TARGET] step=1 target_error=0.000000000 default=[0.0, -0.7853981852531433, 1.8654682636260986, 0.0, -0.7853981852531433, 1.8654682636260986, 0.0, -0.7853981852531433, 1.8654682636260986, 0.0, -0.7853981852531433, 1.8654682636260986] desired=[-0.12399627268314362, -0.737500011920929, 1.559199333190918, 0.08408530056476593, -0.737500011920929, 1.6825000047683716, -0.07861573994159698, -0.862500011920929, 1.6825000047683716, 0.12097492814064026, -0.862500011920929, 1.5575000047683716] applied=[-0.12399627268314362, -0.737500011920929, 1.559199333190918, 0.08408530056476593, -0.737500011920929, 1.6825000047683716, -0.07861573994159698, -0.862500011920929, 1.6825000047683716, 0.12097492814064026, -0.862500011920929, 1.5575000047683716] current=[-0.0014842113014310598, -0.7846741676330566, 1.8617609739303589, 0.00011468393495306373, -0.7850055694580078, 1.8631235361099243, -0.000922291714232415, -0.7852579355239868, 1.8607856035232544, 0.00016066567332018167, -0.7853219509124756, 1.8618695735931396]
[STAGE] first_step_done
[DIAG_INFER] step=11 policy_action_max=3.196343 applied_action_max=0.250000 obs_max=2.165647 history_nonzero_rows=1 position_clip=0 torque_clip=1 action=[2.986052989959717, 1.139983892440796, 1.8768398761749268, -0.12733814120292664, 0.09447173774242401, -0.7900701761245728, -2.591831684112549, 0.052387483417987823, -3.196343183517456, -1.5036793947219849, -1.915013313293457, 0.8197029829025269]
[DIAG_TARGET] step=11 target_error=0.000000000 default=[0.0, -0.7853981852531433, 1.8654682636260986, 0.0, -0.7853981852531433, 1.8654682636260986, 0.0, -0.7853981852531433, 1.8654682636260986, 0.0, -0.7853981852531433, 1.8654682636260986] desired=[-0.06875000149011612, -0.737500011920929, 1.6825000047683716, 0.08408273756504059, -0.7763820886611938, 1.5575000047683716, -0.13124999403953552, -0.7869031429290771, 1.5575000047683716, 0.06875000149011612, -0.862500011920929, 0.7390401363372803] applied=[-0.06875000149011612, -0.737500011920929, 1.6825000047683716, 0.08408273756504059, -0.7763820886611938, 1.5575000047683716, -0.13124999403953552, -0.7869031429290771, 1.5575000047683716, 0.06875000149011612, -0.862500011920929, 0.7390401363372803] current=[-0.015177266672253609, -0.7764555215835571, 1.8179726600646973, -0.0029890991281718016, -0.7865809798240662, 1.8424873352050781, -0.0284463781863451, -0.7854974269866943, 1.8030650615692139, -0.0056323460303246975, -0.7922241687774658, 1.834342360496521]
[DIAG_INFER] step=21 policy_action_max=6.502336 applied_action_max=0.250000 obs_max=3.196343 history_nonzero_rows=2 position_clip=0 torque_clip=3 action=[4.5839080810546875, -0.0457514226436615, 2.237387180328369, -0.9434816837310791, 0.055592432618141174, 0.32975900173187256, -4.254214286804199, -0.304451584815979, -1.4649910926818848, -6.502335548400879, -1.818825125694275, 0.6113287210464478]
[DIAG_TARGET] step=21 target_error=0.000000000 default=[0.0, -0.7853981852531433, 1.8654682636260986, 0.0, -0.7853981852531433, 1.8654682636260986, 0.0, -0.7853981852531433, 1.8654682636260986, 0.0, -0.7853981852531433, 1.8654682636260986] desired=[-0.06875000149011612, -0.8114378452301025, 1.6825000047683716, 0.06875000149011612, -0.7861018776893616, 1.6825000047683716, -0.13124999403953552, -0.862500011920929, 1.5575000047683716, -0.9235941767692566, -0.5785855054855347, 0.6936023235321045] applied=[-0.06875000149011612, -0.8114378452301025, 1.6825000047683716, 0.06875000149011612, -0.7861018776893616, 1.6825000047683716, -0.13124999403953552, -0.862500011920929, 1.5575000047683716, -0.9235941767692566, -0.5785855054855347, 0.6936023235321045] current=[-0.048140332102775574, -0.759924590587616, 1.7704460620880127, -0.03627833351492882, -0.7782164812088013, 1.8087702989578247, -0.06448917090892792, -0.7559890747070312, 1.7272084951400757, -0.041729871183633804, -0.7723382711410522, 1.7761907577514648]
[DIAG_INFER] step=31 policy_action_max=10.148103 applied_action_max=0.250000 obs_max=6.502336 history_nonzero_rows=3 position_clip=0 torque_clip=2 action=[0.3818698525428772, 1.3136769533157349, 3.298135995864868, -7.814533233642578, 2.202110767364502, -0.7244693040847778, -9.20710563659668, -9.210382461547852, 0.18506073951721191, -10.148102760314941, -3.3679733276367188, -2.2907614707946777]
[DIAG_TARGET] step=31 target_error=0.000000000 default=[0.0, -0.7853981852531433, 1.8654682636260986, 0.0, -0.7853981852531433, 1.8654682636260986, 0.0, -0.7853981852531433, 1.8654682636260986, 0.0, -0.7853981852531433, 1.8654682636260986] desired=[-0.06875000149011612, -0.737500011920929, 1.6825000047683716, 0.06875000149011612, -0.737500011920929, 1.5575000047683716, -0.13124999403953552, -0.862500011920929, 1.6662652492523193, -1.5, -0.862500011920929, 2.0774240493774414] applied=[-0.06875000149011612, -0.737500011920929, 1.6825000047683716, 0.06875000149011612, -0.737500011920929, 1.5575000047683716, -0.13124999403953552, -0.862500011920929, 1.6662652492523193, -1.5, -0.862500011920929, 2.0774240493774414] current=[-0.15831616520881653, -0.7588910460472107, 1.7732981443405151, -0.08688104152679443, -0.7509028315544128, 1.732467532157898, -0.16585402190685272, -0.76148921251297, 1.6719419956207275, -0.18612296879291534, -0.7070241570472717, 1.6650702953338623]
[DIAG_INFER] step=41 policy_action_max=11.873480 applied_action_max=0.250000 obs_max=10.148103 history_nonzero_rows=4 position_clip=0 torque_clip=4 action=[-0.32858508825302124, 1.988572120666504, 0.26532015204429626, -11.873479843139648, 4.067788600921631, 0.5713319778442383, 2.4822044372558594, -9.955877304077148, 6.608558654785156, -4.353107452392578, -3.3774685859680176, -2.4676601886749268]
[DIAG_TARGET] step=41 target_error=0.000000000 default=[0.0, -0.7853981852531433, 1.8654682636260986, 0.0, -0.7853981852531433, 1.8654682636260986, 0.0, -0.7853981852531433, 1.8654682636260986, 0.0, -0.7853981852531433, 1.8654682636260986] desired=[-0.13124999403953552, -0.737500011920929, 1.6825000047683716, 0.06875000149011612, -0.737500011920929, 1.6825000047683716, -0.6441760063171387, -0.862500011920929, 1.6825000047683716, -0.7211045622825623, -0.47746002674102783, 2.6876678466796875] applied=[-0.13124999403953552, -0.737500011920929, 1.6825000047683716, 0.06875000149011612, -0.737500011920929, 1.6825000047683716, -0.6441760063171387, -0.862500011920929, 1.6825000047683716, -0.7211045622825623, -0.47746002674102783, 2.6876678466796875] current=[-0.24376554787158966, -0.7396037578582764, 1.8177764415740967, -0.021928418427705765, -0.7336995005607605, 1.6313600540161133, -0.17476333677768707, -0.8018370866775513, 1.6668533086776733, -0.7824115753173828, -0.7576074004173279, 1.905938982963562]
[DIAG_INFER] step=51 policy_action_max=11.543177 applied_action_max=0.250000 obs_max=11.873480 history_nonzero_rows=5 position_clip=0 torque_clip=2 action=[-3.0845465660095215, 5.523333549499512, -0.033536702394485474, -11.543176651000977, 2.8740956783294678, 1.0911489725112915, 1.72940993309021, -8.086516380310059, 4.567378044128418, -4.60383939743042, -1.4233365058898926, -3.15706729888916]
[DIAG_TARGET] step=51 target_error=0.000000000 default=[0.0, -0.7853981852531433, 1.8654682636260986, 0.0, -0.7853981852531433, 1.8654682636260986, 0.0, -0.7853981852531433, 1.8654682636260986, 0.0, -0.7853981852531433, 1.8654682636260986] desired=[-0.13124999403953552, -0.737500011920929, 1.611615777015686, 0.06875000149011612, -0.737500011920929, 1.6825000047683716, -0.06875000149011612, -0.862500011920929, 1.6825000047683716, -0.6564910411834717, -0.862500011920929, 1.5754708051681519] applied=[-0.13124999403953552, -0.737500011920929, 1.611615777015686, 0.06875000149011612, -0.737500011920929, 1.6825000047683716, -0.06875000149011612, -0.862500011920929, 1.6825000047683716, -0.6564910411834717, -0.862500011920929, 1.5754708051681519] current=[-0.2715144455432892, -0.7212608456611633, 1.8438949584960938, 0.09940391033887863, -0.7476650476455688, 1.6589375734329224, -0.29912102222442627, -0.837526261806488, 1.6663559675216675, -0.9466699957847595, -0.6251137256622314, 2.29278564453125]
[DIAG_INFER] step=61 policy_action_max=12.611420 applied_action_max=0.250000 obs_max=11.543177 history_nonzero_rows=6 position_clip=0 torque_clip=1 action=[12.611419677734375, 4.488292694091797, 3.4803779125213623, -8.112919807434082, 2.661349296569824, -0.7343118190765381, -4.1304144859313965, -5.052506446838379, -2.1034045219421387, 3.5723891258239746, -2.283817768096924, 0.6750545501708984]
[DIAG_TARGET] step=61 target_error=0.000000000 default=[0.0, -0.7853981852531433, 1.8654682636260986, 0.0, -0.7853981852531433, 1.8654682636260986, 0.0, -0.7853981852531433, 1.8654682636260986, 0.0, -0.7853981852531433, 1.8654682636260986] desired=[-0.06875000149011612, -0.737500011920929, 1.6825000047683716, 0.06875000149011612, -0.737500011920929, 1.5575000047683716, -0.13124999403953552, -0.862500011920929, 1.5575000047683716, 0.9804617762565613, -0.862500011920929, 1.6825000047683716] applied=[-0.06875000149011612, -0.737500011920929, 1.6825000047683716, 0.06875000149011612, -0.737500011920929, 1.5575000047683716, -0.13124999403953552, -0.862500011920929, 1.5575000047683716, 0.9804617762565613, -0.862500011920929, 1.6825000047683716] current=[-0.241722971200943, -0.7032409906387329, 1.8366605043411255, 0.15890316665172577, -0.7553996443748474, 1.6716796159744263, -0.23102794587612152, -0.8656693696975708, 1.6721718311309814, -0.7640966176986694, -0.6580560207366943, 1.9003617763519287]
[DIAG_INFER] step=71 policy_action_max=16.134958 applied_action_max=0.250000 obs_max=12.611420 history_nonzero_rows=7 position_clip=0 torque_clip=2 action=[12.83693790435791, 9.66646957397461, 13.164318084716797, 7.259000778198242, 1.6626356840133667, -12.017909049987793, -2.1218717098236084, 2.605513334274292, -5.694449424743652, -0.9646917581558228, -11.44165325164795, 16.134958267211914]
[DIAG_TARGET] step=71 target_error=0.000000000 default=[0.0, -0.7853981852531433, 1.8654682636260986, 0.0, -0.7853981852531433, 1.8654682636260986, 0.0, -0.7853981852531433, 1.8654682636260986, 0.0, -0.7853981852531433, 1.8654682636260986] desired=[-0.06875000149011612, -0.737500011920929, 1.6825000047683716, 0.13124999403953552, -0.737500011920929, 1.5575000047683716, -0.002755008637905121, -0.737500011920929, 1.5575000047683716, 1.5, -0.862500011920929, 1.6825000047683716] applied=[-0.06875000149011612, -0.737500011920929, 1.6825000047683716, 0.13124999403953552, -0.737500011920929, 1.5575000047683716, -0.002755008637905121, -0.737500011920929, 1.5575000047683716, 1.5, -0.862500011920929, 1.6825000047683716] current=[-0.12226110696792603, -0.7026443481445312, 1.809342384338379, 0.18436723947525024, -0.755828320980072, 1.610064148902893, -0.10298877209424973, -0.8721412420272827, 1.6017794609069824, -0.04561329260468483, -0.7453079223632812, 1.7214409112930298]
[DIAG_INFER] step=81 policy_action_max=6.248878 applied_action_max=0.250000 obs_max=16.134958 history_nonzero_rows=8 position_clip=0 torque_clip=2 action=[4.4821391105651855, 0.30798450112342834, 4.262241840362549, -0.7322044372558594, 1.2392469644546509, -4.390819549560547, -4.048716068267822, -2.450029134750366, -5.272551536560059, -0.36427900195121765, -6.248878002166748, 4.833323955535889]
[DIAG_TARGET] step=81 target_error=0.000000000 default=[0.0, -0.7853981852531433, 1.8654682636260986, 0.0, -0.7853981852531433, 1.8654682636260986, 0.0, -0.7853981852531433, 1.8654682636260986, 0.0, -0.7853981852531433, 1.8654682636260986] desired=[-0.06875000149011612, -0.737500011920929, 1.6825000047683716, 0.06875000149011612, -0.737500011920929, 1.5575000047683716, 0.7199058532714844, -0.862500011920929, 1.5575000047683716, 0.10657423734664917, -0.862500011920929, 1.6825000047683716] applied=[-0.06875000149011612, -0.737500011920929, 1.6825000047683716, 0.06875000149011612, -0.737500011920929, 1.5575000047683716, 0.7199058532714844, -0.862500011920929, 1.5575000047683716, 0.10657423734664917, -0.862500011920929, 1.6825000047683716] current=[-0.050735507160425186, -0.7099523544311523, 1.7882925271987915, 0.20159830152988434, -0.7790610790252686, 1.6293659210205078, -0.062445495277643204, -0.8212752342224121, 1.5735071897506714, 0.7511805295944214, -0.7772894501686096, 1.6536413431167603]
[DIAG_INFER] step=91 policy_action_max=7.564856 applied_action_max=0.250000 obs_max=6.248878 history_nonzero_rows=9 position_clip=0 torque_clip=2 action=[4.443060874938965, -0.5517739057540894, 2.130157470703125, -4.0737409591674805, 1.8462775945663452, 0.9403396844863892, -1.1070597171783447, -3.7542808055877686, 1.8079102039337158, -7.564855575561523, -2.7003538608551025, -2.777674436569214]
[DIAG_TARGET] step=91 target_error=0.000000000 default=[0.0, -0.7853981852531433, 1.8654682636260986, 0.0, -0.7853981852531433, 1.8654682636260986, 0.0, -0.7853981852531433, 1.8654682636260986, 0.0, -0.7853981852531433, 1.8654682636260986] desired=[-0.06875000149011612, -0.862500011920929, 1.6825000047683716, 0.06875000149011612, -0.737500011920929, 1.6825000047683716, -0.13124999403953552, -0.862500011920929, 1.6825000047683716, -1.5, -0.862500011920929, 2.518306255340576] applied=[-0.06875000149011612, -0.862500011920929, 1.6825000047683716, 0.06875000149011612, -0.737500011920929, 1.6825000047683716, -0.13124999403953552, -0.862500011920929, 1.6825000047683716, -1.5, -0.862500011920929, 2.518306255340576] current=[-0.11735163629055023, -0.7227426767349243, 1.8090070486068726, 0.1630411148071289, -0.8014072775840759, 1.6717233657836914, 0.1983308345079422, -0.8123202919960022, 1.5719285011291504, 0.7151175737380981, -0.8349362015724182, 1.7074627876281738]
[DIAG_INFER] step=101 policy_action_max=17.059780 applied_action_max=0.250000 obs_max=7.564856 history_nonzero_rows=10 position_clip=0 torque_clip=4 action=[-8.40546703338623, 5.294166088104248, 3.312755823135376, -15.850616455078125, 4.1213226318359375, 0.05056636780500412, 0.7753980755805969, -17.05978012084961, 9.410100936889648, -13.39585018157959, -4.633923053741455, -5.32411527633667]
[DIAG_TARGET] step=101 target_error=0.000000000 default=[0.0, -0.7853981852531433, 1.8654682636260986, 0.0, -0.7853981852531433, 1.8654682636260986, 0.0, -0.7853981852531433, 1.8654682636260986, 0.0, -0.7853981852531433, 1.8654682636260986] desired=[-0.13124999403953552, -0.737500011920929, 1.6825000047683716, 0.06875000149011612, -0.737500011920929, 1.6326415538787842, -0.13558192551136017, -0.862500011920929, 1.6825000047683716, -1.5, -1.191638708114624, 2.700000047683716] applied=[-0.13124999403953552, -0.737500011920929, 1.6825000047683716, 0.06875000149011612, -0.737500011920929, 1.6326415538787842, -0.13558192551136017, -0.862500011920929, 1.6825000047683716, -1.5, -1.191638708114624, 2.700000047683716] current=[-0.29130831360816956, -0.7518293261528015, 1.8931957483291626, 0.05237244814634323, -0.7729763388633728, 1.6701170206069946, 0.15664799511432648, -0.8196218013763428, 1.624979019165039, -0.09271129220724106, -0.8655675053596497, 2.138094663619995]
[DIAG_INFER] step=111 policy_action_max=20.201109 applied_action_max=0.250000 obs_max=17.059780 history_nonzero_rows=11 position_clip=0 torque_clip=2 action=[1.803596019744873, 9.208003044128418, 1.4211758375167847, -20.201108932495117, 3.5079057216644287, 6.294042587280273, 6.585499286651611, -12.816047668457031, 4.70292854309082, 8.538346290588379, -3.664517402648926, -0.5438206195831299]
[DIAG_TARGET] step=111 target_error=0.000000000 default=[0.0, -0.7853981852531433, 1.8654682636260986, 0.0, -0.7853981852531433, 1.8654682636260986, 0.0, -0.7853981852531433, 1.8654682636260986, 0.0, -0.7853981852531433, 1.8654682636260986] desired=[-0.06875000149011612, -0.737500011920929, 1.6825000047683716, 0.06875000149011612, -0.737500011920929, 1.6825000047683716, -0.7935521006584167, -0.862500011920929, 1.6825000047683716, 0.13124999403953552, -0.862500011920929, 2.700000047683716] applied=[-0.06875000149011612, -0.737500011920929, 1.6825000047683716, 0.06875000149011612, -0.737500011920929, 1.6825000047683716, -0.7935521006584167, -0.862500011920929, 1.6825000047683716, 0.13124999403953552, -0.862500011920929, 2.700000047683716] current=[-0.3519132435321808, -0.7639244794845581, 1.9605568647384644, 0.10441054403781891, -0.7586268782615662, 1.6519644260406494, 0.029354413971304893, -0.8357359170913696, 1.6542600393295288, -0.8720278143882751, -0.9414681196212769, 2.426154851913452]
[DIAG_INFER] step=121 policy_action_max=19.546392 applied_action_max=0.250000 obs_max=20.201109 history_nonzero_rows=12 position_clip=0 torque_clip=3 action=[19.5463924407959, 6.994710922241211, 4.706714153289795, -13.23177719116211, 0.25155413150787354, -2.075178861618042, -0.2644135355949402, -7.228530406951904, 2.687009334564209, 14.064985275268555, -2.4269723892211914, -0.833206295967102]
[DIAG_TARGET] step=121 target_error=0.000000000 default=[0.0, -0.7853981852531433, 1.8654682636260986, 0.0, -0.7853981852531433, 1.8654682636260986, 0.0, -0.7853981852531433, 1.8654682636260986, 0.0, -0.7853981852531433, 1.8654682636260986] desired=[-0.06875000149011612, -0.737500011920929, 1.6825000047683716, 0.06875000149011612, -0.737500011920929, 1.5575000047683716, -0.13124999403953552, -0.862500011920929, 1.6825000047683716, 1.5, -2.1507883071899414, 2.2586445808410645] applied=[-0.06875000149011612, -0.737500011920929, 1.6825000047683716, 0.06875000149011612, -0.737500011920929, 1.5575000047683716, -0.13124999403953552, -0.862500011920929, 1.6825000047683716, 1.5, -2.1507883071899414, 2.2586445808410645] current=[-0.2763642966747284, -0.7972701787948608, 2.001047134399414, 0.18416571617126465, -0.7637129426002502, 1.676804780960083, -0.26548123359680176, -0.8349862098693848, 1.6492785215377808, -0.59834223985672, -0.8757819533348083, 2.5352489948272705]
[DIAG_INFER] step=131 policy_action_max=21.751047 applied_action_max=0.250000 obs_max=19.546392 history_nonzero_rows=13 position_clip=0 torque_clip=4 action=[16.486562728881836, 11.456046104431152, 19.738710403442383, 10.887351036071777, -0.0009724050760269165, -15.184353828430176, -4.519453525543213, 3.805276870727539, -6.698852062225342, -2.9465534687042236, -13.232943534851074, 21.751047134399414]
[DIAG_TARGET] step=131 target_error=0.000000000 default=[0.0, -0.7853981852531433, 1.8654682636260986, 0.0, -0.7853981852531433, 1.8654682636260986, 0.0, -0.7853981852531433, 1.8654682636260986, 0.0, -0.7853981852531433, 1.8654682636260986] desired=[-0.06875000149011612, -0.737500011920929, 1.6825000047683716, 0.13124999403953552, -0.8002431392669678, 1.5575000047683716, 0.26408737897872925, -1.1763747930526733, 1.5575000047683716, 1.5, -1.5881086587905884, 1.6825000047683716] applied=[-0.06875000149011612, -0.737500011920929, 1.6825000047683716, 0.13124999403953552, -0.8002431392669678, 1.5575000047683716, 0.26408737897872925, -1.1763747930526733, 1.5575000047683716, 1.5, -1.5881086587905884, 1.6825000047683716] current=[-0.11016431450843811, -0.8424147963523865, 1.998943567276001, 0.37373799085617065, -0.8712775111198425, 1.7898993492126465, -0.32628339529037476, -0.8480026125907898, 1.6678566932678223, 0.22147797048091888, -1.3531640768051147, 2.32196307182312]
[DIAG_INFER] step=141 policy_action_max=7.634719 applied_action_max=0.250000 obs_max=21.751047 history_nonzero_rows=14 position_clip=0 torque_clip=1 action=[4.702239036560059, -0.9131127595901489, 7.634719371795654, -3.6898763179779053, -0.11716188490390778, -4.709909439086914, -5.533909320831299, -2.18668270111084, -3.29848051071167, -2.86780047416687, -5.825656414031982, 6.146225452423096]
[DIAG_TARGET] step=141 target_error=0.000000000 default=[0.0, -0.7853981852531433, 1.8654682636260986, 0.0, -0.7853981852531433, 1.8654682636260986, 0.0, -0.7853981852531433, 1.8654682636260986, 0.0, -0.7853981852531433, 1.8654682636260986] desired=[-0.06875000149011612, -0.862500011920929, 1.6825000047683716, 0.06875000149011612, -0.829290509223938, 1.5575000047683716, 0.6715039014816284, -0.862500011920929, 1.5575000047683716, 0.06875000149011612, -0.862500011920929, 1.6825000047683716] applied=[-0.06875000149011612, -0.862500011920929, 1.6825000047683716, 0.06875000149011612, -0.829290509223938, 1.5575000047683716, 0.6715039014816284, -0.862500011920929, 1.5575000047683716, 0.06875000149011612, -0.862500011920929, 1.6825000047683716] current=[-0.06303943693637848, -0.8584967255592346, 1.9802552461624146, 0.46111243963241577, -0.963713526725769, 1.8547292947769165, -0.1143585741519928, -0.9804093241691589, 1.6172780990600586, 0.9226096272468567, -1.5796948671340942, 1.929360032081604]
[DIAG_INFER] step=151 policy_action_max=4.035868 applied_action_max=0.250000 obs_max=7.634719 history_nonzero_rows=15 position_clip=0 torque_clip=1 action=[4.031764507293701, 1.0908573865890503, 2.416860818862915, -1.1144869327545166, -1.9241329431533813, -2.9433181285858154, 0.7215436100959778, -3.1078999042510986, -1.3801811933517456, -4.035868167877197, -0.9838172197341919, 0.6944730281829834]
[DIAG_TARGET] step=151 target_error=0.000000000 default=[0.0, -0.7853981852531433, 1.8654682636260986, 0.0, -0.7853981852531433, 1.8654682636260986, 0.0, -0.7853981852531433, 1.8654682636260986, 0.0, -0.7853981852531433, 1.8654682636260986] desired=[-0.06875000149011612, -0.737500011920929, 1.6825000047683716, 0.06875000149011612, -0.862500011920929, 1.5575000047683716, -0.06875000149011612, -0.862500011920929, 1.5575000047683716, -0.4954591393470764, -0.862500011920929, 1.6825000047683716] applied=[-0.06875000149011612, -0.737500011920929, 1.6825000047683716, 0.06875000149011612, -0.862500011920929, 1.5575000047683716, -0.06875000149011612, -0.862500011920929, 1.5575000047683716, -0.4954591393470764, -0.862500011920929, 1.6825000047683716] current=[-0.14201359450817108, -0.8881129622459412, 1.9827561378479004, 0.38780686259269714, -0.9869135022163391, 1.87496018409729, -0.07720627635717392, -1.0837472677230835, 1.7493356466293335, 0.5937706828117371, -1.348887324333191, 1.7643502950668335]
[DIAG_INFER] step=161 policy_action_max=7.227147 applied_action_max=0.250000 obs_max=4.035868 history_nonzero_rows=15 position_clip=0 torque_clip=1 action=[4.786211967468262, 1.5445352792739868, 2.22216796875, -0.5841826796531677, -0.35980814695358276, -1.2136179208755493, -3.4996073246002197, -3.0657851696014404, -0.7283498048782349, -7.227146625518799, -0.7155709266662598, -0.31407713890075684]
[DIAG_TARGET] step=161 target_error=0.000000000 default=[0.0, -0.7853981852531433, 1.8654682636260986, 0.0, -0.7853981852531433, 1.8654682636260986, 0.0, -0.7853981852531433, 1.8654682636260986, 0.0, -0.7853981852531433, 1.8654682636260986] desired=[-0.06875000149011612, -0.737500011920929, 1.6825000047683716, 0.06875000149011612, -0.862500011920929, 1.5575000047683716, -0.13124999403953552, -0.862500011920929, 1.5575000047683716, -1.5, -0.862500011920929, 1.5575000047683716] applied=[-0.06875000149011612, -0.737500011920929, 1.6825000047683716, 0.06875000149011612, -0.862500011920929, 1.5575000047683716, -0.13124999403953552, -0.862500011920929, 1.5575000047683716, -1.5, -0.862500011920929, 1.5575000047683716] current=[-0.20089927315711975, -0.8904368281364441, 1.969375491142273, 0.328494131565094, -0.9946523308753967, 1.8801214694976807, -0.13232211768627167, -1.1045873165130615, 1.7679023742675781, 0.1641530841588974, -1.1392898559570312, 1.748131275177002]
[DIAG_INFER] step=171 policy_action_max=16.544064 applied_action_max=0.250000 obs_max=8.033179 history_nonzero_rows=15 position_clip=0 torque_clip=2 action=[7.1591925621032715, -0.1968577802181244, 6.6926045417785645, -5.929116249084473, 1.0405539274215698, -2.7113723754882812, -16.294511795043945, -9.20097541809082, -0.7446846961975098, -16.544063568115234, -5.12515115737915, -2.6068201065063477]
[DIAG_TARGET] step=171 target_error=0.000000000 default=[0.0, -0.7853981852531433, 1.8654682636260986, 0.0, -0.7853981852531433, 1.8654682636260986, 0.0, -0.7853981852531433, 1.8654682636260986, 0.0, -0.7853981852531433, 1.8654682636260986] desired=[-0.06875000149011612, -0.8492144346237183, 1.6825000047683716, 0.06875000149011612, -0.737500011920929, 1.5575000047683716, -0.13124999403953552, -0.862500011920929, 1.5575000047683716, -1.5, 0.1346030831336975, 1.5575000047683716] applied=[-0.06875000149011612, -0.8492144346237183, 1.6825000047683716, 0.06875000149011612, -0.737500011920929, 1.5575000047683716, -0.13124999403953552, -0.862500011920929, 1.5575000047683716, -1.5, 0.1346030831336975, 1.5575000047683716] current=[-0.3517345190048218, -0.8708168268203735, 1.976881980895996, 0.17343148589134216, -0.9756525754928589, 1.8365200757980347, -0.31718960404396057, -1.0834919214248657, 1.7664728164672852, -0.20822879672050476, -1.1658073663711548, 1.8109694719314575]
[DIAG_INFER] step=181 policy_action_max=10.085940 applied_action_max=0.250000 obs_max=16.544064 history_nonzero_rows=15 position_clip=0 torque_clip=3 action=[5.6279144287109375, -2.932699680328369, 6.002181529998779, -4.086188316345215, 6.967486381530762, -0.9406908750534058, -6.101603984832764, -3.246110200881958, -0.08662080764770508, -10.08594036102295, 0.3744482100009918, 4.848632335662842]
[DIAG_TARGET] step=181 target_error=0.000000000 default=[0.0, -0.7853981852531433, 1.8654682636260986, 0.0, -0.7853981852531433, 1.8654682636260986, 0.0, -0.7853981852531433, 1.8654682636260986, 0.0, -0.7853981852531433, 1.8654682636260986] desired=[-0.06875000149011612, -0.862500011920929, 1.6825000047683716, 0.06875000149011612, -0.737500011920929, 1.5575000047683716, -0.14666444063186646, -0.862500011920929, 1.5983448028564453, -0.700626790523529, 2.6186060905456543, 1.6825000047683716] applied=[-0.06875000149011612, -0.862500011920929, 1.6825000047683716, 0.06875000149011612, -0.737500011920929, 1.5575000047683716, -0.14666444063186646, -0.862500011920929, 1.5983448028564453, -0.700626790523529, 2.6186060905456543, 1.6825000047683716] current=[-0.43745526671409607, -0.8029288649559021, 1.9860894680023193, 0.11165270954370499, -0.9069443941116333, 1.753400206565857, -0.4163769781589508, -0.9909988641738892, 1.7256916761398315, -0.5880646705627441, -0.9337388277053833, 1.7951759099960327]
[DIAG_INFER] step=191 policy_action_max=15.648030 applied_action_max=0.250000 obs_max=10.085940 history_nonzero_rows=15 position_clip=0 torque_clip=3 action=[9.110380172729492, 3.130330801010132, 8.314569473266602, 4.782577037811279, 4.972445964813232, -10.497885704040527, -8.832276344299316, 3.448084592819214, -11.735306739807129, -8.050053596496582, -9.863321304321289, 15.648030281066895]
[DIAG_TARGET] step=191 target_error=0.000000000 default=[0.0, -0.7853981852531433, 1.8654682636260986, 0.0, -0.7853981852531433, 1.8654682636260986, 0.0, -0.7853981852531433, 1.8654682636260986, 0.0, -0.7853981852531433, 1.8654682636260986] desired=[-0.06875000149011612, -0.737500011920929, 1.6825000047683716, 0.13124999403953552, -0.737500011920929, 1.5575000047683716, -0.13124999403953552, -0.15764868259429932, 1.5575000047683716, 1.5, 1.6429977416992188, 1.6825000047683716] applied=[-0.06875000149011612, -0.737500011920929, 1.6825000047683716, 0.13124999403953552, -0.737500011920929, 1.5575000047683716, -0.13124999403953552, -0.15764868259429932, 1.5575000047683716, 1.5, 1.6429977416992188, 1.6825000047683716] current=[-0.3484407067298889, -0.7217998504638672, 1.97699773311615, 0.17385971546173096, -0.8691672682762146, 1.7282829284667969, -0.28626900911331177, -0.8986685872077942, 1.6731473207473755, -0.6601906418800354, -0.19883160293102264, 1.6787307262420654]
[DIAG_INFER] step=201 policy_action_max=13.358568 applied_action_max=0.250000 obs_max=15.648030 history_nonzero_rows=15 position_clip=0 torque_clip=5 action=[9.064847946166992, 3.490870237350464, 3.3030893802642822, 2.6325554847717285, -0.023023858666419983, -6.027129650115967, -5.411325931549072, 0.3996119499206543, -13.35856819152832, 3.1486220359802246, -10.076067924499512, 8.794700622558594]
[DIAG_TARGET] step=201 target_error=0.000000000 default=[0.0, -0.7853981852531433, 1.8654682636260986, 0.0, -0.7853981852531433, 1.8654682636260986, 0.0, -0.7853981852531433, 1.8654682636260986, 0.0, -0.7853981852531433, 1.8654682636260986] desired=[-0.06875000149011612, -0.737500011920929, 1.6825000047683716, 0.13124999403953552, -0.8057559728622437, 1.5575000047683716, -0.007734388113021851, 0.6448690295219421, 1.5575000047683716, 1.5, 0.0914919376373291, -1.0484044551849365] applied=[-0.06875000149011612, -0.737500011920929, 1.6825000047683716, 0.13124999403953552, -0.8057559728622437, 1.5575000047683716, -0.007734388113021851, 0.6448690295219421, 1.5575000047683716, 1.5, 0.0914919376373291, -1.0484044551849365] current=[-0.16069374978542328, -0.6515229344367981, 1.9100888967514038, 0.37298810482025146, -0.8676134347915649, 1.7628185749053955, -0.16231651604175568, -0.6250017881393433, 1.5858460664749146, -0.05043596774339676, 0.6172394156455994, 1.5482605695724487]
[DIAG_INFER] step=211 policy_action_max=3.983638 applied_action_max=0.250000 obs_max=13.358568 history_nonzero_rows=15 position_clip=0 torque_clip=5 action=[3.983637809753418, -1.0043023824691772, 2.541761636734009, -1.4666677713394165, 1.4254158735275269, -1.1103910207748413, -2.2378761768341064, 0.9810516834259033, -3.17341947555542, -2.1732301712036133, -3.8241114616394043, 0.9020117521286011]
[DIAG_TARGET] step=211 target_error=0.000000000 default=[0.0, -0.7853981852531433, 1.8654682636260986, 0.0, -0.7853981852531433, 1.8654682636260986, 0.0, -0.7853981852531433, 1.8654682636260986, 0.0, -0.7853981852531433, 1.8654682636260986] desired=[-0.06875000149011612, -0.862500011920929, 1.6825000047683716, 0.06875000149011612, -0.15610820055007935, 1.5575000047683716, 0.6882823705673218, -0.3810189366340637, 1.5575000047683716, -0.20747262239456177, -0.862500011920929, 1.3297350406646729] applied=[-0.06875000149011612, -0.862500011920929, 1.6825000047683716, 0.06875000149011612, -0.15610820055007935, 1.5575000047683716, 0.6882823705673218, -0.3810189366340637, 1.5575000047683716, -0.20747262239456177, -0.862500011920929, 1.3297350406646729] current=[-0.14664335548877716, -0.6492831707000732, 1.8489502668380737, 0.4436955749988556, -0.8717633485794067, 1.763837218284607, -0.13927428424358368, -0.013714795932173729, 1.5268727540969849, 0.7364163398742676, 0.7571375370025635, 1.0562077760696411]
[DIAG_INFER] step=221 policy_action_max=5.859744 applied_action_max=0.250000 obs_max=3.983638 history_nonzero_rows=15 position_clip=0 torque_clip=3 action=[-5.859743595123291, 0.35794582962989807, -1.131569504737854, -3.034210443496704, 1.1038023233413696, 0.36884236335754395, 2.279627799987793, -4.527891159057617, 4.706110954284668, -2.590634346008301, 0.6276346445083618, -2.3668878078460693]
[DIAG_TARGET] step=221 target_error=0.000000000 default=[0.0, -0.7853981852531433, 1.8654682636260986, 0.0, -0.7853981852531433, 1.8654682636260986, 0.0, -0.7853981852531433, 1.8654682636260986, 0.0, -0.7853981852531433, 1.8654682636260986] desired=[-0.13124999403953552, -0.737500011920929, 1.5575000047683716, 0.06875000149011612, -0.737500011920929, 1.6825000047683716, -0.06875000149011612, -0.862500011920929, 1.6825000047683716, -1.5, -2.0285327434539795, 2.181302547454834] applied=[-0.13124999403953552, -0.737500011920929, 1.5575000047683716, 0.06875000149011612, -0.737500011920929, 1.6825000047683716, -0.06875000149011612, -0.862500011920929, 1.6825000047683716, -1.5, -2.0285327434539795, 2.181302547454834] current=[-0.226457417011261, -0.6945258975028992, 1.8677235841751099, 0.32026568055152893, -0.7869386672973633, 1.6850088834762573, 0.12437525391578674, 0.10504982620477676, 1.5952564477920532, 0.5049280524253845, 0.06070290505886078, 1.2487306594848633]
[DIAG_INFER] step=231 policy_action_max=13.760633 applied_action_max=0.250000 obs_max=6.158666 history_nonzero_rows=15 position_clip=0 torque_clip=3 action=[-9.518024444580078, 4.533777713775635, 1.6946871280670166, -6.017975807189941, 2.0237295627593994, -1.5602574348449707, -3.5554862022399902, -12.29825210571289, 1.0917739868164062, -13.76063346862793, -1.2906711101531982, -4.861759662628174]
[DIAG_TARGET] step=231 target_error=0.000000000 default=[0.0, -0.7853981852531433, 1.8654682636260986, 0.0, -0.7853981852531433, 1.8654682636260986, 0.0, -0.7853981852531433, 1.8654682636260986, 0.0, -0.7853981852531433, 1.8654682636260986] desired=[-0.13124999403953552, -0.737500011920929, 1.6825000047683716, 0.06875000149011612, -0.737500011920929, 1.5575000047683716, -0.34866321086883545, -0.862500011920929, 1.6825000047683716, -1.5, -0.7782577276229858, 1.5575000047683716] applied=[-0.13124999403953552, -0.737500011920929, 1.6825000047683716, 0.06875000149011612, -0.737500011920929, 1.5575000047683716, -0.34866321086883545, -0.862500011920929, 1.6825000047683716, -1.5, -0.7782577276229858, 1.5575000047683716] current=[-0.4070577323436737, -0.6812915802001953, 1.8765431642532349, 0.148774653673172, -0.7130947113037109, 1.6821017265319824, 0.15172405540943146, -0.3575482964515686, 1.6284160614013672, -0.3056755065917969, -0.7496213912963867, 1.6580123901367188]
[DIAG_INFER] step=241 policy_action_max=11.499402 applied_action_max=0.250000 obs_max=13.760633 history_nonzero_rows=15 position_clip=0 torque_clip=3 action=[6.173847198486328, 5.584639549255371, 1.9564170837402344, -11.499402046203613, 3.803900957107544, 0.520043134689331, -0.9757029414176941, -8.542736053466797, -0.5803345441818237, 3.443528175354004, -3.1395556926727295, 0.7872393131256104]
[DIAG_TARGET] step=241 target_error=0.000000000 default=[0.0, -0.7853981852531433, 1.8654682636260986, 0.0, -0.7853981852531433, 1.8654682636260986, 0.0, -0.7853981852531433, 1.8654682636260986, 0.0, -0.7853981852531433, 1.8654682636260986] desired=[-0.06875000149011612, -0.737500011920929, 1.6825000047683716, 0.06875000149011612, -0.737500011920929, 1.6825000047683716, -0.8193420171737671, -0.862500011920929, 1.5575000047683716, 0.4166627526283264, -0.862500011920929, 1.7324069738388062] applied=[-0.06875000149011612, -0.737500011920929, 1.6825000047683716, 0.06875000149011612, -0.737500011920929, 1.6825000047683716, -0.8193420171737671, -0.862500011920929, 1.5575000047683716, 0.4166627526283264, -0.862500011920929, 1.7324069738388062] current=[-0.44149717688560486, -0.6662114858627319, 1.9013527631759644, 0.12744994461536407, -0.7097581028938293, 1.620365023612976, 0.007411340717226267, -0.6671825051307678, 1.7383867502212524, -1.0338717699050903, -0.9728013873100281, 1.5233083963394165]
[DIAG_INFER] step=251 policy_action_max=20.292200 applied_action_max=0.250000 obs_max=11.499402 history_nonzero_rows=15 position_clip=0 torque_clip=1 action=[15.514869689941406, 10.03104019165039, 16.361705780029297, 8.976871490478516, 3.0124714374542236, -13.865955352783203, -7.168304920196533, 3.5107603073120117, -10.48095703125, -4.028811454772949, -12.824697494506836, 20.292200088500977]
[DIAG_TARGET] step=251 target_error=0.000000000 default=[0.0, -0.7853981852531433, 1.8654682636260986, 0.0, -0.7853981852531433, 1.8654682636260986, 0.0, -0.7853981852531433, 1.8654682636260986, 0.0, -0.7853981852531433, 1.8654682636260986] desired=[-0.06875000149011612, -0.737500011920929, 1.6825000047683716, 0.13124999403953552, -0.737500011920929, 1.5575000047683716, -0.13124999403953552, -0.737500011920929, 1.5575000047683716, 1.5, -0.862500011920929, 1.6825000047683716] applied=[-0.06875000149011612, -0.737500011920929, 1.6825000047683716, 0.13124999403953552, -0.737500011920929, 1.5575000047683716, -0.13124999403953552, -0.737500011920929, 1.5575000047683716, 1.5, -0.862500011920929, 1.6825000047683716] current=[-0.3229311406612396, -0.6606176495552063, 1.897710919380188, 0.18834801018238068, -0.7354610562324524, 1.6566922664642334, -0.2169230729341507, -0.7546973824501038, 1.7225178480148315, -0.8024816513061523, -0.8751790523529053, 1.6027582883834839]
[DIAG_INFER] step=261 policy_action_max=14.641744 applied_action_max=0.250000 obs_max=20.292200 history_nonzero_rows=15 position_clip=0 torque_clip=3 action=[9.480996131896973, 5.363313674926758, 5.713037014007568, 8.573762893676758, -1.138896107673645, -12.031984329223633, -8.461494445800781, 3.311073064804077, -13.400063514709473, 4.973361968994141, -14.641743659973145, 13.998006820678711]
[DIAG_TARGET] step=261 target_error=0.000000000 default=[0.0, -0.7853981852531433, 1.8654682636260986, 0.0, -0.7853981852531433, 1.8654682636260986, 0.0, -0.7853981852531433, 1.8654682636260986, 0.0, -0.7853981852531433, 1.8654682636260986] desired=[-0.06875000149011612, -0.737500011920929, 1.6825000047683716, 0.13124999403953552, -0.862500011920929, 1.5575000047683716, 0.04272069036960602, -0.737500011920929, 1.5575000047683716, 1.5, -0.862500011920929, -0.9500081539154053] applied=[-0.06875000149011612, -0.737500011920929, 1.6825000047683716, 0.13124999403953552, -0.862500011920929, 1.5575000047683716, 0.04272069036960602, -0.737500011920929, 1.5575000047683716, 1.5, -0.862500011920929, -0.9500081539154053] current=[-0.1312425583600998, -0.6541218757629395, 1.8335280418395996, 0.2630663812160492, -0.7542865872383118, 1.6343793869018555, -0.22952468693256378, -0.7611534595489502, 1.6288048028945923, -0.005306864157319069, -0.8276127576828003, 1.6653337478637695]
[DIAG_INFER] step=271 policy_action_max=6.587306 applied_action_max=0.250000 obs_max=14.641744 history_nonzero_rows=15 position_clip=0 torque_clip=3 action=[4.015537738800049, 1.27568519115448, 3.2679476737976074, -4.119219779968262, -0.6900049448013306, -3.6864001750946045, -6.587305545806885, -1.3587027788162231, -3.5360660552978516, 1.2970941066741943, -5.7980637550354, 3.012141704559326]
[DIAG_TARGET] step=271 target_error=0.000000119 default=[0.0, -0.7853981852531433, 1.8654682636260986, 0.0, -0.7853981852531433, 1.8654682636260986, 0.0, -0.7853981852531433, 1.8654682636260986, 0.0, -0.7853981852531433, 1.8654682636260986] desired=[-0.06875000149011612, -0.737500011920929, 1.6825000047683716, 0.06875000149011612, -0.862500011920929, 1.5575000047683716, 0.5067697167396545, -0.862500011920929, 1.5575000047683716, 0.13124999403953552, -1.9905427694320679, -0.0899953842163086] applied=[-0.06875000149011612, -0.737500011920929, 1.6825000047683716, 0.06875000149011612, -0.862500011920929, 1.5575000047683716, 0.5067697167396545, -0.862500011920929, 1.5575000047683716, 0.13124999403953552, -1.9905428886413574, -0.0899953842163086] current=[-0.07729797810316086, -0.6815675497055054, 1.750715732574463, 0.4085468351840973, -0.7964959144592285, 1.6995184421539307, -0.12277732789516449, -0.7499083876609802, 1.592715859413147, 0.652466356754303, -0.7607972025871277, 1.25406813621521]
[DIAG_INFER] step=281 policy_action_max=5.225686 applied_action_max=0.250000 obs_max=6.587306 history_nonzero_rows=15 position_clip=0 torque_clip=4 action=[5.225686073303223, 1.2828017473220825, 1.6224592924118042, -2.229065179824829, -0.37712985277175903, -3.9442827701568604, -0.859032928943634, 3.8140056133270264, -3.274684429168701, 0.292447954416275, -2.6800293922424316, 1.3600834608078003]
[DIAG_TARGET] step=281 target_error=0.000000000 default=[0.0, -0.7853981852531433, 1.8654682636260986, 0.0, -0.7853981852531433, 1.8654682636260986, 0.0, -0.7853981852531433, 1.8654682636260986, 0.0, -0.7853981852531433, 1.8654682636260986] desired=[-0.06875000149011612, -0.737500011920929, 1.6825000047683716, 0.06875000149011612, -0.862500011920929, 1.5575000047683716, -0.13124999403953552, -0.8830275535583496, 1.4016985893249512, 0.13124999403953552, -1.4183388948440552, 1.6718207597732544] applied=[-0.06875000149011612, -0.737500011920929, 1.6825000047683716, 0.06875000149011612, -0.862500011920929, 1.5575000047683716, -0.13124999403953552, -0.8830275535583496, 1.4016985893249512, 0.13124999403953552, -1.4183388948440552, 1.6718207597732544] current=[-0.1336306780576706, -0.7210645079612732, 1.7131915092468262, 0.39266613125801086, -0.8224911093711853, 1.7082676887512207, -0.0623137392103672, -0.8011986613273621, 1.688989520072937, 0.583679735660553, -1.153334617614746, 0.7763579487800598]
[DIAG_INFER] step=291 policy_action_max=4.861325 applied_action_max=0.250000 obs_max=5.225686 history_nonzero_rows=15 position_clip=0 torque_clip=1 action=[4.861325263977051, -0.9622341394424438, 1.847322702407837, -1.8834065198898315, -0.7015831470489502, 0.18352901935577393, -2.6939873695373535, -0.6822247505187988, -1.6483912467956543, -1.3755415678024292, -0.14869725704193115, 1.073518991470337]
[DIAG_TARGET] step=291 target_error=0.000000000 default=[0.0, -0.7853981852531433, 1.8654682636260986, 0.0, -0.7853981852531433, 1.8654682636260986, 0.0, -0.7853981852531433, 1.8654682636260986, 0.0, -0.7853981852531433, 1.8654682636260986] desired=[-0.06875000149011612, -0.862500011920929, 1.6825000047683716, 0.06875000149011612, -0.862500011920929, 1.6658822298049927, -0.13124999403953552, -0.8716132044792175, 1.5575000047683716, 0.06875000149011612, -0.8371742963790894, 1.6825000047683716] applied=[-0.06875000149011612, -0.862500011920929, 1.6825000047683716, 0.06875000149011612, -0.862500011920929, 1.6658822298049927, -0.13124999403953552, -0.8716132044792175, 1.5575000047683716, 0.06875000149011612, -0.8371742963790894, 1.6825000047683716] current=[-0.13504362106323242, -0.7385711073875427, 1.7152531147003174, 0.3609629273414612, -0.826331377029419, 1.703465461730957, -0.10053649544715881, -0.8198850750923157, 1.7291107177734375, 0.26660487055778503, -1.5652247667312622, 1.1994467973709106]
[STAGE] video_encoding_start
[SUMMARY] {"task": "YoboGo-Velocity-Flat-v0", "mode": "smoke", "yobogo_walk_speed_m_s": 0.15, "rapid_walk_speed_m_s": 0.3, "adaptation_weight": "/run/media/pma213x/0C6A8CC86A8CAFCE/Ubuntu2/CodeU/Dog1/mini-cheetah-isaaclab/external_models/rapid-locomotion-rl/runs/rapid-locomotion/example/train/201852.132488/checkpoints/adaptation_module_latest.jit", "body_weight": "/run/media/pma213x/0C6A8CC86A8CAFCE/Ubuntu2/CodeU/Dog1/mini-cheetah-isaaclab/external_models/rapid-locomotion-rl/runs/rapid-locomotion/example/train/201852.132488/checkpoints/body_latest.jit", "completed_steps": 300, "inference_steps": 30, "expected_inference_steps": 30, "reset_count": 0, "safety_clip_count": 74, "position_clip_count": 0, "torque_clip_count": 74, "large_action_inference_count": 17, "official_clip_inference_count": 0, "max_abs_rapid_action": 0.25, "max_abs_policy_action": 21.751047134399414, "ood_guard_count": 340, "base_height_min_m": 0.2370966672897339, "max_abs_roll_deg": 17.722944239297508, "max_abs_pitch_deg": 10.182760660661431, "xy_displacement_m": 0.16366779804229736, "mean_measured_velocity_m_s": 0.272779663403829, "final_command": [0.15000000596046448, 0.0, 0.0], "terminated_steps": 0, "stability_errors": [], "interface_ok": true, "stable_walking": true, "video": null, "video_frames_written": 0}
[STAGE] event_loop_done
