[3gH    H    H    H    H    H    H    H    H    H    H    H    H    H    H    H    H    H    H    H   [INFO] Using python from: /home/pma213x/.venvs/minicheetah-isaaclab/bin/python
[INFO][AppLauncher]: Loading experience file: /home/pma213x/IsaacLab/apps/isaaclab.python.headless.kit
[Warning] [simulation_app.simulation_app] Modules: ['omni.kit_app'] were loaded before SimulationApp was started and might not be loaded correctly.
[Warning] [simulation_app.simulation_app] Please check to make sure no extra omniverse or pxr modules are imported before the call to SimulationApp(...)
Loading user config located at: '/home/pma213x/.venvs/minicheetah-isaaclab/lib/python3.10/site-packages/omni/data/Kit/Isaac-Sim/4.5/user.config.json'
[Info] [carb] Logging to file: /home/pma213x/.venvs/minicheetah-isaaclab/lib/python3.10/site-packages/omni/logs/Kit/Isaac-Sim/4.5/kit_20261008_210010.log
2026-10-08 13:00:10 [0ms] [Warning] [omni.kit.app.plugin] No crash reporter present, dumps uploading isn't available.
2026-10-08 13:00:10 [99ms] [Warning] [omni.usd_config.extension] Enable omni.materialx.libs extension to use MaterialX
2026-10-08 13:00:10 [411ms] [Warning] [omni.datastore] OmniHub is inaccessible
2026-10-08 13:00:10 [442ms] [Warning] [omni.isaac.dynamic_control] omni.isaac.dynamic_control is deprecated as of Isaac Sim 4.5. No action is needed from end-users.
Gym has been unmaintained since 2022 and does not support NumPy 2.0 amongst other critical functionality.
Please upgrade to Gymnasium, the maintained drop-in replacement of Gym, or contact the authors of your software and request that they upgrade.
See the migration guide at https://gymnasium.farama.org/introduction/migration_guide/ for additional information.
2026-10-08 13:00:12 [2,020ms] [Warning] [gpu.foundation.plugin] Skipping unsupported non-NVIDIA GPU: Intel(R) UHD Graphics (ADL-S GT0.5)
2026-10-08 13:00:12 [2,020ms] [Warning] [gpu.foundation.plugin] Skipping unsupported non-NVIDIA GPU: Intel(R) UHD Graphics (ADL-S GT0.5)

|---------------------------------------------------------------------------------------------|
| Driver Version: 580.178.04    | Graphics API: Vulkan
|=============================================================================================|
| GPU | Name                             | Active | LDA | GPU Memory | Vendor-ID | LUID       |
|     |                                  |        |     |            | Device-ID | UUID       |
|     |                                  |        |     |            | Bus-ID    |            |
|---------------------------------------------------------------------------------------------|
| 0   | NVIDIA GeForce RTX 4060 Laptop.. | Yes: 0 |     | 8188    MB | 10de      | 0          |
|     |                                  |        |     |            | 28e0      | 4d090564.. |
|     |                                  |        |     |            | 1         |            |
|---------------------------------------------------------------------------------------------|
| 1   | Intel(R) UHD Graphics (ADL-S G.. |        |     | 11374   MB | 8086      | 0          |
|     |                                  |        |     |            | 468b      | 86808b46.. |
|     |                                  |        |     |            | 0         |            |
|=============================================================================================|
| OS: 26.04.1 LTS (Resolute Raccoon) ubuntu, Version: 26.04.1, Kernel: 7.0.0-34-generic
| XServer Vendor: The X.Org Foundation, XServer Version: 12401010 (1.24.1.10)
| Processor: 13th Gen Intel(R) Core(TM) i5-13500HX
| Bare Metal Cores: 14 | Bare Metal Logical Cores: 28
| Available Cores:  20 
|---------------------------------------------------------------------------------------------|
| Total Memory (MB): 15166 | Free Memory: 7341
| Total Page/Swap (MB): 20479 | Free Page/Swap: 16460
|---------------------------------------------------------------------------------------------|
2026-10-08 13:00:12 [2,294ms] [Warning] [gpu.foundation.plugin] IOMMU is enabled.
2026-10-08 13:00:12 [2,295ms] [Warning] [gpu.foundation.plugin] Detected IOMMU is enabled. Running CUDA peer-to-peer bandwidth and latency validation.
Unidirectional P2P=Enabled Bandwidth (P2P Writes) Matrix (GB/s)
   D\D     0 
     0 219.98 
P2P=Enabled Latency (P2P Writes) Matrix (us)
   GPU     0 
     0   1.46 

   CPU     0 
     0   2.25 
[STAGE] config_start
[INFO]: Parsing configuration from: training.envs.velocity_flat_env_cfg:YoboGoVelocityFlatEnvCfg
[STAGE] config_done
[STAGE] environment_create_start
2026-10-08 13:00:12 [2,489ms] [Warning] [isaaclab.envs.manager_based_env] Seed not set for the environment. The environment creation may not be deterministic.
[INFO]: Base environment:
	Environment device    : cuda:0
	Environment seed      : None
	Physics step-size     : 0.0004
	Rendering step-size   : 0.002
	Environment step-size : 0.002
2026-10-08 13:00:12 [2,575ms] [Warning] [isaaclab.terrains.terrain_importer] Visual material specified for ground plane but no diffuse color found. Using default color: (0.0, 0.0, 0.0)
[INFO]: Time taken for scene creation : 3.388246 seconds
[INFO]: Scene manager:  <class InteractiveScene>
	Number of environments: 1
	Environment spacing   : 2.5
	Source prim name      : /World/envs/env_0
	Global prim paths     : ['/World/ground']
	Replicate physics     : True
[INFO]: Starting the simulation. This may take a few seconds. Please wait...
[INFO]: Time taken for simulation start : 0.423607 seconds
2026-10-08 13:00:16 [6,584ms] [Warning] [omni.usd] Warning: in GetNodeDiscoveryResults at line 136 of /builds/omniverse/usd-ci/USD/pxr/usd/usdShade/shaderDefUtils.cpp -- Unable to resolve info:sourceAsset </UsdPreviewSurface.info:mdl:sourceAsset> with value @UsdPreviewSurface.mdl@.

2026-10-08 13:00:16 [6,585ms] [Warning] [omni.usd] Warning: in GetNodeDiscoveryResults at line 136 of /builds/omniverse/usd-ci/USD/pxr/usd/usdShade/shaderDefUtils.cpp -- Unable to resolve info:sourceAsset </UsdUVTexture.info:mdl:sourceAsset> with value @UsdPreviewSurface.mdl@.

2026-10-08 13:00:16 [6,585ms] [Warning] [omni.usd] Warning: in GetNodeDiscoveryResults at line 136 of /builds/omniverse/usd-ci/USD/pxr/usd/usdShade/shaderDefUtils.cpp -- Unable to resolve info:sourceAsset </UsdPrimvarReader_float.info:mdl:sourceAsset> with value @UsdPreviewSurface.mdl@.

2026-10-08 13:00:16 [6,585ms] [Warning] [omni.usd] Warning: in GetNodeDiscoveryResults at line 136 of /builds/omniverse/usd-ci/USD/pxr/usd/usdShade/shaderDefUtils.cpp -- Unable to resolve info:sourceAsset </UsdPrimvarReader_float2.info:mdl:sourceAsset> with value @UsdPreviewSurface.mdl@.

2026-10-08 13:00:16 [6,585ms] [Warning] [omni.usd] Warning: in GetNodeDiscoveryResults at line 136 of /builds/omniverse/usd-ci/USD/pxr/usd/usdShade/shaderDefUtils.cpp -- Unable to resolve info:sourceAsset </UsdPrimvarReader_float3.info:mdl:sourceAsset> with value @UsdPreviewSurface.mdl@.

2026-10-08 13:00:16 [6,586ms] [Warning] [omni.usd] Warning: in GetNodeDiscoveryResults at line 136 of /builds/omniverse/usd-ci/USD/pxr/usd/usdShade/shaderDefUtils.cpp -- Unable to resolve info:sourceAsset </UsdPrimvarReader_float4.info:mdl:sourceAsset> with value @UsdPreviewSurface.mdl@.

2026-10-08 13:00:16 [6,586ms] [Warning] [omni.usd] Warning: in GetNodeDiscoveryResults at line 136 of /builds/omniverse/usd-ci/USD/pxr/usd/usdShade/shaderDefUtils.cpp -- Unable to resolve info:sourceAsset </UsdPrimvarReader_int.info:mdl:sourceAsset> with value @UsdPreviewSurface.mdl@.

2026-10-08 13:00:16 [6,586ms] [Warning] [omni.usd] Warning: in GetNodeDiscoveryResults at line 136 of /builds/omniverse/usd-ci/USD/pxr/usd/usdShade/shaderDefUtils.cpp -- Unable to resolve info:sourceAsset </UsdPrimvarReader_string.info:mdl:sourceAsset> with value @UsdPreviewSurface.mdl@.

2026-10-08 13:00:16 [6,586ms] [Warning] [omni.usd] Warning: in GetNodeDiscoveryResults at line 136 of /builds/omniverse/usd-ci/USD/pxr/usd/usdShade/shaderDefUtils.cpp -- Unable to resolve info:sourceAsset </UsdPrimvarReader_normal.info:mdl:sourceAsset> with value @UsdPreviewSurface.mdl@.

2026-10-08 13:00:16 [6,586ms] [Warning] [omni.usd] Warning: in GetNodeDiscoveryResults at line 136 of /builds/omniverse/usd-ci/USD/pxr/usd/usdShade/shaderDefUtils.cpp -- Unable to resolve info:sourceAsset </UsdPrimvarReader_point.info:mdl:sourceAsset> with value @UsdPreviewSurface.mdl@.

2026-10-08 13:00:16 [6,588ms] [Warning] [omni.usd] Warning: in GetNodeDiscoveryResults at line 136 of /builds/omniverse/usd-ci/USD/pxr/usd/usdShade/shaderDefUtils.cpp -- Unable to resolve info:sourceAsset </UsdPrimvarReader_vector.info:mdl:sourceAsset> with value @UsdPreviewSurface.mdl@.

2026-10-08 13:00:16 [6,588ms] [Warning] [omni.usd] Warning: in GetNodeDiscoveryResults at line 136 of /builds/omniverse/usd-ci/USD/pxr/usd/usdShade/shaderDefUtils.cpp -- Unable to resolve info:sourceAsset </UsdPrimvarReader_matrix.info:mdl:sourceAsset> with value @UsdPreviewSurface.mdl@.

2026-10-08 13:00:16 [6,588ms] [Warning] [omni.usd] Warning: in GetNodeDiscoveryResults at line 136 of /builds/omniverse/usd-ci/USD/pxr/usd/usdShade/shaderDefUtils.cpp -- Unable to resolve info:sourceAsset </UsdTransform2d.info:mdl:sourceAsset> with value @UsdPreviewSurface.mdl@.

[INFO] Command Manager:  <CommandManager> contains 1 active terms.
+------------------------------------------------+
|              Active Command Terms              |
+-------+---------------+------------------------+
| Index | Name          |          Type          |
+-------+---------------+------------------------+
|   0   | base_velocity | UniformVelocityCommand |
+-------+---------------+------------------------+

[INFO] Recorder Manager:  <RecorderManager> contains 0 active terms.
+---------------------+
| Active Recorder Terms |
+-----------+---------+
|   Index   | Name    |
+-----------+---------+
+-----------+---------+

[INFO] Action Manager:  <ActionManager> contains 1 active terms.
+------------------------------------+
|  Active Action Terms (shape: 12)   |
+--------+-------------+-------------+
| Index  | Name        |   Dimension |
+--------+-------------+-------------+
|   0    | joint_pos   |          12 |
+--------+-------------+-------------+

[INFO] Observation Manager: <ObservationManager> contains 1 groups.
+---------------------------------------------------------+
| Active Observation Terms in Group: 'policy' (shape: (48,)) |
+-----------+---------------------------------+-----------+
|   Index   | Name                            |   Shape   |
+-----------+---------------------------------+-----------+
|     0     | base_lin_vel                    |    (3,)   |
|     1     | base_ang_vel                    |    (3,)   |
|     2     | projected_gravity               |    (3,)   |
|     3     | velocity_commands               |    (3,)   |
|     4     | joint_pos                       |   (12,)   |
|     5     | joint_vel                       |   (12,)   |
|     6     | actions                         |   (12,)   |
+-----------+---------------------------------+-----------+

[INFO] Event Manager:  <EventManager> contains 3 active terms.
+--------------------------------------+
| Active Event Terms in Mode: 'startup' |
+----------+---------------------------+
|  Index   | Name                      |
+----------+---------------------------+
|    0     | physics_material          |
+----------+---------------------------+
+---------------------------------------+
|  Active Event Terms in Mode: 'reset'  |
+--------+------------------------------+
| Index  | Name                         |
+--------+------------------------------+
|   0    | base_external_force_torque   |
|   1    | reset_base                   |
|   2    | reset_robot_joints           |
+--------+------------------------------+
+----------------------------------------------+
|    Active Event Terms in Mode: 'interval'    |
+-------+------------+-------------------------+
| Index | Name       | Interval time range (s) |
+-------+------------+-------------------------+
|   0   | push_robot |       (10.0, 15.0)      |
+-------+------------+-------------------------+

[INFO] Termination Manager:  <TerminationManager> contains 2 active terms.
+---------------------------------+
|     Active Termination Terms    |
+-------+--------------+----------+
| Index | Name         | Time Out |
+-------+--------------+----------+
|   0   | time_out     |   True   |
|   1   | base_contact |  False   |
+-------+--------------+----------+

[INFO] Reward Manager:  <RewardManager> contains 11 active terms.
+-----------------------------------------+
|           Active Reward Terms           |
+-------+----------------------+----------+
| Index | Name                 |   Weight |
+-------+----------------------+----------+
|   0   | track_lin_vel_xy_exp |      1.0 |
|   1   | track_ang_vel_z_exp  |      0.5 |
|   2   | lin_vel_z_l2         |     -2.0 |
|   3   | ang_vel_xy_l2        |    -0.05 |
|   4   | dof_torques_l2       | -2.5e-05 |
|   5   | dof_acc_l2           | -2.5e-07 |
|   6   | action_rate_l2       |    -0.01 |
|   7   | feet_air_time        |      0.5 |
|   8   | undesired_contacts   |     -1.0 |
|   9   | flat_orientation_l2  |     -5.0 |
|   10  | dof_pos_limits       |      0.0 |
+-------+----------------------+----------+

[INFO] Curriculum Manager:  <CurriculumManager> contains 0 active terms.
+----------------------+
| Active Curriculum Terms |
+-----------+----------+
|   Index   | Name     |
+-----------+----------+
+-----------+----------+

[INFO]: Completed setting up the environment...
[STAGE] environment_create_done
[STAGE] policy_adapter_setup_start
[STAGE] policy_adapter_setup_done
[INFO] task=YoboGo-Velocity-Flat-v0
[INFO] weights_adaptation=/run/media/pma213x/0C6A8CC86A8CAFCE/Ubuntu2/CodeU/Dog1/mini-cheetah-isaaclab/external_models/rapid-locomotion-rl/runs/rapid-locomotion/example/train/201852.132488/checkpoints/adaptation_module_latest.jit
[INFO] weights_body=/run/media/pma213x/0C6A8CC86A8CAFCE/Ubuntu2/CodeU/Dog1/mini-cheetah-isaaclab/external_models/rapid-locomotion-rl/runs/rapid-locomotion/example/train/201852.132488/checkpoints/body_latest.jit
[INFO] yobogo_observation_dim=48 rapid_observation_dim=42
[INFO] history_dim=630 action_dim=12
[INFO] inference_period=10 control_period_s=0.002 inference_hz=50
[INFO] rapid_replay_actuator_kp=20 kd=0.5 effort=18/18/26
[INFO] yobogo_command=[0.5, 0.0, 0.0] rapid_command=[0.6, 0.0, 0.0]
[INFO] model_dummy_action_shape=(1, 12)
[INFO] model_dummy_latent_shape=(1, 18)
[STAGE] event_loop_start
[DIAG_INFER] step=1 policy_action_max=1.340681 applied_action_max=0.250000 obs_max=1.000000 history_nonzero_rows=0 position_clip=0 torque_clip=0 action=[-0.15139412879943848, 0.4669410288333893, -0.17371895909309387, -0.16794537007808685, 0.7369128465652466, 0.490017294883728, 0.21037989854812622, -1.3406814336776733, 0.769524335861206, 0.09633634239435196, -0.7907272577285767, -0.8274957537651062]
[DIAG_TARGET] step=1 target_error=0.000000000 default=[0.0, -0.7853981852531433, 1.8654682636260986, 0.0, -0.7853981852531433, 1.8654682636260986, 0.0, -0.7853981852531433, 1.8654682636260986, 0.0, -0.7853981852531433, 1.8654682636260986] desired=[-0.11892426759004593, -0.737500011920929, 1.5765702724456787, 0.07900682836771011, -0.737500011920929, 1.6825000047683716, -0.07370251417160034, -0.862500011920929, 1.6825000047683716, 0.11204204708337784, -0.862500011920929, 1.5575000047683716] applied=[-0.11892426759004593, -0.737500011920929, 1.5765702724456787, 0.07900682836771011, -0.737500011920929, 1.6825000047683716, -0.07370251417160034, -0.862500011920929, 1.6825000047683716, 0.11204204708337784, -0.862500011920929, 1.5575000047683716] current=[-0.0015034775715321302, -0.7838911414146423, 1.8603888750076294, 0.0005673657287843525, -0.7844209671020508, 1.8615342378616333, -0.0007881178753450513, -0.7852824330329895, 1.860052466392517, 0.000711253727786243, -0.7847927808761597, 1.8601950407028198]
[STAGE] first_step_done
[DIAG_INFER] step=11 policy_action_max=5.761608 applied_action_max=0.250000 obs_max=2.845546 history_nonzero_rows=1 position_clip=0 torque_clip=3 action=[5.761607646942139, 1.5833908319473267, 1.8368074893951416, -1.6691828966140747, 0.9439646005630493, -0.31564581394195557, -4.962953090667725, -1.2094676494598389, -4.985426425933838, -4.471894264221191, -2.3338723182678223, 0.8694988489151001]
[DIAG_TARGET] step=11 target_error=0.000000000 default=[0.0, -0.7853981852531433, 1.8654682636260986, 0.0, -0.7853981852531433, 1.8654682636260986, 0.0, -0.7853981852531433, 1.8654682636260986, 0.0, -0.7853981852531433, 1.8654682636260986] desired=[-0.06875000149011612, -0.737500011920929, 1.6825000047683716, 0.06875000149011612, -0.737500011920929, 1.5575000047683716, -0.13124999403953552, -0.862500011920929, 1.5575000047683716, -0.0341719388961792, 0.38828402757644653, 0.06000947952270508] applied=[-0.06875000149011612, -0.737500011920929, 1.6825000047683716, 0.06875000149011612, -0.737500011920929, 1.5575000047683716, -0.13124999403953552, -0.862500011920929, 1.5575000047683716, -0.0341719388961792, 0.38828402757644653, 0.06000947952270508] current=[-0.02714351750910282, -0.7407708764076233, 1.7997514009475708, 0.004365000873804092, -0.7529908418655396, 1.821198582649231, -0.033411432057619095, -0.7915099263191223, 1.7938297986984253, 0.010768474079668522, -0.7697399258613586, 1.8114662170410156]
[DIAG_INFER] step=21 policy_action_max=10.198603 applied_action_max=0.250000 obs_max=5.761608 history_nonzero_rows=2 position_clip=0 torque_clip=2 action=[7.889848709106445, -0.8816767930984497, 2.974616050720215, -1.5195759534835815, 1.7725071907043457, 0.762265682220459, -7.875014305114746, -0.2551112174987793, -3.2094409465789795, -10.198602676391602, -3.496290683746338, 0.6001421213150024]
[DIAG_TARGET] step=21 target_error=0.000000000 default=[0.0, -0.7853981852531433, 1.8654682636260986, 0.0, -0.7853981852531433, 1.8654682636260986, 0.0, -0.7853981852531433, 1.8654682636260986, 0.0, -0.7853981852531433, 1.8654682636260986] desired=[-0.06875000149011612, -0.862500011920929, 1.6825000047683716, 0.06875000149011612, -0.737500011920929, 1.6825000047683716, -0.13124999403953552, -0.862500011920929, 1.5575000047683716, -1.5, 0.04226875305175781, 1.6825000047683716] applied=[-0.06875000149011612, -0.862500011920929, 1.6825000047683716, 0.06875000149011612, -0.737500011920929, 1.6825000047683716, -0.13124999403953552, -0.862500011920929, 1.5575000047683716, -1.5, 0.04226875305175781, 1.6825000047683716] current=[-0.09373190253973007, -0.7016775012016296, 1.763546347618103, -0.059965845197439194, -0.69014972448349, 1.7639966011047363, -0.08496943861246109, -0.7696995139122009, 1.7049181461334229, -0.06835523247718811, -0.669524073600769, 1.6987669467926025]
[DIAG_INFER] step=31 policy_action_max=6.913736 applied_action_max=0.250000 obs_max=10.198603 history_nonzero_rows=3 position_clip=0 torque_clip=5 action=[0.8920387029647827, -1.8672889471054077, 0.06869044899940491, -6.913735866546631, 1.4337339401245117, 1.4394160509109497, 0.551575779914856, -4.144273281097412, 2.7969002723693848, -1.6701418161392212, -0.42646512389183044, -0.21453163027763367]
[DIAG_TARGET] step=31 target_error=0.000000000 default=[0.0, -0.7853981852531433, 1.8654682636260986, 0.0, -0.7853981852531433, 1.8654682636260986, 0.0, -0.7853981852531433, 1.8654682636260986, 0.0, -0.7853981852531433, 1.8654682636260986] desired=[-0.06875000149011612, -0.862500011920929, 1.6371725797653198, 0.06875000149011612, -0.737500011920929, 1.6825000047683716, -0.5242399573326111, -0.8303892612457275, 1.6825000047683716, -0.44214075803756714, -1.2394464015960693, 2.700000047683716] applied=[-0.06875000149011612, -0.862500011920929, 1.6371725797653198, 0.06875000149011612, -0.737500011920929, 1.6825000047683716, -0.5242399573326111, -0.8303892612457275, 1.6825000047683716, -0.44214075803756714, -1.2394464015960693, 2.700000047683716] current=[-0.1711106151342392, -0.7203846573829651, 1.7992440462112427, -0.06263096630573273, -0.6742163300514221, 1.715042233467102, -0.1424788385629654, -0.7905248999595642, 1.6280152797698975, -0.6417780518531799, -0.3621421158313751, 1.6906863451004028]
[DIAG_INFER] step=41 policy_action_max=5.064572 applied_action_max=0.250000 obs_max=6.913736 history_nonzero_rows=4 position_clip=0 torque_clip=2 action=[5.034673690795898, 2.4998092651367188, 0.010347843170166016, -3.053467035293579, -0.23421962559223175, -1.9287078380584717, 0.5720890164375305, -1.4981820583343506, 2.2859508991241455, 5.064572334289551, -2.438183546066284, -0.04416511952877045]
[DIAG_TARGET] step=41 target_error=0.000000000 default=[0.0, -0.7853981852531433, 1.8654682636260986, 0.0, -0.7853981852531433, 1.8654682636260986, 0.0, -0.7853981852531433, 1.8654682636260986, 0.0, -0.7853981852531433, 1.8654682636260986] desired=[-0.06875000149011612, -0.737500011920929, 1.622586965560913, 0.06875000149011612, -0.8585548996925354, 1.5575000047683716, -0.06875000149011612, -0.862500011920929, 1.6825000047683716, 0.37060433626174927, -1.0655364990234375, 1.6089587211608887] applied=[-0.06875000149011612, -0.737500011920929, 1.622586965560913, 0.06875000149011612, -0.8585548996925354, 1.5575000047683716, -0.06875000149011612, -0.862500011920929, 1.6825000047683716, 0.37060433626174927, -1.0655364990234375, 1.6089587211608887] current=[-0.13645416498184204, -0.7458825707435608, 1.8084251880645752, 0.08387941122055054, -0.7212291359901428, 1.6939895153045654, -0.2320808619260788, -0.8357118964195251, 1.6472276449203491, -0.8102825880050659, -0.5852949619293213, 2.170321464538574]
[DIAG_INFER] step=51 policy_action_max=7.466100 applied_action_max=0.250000 obs_max=5.064572 history_nonzero_rows=5 position_clip=0 torque_clip=3 action=[7.466099739074707, 4.05138635635376, 3.1220614910125732, 2.022538900375366, 3.7999351024627686, -5.86566162109375, -2.2893917560577393, 2.627814769744873, -5.062297821044922, -0.7722581624984741, -4.854613304138184, 5.132668495178223]
[DIAG_TARGET] step=51 target_error=0.000000000 default=[0.0, -0.7853981852531433, 1.8654682636260986, 0.0, -0.7853981852531433, 1.8654682636260986, 0.0, -0.7853981852531433, 1.8654682636260986, 0.0, -0.7853981852531433, 1.8654682636260986] desired=[-0.06875000149011612, -0.737500011920929, 1.6825000047683716, 0.13124999403953552, -0.737500011920929, 1.5575000047683716, -0.13124999403953552, -0.737500011920929, 1.5575000047683716, 1.0953173637390137, -0.19652032852172852, 1.0771464109420776] applied=[-0.06875000149011612, -0.737500011920929, 1.6825000047683716, 0.13124999403953552, -0.737500011920929, 1.5575000047683716, -0.13124999403953552, -0.737500011920929, 1.5575000047683716, 1.0953173637390137, -0.19652032852172852, 1.0771464109420776] current=[-0.06895489245653152, -0.7171656489372253, 1.7670161724090576, 0.1704811304807663, -0.7960038185119629, 1.6222580671310425, -0.1763913333415985, -0.8658773303031921, 1.662481665611267, -0.2214645892381668, -0.8550187945365906, 1.799527883529663]
[DIAG_INFER] step=61 policy_action_max=5.067142 applied_action_max=0.250000 obs_max=7.466100 history_nonzero_rows=6 position_clip=0 torque_clip=3 action=[3.0151658058166504, 0.22342148423194885, 2.584947347640991, -1.0531491041183472, 0.7360049486160278, -0.6649180054664612, -3.5788965225219727, -2.5980584621429443, -0.4954209327697754, -5.067142486572266, -2.360016107559204, 0.10488094389438629]
[DIAG_TARGET] step=61 target_error=0.000000000 default=[0.0, -0.7853981852531433, 1.8654682636260986, 0.0, -0.7853981852531433, 1.8654682636260986, 0.0, -0.7853981852531433, 1.8654682636260986, 0.0, -0.7853981852531433, 1.8654682636260986] desired=[-0.06875000149011612, -0.7441446185112, 1.6825000047683716, 0.06875000149011612, -0.737500011920929, 1.5575000047683716, 0.28031349182128906, -0.862500011920929, 1.5575000047683716, -0.9559821486473083, -0.862500011920929, 1.38905930519104] applied=[-0.06875000149011612, -0.7441446185112, 1.6825000047683716, 0.06875000149011612, -0.737500011920929, 1.5575000047683716, 0.28031349182128906, -0.862500011920929, 1.5575000047683716, -0.9559821486473083, -0.862500011920929, 1.38905930519104] current=[-0.06465022265911102, -0.7077733874320984, 1.7256041765213013, 0.19578716158866882, -0.810346782207489, 1.644371509552002, -0.14411821961402893, -0.815077543258667, 1.599851131439209, 0.48765769600868225, -0.6057320237159729, 1.3607443571090698]
[DIAG_INFER] step=71 policy_action_max=15.298284 applied_action_max=0.250000 obs_max=6.880469 history_nonzero_rows=7 position_clip=0 torque_clip=2 action=[-3.235564947128296, 4.324176788330078, 3.9952237606048584, -10.945246696472168, 3.675187110900879, -0.0625004842877388, -2.1300876140594482, -15.298283576965332, 5.579824924468994, -12.954340934753418, -3.442307710647583, -4.315107822418213]
[DIAG_TARGET] step=71 target_error=0.000000000 default=[0.0, -0.7853981852531433, 1.8654682636260986, 0.0, -0.7853981852531433, 1.8654682636260986, 0.0, -0.7853981852531433, 1.8654682636260986, 0.0, -0.7853981852531433, 1.8654682636260986] desired=[-0.13124999403953552, -0.737500011920929, 1.6825000047683716, 0.06875000149011612, -0.737500011920929, 1.604374885559082, -0.13124999403953552, -0.862500011920929, 1.6825000047683716, -1.5, -0.862500011920929, 2.700000047683716] applied=[-0.13124999403953552, -0.737500011920929, 1.6825000047683716, 0.06875000149011612, -0.737500011920929, 1.604374885559082, -0.13124999403953552, -0.862500011920929, 1.6825000047683716, -1.5, -0.862500011920929, 2.700000047683716] current=[-0.18045096099376678, -0.7173009514808655, 1.7514032125473022, 0.09080014377832413, -0.775689959526062, 1.6781673431396484, -0.05987017601728439, -0.8127527236938477, 1.5881547927856445, 0.29411473870277405, -0.6157011389732361, 1.4518682956695557]
[DIAG_INFER] step=81 policy_action_max=16.551340 applied_action_max=0.250000 obs_max=15.298284 history_nonzero_rows=8 position_clip=0 torque_clip=4 action=[-6.04644775390625, 5.828548431396484, 2.4180479049682617, -15.978254318237305, 6.421043872833252, -0.07239533215761185, 3.5717010498046875, -16.551340103149414, 6.61499547958374, -11.55897331237793, -5.530863285064697, -4.6184611320495605]
[DIAG_TARGET] step=81 target_error=0.000000000 default=[0.0, -0.7853981852531433, 1.8654682636260986, 0.0, -0.7853981852531433, 1.8654682636260986, 0.0, -0.7853981852531433, 1.8654682636260986, 0.0, -0.7853981852531433, 1.8654682636260986] desired=[-0.13124999403953552, -0.737500011920929, 1.6825000047683716, 0.06875000149011612, -0.737500011920929, 1.6019011735916138, -0.5684280395507812, -0.862500011920929, 1.6825000047683716, -1.5, -0.858881413936615, 2.700000047683716] applied=[-0.13124999403953552, -0.737500011920929, 1.6825000047683716, 0.06875000149011612, -0.737500011920929, 1.6019011735916138, -0.5684280395507812, -0.862500011920929, 1.6825000047683716, -1.5, -0.858881413936615, 2.700000047683716] current=[-0.30263423919677734, -0.7073314189910889, 1.81961190700531, 0.04132803529500961, -0.7397159337997437, 1.6392964124679565, -0.0233809482306242, -0.8252388834953308, 1.6337255239486694, -0.5254896879196167, -0.7636733651161194, 1.984413981437683]
[DIAG_INFER] step=91 policy_action_max=19.152210 applied_action_max=0.250000 obs_max=16.551340 history_nonzero_rows=9 position_clip=0 torque_clip=2 action=[2.0765247344970703, 8.585960388183594, 1.5911750793457031, -19.152210235595703, 3.436094284057617, 4.990983963012695, 4.928902626037598, -13.041542053222656, 4.9788818359375, 3.2552871704101562, -2.556168794631958, -1.826866865158081]
[DIAG_TARGET] step=91 target_error=0.000000000 default=[0.0, -0.7853981852531433, 1.8654682636260986, 0.0, -0.7853981852531433, 1.8654682636260986, 0.0, -0.7853981852531433, 1.8654682636260986, 0.0, -0.7853981852531433, 1.8654682636260986] desired=[-0.06875000149011612, -0.737500011920929, 1.6825000047683716, 0.06875000149011612, -0.737500011920929, 1.6825000047683716, -0.8541228771209717, -0.862500011920929, 1.6825000047683716, 0.13124999403953552, -0.862500011920929, 2.700000047683716] applied=[-0.06875000149011612, -0.737500011920929, 1.6825000047683716, 0.06875000149011612, -0.737500011920929, 1.6825000047683716, -0.8541228771209717, -0.862500011920929, 1.6825000047683716, 0.13124999403953552, -0.862500011920929, 2.700000047683716] current=[-0.35181161761283875, -0.6886434555053711, 1.8740792274475098, 0.1014757826924324, -0.7451780438423157, 1.622092843055725, -0.21348829567432404, -0.8353067636489868, 1.6525825262069702, -1.1870620250701904, -0.7696906924247742, 2.357541084289551]
[DIAG_INFER] step=101 policy_action_max=21.544586 applied_action_max=0.250000 obs_max=19.152210 history_nonzero_rows=10 position_clip=0 torque_clip=1 action=[21.544586181640625, 8.441678047180176, 8.279680252075195, -7.859174728393555, 2.7010796070098877, -7.579199314117432, -4.529306888580322, -5.923303127288818, -2.20479679107666, 7.252170562744141, -5.418808460235596, 4.110449314117432]
[DIAG_TARGET] step=101 target_error=0.000000000 default=[0.0, -0.7853981852531433, 1.8654682636260986, 0.0, -0.7853981852531433, 1.8654682636260986, 0.0, -0.7853981852531433, 1.8654682636260986, 0.0, -0.7853981852531433, 1.8654682636260986] desired=[-0.06875000149011612, -0.737500011920929, 1.6825000047683716, 0.06875000149011612, -0.737500011920929, 1.5575000047683716, -0.13124999403953552, -0.862500011920929, 1.5575000047683716, 1.5, -0.862500011920929, 1.6825000047683716] applied=[-0.06875000149011612, -0.737500011920929, 1.6825000047683716, 0.06875000149011612, -0.737500011920929, 1.5575000047683716, -0.13124999403953552, -0.862500011920929, 1.5575000047683716, 1.5, -0.862500011920929, 1.6825000047683716] current=[-0.2677639126777649, -0.6937234997749329, 1.897390365600586, 0.21513627469539642, -0.7688199281692505, 1.696537733078003, -0.46811601519584656, -0.8432337045669556, 1.6484118700027466, -0.7848305702209473, -0.7584166526794434, 2.49241042137146]
[DIAG_INFER] step=111 policy_action_max=15.074402 applied_action_max=0.250000 obs_max=21.544586 history_nonzero_rows=11 position_clip=0 torque_clip=2 action=[12.042154312133789, 7.349860668182373, 11.620144844055176, 6.468297958374023, 1.8336793184280396, -10.577975273132324, -1.1083810329437256, 1.2710398435592651, -6.346712589263916, -0.8595796823501587, -14.218727111816406, 15.07440185546875]
[DIAG_TARGET] step=111 target_error=0.000000000 default=[0.0, -0.7853981852531433, 1.8654682636260986, 0.0, -0.7853981852531433, 1.8654682636260986, 0.0, -0.7853981852531433, 1.8654682636260986, 0.0, -0.7853981852531433, 1.8654682636260986] desired=[-0.06875000149011612, -0.737500011920929, 1.6825000047683716, 0.13124999403953552, -0.737500011920929, 1.5575000047683716, 0.07779735326766968, -0.737500011920929, 1.5575000047683716, 1.5, -0.862500011920929, 1.6825000047683716] applied=[-0.06875000149011612, -0.737500011920929, 1.6825000047683716, 0.13124999403953552, -0.737500011920929, 1.5575000047683716, 0.07779735326766968, -0.737500011920929, 1.5575000047683716, 1.5, -0.862500011920929, 1.6825000047683716] current=[-0.12974709272384644, -0.7073342800140381, 1.8913520574569702, 0.3840290904045105, -0.8156346678733826, 1.8316391706466675, -0.41482678055763245, -0.8569191098213196, 1.6012909412384033, 0.03505895286798477, -0.7496342658996582, 2.0144824981689453]
[DIAG_INFER] step=121 policy_action_max=4.381279 applied_action_max=0.250000 obs_max=15.074402 history_nonzero_rows=12 position_clip=0 torque_clip=2 action=[3.572141170501709, -0.20745286345481873, 4.3812785148620605, -3.3554656505584717, 1.2431970834732056, -2.874744176864624, -4.1797261238098145, -2.236297369003296, -3.382148265838623, -3.2614073753356934, -4.128054141998291, 2.035349130630493]
[DIAG_TARGET] step=121 target_error=0.000000000 default=[0.0, -0.7853981852531433, 1.8654682636260986, 0.0, -0.7853981852531433, 1.8654682636260986, 0.0, -0.7853981852531433, 1.8654682636260986, 0.0, -0.7853981852531433, 1.8654682636260986] desired=[-0.06875000149011612, -0.8518632054328918, 1.6825000047683716, 0.06875000149011612, -0.737500011920929, 1.5575000047683716, 0.6605956554412842, -0.862500011920929, 1.5575000047683716, -0.027419745922088623, -0.862500011920929, 1.6825000047683716] applied=[-0.06875000149011612, -0.8518632054328918, 1.6825000047683716, 0.06875000149011612, -0.737500011920929, 1.5575000047683716, 0.6605956554412842, -0.862500011920929, 1.5575000047683716, -0.027419745922088623, -0.862500011920929, 1.6825000047683716] current=[-0.08295950293540955, -0.7165319919586182, 1.862486720085144, 0.48829033970832825, -0.8586044907569885, 1.9381266832351685, -0.2076742798089981, -0.8225995302200317, 1.574824333190918, 0.7924033403396606, -0.7502050995826721, 1.782724380493164]
[DIAG_INFER] step=131 policy_action_max=13.665100 applied_action_max=0.250000 obs_max=9.115272 history_nonzero_rows=13 position_clip=0 torque_clip=3 action=[1.6346575021743774, 1.648459553718567, 4.152787208557129, -10.12929630279541, -2.0611765384674072, -0.1918870210647583, -8.331036567687988, -13.265677452087402, 2.968764305114746, -13.66510009765625, -3.443610668182373, -4.228026866912842]
[DIAG_TARGET] step=131 target_error=0.000000000 default=[0.0, -0.7853981852531433, 1.8654682636260986, 0.0, -0.7853981852531433, 1.8654682636260986, 0.0, -0.7853981852531433, 1.8654682636260986, 0.0, -0.7853981852531433, 1.8654682636260986] desired=[-0.06875000149011612, -0.737500011920929, 1.6825000047683716, 0.06875000149011612, -0.862500011920929, 1.5720282793045044, -0.13124999403953552, -0.862500011920929, 1.6825000047683716, -1.5, -1.2413394451141357, 1.7159775495529175] applied=[-0.06875000149011612, -0.737500011920929, 1.6825000047683716, 0.06875000149011612, -0.862500011920929, 1.5720282793045044, -0.13124999403953552, -0.862500011920929, 1.6825000047683716, -1.5, -1.2413394451141357, 1.7159775495529175] current=[-0.22648106515407562, -0.7425537705421448, 1.8785229921340942, 0.35446739196777344, -0.8582256436347961, 1.9713611602783203, 0.08467325568199158, -0.8317883014678955, 1.6282790899276733, 0.6275864839553833, -0.8194732666015625, 1.7379320859909058]
[DIAG_INFER] step=141 policy_action_max=9.251735 applied_action_max=0.250000 obs_max=13.665100 history_nonzero_rows=14 position_clip=0 torque_clip=2 action=[-2.1938657760620117, 2.9901680946350098, 0.9138839244842529, -6.597195625305176, 3.6241533756256104, -2.120370626449585, -4.72579288482666, -7.401464939117432, 1.1227097511291504, -9.251734733581543, -3.514597177505493, -2.054257392883301]
[DIAG_TARGET] step=141 target_error=0.000000000 default=[0.0, -0.7853981852531433, 1.8654682636260986, 0.0, -0.7853981852531433, 1.8654682636260986, 0.0, -0.7853981852531433, 1.8654682636260986, 0.0, -0.7853981852531433, 1.8654682636260986] desired=[-0.13124999403953552, -0.737500011920929, 1.6825000047683716, 0.06875000149011612, -0.737500011920929, 1.5575000047683716, -0.22597314417362213, -0.862500011920929, 1.6825000047683716, -1.5, -0.862500011920929, 1.5575000047683716] applied=[-0.13124999403953552, -0.737500011920929, 1.6825000047683716, 0.06875000149011612, -0.737500011920929, 1.5575000047683716, -0.22597314417362213, -0.862500011920929, 1.6825000047683716, -1.5, -0.862500011920929, 1.5575000047683716] current=[-0.4108841121196747, -0.7605904936790466, 1.9053312540054321, 0.17812182009220123, -0.8515776991844177, 1.9501746892929077, -0.04726443439722061, -0.8977794647216797, 1.7440752983093262, -0.1830814629793167, -1.0072851181030273, 1.6904069185256958]
[DIAG_INFER] step=151 policy_action_max=7.218801 applied_action_max=0.250000 obs_max=9.251735 history_nonzero_rows=15 position_clip=0 torque_clip=3 action=[4.5473432540893555, 4.892718315124512, 6.0063395500183105, -2.324599027633667, 2.5816662311553955, -4.372625350952148, -2.831615686416626, -2.2551233768463135, -4.3975982666015625, -3.7107763290405273, -1.7923550605773926, 7.218801021575928]
[DIAG_TARGET] step=151 target_error=0.000000000 default=[0.0, -0.7853981852531433, 1.8654682636260986, 0.0, -0.7853981852531433, 1.8654682636260986, 0.0, -0.7853981852531433, 1.8654682636260986, 0.0, -0.7853981852531433, 1.8654682636260986] desired=[-0.06875000149011612, -0.737500011920929, 1.6825000047683716, 0.06875000149011612, -0.737500011920929, 1.5575000047683716, -0.7060508728027344, -0.862500011920929, 1.5575000047683716, 0.564509928226471, -0.6106234788894653, 1.6825000047683716] applied=[-0.06875000149011612, -0.737500011920929, 1.6825000047683716, 0.06875000149011612, -0.737500011920929, 1.5575000047683716, -0.7060508728027344, -0.862500011920929, 1.5575000047683716, 0.564509928226471, -0.6106234788894653, 1.6825000047683716] current=[-0.4397464990615845, -0.7473039627075195, 1.9029778242111206, 0.14662997424602509, -0.8673160076141357, 1.9424538612365723, -0.11419369280338287, -0.925133466720581, 1.7954446077346802, -0.8910742402076721, -0.9588348865509033, 1.592041015625]
[DIAG_INFER] step=161 policy_action_max=18.781502 applied_action_max=0.250000 obs_max=7.218801 history_nonzero_rows=15 position_clip=0 torque_clip=2 action=[7.683165550231934, 9.470788955688477, 10.994697570800781, 8.044116020202637, 0.3284391164779663, -9.999061584472656, -3.705068826675415, 2.3673739433288574, -9.82822036743164, -1.396431803703308, -13.724681854248047, 18.78150177001953]
[DIAG_TARGET] step=161 target_error=0.000000000 default=[0.0, -0.7853981852531433, 1.8654682636260986, 0.0, -0.7853981852531433, 1.8654682636260986, 0.0, -0.7853981852531433, 1.8654682636260986, 0.0, -0.7853981852531433, 1.8654682636260986] desired=[-0.06875000149011612, -0.737500011920929, 1.6825000047683716, 0.13124999403953552, -0.737500011920929, 1.5575000047683716, -0.13124999403953552, -0.737500011920929, 1.5575000047683716, 1.5, -0.862500011920929, 1.0009050369262695] applied=[-0.06875000149011612, -0.737500011920929, 1.6825000047683716, 0.13124999403953552, -0.737500011920929, 1.5575000047683716, -0.13124999403953552, -0.737500011920929, 1.5575000047683716, 1.5, -0.862500011920929, 1.0009050369262695] current=[-0.31982624530792236, -0.7326614260673523, 1.8695590496063232, 0.2574389576911926, -0.8963686227798462, 1.960644006729126, -0.26646652817726135, -0.8932335376739502, 1.695872187614441, -0.8175650238990784, -0.7882493734359741, 1.6250423192977905]
[DIAG_INFER] step=171 policy_action_max=17.487898 applied_action_max=0.250000 obs_max=18.781502 history_nonzero_rows=15 position_clip=0 torque_clip=3 action=[7.933556079864502, 4.229785442352295, 3.2868688106536865, 2.375520944595337, -0.4460970163345337, -9.916462898254395, -9.83535099029541, 3.1100857257843018, -17.487897872924805, 9.498394012451172, -11.801155090332031, 12.807659149169922]
[DIAG_TARGET] step=171 target_error=0.000000000 default=[0.0, -0.7853981852531433, 1.8654682636260986, 0.0, -0.7853981852531433, 1.8654682636260986, 0.0, -0.7853981852531433, 1.8654682636260986, 0.0, -0.7853981852531433, 1.8654682636260986] desired=[-0.06875000149011612, -0.737500011920929, 1.6825000047683716, 0.13124999403953552, -0.862500011920929, 1.5575000047683716, -0.13124999403953552, -0.737500011920929, 1.5575000047683716, 1.5, -0.7304731607437134, -1.6777594089508057] applied=[-0.06875000149011612, -0.737500011920929, 1.6825000047683716, 0.13124999403953552, -0.862500011920929, 1.5575000047683716, -0.13124999403953552, -0.737500011920929, 1.5575000047683716, 1.5, -0.7304731607437134, -1.6777594089508057] current=[-0.139691561460495, -0.702894389629364, 1.7853162288665771, 0.4419841170310974, -0.9125162363052368, 1.973161220550537, -0.22948643565177917, -0.7971107363700867, 1.612822413444519, -0.6943410038948059, -0.8281328082084656, 1.706693172454834]
[DIAG_INFER] step=181 policy_action_max=5.748625 applied_action_max=0.250000 obs_max=17.487898 history_nonzero_rows=15 position_clip=0 torque_clip=1 action=[5.748624801635742, 0.09757867455482483, 3.419983386993408, -5.727608680725098, -0.96750807762146, -3.24792742729187, -5.566327095031738, -0.8267000913619995, -5.416077136993408, 2.920762062072754, -4.068670272827148, 3.6248779296875]
[DIAG_TARGET] step=181 target_error=0.000000000 default=[0.0, -0.7853981852531433, 1.8654682636260986, 0.0, -0.7853981852531433, 1.8654682636260986, 0.0, -0.7853981852531433, 1.8654682636260986, 0.0, -0.7853981852531433, 1.8654682636260986] desired=[-0.06875000149011612, -0.775605320930481, 1.6825000047683716, 0.06875000149011612, -0.862500011920929, 1.5575000047683716, -0.13124999403953552, -0.862500011920929, 1.5575000047683716, 0.13124999403953552, -0.862500011920929, 1.134955883026123] applied=[-0.06875000149011612, -0.775605320930481, 1.6825000047683716, 0.06875000149011612, -0.862500011920929, 1.5575000047683716, -0.13124999403953552, -0.862500011920929, 1.5575000047683716, 0.13124999403953552, -0.862500011920929, 1.134955883026123] current=[-0.08438897132873535, -0.7017484307289124, 1.7259055376052856, 0.5342991948127747, -0.8980979919433594, 1.9501961469650269, -0.16296422481536865, -0.7272531390190125, 1.5827158689498901, -0.6176028251647949, -0.8045770525932312, 1.6944180727005005]
[DIAG_INFER] step=191 policy_action_max=6.383072 applied_action_max=0.250000 obs_max=5.748625 history_nonzero_rows=15 position_clip=0 torque_clip=1 action=[5.453274726867676, 1.7949200868606567, 3.564410448074341, -6.383072376251221, -0.08538146317005157, -4.073528289794922, -5.503643035888672, -2.7527387142181396, -4.316717624664307, 2.307286262512207, -2.491166591644287, 2.019732713699341]
[DIAG_TARGET] step=191 target_error=0.000000000 default=[0.0, -0.7853981852531433, 1.8654682636260986, 0.0, -0.7853981852531433, 1.8654682636260986, 0.0, -0.7853981852531433, 1.8654682636260986, 0.0, -0.7853981852531433, 1.8654682636260986] desired=[-0.06875000149011612, -0.737500011920929, 1.6825000047683716, 0.06875000149011612, -0.8213453888893127, 1.5575000047683716, -0.13124999403953552, -0.862500011920929, 1.5575000047683716, 0.13124999403953552, -1.8540797233581543, 1.6825000047683716] applied=[-0.06875000149011612, -0.737500011920929, 1.6825000047683716, 0.06875000149011612, -0.8213453888893127, 1.5575000047683716, -0.13124999403953552, -0.862500011920929, 1.5575000047683716, 0.13124999403953552, -1.8540797233581543, 1.6825000047683716] current=[-0.07678032666444778, -0.7355299592018127, 1.7002800703048706, 0.5416747331619263, -0.8655561804771423, 1.9054155349731445, -0.1302536576986313, -0.7625916004180908, 1.5738531351089478, -0.5821943283081055, -0.7565281391143799, 1.6312223672866821]
[DIAG_INFER] step=201 policy_action_max=6.912880 applied_action_max=0.250000 obs_max=6.383072 history_nonzero_rows=15 position_clip=0 torque_clip=0 action=[4.981698989868164, 0.06906178593635559, 3.152137041091919, -6.063631057739258, 2.353072166442871, -2.2945444583892822, -6.9128804206848145, -0.7404724359512329, -3.948572874069214, 2.494950771331787, -0.7357523441314697, 1.8752721548080444]
[DIAG_TARGET] step=201 target_error=0.000000000 default=[0.0, -0.7853981852531433, 1.8654682636260986, 0.0, -0.7853981852531433, 1.8654682636260986, 0.0, -0.7853981852531433, 1.8654682636260986, 0.0, -0.7853981852531433, 1.8654682636260986] desired=[-0.06875000149011612, -0.7827345728874207, 1.6825000047683716, 0.06875000149011612, -0.737500011920929, 1.5575000047683716, -0.13124999403953552, -0.862500011920929, 1.5575000047683716, 0.13124999403953552, -0.862500011920929, 1.6825000047683716] applied=[-0.06875000149011612, -0.7827345728874207, 1.6825000047683716, 0.06875000149011612, -0.737500011920929, 1.5575000047683716, -0.13124999403953552, -0.862500011920929, 1.5575000047683716, 0.13124999403953552, -0.862500011920929, 1.6825000047683716] current=[-0.06923843175172806, -0.7599771022796631, 1.685653805732727, 0.5191866755485535, -0.8343288898468018, 1.8614766597747803, -0.1294872909784317, -0.8405523896217346, 1.5620578527450562, -0.3953910171985626, -1.1203941106796265, 1.7372876405715942]
[DIAG_INFER] step=211 policy_action_max=7.651551 applied_action_max=0.250000 obs_max=6.912880 history_nonzero_rows=15 position_clip=0 torque_clip=0 action=[4.18666934967041, 0.16238465905189514, 1.5227866172790527, -7.651550769805908, 0.7224193811416626, -0.8868556022644043, -3.327792167663574, -3.8091578483581543, -1.8473187685012817, 1.7082940340042114, -0.2658652365207672, 1.257423758506775]
[DIAG_TARGET] step=211 target_error=0.000000000 default=[0.0, -0.7853981852531433, 1.8654682636260986, 0.0, -0.7853981852531433, 1.8654682636260986, 0.0, -0.7853981852531433, 1.8654682636260986, 0.0, -0.7853981852531433, 1.8654682636260986] desired=[-0.06875000149011612, -0.7594038248062134, 1.6825000047683716, 0.06875000149011612, -0.737500011920929, 1.5575000047683716, -0.13124999403953552, -0.862500011920929, 1.5575000047683716, 0.13124999403953552, -0.862500011920929, 1.6825000047683716] applied=[-0.06875000149011612, -0.7594038248062134, 1.6825000047683716, 0.06875000149011612, -0.737500011920929, 1.5575000047683716, -0.13124999403953552, -0.862500011920929, 1.5575000047683716, 0.13124999403953552, -0.862500011920929, 1.6825000047683716] current=[-0.09098771959543228, -0.7686659693717957, 1.6849312782287598, 0.43105921149253845, -0.7919464707374573, 1.8091657161712646, -0.14447861909866333, -0.8683101534843445, 1.5557925701141357, -0.2987058460712433, -1.1808562278747559, 1.753075122833252]
[DIAG_INFER] step=221 policy_action_max=3.852840 applied_action_max=0.250000 obs_max=7.651551 history_nonzero_rows=15 position_clip=0 torque_clip=1 action=[1.2751325368881226, 0.13187643885612488, -2.26839542388916, -3.852839708328247, 3.0122902393341064, 0.3173423409461975, -1.4613323211669922, -2.727128267288208, -1.9399020671844482, 3.8067402839660645, -1.3157033920288086, 1.4231950044631958]
[DIAG_TARGET] step=221 target_error=0.000000000 default=[0.0, -0.7853981852531433, 1.8654682636260986, 0.0, -0.7853981852531433, 1.8654682636260986, 0.0, -0.7853981852531433, 1.8654682636260986, 0.0, -0.7853981852531433, 1.8654682636260986] desired=[-0.06875000149011612, -0.7670308947563171, 1.5575000047683716, 0.06875000149011612, -0.737500011920929, 1.6825000047683716, -0.13124999403953552, -0.862500011920929, 1.5575000047683716, 0.22356754541397095, -0.862500011920929, 1.6825000047683716] applied=[-0.06875000149011612, -0.7670308947563171, 1.5575000047683716, 0.06875000149011612, -0.737500011920929, 1.6825000047683716, -0.13124999403953552, -0.862500011920929, 1.5575000047683716, 0.22356754541397095, -0.862500011920929, 1.6825000047683716] current=[-0.0719972625374794, -0.7648094892501831, 1.6777620315551758, 0.3414299488067627, -0.7400881052017212, 1.765390157699585, -0.11448696255683899, -0.8660764694213867, 1.5542250871658325, -0.2870650291442871, -1.1208440065383911, 1.7242183685302734]
[DIAG_INFER] step=231 policy_action_max=4.441021 applied_action_max=0.250000 obs_max=3.852840 history_nonzero_rows=15 position_clip=0 torque_clip=1 action=[0.2745252549648285, 1.3445276021957397, -0.7707674503326416, -2.4343037605285645, 1.6999613046646118, 0.09873770922422409, -0.956815779209137, -1.084115982055664, -2.3959903717041016, 4.441020965576172, -0.3916289508342743, -1.2724857330322266]
[DIAG_TARGET] step=231 target_error=0.000000000 default=[0.0, -0.7853981852531433, 1.8654682636260986, 0.0, -0.7853981852531433, 1.8654682636260986, 0.0, -0.7853981852531433, 1.8654682636260986, 0.0, -0.7853981852531433, 1.8654682636260986] desired=[-0.06875000149011612, -0.737500011920929, 1.5575000047683716, 0.06875000149011612, -0.737500011920929, 1.6446844339370728, -0.13124999403953552, -0.862500011920929, 1.5575000047683716, 0.13124999403953552, -0.862500011920929, 0.6498492956161499] applied=[-0.06875000149011612, -0.737500011920929, 1.5575000047683716, 0.06875000149011612, -0.737500011920929, 1.6446844339370728, -0.13124999403953552, -0.862500011920929, 1.5575000047683716, 0.13124999403953552, -0.862500011920929, 0.6498492956161499] current=[-0.05037076398730278, -0.7569002509117126, 1.6090742349624634, 0.2421599179506302, -0.7081599831581116, 1.7594127655029297, -0.08982554078102112, -0.858514130115509, 1.554120659828186, -0.2127322554588318, -1.0640885829925537, 1.724176049232483]
[DIAG_INFER] step=241 policy_action_max=2.596616 applied_action_max=0.250000 obs_max=4.441021 history_nonzero_rows=15 position_clip=0 torque_clip=0 action=[-0.036576081067323685, -0.09870174527168274, -2.2685959339141846, -0.5534949898719788, 2.59661602973938, 1.550333023071289, -1.1077044010162354, -1.4799251556396484, -2.149991273880005, -0.5923813581466675, -1.2177211046218872, -0.19652824103832245]
[DIAG_TARGET] step=241 target_error=0.000000000 default=[0.0, -0.7853981852531433, 1.8654682636260986, 0.0, -0.7853981852531433, 1.8654682636260986, 0.0, -0.7853981852531433, 1.8654682636260986, 0.0, -0.7853981852531433, 1.8654682636260986] desired=[-0.10457201302051544, -0.824675440788269, 1.5575000047683716, 0.06875000149011612, -0.737500011920929, 1.6825000047683716, -0.13124999403953552, -0.862500011920929, 1.5575000047683716, 0.06875000149011612, -0.862500011920929, 1.570867896080017] applied=[-0.10457201302051544, -0.824675440788269, 1.5575000047683716, 0.06875000149011612, -0.737500011920929, 1.6825000047683716, -0.13124999403953552, -0.862500011920929, 1.5575000047683716, 0.06875000149011612, -0.862500011920929, 1.570867896080017] current=[-0.0574059784412384, -0.7451636791229248, 1.5786707401275635, 0.14413702487945557, -0.6719334125518799, 1.7464160919189453, -0.08525741100311279, -0.8461593985557556, 1.5544326305389404, -0.219452902674675, -0.9790211319923401, 1.6493334770202637]
[DIAG_INFER] step=251 policy_action_max=4.622628 applied_action_max=0.250000 obs_max=2.596616 history_nonzero_rows=15 position_clip=0 torque_clip=2 action=[-3.678173542022705, 1.420313835144043, -3.57835054397583, -4.163995742797852, -1.0475143194198608, 2.029611110687256, 2.4024813175201416, -3.7983181476593018, 4.622628211975098, -1.0657622814178467, 2.0862491130828857, -3.0573933124542236]
[DIAG_TARGET] step=251 target_error=0.000000119 default=[0.0, -0.7853981852531433, 1.8654682636260986, 0.0, -0.7853981852531433, 1.8654682636260986, 0.0, -0.7853981852531433, 1.8654682636260986, 0.0, -0.7853981852531433, 1.8654682636260986] desired=[-0.13124999403953552, -0.737500011920929, 1.5575000047683716, 0.06875000149011612, -0.862500011920929, 1.6825000047683716, -0.06875000149011612, -0.862500011920929, 1.6825000047683716, 0.0511019229888916, -1.8452636003494263, 1.5575000047683716] applied=[-0.13124999403953552, -0.737500011920929, 1.5575000047683716, 0.06875000149011612, -0.862500011920929, 1.6825000047683716, -0.06875000149011612, -0.862500011920929, 1.6825000047683716, 0.0511019229888916, -1.8452637195587158, 1.5575000047683716] current=[-0.06491754204034805, -0.7706111073493958, 1.5678914785385132, 0.0880705937743187, -0.6705799102783203, 1.7476507425308228, -0.09249751269817352, -0.8507552742958069, 1.5606132745742798, -0.11405336856842041, -0.9059258103370667, 1.6116845607757568]
[DIAG_INFER] step=261 policy_action_max=4.998178 applied_action_max=0.250000 obs_max=4.622628 history_nonzero_rows=15 position_clip=0 torque_clip=2 action=[-4.558246612548828, 2.040713310241699, -0.39523395895957947, -1.2959855794906616, -0.4348794221878052, 0.6636293530464172, 2.3501181602478027, -4.389509201049805, 1.8325676918029785, -4.998178005218506, 0.12976166605949402, -4.10673713684082]
[DIAG_TARGET] step=261 target_error=0.000000000 default=[0.0, -0.7853981852531433, 1.8654682636260986, 0.0, -0.7853981852531433, 1.8654682636260986, 0.0, -0.7853981852531433, 1.8654682636260986, 0.0, -0.7853981852531433, 1.8654682636260986] desired=[-0.13124999403953552, -0.737500011920929, 1.5575000047683716, 0.06875000149011612, -0.862500011920929, 1.6825000047683716, -0.06875000149011612, -0.8977664113044739, 1.6825000047683716, -0.45325231552124023, -0.7675595879554749, 1.5575000047683716] applied=[-0.13124999403953552, -0.737500011920929, 1.5575000047683716, 0.06875000149011612, -0.862500011920929, 1.6825000047683716, -0.06875000149011612, -0.8977664113044739, 1.6825000047683716, -0.45325231552124023, -0.7675595879554749, 1.5575000047683716] current=[-0.08723466843366623, -0.7747471928596497, 1.556809902191162, 0.06290776282548904, -0.7273320555686951, 1.769995927810669, -0.09526287019252777, -0.8696091771125793, 1.6289571523666382, -0.018899360671639442, -1.2503719329833984, 1.594314455986023]
[DIAG_INFER] step=271 policy_action_max=9.443208 applied_action_max=0.250000 obs_max=4.998178 history_nonzero_rows=15 position_clip=0 torque_clip=2 action=[-2.445462465286255, 2.3367412090301514, 1.6734898090362549, -1.806637167930603, 1.3038016557693481, -1.3312238454818726, -1.194650650024414, -5.8638386726379395, -0.05758509039878845, -9.443207740783691, -0.055076807737350464, -4.232474327087402]
[DIAG_TARGET] step=271 target_error=0.000000000 default=[0.0, -0.7853981852531433, 1.8654682636260986, 0.0, -0.7853981852531433, 1.8654682636260986, 0.0, -0.7853981852531433, 1.8654682636260986, 0.0, -0.7853981852531433, 1.8654682636260986] desired=[-0.13124999403953552, -0.737500011920929, 1.6825000047683716, 0.06875000149011612, -0.737500011920929, 1.5575000047683716, -0.13124999403953552, -0.862500011920929, 1.6056036949157715, -0.5972987413406372, -0.4675337076187134, 1.5575000047683716] applied=[-0.13124999403953552, -0.737500011920929, 1.6825000047683716, 0.06875000149011612, -0.737500011920929, 1.5575000047683716, -0.13124999403953552, -0.862500011920929, 1.6056036949157715, -0.5972987413406372, -0.4675337076187134, 1.5575000047683716] current=[-0.1469075232744217, -0.7517656087875366, 1.5637454986572266, 0.015483608469367027, -0.7611052393913269, 1.7786519527435303, -0.09905916452407837, -0.8725845217704773, 1.6587913036346436, -0.18453411757946014, -1.2446461915969849, 1.5232887268066406]
[DIAG_INFER] step=281 policy_action_max=13.528419 applied_action_max=0.250000 obs_max=9.443208 history_nonzero_rows=15 position_clip=0 torque_clip=2 action=[-8.464654922485352, 4.833337783813477, -0.5310466289520264, -11.634928703308105, 3.197301149368286, 0.22568058967590332, 3.176525592803955, -13.528419494628906, 8.326872825622559, -6.607486248016357, -6.765720844268799, -1.256622552871704]
[DIAG_TARGET] step=281 target_error=0.000000000 default=[0.0, -0.7853981852531433, 1.8654682636260986, 0.0, -0.7853981852531433, 1.8654682636260986, 0.0, -0.7853981852531433, 1.8654682636260986, 0.0, -0.7853981852531433, 1.8654682636260986] desired=[-0.13124999403953552, -0.737500011920929, 1.5575000047683716, 0.06875000149011612, -0.737500011920929, 1.6764202117919922, -0.06875000149011612, -0.862500011920929, 1.6825000047683716, -1.062675952911377, -0.862500011920929, 2.700000047683716] applied=[-0.13124999403953552, -0.737500011920929, 1.5575000047683716, 0.06875000149011612, -0.737500011920929, 1.6764202117919922, -0.06875000149011612, -0.862500011920929, 1.6825000047683716, -1.062675952911377, -0.862500011920929, 2.700000047683716] current=[-0.17848998308181763, -0.7463788986206055, 1.6524794101715088, -0.02900303155183792, -0.7390866279602051, 1.7898459434509277, -0.10601476579904556, -0.8618085980415344, 1.6309075355529785, -0.4133746325969696, -0.8746656775474548, 1.5526291131973267]
[DIAG_INFER] step=291 policy_action_max=11.469326 applied_action_max=0.250000 obs_max=13.528419 history_nonzero_rows=15 position_clip=0 torque_clip=3 action=[-6.646698951721191, 6.157378196716309, -1.1651244163513184, -11.46932601928711, 3.7490217685699463, 2.604191780090332, 4.959968090057373, -8.895224571228027, 3.7652339935302734, -4.298379898071289, -0.8236193656921387, -0.27074360847473145]
[DIAG_TARGET] step=291 target_error=0.000000000 default=[0.0, -0.7853981852531433, 1.8654682636260986, 0.0, -0.7853981852531433, 1.8654682636260986, 0.0, -0.7853981852531433, 1.8654682636260986, 0.0, -0.7853981852531433, 1.8654682636260986] desired=[-0.13124999403953552, -0.737500011920929, 1.5575000047683716, 0.06875000149011612, -0.737500011920929, 1.6825000047683716, -0.26647043228149414, -0.862500011920929, 1.6825000047683716, -0.07565832138061523, -0.862500011920929, 1.9864821434020996] applied=[-0.13124999403953552, -0.737500011920929, 1.5575000047683716, 0.06875000149011612, -0.737500011920929, 1.6825000047683716, -0.26647043228149414, -0.862500011920929, 1.6825000047683716, -0.07565832138061523, -0.862500011920929, 1.9864821434020996] current=[-0.23127217590808868, -0.7474648952484131, 1.6896390914916992, -0.022445669397711754, -0.7308872938156128, 1.8206754922866821, -0.06975001841783524, -0.8611196279525757, 1.6575167179107666, -0.7580727934837341, -0.7301026582717896, 2.0644173622131348]
[STAGE] video_encoding_start
[SUMMARY] {"task": "YoboGo-Velocity-Flat-v0", "mode": "smoke", "yobogo_walk_speed_m_s": 0.5, "rapid_walk_speed_m_s": 0.6, "adaptation_weight": "/run/media/pma213x/0C6A8CC86A8CAFCE/Ubuntu2/CodeU/Dog1/mini-cheetah-isaaclab/external_models/rapid-locomotion-rl/runs/rapid-locomotion/example/train/201852.132488/checkpoints/adaptation_module_latest.jit", "body_weight": "/run/media/pma213x/0C6A8CC86A8CAFCE/Ubuntu2/CodeU/Dog1/mini-cheetah-isaaclab/external_models/rapid-locomotion-rl/runs/rapid-locomotion/example/train/201852.132488/checkpoints/body_latest.jit", "completed_steps": 300, "inference_steps": 30, "expected_inference_steps": 30, "reset_count": 0, "safety_clip_count": 59, "position_clip_count": 0, "torque_clip_count": 59, "large_action_inference_count": 11, "official_clip_inference_count": 0, "max_abs_rapid_action": 0.25, "max_abs_policy_action": 21.544586181640625, "ood_guard_count": 331, "base_height_min_m": 0.2391541302204132, "max_abs_roll_deg": 18.882938001448874, "max_abs_pitch_deg": 11.759071509683665, "xy_displacement_m": 0.21913370490074158, "mean_measured_velocity_m_s": 0.36522284150123596, "final_command": [0.5, 0.0, 0.0], "terminated_steps": 0, "stability_errors": [], "interface_ok": true, "stable_walking": true, "video": null, "video_frames_written": 0}
[STAGE] event_loop_done
