[3gH    H    H    H    H    H    H    H    H    H    H    H    H    H    H    H    H    H    H    H   [INFO] Using python from: /home/pma213x/.venvs/minicheetah-isaaclab/bin/python
[INFO][AppLauncher]: Loading experience file: /home/pma213x/IsaacLab/apps/isaaclab.python.headless.kit
[Warning] [simulation_app.simulation_app] Modules: ['omni.kit_app'] were loaded before SimulationApp was started and might not be loaded correctly.
[Warning] [simulation_app.simulation_app] Please check to make sure no extra omniverse or pxr modules are imported before the call to SimulationApp(...)
Loading user config located at: '/home/pma213x/.venvs/minicheetah-isaaclab/lib/python3.10/site-packages/omni/data/Kit/Isaac-Sim/4.5/user.config.json'
[Info] [carb] Logging to file: /home/pma213x/.venvs/minicheetah-isaaclab/lib/python3.10/site-packages/omni/logs/Kit/Isaac-Sim/4.5/kit_20261008_204746.log
2026-10-08 12:47:46 [0ms] [Warning] [omni.kit.app.plugin] No crash reporter present, dumps uploading isn't available.
2026-10-08 12:47:46 [88ms] [Warning] [omni.usd_config.extension] Enable omni.materialx.libs extension to use MaterialX
2026-10-08 12:47:46 [345ms] [Warning] [omni.datastore] OmniHub is inaccessible
2026-10-08 12:47:46 [371ms] [Warning] [omni.isaac.dynamic_control] omni.isaac.dynamic_control is deprecated as of Isaac Sim 4.5. No action is needed from end-users.
Gym has been unmaintained since 2022 and does not support NumPy 2.0 amongst other critical functionality.
Please upgrade to Gymnasium, the maintained drop-in replacement of Gym, or contact the authors of your software and request that they upgrade.
See the migration guide at https://gymnasium.farama.org/introduction/migration_guide/ for additional information.
2026-10-08 12:47:48 [1,725ms] [Warning] [gpu.foundation.plugin] Skipping unsupported non-NVIDIA GPU: Intel(R) UHD Graphics (ADL-S GT0.5)
2026-10-08 12:47:48 [1,725ms] [Warning] [gpu.foundation.plugin] Skipping unsupported non-NVIDIA GPU: Intel(R) UHD Graphics (ADL-S GT0.5)

|---------------------------------------------------------------------------------------------|
| Driver Version: 580.178.04    | Graphics API: Vulkan
|=============================================================================================|
| GPU | Name                             | Active | LDA | GPU Memory | Vendor-ID | LUID       |
|     |                                  |        |     |            | Device-ID | UUID       |
|     |                                  |        |     |            | Bus-ID    |            |
|---------------------------------------------------------------------------------------------|
| 0   | NVIDIA GeForce RTX 4060 Laptop.. | Yes: 0 |     | 8188    MB | 10de      | 0          |
|     |                                  |        |     |            | 28e0      | 4d090564.. |
|     |                                  |        |     |            | 1         |            |
|---------------------------------------------------------------------------------------------|
| 1   | Intel(R) UHD Graphics (ADL-S G.. |        |     | 11374   MB | 8086      | 0          |
|     |                                  |        |     |            | 468b      | 86808b46.. |
|     |                                  |        |     |            | 0         |            |
|=============================================================================================|
| OS: 26.04.1 LTS (Resolute Raccoon) ubuntu, Version: 26.04.1, Kernel: 7.0.0-34-generic
| XServer Vendor: The X.Org Foundation, XServer Version: 12401010 (1.24.1.10)
| Processor: 13th Gen Intel(R) Core(TM) i5-13500HX
| Bare Metal Cores: 14 | Bare Metal Logical Cores: 28
| Available Cores:  20 
|---------------------------------------------------------------------------------------------|
| Total Memory (MB): 15166 | Free Memory: 7812
| Total Page/Swap (MB): 20479 | Free Page/Swap: 17723
|---------------------------------------------------------------------------------------------|
2026-10-08 12:47:48 [1,936ms] [Warning] [gpu.foundation.plugin] IOMMU is enabled.
2026-10-08 12:47:48 [1,937ms] [Warning] [gpu.foundation.plugin] Detected IOMMU is enabled. Running CUDA peer-to-peer bandwidth and latency validation.
Unidirectional P2P=Enabled Bandwidth (P2P Writes) Matrix (GB/s)
   D\D     0 
     0 221.38 
P2P=Enabled Latency (P2P Writes) Matrix (us)
   GPU     0 
     0   1.45 

   CPU     0 
     0   1.50 
[STAGE] config_start
[INFO]: Parsing configuration from: training.envs.velocity_flat_env_cfg:YoboGoVelocityFlatEnvCfg
[STAGE] config_done
[STAGE] environment_create_start
2026-10-08 12:47:48 [2,119ms] [Warning] [isaaclab.envs.manager_based_env] Seed not set for the environment. The environment creation may not be deterministic.
[INFO]: Base environment:
	Environment device    : cuda:0
	Environment seed      : None
	Physics step-size     : 0.0004
	Rendering step-size   : 0.002
	Environment step-size : 0.002
2026-10-08 12:47:48 [2,188ms] [Warning] [isaaclab.terrains.terrain_importer] Visual material specified for ground plane but no diffuse color found. Using default color: (0.0, 0.0, 0.0)
[INFO]: Time taken for scene creation : 2.529037 seconds
[INFO]: Scene manager:  <class InteractiveScene>
	Number of environments: 1
	Environment spacing   : 2.5
	Source prim name      : /World/envs/env_0
	Global prim paths     : ['/World/ground']
	Replicate physics     : True
[INFO]: Starting the simulation. This may take a few seconds. Please wait...
[INFO]: Time taken for simulation start : 0.372493 seconds
2026-10-08 12:47:51 [5,294ms] [Warning] [omni.usd] Warning: in GetNodeDiscoveryResults at line 136 of /builds/omniverse/usd-ci/USD/pxr/usd/usdShade/shaderDefUtils.cpp -- Unable to resolve info:sourceAsset </UsdPreviewSurface.info:mdl:sourceAsset> with value @UsdPreviewSurface.mdl@.

2026-10-08 12:47:51 [5,295ms] [Warning] [omni.usd] Warning: in GetNodeDiscoveryResults at line 136 of /builds/omniverse/usd-ci/USD/pxr/usd/usdShade/shaderDefUtils.cpp -- Unable to resolve info:sourceAsset </UsdUVTexture.info:mdl:sourceAsset> with value @UsdPreviewSurface.mdl@.

2026-10-08 12:47:51 [5,295ms] [Warning] [omni.usd] Warning: in GetNodeDiscoveryResults at line 136 of /builds/omniverse/usd-ci/USD/pxr/usd/usdShade/shaderDefUtils.cpp -- Unable to resolve info:sourceAsset </UsdPrimvarReader_float.info:mdl:sourceAsset> with value @UsdPreviewSurface.mdl@.

2026-10-08 12:47:51 [5,295ms] [Warning] [omni.usd] Warning: in GetNodeDiscoveryResults at line 136 of /builds/omniverse/usd-ci/USD/pxr/usd/usdShade/shaderDefUtils.cpp -- Unable to resolve info:sourceAsset </UsdPrimvarReader_float2.info:mdl:sourceAsset> with value @UsdPreviewSurface.mdl@.

2026-10-08 12:47:51 [5,296ms] [Warning] [omni.usd] Warning: in GetNodeDiscoveryResults at line 136 of /builds/omniverse/usd-ci/USD/pxr/usd/usdShade/shaderDefUtils.cpp -- Unable to resolve info:sourceAsset </UsdPrimvarReader_float3.info:mdl:sourceAsset> with value @UsdPreviewSurface.mdl@.

2026-10-08 12:47:51 [5,296ms] [Warning] [omni.usd] Warning: in GetNodeDiscoveryResults at line 136 of /builds/omniverse/usd-ci/USD/pxr/usd/usdShade/shaderDefUtils.cpp -- Unable to resolve info:sourceAsset </UsdPrimvarReader_float4.info:mdl:sourceAsset> with value @UsdPreviewSurface.mdl@.

2026-10-08 12:47:51 [5,296ms] [Warning] [omni.usd] Warning: in GetNodeDiscoveryResults at line 136 of /builds/omniverse/usd-ci/USD/pxr/usd/usdShade/shaderDefUtils.cpp -- Unable to resolve info:sourceAsset </UsdPrimvarReader_int.info:mdl:sourceAsset> with value @UsdPreviewSurface.mdl@.

2026-10-08 12:47:51 [5,296ms] [Warning] [omni.usd] Warning: in GetNodeDiscoveryResults at line 136 of /builds/omniverse/usd-ci/USD/pxr/usd/usdShade/shaderDefUtils.cpp -- Unable to resolve info:sourceAsset </UsdPrimvarReader_string.info:mdl:sourceAsset> with value @UsdPreviewSurface.mdl@.

2026-10-08 12:47:51 [5,297ms] [Warning] [omni.usd] Warning: in GetNodeDiscoveryResults at line 136 of /builds/omniverse/usd-ci/USD/pxr/usd/usdShade/shaderDefUtils.cpp -- Unable to resolve info:sourceAsset </UsdPrimvarReader_normal.info:mdl:sourceAsset> with value @UsdPreviewSurface.mdl@.

2026-10-08 12:47:51 [5,297ms] [Warning] [omni.usd] Warning: in GetNodeDiscoveryResults at line 136 of /builds/omniverse/usd-ci/USD/pxr/usd/usdShade/shaderDefUtils.cpp -- Unable to resolve info:sourceAsset </UsdPrimvarReader_point.info:mdl:sourceAsset> with value @UsdPreviewSurface.mdl@.

2026-10-08 12:47:51 [5,298ms] [Warning] [omni.usd] Warning: in GetNodeDiscoveryResults at line 136 of /builds/omniverse/usd-ci/USD/pxr/usd/usdShade/shaderDefUtils.cpp -- Unable to resolve info:sourceAsset </UsdPrimvarReader_vector.info:mdl:sourceAsset> with value @UsdPreviewSurface.mdl@.

2026-10-08 12:47:51 [5,298ms] [Warning] [omni.usd] Warning: in GetNodeDiscoveryResults at line 136 of /builds/omniverse/usd-ci/USD/pxr/usd/usdShade/shaderDefUtils.cpp -- Unable to resolve info:sourceAsset </UsdPrimvarReader_matrix.info:mdl:sourceAsset> with value @UsdPreviewSurface.mdl@.

2026-10-08 12:47:51 [5,298ms] [Warning] [omni.usd] Warning: in GetNodeDiscoveryResults at line 136 of /builds/omniverse/usd-ci/USD/pxr/usd/usdShade/shaderDefUtils.cpp -- Unable to resolve info:sourceAsset </UsdTransform2d.info:mdl:sourceAsset> with value @UsdPreviewSurface.mdl@.

[INFO] Command Manager:  <CommandManager> contains 1 active terms.
+------------------------------------------------+
|              Active Command Terms              |
+-------+---------------+------------------------+
| Index | Name          |          Type          |
+-------+---------------+------------------------+
|   0   | base_velocity | UniformVelocityCommand |
+-------+---------------+------------------------+

[INFO] Recorder Manager:  <RecorderManager> contains 0 active terms.
+---------------------+
| Active Recorder Terms |
+-----------+---------+
|   Index   | Name    |
+-----------+---------+
+-----------+---------+

[INFO] Action Manager:  <ActionManager> contains 1 active terms.
+------------------------------------+
|  Active Action Terms (shape: 12)   |
+--------+-------------+-------------+
| Index  | Name        |   Dimension |
+--------+-------------+-------------+
|   0    | joint_pos   |          12 |
+--------+-------------+-------------+

[INFO] Observation Manager: <ObservationManager> contains 1 groups.
+---------------------------------------------------------+
| Active Observation Terms in Group: 'policy' (shape: (48,)) |
+-----------+---------------------------------+-----------+
|   Index   | Name                            |   Shape   |
+-----------+---------------------------------+-----------+
|     0     | base_lin_vel                    |    (3,)   |
|     1     | base_ang_vel                    |    (3,)   |
|     2     | projected_gravity               |    (3,)   |
|     3     | velocity_commands               |    (3,)   |
|     4     | joint_pos                       |   (12,)   |
|     5     | joint_vel                       |   (12,)   |
|     6     | actions                         |   (12,)   |
+-----------+---------------------------------+-----------+

[INFO] Event Manager:  <EventManager> contains 3 active terms.
+--------------------------------------+
| Active Event Terms in Mode: 'startup' |
+----------+---------------------------+
|  Index   | Name                      |
+----------+---------------------------+
|    0     | physics_material          |
+----------+---------------------------+
+---------------------------------------+
|  Active Event Terms in Mode: 'reset'  |
+--------+------------------------------+
| Index  | Name                         |
+--------+------------------------------+
|   0    | base_external_force_torque   |
|   1    | reset_base                   |
|   2    | reset_robot_joints           |
+--------+------------------------------+
+----------------------------------------------+
|    Active Event Terms in Mode: 'interval'    |
+-------+------------+-------------------------+
| Index | Name       | Interval time range (s) |
+-------+------------+-------------------------+
|   0   | push_robot |       (10.0, 15.0)      |
+-------+------------+-------------------------+

[INFO] Termination Manager:  <TerminationManager> contains 2 active terms.
+---------------------------------+
|     Active Termination Terms    |
+-------+--------------+----------+
| Index | Name         | Time Out |
+-------+--------------+----------+
|   0   | time_out     |   True   |
|   1   | base_contact |  False   |
+-------+--------------+----------+

[INFO] Reward Manager:  <RewardManager> contains 11 active terms.
+-----------------------------------------+
|           Active Reward Terms           |
+-------+----------------------+----------+
| Index | Name                 |   Weight |
+-------+----------------------+----------+
|   0   | track_lin_vel_xy_exp |      1.0 |
|   1   | track_ang_vel_z_exp  |      0.5 |
|   2   | lin_vel_z_l2         |     -2.0 |
|   3   | ang_vel_xy_l2        |    -0.05 |
|   4   | dof_torques_l2       | -2.5e-05 |
|   5   | dof_acc_l2           | -2.5e-07 |
|   6   | action_rate_l2       |    -0.01 |
|   7   | feet_air_time        |      0.5 |
|   8   | undesired_contacts   |     -1.0 |
|   9   | flat_orientation_l2  |     -5.0 |
|   10  | dof_pos_limits       |      0.0 |
+-------+----------------------+----------+

[INFO] Curriculum Manager:  <CurriculumManager> contains 0 active terms.
+----------------------+
| Active Curriculum Terms |
+-----------+----------+
|   Index   | Name     |
+-----------+----------+
+-----------+----------+

[INFO]: Completed setting up the environment...
[STAGE] environment_create_done
[STAGE] policy_adapter_setup_start
[STAGE] policy_adapter_setup_done
[INFO] task=YoboGo-Velocity-Flat-v0
[INFO] weights_adaptation=/run/media/pma213x/0C6A8CC86A8CAFCE/Ubuntu2/CodeU/Dog1/mini-cheetah-isaaclab/external_models/rapid-locomotion-rl/runs/rapid-locomotion/example/train/201852.132488/checkpoints/adaptation_module_latest.jit
[INFO] weights_body=/run/media/pma213x/0C6A8CC86A8CAFCE/Ubuntu2/CodeU/Dog1/mini-cheetah-isaaclab/external_models/rapid-locomotion-rl/runs/rapid-locomotion/example/train/201852.132488/checkpoints/body_latest.jit
[INFO] yobogo_observation_dim=48 rapid_observation_dim=42
[INFO] history_dim=630 action_dim=12
[INFO] inference_period=10 control_period_s=0.002 inference_hz=50
[INFO] rapid_replay_actuator_kp=20 kd=0.5 effort=18/18/26
[INFO] yobogo_command=[0.15, 0.0, 0.0] rapid_command=[0.3, 0.0, 0.0]
[INFO] model_dummy_action_shape=(1, 12)
[INFO] model_dummy_latent_shape=(1, 18)
[STAGE] event_loop_start
[DIAG_INFER] step=1 policy_action_max=1.248121 applied_action_max=0.100000 obs_max=1.000000 history_nonzero_rows=0 position_clip=0 torque_clip=0 action=[-0.19197054207324982, 0.6424431800842285, -0.24320261180400848, -0.1273176372051239, 0.7155736684799194, 0.4644812345504761, 0.17107389867305756, -1.2481210231781006, 0.8329901695251465, 0.1677989661693573, -0.6457258462905884, -0.7750470042228699]
[DIAG_TARGET] step=1 target_error=0.000000000 default=[0.0, -0.7853981852531433, 1.8654682636260986, 0.0, -0.7853981852531433, 1.8654682636260986, 0.0, -0.7853981852531433, 1.8654682636260986, 0.0, -0.7853981852531433, 1.8654682636260986] desired=[-0.11250000447034836, -0.7750000357627869, 1.5950000286102295, 0.08749999850988388, -0.7750000357627869, 1.6449999809265137, -0.08749999850988388, -0.824999988079071, 1.6449999809265137, 0.11250000447034836, -0.824999988079071, 1.5950000286102295] applied=[-0.11250000447034836, -0.7750000357627869, 1.5950000286102295, 0.08749999850988388, -0.7750000357627869, 1.6449999809265137, -0.08749999850988388, -0.824999988079071, 1.6449999809265137, 0.11250000447034836, -0.824999988079071, 1.5950000286102295] current=[-0.0006892224191688001, -0.7843819856643677, 1.8606688976287842, 0.001156655722297728, -0.7844396829605103, 1.8602641820907593, -0.00044947132118977606, -0.7847864031791687, 1.862949013710022, 0.001442911452613771, -0.784334659576416, 1.8622618913650513]
[STAGE] first_step_done
[DIAG_INFER] step=11 policy_action_max=4.988763 applied_action_max=0.100000 obs_max=2.140703 history_nonzero_rows=1 position_clip=0 torque_clip=2 action=[4.988763332366943, 2.1372547149658203, 1.6433053016662598, -0.7711586952209473, 0.8832410573959351, -0.562849760055542, -4.004979133605957, -0.32069969177246094, -4.197407245635986, -3.779015064239502, -1.5110868215560913, 1.2402995824813843]
[DIAG_TARGET] step=11 target_error=0.000000000 default=[0.0, -0.7853981852531433, 1.8654682636260986, 0.0, -0.7853981852531433, 1.8654682636260986, 0.0, -0.7853981852531433, 1.8654682636260986, 0.0, -0.7853981852531433, 1.8654682636260986] desired=[-0.08749999850988388, -0.7750000357627869, 1.6449999809265137, 0.08749999850988388, -0.7750000357627869, 1.5950000286102295, -0.11250000447034836, -0.824999988079071, 1.5950000286102295, 0.08749999850988388, -0.0027021169662475586, 0.7657740116119385] applied=[-0.08749999850988388, -0.7750000357627869, 1.6449999809265137, 0.08749999850988388, -0.7750000357627869, 1.5950000286102295, -0.11250000447034836, -0.824999988079071, 1.5950000286102295, 0.08749999850988388, -0.0027021169662475586, 0.7657740116119385] current=[-0.012362876906991005, -0.7496477961540222, 1.810538411140442, 0.028109824284911156, -0.7436233162879944, 1.7936389446258545, -0.008889790624380112, -0.7634553909301758, 1.8399207592010498, 0.017890598624944687, -0.7543121576309204, 1.8256936073303223]
[DIAG_INFER] step=21 policy_action_max=9.446507 applied_action_max=0.100000 obs_max=4.988763 history_nonzero_rows=2 position_clip=0 torque_clip=2 action=[7.346999168395996, -0.7111841440200806, 2.7190587520599365, 0.7654950618743896, 1.406833291053772, 1.2911142110824585, -6.194344997406006, 0.035850413143634796, -3.177097797393799, -9.446507453918457, -2.8245463371276855, 1.192991852760315]
[DIAG_TARGET] step=21 target_error=0.000000000 default=[0.0, -0.7853981852531433, 1.8654682636260986, 0.0, -0.7853981852531433, 1.8654682636260986, 0.0, -0.7853981852531433, 1.8654682636260986, 0.0, -0.7853981852531433, 1.8654682636260986] desired=[-0.08749999850988388, -0.824999988079071, 1.6449999809265137, 0.11250000447034836, -0.7750000357627869, 1.6449999809265137, -0.11250000447034836, -0.791037380695343, 1.5950000286102295, -1.5, 0.3405178189277649, 1.6449999809265137] applied=[-0.08749999850988388, -0.824999988079071, 1.6449999809265137, 0.11250000447034836, -0.7750000357627869, 1.6449999809265137, -0.11250000447034836, -0.791037380695343, 1.5950000286102295, -1.5, 0.3405178189277649, 1.6449999809265137] current=[-0.058829452842473984, -0.7149523496627808, 1.7837285995483398, 0.01402842253446579, -0.6998062133789062, 1.710531234741211, -0.03386208787560463, -0.7156479358673096, 1.8080214262008667, -0.012890242040157318, -0.669935941696167, 1.7309507131576538]
[DIAG_INFER] step=31 policy_action_max=7.147229 applied_action_max=0.100000 obs_max=9.446507 history_nonzero_rows=3 position_clip=0 torque_clip=5 action=[7.147229194641113, -3.855318784713745, 4.028751373291016, -4.017509937286377, 4.247394561767578, 1.3497387170791626, -6.255282878875732, -2.661959409713745, -1.770927906036377, -6.589629650115967, -3.50504469871521, -0.08171974122524261]
[DIAG_TARGET] step=31 target_error=0.000000000 default=[0.0, -0.7853981852531433, 1.8654682636260986, 0.0, -0.7853981852531433, 1.8654682636260986, 0.0, -0.7853981852531433, 1.8654682636260986, 0.0, -0.7853981852531433, 1.8654682636260986] desired=[-0.08749999850988388, -0.824999988079071, 1.6449999809265137, 0.08749999850988388, -0.7750000357627869, 1.6449999809265137, -0.4837746322154999, -0.5586146712303162, 1.5950000286102295, -1.5, -0.6654468774795532, 2.208428382873535] applied=[-0.08749999850988388, -0.824999988079071, 1.6449999809265137, 0.08749999850988388, -0.7750000357627869, 1.6449999809265137, -0.4837746322154999, -0.5586146712303162, 1.5950000286102295, -1.5, -0.6654468774795532, 2.208428382873535] current=[-0.16185234487056732, -0.6904333829879761, 1.8098422288894653, -0.0034125628881156445, -0.7115632891654968, 1.6685477495193481, -0.14026768505573273, -0.6668757796287537, 1.772504448890686, -0.586178183555603, -0.2509974539279938, 1.6582831144332886]
[DIAG_INFER] step=41 policy_action_max=4.645314 applied_action_max=0.100000 obs_max=7.147229 history_nonzero_rows=4 position_clip=0 torque_clip=1 action=[1.586686372756958, -0.4781748950481415, 0.5847892761230469, -4.6453142166137695, 1.405561089515686, 1.0807665586471558, -0.65655916929245, -2.0196621417999268, 0.39986109733581543, -0.16338786482810974, -2.365248680114746, 4.014441013336182]
[DIAG_TARGET] step=41 target_error=0.000000000 default=[0.0, -0.7853981852531433, 1.8654682636260986, 0.0, -0.7853981852531433, 1.8654682636260986, 0.0, -0.7853981852531433, 1.8654682636260986, 0.0, -0.7853981852531433, 1.8654682636260986] desired=[-0.08749999850988388, -0.824999988079071, 1.6449999809265137, 0.08749999850988388, -0.7750000357627869, 1.6449999809265137, -0.9004594087600708, -0.824999988079071, 1.6449999809265137, 0.08749999850988388, -0.824999988079071, 1.6449999809265137] applied=[-0.08749999850988388, -0.824999988079071, 1.6449999809265137, 0.08749999850988388, -0.7750000357627869, 1.6449999809265137, -0.9004594087600708, -0.824999988079071, 1.6449999809265137, 0.08749999850988388, -0.824999988079071, 1.6449999809265137] current=[-0.17365464568138123, -0.6836442947387695, 1.8332549333572388, 0.08923294395208359, -0.7616589665412903, 1.6523196697235107, -0.2629050314426422, -0.601823627948761, 1.7194024324417114, -1.2158424854278564, -0.25026679039001465, 1.9475231170654297]
[DIAG_INFER] step=51 policy_action_max=10.275957 applied_action_max=0.100000 obs_max=4.645314 history_nonzero_rows=5 position_clip=0 torque_clip=1 action=[8.029987335205078, 5.836146354675293, 6.258458614349365, 5.571451187133789, 0.5879143476486206, -9.741631507873535, -3.287487745285034, 1.7123596668243408, -5.352306365966797, -0.7183946371078491, -7.756065845489502, 10.275957107543945]
[DIAG_TARGET] step=51 target_error=0.000000000 default=[0.0, -0.7853981852531433, 1.8654682636260986, 0.0, -0.7853981852531433, 1.8654682636260986, 0.0, -0.7853981852531433, 1.8654682636260986, 0.0, -0.7853981852531433, 1.8654682636260986] desired=[-0.08749999850988388, -0.7750000357627869, 1.6449999809265137, 0.11250000447034836, -0.7750000357627869, 1.5950000286102295, -0.11250000447034836, -0.7750000357627869, 1.5950000286102295, 1.5, -0.824999988079071, 1.6449999809265137] applied=[-0.08749999850988388, -0.7750000357627869, 1.6449999809265137, 0.11250000447034836, -0.7750000357627869, 1.5950000286102295, -0.11250000447034836, -0.7750000357627869, 1.5950000286102295, 1.5, -0.824999988079071, 1.6449999809265137] current=[-0.12287631630897522, -0.6893536448478699, 1.8257198333740234, 0.17224282026290894, -0.7890251278877258, 1.6495323181152344, -0.48296451568603516, -0.6791235208511353, 1.6702473163604736, -1.035902500152588, -0.5272797346115112, 1.7430665493011475]
[DIAG_INFER] step=61 policy_action_max=8.902493 applied_action_max=0.100000 obs_max=10.275957 history_nonzero_rows=6 position_clip=0 torque_clip=2 action=[4.745412349700928, 2.43428373336792, 3.75933575630188, 0.6592751741409302, 0.3667396306991577, -5.904481410980225, -5.553051948547363, 1.1842542886734009, -4.315558910369873, 3.2785706520080566, -8.90249252319336, 6.514746189117432]
[DIAG_TARGET] step=61 target_error=0.000000000 default=[0.0, -0.7853981852531433, 1.8654682636260986, 0.0, -0.7853981852531433, 1.8654682636260986, 0.0, -0.7853981852531433, 1.8654682636260986, 0.0, -0.7853981852531433, 1.8654682636260986] desired=[-0.08749999850988388, -0.7750000357627869, 1.6449999809265137, 0.11250000447034836, -0.7750000357627869, 1.5950000286102295, -0.11250000447034836, -0.7750000357627869, 1.5950000286102295, 1.5, -0.824999988079071, 0.3234301805496216] applied=[-0.08749999850988388, -0.7750000357627869, 1.6449999809265137, 0.11250000447034836, -0.7750000357627869, 1.5950000286102295, -0.11250000447034836, -0.7750000357627869, 1.5950000286102295, 1.5, -0.824999988079071, 0.3234301805496216] current=[-0.0073055182583630085, -0.689326286315918, 1.7741520404815674, 0.23642784357070923, -0.7990129590034485, 1.62217378616333, -0.38049453496932983, -0.7663031816482544, 1.6255534887313843, -0.22679175436496735, -0.6966458559036255, 1.7062922716140747]
[DIAG_INFER] step=71 policy_action_max=5.336900 applied_action_max=0.100000 obs_max=8.902493 history_nonzero_rows=7 position_clip=0 torque_clip=4 action=[2.832310676574707, 0.5418299436569214, 3.204357385635376, -2.372537851333618, 1.6745678186416626, -1.913077712059021, -5.336899757385254, -1.405544400215149, 0.2134413719177246, -3.8070714473724365, -4.277853012084961, 0.5020154714584351]
[DIAG_TARGET] step=71 target_error=0.000000119 default=[0.0, -0.7853981852531433, 1.8654682636260986, 0.0, -0.7853981852531433, 1.8654682636260986, 0.0, -0.7853981852531433, 1.8654682636260986, 0.0, -0.7853981852531433, 1.8654682636260986] desired=[-0.08749999850988388, -0.7750000357627869, 1.6449999809265137, 0.08749999850988388, -0.7750000357627869, 1.5950000286102295, 0.5017193555831909, -0.824999988079071, 1.6449999809265137, -1.063110589981079, -1.8503607511520386, 0.11566674709320068] applied=[-0.08749999850988388, -0.7750000357627869, 1.6449999809265137, 0.08749999850988388, -0.7750000357627869, 1.5950000286102295, 0.5017193555831909, -0.824999988079071, 1.6449999809265137, -1.063110589981079, -1.8503608703613281, 0.11566674709320068] current=[-0.0017143823206424713, -0.7131850123405457, 1.7051537036895752, 0.21754832565784454, -0.7939032912254333, 1.6461883783340454, -0.18293742835521698, -0.7818951606750488, 1.6048293113708496, 0.512484073638916, -0.5975965261459351, 1.3445998430252075]
[DIAG_INFER] step=81 policy_action_max=11.955534 applied_action_max=0.100000 obs_max=7.123267 history_nonzero_rows=8 position_clip=0 torque_clip=3 action=[2.352339029312134, 2.254448652267456, 3.50217604637146, -4.870058059692383, -1.108934998512268, -3.376720905303955, -10.513731956481934, -7.927514553070068, 2.1410951614379883, -11.955533981323242, -2.8266048431396484, -4.75834846496582]
[DIAG_TARGET] step=81 target_error=0.000000119 default=[0.0, -0.7853981852531433, 1.8654682636260986, 0.0, -0.7853981852531433, 1.8654682636260986, 0.0, -0.7853981852531433, 1.8654682636260986, 0.0, -0.7853981852531433, 1.8654682636260986] desired=[-0.08749999850988388, -0.7750000357627869, 1.6449999809265137, 0.08749999850988388, -0.824999988079071, 1.5950000286102295, -0.11250000447034836, -0.824999988079071, 1.522505283355713, -1.5, -1.79832923412323, 1.5950000286102295] applied=[-0.08749999850988388, -0.7750000357627869, 1.6449999809265137, 0.08749999850988388, -0.824999988079071, 1.5950000286102295, -0.11250000447034836, -0.824999988079071, 1.522505283355713, -1.5, -1.7983293533325195, 1.5950000286102295] current=[-0.1449262946844101, -0.7552971243858337, 1.6735246181488037, 0.20648100972175598, -0.7750410437583923, 1.6847292184829712, -0.038402166217565536, -0.810314953327179, 1.7061725854873657, 0.4887188673019409, -0.9706538915634155, 0.8939670324325562]
[DIAG_INFER] step=91 policy_action_max=8.512659 applied_action_max=0.100000 obs_max=11.955534 history_nonzero_rows=9 position_clip=0 torque_clip=4 action=[-0.4237614870071411, 0.7781277894973755, -1.6359403133392334, -7.938959121704102, 2.075868844985962, -0.1497049331665039, 0.08652204275131226, -8.512659072875977, 4.896121025085449, -0.9266037940979004, -5.772316932678223, -0.7441114187240601]
[DIAG_TARGET] step=91 target_error=0.000000000 default=[0.0, -0.7853981852531433, 1.8654682636260986, 0.0, -0.7853981852531433, 1.8654682636260986, 0.0, -0.7853981852531433, 1.8654682636260986, 0.0, -0.7853981852531433, 1.8654682636260986] desired=[-0.11250000447034836, -0.7750000357627869, 1.5950000286102295, 0.08749999850988388, -0.7750000357627869, 1.5950000286102295, -0.3697721064090729, -1.137880563735962, 1.6449999809265137, -0.0743897557258606, -0.824999988079071, 2.700000047683716] applied=[-0.11250000447034836, -0.7750000357627869, 1.5950000286102295, 0.08749999850988388, -0.7750000357627869, 1.5950000286102295, -0.3697721064090729, -1.137880563735962, 1.6449999809265137, -0.0743897557258606, -0.824999988079071, 2.700000047683716] current=[-0.18620745837688446, -0.7717887163162231, 1.694882869720459, 0.16140073537826538, -0.7601851224899292, 1.67350435256958, -0.0642179548740387, -0.8012877106666565, 1.7468008995056152, -0.31165802478790283, -1.5518581867218018, 1.253570318222046]
[DIAG_INFER] step=101 policy_action_max=9.799568 applied_action_max=0.100000 obs_max=8.512659 history_nonzero_rows=10 position_clip=0 torque_clip=1 action=[3.009798049926758, 5.089413166046143, 1.0144586563110352, -9.799568176269531, 0.7133002281188965, 2.425812244415283, 2.6086037158966064, -9.588037490844727, 5.095521926879883, 5.789998531341553, -6.758570194244385, 1.932930827140808]
[DIAG_TARGET] step=101 target_error=0.000000000 default=[0.0, -0.7853981852531433, 1.8654682636260986, 0.0, -0.7853981852531433, 1.8654682636260986, 0.0, -0.7853981852531433, 1.8654682636260986, 0.0, -0.7853981852531433, 1.8654682636260986] desired=[-0.08749999850988388, -0.7750000357627869, 1.6449999809265137, 0.08749999850988388, -0.7750000357627869, 1.6449999809265137, -0.08749999850988388, -0.824999988079071, 1.6449999809265137, 0.11250000447034836, -0.824999988079071, 2.700000047683716] applied=[-0.08749999850988388, -0.7750000357627869, 1.6449999809265137, 0.08749999850988388, -0.7750000357627869, 1.6449999809265137, -0.08749999850988388, -0.824999988079071, 1.6449999809265137, 0.11250000447034836, -0.824999988079071, 2.700000047683716] current=[-0.16479673981666565, -0.7778967022895813, 1.7497813701629639, 0.19327028095722198, -0.7367859482765198, 1.708152174949646, -0.15927037596702576, -0.9110376238822937, 1.712502360343933, -0.25872135162353516, -1.3961950540542603, 1.7894201278686523]
[DIAG_INFER] step=111 policy_action_max=14.110371 applied_action_max=0.100000 obs_max=9.799568 history_nonzero_rows=11 position_clip=0 torque_clip=2 action=[5.928585052490234, 4.371831893920898, 1.1166154146194458, -14.110370635986328, 0.29930126667022705, 2.6419029235839844, 1.8831260204315186, -10.082042694091797, 4.8686442375183105, 12.280366897583008, -4.200613975524902, -1.138061761856079]
[DIAG_TARGET] step=111 target_error=0.000000000 default=[0.0, -0.7853981852531433, 1.8654682636260986, 0.0, -0.7853981852531433, 1.8654682636260986, 0.0, -0.7853981852531433, 1.8654682636260986, 0.0, -0.7853981852531433, 1.8654682636260986] desired=[-0.08749999850988388, -0.7750000357627869, 1.6449999809265137, 0.08749999850988388, -0.7750000357627869, 1.6449999809265137, -0.08749999850988388, -0.824999988079071, 1.6449999809265137, 0.7845174670219421, -0.824999988079071, 2.700000047683716] applied=[-0.08749999850988388, -0.7750000357627869, 1.6449999809265137, 0.08749999850988388, -0.7750000357627869, 1.6449999809265137, -0.08749999850988388, -0.824999988079071, 1.6449999809265137, 0.7845174670219421, -0.824999988079071, 2.700000047683716] current=[-0.12806332111358643, -0.7828159332275391, 1.7992864847183228, 0.2407165914773941, -0.7059643864631653, 1.7567720413208008, -0.15441220998764038, -0.9493578672409058, 1.7277296781539917, -0.056667011231184006, -0.9720439314842224, 2.2767012119293213]
[DIAG_INFER] step=121 policy_action_max=14.139942 applied_action_max=0.100000 obs_max=14.110371 history_nonzero_rows=12 position_clip=0 torque_clip=2 action=[5.563881874084473, 2.7212719917297363, 0.9202485084533691, -14.139942169189453, 0.48020005226135254, 3.9795005321502686, 3.9862301349639893, -8.677291870117188, 5.143172740936279, 12.502787590026855, -4.924690246582031, -1.2586361169815063]
[DIAG_TARGET] step=121 target_error=0.000000000 default=[0.0, -0.7853981852531433, 1.8654682636260986, 0.0, -0.7853981852531433, 1.8654682636260986, 0.0, -0.7853981852531433, 1.8654682636260986, 0.0, -0.7853981852531433, 1.8654682636260986] desired=[-0.08749999850988388, -0.7750000357627869, 1.6449999809265137, 0.08749999850988388, -0.7750000357627869, 1.6449999809265137, -0.08749999850988388, -0.824999988079071, 1.6449999809265137, 0.3836737275123596, -0.824999988079071, 2.636777639389038] applied=[-0.08749999850988388, -0.7750000357627869, 1.6449999809265137, 0.08749999850988388, -0.7750000357627869, 1.6449999809265137, -0.08749999850988388, -0.824999988079071, 1.6449999809265137, 0.3836737275123596, -0.824999988079071, 2.636777639389038] current=[-0.07489709556102753, -0.7900204658508301, 1.8375543355941772, 0.3059452176094055, -0.6811415553092957, 1.813644289970398, -0.07657894492149353, -0.9751790761947632, 1.8058836460113525, 0.34081968665122986, -0.7687380313873291, 2.5080013275146484]
[DIAG_INFER] step=131 policy_action_max=11.169202 applied_action_max=0.100000 obs_max=14.139942 history_nonzero_rows=13 position_clip=0 torque_clip=2 action=[-1.4966076612472534, 4.253846168518066, 0.8906577825546265, -11.169201850891113, 1.54970121383667, 1.7723807096481323, 7.421741008758545, -10.39807415008545, 4.962817192077637, -5.15382194519043, -5.712566375732422, 0.5182491540908813]
[DIAG_TARGET] step=131 target_error=0.000000000 default=[0.0, -0.7853981852531433, 1.8654682636260986, 0.0, -0.7853981852531433, 1.8654682636260986, 0.0, -0.7853981852531433, 1.8654682636260986, 0.0, -0.7853981852531433, 1.8654682636260986] desired=[-0.11250000447034836, -0.7750000357627869, 1.6449999809265137, 0.08749999850988388, -0.7750000357627869, 1.6449999809265137, -0.08749999850988388, -0.824999988079071, 1.6449999809265137, -1.2441174983978271, -0.824999988079071, 2.700000047683716] applied=[-0.11250000447034836, -0.7750000357627869, 1.6449999809265137, 0.08749999850988388, -0.7750000357627869, 1.6449999809265137, -0.08749999850988388, -0.824999988079071, 1.6449999809265137, -1.2441174983978271, -0.824999988079071, 2.700000047683716] current=[-0.11517402529716492, -0.7951595783233643, 1.8881107568740845, 0.2728469669818878, -0.6442888379096985, 1.8361507654190063, -0.08040580153465271, -1.0088108777999878, 1.8979363441467285, 0.3940962553024292, -0.7755699753761292, 2.591240406036377]
[DIAG_INFER] step=141 policy_action_max=13.595528 applied_action_max=0.100000 obs_max=11.169202 history_nonzero_rows=14 position_clip=0 torque_clip=4 action=[0.6599350571632385, 2.0355746746063232, 3.6175010204315186, -13.051969528198242, 3.3227379322052, -0.14864909648895264, 0.8848524689674377, -13.595527648925781, 5.65590763092041, -9.158191680908203, -3.568154811859131, -2.872831344604492]
[DIAG_TARGET] step=141 target_error=0.000000000 default=[0.0, -0.7853981852531433, 1.8654682636260986, 0.0, -0.7853981852531433, 1.8654682636260986, 0.0, -0.7853981852531433, 1.8654682636260986, 0.0, -0.7853981852531433, 1.8654682636260986] desired=[-0.08749999850988388, -0.7750000357627869, 1.6449999809265137, 0.08749999850988388, -0.7750000357627869, 1.5950000286102295, -0.35506048798561096, -0.824999988079071, 1.6449999809265137, -1.5, 0.043109893798828125, 2.518813371658325] applied=[-0.08749999850988388, -0.7750000357627869, 1.6449999809265137, 0.08749999850988388, -0.7750000357627869, 1.5950000286102295, -0.35506048798561096, -0.824999988079071, 1.6449999809265137, -1.5, 0.043109893798828125, 2.518813371658325] current=[-0.22432544827461243, -0.7768049836158752, 1.9435532093048096, 0.1791657656431198, -0.6169633865356445, 1.8195202350616455, -0.17557790875434875, -0.997856616973877, 1.9534542560577393, -0.3426583409309387, -0.7987964749336243, 2.6458663940429688]
[DIAG_INFER] step=151 policy_action_max=12.716966 applied_action_max=0.100000 obs_max=13.595528 history_nonzero_rows=15 position_clip=0 torque_clip=4 action=[12.716965675354004, 8.54039478302002, 6.2917399406433105, -10.218564987182617, 7.571292877197266, -5.028152942657471, -4.7301812171936035, -7.232975006103516, -4.6767578125, -3.45589280128479, -4.37482213973999, 6.116659164428711]
[DIAG_TARGET] step=151 target_error=0.000000000 default=[0.0, -0.7853981852531433, 1.8654682636260986, 0.0, -0.7853981852531433, 1.8654682636260986, 0.0, -0.7853981852531433, 1.8654682636260986, 0.0, -0.7853981852531433, 1.8654682636260986] desired=[-0.08749999850988388, -0.7750000357627869, 1.6449999809265137, 0.08749999850988388, -0.7750000357627869, 1.5950000286102295, -0.7314915060997009, -0.6840229034423828, 1.5950000286102295, 1.183032512664795, 0.8888092637062073, 1.6449999809265137] applied=[-0.08749999850988388, -0.7750000357627869, 1.6449999809265137, 0.08749999850988388, -0.7750000357627869, 1.5950000286102295, -0.7314915060997009, -0.6840229034423828, 1.5950000286102295, 1.183032512664795, 0.8888092637062073, 1.6449999809265137] current=[-0.22282105684280396, -0.7268455624580383, 1.9707919359207153, 0.19431959092617035, -0.6052902340888977, 1.8204703330993652, -0.21268689632415771, -0.9430414438247681, 1.9638935327529907, -0.9988234043121338, -0.34323960542678833, 2.5164332389831543]
[DIAG_INFER] step=161 policy_action_max=19.051542 applied_action_max=0.100000 obs_max=12.716966 history_nonzero_rows=15 position_clip=0 torque_clip=3 action=[10.392560005187988, 8.432440757751465, 12.846028327941895, 9.577343940734863, 2.6762893199920654, -10.774538040161133, -4.3525824546813965, 1.4740526676177979, -10.722341537475586, -4.358107566833496, -15.566482543945312, 19.051542282104492]
[DIAG_TARGET] step=161 target_error=0.000000030 default=[0.0, -0.7853981852531433, 1.8654682636260986, 0.0, -0.7853981852531433, 1.8654682636260986, 0.0, -0.7853981852531433, 1.8654682636260986, 0.0, -0.7853981852531433, 1.8654682636260986] desired=[-0.08749999850988388, -0.7750000357627869, 1.6449999809265137, 0.11250000447034836, -0.7750000357627869, 1.5950000286102295, -0.11250000447034836, 0.10180869698524475, 1.5950000286102295, 1.5, -0.6489689350128174, 1.6449999809265137] applied=[-0.08749999850988388, -0.7750000357627869, 1.6449999809265137, 0.11250000447034836, -0.7750000357627869, 1.5950000286102295, -0.11250000447034836, 0.10180872678756714, 1.5950000286102295, 1.5, -0.6489689350128174, 1.6449999809265137] current=[-0.11067536473274231, -0.6883863806724548, 1.9641751050949097, 0.3136565387248993, -0.5794655680656433, 1.8453192710876465, -0.3600784242153168, -0.8111674785614014, 1.807234525680542, -0.7303054928779602, 0.3207904100418091, 2.0081069469451904]
[DIAG_INFER] step=171 policy_action_max=6.633218 applied_action_max=0.100000 obs_max=19.051542 history_nonzero_rows=15 position_clip=0 torque_clip=4 action=[5.366396427154541, -0.2569364011287689, 4.285046100616455, -6.001041412353516, -0.8564311265945435, -2.688336133956909, -6.364384651184082, 1.4785467386245728, -6.633217811584473, 0.3421039283275604, -5.748891353607178, 3.9085140228271484]
[DIAG_TARGET] step=171 target_error=0.000000119 default=[0.0, -0.7853981852531433, 1.8654682636260986, 0.0, -0.7853981852531433, 1.8654682636260986, 0.0, -0.7853981852531433, 1.8654682636260986, 0.0, -0.7853981852531433, 1.8654682636260986] desired=[-0.08749999850988388, -0.824999988079071, 1.6449999809265137, 0.08749999850988388, -0.8004926443099976, 1.5950000286102295, 0.132301926612854, -0.7750000357627869, 1.5950000286102295, 0.24059683084487915, -0.824999988079071, -0.5458518266677856] applied=[-0.08749999850988388, -0.824999988079071, 1.6449999809265137, 0.08749999850988388, -0.8004926443099976, 1.5950000286102295, 0.132301926612854, -0.7750000357627869, 1.5950000286102295, 0.24059683084487915, -0.824999988079071, -0.5458519458770752] current=[-0.03496812656521797, -0.6770471930503845, 1.907572865486145, 0.44778135418891907, -0.5700483918190002, 1.8793654441833496, -0.34162139892578125, -0.4210505783557892, 1.6607428789138794, 0.0817708820104599, 0.14284445345401764, 1.7726041078567505]
[DIAG_INFER] step=181 policy_action_max=9.883695 applied_action_max=0.100000 obs_max=6.633218 history_nonzero_rows=15 position_clip=0 torque_clip=3 action=[6.186481475830078, -1.9875844717025757, 3.622819185256958, -4.678601264953613, -0.9730488061904907, 0.9548560380935669, -7.711342811584473, -0.6733992099761963, -0.251312255859375, -9.883694648742676, -5.145503997802734, -0.5965515375137329]
[DIAG_TARGET] step=181 target_error=0.000000000 default=[0.0, -0.7853981852531433, 1.8654682636260986, 0.0, -0.7853981852531433, 1.8654682636260986, 0.0, -0.7853981852531433, 1.8654682636260986, 0.0, -0.7853981852531433, 1.8654682636260986] desired=[-0.08749999850988388, -0.824999988079071, 1.6449999809265137, 0.08749999850988388, -0.824999988079071, 1.6449999809265137, -0.11250000447034836, -0.6210075616836548, 1.5950000286102295, -1.5, -0.824999988079071, 1.478839635848999] applied=[-0.08749999850988388, -0.824999988079071, 1.6449999809265137, 0.08749999850988388, -0.824999988079071, 1.6449999809265137, -0.11250000447034836, -0.6210075616836548, 1.5950000286102295, -1.5, -0.824999988079071, 1.478839635848999] current=[-0.16028887033462524, -0.6790555715560913, 1.8737183809280396, 0.29828789830207825, -0.5407049655914307, 1.8458260297775269, -0.25193241238594055, -0.3709758520126343, 1.7453960180282593, 0.07902266085147858, 0.1697041392326355, 1.4415990114212036]
[DIAG_INFER] step=191 policy_action_max=8.830312 applied_action_max=0.100000 obs_max=9.883695 history_nonzero_rows=15 position_clip=0 torque_clip=1 action=[2.777193784713745, -2.508396863937378, 1.9565460681915283, -5.808994293212891, 0.6443084478378296, -0.6446728110313416, -8.83031177520752, -1.675178050994873, 0.2548689842224121, -7.412051677703857, -3.9397687911987305, -1.8975749015808105]
[DIAG_TARGET] step=191 target_error=0.000000000 default=[0.0, -0.7853981852531433, 1.8654682636260986, 0.0, -0.7853981852531433, 1.8654682636260986, 0.0, -0.7853981852531433, 1.8654682636260986, 0.0, -0.7853981852531433, 1.8654682636260986] desired=[-0.08749999850988388, -0.824999988079071, 1.6449999809265137, 0.08749999850988388, -0.7750000357627869, 1.5950000286102295, -0.11250000447034836, -0.824999988079071, 1.6449999809265137, -1.5, -0.824999988079071, 1.5950000286102295] applied=[-0.08749999850988388, -0.824999988079071, 1.6449999809265137, 0.08749999850988388, -0.7750000357627869, 1.5950000286102295, -0.11250000447034836, -0.824999988079071, 1.6449999809265137, -1.5, -0.824999988079071, 1.5950000286102295] current=[-0.3029848635196686, -0.6901110410690308, 1.8647689819335938, 0.11425070464611053, -0.6120603680610657, 1.7657967805862427, -0.35094088315963745, -0.4010317027568817, 1.799392580986023, -0.36502495408058167, -0.041168875992298126, 1.6260658502578735]
[DIAG_INFER] step=201 policy_action_max=10.941566 applied_action_max=0.100000 obs_max=8.830312 history_nonzero_rows=15 position_clip=0 torque_clip=4 action=[5.834159851074219, 4.175580978393555, 5.894876956939697, 7.793003559112549, -1.6909793615341187, -7.409578800201416, -2.9273109436035156, 1.573684573173523, -2.695366144180298, -3.2852463722229004, -6.51469087600708, 10.94156551361084]
[DIAG_TARGET] step=201 target_error=0.000000000 default=[0.0, -0.7853981852531433, 1.8654682636260986, 0.0, -0.7853981852531433, 1.8654682636260986, 0.0, -0.7853981852531433, 1.8654682636260986, 0.0, -0.7853981852531433, 1.8654682636260986] desired=[-0.08749999850988388, -0.7750000357627869, 1.6449999809265137, 0.11250000447034836, -0.824999988079071, 1.5950000286102295, -0.5971654653549194, -0.7750000357627869, 1.5950000286102295, 1.5, -0.8872535228729248, 1.303444266319275] applied=[-0.08749999850988388, -0.7750000357627869, 1.6449999809265137, 0.11250000447034836, -0.824999988079071, 1.5950000286102295, -0.5971654653549194, -0.7750000357627869, 1.5950000286102295, 1.5, -0.8872535228729248, 1.303444266319275] current=[-0.2950938045978546, -0.7082757949829102, 1.8456231355667114, 0.1180538758635521, -0.7202743887901306, 1.6663926839828491, -0.3380695879459381, -0.47364136576652527, 1.8560338020324707, -0.9058895707130432, -0.35384437441825867, 1.6792596578598022]
[DIAG_INFER] step=211 policy_action_max=14.145411 applied_action_max=0.100000 obs_max=10.941566 history_nonzero_rows=15 position_clip=0 torque_clip=2 action=[5.1395697593688965, 4.664278030395508, 4.248692035675049, 9.039365768432617, -0.7926841974258423, -9.403815269470215, -6.596302509307861, 3.2036750316619873, -10.741081237792969, 2.067251443862915, -14.145410537719727, 12.77121639251709]
[DIAG_TARGET] step=211 target_error=0.000000119 default=[0.0, -0.7853981852531433, 1.8654682636260986, 0.0, -0.7853981852531433, 1.8654682636260986, 0.0, -0.7853981852531433, 1.8654682636260986, 0.0, -0.7853981852531433, 1.8654682636260986] desired=[-0.08749999850988388, -0.7750000357627869, 1.6449999809265137, 0.11250000447034836, -0.824999988079071, 1.5950000286102295, -0.11250000447034836, -0.7750000357627869, 1.5950000286102295, 1.5, -0.824999988079071, -1.7257317304611206] applied=[-0.08749999850988388, -0.7750000357627869, 1.6449999809265137, 0.11250000447034836, -0.824999988079071, 1.5950000286102295, -0.11250000447034836, -0.7750000357627869, 1.5950000286102295, 1.5, -0.824999988079071, -1.725731611251831] current=[-0.1730923354625702, -0.7185759544372559, 1.767693042755127, 0.19697795808315277, -0.8044208288192749, 1.626389980316162, -0.3412023186683655, -0.5480952262878418, 1.7998647689819336, -0.8962328433990479, -0.4924241900444031, 1.6945189237594604]
[DIAG_INFER] step=221 policy_action_max=7.939496 applied_action_max=0.100000 obs_max=14.145411 history_nonzero_rows=15 position_clip=0 torque_clip=2 action=[4.316709518432617, 2.439624547958374, 1.4499093294143677, -0.003732414683327079, -0.2831810712814331, -4.504229545593262, -7.530314922332764, 0.5514672994613647, -7.93949556350708, 7.398829936981201, -7.695091247558594, 6.5917134284973145]
[DIAG_TARGET] step=221 target_error=0.000000000 default=[0.0, -0.7853981852531433, 1.8654682636260986, 0.0, -0.7853981852531433, 1.8654682636260986, 0.0, -0.7853981852531433, 1.8654682636260986, 0.0, -0.7853981852531433, 1.8654682636260986] desired=[-0.08749999850988388, -0.7750000357627869, 1.6449999809265137, 0.09953344613313675, -0.824999988079071, 1.5950000286102295, -0.11250000447034836, -0.7750000357627869, 1.5950000286102295, 1.5, -0.824999988079071, 0.5947359800338745] applied=[-0.08749999850988388, -0.7750000357627869, 1.6449999809265137, 0.09953344613313675, -0.824999988079071, 1.5950000286102295, -0.11250000447034836, -0.7750000357627869, 1.5950000286102295, 1.5, -0.824999988079071, 0.5947359800338745] current=[-0.040513355284929276, -0.7266381978988647, 1.6922109127044678, 0.22865816950798035, -0.8343443870544434, 1.6359305381774902, -0.20195630192756653, -0.6237098574638367, 1.720862865447998, -0.7029595971107483, -0.49255454540252686, 1.70346200466156]
[DIAG_INFER] step=231 policy_action_max=6.798169 applied_action_max=0.100000 obs_max=7.939496 history_nonzero_rows=15 position_clip=0 torque_clip=0 action=[4.683128356933594, 0.44106486439704895, 2.368687868118286, -3.872720718383789, 1.0864336490631104, -1.0560535192489624, -6.798168659210205, -0.6793889999389648, -3.944889545440674, 0.902388334274292, -3.523873805999756, 1.219242811203003]
[DIAG_TARGET] step=231 target_error=0.000000000 default=[0.0, -0.7853981852531433, 1.8654682636260986, 0.0, -0.7853981852531433, 1.8654682636260986, 0.0, -0.7853981852531433, 1.8654682636260986, 0.0, -0.7853981852531433, 1.8654682636260986] desired=[-0.08749999850988388, -0.7750000357627869, 1.6449999809265137, 0.08749999850988388, -0.7750000357627869, 1.5950000286102295, -0.11250000447034836, -0.824999988079071, 1.5950000286102295, 0.11250000447034836, -0.824999988079071, 1.6449999809265137] applied=[-0.08749999850988388, -0.7750000357627869, 1.6449999809265137, 0.08749999850988388, -0.7750000357627869, 1.5950000286102295, -0.11250000447034836, -0.824999988079071, 1.5950000286102295, 0.11250000447034836, -0.824999988079071, 1.6449999809265137] current=[-0.01838168315589428, -0.7422469854354858, 1.6597051620483398, 0.26039746403694153, -0.8083038330078125, 1.6756696701049805, -0.07533889263868332, -0.6983398199081421, 1.6425092220306396, -0.4917004704475403, -0.4555419087409973, 1.6632815599441528]
[DIAG_INFER] step=241 policy_action_max=9.945099 applied_action_max=0.100000 obs_max=6.798169 history_nonzero_rows=15 position_clip=0 torque_clip=2 action=[5.407229900360107, -0.6317946910858154, 3.0112268924713135, -5.356505393981934, 1.5653343200683594, -1.3097178936004639, -9.945098876953125, -3.071129083633423, -4.507835388183594, -4.087601661682129, -4.269224166870117, 0.10717280209064484]
[DIAG_TARGET] step=241 target_error=0.000000000 default=[0.0, -0.7853981852531433, 1.8654682636260986, 0.0, -0.7853981852531433, 1.8654682636260986, 0.0, -0.7853981852531433, 1.8654682636260986, 0.0, -0.7853981852531433, 1.8654682636260986] desired=[-0.08749999850988388, -0.824999988079071, 1.6449999809265137, 0.08749999850988388, -0.7750000357627869, 1.5950000286102295, -0.11250000447034836, -0.824999988079071, 1.5950000286102295, -1.5, -0.9421600103378296, 1.6449999809265137] applied=[-0.08749999850988388, -0.824999988079071, 1.6449999809265137, 0.08749999850988388, -0.7750000357627869, 1.5950000286102295, -0.11250000447034836, -0.824999988079071, 1.5950000286102295, -1.5, -0.9421600103378296, 1.6449999809265137] current=[-0.06685970723628998, -0.7661067247390747, 1.6473218202590942, 0.24454528093338013, -0.7706161737442017, 1.6920490264892578, -0.07159347832202911, -0.7803305983543396, 1.6093871593475342, -0.25910523533821106, -0.5355167388916016, 1.7200723886489868]
[DIAG_INFER] step=251 policy_action_max=10.332003 applied_action_max=0.100000 obs_max=9.945099 history_nonzero_rows=15 position_clip=0 torque_clip=2 action=[5.498459815979004, -0.27335670590400696, 3.1629221439361572, -10.332002639770508, -0.6919586658477783, -0.7051467895507812, -6.061347484588623, -0.894527792930603, -3.4952218532562256, 1.4877712726593018, -1.1215356588363647, 1.5413498878479004]
[DIAG_TARGET] step=251 target_error=0.000000000 default=[0.0, -0.7853981852531433, 1.8654682636260986, 0.0, -0.7853981852531433, 1.8654682636260986, 0.0, -0.7853981852531433, 1.8654682636260986, 0.0, -0.7853981852531433, 1.8654682636260986] desired=[-0.08749999850988388, -0.824999988079071, 1.6449999809265137, 0.08749999850988388, -0.824999988079071, 1.5950000286102295, -0.47817713022232056, -0.824999988079071, 1.5950000286102295, 0.11250000447034836, -1.37383234500885, 1.6449999809265137] applied=[-0.08749999850988388, -0.824999988079071, 1.6449999809265137, 0.08749999850988388, -0.824999988079071, 1.5950000286102295, -0.47817713022232056, -0.824999988079071, 1.5950000286102295, 0.11250000447034836, -1.37383234500885, 1.6449999809265137] current=[-0.151849165558815, -0.7986916303634644, 1.6492398977279663, 0.11829061806201935, -0.7456591129302979, 1.6467760801315308, -0.1619500368833542, -0.8241344094276428, 1.5980738401412964, -0.6661611795425415, -0.7418716549873352, 1.6719781160354614]
[DIAG_INFER] step=261 policy_action_max=4.547979 applied_action_max=0.100000 obs_max=10.332003 history_nonzero_rows=15 position_clip=0 torque_clip=2 action=[4.289133071899414, 1.9068297147750854, 2.9252772331237793, -1.650934100151062, 1.7107142210006714, -3.772742748260498, -4.130878448486328, -2.4499270915985107, -1.5854710340499878, 4.547979354858398, -3.7934060096740723, 4.476167678833008]
[DIAG_TARGET] step=261 target_error=0.000000000 default=[0.0, -0.7853981852531433, 1.8654682636260986, 0.0, -0.7853981852531433, 1.8654682636260986, 0.0, -0.7853981852531433, 1.8654682636260986, 0.0, -0.7853981852531433, 1.8654682636260986] desired=[-0.08749999850988388, -0.7750000357627869, 1.6449999809265137, 0.08749999850988388, -0.7750000357627869, 1.5950000286102295, -0.11250000447034836, -0.824999988079071, 1.5950000286102295, 1.5, -0.8360000848770142, 1.6449999809265137] applied=[-0.08749999850988388, -0.7750000357627869, 1.6449999809265137, 0.08749999850988388, -0.7750000357627869, 1.5950000286102295, -0.11250000447034836, -0.824999988079071, 1.5950000286102295, 1.5, -0.8360000848770142, 1.6449999809265137] current=[-0.06436799466609955, -0.823677122592926, 1.6405634880065918, 0.16188731789588928, -0.7739751935005188, 1.648336410522461, -0.2234041392803192, -0.8367698788642883, 1.5844804048538208, -0.5716420412063599, -1.032688856124878, 1.6273133754730225]
[DIAG_INFER] step=271 policy_action_max=8.180202 applied_action_max=0.100000 obs_max=4.547979 history_nonzero_rows=15 position_clip=0 torque_clip=2 action=[4.787572860717773, 1.8875240087509155, 2.8244402408599854, -7.093427658081055, 3.042663335800171, -0.8466531038284302, -8.180201530456543, -1.706502914428711, -4.09683895111084, 1.849440097808838, -0.9373680353164673, 2.663783311843872]
[DIAG_TARGET] step=271 target_error=0.000000000 default=[0.0, -0.7853981852531433, 1.8654682636260986, 0.0, -0.7853981852531433, 1.8654682636260986, 0.0, -0.7853981852531433, 1.8654682636260986, 0.0, -0.7853981852531433, 1.8654682636260986] desired=[-0.08749999850988388, -0.7750000357627869, 1.6449999809265137, 0.08749999850988388, -0.7750000357627869, 1.5950000286102295, -0.11250000447034836, -0.824999988079071, 1.5950000286102295, 0.18598061800003052, 0.2571457028388977, 1.6449999809265137] applied=[-0.08749999850988388, -0.7750000357627869, 1.6449999809265137, 0.08749999850988388, -0.7750000357627869, 1.5950000286102295, -0.11250000447034836, -0.824999988079071, 1.5950000286102295, 0.18598061800003052, 0.2571457028388977, 1.6449999809265137] current=[-0.030615273863077164, -0.801074206829071, 1.6348968744277954, 0.2014005333185196, -0.7710499167442322, 1.6589388847351074, -0.19118519127368927, -0.8297690153121948, 1.5859757661819458, 0.056155428290367126, -1.0514572858810425, 1.6561005115509033]
[DIAG_INFER] step=281 policy_action_max=13.672043 applied_action_max=0.100000 obs_max=8.180202 history_nonzero_rows=15 position_clip=0 torque_clip=2 action=[8.059191703796387, -0.7263380289077759, 7.3814520835876465, -9.384517669677734, 3.306208372116089, -1.2189699411392212, -13.672042846679688, -6.530767917633057, -7.041645050048828, -7.23580265045166, -4.827236652374268, 1.4550143480300903]
[DIAG_TARGET] step=281 target_error=0.000000000 default=[0.0, -0.7853981852531433, 1.8654682636260986, 0.0, -0.7853981852531433, 1.8654682636260986, 0.0, -0.7853981852531433, 1.8654682636260986, 0.0, -0.7853981852531433, 1.8654682636260986] desired=[-0.08749999850988388, -0.824999988079071, 1.6449999809265137, 0.08749999850988388, -0.7750000357627869, 1.5950000286102295, -0.11250000447034836, -0.824999988079071, 1.5950000286102295, -1.5, -0.7814414501190186, 1.6449999809265137] applied=[-0.08749999850988388, -0.824999988079071, 1.6449999809265137, 0.08749999850988388, -0.7750000357627869, 1.5950000286102295, -0.11250000447034836, -0.824999988079071, 1.5950000286102295, -1.5, -0.7814414501190186, 1.6449999809265137] current=[-0.09715412557125092, -0.7730212807655334, 1.6411161422729492, 0.11968942731618881, -0.750817596912384, 1.6190359592437744, -0.1400776207447052, -0.8120560646057129, 1.5910975933074951, 0.15913845598697662, -0.693966805934906, 1.6290104389190674]
[DIAG_INFER] step=291 policy_action_max=17.025818 applied_action_max=0.100000 obs_max=13.672043 history_nonzero_rows=15 position_clip=0 torque_clip=2 action=[10.035901069641113, 0.43492522835731506, 7.182031154632568, -17.02581787109375, -1.557334303855896, 1.0463919639587402, -9.71335506439209, -1.6873879432678223, -6.794692039489746, 3.83054256439209, -0.13373109698295593, 2.6141953468322754]
[DIAG_TARGET] step=291 target_error=0.000000000 default=[0.0, -0.7853981852531433, 1.8654682636260986, 0.0, -0.7853981852531433, 1.8654682636260986, 0.0, -0.7853981852531433, 1.8654682636260986, 0.0, -0.7853981852531433, 1.8654682636260986] desired=[-0.08749999850988388, -0.7750000357627869, 1.6449999809265137, 0.08749999850988388, -0.824999988079071, 1.6449999809265137, -0.48127245903015137, -0.824999988079071, 1.5950000286102295, 0.11250000447034836, -1.1699494123458862, 1.6449999809265137] applied=[-0.08749999850988388, -0.7750000357627869, 1.6449999809265137, 0.08749999850988388, -0.824999988079071, 1.6449999809265137, -0.48127245903015137, -0.824999988079071, 1.5950000286102295, 0.11250000447034836, -1.1699494123458862, 1.6449999809265137] current=[-0.16432884335517883, -0.7898486256599426, 1.6485642194747925, 0.017079779878258705, -0.7528052926063538, 1.5993871688842773, -0.17056673765182495, -0.8111841082572937, 1.594691514968872, -0.44925767183303833, -0.535595715045929, 1.6334691047668457]
[DIAG_INFER] step=301 policy_action_max=7.609563 applied_action_max=0.100000 obs_max=17.025818 history_nonzero_rows=15 position_clip=0 torque_clip=1 action=[5.097200393676758, 0.5684380531311035, 4.937102794647217, -4.550267219543457, 4.216184139251709, -0.22567224502563477, -6.652791500091553, -2.4927141666412354, -4.579784393310547, 7.609562873840332, -4.460745811462402, 6.689873218536377]
[DIAG_TARGET] step=301 target_error=0.000000000 default=[0.0, -0.7853981852531433, 1.8654682636260986, 0.0, -0.7853981852531433, 1.8654682636260986, 0.0, -0.7853981852531433, 1.8654682636260986, 0.0, -0.7853981852531433, 1.8654682636260986] desired=[-0.08749999850988388, -0.7750000357627869, 1.6449999809265137, 0.08749999850988388, -0.7750000357627869, 1.5950000286102295, -0.11250000447034836, -0.824999988079071, 1.5950000286102295, 1.5, -0.824999988079071, 1.6449999809265137] applied=[-0.08749999850988388, -0.7750000357627869, 1.6449999809265137, 0.08749999850988388, -0.7750000357627869, 1.5950000286102295, -0.11250000447034836, -0.824999988079071, 1.5950000286102295, 1.5, -0.824999988079071, 1.6449999809265137] current=[-0.05624688044190407, -0.7979353666305542, 1.638352870941162, 0.12736651301383972, -0.799922525882721, 1.629015326499939, -0.21546615660190582, -0.8221979737281799, 1.5832645893096924, -0.564092755317688, -0.7672492861747742, 1.615355134010315]
[DIAG_INFER] step=311 policy_action_max=15.198718 applied_action_max=0.100000 obs_max=7.609563 history_nonzero_rows=15 position_clip=0 torque_clip=3 action=[8.340777397155762, -0.9648996591567993, 5.213581562042236, -10.218147277832031, 3.5582125186920166, -0.3112748861312866, -15.198718070983887, -6.343500137329102, -7.876250267028809, -1.9922915697097778, -2.6452693939208984, -0.04417191445827484]
[DIAG_TARGET] step=311 target_error=0.000000000 default=[0.0, -0.7853981852531433, 1.8654682636260986, 0.0, -0.7853981852531433, 1.8654682636260986, 0.0, -0.7853981852531433, 1.8654682636260986, 0.0, -0.7853981852531433, 1.8654682636260986] desired=[-0.08749999850988388, -0.824999988079071, 1.6449999809265137, 0.08749999850988388, -0.7750000357627869, 1.5950000286102295, 0.23695918917655945, -0.824999988079071, 1.5950000286102295, -0.7399689555168152, -0.7359083890914917, 1.608957052230835] applied=[-0.08749999850988388, -0.824999988079071, 1.6449999809265137, 0.08749999850988388, -0.7750000357627869, 1.5950000286102295, 0.23695918917655945, -0.824999988079071, 1.5950000286102295, -0.7399689555168152, -0.7359083890914917, 1.608957052230835] current=[-0.012205603532493114, -0.7815545797348022, 1.6332863569259644, 0.2051076591014862, -0.8161419630050659, 1.6086610555648804, -0.17976537346839905, -0.8296175003051758, 1.5841689109802246, 0.185320645570755, -0.8406800031661987, 1.5866036415100098]
[DIAG_INFER] step=321 policy_action_max=20.290483 applied_action_max=0.100000 obs_max=15.198718 history_nonzero_rows=15 position_clip=0 torque_clip=1 action=[10.491539001464844, -0.42687687277793884, 9.981910705566406, -14.767663955688477, 1.7457302808761597, -2.1269705295562744, -20.290483474731445, -7.8476691246032715, -8.415169715881348, -11.524605751037598, -6.670085906982422, -2.6422884464263916]
[DIAG_TARGET] step=321 target_error=0.000000000 default=[0.0, -0.7853981852531433, 1.8654682636260986, 0.0, -0.7853981852531433, 1.8654682636260986, 0.0, -0.7853981852531433, 1.8654682636260986, 0.0, -0.7853981852531433, 1.8654682636260986] desired=[-0.08749999850988388, -0.824999988079071, 1.6449999809265137, 0.08749999850988388, -0.7750000357627869, 1.5950000286102295, -0.11250000447034836, -0.824999988079071, 1.5950000286102295, -1.5, -0.824999988079071, 1.5950000286102295] applied=[-0.08749999850988388, -0.824999988079071, 1.6449999809265137, 0.08749999850988388, -0.7750000357627869, 1.5950000286102295, -0.11250000447034836, -0.824999988079071, 1.5950000286102295, -1.5, -0.824999988079071, 1.5950000286102295] current=[-0.13843603432178497, -0.7855562567710876, 1.6429989337921143, 0.061974141746759415, -0.7821951508522034, 1.5864373445510864, -0.06945350021123886, -0.8213356733322144, 1.594775676727295, 0.16866393387317657, -0.8108713030815125, 1.6076563596725464]
[DIAG_INFER] step=331 policy_action_max=16.153008 applied_action_max=0.100000 obs_max=20.290483 history_nonzero_rows=15 position_clip=0 torque_clip=3 action=[10.831563949584961, 0.26853516697883606, 9.616693496704102, -16.15300750732422, -2.8399853706359863, -0.4964672327041626, -11.076602935791016, -0.5998075604438782, -9.890091896057129, 6.3704657554626465, -2.125959634780884, 6.69536018371582]
[DIAG_TARGET] step=331 target_error=0.000000000 default=[0.0, -0.7853981852531433, 1.8654682636260986, 0.0, -0.7853981852531433, 1.8654682636260986, 0.0, -0.7853981852531433, 1.8654682636260986, 0.0, -0.7853981852531433, 1.8654682636260986] desired=[-0.08749999850988388, -0.7750000357627869, 1.6449999809265137, 0.08749999850988388, -0.824999988079071, 1.5950000286102295, -0.6403111219406128, -0.824999988079071, 1.5950000286102295, 1.4852800369262695, -0.9447745084762573, 1.6449999809265137] applied=[-0.08749999850988388, -0.7750000357627869, 1.6449999809265137, 0.08749999850988388, -0.824999988079071, 1.5950000286102295, -0.6403111219406128, -0.824999988079071, 1.5950000286102295, 1.4852800369262695, -0.9447745084762573, 1.6449999809265137] current=[-0.1745564043521881, -0.807565450668335, 1.6478395462036133, 0.0024981724563986063, -0.7589720487594604, 1.5885273218154907, -0.05004173889756203, -0.8076143860816956, 1.59307861328125, -0.616491973400116, -0.7715887427330017, 1.5437215566635132]
[DIAG_INFER] step=341 policy_action_max=11.487755 applied_action_max=0.100000 obs_max=16.153008 history_nonzero_rows=15 position_clip=0 torque_clip=1 action=[6.616608619689941, 0.40446820855140686, 6.013816833496094, -4.147827625274658, 4.529559135437012, -0.8668824434280396, -11.487754821777344, -2.712972640991211, -8.01925277709961, 9.530143737792969, -7.00109338760376, 9.459096908569336]
[DIAG_TARGET] step=341 target_error=0.000000000 default=[0.0, -0.7853981852531433, 1.8654682636260986, 0.0, -0.7853981852531433, 1.8654682636260986, 0.0, -0.7853981852531433, 1.8654682636260986, 0.0, -0.7853981852531433, 1.8654682636260986] desired=[-0.08749999850988388, -0.7750000357627869, 1.6449999809265137, 0.08749999850988388, -0.7750000357627869, 1.5950000286102295, -0.11250000447034836, -0.824999988079071, 1.5950000286102295, 1.5, -0.824999988079071, 1.6449999809265137] applied=[-0.08749999850988388, -0.7750000357627869, 1.6449999809265137, 0.08749999850988388, -0.7750000357627869, 1.5950000286102295, -0.11250000447034836, -0.824999988079071, 1.5950000286102295, 1.5, -0.824999988079071, 1.6449999809265137] current=[-0.06264080107212067, -0.8079903721809387, 1.637844443321228, 0.12677283585071564, -0.7934914827346802, 1.6001734733581543, -0.21389411389827728, -0.8080918788909912, 1.5766479969024658, -0.6675149202346802, -0.7724824547767639, 1.5738914012908936]
[DIAG_INFER] step=351 policy_action_max=16.454149 applied_action_max=0.100000 obs_max=11.487755 history_nonzero_rows=15 position_clip=0 torque_clip=2 action=[10.021865844726562, -1.0508688688278198, 6.205805778503418, -12.64178466796875, 3.6316816806793213, 0.18087410926818848, -16.45414924621582, -3.6563189029693604, -8.379134178161621, 1.0916069746017456, -1.5890007019042969, 0.24134917557239532]
[DIAG_TARGET] step=351 target_error=0.000000000 default=[0.0, -0.7853981852531433, 1.8654682636260986, 0.0, -0.7853981852531433, 1.8654682636260986, 0.0, -0.7853981852531433, 1.8654682636260986, 0.0, -0.7853981852531433, 1.8654682636260986] desired=[-0.08749999850988388, -0.824999988079071, 1.6449999809265137, 0.08749999850988388, -0.7750000357627869, 1.6449999809265137, 0.17613784968852997, -0.824999988079071, 1.5950000286102295, 0.11250000447034836, -0.3634434938430786, 1.6449999809265137] applied=[-0.08749999850988388, -0.824999988079071, 1.6449999809265137, 0.08749999850988388, -0.7750000357627869, 1.6449999809265137, 0.17613784968852997, -0.824999988079071, 1.5950000286102295, 0.11250000447034836, -0.3634434938430786, 1.6449999809265137] current=[-0.005069813225418329, -0.7835460305213928, 1.6332887411117554, 0.20687663555145264, -0.8142297267913818, 1.5975486040115356, -0.22728584706783295, -0.8176168203353882, 1.582493543624878, 0.1258377730846405, -0.7491605877876282, 1.5827462673187256]
[DIAG_INFER] step=361 policy_action_max=16.777868 applied_action_max=0.100000 obs_max=16.454149 history_nonzero_rows=15 position_clip=0 torque_clip=1 action=[11.296415328979492, 0.36454644799232483, 12.6654691696167, -15.48651123046875, 1.2149475812911987, -0.807542085647583, -16.777868270874023, -6.996693134307861, -8.438013076782227, -8.123075485229492, -5.352142333984375, -1.6430717706680298]
[DIAG_TARGET] step=361 target_error=0.000000000 default=[0.0, -0.7853981852531433, 1.8654682636260986, 0.0, -0.7853981852531433, 1.8654682636260986, 0.0, -0.7853981852531433, 1.8654682636260986, 0.0, -0.7853981852531433, 1.8654682636260986] desired=[-0.08749999850988388, -0.7750000357627869, 1.6449999809265137, 0.08749999850988388, -0.7750000357627869, 1.5950000286102295, -0.11250000447034836, -0.824999988079071, 1.5950000286102295, -1.5, -0.824999988079071, 1.5950000286102295] applied=[-0.08749999850988388, -0.7750000357627869, 1.6449999809265137, 0.08749999850988388, -0.7750000357627869, 1.5950000286102295, -0.11250000447034836, -0.824999988079071, 1.5950000286102295, -1.5, -0.824999988079071, 1.5950000286102295] current=[-0.09965253621339798, -0.7808800935745239, 1.640710473060608, 0.09822028130292892, -0.7883498072624207, 1.6107094287872314, -0.1002691239118576, -0.8170292973518372, 1.5934706926345825, 0.3624888062477112, -0.5910060405731201, 1.6174067258834839]
[DIAG_INFER] step=371 policy_action_max=15.086390 applied_action_max=0.100000 obs_max=16.777868 history_nonzero_rows=15 position_clip=0 torque_clip=3 action=[12.775053024291992, -2.092728853225708, 6.989738464355469, -15.086389541625977, 1.7181602716445923, 0.7440170049667358, -13.120230674743652, -0.17620599269866943, -7.869329452514648, 3.135371446609497, -1.8284049034118652, 3.6660356521606445]
[DIAG_TARGET] step=371 target_error=0.000000000 default=[0.0, -0.7853981852531433, 1.8654682636260986, 0.0, -0.7853981852531433, 1.8654682636260986, 0.0, -0.7853981852531433, 1.8654682636260986, 0.0, -0.7853981852531433, 1.8654682636260986] desired=[-0.08749999850988388, -0.824999988079071, 1.6449999809265137, 0.08749999850988388, -0.7750000357627869, 1.6449999809265137, -0.3265094459056854, -0.824999988079071, 1.5950000286102295, 1.3499655723571777, 0.4132896065711975, 1.6449999809265137] applied=[-0.08749999850988388, -0.824999988079071, 1.6449999809265137, 0.08749999850988388, -0.7750000357627869, 1.6449999809265137, -0.3265094459056854, -0.824999988079071, 1.5950000286102295, 1.3499655723571777, 0.4132896065711975, 1.6449999809265137] current=[-0.16431723535060883, -0.7632881999015808, 1.6558668613433838, -0.05814671888947487, -0.7747324109077454, 1.602169156074524, -0.09712552279233932, -0.7841637134552002, 1.597961187362671, -0.2736833691596985, -0.6009411215782166, 1.581813097000122]
[DIAG_INFER] step=381 policy_action_max=12.941431 applied_action_max=0.100000 obs_max=15.086390 history_nonzero_rows=15 position_clip=0 torque_clip=3 action=[12.941431045532227, 5.400262832641602, 11.358078002929688, 2.6206438541412354, -0.932831883430481, -7.155946731567383, -9.17883014678955, -4.2611894607543945, -9.887563705444336, 3.490793466567993, -9.517560005187988, 11.555295944213867]
[DIAG_TARGET] step=381 target_error=0.000000000 default=[0.0, -0.7853981852531433, 1.8654682636260986, 0.0, -0.7853981852531433, 1.8654682636260986, 0.0, -0.7853981852531433, 1.8654682636260986, 0.0, -0.7853981852531433, 1.8654682636260986] desired=[-0.08749999850988388, -0.7750000357627869, 1.6449999809265137, 0.11250000447034836, -0.824999988079071, 1.5950000286102295, -0.11250000447034836, -0.4967658817768097, 1.5950000286102295, 1.5, -1.1946042776107788, 1.6449999809265137] applied=[-0.08749999850988388, -0.7750000357627869, 1.6449999809265137, 0.11250000447034836, -0.824999988079071, 1.5950000286102295, -0.11250000447034836, -0.4967658817768097, 1.5950000286102295, 1.5, -1.1946042776107788, 1.6449999809265137] current=[-0.020897842943668365, -0.768204927444458, 1.646382212638855, 0.061544690281152725, -0.7851176857948303, 1.6290756464004517, -0.0899316743016243, -0.7741051912307739, 1.5908446311950684, -0.254648357629776, -0.19718137383460999, 1.5385313034057617]
[DIAG_INFER] step=391 policy_action_max=17.695919 applied_action_max=0.100000 obs_max=12.941431 history_nonzero_rows=15 position_clip=0 torque_clip=2 action=[10.699588775634766, -4.262551307678223, 7.227782249450684, -9.955760955810547, 5.67277193069458, -0.9403420686721802, -17.695919036865234, -0.5103641748428345, -7.8264546394348145, -4.462283134460449, -3.758758306503296, 1.4404598474502563]
[DIAG_TARGET] step=391 target_error=0.000000000 default=[0.0, -0.7853981852531433, 1.8654682636260986, 0.0, -0.7853981852531433, 1.8654682636260986, 0.0, -0.7853981852531433, 1.8654682636260986, 0.0, -0.7853981852531433, 1.8654682636260986] desired=[-0.08749999850988388, -0.824999988079071, 1.6449999809265137, 0.08749999850988388, -0.7750000357627869, 1.5950000286102295, 0.5809808373451233, -0.824999988079071, 1.5950000286102295, -1.0839285850524902, -0.824999988079071, 1.6449999809265137] applied=[-0.08749999850988388, -0.824999988079071, 1.6449999809265137, 0.08749999850988388, -0.7750000357627869, 1.5950000286102295, 0.5809808373451233, -0.824999988079071, 1.5950000286102295, -1.0839285850524902, -0.824999988079071, 1.6449999809265137] current=[0.01217045821249485, -0.7709883451461792, 1.6338913440704346, 0.15476496517658234, -0.8154993057250977, 1.6078732013702393, -0.12801966071128845, -0.6690042614936829, 1.5782917737960815, 0.53366619348526, -0.31713271141052246, 1.623913288116455]
[DIAG_INFER] step=399 policy_action_max=1.248121 applied_action_max=0.100000 obs_max=1.000000 history_nonzero_rows=0 position_clip=0 torque_clip=0 action=[-0.19197054207324982, 0.642443060874939, -0.24320265650749207, -0.12731775641441345, 0.7155736684799194, 0.4644811749458313, 0.1710740625858307, -1.2481211423873901, 0.8329904079437256, 0.16779884696006775, -0.6457258462905884, -0.7750468254089355]
[DIAG_TARGET] step=399 target_error=0.000000000 default=[0.0, -0.7853981852531433, 1.8654682636260986, 0.0, -0.7853981852531433, 1.8654682636260986, 0.0, -0.7853981852531433, 1.8654682636260986, 0.0, -0.7853981852531433, 1.8654682636260986] desired=[-0.11250000447034836, -0.7750000357627869, 1.5950000286102295, 0.08749999850988388, -0.7750000357627869, 1.6449999809265137, -0.08749999850988388, -0.824999988079071, 1.6449999809265137, 0.11250000447034836, -0.824999988079071, 1.5950000286102295] applied=[-0.11250000447034836, -0.7750000357627869, 1.5950000286102295, 0.08749999850988388, -0.7750000357627869, 1.6449999809265137, -0.08749999850988388, -0.824999988079071, 1.6449999809265137, 0.11250000447034836, -0.824999988079071, 1.5950000286102295] current=[-0.0009819805854931474, -0.7843525409698486, 1.8594883680343628, 0.0009789145551621914, -0.7845214605331421, 1.858573317527771, -0.0007993113831616938, -0.7848277688026428, 1.861013650894165, 0.0011570167262107134, -0.7845503091812134, 1.8598905801773071]
[DIAG_INFER] step=409 policy_action_max=6.027424 applied_action_max=0.100000 obs_max=2.990054 history_nonzero_rows=1 position_clip=0 torque_clip=3 action=[6.027423858642578, 1.275863528251648, 1.9917774200439453, -1.5802438259124756, 0.7928118109703064, -0.3967543840408325, -5.7295708656311035, -1.4662431478500366, -4.995659828186035, -5.0946574211120605, -2.635958194732666, 0.9769362211227417]
[DIAG_TARGET] step=409 target_error=0.000000000 default=[0.0, -0.7853981852531433, 1.8654682636260986, 0.0, -0.7853981852531433, 1.8654682636260986, 0.0, -0.7853981852531433, 1.8654682636260986, 0.0, -0.7853981852531433, 1.8654682636260986] desired=[-0.08749999850988388, -0.7750000357627869, 1.6449999809265137, 0.08749999850988388, -0.7750000357627869, 1.5950000286102295, -0.11250000447034836, -0.824999988079071, 1.5950000286102295, -0.3823266625404358, 0.37203651666641235, -0.08357715606689453] applied=[-0.08749999850988388, -0.7750000357627869, 1.6449999809265137, 0.08749999850988388, -0.7750000357627869, 1.5950000286102295, -0.11250000447034836, -0.824999988079071, 1.5950000286102295, -0.3823266625404358, 0.37203651666641235, -0.08357715606689453] current=[-0.02798447385430336, -0.7421877384185791, 1.7930333614349365, 0.029391204938292503, -0.7494545578956604, 1.7788583040237427, -0.02896963618695736, -0.7618871331214905, 1.8144800662994385, 0.030644487589597702, -0.7515687942504883, 1.7972415685653687]
[DIAG_INFER] step=419 policy_action_max=13.749335 applied_action_max=0.100000 obs_max=6.027424 history_nonzero_rows=2 position_clip=0 torque_clip=2 action=[9.537318229675293, -2.5860188007354736, 5.270547389984131, -2.7291014194488525, 2.325413942337036, 0.2594473361968994, -13.233771324157715, -2.328200578689575, -4.393141746520996, -13.749335289001465, -6.33774471282959, 1.022790789604187]
[DIAG_TARGET] step=419 target_error=0.000000000 default=[0.0, -0.7853981852531433, 1.8654682636260986, 0.0, -0.7853981852531433, 1.8654682636260986, 0.0, -0.7853981852531433, 1.8654682636260986, 0.0, -0.7853981852531433, 1.8654682636260986] desired=[-0.08749999850988388, -0.824999988079071, 1.6449999809265137, 0.08749999850988388, -0.7750000357627869, 1.6449999809265137, -0.11250000447034836, -0.824999988079071, 1.5950000286102295, -1.5, 0.3977685570716858, 1.6449999809265137] applied=[-0.08749999850988388, -0.824999988079071, 1.6449999809265137, 0.08749999850988388, -0.7750000357627869, 1.6449999809265137, -0.11250000447034836, -0.824999988079071, 1.5950000286102295, -1.5, 0.3977685570716858, 1.6449999809265137] current=[-0.132314994931221, -0.7055338621139526, 1.7751308679580688, -0.02285161055624485, -0.7080813646316528, 1.6819096803665161, -0.10755112022161484, -0.7140225172042847, 1.7710386514663696, -0.06884604692459106, -0.6198644638061523, 1.650370717048645]
[DIAG_INFER] step=429 policy_action_max=4.528047 applied_action_max=0.100000 obs_max=13.749335 history_nonzero_rows=3 position_clip=0 torque_clip=4 action=[3.269261360168457, -4.52804708480835, 2.6372649669647217, -4.516207218170166, 3.192859649658203, 3.1287059783935547, -0.1320745348930359, -2.073272943496704, 0.4794480800628662, -3.6602654457092285, -0.9799337387084961, 2.54127836227417]
[DIAG_TARGET] step=429 target_error=0.000000000 default=[0.0, -0.7853981852531433, 1.8654682636260986, 0.0, -0.7853981852531433, 1.8654682636260986, 0.0, -0.7853981852531433, 1.8654682636260986, 0.0, -0.7853981852531433, 1.8654682636260986] desired=[-0.08749999850988388, -0.824999988079071, 1.6449999809265137, 0.08749999850988388, -0.7750000357627869, 1.6449999809265137, -0.5171875357627869, -0.48939669132232666, 1.6449999809265137, -0.5476611256599426, -0.824999988079071, 2.700000047683716] applied=[-0.08749999850988388, -0.824999988079071, 1.6449999809265137, 0.08749999850988388, -0.7750000357627869, 1.6449999809265137, -0.5171875357627869, -0.48939669132232666, 1.6449999809265137, -0.5476611256599426, -0.824999988079071, 2.700000047683716] current=[-0.2241670936346054, -0.6842664480209351, 1.816728949546814, -0.013266593217849731, -0.717820942401886, 1.6557167768478394, -0.17441029846668243, -0.700278103351593, 1.7255979776382446, -0.6387999653816223, -0.18801523745059967, 1.63871431350708]
[DIAG_INFER] step=439 policy_action_max=6.739728 applied_action_max=0.100000 obs_max=4.528047 history_nonzero_rows=4 position_clip=0 torque_clip=1 action=[6.7397284507751465, 3.5583300590515137, 1.9596493244171143, -1.3556751012802124, -0.42731159925460815, -4.408581256866455, 0.398017942905426, -0.9163915514945984, -0.7290027737617493, 3.377683401107788, -3.4851884841918945, 3.2309670448303223]
[DIAG_TARGET] step=439 target_error=0.000000000 default=[0.0, -0.7853981852531433, 1.8654682636260986, 0.0, -0.7853981852531433, 1.8654682636260986, 0.0, -0.7853981852531433, 1.8654682636260986, 0.0, -0.7853981852531433, 1.8654682636260986] desired=[-0.08749999850988388, -0.7750000357627869, 1.6449999809265137, 0.08749999850988388, -0.824999988079071, 1.5950000286102295, -0.08749999850988388, -0.824999988079071, 1.5950000286102295, 1.2778263092041016, -0.824999988079071, 1.6449999809265137] applied=[-0.08749999850988388, -0.7750000357627869, 1.6449999809265137, 0.08749999850988388, -0.824999988079071, 1.5950000286102295, -0.08749999850988388, -0.824999988079071, 1.5950000286102295, 1.2778263092041016, -0.824999988079071, 1.6449999809265137] current=[-0.17562280595302582, -0.6890448927879333, 1.8305758237838745, 0.11996952444314957, -0.765720546245575, 1.6470948457717896, -0.25442129373550415, -0.6307498812675476, 1.6686930656433105, -0.8478443026542664, -0.2659633457660675, 2.133072853088379]
[DIAG_INFER] step=449 policy_action_max=7.874029 applied_action_max=0.100000 obs_max=6.739728 history_nonzero_rows=5 position_clip=0 torque_clip=2 action=[5.5127854347229, 3.7113521099090576, 4.124891757965088, 2.9283828735351562, 2.3944251537323, -5.695505142211914, -2.049572229385376, 2.2843334674835205, -2.4022278785705566, 0.5297975540161133, -7.874029159545898, 6.319220066070557]
[DIAG_TARGET] step=449 target_error=0.000000000 default=[0.0, -0.7853981852531433, 1.8654682636260986, 0.0, -0.7853981852531433, 1.8654682636260986, 0.0, -0.7853981852531433, 1.8654682636260986, 0.0, -0.7853981852531433, 1.8654682636260986] desired=[-0.08749999850988388, -0.7750000357627869, 1.6449999809265137, 0.11250000447034836, -0.7750000357627869, 1.5950000286102295, -0.11250000447034836, -0.7750000357627869, 1.5950000286102295, 1.5, -0.824999988079071, 1.0366240739822388] applied=[-0.08749999850988388, -0.7750000357627869, 1.6449999809265137, 0.11250000447034836, -0.7750000357627869, 1.5950000286102295, -0.11250000447034836, -0.7750000357627869, 1.5950000286102295, 1.5, -0.824999988079071, 1.0366240739822388] current=[-0.07105626910924911, -0.6898191571235657, 1.7900067567825317, 0.2167282998561859, -0.8170603513717651, 1.622870922088623, -0.16947804391384125, -0.6859897971153259, 1.6366022825241089, -0.15659910440444946, -0.5477061867713928, 1.790152907371521]
[DIAG_INFER] step=459 policy_action_max=3.852523 applied_action_max=0.100000 obs_max=7.874029 history_nonzero_rows=6 position_clip=0 torque_clip=1 action=[2.743685722351074, 1.1276907920837402, 2.07338547706604, 0.6081624627113342, 2.8017947673797607, -1.867571234703064, -2.4024863243103027, 1.4023020267486572, -1.4053114652633667, -0.7674148082733154, -3.8525233268737793, 1.8747700452804565]
[DIAG_TARGET] step=459 target_error=0.000000000 default=[0.0, -0.7853981852531433, 1.8654682636260986, 0.0, -0.7853981852531433, 1.8654682636260986, 0.0, -0.7853981852531433, 1.8654682636260986, 0.0, -0.7853981852531433, 1.8654682636260986] desired=[-0.08749999850988388, -0.7750000357627869, 1.6449999809265137, 0.11250000447034836, -0.7750000357627869, 1.5950000286102295, 0.6713393330574036, -0.7750000357627869, 1.5950000286102295, 0.08749999850988388, -0.824999988079071, 1.6449999809265137] applied=[-0.08749999850988388, -0.7750000357627869, 1.6449999809265137, 0.11250000447034836, -0.7750000357627869, 1.5950000286102295, 0.6713393330574036, -0.7750000357627869, 1.5950000286102295, 0.08749999850988388, -0.824999988079071, 1.6449999809265137] current=[-0.04288400709629059, -0.6985678672790527, 1.758047342300415, 0.17637944221496582, -0.8269627094268799, 1.6004375219345093, -0.1305452138185501, -0.7581984996795654, 1.608502984046936, 0.6514608860015869, -0.6797560453414917, 1.3407833576202393]
[DIAG_INFER] step=469 policy_action_max=4.748532 applied_action_max=0.100000 obs_max=3.852523 history_nonzero_rows=7 position_clip=0 torque_clip=1 action=[3.009321928024292, -0.06176444888114929, 1.1467794179916382, -0.8337129354476929, 1.8252825736999512, 0.7914733290672302, -0.3575723171234131, -2.245387077331543, 0.4924224615097046, -4.748532295227051, -2.0284974575042725, -2.1067452430725098]
[DIAG_TARGET] step=469 target_error=0.000000000 default=[0.0, -0.7853981852531433, 1.8654682636260986, 0.0, -0.7853981852531433, 1.8654682636260986, 0.0, -0.7853981852531433, 1.8654682636260986, 0.0, -0.7853981852531433, 1.8654682636260986] desired=[-0.08749999850988388, -0.8154411315917969, 1.6449999809265137, 0.08749999850988388, -0.7750000357627869, 1.6449999809265137, -0.11250000447034836, -0.824999988079071, 1.6449999809265137, -1.5, -0.824999988079071, 1.5950000286102295] applied=[-0.08749999850988388, -0.8154411315917969, 1.6449999809265137, 0.08749999850988388, -0.7750000357627869, 1.6449999809265137, -0.11250000447034836, -0.824999988079071, 1.6449999809265137, -1.5, -0.824999988079071, 1.5950000286102295] current=[-0.09237561374902725, -0.7060335278511047, 1.7574783563613892, 0.058696720749139786, -0.779501736164093, 1.5918289422988892, 0.14477157592773438, -0.7757042050361633, 1.610655426979065, 0.7662606239318848, -0.8170120120048523, 1.5068475008010864]
[DIAG_INFER] step=479 policy_action_max=15.557014 applied_action_max=0.100000 obs_max=4.748532 history_nonzero_rows=8 position_clip=0 torque_clip=2 action=[-2.2866809368133545, 4.659615516662598, 4.592291831970215, -12.340546607971191, 4.2667670249938965, 0.6005924344062805, 1.8386297225952148, -15.557014465332031, 9.167486190795898, -12.09951114654541, -4.045143127441406, -6.76160192489624]
[DIAG_TARGET] step=479 target_error=0.000000000 default=[0.0, -0.7853981852531433, 1.8654682636260986, 0.0, -0.7853981852531433, 1.8654682636260986, 0.0, -0.7853981852531433, 1.8654682636260986, 0.0, -0.7853981852531433, 1.8654682636260986] desired=[-0.11250000447034836, -0.7750000357627869, 1.6449999809265137, 0.08749999850988388, -0.7750000357627869, 1.6449999809265137, -0.08749999850988388, -0.824999988079071, 1.6449999809265137, -1.5, -0.824999988079071, 2.700000047683716] applied=[-0.11250000447034836, -0.7750000357627869, 1.6449999809265137, 0.08749999850988388, -0.7750000357627869, 1.6449999809265137, -0.08749999850988388, -0.824999988079071, 1.6449999809265137, -1.5, -0.824999988079071, 2.700000047683716] current=[-0.2224966287612915, -0.7002315521240234, 1.8343490362167358, -0.047681450843811035, -0.74300217628479, 1.6166460514068604, 0.11929234117269516, -0.7769775986671448, 1.6232134103775024, -0.006898924242705107, -0.8498464226722717, 1.5611828565597534]
[DIAG_INFER] step=489 policy_action_max=19.862413 applied_action_max=0.100000 obs_max=15.557014 history_nonzero_rows=9 position_clip=0 torque_clip=3 action=[6.044729232788086, 9.407610893249512, 1.3985016345977783, -19.86241340637207, 4.867305278778076, 1.5139787197113037, 3.2060303688049316, -15.22568130493164, 2.8377606868743896, 2.356105089187622, -5.899629592895508, -2.128922939300537]
[DIAG_TARGET] step=489 target_error=0.000000000 default=[0.0, -0.7853981852531433, 1.8654682636260986, 0.0, -0.7853981852531433, 1.8654682636260986, 0.0, -0.7853981852531433, 1.8654682636260986, 0.0, -0.7853981852531433, 1.8654682636260986] desired=[-0.08749999850988388, -0.7750000357627869, 1.6449999809265137, 0.08749999850988388, -0.7750000357627869, 1.6449999809265137, -0.7900941371917725, -0.824999988079071, 1.6449999809265137, 0.11250000447034836, 0.7141252160072327, 2.700000047683716] applied=[-0.08749999850988388, -0.7750000357627869, 1.6449999809265137, 0.08749999850988388, -0.7750000357627869, 1.6449999809265137, -0.7900941371917725, -0.824999988079071, 1.6449999809265137, 0.11250000447034836, 0.7141252160072327, 2.700000047683716] current=[-0.2548629641532898, -0.6596457362174988, 1.8995610475540161, 0.05564557760953903, -0.7557964324951172, 1.6328541040420532, 0.026048582047224045, -0.7981533408164978, 1.6330358982086182, -0.8056594133377075, -0.7879689335823059, 2.080491065979004]
[DIAG_INFER] step=499 policy_action_max=18.334753 applied_action_max=0.100000 obs_max=19.862413 history_nonzero_rows=10 position_clip=0 torque_clip=4 action=[18.334753036499023, 8.201432228088379, 12.706045150756836, -11.321343421936035, 7.092803478240967, -2.405181407928467, -6.619970798492432, -6.082906246185303, -5.8435444831848145, 3.2856850624084473, -7.057712554931641, 4.571203708648682]
[DIAG_TARGET] step=499 target_error=0.000000022 default=[0.0, -0.7853981852531433, 1.8654682636260986, 0.0, -0.7853981852531433, 1.8654682636260986, 0.0, -0.7853981852531433, 1.8654682636260986, 0.0, -0.7853981852531433, 1.8654682636260986] desired=[-0.08749999850988388, -0.7750000357627869, 1.6449999809265137, 0.08749999850988388, -0.7750000357627869, 1.5950000286102295, -0.11250000447034836, -0.04060652107000351, 1.5950000286102295, 1.5, -0.11245954036712646, 2.1589648723602295] applied=[-0.08749999850988388, -0.7750000357627869, 1.6449999809265137, 0.08749999850988388, -0.7750000357627869, 1.5950000286102295, -0.11250000447034836, -0.04060649871826172, 1.5950000286102295, 1.5, -0.11245954036712646, 2.1589648723602295] current=[-0.18364335596561432, -0.6184130907058716, 1.93949294090271, 0.16782787442207336, -0.7780201435089111, 1.643092155456543, -0.14301414787769318, -0.8186735510826111, 1.7211194038391113, -0.7325872182846069, -0.07736863195896149, 2.3415815830230713]
[STAGE] video_encoding_start
[SUMMARY] {"task": "YoboGo-Velocity-Flat-v0", "mode": "smoke", "yobogo_walk_speed_m_s": 0.15, "rapid_walk_speed_m_s": 0.3, "adaptation_weight": "/run/media/pma213x/0C6A8CC86A8CAFCE/Ubuntu2/CodeU/Dog1/mini-cheetah-isaaclab/external_models/rapid-locomotion-rl/runs/rapid-locomotion/example/train/201852.132488/checkpoints/adaptation_module_latest.jit", "body_weight": "/run/media/pma213x/0C6A8CC86A8CAFCE/Ubuntu2/CodeU/Dog1/mini-cheetah-isaaclab/external_models/rapid-locomotion-rl/runs/rapid-locomotion/example/train/201852.132488/checkpoints/body_latest.jit", "completed_steps": 500, "inference_steps": 51, "expected_inference_steps": 50, "reset_count": 1, "safety_clip_count": 113, "position_clip_count": 0, "torque_clip_count": 113, "large_action_inference_count": 26, "official_clip_inference_count": 0, "max_abs_rapid_action": 0.10000000149011612, "max_abs_policy_action": 20.290483474731445, "ood_guard_count": 606, "base_height_min_m": 0.1354062706232071, "max_abs_roll_deg": 142.15052173451335, "max_abs_pitch_deg": 19.54877805507811, "xy_displacement_m": 0.8004666566848755, "mean_measured_velocity_m_s": -0.4681044438481331, "final_command": [0.15000000596046448, 0.0, 0.0], "terminated_steps": 1, "stability_errors": ["base_height_min=0.135406<0.15", "max_abs_roll_deg=142.151>=45", "terminated_steps=1>0"], "interface_ok": true, "stable_walking": false, "video": null, "video_frames_written": 0}
[SCHEDULE] reset_compensated actual=51 base_expected=50 resets=1
Traceback (most recent call last):
  File "/run/media/pma213x/0C6A8CC86A8CAFCE/Ubuntu2/CodeU/Dog1/mini-cheetah-isaaclab/training/scripts/play_rapid.py", line 670, in <module>
    exit_code = main()
  File "/run/media/pma213x/0C6A8CC86A8CAFCE/Ubuntu2/CodeU/Dog1/mini-cheetah-isaaclab/training/scripts/play_rapid.py", line 655, in main
    raise RuntimeError(
RuntimeError: 稳定性 Gate 失败：base_height_min=0.135406<0.15；max_abs_roll_deg=142.151>=45；terminated_steps=1>0
