[3gH    H    H    H    H    H    H    H    H    H    H    H    H    H    H    H    H    H    H    H   [INFO] Using python from: /home/pma213x/.venvs/minicheetah-isaaclab/bin/python
[INFO][AppLauncher]: Loading experience file: /home/pma213x/IsaacLab/apps/isaaclab.python.headless.kit
[Warning] [simulation_app.simulation_app] Modules: ['omni.kit_app'] were loaded before SimulationApp was started and might not be loaded correctly.
[Warning] [simulation_app.simulation_app] Please check to make sure no extra omniverse or pxr modules are imported before the call to SimulationApp(...)
Loading user config located at: '/home/pma213x/.venvs/minicheetah-isaaclab/lib/python3.10/site-packages/omni/data/Kit/Isaac-Sim/4.5/user.config.json'
[Info] [carb] Logging to file: /home/pma213x/.venvs/minicheetah-isaaclab/lib/python3.10/site-packages/omni/logs/Kit/Isaac-Sim/4.5/kit_20261008_205619.log
2026-10-08 12:56:19 [0ms] [Warning] [omni.kit.app.plugin] No crash reporter present, dumps uploading isn't available.
2026-10-08 12:56:19 [120ms] [Warning] [omni.usd_config.extension] Enable omni.materialx.libs extension to use MaterialX
2026-10-08 12:56:19 [490ms] [Warning] [omni.datastore] OmniHub is inaccessible
2026-10-08 12:56:19 [524ms] [Warning] [omni.isaac.dynamic_control] omni.isaac.dynamic_control is deprecated as of Isaac Sim 4.5. No action is needed from end-users.
Gym has been unmaintained since 2022 and does not support NumPy 2.0 amongst other critical functionality.
Please upgrade to Gymnasium, the maintained drop-in replacement of Gym, or contact the authors of your software and request that they upgrade.
See the migration guide at https://gymnasium.farama.org/introduction/migration_guide/ for additional information.
2026-10-08 12:56:21 [2,314ms] [Warning] [gpu.foundation.plugin] Skipping unsupported non-NVIDIA GPU: Intel(R) UHD Graphics (ADL-S GT0.5)
2026-10-08 12:56:21 [2,314ms] [Warning] [gpu.foundation.plugin] Skipping unsupported non-NVIDIA GPU: Intel(R) UHD Graphics (ADL-S GT0.5)

|---------------------------------------------------------------------------------------------|
| Driver Version: 580.178.04    | Graphics API: Vulkan
|=============================================================================================|
| GPU | Name                             | Active | LDA | GPU Memory | Vendor-ID | LUID       |
|     |                                  |        |     |            | Device-ID | UUID       |
|     |                                  |        |     |            | Bus-ID    |            |
|---------------------------------------------------------------------------------------------|
| 0   | NVIDIA GeForce RTX 4060 Laptop.. | Yes: 0 |     | 8188    MB | 10de      | 0          |
|     |                                  |        |     |            | 28e0      | 4d090564.. |
|     |                                  |        |     |            | 1         |            |
|---------------------------------------------------------------------------------------------|
| 1   | Intel(R) UHD Graphics (ADL-S G.. |        |     | 11374   MB | 8086      | 0          |
|     |                                  |        |     |            | 468b      | 86808b46.. |
|     |                                  |        |     |            | 0         |            |
|=============================================================================================|
| OS: 26.04.1 LTS (Resolute Raccoon) ubuntu, Version: 26.04.1, Kernel: 7.0.0-34-generic
| XServer Vendor: The X.Org Foundation, XServer Version: 12401010 (1.24.1.10)
| Processor: 13th Gen Intel(R) Core(TM) i5-13500HX
| Bare Metal Cores: 14 | Bare Metal Logical Cores: 28
| Available Cores:  20 
|---------------------------------------------------------------------------------------------|
| Total Memory (MB): 15166 | Free Memory: 7111
| Total Page/Swap (MB): 20479 | Free Page/Swap: 16441
|---------------------------------------------------------------------------------------------|
2026-10-08 12:56:21 [2,537ms] [Warning] [gpu.foundation.plugin] IOMMU is enabled.
2026-10-08 12:56:21 [2,539ms] [Warning] [gpu.foundation.plugin] Detected IOMMU is enabled. Running CUDA peer-to-peer bandwidth and latency validation.
Unidirectional P2P=Enabled Bandwidth (P2P Writes) Matrix (GB/s)
   D\D     0 
     0 222.14 
P2P=Enabled Latency (P2P Writes) Matrix (us)
   GPU     0 
     0   1.44 

   CPU     0 
     0   1.80 
[STAGE] config_start
[INFO]: Parsing configuration from: training.envs.velocity_flat_env_cfg:YoboGoVelocityFlatEnvCfg
[STAGE] config_done
[STAGE] environment_create_start
2026-10-08 12:56:22 [2,750ms] [Warning] [isaaclab.envs.manager_based_env] Seed not set for the environment. The environment creation may not be deterministic.
[INFO]: Base environment:
	Environment device    : cuda:0
	Environment seed      : None
	Physics step-size     : 0.0004
	Rendering step-size   : 0.002
	Environment step-size : 0.002
2026-10-08 12:56:22 [2,829ms] [Warning] [isaaclab.terrains.terrain_importer] Visual material specified for ground plane but no diffuse color found. Using default color: (0.0, 0.0, 0.0)
[INFO]: Time taken for scene creation : 2.405087 seconds
[INFO]: Scene manager:  <class InteractiveScene>
	Number of environments: 1
	Environment spacing   : 2.5
	Source prim name      : /World/envs/env_0
	Global prim paths     : ['/World/ground']
	Replicate physics     : True
[INFO]: Starting the simulation. This may take a few seconds. Please wait...
[INFO]: Time taken for simulation start : 0.474922 seconds
2026-10-08 12:56:25 [5,905ms] [Warning] [omni.usd] Warning: in GetNodeDiscoveryResults at line 136 of /builds/omniverse/usd-ci/USD/pxr/usd/usdShade/shaderDefUtils.cpp -- Unable to resolve info:sourceAsset </UsdPreviewSurface.info:mdl:sourceAsset> with value @UsdPreviewSurface.mdl@.

2026-10-08 12:56:25 [5,905ms] [Warning] [omni.usd] Warning: in GetNodeDiscoveryResults at line 136 of /builds/omniverse/usd-ci/USD/pxr/usd/usdShade/shaderDefUtils.cpp -- Unable to resolve info:sourceAsset </UsdUVTexture.info:mdl:sourceAsset> with value @UsdPreviewSurface.mdl@.

2026-10-08 12:56:25 [5,906ms] [Warning] [omni.usd] Warning: in GetNodeDiscoveryResults at line 136 of /builds/omniverse/usd-ci/USD/pxr/usd/usdShade/shaderDefUtils.cpp -- Unable to resolve info:sourceAsset </UsdPrimvarReader_float.info:mdl:sourceAsset> with value @UsdPreviewSurface.mdl@.

2026-10-08 12:56:25 [5,906ms] [Warning] [omni.usd] Warning: in GetNodeDiscoveryResults at line 136 of /builds/omniverse/usd-ci/USD/pxr/usd/usdShade/shaderDefUtils.cpp -- Unable to resolve info:sourceAsset </UsdPrimvarReader_float2.info:mdl:sourceAsset> with value @UsdPreviewSurface.mdl@.

2026-10-08 12:56:25 [5,906ms] [Warning] [omni.usd] Warning: in GetNodeDiscoveryResults at line 136 of /builds/omniverse/usd-ci/USD/pxr/usd/usdShade/shaderDefUtils.cpp -- Unable to resolve info:sourceAsset </UsdPrimvarReader_float3.info:mdl:sourceAsset> with value @UsdPreviewSurface.mdl@.

2026-10-08 12:56:25 [5,906ms] [Warning] [omni.usd] Warning: in GetNodeDiscoveryResults at line 136 of /builds/omniverse/usd-ci/USD/pxr/usd/usdShade/shaderDefUtils.cpp -- Unable to resolve info:sourceAsset </UsdPrimvarReader_float4.info:mdl:sourceAsset> with value @UsdPreviewSurface.mdl@.

2026-10-08 12:56:25 [5,906ms] [Warning] [omni.usd] Warning: in GetNodeDiscoveryResults at line 136 of /builds/omniverse/usd-ci/USD/pxr/usd/usdShade/shaderDefUtils.cpp -- Unable to resolve info:sourceAsset </UsdPrimvarReader_int.info:mdl:sourceAsset> with value @UsdPreviewSurface.mdl@.

2026-10-08 12:56:25 [5,906ms] [Warning] [omni.usd] Warning: in GetNodeDiscoveryResults at line 136 of /builds/omniverse/usd-ci/USD/pxr/usd/usdShade/shaderDefUtils.cpp -- Unable to resolve info:sourceAsset </UsdPrimvarReader_string.info:mdl:sourceAsset> with value @UsdPreviewSurface.mdl@.

2026-10-08 12:56:25 [5,906ms] [Warning] [omni.usd] Warning: in GetNodeDiscoveryResults at line 136 of /builds/omniverse/usd-ci/USD/pxr/usd/usdShade/shaderDefUtils.cpp -- Unable to resolve info:sourceAsset </UsdPrimvarReader_normal.info:mdl:sourceAsset> with value @UsdPreviewSurface.mdl@.

2026-10-08 12:56:25 [5,906ms] [Warning] [omni.usd] Warning: in GetNodeDiscoveryResults at line 136 of /builds/omniverse/usd-ci/USD/pxr/usd/usdShade/shaderDefUtils.cpp -- Unable to resolve info:sourceAsset </UsdPrimvarReader_point.info:mdl:sourceAsset> with value @UsdPreviewSurface.mdl@.

2026-10-08 12:56:25 [5,908ms] [Warning] [omni.usd] Warning: in GetNodeDiscoveryResults at line 136 of /builds/omniverse/usd-ci/USD/pxr/usd/usdShade/shaderDefUtils.cpp -- Unable to resolve info:sourceAsset </UsdPrimvarReader_vector.info:mdl:sourceAsset> with value @UsdPreviewSurface.mdl@.

2026-10-08 12:56:25 [5,908ms] [Warning] [omni.usd] Warning: in GetNodeDiscoveryResults at line 136 of /builds/omniverse/usd-ci/USD/pxr/usd/usdShade/shaderDefUtils.cpp -- Unable to resolve info:sourceAsset </UsdPrimvarReader_matrix.info:mdl:sourceAsset> with value @UsdPreviewSurface.mdl@.

2026-10-08 12:56:25 [5,908ms] [Warning] [omni.usd] Warning: in GetNodeDiscoveryResults at line 136 of /builds/omniverse/usd-ci/USD/pxr/usd/usdShade/shaderDefUtils.cpp -- Unable to resolve info:sourceAsset </UsdTransform2d.info:mdl:sourceAsset> with value @UsdPreviewSurface.mdl@.

[INFO] Command Manager:  <CommandManager> contains 1 active terms.
+------------------------------------------------+
|              Active Command Terms              |
+-------+---------------+------------------------+
| Index | Name          |          Type          |
+-------+---------------+------------------------+
|   0   | base_velocity | UniformVelocityCommand |
+-------+---------------+------------------------+

[INFO] Recorder Manager:  <RecorderManager> contains 0 active terms.
+---------------------+
| Active Recorder Terms |
+-----------+---------+
|   Index   | Name    |
+-----------+---------+
+-----------+---------+

[INFO] Action Manager:  <ActionManager> contains 1 active terms.
+------------------------------------+
|  Active Action Terms (shape: 12)   |
+--------+-------------+-------------+
| Index  | Name        |   Dimension |
+--------+-------------+-------------+
|   0    | joint_pos   |          12 |
+--------+-------------+-------------+

[INFO] Observation Manager: <ObservationManager> contains 1 groups.
+---------------------------------------------------------+
| Active Observation Terms in Group: 'policy' (shape: (48,)) |
+-----------+---------------------------------+-----------+
|   Index   | Name                            |   Shape   |
+-----------+---------------------------------+-----------+
|     0     | base_lin_vel                    |    (3,)   |
|     1     | base_ang_vel                    |    (3,)   |
|     2     | projected_gravity               |    (3,)   |
|     3     | velocity_commands               |    (3,)   |
|     4     | joint_pos                       |   (12,)   |
|     5     | joint_vel                       |   (12,)   |
|     6     | actions                         |   (12,)   |
+-----------+---------------------------------+-----------+

[INFO] Event Manager:  <EventManager> contains 3 active terms.
+--------------------------------------+
| Active Event Terms in Mode: 'startup' |
+----------+---------------------------+
|  Index   | Name                      |
+----------+---------------------------+
|    0     | physics_material          |
+----------+---------------------------+
+---------------------------------------+
|  Active Event Terms in Mode: 'reset'  |
+--------+------------------------------+
| Index  | Name                         |
+--------+------------------------------+
|   0    | base_external_force_torque   |
|   1    | reset_base                   |
|   2    | reset_robot_joints           |
+--------+------------------------------+
+----------------------------------------------+
|    Active Event Terms in Mode: 'interval'    |
+-------+------------+-------------------------+
| Index | Name       | Interval time range (s) |
+-------+------------+-------------------------+
|   0   | push_robot |       (10.0, 15.0)      |
+-------+------------+-------------------------+

[INFO] Termination Manager:  <TerminationManager> contains 2 active terms.
+---------------------------------+
|     Active Termination Terms    |
+-------+--------------+----------+
| Index | Name         | Time Out |
+-------+--------------+----------+
|   0   | time_out     |   True   |
|   1   | base_contact |  False   |
+-------+--------------+----------+

[INFO] Reward Manager:  <RewardManager> contains 11 active terms.
+-----------------------------------------+
|           Active Reward Terms           |
+-------+----------------------+----------+
| Index | Name                 |   Weight |
+-------+----------------------+----------+
|   0   | track_lin_vel_xy_exp |      1.0 |
|   1   | track_ang_vel_z_exp  |      0.5 |
|   2   | lin_vel_z_l2         |     -2.0 |
|   3   | ang_vel_xy_l2        |    -0.05 |
|   4   | dof_torques_l2       | -2.5e-05 |
|   5   | dof_acc_l2           | -2.5e-07 |
|   6   | action_rate_l2       |    -0.01 |
|   7   | feet_air_time        |      0.5 |
|   8   | undesired_contacts   |     -1.0 |
|   9   | flat_orientation_l2  |     -5.0 |
|   10  | dof_pos_limits       |      0.0 |
+-------+----------------------+----------+

[INFO] Curriculum Manager:  <CurriculumManager> contains 0 active terms.
+----------------------+
| Active Curriculum Terms |
+-----------+----------+
|   Index   | Name     |
+-----------+----------+
+-----------+----------+

[INFO]: Completed setting up the environment...
[STAGE] environment_create_done
[STAGE] policy_adapter_setup_start
[STAGE] policy_adapter_setup_done
[INFO] task=YoboGo-Velocity-Flat-v0
[INFO] weights_adaptation=/run/media/pma213x/0C6A8CC86A8CAFCE/Ubuntu2/CodeU/Dog1/mini-cheetah-isaaclab/external_models/rapid-locomotion-rl/runs/rapid-locomotion/example/train/201852.132488/checkpoints/adaptation_module_latest.jit
[INFO] weights_body=/run/media/pma213x/0C6A8CC86A8CAFCE/Ubuntu2/CodeU/Dog1/mini-cheetah-isaaclab/external_models/rapid-locomotion-rl/runs/rapid-locomotion/example/train/201852.132488/checkpoints/body_latest.jit
[INFO] yobogo_observation_dim=48 rapid_observation_dim=42
[INFO] history_dim=630 action_dim=12
[INFO] inference_period=10 control_period_s=0.002 inference_hz=50
[INFO] rapid_replay_actuator_kp=20 kd=0.5 effort=18/18/26
[INFO] yobogo_command=[0.15, 0.0, 0.0] rapid_command=[0.3, 0.0, 0.0]
[INFO] model_dummy_action_shape=(1, 12)
[INFO] model_dummy_latent_shape=(1, 18)
[STAGE] event_loop_start
[DIAG_INFER] step=1 policy_action_max=1.248121 applied_action_max=0.250000 obs_max=1.000000 history_nonzero_rows=0 position_clip=0 torque_clip=0 action=[-0.1919705718755722, 0.642443060874939, -0.24320265650749207, -0.1273178607225418, 0.7155736684799194, 0.4644812345504761, 0.17107394337654114, -1.2481212615966797, 0.832990288734436, 0.16779890656471252, -0.6457258462905884, -0.7750469446182251]
[DIAG_TARGET] step=1 target_error=0.000000000 default=[0.0, -0.7853981852531433, 1.8654682636260986, 0.0, -0.7853981852531433, 1.8654682636260986, 0.0, -0.7853981852531433, 1.8654682636260986, 0.0, -0.7853981852531433, 1.8654682636260986] desired=[-0.1239963248372078, -0.737500011920929, 1.559199333190918, 0.08408527076244354, -0.737500011920929, 1.6825000047683716, -0.07861575484275818, -0.862500011920929, 1.6825000047683716, 0.12097486853599548, -0.862500011920929, 1.5575000047683716] applied=[-0.1239963248372078, -0.737500011920929, 1.559199333190918, 0.08408527076244354, -0.737500011920929, 1.6825000047683716, -0.07861575484275818, -0.862500011920929, 1.6825000047683716, 0.12097486853599548, -0.862500011920929, 1.5575000047683716] current=[-0.000859913881868124, -0.7840425372123718, 1.8601107597351074, 0.0006259166402742267, -0.7845187187194824, 1.8612090349197388, -0.0007149915909394622, -0.7852882742881775, 1.860030174255371, 0.0009459655848331749, -0.7848292589187622, 1.8592896461486816]
[STAGE] first_step_done
[DIAG_INFER] step=11 policy_action_max=3.611097 applied_action_max=0.250000 obs_max=2.463209 history_nonzero_rows=1 position_clip=0 torque_clip=2 action=[3.5550503730773926, 1.4143240451812744, 1.711963176727295, -0.5708532333374023, 0.5651406645774841, -0.7711448669433594, -2.423124313354492, 0.5664923191070557, -3.6110968589782715, -1.2596893310546875, -1.7115788459777832, 0.7893050909042358]
[DIAG_TARGET] step=11 target_error=0.000000000 default=[0.0, -0.7853981852531433, 1.8654682636260986, 0.0, -0.7853981852531433, 1.8654682636260986, 0.0, -0.7853981852531433, 1.8654682636260986, 0.0, -0.7853981852531433, 1.8654682636260986] desired=[-0.06875000149011612, -0.737500011920929, 1.6825000047683716, 0.06875000149011612, -0.737500011920929, 1.5575000047683716, -0.13124999403953552, -0.737500011920929, 1.5575000047683716, 0.06875000149011612, -0.8381369709968567, 0.44147777557373047] applied=[-0.06875000149011612, -0.737500011920929, 1.6825000047683716, 0.06875000149011612, -0.737500011920929, 1.5575000047683716, -0.13124999403953552, -0.737500011920929, 1.5575000047683716, 0.06875000149011612, -0.8381369709968567, 0.44147777557373047] current=[-0.005905135069042444, -0.7651505470275879, 1.806156873703003, 0.0020948692690581083, -0.7728314399719238, 1.8188984394073486, -0.02864885702729225, -0.7961962819099426, 1.7846029996871948, 0.012919191271066666, -0.7778705954551697, 1.8005391359329224]
[DIAG_INFER] step=21 policy_action_max=7.517450 applied_action_max=0.250000 obs_max=3.611097 history_nonzero_rows=2 position_clip=0 torque_clip=3 action=[5.660733222961426, 0.11260691285133362, 2.215845823287964, -0.7659390568733215, 0.2959775924682617, 0.37924206256866455, -4.93157434463501, -0.44457054138183594, -1.899172306060791, -7.517449855804443, -2.2949628829956055, 0.6119643449783325]
[DIAG_TARGET] step=21 target_error=0.000000000 default=[0.0, -0.7853981852531433, 1.8654682636260986, 0.0, -0.7853981852531433, 1.8654682636260986, 0.0, -0.7853981852531433, 1.8654682636260986, 0.0, -0.7853981852531433, 1.8654682636260986] desired=[-0.06875000149011612, -0.7718482613563538, 1.6825000047683716, 0.06875000149011612, -0.737500011920929, 1.6825000047683716, -0.13124999403953552, -0.862500011920929, 1.5575000047683716, -1.327441692352295, -0.32549095153808594, 0.9163405895233154] applied=[-0.06875000149011612, -0.7718482613563538, 1.6825000047683716, 0.06875000149011612, -0.737500011920929, 1.6825000047683716, -0.13124999403953552, -0.862500011920929, 1.5575000047683716, -1.327441692352295, -0.32549095153808594, 0.9163405895233154] current=[-0.047881193459033966, -0.7408661246299744, 1.7583937644958496, -0.03760154917836189, -0.7428706884384155, 1.7589161396026611, -0.07416634261608124, -0.7548617124557495, 1.695676565170288, -0.029974963515996933, -0.7295934557914734, 1.7031631469726562]
[DIAG_INFER] step=31 policy_action_max=12.587943 applied_action_max=0.250000 obs_max=7.517450 history_nonzero_rows=3 position_clip=0 torque_clip=2 action=[-0.14495937526226044, 1.8490678071975708, 4.222512245178223, -9.180440902709961, 2.9377079010009766, -0.6038882732391357, -9.963005065917969, -11.711437225341797, 0.8162522315979004, -12.587943077087402, -3.988778591156006, -3.61727237701416]
[DIAG_TARGET] step=31 target_error=0.000000000 default=[0.0, -0.7853981852531433, 1.8654682636260986, 0.0, -0.7853981852531433, 1.8654682636260986, 0.0, -0.7853981852531433, 1.8654682636260986, 0.0, -0.7853981852531433, 1.8654682636260986] desired=[-0.11811992526054382, -0.737500011920929, 1.6825000047683716, 0.06875000149011612, -0.737500011920929, 1.5575000047683716, -0.13124999403953552, -0.862500011920929, 1.6825000047683716, -1.5, -0.862500011920929, 2.700000047683716] applied=[-0.11811992526054382, -0.737500011920929, 1.6825000047683716, 0.06875000149011612, -0.737500011920929, 1.5575000047683716, -0.13124999403953552, -0.862500011920929, 1.6825000047683716, -1.5, -0.862500011920929, 2.700000047683716] current=[-0.1788419783115387, -0.7322602868080139, 1.7722440958023071, -0.09263613075017929, -0.7080361247062683, 1.7031936645507812, -0.1820184737443924, -0.7694790959358215, 1.6419655084609985, -0.21530763804912567, -0.6347442269325256, 1.5801198482513428]
[DIAG_INFER] step=41 policy_action_max=15.016342 applied_action_max=0.250000 obs_max=12.587943 history_nonzero_rows=4 position_clip=0 torque_clip=4 action=[-1.26162588596344, 2.0241644382476807, -0.30760082602500916, -15.016342163085938, 4.816782474517822, 1.142637848854065, 4.23206090927124, -10.880109786987305, 7.344267845153809, -3.2181291580200195, -4.0286736488342285, -2.6259713172912598]
[DIAG_TARGET] step=41 target_error=0.000000000 default=[0.0, -0.7853981852531433, 1.8654682636260986, 0.0, -0.7853981852531433, 1.8654682636260986, 0.0, -0.7853981852531433, 1.8654682636260986, 0.0, -0.7853981852531433, 1.8654682636260986] desired=[-0.13124999403953552, -0.737500011920929, 1.5575000047683716, 0.06875000149011612, -0.737500011920929, 1.6825000047683716, -0.7184910178184509, -0.862500011920929, 1.6825000047683716, -0.8170113563537598, -0.530876636505127, 2.700000047683716] applied=[-0.13124999403953552, -0.737500011920929, 1.5575000047683716, 0.06875000149011612, -0.737500011920929, 1.6825000047683716, -0.7184910178184509, -0.862500011920929, 1.6825000047683716, -0.8170113563537598, -0.530876636505127, 2.700000047683716] current=[-0.2709882855415344, -0.7125168442726135, 1.8258943557739258, -0.016528699547052383, -0.7073318362236023, 1.6190667152404785, -0.17549459636211395, -0.8120192289352417, 1.659515380859375, -0.8388998508453369, -0.7104515433311462, 2.1069488525390625]
[DIAG_INFER] step=51 policy_action_max=12.592394 applied_action_max=0.250000 obs_max=15.016342 history_nonzero_rows=5 position_clip=0 torque_clip=2 action=[-4.862448692321777, 5.417385101318359, 0.42352190613746643, -12.59239387512207, 2.9241912364959717, 0.10353579372167587, 1.5959105491638184, -9.315868377685547, 4.1809983253479, -7.7565107345581055, -1.4209017753601074, -5.494445323944092]
[DIAG_TARGET] step=51 target_error=0.000000000 default=[0.0, -0.7853981852531433, 1.8654682636260986, 0.0, -0.7853981852531433, 1.8654682636260986, 0.0, -0.7853981852531433, 1.8654682636260986, 0.0, -0.7853981852531433, 1.8654682636260986] desired=[-0.13124999403953552, -0.737500011920929, 1.6825000047683716, 0.06875000149011612, -0.737500011920929, 1.6458839178085327, -0.06875000149011612, -0.862500011920929, 1.6825000047683716, -1.5, -0.4325709342956543, 1.5575000047683716] applied=[-0.13124999403953552, -0.737500011920929, 1.6825000047683716, 0.06875000149011612, -0.737500011920929, 1.6458839178085327, -0.06875000149011612, -0.862500011920929, 1.6825000047683716, -1.5, -0.4325709342956543, 1.5575000047683716] current=[-0.3309885561466217, -0.6853317618370056, 1.8520042896270752, 0.10324033349752426, -0.7395939230918884, 1.6502605676651, -0.32532572746276855, -0.8391202092170715, 1.6624729633331299, -1.012870192527771, -0.6194289922714233, 2.399968385696411]
[DIAG_INFER] step=61 policy_action_max=13.938435 applied_action_max=0.250000 obs_max=12.592394 history_nonzero_rows=6 position_clip=0 torque_clip=3 action=[13.938434600830078, 6.159783363342285, 5.488440036773682, -12.652210235595703, 4.18959379196167, 0.22760415077209473, -4.968871593475342, -7.8465752601623535, -2.0258164405822754, 5.210699081420898, -3.4783411026000977, 0.5609404444694519]
[DIAG_TARGET] step=61 target_error=0.000000000 default=[0.0, -0.7853981852531433, 1.8654682636260986, 0.0, -0.7853981852531433, 1.8654682636260986, 0.0, -0.7853981852531433, 1.8654682636260986, 0.0, -0.7853981852531433, 1.8654682636260986] desired=[-0.06875000149011612, -0.737500011920929, 1.6825000047683716, 0.06875000149011612, -0.737500011920929, 1.67690110206604, -0.5311539173126221, -0.862500011920929, 1.5575000047683716, 1.3831722736358643, -0.7764455676078796, 1.6825000047683716] applied=[-0.06875000149011612, -0.737500011920929, 1.6825000047683716, 0.06875000149011612, -0.737500011920929, 1.67690110206604, -0.5311539173126221, -0.862500011920929, 1.5575000047683716, 1.3831722736358643, -0.7764455676078796, 1.6825000047683716] current=[-0.3047941327095032, -0.6635318994522095, 1.8671417236328125, 0.14488933980464935, -0.7550395727157593, 1.6499651670455933, -0.27753281593322754, -0.8572972416877747, 1.6716392040252686, -1.1623057126998901, -0.5032620429992676, 1.9416918754577637]
[DIAG_INFER] step=71 policy_action_max=20.955584 applied_action_max=0.250000 obs_max=13.938435 history_nonzero_rows=7 position_clip=0 torque_clip=1 action=[14.96274185180664, 11.133018493652344, 18.103885650634766, 9.362030982971191, 3.388017416000366, -14.312561988830566, -5.092933177947998, 3.2059686183929443, -8.637649536132812, -3.6071319580078125, -12.187873840332031, 20.955583572387695]
[DIAG_TARGET] step=71 target_error=0.000000000 default=[0.0, -0.7853981852531433, 1.8654682636260986, 0.0, -0.7853981852531433, 1.8654682636260986, 0.0, -0.7853981852531433, 1.8654682636260986, 0.0, -0.7853981852531433, 1.8654682636260986] desired=[-0.06875000149011612, -0.737500011920929, 1.6825000047683716, 0.13124999403953552, -0.737500011920929, 1.5575000047683716, -0.13124999403953552, -0.737500011920929, 1.5575000047683716, 1.5, -0.862500011920929, 1.6825000047683716] applied=[-0.06875000149011612, -0.737500011920929, 1.6825000047683716, 0.13124999403953552, -0.737500011920929, 1.5575000047683716, -0.13124999403953552, -0.737500011920929, 1.5575000047683716, 1.5, -0.862500011920929, 1.6825000047683716] current=[-0.18631301820278168, -0.663391649723053, 1.8612501621246338, 0.18150153756141663, -0.7586572766304016, 1.6655845642089844, -0.25963687896728516, -0.862956166267395, 1.597137689590454, -0.7056791186332703, -0.5676037669181824, 1.7521272897720337]
[DIAG_INFER] step=81 policy_action_max=13.512826 applied_action_max=0.250000 obs_max=20.955584 history_nonzero_rows=8 position_clip=0 torque_clip=2 action=[6.390822887420654, 4.2382941246032715, 6.767946720123291, 7.804310321807861, -0.8725448846817017, -9.95787525177002, -3.6186654567718506, 2.7087244987487793, -7.458817958831787, 1.93850839138031, -12.709174156188965, 13.512825965881348]
[DIAG_TARGET] step=81 target_error=0.000000000 default=[0.0, -0.7853981852531433, 1.8654682636260986, 0.0, -0.7853981852531433, 1.8654682636260986, 0.0, -0.7853981852531433, 1.8654682636260986, 0.0, -0.7853981852531433, 1.8654682636260986] desired=[-0.06875000149011612, -0.737500011920929, 1.6825000047683716, 0.13124999403953552, -0.862500011920929, 1.5575000047683716, 0.15719172358512878, -0.737500011920929, 1.5575000047683716, 1.5, -0.862500011920929, 1.6825000047683716] applied=[-0.06875000149011612, -0.737500011920929, 1.6825000047683716, 0.13124999403953552, -0.862500011920929, 1.5575000047683716, 0.15719172358512878, -0.737500011920929, 1.5575000047683716, 1.5, -0.862500011920929, 1.6825000047683716] current=[-0.044511497020721436, -0.6720285415649414, 1.8448821306228638, 0.18538734316825867, -0.7535212635993958, 1.6045945882797241, -0.23213130235671997, -0.8231604099273682, 1.5703257322311401, 0.11427672207355499, -0.6969614028930664, 1.6611372232437134]
[DIAG_INFER] step=91 policy_action_max=5.236977 applied_action_max=0.250000 obs_max=13.512826 history_nonzero_rows=9 position_clip=0 torque_clip=1 action=[2.4225988388061523, 0.7963413000106812, 2.167473793029785, 0.7241929769515991, 1.3895165920257568, -2.5859525203704834, -3.2046613693237305, -1.1162540912628174, -2.8138723373413086, 0.5066800117492676, -5.2369771003723145, 2.6674087047576904]
[DIAG_TARGET] step=91 target_error=0.000000000 default=[0.0, -0.7853981852531433, 1.8654682636260986, 0.0, -0.7853981852531433, 1.8654682636260986, 0.0, -0.7853981852531433, 1.8654682636260986, 0.0, -0.7853981852531433, 1.8654682636260986] desired=[-0.06875000149011612, -0.737500011920929, 1.6825000047683716, 0.13124999403953552, -0.737500011920929, 1.5575000047683716, 0.8156446218490601, -0.862500011920929, 1.5575000047683716, 0.13124999403953552, -0.862500011920929, 1.6825000047683716] applied=[-0.06875000149011612, -0.737500011920929, 1.6825000047683716, 0.13124999403953552, -0.737500011920929, 1.5575000047683716, 0.8156446218490601, -0.862500011920929, 1.5575000047683716, 0.13124999403953552, -0.862500011920929, 1.6825000047683716] current=[0.034802086651325226, -0.6885208487510681, 1.830748200416565, 0.1407238245010376, -0.7920078635215759, 1.575371503829956, -0.06855381280183792, -0.7706038951873779, 1.5674346685409546, 0.8956669569015503, -0.7742127776145935, 1.6299810409545898]
[DIAG_INFER] step=101 policy_action_max=7.218822 applied_action_max=0.250000 obs_max=5.236977 history_nonzero_rows=10 position_clip=0 torque_clip=3 action=[0.5813618302345276, 0.1483229696750641, 0.5147724151611328, -7.218822479248047, 1.6949354410171509, 1.8715009689331055, 3.034144639968872, -7.1788177490234375, 5.076635360717773, -3.2252614498138428, -2.3541574478149414, -3.42414927482605]
[DIAG_TARGET] step=101 target_error=0.000000000 default=[0.0, -0.7853981852531433, 1.8654682636260986, 0.0, -0.7853981852531433, 1.8654682636260986, 0.0, -0.7853981852531433, 1.8654682636260986, 0.0, -0.7853981852531433, 1.8654682636260986] desired=[-0.06875000149011612, -0.7629192471504211, 1.6825000047683716, 0.06875000149011612, -0.737500011920929, 1.6825000047683716, -0.06875000149011612, -0.862500011920929, 1.6825000047683716, -1.5, -1.1517351865768433, 2.700000047683716] applied=[-0.06875000149011612, -0.7629192471504211, 1.6825000047683716, 0.06875000149011612, -0.737500011920929, 1.6825000047683716, -0.06875000149011612, -0.862500011920929, 1.6825000047683716, -1.5, -1.1517351865768433, 2.700000047683716] current=[-0.029525035992264748, -0.7095077037811279, 1.8551733493804932, 0.10929620265960693, -0.8112770915031433, 1.6178287267684937, 0.2904036045074463, -0.7815770506858826, 1.5639795064926147, 0.8310553431510925, -0.847117006778717, 1.703038215637207]
[DIAG_INFER] step=111 policy_action_max=18.995533 applied_action_max=0.250000 obs_max=7.218822 history_nonzero_rows=11 position_clip=0 torque_clip=3 action=[-13.49323558807373, 7.4570770263671875, 4.084173679351807, -16.298967361450195, 4.221057415008545, 0.05223595350980759, 3.267263412475586, -18.995532989501953, 9.381416320800781, -13.398100852966309, -6.320679664611816, -5.511796951293945]
[DIAG_TARGET] step=111 target_error=0.000000000 default=[0.0, -0.7853981852531433, 1.8654682636260986, 0.0, -0.7853981852531433, 1.8654682636260986, 0.0, -0.7853981852531433, 1.8654682636260986, 0.0, -0.7853981852531433, 1.8654682636260986] desired=[-0.13124999403953552, -0.737500011920929, 1.6825000047683716, 0.06875000149011612, -0.737500011920929, 1.633059024810791, -0.06875000149011612, -0.862500011920929, 1.6825000047683716, -1.5, -1.3020930290222168, 2.700000047683716] applied=[-0.13124999403953552, -0.737500011920929, 1.6825000047683716, 0.06875000149011612, -0.737500011920929, 1.633059024810791, -0.06875000149011612, -0.862500011920929, 1.6825000047683716, -1.5, -1.3020930290222168, 2.700000047683716] current=[-0.18260222673416138, -0.7423596978187561, 1.9458709955215454, 0.02186851017177105, -0.7783591747283936, 1.6449530124664307, 0.2557627558708191, -0.8103993535041809, 1.6198071241378784, 0.01571289449930191, -0.9930956959724426, 2.2030787467956543]
[DIAG_INFER] step=121 policy_action_max=21.684837 applied_action_max=0.250000 obs_max=18.995533 history_nonzero_rows=12 position_clip=0 torque_clip=3 action=[-1.1968520879745483, 10.327128410339355, 1.940671682357788, -21.684837341308594, 3.9079763889312744, 6.4120707511901855, 8.740103721618652, -14.104022026062012, 6.072478294372559, 6.665369033813477, -3.8965930938720703, -1.3153530359268188]
[DIAG_TARGET] step=121 target_error=0.000000000 default=[0.0, -0.7853981852531433, 1.8654682636260986, 0.0, -0.7853981852531433, 1.8654682636260986, 0.0, -0.7853981852531433, 1.8654682636260986, 0.0, -0.7853981852531433, 1.8654682636260986] desired=[-0.13124999403953552, -0.737500011920929, 1.6825000047683716, 0.06875000149011612, -0.737500011920929, 1.6825000047683716, -0.749405562877655, -0.862500011920929, 1.6825000047683716, 0.13124999403953552, -0.9392992258071899, 2.700000047683716] applied=[-0.13124999403953552, -0.737500011920929, 1.6825000047683716, 0.06875000149011612, -0.737500011920929, 1.6825000047683716, -0.749405562877655, -0.862500011920929, 1.6825000047683716, 0.13124999403953552, -0.9392992258071899, 2.700000047683716] current=[-0.24302147328853607, -0.7655400633811951, 2.025503635406494, 0.07529991120100021, -0.7530143857002258, 1.6409510374069214, 0.09568699449300766, -0.8363405466079712, 1.6519209146499634, -0.7762979865074158, -1.1076899766921997, 2.4573352336883545]
[DIAG_INFER] step=131 policy_action_max=17.444016 applied_action_max=0.250000 obs_max=21.684837 history_nonzero_rows=13 position_clip=0 torque_clip=3 action=[9.824355125427246, 4.772801399230957, 0.867637038230896, -15.946603775024414, 0.6995257139205933, 6.1013288497924805, 6.563326835632324, -6.504170894622803, 5.210486888885498, 17.444015502929688, -3.2446136474609375, -0.02398882806301117]
[DIAG_TARGET] step=131 target_error=0.000000000 default=[0.0, -0.7853981852531433, 1.8654682636260986, 0.0, -0.7853981852531433, 1.8654682636260986, 0.0, -0.7853981852531433, 1.8654682636260986, 0.0, -0.7853981852531433, 1.8654682636260986] desired=[-0.06875000149011612, -0.737500011920929, 1.6825000047683716, 0.06875000149011612, -0.737500011920929, 1.6825000047683716, -0.06875000149011612, -0.862500011920929, 1.6825000047683716, 1.5, -2.805673599243164, 2.700000047683716] applied=[-0.06875000149011612, -0.737500011920929, 1.6825000047683716, 0.06875000149011612, -0.737500011920929, 1.6825000047683716, -0.06875000149011612, -0.862500011920929, 1.6825000047683716, 1.5, -2.805673599243164, 2.700000047683716] current=[-0.1965460181236267, -0.8120617270469666, 2.081944704055786, 0.15118145942687988, -0.7522348761558533, 1.6694124937057495, -0.23298776149749756, -0.839538037776947, 1.649399995803833, -0.48698973655700684, -0.9914458394050598, 2.5610241889953613]
[DIAG_INFER] step=141 policy_action_max=21.100090 applied_action_max=0.250000 obs_max=17.444016 history_nonzero_rows=14 position_clip=0 torque_clip=4 action=[21.10009002685547, 8.966434478759766, 16.190563201904297, 8.878976821899414, -4.461131572723389, -18.56574058532715, -3.928765058517456, -2.1835577487945557, -7.83823299407959, 1.2835725545883179, -7.882559776306152, 13.35970687866211]
[DIAG_TARGET] step=141 target_error=0.000000000 default=[0.0, -0.7853981852531433, 1.8654682636260986, 0.0, -0.7853981852531433, 1.8654682636260986, 0.0, -0.7853981852531433, 1.8654682636260986, 0.0, -0.7853981852531433, 1.8654682636260986] desired=[-0.06875000149011612, -0.737500011920929, 1.6825000047683716, 0.13124999403953552, -0.862500011920929, 1.5575000047683716, 0.3754246234893799, -1.6162171363830566, 1.5575000047683716, 1.5, -2.58079195022583, 1.6825000047683716] applied=[-0.06875000149011612, -0.737500011920929, 1.6825000047683716, 0.13124999403953552, -0.862500011920929, 1.5575000047683716, 0.3754246234893799, -1.6162171363830566, 1.5575000047683716, 1.5, -2.58079195022583, 1.6825000047683716] current=[-0.025641851127147675, -0.872185468673706, 2.093173027038574, 0.29342129826545715, -0.8191195726394653, 1.7395645380020142, -0.2671352028846741, -0.8548444509506226, 1.6700553894042969, 0.3328298032283783, -1.5730485916137695, 2.5683517456054688]
[DIAG_INFER] step=151 policy_action_max=7.276481 applied_action_max=0.250000 obs_max=21.100090 history_nonzero_rows=15 position_clip=0 torque_clip=3 action=[5.868382930755615, -0.7703968286514282, 6.423561096191406, -3.6571810245513916, 0.4702911376953125, -3.4359285831451416, -2.6300346851348877, 0.5092149972915649, -0.07793140411376953, -0.039760105311870575, -7.276480674743652, 5.440249919891357]
[DIAG_TARGET] step=151 target_error=0.000000000 default=[0.0, -0.7853981852531433, 1.8654682636260986, 0.0, -0.7853981852531433, 1.8654682636260986, 0.0, -0.7853981852531433, 1.8654682636260986, 0.0, -0.7853981852531433, 1.8654682636260986] desired=[-0.06875000149011612, -0.862500011920929, 1.6825000047683716, 0.06875000149011612, -0.737500011920929, 1.5575000047683716, 0.6076880693435669, -1.8883764743804932, 1.6005171537399292, 0.09502998739480972, -2.102189540863037, 1.6825000047683716] applied=[-0.06875000149011612, -0.862500011920929, 1.6825000047683716, 0.06875000149011612, -0.737500011920929, 1.5575000047683716, 0.6076880693435669, -1.8883764743804932, 1.6005171537399292, 0.09502998739480972, -2.102189540863037, 1.6825000047683716] current=[0.04631957411766052, -0.9194908142089844, 2.097156286239624, 0.3797221779823303, -0.9142087697982788, 1.8068894147872925, -0.006851268466562033, -1.1634308099746704, 1.6261488199234009, 0.9588002562522888, -2.2143445014953613, 2.068068265914917]
[DIAG_INFER] step=161 policy_action_max=12.255161 applied_action_max=0.250000 obs_max=8.584584 history_nonzero_rows=15 position_clip=0 torque_clip=5 action=[4.900887489318848, 2.6942262649536133, 5.1134796142578125, -8.732537269592285, 0.11130701005458832, -1.3593323230743408, -7.303946018218994, -10.370264053344727, 3.830503463745117, -12.25516128540039, -2.9999728202819824, -5.745595455169678]
[DIAG_TARGET] step=161 target_error=0.000000000 default=[0.0, -0.7853981852531433, 1.8654682636260986, 0.0, -0.7853981852531433, 1.8654682636260986, 0.0, -0.7853981852531433, 1.8654682636260986, 0.0, -0.7853981852531433, 1.8654682636260986] desired=[-0.06875000149011612, -0.737500011920929, 1.6825000047683716, 0.06875000149011612, -1.0949113368988037, 1.5575000047683716, -0.13124999403953552, -1.4248037338256836, 1.6825000047683716, -1.5, -2.923037528991699, 1.6934517621994019] applied=[-0.06875000149011612, -0.737500011920929, 1.6825000047683716, 0.06875000149011612, -1.0949113368988037, 1.5575000047683716, -0.13124999403953552, -1.4248037338256836, 1.6825000047683716, -1.5, -2.923037528991699, 1.6934517621994019] current=[-0.10573543608188629, -0.9809364676475525, 2.122676134109497, 0.23345044255256653, -0.9352843761444092, 1.8051213026046753, 0.3738427460193634, -1.5829055309295654, 1.5847314596176147, 0.5814370512962341, -2.355985403060913, 1.8232169151306152]
[DIAG_INFER] step=171 policy_action_max=13.217223 applied_action_max=0.250000 obs_max=12.255161 history_nonzero_rows=15 position_clip=0 torque_clip=4 action=[1.3455668687820435, 2.1662790775299072, 2.6963088512420654, -13.217223167419434, -0.16052331030368805, -3.393662691116333, -8.128257751464844, -9.115135192871094, 2.9397668838500977, -12.754034042358398, -2.2099180221557617, -4.471476078033447]
[DIAG_TARGET] step=171 target_error=0.000000000 default=[0.0, -0.7853981852531433, 1.8654682636260986, 0.0, -0.7853981852531433, 1.8654682636260986, 0.0, -0.7853981852531433, 1.8654682636260986, 0.0, -0.7853981852531433, 1.8654682636260986] desired=[-0.06875000149011612, -0.737500011920929, 1.6825000047683716, 0.06875000149011612, -0.8401308655738831, 1.5575000047683716, -0.2797236144542694, -2.1734821796417236, 1.6825000047683716, -1.5, -2.3164291381835938, 1.5575000047683716] applied=[-0.06875000149011612, -0.737500011920929, 1.6825000047683716, 0.06875000149011612, -0.8401308655738831, 1.5575000047683716, -0.2797236144542694, -2.1734821796417236, 1.6825000047683716, -1.5, -2.3164291381835938, 1.5575000047683716] current=[-0.310651957988739, -1.0409948825836182, 2.1504745483398438, 0.10689374804496765, -0.968182384967804, 1.693629264831543, 0.15743513405323029, -1.609959602355957, 1.6147814989089966, -0.23681937158107758, -2.647763729095459, 1.7383654117584229]
[DIAG_INFER] step=181 policy_action_max=11.339684 applied_action_max=0.250000 obs_max=13.217223 history_nonzero_rows=15 position_clip=0 torque_clip=5 action=[3.262089490890503, 7.966925144195557, 6.115959644317627, -11.339683532714844, 1.813349723815918, 2.18221378326416, 0.4222179055213928, -3.4306180477142334, 2.0326972007751465, 0.41744914650917053, 5.014717102050781, -0.3511223793029785]
[DIAG_TARGET] step=181 target_error=0.000000000 default=[0.0, -0.7853981852531433, 1.8654682636260986, 0.0, -0.7853981852531433, 1.8654682636260986, 0.0, -0.7853981852531433, 1.8654682636260986, 0.0, -0.7853981852531433, 1.8654682636260986] desired=[-0.06875000149011612, -0.737500011920929, 1.6825000047683716, 0.06875000149011612, -1.1894192695617676, 1.6825000047683716, -0.7015438675880432, -1.6817021369934082, 1.6825000047683716, 0.024716436862945557, -0.9759951829910278, 1.5575000047683716] applied=[-0.06875000149011612, -0.737500011920929, 1.6825000047683716, 0.06875000149011612, -1.1894192695617676, 1.6825000047683716, -0.7015438675880432, -1.6817021369934082, 1.6825000047683716, 0.024716436862945557, -0.9759951829910278, 1.5575000047683716] current=[-0.39627134799957275, -1.074947714805603, 2.1511645317077637, 0.11867750436067581, -0.9517714381217957, 1.6135591268539429, -0.03441696614027023, -1.7849042415618896, 1.669173002243042, -0.9319050908088684, -2.684567928314209, 1.588510274887085]
[DIAG_INFER] step=191 policy_action_max=27.903389 applied_action_max=0.250000 obs_max=11.339684 history_nonzero_rows=15 position_clip=0 torque_clip=4 action=[19.330564498901367, 15.637412071228027, 27.02201271057129, 8.676484107971191, 2.257436990737915, -12.957476615905762, -10.309168815612793, 2.8286333084106445, -11.688861846923828, -10.28018856048584, -13.964373588562012, 27.90338897705078]
[DIAG_TARGET] step=191 target_error=0.000000000 default=[0.0, -0.7853981852531433, 1.8654682636260986, 0.0, -0.7853981852531433, 1.8654682636260986, 0.0, -0.7853981852531433, 1.8654682636260986, 0.0, -0.7853981852531433, 1.8654682636260986] desired=[-0.06875000149011612, -0.737500011920929, 1.6825000047683716, 0.12680235505104065, -0.8396082520484924, 1.5575000047683716, -0.13124999403953552, -0.737500011920929, 1.5575000047683716, 1.5, -0.862500011920929, 1.4841638803482056] applied=[-0.06875000149011612, -0.737500011920929, 1.6825000047683716, 0.12680235505104065, -0.8396082520484924, 1.5575000047683716, -0.13124999403953552, -0.737500011920929, 1.5575000047683716, 1.5, -0.862500011920929, 1.4841638803482056] current=[-0.2432645559310913, -1.0906486511230469, 2.1229469776153564, 0.2223152369260788, -1.0597426891326904, 1.6831153631210327, -0.3702305853366852, -1.794504165649414, 1.6578845977783203, -0.5520539283752441, -2.031200408935547, 1.4931858777999878]
[DIAG_INFER] step=201 policy_action_max=20.649174 applied_action_max=0.250000 obs_max=27.903389 history_nonzero_rows=15 position_clip=0 torque_clip=5 action=[15.028127670288086, 1.2492607831954956, 9.321568489074707, -1.0820149183273315, -0.6011573076248169, -11.648229598999023, -11.534202575683594, 4.092257976531982, -20.649173736572266, 3.7230279445648193, -6.079914093017578, 17.565889358520508]
[DIAG_TARGET] step=201 target_error=0.000000000 default=[0.0, -0.7853981852531433, 1.8654682636260986, 0.0, -0.7853981852531433, 1.8654682636260986, 0.0, -0.7853981852531433, 1.8654682636260986, 0.0, -0.7853981852531433, 1.8654682636260986] desired=[-0.06875000149011612, -0.737500011920929, 1.6825000047683716, 0.06875000149011612, -0.862500011920929, 1.5575000047683716, 0.09543486684560776, -0.8189438581466675, 1.5575000047683716, 1.5, 4.130132675170898, -2.427103281021118] applied=[-0.06875000149011612, -0.737500011920929, 1.6825000047683716, 0.06875000149011612, -0.862500011920929, 1.5575000047683716, 0.09543486684560776, -0.8189438581466675, 1.5575000047683716, 1.5, 4.130132675170898, -2.427103281021118] current=[-0.0708976611495018, -1.028712511062622, 2.0470170974731445, 0.43771934509277344, -1.1188939809799194, 1.762193202972412, -0.26322120428085327, -1.7101410627365112, 1.628926157951355, 0.053208235651254654, -1.7830243110656738, 1.4098663330078125]
[DIAG_INFER] step=211 policy_action_max=10.840593 applied_action_max=0.250000 obs_max=20.649174 history_nonzero_rows=15 position_clip=0 torque_clip=4 action=[10.840593338012695, -1.825382113456726, 4.232923984527588, -4.635335922241211, 3.8440420627593994, 0.6171194314956665, -8.487700462341309, 1.2103804349899292, -7.40511417388916, -8.478204727172852, -0.30950304865837097, 4.546298503875732]
[DIAG_TARGET] step=211 target_error=0.000000000 default=[0.0, -0.7853981852531433, 1.8654682636260986, 0.0, -0.7853981852531433, 1.8654682636260986, 0.0, -0.7853981852531433, 1.8654682636260986, 0.0, -0.7853981852531433, 1.8654682636260986] desired=[-0.06875000149011612, -0.862500011920929, 1.6825000047683716, 0.06875000149011612, -0.737500011920929, 1.6825000047683716, 0.6619734168052673, -0.737500011920929, 1.5575000047683716, -1.473374843597412, 5.0, -2.267852544784546] applied=[-0.06875000149011612, -0.862500011920929, 1.6825000047683716, 0.06875000149011612, -0.737500011920929, 1.6825000047683716, 0.6619734168052673, -0.737500011920929, 1.5575000047683716, -1.473374843597412, 5.0, -2.267852544784546] current=[-0.07640954107046127, -0.8849924206733704, 1.9264813661575317, 0.548223078250885, -1.1313278675079346, 1.823058009147644, -0.15895135700702667, -1.6721497774124146, 1.6248220205307007, 0.8055759072303772, -1.361315131187439, 0.8743003606796265]
[DIAG_INFER] step=221 policy_action_max=18.746500 applied_action_max=0.250000 obs_max=10.840593 history_nonzero_rows=15 position_clip=0 torque_clip=3 action=[11.425586700439453, -1.1606382131576538, 5.146644115447998, -5.096077919006348, 2.247338056564331, -2.439558267593384, -18.227373123168945, -5.51135778427124, -0.0740504264831543, -18.74650001525879, -4.113128662109375, -3.7867307662963867]
[DIAG_TARGET] step=221 target_error=0.000000000 default=[0.0, -0.7853981852531433, 1.8654682636260986, 0.0, -0.7853981852531433, 1.8654682636260986, 0.0, -0.7853981852531433, 1.8654682636260986, 0.0, -0.7853981852531433, 1.8654682636260986] desired=[-0.06875000149011612, -0.862500011920929, 1.6825000047683716, 0.06875000149011612, -0.737500011920929, 1.5575000047683716, -0.13124999403953552, -0.862500011920929, 1.0250647068023682, -1.5, 1.1197962760925293, 1.5575000047683716] applied=[-0.06875000149011612, -0.862500011920929, 1.6825000047683716, 0.06875000149011612, -0.737500011920929, 1.5575000047683716, -0.13124999403953552, -0.862500011920929, 1.0250647068023682, -1.5, 1.1197962760925293, 1.5575000047683716] current=[-0.2046247273683548, -0.8219568133354187, 1.8975132703781128, 0.43157732486724854, -1.0514007806777954, 1.8506839275360107, -0.13800916075706482, -1.5826809406280518, 1.5840040445327759, 0.7677589654922485, -0.9892250895500183, 0.3834672272205353]
[DIAG_INFER] step=231 policy_action_max=18.372740 applied_action_max=0.250000 obs_max=18.746500 history_nonzero_rows=15 position_clip=0 torque_clip=3 action=[6.232235908508301, -1.548709750175476, 5.266089916229248, -9.493331909179688, 7.5103936195373535, -2.3204615116119385, -14.902297973632812, -6.63828182220459, 1.107628345489502, -18.372739791870117, -6.341703414916992, -9.767687797546387]
[DIAG_TARGET] step=231 target_error=0.000000000 default=[0.0, -0.7853981852531433, 1.8654682636260986, 0.0, -0.7853981852531433, 1.8654682636260986, 0.0, -0.7853981852531433, 1.8654682636260986, 0.0, -0.7853981852531433, 1.8654682636260986] desired=[-0.06875000149011612, -0.862500011920929, 1.6825000047683716, 0.06875000149011612, -0.737500011920929, 1.5575000047683716, -0.13124999403953552, -0.862500011920929, 1.6825000047683716, -1.5, 1.0729162693023682, 2.700000047683716] applied=[-0.06875000149011612, -0.862500011920929, 1.6825000047683716, 0.06875000149011612, -0.737500011920929, 1.5575000047683716, -0.13124999403953552, -0.862500011920929, 1.6825000047683716, -1.5, 1.0729162693023682, 2.700000047683716] current=[-0.4218684434890747, -0.7675060033798218, 1.9388093948364258, 0.19606967270374298, -0.910275399684906, 1.8155473470687866, -0.25727853178977966, -1.4044713973999023, 1.496239423751831, 0.39533093571662903, -0.970323383808136, 0.8128185868263245]
[DIAG_INFER] step=241 policy_action_max=18.409075 applied_action_max=0.250000 obs_max=18.372740 history_nonzero_rows=15 position_clip=0 torque_clip=3 action=[3.1385021209716797, 1.7912427186965942, 4.090330123901367, -18.409074783325195, 9.153837203979492, -0.021769888699054718, -3.574427604675293, -14.7494478225708, 10.844185829162598, -12.324915885925293, -7.707906723022461, -7.2383246421813965]
[DIAG_TARGET] step=241 target_error=0.000000000 default=[0.0, -0.7853981852531433, 1.8654682636260986, 0.0, -0.7853981852531433, 1.8654682636260986, 0.0, -0.7853981852531433, 1.8654682636260986, 0.0, -0.7853981852531433, 1.8654682636260986] desired=[-0.06875000149011612, -0.737500011920929, 1.6825000047683716, 0.06875000149011612, -0.737500011920929, 1.6145575046539307, -0.13124999403953552, -0.862500011920929, 1.6825000047683716, -1.5, 2.4139747619628906, 2.700000047683716] applied=[-0.06875000149011612, -0.737500011920929, 1.6825000047683716, 0.06875000149011612, -0.737500011920929, 1.6145575046539307, -0.13124999403953552, -0.862500011920929, 1.6825000047683716, -1.5, 2.4139747619628906, 2.700000047683716] current=[-0.5578373074531555, -0.695257306098938, 2.0285165309906006, 0.07798689603805542, -0.7670122385025024, 1.6918319463729858, -0.2403733730316162, -1.1478867530822754, 1.579237461090088, -0.1295223981142044, -0.8210369944572449, 1.3441730737686157]
[DIAG_INFER] step=251 policy_action_max=25.308622 applied_action_max=0.250000 obs_max=18.409075 history_nonzero_rows=15 position_clip=0 torque_clip=5 action=[25.308622360229492, 9.514707565307617, 14.686038970947266, -10.126507759094238, 12.72921371459961, -11.218001365661621, -18.792987823486328, -8.15192699432373, -15.388128280639648, -10.038897514343262, -11.698115348815918, 10.922847747802734]
[DIAG_TARGET] step=251 target_error=0.000000022 default=[0.0, -0.7853981852531433, 1.8654682636260986, 0.0, -0.7853981852531433, 1.8654682636260986, 0.0, -0.7853981852531433, 1.8654682636260986, 0.0, -0.7853981852531433, 1.8654682636260986] desired=[-0.06875000149011612, -0.737500011920929, 1.6825000047683716, 0.06875000149011612, -0.737500011920929, 1.5575000047683716, -0.7064608335494995, -0.020387448370456696, 1.5575000047683716, 1.5, 4.430392265319824, 2.700000047683716] applied=[-0.06875000149011612, -0.737500011920929, 1.6825000047683716, 0.06875000149011612, -0.737500011920929, 1.5575000047683716, -0.7064608335494995, -0.020387470722198486, 1.5575000047683716, 1.5, 4.430392265319824, 2.700000047683716] current=[-0.5320740938186646, -0.5708029866218567, 2.102018356323242, 0.11704916507005692, -0.7325762510299683, 1.6494868993759155, -0.10285525023937225, -0.8886042833328247, 1.6302582025527954, -0.811116099357605, -0.06296443194150925, 1.8750724792480469]
[DIAG_INFER] step=261 policy_action_max=24.313549 applied_action_max=0.250000 obs_max=25.308622 history_nonzero_rows=15 position_clip=0 torque_clip=3 action=[15.151676177978516, 7.505500316619873, 14.920933723449707, 15.270805358886719, -0.7517706155776978, -15.686607360839844, -10.036585807800293, 1.940732717514038, -18.182525634765625, -3.6264796257019043, -20.42276382446289, 24.313549041748047]
[DIAG_TARGET] step=261 target_error=0.000000060 default=[0.0, -0.7853981852531433, 1.8654682636260986, 0.0, -0.7853981852531433, 1.8654682636260986, 0.0, -0.7853981852531433, 1.8654682636260986, 0.0, -0.7853981852531433, 1.8654682636260986] desired=[-0.06875000149011612, -0.737500011920929, 1.6825000047683716, 0.13124999403953552, -0.862500011920929, 1.5575000047683716, -0.13124999403953552, 0.7967272996902466, 1.5575000047683716, 1.5, 0.7540658116340637, 1.6825000047683716] applied=[-0.06875000149011612, -0.737500011920929, 1.6825000047683716, 0.13124999403953552, -0.862500011920929, 1.5575000047683716, -0.13124999403953552, 0.7967272400856018, 1.5575000047683716, 1.5, 0.7540658116340637, 1.6825000047683716] current=[-0.3306041657924652, -0.4857552945613861, 2.1080539226531982, 0.21682308614253998, -0.7514289617538452, 1.604164958000183, -0.18154266476631165, -0.47398868203163147, 1.5467784404754639, -0.8024710416793823, 0.7488589882850647, 2.257582426071167]
[DIAG_INFER] step=271 policy_action_max=12.169009 applied_action_max=0.250000 obs_max=24.313549 history_nonzero_rows=15 position_clip=0 torque_clip=6 action=[8.131977081298828, 0.8275794982910156, 3.962575674057007, 0.20763680338859558, -3.5238544940948486, -5.871319770812988, -9.91317367553711, -1.1035867929458618, -12.1690092086792, 3.1982944011688232, -10.134697914123535, 7.228636264801025]
[DIAG_TARGET] step=271 target_error=0.000000000 default=[0.0, -0.7853981852531433, 1.8654682636260986, 0.0, -0.7853981852531433, 1.8654682636260986, 0.0, -0.7853981852531433, 1.8654682636260986, 0.0, -0.7853981852531433, 1.8654682636260986] desired=[-0.06875000149011612, -0.737500011920929, 1.6825000047683716, 0.12595459818840027, 0.010114073753356934, 1.5575000047683716, 0.06050712615251541, 0.011203646659851074, 1.5575000047683716, 1.5, -1.6059468984603882, 0.11864614486694336] applied=[-0.06875000149011612, -0.737500011920929, 1.6825000047683716, 0.12595459818840027, 0.010114073753356934, 1.5575000047683716, 0.06050712615251541, 0.011203646659851074, 1.5575000047683716, 1.5, -1.6059468984603882, 0.11864614486694336] current=[-0.1823396533727646, -0.4864233434200287, 2.055882215499878, 0.30764850974082947, -0.7894459366798401, 1.6703189611434937, -0.21765734255313873, 0.16042560338974, 1.5113801956176758, 0.017593631520867348, 0.9526432156562805, 1.9250611066818237]
[DIAG_INFER] step=281 policy_action_max=6.325989 applied_action_max=0.250000 obs_max=12.169009 history_nonzero_rows=15 position_clip=0 torque_clip=4 action=[4.102203845977783, 0.8262646198272705, 4.287447452545166, 0.8499517440795898, 0.4082733392715454, -3.722149610519409, -5.493649005889893, 1.9808249473571777, -3.977581024169922, 1.8989137411117554, -6.32598876953125, 2.8330044746398926]
[DIAG_TARGET] step=281 target_error=0.000000000 default=[0.0, -0.7853981852531433, 1.8654682636260986, 0.0, -0.7853981852531433, 1.8654682636260986, 0.0, -0.7853981852531433, 1.8654682636260986, 0.0, -0.7853981852531433, 1.8654682636260986] desired=[-0.06875000149011612, -0.737500011920929, 1.6825000047683716, 0.13124999403953552, -0.5654737949371338, 1.5575000047683716, 0.49781209230422974, -0.737500011920929, 1.5575000047683716, 0.13124999403953552, -3.2785091400146484, -1.1104300022125244] applied=[-0.06875000149011612, -0.737500011920929, 1.6825000047683716, 0.13124999403953552, -0.5654737949371338, 1.5575000047683716, 0.49781209230422974, -0.737500011920929, 1.5575000047683716, 0.13124999403953552, -3.2785091400146484, -1.1104300022125244] current=[-0.14326585829257965, -0.5457954406738281, 1.9812699556350708, 0.417904794216156, -0.7223333716392517, 1.7148151397705078, -0.18023070693016052, 0.3477797210216522, 1.585372805595398, 0.7419017553329468, 0.3263849914073944, 1.3891077041625977]
[DIAG_INFER] step=291 policy_action_max=4.023806 applied_action_max=0.250000 obs_max=6.325989 history_nonzero_rows=15 position_clip=0 torque_clip=3 action=[3.61425518989563, 1.185674786567688, 2.56683349609375, -2.3737869262695312, -0.4936697483062744, -4.023806095123291, -2.6415693759918213, 3.9663026332855225, -2.3230934143066406, -0.7611496448516846, -2.1420936584472656, 2.2510969638824463]
[DIAG_TARGET] step=291 target_error=0.000000000 default=[0.0, -0.7853981852531433, 1.8654682636260986, 0.0, -0.7853981852531433, 1.8654682636260986, 0.0, -0.7853981852531433, 1.8654682636260986, 0.0, -0.7853981852531433, 1.8654682636260986] desired=[-0.06875000149011612, -0.737500011920929, 1.6825000047683716, 0.06875000149011612, -0.862500011920929, 1.5575000047683716, -0.13124999403953552, -0.737500011920929, 1.5369174480438232, -0.4457114338874817, -2.9279427528381348, 1.6825000047683716] applied=[-0.06875000149011612, -0.737500011920929, 1.6825000047683716, 0.06875000149011612, -0.862500011920929, 1.5575000047683716, -0.13124999403953552, -0.737500011920929, 1.5369174480438232, -0.4457114338874817, -2.9279427528381348, 1.6825000047683716] current=[-0.18186143040657043, -0.61561518907547, 1.914054274559021, 0.3835802972316742, -0.6386508345603943, 1.7035120725631714, 0.031310610473155975, -0.059599995613098145, 1.5826013088226318, 0.5978005528450012, -0.49355947971343994, 0.8923337459564209]
[DIAG_INFER] step=301 policy_action_max=5.536835 applied_action_max=0.250000 obs_max=4.023806 history_nonzero_rows=15 position_clip=0 torque_clip=2 action=[5.536835193634033, 2.458244562149048, 4.511502742767334, -5.5280280113220215, -2.5146210193634033, -1.3552356958389282, -1.008216381072998, 2.3228635787963867, -5.114204406738281, 2.435101270675659, -0.9683010578155518, 4.753154277801514]
[DIAG_TARGET] step=301 target_error=0.000000000 default=[0.0, -0.7853981852531433, 1.8654682636260986, 0.0, -0.7853981852531433, 1.8654682636260986, 0.0, -0.7853981852531433, 1.8654682636260986, 0.0, -0.7853981852531433, 1.8654682636260986] desired=[-0.06875000149011612, -0.737500011920929, 1.6825000047683716, 0.06875000149011612, -0.862500011920929, 1.5575000047683716, -0.13124999403953552, -1.3564767837524414, 1.5575000047683716, 0.13124999403953552, -1.6457990407943726, 1.6825000047683716] applied=[-0.06875000149011612, -0.737500011920929, 1.6825000047683716, 0.06875000149011612, -0.862500011920929, 1.5575000047683716, -0.13124999403953552, -1.3564767837524414, 1.5575000047683716, 0.13124999403953552, -1.6457990407943726, 1.6825000047683716] current=[-0.24135534465312958, -0.6605013608932495, 1.9007568359375, 0.21328456699848175, -0.6942315101623535, 1.6354949474334717, 0.08083444833755493, -0.5291864275932312, 1.512181282043457, -0.09120485931634903, -1.3078206777572632, 1.2524462938308716]
[DIAG_INFER] step=311 policy_action_max=8.276691 applied_action_max=0.250000 obs_max=5.536835 history_nonzero_rows=15 position_clip=0 torque_clip=2 action=[6.00368070602417, 3.099382162094116, 7.9044365882873535, -7.335074424743652, -0.4088379144668579, -4.926871299743652, -8.168034553527832, -1.721574068069458, -8.276691436767578, 4.636409759521484, -1.5559563636779785, 5.672989368438721]
[DIAG_TARGET] step=311 target_error=0.000000000 default=[0.0, -0.7853981852531433, 1.8654682636260986, 0.0, -0.7853981852531433, 1.8654682636260986, 0.0, -0.7853981852531433, 1.8654682636260986, 0.0, -0.7853981852531433, 1.8654682636260986] desired=[-0.06875000149011612, -0.737500011920929, 1.6825000047683716, 0.06875000149011612, -0.862500011920929, 1.5575000047683716, -0.13124999403953552, -1.049184799194336, 1.5575000047683716, 0.13124999403953552, -0.862500011920929, 0.595829963684082] applied=[-0.06875000149011612, -0.737500011920929, 1.6825000047683716, 0.06875000149011612, -0.862500011920929, 1.5575000047683716, -0.13124999403953552, -1.049184799194336, 1.5575000047683716, 0.13124999403953552, -0.862500011920929, 0.595829963684082] current=[-0.20816583931446075, -0.6909743547439575, 1.8729221820831299, 0.16012105345726013, -0.8052929639816284, 1.5880134105682373, 0.07757468521595001, -0.9994664192199707, 1.5068780183792114, -0.06937533617019653, -1.699057698249817, 1.3902395963668823]
[DIAG_INFER] step=321 policy_action_max=11.681357 applied_action_max=0.250000 obs_max=8.276691 history_nonzero_rows=15 position_clip=0 torque_clip=0 action=[8.372397422790527, 1.2904452085494995, 6.691026210784912, -11.681357383728027, 0.1300325244665146, -1.908818006515503, -6.618898868560791, -4.07238245010376, -4.3574018478393555, 3.3939027786254883, 1.7256731986999512, 0.4117761254310608]
[DIAG_TARGET] step=321 target_error=0.000000000 default=[0.0, -0.7853981852531433, 1.8654682636260986, 0.0, -0.7853981852531433, 1.8654682636260986, 0.0, -0.7853981852531433, 1.8654682636260986, 0.0, -0.7853981852531433, 1.8654682636260986] desired=[-0.06875000149011612, -0.737500011920929, 1.6825000047683716, 0.06875000149011612, -0.76749187707901, 1.5575000047683716, -0.13124999403953552, -0.862500011920929, 1.5575000047683716, 0.13124999403953552, -0.737500011920929, 1.6825000047683716] applied=[-0.06875000149011612, -0.737500011920929, 1.6825000047683716, 0.06875000149011612, -0.76749187707901, 1.5575000047683716, -0.13124999403953552, -0.862500011920929, 1.5575000047683716, 0.13124999403953552, -0.737500011920929, 1.6825000047683716] current=[-0.21724975109100342, -0.6950271725654602, 1.8673161268234253, 0.09131946414709091, -0.8537809252738953, 1.5639677047729492, -0.04423617944121361, -1.1755070686340332, 1.498097538948059, 0.09855607897043228, -1.4277819395065308, 0.9626456499099731]
[DIAG_INFER] step=331 policy_action_max=12.168777 applied_action_max=0.250000 obs_max=11.681357 history_nonzero_rows=15 position_clip=0 torque_clip=1 action=[7.475476264953613, 2.6948044300079346, 5.088225841522217, -12.168777465820312, 1.1919647455215454, 1.4102216958999634, -2.839879274368286, -5.325767993927002, -3.604560613632202, 3.2466235160827637, -1.3752080202102661, -0.17763040959835052]
[DIAG_TARGET] step=331 target_error=0.000000000 default=[0.0, -0.7853981852531433, 1.8654682636260986, 0.0, -0.7853981852531433, 1.8654682636260986, 0.0, -0.7853981852531433, 1.8654682636260986, 0.0, -0.7853981852531433, 1.8654682636260986] desired=[-0.06875000149011612, -0.737500011920929, 1.6825000047683716, 0.06875000149011612, -0.737500011920929, 1.6825000047683716, -0.13124999403953552, -0.862500011920929, 1.5575000047683716, 0.35988086462020874, -0.862500011920929, 1.5755923986434937] applied=[-0.06875000149011612, -0.737500011920929, 1.6825000047683716, 0.06875000149011612, -0.737500011920929, 1.6825000047683716, -0.13124999403953552, -0.862500011920929, 1.5575000047683716, 0.35988086462020874, -0.862500011920929, 1.5755923986434937] current=[-0.19992321729660034, -0.694536030292511, 1.860521912574768, 0.08403930813074112, -0.8254578709602356, 1.5604987144470215, -0.10052403807640076, -1.0693166255950928, 1.516565203666687, 0.13870872557163239, -1.0763224363327026, 1.3412227630615234]
[DIAG_INFER] step=341 policy_action_max=9.468702 applied_action_max=0.250000 obs_max=12.168777 history_nonzero_rows=15 position_clip=0 torque_clip=1 action=[7.94195556640625, 6.510117530822754, 9.46870231628418, -5.4507880210876465, -0.06715287268161774, -5.407753944396973, -0.41440707445144653, -1.3317574262619019, -5.0365190505981445, 1.4952542781829834, -1.9970483779907227, 4.40017557144165]
[DIAG_TARGET] step=341 target_error=0.000000000 default=[0.0, -0.7853981852531433, 1.8654682636260986, 0.0, -0.7853981852531433, 1.8654682636260986, 0.0, -0.7853981852531433, 1.8654682636260986, 0.0, -0.7853981852531433, 1.8654682636260986] desired=[-0.06875000149011612, -0.737500011920929, 1.6825000047683716, 0.06875000149011612, -0.8167882561683655, 1.5575000047683716, -0.13124999403953552, -0.862500011920929, 1.5575000047683716, 1.1893231868743896, -0.862500011920929, 1.6825000047683716] applied=[-0.06875000149011612, -0.737500011920929, 1.6825000047683716, 0.06875000149011612, -0.8167882561683655, 1.5575000047683716, -0.13124999403953552, -0.862500011920929, 1.5575000047683716, 1.1893231868743896, -0.862500011920929, 1.6825000047683716] current=[-0.15260815620422363, -0.706183671951294, 1.845435380935669, 0.09536921977996826, -0.7829235196113586, 1.625494122505188, -0.1078411117196083, -0.9337003827095032, 1.5406912565231323, 0.24139530956745148, -0.8162075281143188, 1.4987947940826416]
[DIAG_INFER] step=351 policy_action_max=10.491299 applied_action_max=0.250000 obs_max=9.468702 history_nonzero_rows=15 position_clip=0 torque_clip=4 action=[9.513799667358398, 3.8454456329345703, 10.49129867553711, -7.084076881408691, -0.6753782629966736, -8.546954154968262, -5.005161762237549, -4.056042194366455, -8.558564186096191, 0.9148427248001099, -3.7017202377319336, 4.4170379638671875]
[DIAG_TARGET] step=351 target_error=0.000000000 default=[0.0, -0.7853981852531433, 1.8654682636260986, 0.0, -0.7853981852531433, 1.8654682636260986, 0.0, -0.7853981852531433, 1.8654682636260986, 0.0, -0.7853981852531433, 1.8654682636260986] desired=[-0.06875000149011612, -0.737500011920929, 1.6825000047683716, 0.06875000149011612, -0.862500011920929, 1.5575000047683716, 0.31042033433914185, -0.862500011920929, 1.5575000047683716, 0.3588894009590149, -1.3044534921646118, 0.9976515769958496] applied=[-0.06875000149011612, -0.737500011920929, 1.6825000047683716, 0.06875000149011612, -0.862500011920929, 1.5575000047683716, 0.31042033433914185, -0.862500011920929, 1.5575000047683716, 0.3588894009590149, -1.3044534921646118, 0.9976515769958496] current=[-0.08526942878961563, -0.7283260226249695, 1.8126388788223267, 0.1509002447128296, -0.8011745810508728, 1.6427451372146606, -0.09927821159362793, -0.8684852719306946, 1.5523606538772583, 0.6723533272743225, -0.7504217624664307, 1.5845555067062378]
[DIAG_INFER] step=361 policy_action_max=12.922489 applied_action_max=0.250000 obs_max=10.491299 history_nonzero_rows=15 position_clip=0 torque_clip=2 action=[11.717730522155762, 1.2801669836044312, 9.463784217834473, -12.922489166259766, -1.4771932363510132, -2.072483777999878, -1.6718354225158691, -1.8508362770080566, -4.8483686447143555, 0.716645359992981, -1.535707950592041, 1.426862120628357]
[DIAG_TARGET] step=361 target_error=0.000000000 default=[0.0, -0.7853981852531433, 1.8654682636260986, 0.0, -0.7853981852531433, 1.8654682636260986, 0.0, -0.7853981852531433, 1.8654682636260986, 0.0, -0.7853981852531433, 1.8654682636260986] desired=[-0.06875000149011612, -0.737500011920929, 1.6825000047683716, 0.06875000149011612, -0.862500011920929, 1.5575000047683716, -0.13124999403953552, -0.862500011920929, 1.5575000047683716, 0.13124999403953552, -1.740939974784851, 2.2751803398132324] applied=[-0.06875000149011612, -0.737500011920929, 1.6825000047683716, 0.06875000149011612, -0.862500011920929, 1.5575000047683716, -0.13124999403953552, -0.862500011920929, 1.5575000047683716, 0.13124999403953552, -1.740939974784851, 2.2751803398132324] current=[-0.10074547678232193, -0.7626879215240479, 1.8165998458862305, 0.12758764624595642, -0.848228394985199, 1.633582353591919, 0.019075622782111168, -0.856354296207428, 1.5611684322357178, 0.6501615643501282, -0.9485711455345154, 1.323215365409851]
[DIAG_INFER] step=371 policy_action_max=19.411657 applied_action_max=0.250000 obs_max=12.922489 history_nonzero_rows=15 position_clip=0 torque_clip=4 action=[12.772085189819336, 2.7138655185699463, 10.225059509277344, -19.411657333374023, -0.3577527403831482, 4.4869866371154785, -1.697376012802124, -4.250955104827881, -2.084873914718628, 2.348271369934082, -1.092559814453125, 0.3325456380844116]
[DIAG_TARGET] step=371 target_error=0.000000000 default=[0.0, -0.7853981852531433, 1.8654682636260986, 0.0, -0.7853981852531433, 1.8654682636260986, 0.0, -0.7853981852531433, 1.8654682636260986, 0.0, -0.7853981852531433, 1.8654682636260986] desired=[-0.06875000149011612, -0.737500011920929, 1.6825000047683716, 0.06875000149011612, -0.862500011920929, 1.6825000047683716, -0.13124999403953552, -1.006587266921997, 1.5575000047683716, -0.1935291886329651, -2.636033535003662, 2.3741512298583984] applied=[-0.06875000149011612, -0.737500011920929, 1.6825000047683716, 0.06875000149011612, -0.862500011920929, 1.6825000047683716, -0.13124999403953552, -1.006587266921997, 1.5575000047683716, -0.1935291886329651, -2.636033535003662, 2.3741512298583984] current=[-0.13971678912639618, -0.8128836750984192, 1.857836127281189, 0.0966939851641655, -0.8833844661712646, 1.6263293027877808, 0.016298100352287292, -0.8511235117912292, 1.5562758445739746, 0.2920331060886383, -1.4346036911010742, 1.8107261657714844]
[DIAG_INFER] step=381 policy_action_max=19.666393 applied_action_max=0.250000 obs_max=19.411657 history_nonzero_rows=15 position_clip=0 torque_clip=2 action=[7.3093791007995605, 6.713258743286133, 7.269186496734619, -19.666393280029297, 0.6104453802108765, 8.615052223205566, 6.516357421875, -1.92826247215271, 3.5617551803588867, 6.474392890930176, 2.958181619644165, -1.58431875705719]
[DIAG_TARGET] step=381 target_error=0.000000000 default=[0.0, -0.7853981852531433, 1.8654682636260986, 0.0, -0.7853981852531433, 1.8654682636260986, 0.0, -0.7853981852531433, 1.8654682636260986, 0.0, -0.7853981852531433, 1.8654682636260986] desired=[-0.06875000149011612, -0.737500011920929, 1.6825000047683716, 0.06875000149011612, -0.737500011920929, 1.6825000047683716, -0.06875000149011612, -1.9185166358947754, 1.6825000047683716, 0.13124999403953552, -3.3143444061279297, 1.5575000047683716] applied=[-0.06875000149011612, -0.737500011920929, 1.6825000047683716, 0.06875000149011612, -0.737500011920929, 1.6825000047683716, -0.06875000149011612, -1.9185166358947754, 1.6825000047683716, 0.13124999403953552, -3.3143444061279297, 1.5575000047683716] current=[-0.1460864096879959, -0.877679705619812, 1.8820083141326904, 0.1102333664894104, -0.9345586895942688, 1.7195454835891724, -0.03757798671722412, -0.9197198748588562, 1.5665372610092163, -0.0061331093311309814, -2.091356039047241, 2.0786831378936768]
[DIAG_INFER] step=391 policy_action_max=21.216345 applied_action_max=0.250000 obs_max=19.666393 history_nonzero_rows=15 position_clip=0 torque_clip=3 action=[-0.2731613516807556, 3.088651657104492, -0.32039615511894226, -21.216344833374023, -1.7387350797653198, 16.78554916381836, 17.707902908325195, -3.5474812984466553, 10.419576644897461, 6.043139457702637, 4.721051216125488, -5.437530994415283]
[DIAG_TARGET] step=391 target_error=0.000000000 default=[0.0, -0.7853981852531433, 1.8654682636260986, 0.0, -0.7853981852531433, 1.8654682636260986, 0.0, -0.7853981852531433, 1.8654682636260986, 0.0, -0.7853981852531433, 1.8654682636260986] desired=[-0.13124999403953552, -0.737500011920929, 1.5575000047683716, 0.06875000149011612, -1.0399916172027588, 1.6825000047683716, -0.06875000149011612, -2.5729260444641113, 1.6825000047683716, 0.13124999403953552, -3.8859810829162598, 1.5575000047683716] applied=[-0.13124999403953552, -0.737500011920929, 1.5575000047683716, 0.06875000149011612, -1.0399916172027588, 1.6825000047683716, -0.06875000149011612, -2.5729260444641113, 1.6825000047683716, 0.13124999403953552, -3.8859810829162598, 1.5575000047683716] current=[-0.12969963252544403, -0.9569127559661865, 1.8822104930877686, 0.14318765699863434, -1.0010077953338623, 1.810707449913025, -0.037408534437417984, -1.35888671875, 1.6401556730270386, 0.04985024407505989, -2.767354726791382, 1.747218370437622]
[STAGE] video_encoding_start
[SUMMARY] {"task": "YoboGo-Velocity-Flat-v0", "mode": "smoke", "yobogo_walk_speed_m_s": 0.15, "rapid_walk_speed_m_s": 0.3, "adaptation_weight": "/run/media/pma213x/0C6A8CC86A8CAFCE/Ubuntu2/CodeU/Dog1/mini-cheetah-isaaclab/external_models/rapid-locomotion-rl/runs/rapid-locomotion/example/train/201852.132488/checkpoints/adaptation_module_latest.jit", "body_weight": "/run/media/pma213x/0C6A8CC86A8CAFCE/Ubuntu2/CodeU/Dog1/mini-cheetah-isaaclab/external_models/rapid-locomotion-rl/runs/rapid-locomotion/example/train/201852.132488/checkpoints/body_latest.jit", "completed_steps": 400, "inference_steps": 40, "expected_inference_steps": 40, "reset_count": 0, "safety_clip_count": 117, "position_clip_count": 0, "torque_clip_count": 117, "large_action_inference_count": 29, "official_clip_inference_count": 0, "max_abs_rapid_action": 0.25, "max_abs_policy_action": 27.90338897705078, "ood_guard_count": 458, "base_height_min_m": 0.2024826854467392, "max_abs_roll_deg": 25.318943973159456, "max_abs_pitch_deg": 45.160974032827525, "xy_displacement_m": 0.09325208514928818, "mean_measured_velocity_m_s": 0.11656510643661022, "final_command": [0.15000000596046448, 0.0, 0.0], "terminated_steps": 0, "stability_errors": ["max_abs_pitch_deg=45.161>=45"], "interface_ok": true, "stable_walking": false, "video": null, "video_frames_written": 0}
Traceback (most recent call last):
  File "/run/media/pma213x/0C6A8CC86A8CAFCE/Ubuntu2/CodeU/Dog1/mini-cheetah-isaaclab/training/scripts/play_rapid.py", line 677, in <module>
    exit_code = main()
  File "/run/media/pma213x/0C6A8CC86A8CAFCE/Ubuntu2/CodeU/Dog1/mini-cheetah-isaaclab/training/scripts/play_rapid.py", line 662, in main
    raise RuntimeError(
RuntimeError: 稳定性 Gate 失败：max_abs_pitch_deg=45.161>=45
