[3gH    H    H    H    H    H    H    H    H    H    H    H    H    H    H    H    H    H    H    H   [INFO] Using python from: /home/pma213x/.venvs/minicheetah-isaaclab/bin/python
[INFO][AppLauncher]: Loading experience file: /home/pma213x/IsaacLab/apps/isaaclab.python.headless.kit
[Warning] [simulation_app.simulation_app] Modules: ['omni.kit_app'] were loaded before SimulationApp was started and might not be loaded correctly.
[Warning] [simulation_app.simulation_app] Please check to make sure no extra omniverse or pxr modules are imported before the call to SimulationApp(...)
Loading user config located at: '/home/pma213x/.venvs/minicheetah-isaaclab/lib/python3.10/site-packages/omni/data/Kit/Isaac-Sim/4.5/user.config.json'
[Info] [carb] Logging to file: /home/pma213x/.venvs/minicheetah-isaaclab/lib/python3.10/site-packages/omni/logs/Kit/Isaac-Sim/4.5/kit_20261008_210138.log
2026-10-08 13:01:38 [0ms] [Warning] [omni.kit.app.plugin] No crash reporter present, dumps uploading isn't available.
2026-10-08 13:01:39 [93ms] [Warning] [omni.usd_config.extension] Enable omni.materialx.libs extension to use MaterialX
2026-10-08 13:01:39 [373ms] [Warning] [omni.datastore] OmniHub is inaccessible
2026-10-08 13:01:39 [398ms] [Warning] [omni.isaac.dynamic_control] omni.isaac.dynamic_control is deprecated as of Isaac Sim 4.5. No action is needed from end-users.
Gym has been unmaintained since 2022 and does not support NumPy 2.0 amongst other critical functionality.
Please upgrade to Gymnasium, the maintained drop-in replacement of Gym, or contact the authors of your software and request that they upgrade.
See the migration guide at https://gymnasium.farama.org/introduction/migration_guide/ for additional information.
2026-10-08 13:01:40 [1,928ms] [Warning] [gpu.foundation.plugin] Skipping unsupported non-NVIDIA GPU: Intel(R) UHD Graphics (ADL-S GT0.5)
2026-10-08 13:01:40 [1,928ms] [Warning] [gpu.foundation.plugin] Skipping unsupported non-NVIDIA GPU: Intel(R) UHD Graphics (ADL-S GT0.5)

|---------------------------------------------------------------------------------------------|
| Driver Version: 580.178.04    | Graphics API: Vulkan
|=============================================================================================|
| GPU | Name                             | Active | LDA | GPU Memory | Vendor-ID | LUID       |
|     |                                  |        |     |            | Device-ID | UUID       |
|     |                                  |        |     |            | Bus-ID    |            |
|---------------------------------------------------------------------------------------------|
| 0   | NVIDIA GeForce RTX 4060 Laptop.. | Yes: 0 |     | 8188    MB | 10de      | 0          |
|     |                                  |        |     |            | 28e0      | 4d090564.. |
|     |                                  |        |     |            | 1         |            |
|---------------------------------------------------------------------------------------------|
| 1   | Intel(R) UHD Graphics (ADL-S G.. |        |     | 11374   MB | 8086      | 0          |
|     |                                  |        |     |            | 468b      | 86808b46.. |
|     |                                  |        |     |            | 0         |            |
|=============================================================================================|
| OS: 26.04.1 LTS (Resolute Raccoon) ubuntu, Version: 26.04.1, Kernel: 7.0.0-34-generic
| XServer Vendor: The X.Org Foundation, XServer Version: 12401010 (1.24.1.10)
| Processor: 13th Gen Intel(R) Core(TM) i5-13500HX
| Bare Metal Cores: 14 | Bare Metal Logical Cores: 28
| Available Cores:  20 
|---------------------------------------------------------------------------------------------|
| Total Memory (MB): 15166 | Free Memory: 7264
| Total Page/Swap (MB): 20479 | Free Page/Swap: 16523
|---------------------------------------------------------------------------------------------|
2026-10-08 13:01:41 [2,196ms] [Warning] [gpu.foundation.plugin] IOMMU is enabled.
2026-10-08 13:01:41 [2,198ms] [Warning] [gpu.foundation.plugin] Detected IOMMU is enabled. Running CUDA peer-to-peer bandwidth and latency validation.
Unidirectional P2P=Enabled Bandwidth (P2P Writes) Matrix (GB/s)
   D\D     0 
     0 215.25 
P2P=Enabled Latency (P2P Writes) Matrix (us)
   GPU     0 
     0   1.50 

   CPU     0 
     0   2.26 
[STAGE] config_start
[INFO]: Parsing configuration from: training.envs.velocity_flat_env_cfg:YoboGoVelocityFlatEnvCfg
[STAGE] config_done
[STAGE] environment_create_start
2026-10-08 13:01:41 [2,393ms] [Warning] [isaaclab.envs.manager_based_env] Seed not set for the environment. The environment creation may not be deterministic.
[INFO]: Base environment:
	Environment device    : cuda:0
	Environment seed      : None
	Physics step-size     : 0.0004
	Rendering step-size   : 0.002
	Environment step-size : 0.002
2026-10-08 13:01:41 [2,479ms] [Warning] [isaaclab.terrains.terrain_importer] Visual material specified for ground plane but no diffuse color found. Using default color: (0.0, 0.0, 0.0)
[INFO]: Time taken for scene creation : 3.398885 seconds
[INFO]: Scene manager:  <class InteractiveScene>
	Number of environments: 1
	Environment spacing   : 2.5
	Source prim name      : /World/envs/env_0
	Global prim paths     : ['/World/ground']
	Replicate physics     : True
[INFO]: Starting the simulation. This may take a few seconds. Please wait...
[INFO]: Time taken for simulation start : 0.458838 seconds
2026-10-08 13:01:45 [6,529ms] [Warning] [omni.usd] Warning: in GetNodeDiscoveryResults at line 136 of /builds/omniverse/usd-ci/USD/pxr/usd/usdShade/shaderDefUtils.cpp -- Unable to resolve info:sourceAsset </UsdPreviewSurface.info:mdl:sourceAsset> with value @UsdPreviewSurface.mdl@.

2026-10-08 13:01:45 [6,530ms] [Warning] [omni.usd] Warning: in GetNodeDiscoveryResults at line 136 of /builds/omniverse/usd-ci/USD/pxr/usd/usdShade/shaderDefUtils.cpp -- Unable to resolve info:sourceAsset </UsdUVTexture.info:mdl:sourceAsset> with value @UsdPreviewSurface.mdl@.

2026-10-08 13:01:45 [6,530ms] [Warning] [omni.usd] Warning: in GetNodeDiscoveryResults at line 136 of /builds/omniverse/usd-ci/USD/pxr/usd/usdShade/shaderDefUtils.cpp -- Unable to resolve info:sourceAsset </UsdPrimvarReader_float.info:mdl:sourceAsset> with value @UsdPreviewSurface.mdl@.

2026-10-08 13:01:45 [6,530ms] [Warning] [omni.usd] Warning: in GetNodeDiscoveryResults at line 136 of /builds/omniverse/usd-ci/USD/pxr/usd/usdShade/shaderDefUtils.cpp -- Unable to resolve info:sourceAsset </UsdPrimvarReader_float2.info:mdl:sourceAsset> with value @UsdPreviewSurface.mdl@.

2026-10-08 13:01:45 [6,530ms] [Warning] [omni.usd] Warning: in GetNodeDiscoveryResults at line 136 of /builds/omniverse/usd-ci/USD/pxr/usd/usdShade/shaderDefUtils.cpp -- Unable to resolve info:sourceAsset </UsdPrimvarReader_float3.info:mdl:sourceAsset> with value @UsdPreviewSurface.mdl@.

2026-10-08 13:01:45 [6,530ms] [Warning] [omni.usd] Warning: in GetNodeDiscoveryResults at line 136 of /builds/omniverse/usd-ci/USD/pxr/usd/usdShade/shaderDefUtils.cpp -- Unable to resolve info:sourceAsset </UsdPrimvarReader_float4.info:mdl:sourceAsset> with value @UsdPreviewSurface.mdl@.

2026-10-08 13:01:45 [6,530ms] [Warning] [omni.usd] Warning: in GetNodeDiscoveryResults at line 136 of /builds/omniverse/usd-ci/USD/pxr/usd/usdShade/shaderDefUtils.cpp -- Unable to resolve info:sourceAsset </UsdPrimvarReader_int.info:mdl:sourceAsset> with value @UsdPreviewSurface.mdl@.

2026-10-08 13:01:45 [6,530ms] [Warning] [omni.usd] Warning: in GetNodeDiscoveryResults at line 136 of /builds/omniverse/usd-ci/USD/pxr/usd/usdShade/shaderDefUtils.cpp -- Unable to resolve info:sourceAsset </UsdPrimvarReader_string.info:mdl:sourceAsset> with value @UsdPreviewSurface.mdl@.

2026-10-08 13:01:45 [6,530ms] [Warning] [omni.usd] Warning: in GetNodeDiscoveryResults at line 136 of /builds/omniverse/usd-ci/USD/pxr/usd/usdShade/shaderDefUtils.cpp -- Unable to resolve info:sourceAsset </UsdPrimvarReader_normal.info:mdl:sourceAsset> with value @UsdPreviewSurface.mdl@.

2026-10-08 13:01:45 [6,530ms] [Warning] [omni.usd] Warning: in GetNodeDiscoveryResults at line 136 of /builds/omniverse/usd-ci/USD/pxr/usd/usdShade/shaderDefUtils.cpp -- Unable to resolve info:sourceAsset </UsdPrimvarReader_point.info:mdl:sourceAsset> with value @UsdPreviewSurface.mdl@.

2026-10-08 13:01:45 [6,532ms] [Warning] [omni.usd] Warning: in GetNodeDiscoveryResults at line 136 of /builds/omniverse/usd-ci/USD/pxr/usd/usdShade/shaderDefUtils.cpp -- Unable to resolve info:sourceAsset </UsdPrimvarReader_vector.info:mdl:sourceAsset> with value @UsdPreviewSurface.mdl@.

2026-10-08 13:01:45 [6,532ms] [Warning] [omni.usd] Warning: in GetNodeDiscoveryResults at line 136 of /builds/omniverse/usd-ci/USD/pxr/usd/usdShade/shaderDefUtils.cpp -- Unable to resolve info:sourceAsset </UsdPrimvarReader_matrix.info:mdl:sourceAsset> with value @UsdPreviewSurface.mdl@.

2026-10-08 13:01:45 [6,532ms] [Warning] [omni.usd] Warning: in GetNodeDiscoveryResults at line 136 of /builds/omniverse/usd-ci/USD/pxr/usd/usdShade/shaderDefUtils.cpp -- Unable to resolve info:sourceAsset </UsdTransform2d.info:mdl:sourceAsset> with value @UsdPreviewSurface.mdl@.

[INFO] Command Manager:  <CommandManager> contains 1 active terms.
+------------------------------------------------+
|              Active Command Terms              |
+-------+---------------+------------------------+
| Index | Name          |          Type          |
+-------+---------------+------------------------+
|   0   | base_velocity | UniformVelocityCommand |
+-------+---------------+------------------------+

[INFO] Recorder Manager:  <RecorderManager> contains 0 active terms.
+---------------------+
| Active Recorder Terms |
+-----------+---------+
|   Index   | Name    |
+-----------+---------+
+-----------+---------+

[INFO] Action Manager:  <ActionManager> contains 1 active terms.
+------------------------------------+
|  Active Action Terms (shape: 12)   |
+--------+-------------+-------------+
| Index  | Name        |   Dimension |
+--------+-------------+-------------+
|   0    | joint_pos   |          12 |
+--------+-------------+-------------+

[INFO] Observation Manager: <ObservationManager> contains 1 groups.
+---------------------------------------------------------+
| Active Observation Terms in Group: 'policy' (shape: (48,)) |
+-----------+---------------------------------+-----------+
|   Index   | Name                            |   Shape   |
+-----------+---------------------------------+-----------+
|     0     | base_lin_vel                    |    (3,)   |
|     1     | base_ang_vel                    |    (3,)   |
|     2     | projected_gravity               |    (3,)   |
|     3     | velocity_commands               |    (3,)   |
|     4     | joint_pos                       |   (12,)   |
|     5     | joint_vel                       |   (12,)   |
|     6     | actions                         |   (12,)   |
+-----------+---------------------------------+-----------+

[INFO] Event Manager:  <EventManager> contains 3 active terms.
+--------------------------------------+
| Active Event Terms in Mode: 'startup' |
+----------+---------------------------+
|  Index   | Name                      |
+----------+---------------------------+
|    0     | physics_material          |
+----------+---------------------------+
+---------------------------------------+
|  Active Event Terms in Mode: 'reset'  |
+--------+------------------------------+
| Index  | Name                         |
+--------+------------------------------+
|   0    | base_external_force_torque   |
|   1    | reset_base                   |
|   2    | reset_robot_joints           |
+--------+------------------------------+
+----------------------------------------------+
|    Active Event Terms in Mode: 'interval'    |
+-------+------------+-------------------------+
| Index | Name       | Interval time range (s) |
+-------+------------+-------------------------+
|   0   | push_robot |       (10.0, 15.0)      |
+-------+------------+-------------------------+

[INFO] Termination Manager:  <TerminationManager> contains 2 active terms.
+---------------------------------+
|     Active Termination Terms    |
+-------+--------------+----------+
| Index | Name         | Time Out |
+-------+--------------+----------+
|   0   | time_out     |   True   |
|   1   | base_contact |  False   |
+-------+--------------+----------+

[INFO] Reward Manager:  <RewardManager> contains 11 active terms.
+-----------------------------------------+
|           Active Reward Terms           |
+-------+----------------------+----------+
| Index | Name                 |   Weight |
+-------+----------------------+----------+
|   0   | track_lin_vel_xy_exp |      1.0 |
|   1   | track_ang_vel_z_exp  |      0.5 |
|   2   | lin_vel_z_l2         |     -2.0 |
|   3   | ang_vel_xy_l2        |    -0.05 |
|   4   | dof_torques_l2       | -2.5e-05 |
|   5   | dof_acc_l2           | -2.5e-07 |
|   6   | action_rate_l2       |    -0.01 |
|   7   | feet_air_time        |      0.5 |
|   8   | undesired_contacts   |     -1.0 |
|   9   | flat_orientation_l2  |     -5.0 |
|   10  | dof_pos_limits       |      0.0 |
+-------+----------------------+----------+

[INFO] Curriculum Manager:  <CurriculumManager> contains 0 active terms.
+----------------------+
| Active Curriculum Terms |
+-----------+----------+
|   Index   | Name     |
+-----------+----------+
+-----------+----------+

[INFO]: Completed setting up the environment...
[STAGE] environment_create_done
[STAGE] policy_adapter_setup_start
[STAGE] policy_adapter_setup_done
[INFO] task=YoboGo-Velocity-Flat-v0
[INFO] weights_adaptation=/run/media/pma213x/0C6A8CC86A8CAFCE/Ubuntu2/CodeU/Dog1/mini-cheetah-isaaclab/external_models/rapid-locomotion-rl/runs/rapid-locomotion/example/train/201852.132488/checkpoints/adaptation_module_latest.jit
[INFO] weights_body=/run/media/pma213x/0C6A8CC86A8CAFCE/Ubuntu2/CodeU/Dog1/mini-cheetah-isaaclab/external_models/rapid-locomotion-rl/runs/rapid-locomotion/example/train/201852.132488/checkpoints/body_latest.jit
[INFO] yobogo_observation_dim=48 rapid_observation_dim=42
[INFO] history_dim=630 action_dim=12
[INFO] inference_period=10 control_period_s=0.002 inference_hz=50
[INFO] rapid_replay_actuator_kp=20 kd=0.5 effort=18/18/26
[INFO] yobogo_command=[0.6, 0.0, 0.0] rapid_command=[0.6, 0.0, 0.0]
[INFO] model_dummy_action_shape=(1, 12)
[INFO] model_dummy_latent_shape=(1, 18)
[STAGE] event_loop_start
[DIAG_INFER] step=1 policy_action_max=1.340681 applied_action_max=0.250000 obs_max=1.000000 history_nonzero_rows=0 position_clip=0 torque_clip=0 action=[-0.1513940542936325, 0.4669410288333893, -0.17371895909309387, -0.167944997549057, 0.7369129657745361, 0.4900173544883728, 0.21038001775741577, -1.3406811952590942, 0.769524335861206, 0.09633628278970718, -0.7907271385192871, -0.8274956941604614]
[DIAG_TARGET] step=1 target_error=0.000000000 default=[0.0, -0.7853981852531433, 1.8654682636260986, 0.0, -0.7853981852531433, 1.8654682636260986, 0.0, -0.7853981852531433, 1.8654682636260986, 0.0, -0.7853981852531433, 1.8654682636260986] desired=[-0.11892426013946533, -0.737500011920929, 1.5765702724456787, 0.07900688052177429, -0.737500011920929, 1.6825000047683716, -0.07370249927043915, -0.862500011920929, 1.6825000047683716, 0.11204203963279724, -0.862500011920929, 1.5575000047683716] applied=[-0.11892426013946533, -0.737500011920929, 1.5765702724456787, 0.07900688052177429, -0.737500011920929, 1.6825000047683716, -0.07370249927043915, -0.862500011920929, 1.6825000047683716, 0.11204203963279724, -0.862500011920929, 1.5575000047683716] current=[-0.001973405946046114, -0.7836548089981079, 1.8637034893035889, 0.0004860393819399178, -0.7843399047851562, 1.8625829219818115, -0.001104501192457974, -0.7850002646446228, 1.864296793937683, 0.0006380038103088737, -0.7845558524131775, 1.862606167793274]
[STAGE] first_step_done
[DIAG_INFER] step=11 policy_action_max=6.961265 applied_action_max=0.250000 obs_max=2.272867 history_nonzero_rows=1 position_clip=0 torque_clip=3 action=[6.9612650871276855, 1.9969934225082397, 2.384204864501953, -0.7292188405990601, 0.9584507346153259, -0.1706005334854126, -6.538408279418945, -1.273613452911377, -5.491671562194824, -6.294350624084473, -2.5650877952575684, 2.3360581398010254]
[DIAG_TARGET] step=11 target_error=0.000000000 default=[0.0, -0.7853981852531433, 1.8654682636260986, 0.0, -0.7853981852531433, 1.8654682636260986, 0.0, -0.7853981852531433, 1.8654682636260986, 0.0, -0.7853981852531433, 1.8654682636260986] desired=[-0.06875000149011612, -0.737500011920929, 1.6825000047683716, 0.06875000149011612, -0.737500011920929, 1.5773499011993408, -0.13124999403953552, -0.862500011920929, 1.5575000047683716, -0.2736387848854065, 0.5752621293067932, 1.303939938545227] applied=[-0.06875000149011612, -0.737500011920929, 1.6825000047683716, 0.06875000149011612, -0.737500011920929, 1.5773499011993408, -0.13124999403953552, -0.862500011920929, 1.5575000047683716, -0.2736387848854065, 0.5752621293067932, 1.303939938545227] current=[-0.03171614557504654, -0.7368460297584534, 1.8314235210418701, 0.007814989425241947, -0.740449845790863, 1.8284164667129517, -0.028894847258925438, -0.7678882479667664, 1.844069480895996, 0.016638029366731644, -0.7518489956855774, 1.8326382637023926]
[DIAG_INFER] step=21 policy_action_max=10.415302 applied_action_max=0.250000 obs_max=6.961265 history_nonzero_rows=2 position_clip=0 torque_clip=3 action=[9.429465293884277, -2.513747453689575, 3.4606049060821533, -1.2984033823013306, 2.99454665184021, 1.4368388652801514, -8.690608024597168, 0.022254474461078644, -5.851352691650391, -10.415302276611328, -4.044187068939209, 1.3184937238693237]
[DIAG_TARGET] step=21 target_error=0.000000000 default=[0.0, -0.7853981852531433, 1.8654682636260986, 0.0, -0.7853981852531433, 1.8654682636260986, 0.0, -0.7853981852531433, 1.8654682636260986, 0.0, -0.7853981852531433, 1.8654682636260986] desired=[-0.06875000149011612, -0.862500011920929, 1.6825000047683716, 0.06875000149011612, -0.737500011920929, 1.6825000047683716, -0.13124999403953552, -0.6020960807800293, 1.5575000047683716, -1.5, 0.5874484181404114, 1.6825000047683716] applied=[-0.06875000149011612, -0.862500011920929, 1.6825000047683716, 0.06875000149011612, -0.737500011920929, 1.6825000047683716, -0.13124999403953552, -0.6020960807800293, 1.5575000047683716, -1.5, 0.5874484181404114, 1.6825000047683716] current=[-0.10474147647619247, -0.6879308819770813, 1.8108737468719482, -0.0359085388481617, -0.678367018699646, 1.7825579643249512, -0.08817292749881744, -0.7145900726318359, 1.8158602714538574, -0.04867340624332428, -0.37536242604255676, 1.6633951663970947]
[DIAG_INFER] step=31 policy_action_max=5.104892 applied_action_max=0.250000 obs_max=10.415302 history_nonzero_rows=3 position_clip=0 torque_clip=3 action=[1.8412333726882935, -3.446345329284668, 0.40320274233818054, -5.104892253875732, -0.6661739945411682, 1.9803143739700317, 2.200868844985962, -2.469372510910034, 0.762127161026001, -1.2962172031402588, -0.21893224120140076, 2.7495808601379395]
[DIAG_TARGET] step=31 target_error=0.000000030 default=[0.0, -0.7853981852531433, 1.8654682636260986, 0.0, -0.7853981852531433, 1.8654682636260986, 0.0, -0.7853981852531433, 1.8654682636260986, 0.0, -0.7853981852531433, 1.8654682636260986] desired=[-0.06875000149011612, -0.862500011920929, 1.6825000047683716, 0.06875000149011612, -0.862500011920929, 1.6825000047683716, -0.6087794303894043, -0.1449483335018158, 1.6825000047683716, 0.06875000149011612, -0.8547330498695374, 2.505481719970703] applied=[-0.06875000149011612, -0.862500011920929, 1.6825000047683716, 0.06875000149011612, -0.862500011920929, 1.6825000047683716, -0.6087794303894043, -0.1449483036994934, 1.6825000047683716, 0.06875000149011612, -0.8547330498695374, 2.505481719970703] current=[-0.16793909668922424, -0.6897013783454895, 1.843139410018921, -0.023548079654574394, -0.6772093772888184, 1.7275956869125366, -0.19818490743637085, -0.6352516412734985, 1.7748445272445679, -0.6506747007369995, 0.17721323668956757, 1.6648483276367188]
[DIAG_INFER] step=41 policy_action_max=9.248307 applied_action_max=0.250000 obs_max=5.104892 history_nonzero_rows=4 position_clip=0 torque_clip=2 action=[9.248307228088379, 4.058294773101807, 2.9766743183135986, 2.2446787357330322, -2.3805172443389893, -9.0380859375, -0.42799705266952515, -0.2284085750579834, -1.169895887374878, 3.1971731185913086, -5.156406879425049, 2.870668411254883]
[DIAG_TARGET] step=41 target_error=0.000000000 default=[0.0, -0.7853981852531433, 1.8654682636260986, 0.0, -0.7853981852531433, 1.8654682636260986, 0.0, -0.7853981852531433, 1.8654682636260986, 0.0, -0.7853981852531433, 1.8654682636260986] desired=[-0.06875000149011612, -0.737500011920929, 1.6825000047683716, 0.13124999403953552, -0.862500011920929, 1.5575000047683716, -0.13124999403953552, -0.8571021556854248, 1.5575000047683716, 1.5, -1.3767404556274414, 1.6825000047683716] applied=[-0.06875000149011612, -0.737500011920929, 1.6825000047683716, 0.13124999403953552, -0.862500011920929, 1.5575000047683716, -0.13124999403953552, -0.8571021556854248, 1.5575000047683716, 1.5, -1.3767404556274414, 1.6825000047683716] current=[-0.09587183594703674, -0.712596595287323, 1.8450850248336792, 0.11750729382038116, -0.7803865671157837, 1.703160285949707, -0.30874499678611755, -0.428903192281723, 1.7018872499465942, -0.6864894032478333, -0.04069063439965248, 2.1052587032318115]
[DIAG_INFER] step=51 policy_action_max=4.609448 applied_action_max=0.250000 obs_max=9.248307 history_nonzero_rows=5 position_clip=0 torque_clip=2 action=[4.256136894226074, 1.231582522392273, 2.9481844902038574, -1.7097824811935425, 2.51721453666687, -2.490480661392212, -4.550596714019775, 0.698501467704773, -0.7280895709991455, 0.5898512005805969, -4.609447956085205, 1.6218000650405884]
[DIAG_TARGET] step=51 target_error=0.000000000 default=[0.0, -0.7853981852531433, 1.8654682636260986, 0.0, -0.7853981852531433, 1.8654682636260986, 0.0, -0.7853981852531433, 1.8654682636260986, 0.0, -0.7853981852531433, 1.8654682636260986] desired=[-0.06875000149011612, -0.737500011920929, 1.6825000047683716, 0.06875000149011612, -0.737500011920929, 1.5575000047683716, 0.14438600838184357, -0.737500011920929, 1.5575000047683716, 0.13124999403953552, -0.862500011920929, -1.226722002029419] applied=[-0.06875000149011612, -0.737500011920929, 1.6825000047683716, 0.06875000149011612, -0.737500011920929, 1.5575000047683716, 0.14438600838184357, -0.737500011920929, 1.5575000047683716, 0.13124999403953552, -0.862500011920929, -1.226722002029419] current=[-0.014786987565457821, -0.7129364609718323, 1.7721915245056152, 0.27725672721862793, -0.8297683000564575, 1.7608875036239624, -0.26721492409706116, -0.5231528878211975, 1.6424384117126465, 0.09099958837032318, -0.713941752910614, 1.8699712753295898]
[DIAG_INFER] step=61 policy_action_max=5.852595 applied_action_max=0.250000 obs_max=4.609448 history_nonzero_rows=6 position_clip=0 torque_clip=2 action=[5.021474838256836, -0.1908319890499115, 2.3700826168060303, -1.9415816068649292, 0.44760167598724365, 0.17518895864486694, -4.097360610961914, -0.7067948579788208, -0.8080176115036011, -5.852595329284668, -3.286975622177124, -0.276775062084198]
[DIAG_TARGET] step=61 target_error=0.000000000 default=[0.0, -0.7853981852531433, 1.8654682636260986, 0.0, -0.7853981852531433, 1.8654682636260986, 0.0, -0.7853981852531433, 1.8654682636260986, 0.0, -0.7853981852531433, 1.8654682636260986] desired=[-0.06875000149011612, -0.847707986831665, 1.6825000047683716, 0.06875000149011612, -0.737500011920929, 1.6637972593307495, -0.13124999403953552, -0.862500011920929, 1.5575000047683716, -1.5, -0.862500011920929, 1.440050721168518] applied=[-0.06875000149011612, -0.847707986831665, 1.6825000047683716, 0.06875000149011612, -0.737500011920929, 1.6637972593307495, -0.13124999403953552, -0.862500011920929, 1.5575000047683716, -1.5, -0.862500011920929, 1.440050721168518] current=[-0.1159534677863121, -0.7184890508651733, 1.7247915267944336, 0.24740739166736603, -0.8021718859672546, 1.7764390707015991, -0.2109648883342743, -0.6464568972587585, 1.672360897064209, 0.2113746851682663, -0.7365356683731079, 1.8287230730056763]
[DIAG_INFER] step=71 policy_action_max=15.574646 applied_action_max=0.250000 obs_max=5.852595 history_nonzero_rows=7 position_clip=0 torque_clip=3 action=[-6.3589372634887695, 2.492682695388794, 2.6898252964019775, -15.57464599609375, 3.4059836864471436, 0.16079699993133545, -0.8039597868919373, -15.501476287841797, 9.204818725585938, -11.977967262268066, -2.231428623199463, -4.360426425933838]
[DIAG_TARGET] step=71 target_error=0.000000000 default=[0.0, -0.7853981852531433, 1.8654682636260986, 0.0, -0.7853981852531433, 1.8654682636260986, 0.0, -0.7853981852531433, 1.8654682636260986, 0.0, -0.7853981852531433, 1.8654682636260986] desired=[-0.13124999403953552, -0.737500011920929, 1.6825000047683716, 0.06875000149011612, -0.737500011920929, 1.6601992845535278, -0.13124999403953552, -0.862500011920929, 1.6825000047683716, -1.5, -1.0100899934768677, 2.700000047683716] applied=[-0.13124999403953552, -0.737500011920929, 1.6825000047683716, 0.06875000149011612, -0.737500011920929, 1.6601992845535278, -0.13124999403953552, -0.862500011920929, 1.6825000047683716, -1.5, -1.0100899934768677, 2.700000047683716] current=[-0.2388608306646347, -0.750028133392334, 1.7842806577682495, 0.0876251682639122, -0.7430109977722168, 1.7246648073196411, -0.33253562450408936, -0.675563395023346, 1.7328027486801147, -0.20947447419166565, -0.7293073534965515, 1.8972400426864624]
[DIAG_INFER] step=81 policy_action_max=12.537530 applied_action_max=0.250000 obs_max=15.574646 history_nonzero_rows=8 position_clip=0 torque_clip=2 action=[4.746461868286133, 7.465218544006348, 0.4310436546802521, -12.537529945373535, 4.251238822937012, 0.13657641410827637, -0.3556479811668396, -8.51822280883789, -2.844367504119873, 0.849769651889801, -2.7690939903259277, -0.762053370475769]
[DIAG_TARGET] step=81 target_error=0.000000000 default=[0.0, -0.7853981852531433, 1.8654682636260986, 0.0, -0.7853981852531433, 1.8654682636260986, 0.0, -0.7853981852531433, 1.8654682636260986, 0.0, -0.7853981852531433, 1.8654682636260986] desired=[-0.06875000149011612, -0.737500011920929, 1.6825000047683716, 0.06875000149011612, -0.737500011920929, 1.654144048690796, -0.7798361778259277, -0.862500011920929, 1.5575000047683716, 0.13124999403953552, -0.1739429235458374, 1.5575000047683716] applied=[-0.06875000149011612, -0.737500011920929, 1.6825000047683716, 0.06875000149011612, -0.737500011920929, 1.654144048690796, -0.7798361778259277, -0.862500011920929, 1.5575000047683716, 0.13124999403953552, -0.1739429235458374, 1.5575000047683716] current=[-0.27690407633781433, -0.727645993232727, 1.8194929361343384, 0.09645155072212219, -0.7293412685394287, 1.690369963645935, -0.33045172691345215, -0.7092474102973938, 1.797734022140503, -0.9203213453292847, -0.8282433152198792, 2.2865381240844727]
[DIAG_INFER] step=91 policy_action_max=12.024006 applied_action_max=0.250000 obs_max=12.537530 history_nonzero_rows=9 position_clip=0 torque_clip=1 action=[11.254579544067383, 7.64246129989624, 9.933830261230469, 1.8751078844070435, 4.054416656494141, -8.067154884338379, -2.5391156673431396, 0.101392962038517, -6.605693340301514, -0.9132033586502075, -8.337505340576172, 12.024005889892578]
[DIAG_TARGET] step=91 target_error=0.000000000 default=[0.0, -0.7853981852531433, 1.8654682636260986, 0.0, -0.7853981852531433, 1.8654682636260986, 0.0, -0.7853981852531433, 1.8654682636260986, 0.0, -0.7853981852531433, 1.8654682636260986] desired=[-0.06875000149011612, -0.737500011920929, 1.6825000047683716, 0.13124999403953552, -0.737500011920929, 1.5575000047683716, -0.13124999403953552, -0.7746517658233643, 1.5575000047683716, 1.5, -0.862500011920929, 1.6825000047683716] applied=[-0.06875000149011612, -0.737500011920929, 1.6825000047683716, 0.13124999403953552, -0.737500011920929, 1.5575000047683716, -0.13124999403953552, -0.7746517658233643, 1.5575000047683716, 1.5, -0.862500011920929, 1.6825000047683716] current=[-0.20850269496440887, -0.7076757550239563, 1.8103251457214355, 0.1718260645866394, -0.740212082862854, 1.6728459596633911, -0.4366151988506317, -0.7478939294815063, 1.6910820007324219, -0.670785665512085, -0.52420574426651, 1.8461536169052124]
[DIAG_INFER] step=101 policy_action_max=7.556891 applied_action_max=0.250000 obs_max=12.024006 history_nonzero_rows=10 position_clip=0 torque_clip=3 action=[7.480386734008789, 2.013354539871216, 4.072011470794678, -1.8008590936660767, 0.5301716327667236, -5.951446533203125, -6.309298038482666, -0.07703565806150436, -6.036149024963379, 2.05279803276062, -7.556891441345215, 4.998349189758301]
[DIAG_TARGET] step=101 target_error=0.000000000 default=[0.0, -0.7853981852531433, 1.8654682636260986, 0.0, -0.7853981852531433, 1.8654682636260986, 0.0, -0.7853981852531433, 1.8654682636260986, 0.0, -0.7853981852531433, 1.8654682636260986] desired=[-0.06875000149011612, -0.737500011920929, 1.6825000047683716, 0.06875000149011612, -0.737500011920929, 1.5575000047683716, 0.17541520297527313, -0.8192589282989502, 1.5575000047683716, 1.5, -0.862500011920929, -0.10419058799743652] applied=[-0.06875000149011612, -0.737500011920929, 1.6825000047683716, 0.06875000149011612, -0.737500011920929, 1.5575000047683716, 0.17541520297527313, -0.8192589282989502, 1.5575000047683716, 1.5, -0.862500011920929, -0.10419058799743652] current=[-0.0716235414147377, -0.7019002437591553, 1.7491973638534546, 0.36220434308052063, -0.7490087747573853, 1.7606284618377686, -0.3255169987678528, -0.7956713438034058, 1.6112711429595947, 0.13112501800060272, -0.4827544391155243, 1.8494985103607178]
[DIAG_INFER] step=111 policy_action_max=3.435542 applied_action_max=0.250000 obs_max=7.556891 history_nonzero_rows=11 position_clip=0 torque_clip=3 action=[3.076890230178833, 0.8060179948806763, 2.2330431938171387, -0.7709801197052002, 2.547236204147339, -0.8378539085388184, -2.1245672702789307, -0.4111323356628418, 1.0191594362258911, -3.435541868209839, -2.9304347038269043, 0.14315660297870636]
[DIAG_TARGET] step=111 target_error=0.000000000 default=[0.0, -0.7853981852531433, 1.8654682636260986, 0.0, -0.7853981852531433, 1.8654682636260986, 0.0, -0.7853981852531433, 1.8654682636260986, 0.0, -0.7853981852531433, 1.8654682636260986] desired=[-0.06875000149011612, -0.737500011920929, 1.6825000047683716, 0.06875000149011612, -0.737500011920929, 1.5575000047683716, 0.6011818647384644, -0.862500011920929, 1.6825000047683716, -0.4531857371330261, -0.8830550909042358, 1.6557891368865967] applied=[-0.06875000149011612, -0.737500011920929, 1.6825000047683716, 0.06875000149011612, -0.737500011920929, 1.5575000047683716, 0.6011818647384644, -0.862500011920929, 1.6825000047683716, -0.4531857371330261, -0.8830550909042358, 1.6557891368865967] current=[-0.07718638330698013, -0.7171050906181335, 1.7094460725784302, 0.4667453169822693, -0.7339257001876831, 1.8208084106445312, -0.18114596605300903, -0.8261483907699585, 1.6403710842132568, 0.8013107180595398, -0.3856062889099121, 1.4484554529190063]
[DIAG_INFER] step=121 policy_action_max=4.622389 applied_action_max=0.250000 obs_max=3.435542 history_nonzero_rows=12 position_clip=0 torque_clip=1 action=[4.62238883972168, 0.973007082939148, 1.1730082035064697, -1.0892761945724487, 0.42222607135772705, -0.035249121487140656, 0.1180199384689331, -0.9528987407684326, -1.381530523300171, -4.577885627746582, -1.6367391347885132, -1.075316071510315]
[DIAG_TARGET] step=121 target_error=0.000000000 default=[0.0, -0.7853981852531433, 1.8654682636260986, 0.0, -0.7853981852531433, 1.8654682636260986, 0.0, -0.7853981852531433, 1.8654682636260986, 0.0, -0.7853981852531433, 1.8654682636260986] desired=[-0.06875000149011612, -0.737500011920929, 1.6825000047683716, 0.06875000149011612, -0.737500011920929, 1.6111876964569092, -0.08524750918149948, -0.862500011920929, 1.5575000047683716, -0.8540363907814026, -0.862500011920929, 1.5575000047683716] applied=[-0.06875000149011612, -0.737500011920929, 1.6825000047683716, 0.06875000149011612, -0.737500011920929, 1.6111876964569092, -0.08524750918149948, -0.862500011920929, 1.5575000047683716, -0.8540363907814026, -0.862500011920929, 1.5575000047683716] current=[-0.15989434719085693, -0.7362451553344727, 1.6977663040161133, 0.3875211179256439, -0.6888006329536438, 1.8194632530212402, -0.13443109393119812, -0.8802003860473633, 1.783150315284729, 0.6740298271179199, -0.6283633708953857, 1.6216216087341309]
[DIAG_INFER] step=131 policy_action_max=18.851868 applied_action_max=0.250000 obs_max=6.871814 history_nonzero_rows=13 position_clip=0 torque_clip=2 action=[-5.544252872467041, 3.0553104877471924, 4.391251087188721, -16.659751892089844, 4.072870254516602, -0.20211350917816162, -0.7539486289024353, -18.85186767578125, 9.493160247802734, -15.765792846679688, -2.6492176055908203, -5.885477542877197]
[DIAG_TARGET] step=131 target_error=0.000000000 default=[0.0, -0.7853981852531433, 1.8654682636260986, 0.0, -0.7853981852531433, 1.8654682636260986, 0.0, -0.7853981852531433, 1.8654682636260986, 0.0, -0.7853981852531433, 1.8654682636260986] desired=[-0.13124999403953552, -0.737500011920929, 1.6825000047683716, 0.06875000149011612, -0.737500011920929, 1.5694715976715088, -0.13124999403953552, -0.862500011920929, 1.6825000047683716, -1.5, -0.862500011920929, 2.700000047683716] applied=[-0.13124999403953552, -0.737500011920929, 1.6825000047683716, 0.06875000149011612, -0.737500011920929, 1.5694715976715088, -0.13124999403953552, -0.862500011920929, 1.6825000047683716, -1.5, -0.862500011920929, 2.700000047683716] current=[-0.2727733850479126, -0.7465305924415588, 1.7596887350082397, 0.18241864442825317, -0.6346086859703064, 1.7655011415481567, -0.30092567205429077, -0.8996767401695251, 1.8454744815826416, 0.26887771487236023, -0.6934683322906494, 1.82466721534729]
[DIAG_INFER] step=141 policy_action_max=15.010075 applied_action_max=0.250000 obs_max=18.851868 history_nonzero_rows=14 position_clip=0 torque_clip=3 action=[2.78737735748291, 8.546019554138184, -0.3290955722332001, -15.010074615478516, 5.259605407714844, -0.6984430551528931, 2.0449025630950928, -13.390122413635254, 0.3803732395172119, 1.4399577379226685, -4.744352340698242, -1.4864295721054077]
[DIAG_TARGET] step=141 target_error=0.000000000 default=[0.0, -0.7853981852531433, 1.8654682636260986, 0.0, -0.7853981852531433, 1.8654682636260986, 0.0, -0.7853981852531433, 1.8654682636260986, 0.0, -0.7853981852531433, 1.8654682636260986] desired=[-0.06875000149011612, -0.737500011920929, 1.5575000047683716, 0.06875000149011612, -0.737500011920929, 1.5575000047683716, -0.5621923804283142, -0.862500011920929, 1.6825000047683716, 0.13124999403953552, -0.03917384147644043, 2.14034366607666] applied=[-0.06875000149011612, -0.737500011920929, 1.5575000047683716, 0.06875000149011612, -0.737500011920929, 1.5575000047683716, -0.5621923804283142, -0.862500011920929, 1.6825000047683716, 0.13124999403953552, -0.03917384147644043, 2.14034366607666] current=[-0.35109129548072815, -0.7257152199745178, 1.8162649869918823, 0.12251636385917664, -0.6413849592208862, 1.6934549808502197, -0.404017835855484, -0.8703699111938477, 1.8613333702087402, -0.509650707244873, -0.7652283310890198, 2.2617099285125732]
[DIAG_INFER] step=151 policy_action_max=15.251526 applied_action_max=0.250000 obs_max=15.010075 history_nonzero_rows=15 position_clip=0 torque_clip=3 action=[15.12504768371582, 9.168185234069824, 13.43929672241211, 3.8407142162323, 5.55444860458374, -10.266034126281738, -5.92596435546875, 0.5761105418205261, -10.609182357788086, -4.270622730255127, -10.575873374938965, 15.25152587890625]
[DIAG_TARGET] step=151 target_error=0.000000000 default=[0.0, -0.7853981852531433, 1.8654682636260986, 0.0, -0.7853981852531433, 1.8654682636260986, 0.0, -0.7853981852531433, 1.8654682636260986, 0.0, -0.7853981852531433, 1.8654682636260986] desired=[-0.06875000149011612, -0.737500011920929, 1.6825000047683716, 0.13124999403953552, -0.737500011920929, 1.5575000047683716, -0.13124999403953552, -0.737500011920929, 1.5575000047683716, 1.5, -0.4862096309661865, 1.5415751934051514] applied=[-0.06875000149011612, -0.737500011920929, 1.6825000047683716, 0.13124999403953552, -0.737500011920929, 1.5575000047683716, -0.13124999403953552, -0.737500011920929, 1.5575000047683716, 1.5, -0.4862096309661865, 1.5415751934051514] current=[-0.25409382581710815, -0.6918935775756836, 1.7905237674713135, 0.23917876183986664, -0.6533794403076172, 1.7171635627746582, -0.4050372242927551, -0.8435344696044922, 1.772538185119629, -0.42109930515289307, -0.4155650734901428, 2.142214059829712]
[DIAG_INFER] step=161 policy_action_max=9.024524 applied_action_max=0.250000 obs_max=15.251526 history_nonzero_rows=15 position_clip=0 torque_clip=4 action=[8.011235237121582, 1.7061339616775513, 4.716397762298584, -1.6447240114212036, -0.6890889406204224, -5.408639907836914, -6.178867816925049, -0.04170822352170944, -7.407137870788574, 3.0228519439697266, -9.024523735046387, 6.874292850494385]
[DIAG_TARGET] step=161 target_error=0.000000000 default=[0.0, -0.7853981852531433, 1.8654682636260986, 0.0, -0.7853981852531433, 1.8654682636260986, 0.0, -0.7853981852531433, 1.8654682636260986, 0.0, -0.7853981852531433, 1.8654682636260986] desired=[-0.06875000149011612, -0.737500011920929, 1.6825000047683716, 0.06875000149011612, -0.862500011920929, 1.5575000047683716, 0.40692847967147827, -0.8104270696640015, 1.5575000047683716, 1.5, -1.0130254030227661, 0.6625146865844727] applied=[-0.06875000149011612, -0.737500011920929, 1.6825000047683716, 0.06875000149011612, -0.862500011920929, 1.5575000047683716, 0.40692847967147827, -0.8104270696640015, 1.5575000047683716, 1.5, -1.0130254030227661, 0.6625146865844727] current=[-0.10773691534996033, -0.6963045001029968, 1.733651041984558, 0.4298640191555023, -0.6480237245559692, 1.7860515117645264, -0.2881896495819092, -0.8139933943748474, 1.678003191947937, 0.3641447424888611, -0.29974013566970825, 1.7506316900253296]
[DIAG_INFER] step=171 policy_action_max=3.891739 applied_action_max=0.250000 obs_max=9.024524 history_nonzero_rows=15 position_clip=0 torque_clip=2 action=[3.8917391300201416, 0.7635437250137329, 2.0931644439697266, -0.8223966956138611, 2.815438747406006, -0.5412949323654175, -2.047764539718628, 1.4913198947906494, -0.535009503364563, -0.8674449920654297, -3.4026479721069336, 0.931684136390686]
[DIAG_TARGET] step=171 target_error=0.000000000 default=[0.0, -0.7853981852531433, 1.8654682636260986, 0.0, -0.7853981852531433, 1.8654682636260986, 0.0, -0.7853981852531433, 1.8654682636260986, 0.0, -0.7853981852531433, 1.8654682636260986] desired=[-0.06875000149011612, -0.737500011920929, 1.6825000047683716, 0.06875000149011612, -0.737500011920929, 1.5575000047683716, 0.7712688446044922, -0.737500011920929, 1.5575000047683716, 0.06875000149011612, -0.9183109998703003, 1.6825000047683716] applied=[-0.06875000149011612, -0.737500011920929, 1.6825000047683716, 0.06875000149011612, -0.737500011920929, 1.5575000047683716, 0.7712688446044922, -0.737500011920929, 1.5575000047683716, 0.06875000149011612, -0.9183109998703003, 1.6825000047683716] current=[-0.08549670875072479, -0.7187572717666626, 1.7024065256118774, 0.5192568302154541, -0.6612178087234497, 1.8512506484985352, -0.17288309335708618, -0.841515064239502, 1.7261191606521606, 1.0385642051696777, -0.43982672691345215, 1.3235770463943481]
[DIAG_INFER] step=181 policy_action_max=4.533834 applied_action_max=0.250000 obs_max=3.891739 history_nonzero_rows=15 position_clip=0 torque_clip=0 action=[4.533834457397461, 1.2822051048278809, 0.8980472087860107, 0.9583307504653931, -0.06204906105995178, -1.3623037338256836, 2.288062334060669, 0.0986863449215889, -2.7994229793548584, -0.670757532119751, -2.3446195125579834, 0.9222685098648071]
[DIAG_TARGET] step=181 target_error=0.000000000 default=[0.0, -0.7853981852531433, 1.8654682636260986, 0.0, -0.7853981852531433, 1.8654682636260986, 0.0, -0.7853981852531433, 1.8654682636260986, 0.0, -0.7853981852531433, 1.8654682636260986] desired=[-0.06875000149011612, -0.737500011920929, 1.6825000047683716, 0.13124999403953552, -0.8155122995376587, 1.5575000047683716, -0.06875000149011612, -0.7753283977508545, 1.5575000047683716, 0.06875000149011612, -0.862500011920929, 1.6825000047683716] applied=[-0.06875000149011612, -0.737500011920929, 1.6825000047683716, 0.13124999403953552, -0.8155122995376587, 1.5575000047683716, -0.06875000149011612, -0.7753283977508545, 1.5575000047683716, 0.06875000149011612, -0.862500011920929, 1.6825000047683716] current=[-0.1314636468887329, -0.7346853017807007, 1.6925450563430786, 0.47867268323898315, -0.6321604251861572, 1.8526908159255981, -0.18263676762580872, -0.8652291893959045, 1.7768748998641968, 0.9600629210472107, -0.7665351033210754, 1.556900143623352]
[DIAG_INFER] step=191 policy_action_max=15.007421 applied_action_max=0.250000 obs_max=6.042517 history_nonzero_rows=15 position_clip=0 torque_clip=2 action=[-0.25890296697616577, 1.2065290212631226, 3.34147047996521, -14.35847282409668, 2.0283210277557373, 0.15883147716522217, 6.068342208862305, -15.007421493530273, 12.245396614074707, -5.718259811401367, -6.603725910186768, -1.29702627658844]
[DIAG_TARGET] step=191 target_error=0.000000000 default=[0.0, -0.7853981852531433, 1.8654682636260986, 0.0, -0.7853981852531433, 1.8654682636260986, 0.0, -0.7853981852531433, 1.8654682636260986, 0.0, -0.7853981852531433, 1.8654682636260986] desired=[-0.13124999403953552, -0.737500011920929, 1.6825000047683716, 0.06875000149011612, -0.737500011920929, 1.6597079038619995, -0.06875000149011612, -0.862500011920929, 1.6825000047683716, -1.2241482734680176, -0.862500011920929, 2.700000047683716] applied=[-0.13124999403953552, -0.737500011920929, 1.6825000047683716, 0.06875000149011612, -0.737500011920929, 1.6597079038619995, -0.06875000149011612, -0.862500011920929, 1.6825000047683716, -1.2241482734680176, -0.862500011920929, 2.700000047683716] current=[-0.16169123351573944, -0.7405602931976318, 1.7031981945037842, 0.3335340619087219, -0.5865693688392639, 1.8198527097702026, -0.2877582907676697, -0.8841511607170105, 1.8311069011688232, 0.7428338527679443, -0.8210556507110596, 1.7393708229064941]
[DIAG_INFER] step=201 policy_action_max=10.648111 applied_action_max=0.250000 obs_max=15.007421 history_nonzero_rows=15 position_clip=0 torque_clip=3 action=[-2.9371824264526367, 5.6219258308410645, 1.5600125789642334, -8.510147094726562, 5.1925859451293945, -3.2050282955169678, 4.993129253387451, -10.648111343383789, 0.38003337383270264, -7.8867292404174805, -5.801769256591797, -1.3826515674591064]
[DIAG_TARGET] step=201 target_error=0.000000000 default=[0.0, -0.7853981852531433, 1.8654682636260986, 0.0, -0.7853981852531433, 1.8654682636260986, 0.0, -0.7853981852531433, 1.8654682636260986, 0.0, -0.7853981852531433, 1.8654682636260986] desired=[-0.13124999403953552, -0.737500011920929, 1.6825000047683716, 0.06875000149011612, -0.737500011920929, 1.5575000047683716, -0.06875000149011612, -0.862500011920929, 1.6825000047683716, -0.8230557441711426, -0.429593563079834, 2.3407111167907715] applied=[-0.13124999403953552, -0.737500011920929, 1.6825000047683716, 0.06875000149011612, -0.737500011920929, 1.5575000047683716, -0.06875000149011612, -0.862500011920929, 1.6825000047683716, -0.8230557441711426, -0.429593563079834, 2.3407111167907715] current=[-0.26338785886764526, -0.7274780869483948, 1.7635377645492554, 0.1916651576757431, -0.5871414542198181, 1.7884670495986938, -0.41945937275886536, -0.8694292902946472, 1.8567765951156616, -0.017157835885882378, -0.8450199365615845, 2.2152678966522217]
[DIAG_INFER] step=211 policy_action_max=13.315213 applied_action_max=0.250000 obs_max=10.648111 history_nonzero_rows=15 position_clip=0 torque_clip=2 action=[7.6599884033203125, 5.650908470153809, 8.187710762023926, 1.7333375215530396, 1.8357712030410767, -5.975348472595215, -5.059506893157959, 1.9702084064483643, -9.682563781738281, -5.338068962097168, -9.391961097717285, 13.315213203430176]
[DIAG_TARGET] step=211 target_error=0.000000000 default=[0.0, -0.7853981852531433, 1.8654682636260986, 0.0, -0.7853981852531433, 1.8654682636260986, 0.0, -0.7853981852531433, 1.8654682636260986, 0.0, -0.7853981852531433, 1.8654682636260986] desired=[-0.06875000149011612, -0.737500011920929, 1.6825000047683716, 0.13124999403953552, -0.737500011920929, 1.5575000047683716, -0.13124999403953552, -0.737500011920929, 1.5575000047683716, 1.5, -0.46233701705932617, 1.6825000047683716] applied=[-0.06875000149011612, -0.737500011920929, 1.6825000047683716, 0.13124999403953552, -0.737500011920929, 1.5575000047683716, -0.13124999403953552, -0.737500011920929, 1.5575000047683716, 1.5, -0.46233701705932617, 1.6825000047683716] current=[-0.20787549018859863, -0.698772132396698, 1.7599000930786133, 0.23452132940292358, -0.5742054581642151, 1.793199896812439, -0.37594276666641235, -0.8290711045265198, 1.8426862955093384, -0.5082169771194458, -0.6066288352012634, 2.2384917736053467]
[DIAG_INFER] step=221 policy_action_max=9.485509 applied_action_max=0.250000 obs_max=13.315213 history_nonzero_rows=15 position_clip=0 torque_clip=2 action=[6.915530681610107, 0.6498575210571289, 3.283695936203003, -3.600980758666992, -1.7066115140914917, -3.1768174171447754, -8.222837448120117, -1.5732412338256836, -9.485508918762207, 5.406341552734375, -6.246984481811523, 5.660284042358398]
[DIAG_TARGET] step=221 target_error=0.000000000 default=[0.0, -0.7853981852531433, 1.8654682636260986, 0.0, -0.7853981852531433, 1.8654682636260986, 0.0, -0.7853981852531433, 1.8654682636260986, 0.0, -0.7853981852531433, 1.8654682636260986] desired=[-0.06875000149011612, -0.737500011920929, 1.6825000047683716, 0.06875000149011612, -0.862500011920929, 1.5575000047683716, -0.13124999403953552, -0.862500011920929, 1.5575000047683716, 1.5, -0.862500011920929, 1.398126482963562] applied=[-0.06875000149011612, -0.737500011920929, 1.6825000047683716, 0.06875000149011612, -0.862500011920929, 1.5575000047683716, -0.13124999403953552, -0.862500011920929, 1.5575000047683716, 1.5, -0.862500011920929, 1.398126482963562] current=[-0.09028830379247665, -0.6945183277130127, 1.7191317081451416, 0.3544418215751648, -0.5473830103874207, 1.8272477388381958, -0.22460255026817322, -0.7899836301803589, 1.8036463260650635, -0.3769932985305786, -0.5013738870620728, 2.129920721054077]
[DIAG_INFER] step=231 policy_action_max=6.993196 applied_action_max=0.250000 obs_max=9.485509 history_nonzero_rows=15 position_clip=0 torque_clip=2 action=[6.109127521514893, 2.294847011566162, 1.2884154319763184, -2.896369695663452, 1.2315210103988647, -1.5769315958023071, -5.485280513763428, -2.155996084213257, -3.9761247634887695, 6.993196487426758, -5.719912528991699, 2.1566877365112305]
[DIAG_TARGET] step=231 target_error=0.000000000 default=[0.0, -0.7853981852531433, 1.8654682636260986, 0.0, -0.7853981852531433, 1.8654682636260986, 0.0, -0.7853981852531433, 1.8654682636260986, 0.0, -0.7853981852531433, 1.8654682636260986] desired=[-0.06875000149011612, -0.737500011920929, 1.6825000047683716, 0.06875000149011612, -0.737500011920929, 1.5575000047683716, -0.13124999403953552, -0.862500011920929, 1.5575000047683716, 1.5, -1.2050737142562866, 1.6825000047683716] applied=[-0.06875000149011612, -0.737500011920929, 1.6825000047683716, 0.06875000149011612, -0.737500011920929, 1.5575000047683716, -0.13124999403953552, -0.862500011920929, 1.5575000047683716, 1.5, -1.2050737142562866, 1.6825000047683716] current=[-0.04558636620640755, -0.7180819511413574, 1.693726658821106, 0.37317219376564026, -0.5356196761131287, 1.8639650344848633, -0.1273452639579773, -0.7677873373031616, 1.7032030820846558, -0.18101032078266144, -0.45581385493278503, 2.0269129276275635]
[DIAG_INFER] step=241 policy_action_max=9.107688 applied_action_max=0.250000 obs_max=6.993196 history_nonzero_rows=15 position_clip=0 torque_clip=2 action=[5.265669345855713, 0.4157990515232086, 3.303339719772339, 0.3138597309589386, 3.4883503913879395, -1.0988659858703613, -9.107687950134277, -2.601163148880005, -3.575242519378662, -2.089106559753418, -3.1296048164367676, 0.5139012932777405]
[DIAG_TARGET] step=241 target_error=0.000000000 default=[0.0, -0.7853981852531433, 1.8654682636260986, 0.0, -0.7853981852531433, 1.8654682636260986, 0.0, -0.7853981852531433, 1.8654682636260986, 0.0, -0.7853981852531433, 1.8654682636260986] desired=[-0.06875000149011612, -0.737500011920929, 1.6825000047683716, 0.13124999403953552, -0.737500011920929, 1.5575000047683716, 0.38834142684936523, -0.862500011920929, 1.5575000047683716, 0.02797996997833252, -0.862500011920929, 1.6825000047683716] applied=[-0.06875000149011612, -0.737500011920929, 1.6825000047683716, 0.13124999403953552, -0.737500011920929, 1.5575000047683716, 0.38834142684936523, -0.862500011920929, 1.5575000047683716, 0.02797996997833252, -0.862500011920929, 1.6825000047683716] current=[-0.016992317512631416, -0.741627037525177, 1.6810375452041626, 0.4131958782672882, -0.5098979473114014, 1.8908032178878784, -0.08900581300258636, -0.823291540145874, 1.617173671722412, 0.41554462909698486, -0.5973314642906189, 2.0055782794952393]
[DIAG_INFER] step=251 policy_action_max=8.470826 applied_action_max=0.250000 obs_max=9.107688 history_nonzero_rows=15 position_clip=0 torque_clip=1 action=[7.0881195068359375, -0.5776864290237427, 3.0616114139556885, -5.577019214630127, 2.102992057800293, -0.48823386430740356, -8.096652030944824, -0.17818593978881836, -3.8490149974823, -8.470826148986816, -5.076224327087402, -0.4553549289703369]
[DIAG_TARGET] step=251 target_error=0.000000000 default=[0.0, -0.7853981852531433, 1.8654682636260986, 0.0, -0.7853981852531433, 1.8654682636260986, 0.0, -0.7853981852531433, 1.8654682636260986, 0.0, -0.7853981852531433, 1.8654682636260986] desired=[-0.06875000149011612, -0.862500011920929, 1.6825000047683716, 0.06875000149011612, -0.737500011920929, 1.5575000047683716, -0.13124999403953552, -0.8445464968681335, 1.5575000047683716, -1.5, -0.862500011920929, 1.5575000047683716] applied=[-0.06875000149011612, -0.862500011920929, 1.6825000047683716, 0.06875000149011612, -0.737500011920929, 1.5575000047683716, -0.13124999403953552, -0.8445464968681335, 1.5575000047683716, -1.5, -0.862500011920929, 1.5575000047683716] current=[-0.11775819212198257, -0.7477989792823792, 1.6851086616516113, 0.310528039932251, -0.4781491756439209, 1.86702561378479, 0.025229401886463165, -0.8660459518432617, 1.5878896713256836, 0.4572638273239136, -0.7189699411392212, 1.9396235942840576]
[DIAG_INFER] step=261 policy_action_max=6.506447 applied_action_max=0.250000 obs_max=8.470826 history_nonzero_rows=15 position_clip=0 torque_clip=2 action=[5.174903869628906, 3.776829957962036, 5.096402645111084, -6.506446838378906, -3.5062243938446045, -3.0198843479156494, 0.8179782032966614, -1.5486360788345337, -2.7867045402526855, 1.299258828163147, -3.2255208492279053, 3.555880308151245]
[DIAG_TARGET] step=261 target_error=0.000000000 default=[0.0, -0.7853981852531433, 1.8654682636260986, 0.0, -0.7853981852531433, 1.8654682636260986, 0.0, -0.7853981852531433, 1.8654682636260986, 0.0, -0.7853981852531433, 1.8654682636260986] desired=[-0.06875000149011612, -0.737500011920929, 1.6825000047683716, 0.06875000149011612, -0.862500011920929, 1.5575000047683716, -0.2689940333366394, -0.862500011920929, 1.5575000047683716, 0.13124999403953552, -2.479332447052002, 1.6825000047683716] applied=[-0.06875000149011612, -0.737500011920929, 1.6825000047683716, 0.06875000149011612, -0.862500011920929, 1.5575000047683716, -0.2689940333366394, -0.862500011920929, 1.5575000047683716, 0.13124999403953552, -2.479332447052002, 1.6825000047683716] current=[-0.20450256764888763, -0.7966858148574829, 1.6904441118240356, 0.08508176356554031, -0.4872855544090271, 1.7828400135040283, -0.13939788937568665, -0.8660030364990234, 1.6014764308929443, -0.21570588648319244, -0.7460547685623169, 1.910357117652893]
[DIAG_INFER] step=271 policy_action_max=12.950860 applied_action_max=0.250000 obs_max=6.506447 history_nonzero_rows=15 position_clip=0 torque_clip=3 action=[4.681731224060059, 1.421352505683899, 6.012057781219482, 5.387722492218018, 3.1458466053009033, -7.634537696838379, -7.504711627960205, 4.7410759925842285, -3.445681095123291, 0.5317724943161011, -7.591549873352051, 12.950860023498535]
[DIAG_TARGET] step=271 target_error=0.000000000 default=[0.0, -0.7853981852531433, 1.8654682636260986, 0.0, -0.7853981852531433, 1.8654682636260986, 0.0, -0.7853981852531433, 1.8654682636260986, 0.0, -0.7853981852531433, 1.8654682636260986] desired=[-0.06875000149011612, -0.737500011920929, 1.6825000047683716, 0.13124999403953552, -0.737500011920929, 1.5575000047683716, -0.13124999403953552, -1.341171145439148, 1.5575000047683716, 1.5, -0.862500011920929, 1.9556933641433716] applied=[-0.06875000149011612, -0.737500011920929, 1.6825000047683716, 0.13124999403953552, -0.737500011920929, 1.5575000047683716, -0.13124999403953552, -1.341171145439148, 1.5575000047683716, 1.5, -0.862500011920929, 1.9556933641433716] current=[-0.05166153237223625, -0.7943465113639832, 1.6883045434951782, 0.12293834984302521, -0.6132938265800476, 1.7512435913085938, -0.18350543081760406, -0.8783795833587646, 1.5823298692703247, -0.274767130613327, -1.2959293127059937, 1.7945990562438965]
[DIAG_INFER] step=281 policy_action_max=11.943208 applied_action_max=0.250000 obs_max=12.950860 history_nonzero_rows=15 position_clip=0 torque_clip=3 action=[6.053689479827881, -0.33178266882896423, 2.958498239517212, -1.084498405456543, 3.4127414226531982, -0.5924338102340698, -11.943207740783691, -1.1297423839569092, -4.714990615844727, -4.821308135986328, -0.7038166522979736, 2.5808591842651367]
[DIAG_TARGET] step=281 target_error=0.000000000 default=[0.0, -0.7853981852531433, 1.8654682636260986, 0.0, -0.7853981852531433, 1.8654682636260986, 0.0, -0.7853981852531433, 1.8654682636260986, 0.0, -0.7853981852531433, 1.8654682636260986] desired=[-0.06875000149011612, -0.862500011920929, 1.6825000047683716, 0.06875000149011612, -0.737500011920929, 1.5575000047683716, 0.5699373483657837, -0.862500011920929, 1.5575000047683716, -0.6436377167701721, 0.12511879205703735, 1.6825000047683716] applied=[-0.06875000149011612, -0.862500011920929, 1.6825000047683716, 0.06875000149011612, -0.737500011920929, 1.5575000047683716, 0.5699373483657837, -0.862500011920929, 1.5575000047683716, -0.6436377167701721, 0.12511879205703735, 1.6825000047683716] current=[-0.03830214962363243, -0.7604861855506897, 1.6853959560394287, 0.14728915691375732, -0.6499337553977966, 1.7466193437576294, -0.16627587378025055, -1.0621814727783203, 1.577883243560791, 0.5143495798110962, -1.354814887046814, 1.7912776470184326]
[DIAG_INFER] step=291 policy_action_max=8.945906 applied_action_max=0.250000 obs_max=11.943208 history_nonzero_rows=15 position_clip=0 torque_clip=4 action=[1.601111650466919, -1.523379921913147, 1.336805820465088, -8.945905685424805, 1.3488765954971313, 0.37444519996643066, 0.19874098896980286, -4.308276653289795, 2.0938541889190674, -2.210050106048584, -4.252114295959473, -1.0282282829284668]
[DIAG_TARGET] step=291 target_error=0.000000000 default=[0.0, -0.7853981852531433, 1.8654682636260986, 0.0, -0.7853981852531433, 1.8654682636260986, 0.0, -0.7853981852531433, 1.8654682636260986, 0.0, -0.7853981852531433, 1.8654682636260986] desired=[-0.06875000149011612, -0.862500011920929, 1.6825000047683716, 0.06875000149011612, -0.737500011920929, 1.6825000047683716, -0.07515737414360046, -0.7617675065994263, 1.6825000047683716, -0.7716197371482849, -1.3422200679779053, 2.700000047683716] applied=[-0.06875000149011612, -0.862500011920929, 1.6825000047683716, 0.06875000149011612, -0.737500011920929, 1.6825000047683716, -0.07515737414360046, -0.7617675065994263, 1.6825000047683716, -0.7716197371482849, -1.3422200679779053, 2.700000047683716] current=[-0.112834632396698, -0.7766382098197937, 1.7121611833572388, 0.04339279979467392, -0.6164246201515198, 1.707492709159851, -0.07131794840097427, -1.1203978061676025, 1.646446704864502, 0.290376216173172, -0.7144519686698914, 1.7188109159469604]
[STAGE] video_encoding_start
[SUMMARY] {"task": "YoboGo-Velocity-Flat-v0", "mode": "smoke", "yobogo_walk_speed_m_s": 0.6, "rapid_walk_speed_m_s": 0.6, "adaptation_weight": "/run/media/pma213x/0C6A8CC86A8CAFCE/Ubuntu2/CodeU/Dog1/mini-cheetah-isaaclab/external_models/rapid-locomotion-rl/runs/rapid-locomotion/example/train/201852.132488/checkpoints/adaptation_module_latest.jit", "body_weight": "/run/media/pma213x/0C6A8CC86A8CAFCE/Ubuntu2/CodeU/Dog1/mini-cheetah-isaaclab/external_models/rapid-locomotion-rl/runs/rapid-locomotion/example/train/201852.132488/checkpoints/body_latest.jit", "completed_steps": 300, "inference_steps": 30, "expected_inference_steps": 30, "reset_count": 0, "safety_clip_count": 68, "position_clip_count": 0, "torque_clip_count": 68, "large_action_inference_count": 12, "official_clip_inference_count": 0, "max_abs_rapid_action": 0.25, "max_abs_policy_action": 18.85186767578125, "ood_guard_count": 335, "base_height_min_m": 0.22482791543006897, "max_abs_roll_deg": 22.020755936602487, "max_abs_pitch_deg": 5.030705207045741, "xy_displacement_m": 0.18835726380348206, "mean_measured_velocity_m_s": 0.31392877300580346, "final_command": [0.6000000238418579, 0.0, 0.0], "terminated_steps": 0, "stability_errors": [], "interface_ok": true, "stable_walking": true, "video": null, "video_frames_written": 0}
[STAGE] event_loop_done
