[3gH    H    H    H    H    H    H    H    H    H    H    H    H    H    H    H    H    H    H    H   [INFO] Using python from: /home/pma213x/.venvs/minicheetah-isaaclab/bin/python
[INFO][AppLauncher]: Loading experience file: /home/pma213x/IsaacLab/apps/isaaclab.python.headless.kit
[Warning] [simulation_app.simulation_app] Modules: ['omni.kit_app'] were loaded before SimulationApp was started and might not be loaded correctly.
[Warning] [simulation_app.simulation_app] Please check to make sure no extra omniverse or pxr modules are imported before the call to SimulationApp(...)
Loading user config located at: '/home/pma213x/.venvs/minicheetah-isaaclab/lib/python3.10/site-packages/omni/data/Kit/Isaac-Sim/4.5/user.config.json'
[Info] [carb] Logging to file: /home/pma213x/.venvs/minicheetah-isaaclab/lib/python3.10/site-packages/omni/logs/Kit/Isaac-Sim/4.5/kit_20261008_204554.log
2026-10-08 12:45:54 [0ms] [Warning] [omni.kit.app.plugin] No crash reporter present, dumps uploading isn't available.
2026-10-08 12:45:55 [87ms] [Warning] [omni.usd_config.extension] Enable omni.materialx.libs extension to use MaterialX
2026-10-08 12:45:55 [341ms] [Warning] [omni.datastore] OmniHub is inaccessible
2026-10-08 12:45:55 [364ms] [Warning] [omni.isaac.dynamic_control] omni.isaac.dynamic_control is deprecated as of Isaac Sim 4.5. No action is needed from end-users.
Gym has been unmaintained since 2022 and does not support NumPy 2.0 amongst other critical functionality.
Please upgrade to Gymnasium, the maintained drop-in replacement of Gym, or contact the authors of your software and request that they upgrade.
See the migration guide at https://gymnasium.farama.org/introduction/migration_guide/ for additional information.
2026-10-08 12:45:56 [1,737ms] [Warning] [gpu.foundation.plugin] Skipping unsupported non-NVIDIA GPU: Intel(R) UHD Graphics (ADL-S GT0.5)
2026-10-08 12:45:56 [1,737ms] [Warning] [gpu.foundation.plugin] Skipping unsupported non-NVIDIA GPU: Intel(R) UHD Graphics (ADL-S GT0.5)

|---------------------------------------------------------------------------------------------|
| Driver Version: 580.178.04    | Graphics API: Vulkan
|=============================================================================================|
| GPU | Name                             | Active | LDA | GPU Memory | Vendor-ID | LUID       |
|     |                                  |        |     |            | Device-ID | UUID       |
|     |                                  |        |     |            | Bus-ID    |            |
|---------------------------------------------------------------------------------------------|
| 0   | NVIDIA GeForce RTX 4060 Laptop.. | Yes: 0 |     | 8188    MB | 10de      | 0          |
|     |                                  |        |     |            | 28e0      | 4d090564.. |
|     |                                  |        |     |            | 1         |            |
|---------------------------------------------------------------------------------------------|
| 1   | Intel(R) UHD Graphics (ADL-S G.. |        |     | 11374   MB | 8086      | 0          |
|     |                                  |        |     |            | 468b      | 86808b46.. |
|     |                                  |        |     |            | 0         |            |
|=============================================================================================|
| OS: 26.04.1 LTS (Resolute Raccoon) ubuntu, Version: 26.04.1, Kernel: 7.0.0-34-generic
| XServer Vendor: The X.Org Foundation, XServer Version: 12401010 (1.24.1.10)
| Processor: 13th Gen Intel(R) Core(TM) i5-13500HX
| Bare Metal Cores: 14 | Bare Metal Logical Cores: 28
| Available Cores:  20 
|---------------------------------------------------------------------------------------------|
| Total Memory (MB): 15166 | Free Memory: 7852
| Total Page/Swap (MB): 20479 | Free Page/Swap: 17771
|---------------------------------------------------------------------------------------------|
2026-10-08 12:45:56 [1,971ms] [Warning] [gpu.foundation.plugin] IOMMU is enabled.
2026-10-08 12:45:56 [1,971ms] [Warning] [gpu.foundation.plugin] Detected IOMMU is enabled. Running CUDA peer-to-peer bandwidth and latency validation.
Unidirectional P2P=Enabled Bandwidth (P2P Writes) Matrix (GB/s)
   D\D     0 
     0 222.96 
P2P=Enabled Latency (P2P Writes) Matrix (us)
   GPU     0 
     0   1.44 

   CPU     0 
     0   2.09 
[STAGE] config_start
[INFO]: Parsing configuration from: training.envs.velocity_flat_env_cfg:YoboGoVelocityFlatEnvCfg
[STAGE] config_done
[STAGE] environment_create_start
2026-10-08 12:45:57 [2,162ms] [Warning] [isaaclab.envs.manager_based_env] Seed not set for the environment. The environment creation may not be deterministic.
[INFO]: Base environment:
	Environment device    : cuda:0
	Environment seed      : None
	Physics step-size     : 0.0004
	Rendering step-size   : 0.002
	Environment step-size : 0.002
2026-10-08 12:45:57 [2,240ms] [Warning] [isaaclab.terrains.terrain_importer] Visual material specified for ground plane but no diffuse color found. Using default color: (0.0, 0.0, 0.0)
[INFO]: Time taken for scene creation : 2.653681 seconds
[INFO]: Scene manager:  <class InteractiveScene>
	Number of environments: 1
	Environment spacing   : 2.5
	Source prim name      : /World/envs/env_0
	Global prim paths     : ['/World/ground']
	Replicate physics     : True
[INFO]: Starting the simulation. This may take a few seconds. Please wait...
[INFO]: Time taken for simulation start : 0.350009 seconds
2026-10-08 12:46:00 [5,436ms] [Warning] [omni.usd] Warning: in GetNodeDiscoveryResults at line 136 of /builds/omniverse/usd-ci/USD/pxr/usd/usdShade/shaderDefUtils.cpp -- Unable to resolve info:sourceAsset </UsdPreviewSurface.info:mdl:sourceAsset> with value @UsdPreviewSurface.mdl@.

2026-10-08 12:46:00 [5,436ms] [Warning] [omni.usd] Warning: in GetNodeDiscoveryResults at line 136 of /builds/omniverse/usd-ci/USD/pxr/usd/usdShade/shaderDefUtils.cpp -- Unable to resolve info:sourceAsset </UsdUVTexture.info:mdl:sourceAsset> with value @UsdPreviewSurface.mdl@.

2026-10-08 12:46:00 [5,436ms] [Warning] [omni.usd] Warning: in GetNodeDiscoveryResults at line 136 of /builds/omniverse/usd-ci/USD/pxr/usd/usdShade/shaderDefUtils.cpp -- Unable to resolve info:sourceAsset </UsdPrimvarReader_float.info:mdl:sourceAsset> with value @UsdPreviewSurface.mdl@.

2026-10-08 12:46:00 [5,437ms] [Warning] [omni.usd] Warning: in GetNodeDiscoveryResults at line 136 of /builds/omniverse/usd-ci/USD/pxr/usd/usdShade/shaderDefUtils.cpp -- Unable to resolve info:sourceAsset </UsdPrimvarReader_float2.info:mdl:sourceAsset> with value @UsdPreviewSurface.mdl@.

2026-10-08 12:46:00 [5,437ms] [Warning] [omni.usd] Warning: in GetNodeDiscoveryResults at line 136 of /builds/omniverse/usd-ci/USD/pxr/usd/usdShade/shaderDefUtils.cpp -- Unable to resolve info:sourceAsset </UsdPrimvarReader_float3.info:mdl:sourceAsset> with value @UsdPreviewSurface.mdl@.

2026-10-08 12:46:00 [5,437ms] [Warning] [omni.usd] Warning: in GetNodeDiscoveryResults at line 136 of /builds/omniverse/usd-ci/USD/pxr/usd/usdShade/shaderDefUtils.cpp -- Unable to resolve info:sourceAsset </UsdPrimvarReader_float4.info:mdl:sourceAsset> with value @UsdPreviewSurface.mdl@.

2026-10-08 12:46:00 [5,437ms] [Warning] [omni.usd] Warning: in GetNodeDiscoveryResults at line 136 of /builds/omniverse/usd-ci/USD/pxr/usd/usdShade/shaderDefUtils.cpp -- Unable to resolve info:sourceAsset </UsdPrimvarReader_int.info:mdl:sourceAsset> with value @UsdPreviewSurface.mdl@.

2026-10-08 12:46:00 [5,437ms] [Warning] [omni.usd] Warning: in GetNodeDiscoveryResults at line 136 of /builds/omniverse/usd-ci/USD/pxr/usd/usdShade/shaderDefUtils.cpp -- Unable to resolve info:sourceAsset </UsdPrimvarReader_string.info:mdl:sourceAsset> with value @UsdPreviewSurface.mdl@.

2026-10-08 12:46:00 [5,437ms] [Warning] [omni.usd] Warning: in GetNodeDiscoveryResults at line 136 of /builds/omniverse/usd-ci/USD/pxr/usd/usdShade/shaderDefUtils.cpp -- Unable to resolve info:sourceAsset </UsdPrimvarReader_normal.info:mdl:sourceAsset> with value @UsdPreviewSurface.mdl@.

2026-10-08 12:46:00 [5,437ms] [Warning] [omni.usd] Warning: in GetNodeDiscoveryResults at line 136 of /builds/omniverse/usd-ci/USD/pxr/usd/usdShade/shaderDefUtils.cpp -- Unable to resolve info:sourceAsset </UsdPrimvarReader_point.info:mdl:sourceAsset> with value @UsdPreviewSurface.mdl@.

2026-10-08 12:46:00 [5,439ms] [Warning] [omni.usd] Warning: in GetNodeDiscoveryResults at line 136 of /builds/omniverse/usd-ci/USD/pxr/usd/usdShade/shaderDefUtils.cpp -- Unable to resolve info:sourceAsset </UsdPrimvarReader_vector.info:mdl:sourceAsset> with value @UsdPreviewSurface.mdl@.

2026-10-08 12:46:00 [5,439ms] [Warning] [omni.usd] Warning: in GetNodeDiscoveryResults at line 136 of /builds/omniverse/usd-ci/USD/pxr/usd/usdShade/shaderDefUtils.cpp -- Unable to resolve info:sourceAsset </UsdPrimvarReader_matrix.info:mdl:sourceAsset> with value @UsdPreviewSurface.mdl@.

2026-10-08 12:46:00 [5,439ms] [Warning] [omni.usd] Warning: in GetNodeDiscoveryResults at line 136 of /builds/omniverse/usd-ci/USD/pxr/usd/usdShade/shaderDefUtils.cpp -- Unable to resolve info:sourceAsset </UsdTransform2d.info:mdl:sourceAsset> with value @UsdPreviewSurface.mdl@.

[INFO] Command Manager:  <CommandManager> contains 1 active terms.
+------------------------------------------------+
|              Active Command Terms              |
+-------+---------------+------------------------+
| Index | Name          |          Type          |
+-------+---------------+------------------------+
|   0   | base_velocity | UniformVelocityCommand |
+-------+---------------+------------------------+

[INFO] Recorder Manager:  <RecorderManager> contains 0 active terms.
+---------------------+
| Active Recorder Terms |
+-----------+---------+
|   Index   | Name    |
+-----------+---------+
+-----------+---------+

[INFO] Action Manager:  <ActionManager> contains 1 active terms.
+------------------------------------+
|  Active Action Terms (shape: 12)   |
+--------+-------------+-------------+
| Index  | Name        |   Dimension |
+--------+-------------+-------------+
|   0    | joint_pos   |          12 |
+--------+-------------+-------------+

[INFO] Observation Manager: <ObservationManager> contains 1 groups.
+---------------------------------------------------------+
| Active Observation Terms in Group: 'policy' (shape: (48,)) |
+-----------+---------------------------------+-----------+
|   Index   | Name                            |   Shape   |
+-----------+---------------------------------+-----------+
|     0     | base_lin_vel                    |    (3,)   |
|     1     | base_ang_vel                    |    (3,)   |
|     2     | projected_gravity               |    (3,)   |
|     3     | velocity_commands               |    (3,)   |
|     4     | joint_pos                       |   (12,)   |
|     5     | joint_vel                       |   (12,)   |
|     6     | actions                         |   (12,)   |
+-----------+---------------------------------+-----------+

[INFO] Event Manager:  <EventManager> contains 3 active terms.
+--------------------------------------+
| Active Event Terms in Mode: 'startup' |
+----------+---------------------------+
|  Index   | Name                      |
+----------+---------------------------+
|    0     | physics_material          |
+----------+---------------------------+
+---------------------------------------+
|  Active Event Terms in Mode: 'reset'  |
+--------+------------------------------+
| Index  | Name                         |
+--------+------------------------------+
|   0    | base_external_force_torque   |
|   1    | reset_base                   |
|   2    | reset_robot_joints           |
+--------+------------------------------+
+----------------------------------------------+
|    Active Event Terms in Mode: 'interval'    |
+-------+------------+-------------------------+
| Index | Name       | Interval time range (s) |
+-------+------------+-------------------------+
|   0   | push_robot |       (10.0, 15.0)      |
+-------+------------+-------------------------+

[INFO] Termination Manager:  <TerminationManager> contains 2 active terms.
+---------------------------------+
|     Active Termination Terms    |
+-------+--------------+----------+
| Index | Name         | Time Out |
+-------+--------------+----------+
|   0   | time_out     |   True   |
|   1   | base_contact |  False   |
+-------+--------------+----------+

[INFO] Reward Manager:  <RewardManager> contains 11 active terms.
+-----------------------------------------+
|           Active Reward Terms           |
+-------+----------------------+----------+
| Index | Name                 |   Weight |
+-------+----------------------+----------+
|   0   | track_lin_vel_xy_exp |      1.0 |
|   1   | track_ang_vel_z_exp  |      0.5 |
|   2   | lin_vel_z_l2         |     -2.0 |
|   3   | ang_vel_xy_l2        |    -0.05 |
|   4   | dof_torques_l2       | -2.5e-05 |
|   5   | dof_acc_l2           | -2.5e-07 |
|   6   | action_rate_l2       |    -0.01 |
|   7   | feet_air_time        |      0.5 |
|   8   | undesired_contacts   |     -1.0 |
|   9   | flat_orientation_l2  |     -5.0 |
|   10  | dof_pos_limits       |      0.0 |
+-------+----------------------+----------+

[INFO] Curriculum Manager:  <CurriculumManager> contains 0 active terms.
+----------------------+
| Active Curriculum Terms |
+-----------+----------+
|   Index   | Name     |
+-----------+----------+
+-----------+----------+

[INFO]: Completed setting up the environment...
[STAGE] environment_create_done
[STAGE] policy_adapter_setup_start
[STAGE] policy_adapter_setup_done
[INFO] task=YoboGo-Velocity-Flat-v0
[INFO] weights_adaptation=/run/media/pma213x/0C6A8CC86A8CAFCE/Ubuntu2/CodeU/Dog1/mini-cheetah-isaaclab/external_models/rapid-locomotion-rl/runs/rapid-locomotion/example/train/201852.132488/checkpoints/adaptation_module_latest.jit
[INFO] weights_body=/run/media/pma213x/0C6A8CC86A8CAFCE/Ubuntu2/CodeU/Dog1/mini-cheetah-isaaclab/external_models/rapid-locomotion-rl/runs/rapid-locomotion/example/train/201852.132488/checkpoints/body_latest.jit
[INFO] yobogo_observation_dim=48 rapid_observation_dim=42
[INFO] history_dim=630 action_dim=12
[INFO] inference_period=10 control_period_s=0.002 inference_hz=50
[INFO] rapid_replay_actuator_kp=20 kd=0.5 effort=18/18/26
[INFO] yobogo_command=[0.2, 0.0, 0.0] rapid_command=[0.4, 0.0, 0.0]
[INFO] model_dummy_action_shape=(1, 12)
[INFO] model_dummy_latent_shape=(1, 18)
[STAGE] event_loop_start
[DIAG_INFER] step=1 policy_action_max=1.276303 applied_action_max=0.250000 obs_max=1.000000 history_nonzero_rows=0 position_clip=0 torque_clip=0 action=[-0.17997607588768005, 0.5844770669937134, -0.22070620954036713, -0.13895432651042938, 0.7222145795822144, 0.4722069501876831, 0.18270868062973022, -1.276302695274353, 0.8129544258117676, 0.14597395062446594, -0.6927740573883057, -0.7914603352546692]
[DIAG_TARGET] step=1 target_error=0.000000000 default=[0.0, -0.7853981852531433, 1.8654682636260986, 0.0, -0.7853981852531433, 1.8654682636260986, 0.0, -0.7853981852531433, 1.8654682636260986, 0.0, -0.7853981852531433, 1.8654682636260986] desired=[-0.12249700725078583, -0.737500011920929, 1.5648235082626343, 0.0826307088136673, -0.737500011920929, 1.6825000047683716, -0.07716141641139984, -0.862500011920929, 1.6825000047683716, 0.11824674904346466, -0.862500011920929, 1.5575000047683716] applied=[-0.12249700725078583, -0.737500011920929, 1.5648235082626343, 0.0826307088136673, -0.737500011920929, 1.6825000047683716, -0.07716141641139984, -0.862500011920929, 1.6825000047683716, 0.11824674904346466, -0.862500011920929, 1.5575000047683716] current=[-0.0005295046721585095, -0.7858467698097229, 1.8626492023468018, 0.0006389784393832088, -0.7847642302513123, 1.8614780902862549, -8.586636977270246e-05, -0.7860288023948669, 1.8636051416397095, 0.0012616667663678527, -0.7856644988059998, 1.8621187210083008]
[STAGE] first_step_done
[DIAG_INFER] step=11 policy_action_max=2.176687 applied_action_max=0.250000 obs_max=1.304283 history_nonzero_rows=1 position_clip=0 torque_clip=0 action=[1.3172684907913208, 0.8561081886291504, 2.176687002182007, -0.471223920583725, -0.7722273468971252, -1.2553108930587769, -1.2608914375305176, -0.9110552072525024, -1.3073383569717407, -0.35711732506752014, -1.4475839138031006, -0.4295147657394409]
[DIAG_TARGET] step=11 target_error=0.000000000 default=[0.0, -0.7853981852531433, 1.8654682636260986, 0.0, -0.7853981852531433, 1.8654682636260986, 0.0, -0.7853981852531433, 1.8654682636260986, 0.0, -0.7853981852531433, 1.8654682636260986] desired=[-0.06875000149011612, -0.737500011920929, 1.6825000047683716, 0.06875000149011612, -0.862500011920929, 1.5575000047683716, -0.13124999403953552, -0.862500011920929, 1.5575000047683716, 0.06875000149011612, -0.862500011920929, 1.5575000047683716] applied=[-0.06875000149011612, -0.737500011920929, 1.6825000047683716, 0.06875000149011612, -0.862500011920929, 1.5575000047683716, -0.13124999403953552, -0.862500011920929, 1.5575000047683716, 0.06875000149011612, -0.862500011920929, 1.5575000047683716] current=[-0.0034082105848938227, -0.8002485632896423, 1.834222435951233, 0.0009531959076412022, -0.7824097275733948, 1.820387840270996, 0.01068939734250307, -0.8075429201126099, 1.8503320217132568, 0.014248817227780819, -0.7872952222824097, 1.8252286911010742]
[DIAG_INFER] step=21 policy_action_max=2.309900 applied_action_max=0.250000 obs_max=2.176687 history_nonzero_rows=2 position_clip=0 torque_clip=0 action=[2.1411070823669434, 0.9997947216033936, 1.7222473621368408, 0.42045992612838745, -0.261114239692688, -0.8576321601867676, -1.384092092514038, -1.2511392831802368, -0.45869600772857666, -2.2137393951416016, -2.3098995685577393, 0.3332865238189697]
[DIAG_TARGET] step=21 target_error=0.000000000 default=[0.0, -0.7853981852531433, 1.8654682636260986, 0.0, -0.7853981852531433, 1.8654682636260986, 0.0, -0.7853981852531433, 1.8654682636260986, 0.0, -0.7853981852531433, 1.8654682636260986] desired=[-0.06875000149011612, -0.737500011920929, 1.6825000047683716, 0.13124999403953552, -0.862500011920929, 1.5575000047683716, -0.13124999403953552, -0.862500011920929, 1.5575000047683716, 0.06875000149011612, -0.862500011920929, 1.6825000047683716] applied=[-0.06875000149011612, -0.737500011920929, 1.6825000047683716, 0.13124999403953552, -0.862500011920929, 1.5575000047683716, -0.13124999403953552, -0.862500011920929, 1.5575000047683716, 0.06875000149011612, -0.862500011920929, 1.6825000047683716] current=[-0.01432078517973423, -0.8116225600242615, 1.8056907653808594, -0.009731989353895187, -0.7792412638664246, 1.7743504047393799, 0.011617273092269897, -0.8256799578666687, 1.8358880281448364, 0.014728850685060024, -0.7859600186347961, 1.7833540439605713]
[DIAG_INFER] step=31 policy_action_max=2.408957 applied_action_max=0.250000 obs_max=2.309900 history_nonzero_rows=3 position_clip=0 torque_clip=0 action=[2.408956527709961, 1.3527425527572632, 1.5548863410949707, 0.720329761505127, -0.3475574851036072, -0.4609314799308777, -1.4907703399658203, -0.19693470001220703, -1.079203486442566, -1.5483943223953247, -2.0063836574554443, 0.9191516637802124]
[DIAG_TARGET] step=31 target_error=0.000000000 default=[0.0, -0.7853981852531433, 1.8654682636260986, 0.0, -0.7853981852531433, 1.8654682636260986, 0.0, -0.7853981852531433, 1.8654682636260986, 0.0, -0.7853981852531433, 1.8654682636260986] desired=[-0.06875000149011612, -0.737500011920929, 1.6825000047683716, 0.13124999403953552, -0.862500011920929, 1.5575000047683716, -0.13124999403953552, -0.8492336869239807, 1.5575000047683716, 0.06875000149011612, -0.862500011920929, 1.6825000047683716] applied=[-0.06875000149011612, -0.737500011920929, 1.6825000047683716, 0.13124999403953552, -0.862500011920929, 1.5575000047683716, -0.13124999403953552, -0.8492336869239807, 1.5575000047683716, 0.06875000149011612, -0.862500011920929, 1.6825000047683716] current=[-0.015444476157426834, -0.8183823227882385, 1.7802385091781616, 0.01804131083190441, -0.7859079241752625, 1.7214478254318237, 0.014385451562702656, -0.8393554091453552, 1.8200678825378418, 0.028089413419365883, -0.8045441508293152, 1.7458990812301636]
[DIAG_INFER] step=41 policy_action_max=2.477295 applied_action_max=0.250000 obs_max=2.408957 history_nonzero_rows=4 position_clip=0 torque_clip=0 action=[2.2811801433563232, 1.1948314905166626, 1.3828849792480469, 1.7007733583450317, -0.02598978579044342, -0.14718830585479736, -0.8573057055473328, -0.6153578162193298, -0.6216641068458557, -2.477294921875, -1.343015432357788, 0.9604183435440063]
[DIAG_TARGET] step=41 target_error=0.000000000 default=[0.0, -0.7853981852531433, 1.8654682636260986, 0.0, -0.7853981852531433, 1.8654682636260986, 0.0, -0.7853981852531433, 1.8654682636260986, 0.0, -0.7853981852531433, 1.8654682636260986] desired=[-0.06875000149011612, -0.737500011920929, 1.6825000047683716, 0.13124999403953552, -0.8064974546432495, 1.5832029581069946, -0.13124999403953552, -0.862500011920929, 1.5575000047683716, 0.06875000149011612, -0.862500011920929, 1.6825000047683716] applied=[-0.06875000149011612, -0.737500011920929, 1.6825000047683716, 0.13124999403953552, -0.8064974546432495, 1.5832029581069946, -0.13124999403953552, -0.862500011920929, 1.5575000047683716, 0.06875000149011612, -0.862500011920929, 1.6825000047683716] current=[-0.02299250289797783, -0.8183764219284058, 1.764985203742981, 0.060332756489515305, -0.8036306500434875, 1.66405189037323, 0.007669179234653711, -0.8507766127586365, 1.8095766305923462, 0.036942772567272186, -0.8311436772346497, 1.7131903171539307]
[DIAG_INFER] step=51 policy_action_max=2.338579 applied_action_max=0.250000 obs_max=2.477295 history_nonzero_rows=5 position_clip=0 torque_clip=0 action=[2.338578939437866, 0.9651808738708496, 1.0566731691360474, 0.8492658138275146, 0.2505047619342804, 0.0005120560526847839, -0.3580901026725769, -1.354327917098999, -0.6236400604248047, -1.489756464958191, -1.3501217365264893, 0.5260314345359802]
[DIAG_TARGET] step=51 target_error=0.000000000 default=[0.0, -0.7853981852531433, 1.8654682636260986, 0.0, -0.7853981852531433, 1.8654682636260986, 0.0, -0.7853981852531433, 1.8654682636260986, 0.0, -0.7853981852531433, 1.8654682636260986] desired=[-0.06875000149011612, -0.737500011920929, 1.6825000047683716, 0.13124999403953552, -0.737500011920929, 1.6201280355453491, -0.13124999403953552, -0.862500011920929, 1.5575000047683716, 0.06875000149011612, -0.862500011920929, 1.6825000047683716] applied=[-0.06875000149011612, -0.737500011920929, 1.6825000047683716, 0.13124999403953552, -0.737500011920929, 1.6201280355453491, -0.13124999403953552, -0.862500011920929, 1.5575000047683716, 0.06875000149011612, -0.862500011920929, 1.6825000047683716] current=[-0.029370969161391258, -0.8263788819313049, 1.7669579982757568, 0.09813769906759262, -0.8101906180381775, 1.617694616317749, -0.00795738399028778, -0.8589878082275391, 1.8046541213989258, 0.04162759333848953, -0.8501226902008057, 1.6935043334960938]
[DIAG_INFER] step=61 policy_action_max=3.262965 applied_action_max=0.250000 obs_max=2.338579 history_nonzero_rows=6 position_clip=0 torque_clip=0 action=[0.4642004370689392, 0.32194533944129944, -0.16247421503067017, -1.520538330078125, 0.40404313802719116, 1.0931658744812012, 0.8400457501411438, -3.262965202331543, 1.7407379150390625, 1.1469122171401978, -1.9968323707580566, -0.4531668424606323]
[DIAG_TARGET] step=61 target_error=0.000000000 default=[0.0, -0.7853981852531433, 1.8654682636260986, 0.0, -0.7853981852531433, 1.8654682636260986, 0.0, -0.7853981852531433, 1.8654682636260986, 0.0, -0.7853981852531433, 1.8654682636260986] desired=[-0.06875000149011612, -0.737500011920929, 1.5793814659118652, 0.06875000149011612, -0.737500011920929, 1.6825000047683716, -0.06875000149011612, -0.862500011920929, 1.6825000047683716, 0.13124999403953552, -0.862500011920929, 1.5575000047683716] applied=[-0.06875000149011612, -0.737500011920929, 1.5793814659118652, 0.06875000149011612, -0.737500011920929, 1.6825000047683716, -0.06875000149011612, -0.862500011920929, 1.6825000047683716, 0.13124999403953552, -0.862500011920929, 1.5575000047683716] current=[-0.03374188765883446, -0.8380346894264221, 1.7825816869735718, 0.11990567296743393, -0.7830793261528015, 1.6179410219192505, -0.027718542143702507, -0.8624140620231628, 1.8030179738998413, 0.046365611255168915, -0.8561243414878845, 1.681626319885254]
[DIAG_INFER] step=71 policy_action_max=6.374668 applied_action_max=0.250000 obs_max=3.262965 history_nonzero_rows=7 position_clip=0 torque_clip=0 action=[1.0871565341949463, 0.27374181151390076, -0.6020209789276123, -3.2838850021362305, 0.2739757299423218, 1.4228674173355103, 0.822947084903717, -3.1353113651275635, 2.2274084091186523, 6.374668121337891, -3.9540793895721436, -0.819840133190155]
[DIAG_TARGET] step=71 target_error=0.000000000 default=[0.0, -0.7853981852531433, 1.8654682636260986, 0.0, -0.7853981852531433, 1.8654682636260986, 0.0, -0.7853981852531433, 1.8654682636260986, 0.0, -0.7853981852531433, 1.8654682636260986] desired=[-0.06875000149011612, -0.737500011920929, 1.5575000047683716, 0.06875000149011612, -0.737500011920929, 1.6825000047683716, -0.06875000149011612, -0.862500011920929, 1.6825000047683716, 0.13124999403953552, -0.862500011920929, 1.5575000047683716] applied=[-0.06875000149011612, -0.737500011920929, 1.5575000047683716, 0.06875000149011612, -0.737500011920929, 1.6825000047683716, -0.06875000149011612, -0.862500011920929, 1.6825000047683716, 0.13124999403953552, -0.862500011920929, 1.5575000047683716] current=[-0.02864360623061657, -0.8497189283370972, 1.8009939193725586, 0.10456027090549469, -0.7535232305526733, 1.6553858518600464, -0.03827517852187157, -0.866142213344574, 1.8051867485046387, 0.07951226830482483, -0.8556644916534424, 1.6308294534683228]
[DIAG_INFER] step=81 policy_action_max=7.732566 applied_action_max=0.250000 obs_max=6.374668 history_nonzero_rows=8 position_clip=0 torque_clip=0 action=[2.6943421363830566, -0.1724415421485901, -0.6835873126983643, -3.392500400543213, 0.10886918008327484, 1.4096853733062744, -0.19523125886917114, -3.4713356494903564, 1.7925643920898438, 7.732565879821777, -2.9226651191711426, -1.613661766052246]
[DIAG_TARGET] step=81 target_error=0.000000000 default=[0.0, -0.7853981852531433, 1.8654682636260986, 0.0, -0.7853981852531433, 1.8654682636260986, 0.0, -0.7853981852531433, 1.8654682636260986, 0.0, -0.7853981852531433, 1.8654682636260986] desired=[-0.06875000149011612, -0.8431103825569153, 1.5575000047683716, 0.06875000149011612, -0.7727827429771423, 1.6825000047683716, -0.12440390884876251, -0.862500011920929, 1.6825000047683716, 0.13124999403953552, -0.862500011920929, 1.5575000047683716] applied=[-0.06875000149011612, -0.8431103825569153, 1.5575000047683716, 0.06875000149011612, -0.7727827429771423, 1.6825000047683716, -0.12440390884876251, -0.862500011920929, 1.6825000047683716, 0.13124999403953552, -0.862500011920929, 1.5575000047683716] current=[-0.013347365893423557, -0.8600848913192749, 1.817881464958191, 0.07679284363985062, -0.7337031960487366, 1.6716420650482178, -0.037147749215364456, -0.869486391544342, 1.8080967664718628, 0.09763836115598679, -0.867223858833313, 1.6343075037002563]
[DIAG_INFER] step=91 policy_action_max=4.651524 applied_action_max=0.250000 obs_max=7.732566 history_nonzero_rows=9 position_clip=0 torque_clip=1 action=[1.4270468950271606, 0.4243405759334564, 0.06145656108856201, -2.9539268016815186, 0.4121701121330261, 1.723681092262268, 0.6341416239738464, -3.039788007736206, 2.4594063758850098, 4.651523590087891, -3.97415828704834, -0.0184013694524765]
[DIAG_TARGET] step=91 target_error=0.000000000 default=[0.0, -0.7853981852531433, 1.8654682636260986, 0.0, -0.7853981852531433, 1.8654682636260986, 0.0, -0.7853981852531433, 1.8654682636260986, 0.0, -0.7853981852531433, 1.8654682636260986] desired=[-0.06875000149011612, -0.737500011920929, 1.6353641748428345, 0.06875000149011612, -0.737500011920929, 1.6825000047683716, -0.06875000149011612, -0.862500011920929, 1.6825000047683716, 0.13124999403953552, -0.862500011920929, 1.6289937496185303] applied=[-0.06875000149011612, -0.737500011920929, 1.6353641748428345, 0.06875000149011612, -0.737500011920929, 1.6825000047683716, -0.06875000149011612, -0.862500011920929, 1.6825000047683716, 0.13124999403953552, -0.862500011920929, 1.6289937496185303] current=[-0.0007240637205541134, -0.871161937713623, 1.837313175201416, 0.06735511124134064, -0.7433032989501953, 1.6954920291900635, -0.03546570613980293, -0.873630702495575, 1.8138598203659058, 0.10057391971349716, -0.8858828544616699, 1.6547826528549194]
[DIAG_INFER] step=101 policy_action_max=4.529313 applied_action_max=0.250000 obs_max=4.651524 history_nonzero_rows=10 position_clip=0 torque_clip=1 action=[0.9231590032577515, 0.5035919547080994, 0.4366396963596344, -3.6400086879730225, -0.07077069580554962, 2.228834390640259, 1.1919431686401367, -3.9784438610076904, 3.2370991706848145, 4.529313087463379, -3.6203207969665527, -0.2250867336988449]
[DIAG_TARGET] step=101 target_error=0.000000000 default=[0.0, -0.7853981852531433, 1.8654682636260986, 0.0, -0.7853981852531433, 1.8654682636260986, 0.0, -0.7853981852531433, 1.8654682636260986, 0.0, -0.7853981852531433, 1.8654682636260986] desired=[-0.06875000149011612, -0.737500011920929, 1.6825000047683716, 0.06875000149011612, -0.8176926970481873, 1.6825000047683716, -0.06875000149011612, -0.862500011920929, 1.6825000047683716, 0.13124999403953552, -0.862500011920929, 1.6444638967514038] applied=[-0.06875000149011612, -0.737500011920929, 1.6825000047683716, 0.06875000149011612, -0.8176926970481873, 1.6825000047683716, -0.06875000149011612, -0.862500011920929, 1.6825000047683716, 0.13124999403953552, -0.862500011920929, 1.6444638967514038] current=[0.00418698089197278, -0.8815937638282776, 1.8594337701797485, 0.07387745380401611, -0.7602413296699524, 1.7252029180526733, -0.037448931485414505, -0.8771578073501587, 1.8222405910491943, 0.10007590800523758, -0.9007737040519714, 1.6760355234146118]
[DIAG_INFER] step=111 policy_action_max=4.182022 applied_action_max=0.250000 obs_max=4.529313 history_nonzero_rows=11 position_clip=0 torque_clip=1 action=[1.1293997764587402, 0.7601264715194702, 0.47267821431159973, -3.7553133964538574, 0.15005634725093842, 2.2709805965423584, 1.7380342483520508, -4.182021617889404, 3.4012694358825684, 3.1909942626953125, -3.6727638244628906, 0.047158434987068176]
[DIAG_TARGET] step=111 target_error=0.000000000 default=[0.0, -0.7853981852531433, 1.8654682636260986, 0.0, -0.7853981852531433, 1.8654682636260986, 0.0, -0.7853981852531433, 1.8654682636260986, 0.0, -0.7853981852531433, 1.8654682636260986] desired=[-0.06875000149011612, -0.737500011920929, 1.6825000047683716, 0.06875000149011612, -0.762485921382904, 1.6825000047683716, -0.06875000149011612, -0.862500011920929, 1.6825000047683716, 0.13124999403953552, -0.862500011920929, 1.7028826475143433] applied=[-0.06875000149011612, -0.737500011920929, 1.6825000047683716, 0.06875000149011612, -0.762485921382904, 1.6825000047683716, -0.06875000149011612, -0.862500011920929, 1.6825000047683716, 0.13124999403953552, -0.862500011920929, 1.7028826475143433] current=[0.005605834536254406, -0.8894117474555969, 1.8825113773345947, 0.07705304026603699, -0.7743785381317139, 1.7581442594528198, -0.04032287001609802, -0.8778857588768005, 1.830940842628479, 0.09893739223480225, -0.9117932319641113, 1.6982030868530273]
[DIAG_INFER] step=121 policy_action_max=4.572364 applied_action_max=0.250000 obs_max=4.182022 history_nonzero_rows=12 position_clip=0 torque_clip=1 action=[0.9629213213920593, 1.1021479368209839, 0.8127660751342773, -4.126241683959961, 0.1809556931257248, 2.2717015743255615, 1.9538953304290771, -4.572364330291748, 3.5991880893707275, 2.4688358306884766, -3.065387487411499, -0.4777001142501831]
[DIAG_TARGET] step=121 target_error=0.000000000 default=[0.0, -0.7853981852531433, 1.8654682636260986, 0.0, -0.7853981852531433, 1.8654682636260986, 0.0, -0.7853981852531433, 1.8654682636260986, 0.0, -0.7853981852531433, 1.8654682636260986] desired=[-0.06875000149011612, -0.737500011920929, 1.6825000047683716, 0.06875000149011612, -0.7547610998153687, 1.6825000047683716, -0.06875000149011612, -0.862500011920929, 1.6825000047683716, 0.13124999403953552, -0.862500011920929, 1.5715359449386597] applied=[-0.06875000149011612, -0.737500011920929, 1.6825000047683716, 0.06875000149011612, -0.7547610998153687, 1.6825000047683716, -0.06875000149011612, -0.862500011920929, 1.6825000047683716, 0.13124999403953552, -0.862500011920929, 1.5715359449386597] current=[0.004453142639249563, -0.8936828970909119, 1.904471516609192, 0.07784062623977661, -0.784996509552002, 1.7922641038894653, -0.04356681555509567, -0.8756720423698425, 1.8393363952636719, 0.10014558583498001, -0.9162521362304688, 1.7201648950576782]
[DIAG_INFER] step=131 policy_action_max=4.995693 applied_action_max=0.250000 obs_max=4.572364 history_nonzero_rows=13 position_clip=0 torque_clip=0 action=[0.8596752285957336, 1.3582721948623657, 0.6283402442932129, -4.054697036743164, 0.576850175857544, 1.5407925844192505, 2.1463212966918945, -4.995692729949951, 3.3724071979522705, -0.325168639421463, -1.7400739192962646, -1.483048439025879]
[DIAG_TARGET] step=131 target_error=0.000000000 default=[0.0, -0.7853981852531433, 1.8654682636260986, 0.0, -0.7853981852531433, 1.8654682636260986, 0.0, -0.7853981852531433, 1.8654682636260986, 0.0, -0.7853981852531433, 1.8654682636260986] desired=[-0.06875000149011612, -0.737500011920929, 1.6825000047683716, 0.06875000149011612, -0.737500011920929, 1.6825000047683716, -0.06875000149011612, -0.862500011920929, 1.6825000047683716, 0.06875000149011612, -0.862500011920929, 1.5575000047683716] applied=[-0.06875000149011612, -0.737500011920929, 1.6825000047683716, 0.06875000149011612, -0.737500011920929, 1.6825000047683716, -0.06875000149011612, -0.862500011920929, 1.6825000047683716, 0.06875000149011612, -0.862500011920929, 1.5575000047683716] current=[-0.0030641406774520874, -0.8923090696334839, 1.9223699569702148, 0.07210735231637955, -0.788065493106842, 1.8221020698547363, -0.04950452968478203, -0.8680614829063416, 1.8436076641082764, 0.09566821902990341, -0.9151704907417297, 1.736849069595337]
[DIAG_INFER] step=141 policy_action_max=5.533161 applied_action_max=0.250000 obs_max=4.995693 history_nonzero_rows=14 position_clip=0 torque_clip=0 action=[0.9109048247337341, 1.6114752292633057, 0.774004340171814, -4.294261932373047, 0.8359068632125854, 0.6012281179428101, 2.1366236209869385, -5.53316068649292, 3.3111648559570312, -3.0790023803710938, -0.5760495662689209, -2.266503095626831]
[DIAG_TARGET] step=141 target_error=0.000000000 default=[0.0, -0.7853981852531433, 1.8654682636260986, 0.0, -0.7853981852531433, 1.8654682636260986, 0.0, -0.7853981852531433, 1.8654682636260986, 0.0, -0.7853981852531433, 1.8654682636260986] desired=[-0.06875000149011612, -0.737500011920929, 1.6825000047683716, 0.06875000149011612, -0.737500011920929, 1.6825000047683716, -0.06875000149011612, -0.862500011920929, 1.6825000047683716, 0.06875000149011612, -0.862500011920929, 1.5575000047683716] applied=[-0.06875000149011612, -0.737500011920929, 1.6825000047683716, 0.06875000149011612, -0.737500011920929, 1.6825000047683716, -0.06875000149011612, -0.862500011920929, 1.6825000047683716, 0.06875000149011612, -0.862500011920929, 1.5575000047683716] current=[-0.01858646608889103, -0.884782075881958, 1.9347127676010132, 0.05799344182014465, -0.7822303175926208, 1.8438609838485718, -0.06012514606118202, -0.8545753359794617, 1.8422352075576782, 0.08585695922374725, -0.9036478996276855, 1.743282437324524]
[DIAG_INFER] step=151 policy_action_max=4.590405 applied_action_max=0.250000 obs_max=5.533161 history_nonzero_rows=15 position_clip=0 torque_clip=0 action=[1.353733777999878, 2.12273907661438, 0.9104037284851074, -4.107201099395752, 0.8960094451904297, 0.4857757091522217, 1.5497632026672363, -4.590405464172363, 1.9903833866119385, -2.7232532501220703, -0.09349748492240906, -2.581061363220215]
[DIAG_TARGET] step=151 target_error=0.000000000 default=[0.0, -0.7853981852531433, 1.8654682636260986, 0.0, -0.7853981852531433, 1.8654682636260986, 0.0, -0.7853981852531433, 1.8654682636260986, 0.0, -0.7853981852531433, 1.8654682636260986] desired=[-0.06875000149011612, -0.737500011920929, 1.6825000047683716, 0.06875000149011612, -0.737500011920929, 1.6825000047683716, -0.06875000149011612, -0.862500011920929, 1.6825000047683716, 0.06875000149011612, -0.8233743906021118, 1.5575000047683716] applied=[-0.06875000149011612, -0.737500011920929, 1.6825000047683716, 0.06875000149011612, -0.737500011920929, 1.6825000047683716, -0.06875000149011612, -0.862500011920929, 1.6825000047683716, 0.06875000149011612, -0.8233743906021118, 1.5575000047683716] current=[-0.03199167922139168, -0.871530294418335, 1.9389348030090332, 0.04558887705206871, -0.7705459594726562, 1.8588097095489502, -0.06698068976402283, -0.8367579579353333, 1.8351622819900513, 0.0793941393494606, -0.8869782090187073, 1.7446610927581787]
[DIAG_INFER] step=161 policy_action_max=3.230712 applied_action_max=0.250000 obs_max=4.590405 history_nonzero_rows=15 position_clip=0 torque_clip=0 action=[1.77740478515625, 1.914333462715149, 0.9378654956817627, -3.2307116985321045, 0.6546431183815002, 0.4792135953903198, 0.40135735273361206, -3.043672800064087, 0.5134837627410889, -2.974799394607544, 0.6468871831893921, -1.7660537958145142]
[DIAG_TARGET] step=161 target_error=0.000000000 default=[0.0, -0.7853981852531433, 1.8654682636260986, 0.0, -0.7853981852531433, 1.8654682636260986, 0.0, -0.7853981852531433, 1.8654682636260986, 0.0, -0.7853981852531433, 1.8654682636260986] desired=[-0.06875000149011612, -0.737500011920929, 1.6825000047683716, 0.06875000149011612, -0.737500011920929, 1.6825000047683716, -0.06875000149011612, -0.862500011920929, 1.6825000047683716, 0.06875000149011612, -0.737500011920929, 1.5575000047683716] applied=[-0.06875000149011612, -0.737500011920929, 1.6825000047683716, 0.06875000149011612, -0.737500011920929, 1.6825000047683716, -0.06875000149011612, -0.862500011920929, 1.6825000047683716, 0.06875000149011612, -0.737500011920929, 1.5575000047683716] current=[-0.04153478890657425, -0.8543333411216736, 1.9354430437088013, 0.03656614199280739, -0.754732608795166, 1.8681113719940186, -0.06811927258968353, -0.817043662071228, 1.8244547843933105, 0.07839296013116837, -0.8675944805145264, 1.7433454990386963]
[DIAG_INFER] step=171 policy_action_max=3.560207 applied_action_max=0.250000 obs_max=3.230712 history_nonzero_rows=15 position_clip=0 torque_clip=1 action=[2.742633104324341, 1.919523000717163, 1.1084098815917969, -0.5723782777786255, 0.576029896736145, -0.5252666473388672, -2.1101152896881104, -1.4207725524902344, -1.1709380149841309, -3.560206890106201, 0.6572834253311157, 0.4859585165977478]
[DIAG_TARGET] step=171 target_error=0.000000000 default=[0.0, -0.7853981852531433, 1.8654682636260986, 0.0, -0.7853981852531433, 1.8654682636260986, 0.0, -0.7853981852531433, 1.8654682636260986, 0.0, -0.7853981852531433, 1.8654682636260986] desired=[-0.06875000149011612, -0.737500011920929, 1.6825000047683716, 0.06875000149011612, -0.737500011920929, 1.5575000047683716, -0.13124999403953552, -0.862500011920929, 1.5575000047683716, 0.06875000149011612, -0.6726952791213989, 1.6825000047683716] applied=[-0.06875000149011612, -0.737500011920929, 1.6825000047683716, 0.06875000149011612, -0.737500011920929, 1.5575000047683716, -0.13124999403953552, -0.862500011920929, 1.5575000047683716, 0.06875000149011612, -0.6726952791213989, 1.6825000047683716] current=[-0.050818607211112976, -0.8347465991973877, 1.9262256622314453, 0.027276838198304176, -0.7348138093948364, 1.8720568418502808, -0.06619784981012344, -0.7970268726348877, 1.8124516010284424, 0.0803416296839714, -0.8449445366859436, 1.7387899160385132]
[DIAG_INFER] step=181 policy_action_max=4.829878 applied_action_max=0.250000 obs_max=3.560207 history_nonzero_rows=15 position_clip=0 torque_clip=1 action=[3.224827766418457, 1.9157729148864746, 1.3076125383377075, 1.4709516763687134, 0.010623201727867126, -0.10791421681642532, -1.9353563785552979, -0.4270925521850586, -1.5582754611968994, -4.829877853393555, 0.8945968151092529, 0.9639289379119873]
[DIAG_TARGET] step=181 target_error=0.000000000 default=[0.0, -0.7853981852531433, 1.8654682636260986, 0.0, -0.7853981852531433, 1.8654682636260986, 0.0, -0.7853981852531433, 1.8654682636260986, 0.0, -0.7853981852531433, 1.8654682636260986] desired=[-0.06875000149011612, -0.737500011920929, 1.6825000047683716, 0.13124999403953552, -0.7973442077636719, 1.5930213928222656, -0.13124999403953552, -0.862500011920929, 1.5575000047683716, 0.06875000149011612, -0.5031673908233643, 1.6825000047683716] applied=[-0.06875000149011612, -0.737500011920929, 1.6825000047683716, 0.13124999403953552, -0.7973442077636719, 1.5930213928222656, -0.13124999403953552, -0.862500011920929, 1.5575000047683716, 0.06875000149011612, -0.5031673908233643, 1.6825000047683716] current=[-0.06158122047781944, -0.8123073577880859, 1.9106756448745728, 0.0159746203571558, -0.7114691734313965, 1.8670437335968018, -0.06666875630617142, -0.7764235138893127, 1.7991726398468018, 0.08035632967948914, -0.8191990852355957, 1.7312110662460327]
[DIAG_INFER] step=191 policy_action_max=3.334890 applied_action_max=0.250000 obs_max=4.829878 history_nonzero_rows=15 position_clip=0 torque_clip=1 action=[3.327702760696411, 1.9909950494766235, 1.4626882076263428, 1.2560192346572876, -0.3438866138458252, -0.9716446995735168, -1.3798351287841797, -0.2986372709274292, -2.0053014755249023, -3.3348898887634277, 0.4702266752719879, 1.4924944639205933]
[DIAG_TARGET] step=191 target_error=0.000000000 default=[0.0, -0.7853981852531433, 1.8654682636260986, 0.0, -0.7853981852531433, 1.8654682636260986, 0.0, -0.7853981852531433, 1.8654682636260986, 0.0, -0.7853981852531433, 1.8654682636260986] desired=[-0.06875000149011612, -0.737500011920929, 1.6825000047683716, 0.13124999403953552, -0.862500011920929, 1.5575000047683716, -0.13124999403953552, -0.862500011920929, 1.5575000047683716, 0.06875000149011612, -0.41867923736572266, 1.6825000047683716] applied=[-0.06875000149011612, -0.737500011920929, 1.6825000047683716, 0.13124999403953552, -0.862500011920929, 1.5575000047683716, -0.13124999403953552, -0.862500011920929, 1.5575000047683716, 0.06875000149011612, -0.41867923736572266, 1.6825000047683716] current=[-0.06344710290431976, -0.7870304584503174, 1.8888461589813232, 0.01732359267771244, -0.6892509460449219, 1.8555786609649658, -0.062233712524175644, -0.7549939751625061, 1.7836432456970215, 0.09260084480047226, -0.7252103686332703, 1.719490885734558]
[STAGE] video_encoding_start
[SUMMARY] {"task": "YoboGo-Velocity-Flat-v0", "mode": "smoke", "yobogo_walk_speed_m_s": 0.2, "rapid_walk_speed_m_s": 0.4, "adaptation_weight": "/run/media/pma213x/0C6A8CC86A8CAFCE/Ubuntu2/CodeU/Dog1/mini-cheetah-isaaclab/external_models/rapid-locomotion-rl/runs/rapid-locomotion/example/train/201852.132488/checkpoints/adaptation_module_latest.jit", "body_weight": "/run/media/pma213x/0C6A8CC86A8CAFCE/Ubuntu2/CodeU/Dog1/mini-cheetah-isaaclab/external_models/rapid-locomotion-rl/runs/rapid-locomotion/example/train/201852.132488/checkpoints/body_latest.jit", "completed_steps": 200, "inference_steps": 20, "expected_inference_steps": 20, "reset_count": 0, "safety_clip_count": 7, "position_clip_count": 0, "torque_clip_count": 7, "large_action_inference_count": 0, "official_clip_inference_count": 0, "max_abs_rapid_action": 0.25, "max_abs_policy_action": 7.732565879821777, "ood_guard_count": 217, "base_height_min_m": 0.25958192348480225, "max_abs_roll_deg": 4.856615452976856, "max_abs_pitch_deg": 2.5161565374377153, "xy_displacement_m": 0.013339380733668804, "mean_measured_velocity_m_s": 0.021157778430497275, "final_command": [0.20000000298023224, 0.0, 0.0], "terminated_steps": 0, "stability_errors": [], "interface_ok": true, "stable_walking": true, "video": null, "video_frames_written": 0}
[STAGE] event_loop_done
