[3gH    H    H    H    H    H    H    H    H    H    H    H    H    H    H    H    H    H    H    H   [INFO] Using python from: /home/pma213x/.venvs/minicheetah-isaaclab/bin/python
[INFO][AppLauncher]: Loading experience file: /home/pma213x/IsaacLab/apps/isaaclab.python.headless.kit
[Warning] [simulation_app.simulation_app] Modules: ['omni.kit_app'] were loaded before SimulationApp was started and might not be loaded correctly.
[Warning] [simulation_app.simulation_app] Please check to make sure no extra omniverse or pxr modules are imported before the call to SimulationApp(...)
Loading user config located at: '/home/pma213x/.venvs/minicheetah-isaaclab/lib/python3.10/site-packages/omni/data/Kit/Isaac-Sim/4.5/user.config.json'
[Info] [carb] Logging to file: /home/pma213x/.venvs/minicheetah-isaaclab/lib/python3.10/site-packages/omni/logs/Kit/Isaac-Sim/4.5/kit_20261008_205914.log
2026-10-08 12:59:14 [0ms] [Warning] [omni.kit.app.plugin] No crash reporter present, dumps uploading isn't available.
2026-10-08 12:59:14 [116ms] [Warning] [omni.usd_config.extension] Enable omni.materialx.libs extension to use MaterialX
2026-10-08 12:59:14 [478ms] [Warning] [omni.datastore] OmniHub is inaccessible
2026-10-08 12:59:14 [511ms] [Warning] [omni.isaac.dynamic_control] omni.isaac.dynamic_control is deprecated as of Isaac Sim 4.5. No action is needed from end-users.
Gym has been unmaintained since 2022 and does not support NumPy 2.0 amongst other critical functionality.
Please upgrade to Gymnasium, the maintained drop-in replacement of Gym, or contact the authors of your software and request that they upgrade.
See the migration guide at https://gymnasium.farama.org/introduction/migration_guide/ for additional information.
2026-10-08 12:59:16 [2,399ms] [Warning] [gpu.foundation.plugin] Skipping unsupported non-NVIDIA GPU: Intel(R) UHD Graphics (ADL-S GT0.5)
2026-10-08 12:59:16 [2,399ms] [Warning] [gpu.foundation.plugin] Skipping unsupported non-NVIDIA GPU: Intel(R) UHD Graphics (ADL-S GT0.5)

|---------------------------------------------------------------------------------------------|
| Driver Version: 580.178.04    | Graphics API: Vulkan
|=============================================================================================|
| GPU | Name                             | Active | LDA | GPU Memory | Vendor-ID | LUID       |
|     |                                  |        |     |            | Device-ID | UUID       |
|     |                                  |        |     |            | Bus-ID    |            |
|---------------------------------------------------------------------------------------------|
| 0   | NVIDIA GeForce RTX 4060 Laptop.. | Yes: 0 |     | 8188    MB | 10de      | 0          |
|     |                                  |        |     |            | 28e0      | 4d090564.. |
|     |                                  |        |     |            | 1         |            |
|---------------------------------------------------------------------------------------------|
| 1   | Intel(R) UHD Graphics (ADL-S G.. |        |     | 11374   MB | 8086      | 0          |
|     |                                  |        |     |            | 468b      | 86808b46.. |
|     |                                  |        |     |            | 0         |            |
|=============================================================================================|
| OS: 26.04.1 LTS (Resolute Raccoon) ubuntu, Version: 26.04.1, Kernel: 7.0.0-34-generic
| XServer Vendor: The X.Org Foundation, XServer Version: 12401010 (1.24.1.10)
| Processor: 13th Gen Intel(R) Core(TM) i5-13500HX
| Bare Metal Cores: 14 | Bare Metal Logical Cores: 28
| Available Cores:  20 
|---------------------------------------------------------------------------------------------|
| Total Memory (MB): 15166 | Free Memory: 7403
| Total Page/Swap (MB): 20479 | Free Page/Swap: 16459
|---------------------------------------------------------------------------------------------|
2026-10-08 12:59:16 [2,694ms] [Warning] [gpu.foundation.plugin] IOMMU is enabled.
2026-10-08 12:59:16 [2,695ms] [Warning] [gpu.foundation.plugin] Detected IOMMU is enabled. Running CUDA peer-to-peer bandwidth and latency validation.
Unidirectional P2P=Enabled Bandwidth (P2P Writes) Matrix (GB/s)
   D\D     0 
     0 219.42 
P2P=Enabled Latency (P2P Writes) Matrix (us)
   GPU     0 
     0   1.45 

   CPU     0 
     0   2.15 
[STAGE] config_start
[INFO]: Parsing configuration from: training.envs.velocity_flat_env_cfg:YoboGoVelocityFlatEnvCfg
[STAGE] config_done
[STAGE] environment_create_start
2026-10-08 12:59:17 [2,899ms] [Warning] [isaaclab.envs.manager_based_env] Seed not set for the environment. The environment creation may not be deterministic.
[INFO]: Base environment:
	Environment device    : cuda:0
	Environment seed      : None
	Physics step-size     : 0.0004
	Rendering step-size   : 0.002
	Environment step-size : 0.002
2026-10-08 12:59:17 [2,986ms] [Warning] [isaaclab.terrains.terrain_importer] Visual material specified for ground plane but no diffuse color found. Using default color: (0.0, 0.0, 0.0)
[INFO]: Time taken for scene creation : 18.290945 seconds
[INFO]: Scene manager:  <class InteractiveScene>
	Number of environments: 1
	Environment spacing   : 2.5
	Source prim name      : /World/envs/env_0
	Global prim paths     : ['/World/ground']
	Replicate physics     : True
[INFO]: Starting the simulation. This may take a few seconds. Please wait...
[INFO]: Time taken for simulation start : 0.363230 seconds
2026-10-08 12:59:36 [21,820ms] [Warning] [omni.usd] Warning: in GetNodeDiscoveryResults at line 136 of /builds/omniverse/usd-ci/USD/pxr/usd/usdShade/shaderDefUtils.cpp -- Unable to resolve info:sourceAsset </UsdPreviewSurface.info:mdl:sourceAsset> with value @UsdPreviewSurface.mdl@.

2026-10-08 12:59:36 [21,820ms] [Warning] [omni.usd] Warning: in GetNodeDiscoveryResults at line 136 of /builds/omniverse/usd-ci/USD/pxr/usd/usdShade/shaderDefUtils.cpp -- Unable to resolve info:sourceAsset </UsdUVTexture.info:mdl:sourceAsset> with value @UsdPreviewSurface.mdl@.

2026-10-08 12:59:36 [21,820ms] [Warning] [omni.usd] Warning: in GetNodeDiscoveryResults at line 136 of /builds/omniverse/usd-ci/USD/pxr/usd/usdShade/shaderDefUtils.cpp -- Unable to resolve info:sourceAsset </UsdPrimvarReader_float.info:mdl:sourceAsset> with value @UsdPreviewSurface.mdl@.

2026-10-08 12:59:36 [21,820ms] [Warning] [omni.usd] Warning: in GetNodeDiscoveryResults at line 136 of /builds/omniverse/usd-ci/USD/pxr/usd/usdShade/shaderDefUtils.cpp -- Unable to resolve info:sourceAsset </UsdPrimvarReader_float2.info:mdl:sourceAsset> with value @UsdPreviewSurface.mdl@.

2026-10-08 12:59:36 [21,820ms] [Warning] [omni.usd] Warning: in GetNodeDiscoveryResults at line 136 of /builds/omniverse/usd-ci/USD/pxr/usd/usdShade/shaderDefUtils.cpp -- Unable to resolve info:sourceAsset </UsdPrimvarReader_float3.info:mdl:sourceAsset> with value @UsdPreviewSurface.mdl@.

2026-10-08 12:59:36 [21,820ms] [Warning] [omni.usd] Warning: in GetNodeDiscoveryResults at line 136 of /builds/omniverse/usd-ci/USD/pxr/usd/usdShade/shaderDefUtils.cpp -- Unable to resolve info:sourceAsset </UsdPrimvarReader_float4.info:mdl:sourceAsset> with value @UsdPreviewSurface.mdl@.

2026-10-08 12:59:36 [21,820ms] [Warning] [omni.usd] Warning: in GetNodeDiscoveryResults at line 136 of /builds/omniverse/usd-ci/USD/pxr/usd/usdShade/shaderDefUtils.cpp -- Unable to resolve info:sourceAsset </UsdPrimvarReader_int.info:mdl:sourceAsset> with value @UsdPreviewSurface.mdl@.

2026-10-08 12:59:36 [21,820ms] [Warning] [omni.usd] Warning: in GetNodeDiscoveryResults at line 136 of /builds/omniverse/usd-ci/USD/pxr/usd/usdShade/shaderDefUtils.cpp -- Unable to resolve info:sourceAsset </UsdPrimvarReader_string.info:mdl:sourceAsset> with value @UsdPreviewSurface.mdl@.

2026-10-08 12:59:36 [21,821ms] [Warning] [omni.usd] Warning: in GetNodeDiscoveryResults at line 136 of /builds/omniverse/usd-ci/USD/pxr/usd/usdShade/shaderDefUtils.cpp -- Unable to resolve info:sourceAsset </UsdPrimvarReader_normal.info:mdl:sourceAsset> with value @UsdPreviewSurface.mdl@.

2026-10-08 12:59:36 [21,821ms] [Warning] [omni.usd] Warning: in GetNodeDiscoveryResults at line 136 of /builds/omniverse/usd-ci/USD/pxr/usd/usdShade/shaderDefUtils.cpp -- Unable to resolve info:sourceAsset </UsdPrimvarReader_point.info:mdl:sourceAsset> with value @UsdPreviewSurface.mdl@.

2026-10-08 12:59:36 [21,822ms] [Warning] [omni.usd] Warning: in GetNodeDiscoveryResults at line 136 of /builds/omniverse/usd-ci/USD/pxr/usd/usdShade/shaderDefUtils.cpp -- Unable to resolve info:sourceAsset </UsdPrimvarReader_vector.info:mdl:sourceAsset> with value @UsdPreviewSurface.mdl@.

2026-10-08 12:59:36 [21,822ms] [Warning] [omni.usd] Warning: in GetNodeDiscoveryResults at line 136 of /builds/omniverse/usd-ci/USD/pxr/usd/usdShade/shaderDefUtils.cpp -- Unable to resolve info:sourceAsset </UsdPrimvarReader_matrix.info:mdl:sourceAsset> with value @UsdPreviewSurface.mdl@.

2026-10-08 12:59:36 [21,822ms] [Warning] [omni.usd] Warning: in GetNodeDiscoveryResults at line 136 of /builds/omniverse/usd-ci/USD/pxr/usd/usdShade/shaderDefUtils.cpp -- Unable to resolve info:sourceAsset </UsdTransform2d.info:mdl:sourceAsset> with value @UsdPreviewSurface.mdl@.

[INFO] Command Manager:  <CommandManager> contains 1 active terms.
+------------------------------------------------+
|              Active Command Terms              |
+-------+---------------+------------------------+
| Index | Name          |          Type          |
+-------+---------------+------------------------+
|   0   | base_velocity | UniformVelocityCommand |
+-------+---------------+------------------------+

[INFO] Recorder Manager:  <RecorderManager> contains 0 active terms.
+---------------------+
| Active Recorder Terms |
+-----------+---------+
|   Index   | Name    |
+-----------+---------+
+-----------+---------+

[INFO] Action Manager:  <ActionManager> contains 1 active terms.
+------------------------------------+
|  Active Action Terms (shape: 12)   |
+--------+-------------+-------------+
| Index  | Name        |   Dimension |
+--------+-------------+-------------+
|   0    | joint_pos   |          12 |
+--------+-------------+-------------+

[INFO] Observation Manager: <ObservationManager> contains 1 groups.
+---------------------------------------------------------+
| Active Observation Terms in Group: 'policy' (shape: (48,)) |
+-----------+---------------------------------+-----------+
|   Index   | Name                            |   Shape   |
+-----------+---------------------------------+-----------+
|     0     | base_lin_vel                    |    (3,)   |
|     1     | base_ang_vel                    |    (3,)   |
|     2     | projected_gravity               |    (3,)   |
|     3     | velocity_commands               |    (3,)   |
|     4     | joint_pos                       |   (12,)   |
|     5     | joint_vel                       |   (12,)   |
|     6     | actions                         |   (12,)   |
+-----------+---------------------------------+-----------+

[INFO] Event Manager:  <EventManager> contains 3 active terms.
+--------------------------------------+
| Active Event Terms in Mode: 'startup' |
+----------+---------------------------+
|  Index   | Name                      |
+----------+---------------------------+
|    0     | physics_material          |
+----------+---------------------------+
+---------------------------------------+
|  Active Event Terms in Mode: 'reset'  |
+--------+------------------------------+
| Index  | Name                         |
+--------+------------------------------+
|   0    | base_external_force_torque   |
|   1    | reset_base                   |
|   2    | reset_robot_joints           |
+--------+------------------------------+
+----------------------------------------------+
|    Active Event Terms in Mode: 'interval'    |
+-------+------------+-------------------------+
| Index | Name       | Interval time range (s) |
+-------+------------+-------------------------+
|   0   | push_robot |       (10.0, 15.0)      |
+-------+------------+-------------------------+

[INFO] Termination Manager:  <TerminationManager> contains 2 active terms.
+---------------------------------+
|     Active Termination Terms    |
+-------+--------------+----------+
| Index | Name         | Time Out |
+-------+--------------+----------+
|   0   | time_out     |   True   |
|   1   | base_contact |  False   |
+-------+--------------+----------+

[INFO] Reward Manager:  <RewardManager> contains 11 active terms.
+-----------------------------------------+
|           Active Reward Terms           |
+-------+----------------------+----------+
| Index | Name                 |   Weight |
+-------+----------------------+----------+
|   0   | track_lin_vel_xy_exp |      1.0 |
|   1   | track_ang_vel_z_exp  |      0.5 |
|   2   | lin_vel_z_l2         |     -2.0 |
|   3   | ang_vel_xy_l2        |    -0.05 |
|   4   | dof_torques_l2       | -2.5e-05 |
|   5   | dof_acc_l2           | -2.5e-07 |
|   6   | action_rate_l2       |    -0.01 |
|   7   | feet_air_time        |      0.5 |
|   8   | undesired_contacts   |     -1.0 |
|   9   | flat_orientation_l2  |     -5.0 |
|   10  | dof_pos_limits       |      0.0 |
+-------+----------------------+----------+

[INFO] Curriculum Manager:  <CurriculumManager> contains 0 active terms.
+----------------------+
| Active Curriculum Terms |
+-----------+----------+
|   Index   | Name     |
+-----------+----------+
+-----------+----------+

[INFO]: Completed setting up the environment...
[STAGE] environment_create_done
[STAGE] policy_adapter_setup_start
[STAGE] policy_adapter_setup_done
[INFO] task=YoboGo-Velocity-Flat-v0
[INFO] weights_adaptation=/run/media/pma213x/0C6A8CC86A8CAFCE/Ubuntu2/CodeU/Dog1/mini-cheetah-isaaclab/external_models/rapid-locomotion-rl/runs/rapid-locomotion/example/train/201852.132488/checkpoints/adaptation_module_latest.jit
[INFO] weights_body=/run/media/pma213x/0C6A8CC86A8CAFCE/Ubuntu2/CodeU/Dog1/mini-cheetah-isaaclab/external_models/rapid-locomotion-rl/runs/rapid-locomotion/example/train/201852.132488/checkpoints/body_latest.jit
[INFO] yobogo_observation_dim=48 rapid_observation_dim=42
[INFO] history_dim=630 action_dim=12
[INFO] inference_period=10 control_period_s=0.002 inference_hz=50
[INFO] rapid_replay_actuator_kp=20 kd=0.5 effort=18/18/26
[INFO] yobogo_command=[0.25, 0.0, 0.0] rapid_command=[0.5, 0.0, 0.0]
[INFO] model_dummy_action_shape=(1, 12)
[INFO] model_dummy_latent_shape=(1, 18)
[STAGE] event_loop_start
[DIAG_INFER] step=1 policy_action_max=1.307428 applied_action_max=0.250000 obs_max=1.000000 history_nonzero_rows=0 position_clip=0 torque_clip=0 action=[-0.16651742160320282, 0.5255427360534668, -0.19746969640254974, -0.15301276743412018, 0.7297734022140503, 0.4808393716812134, 0.19620655477046967, -1.3074284791946411, 0.7917391061782837, 0.12211588770151138, -0.741653561592102, -0.8090593814849854]
[DIAG_TARGET] step=1 target_error=0.000000000 default=[0.0, -0.7853981852531433, 1.8654682636260986, 0.0, -0.7853981852531433, 1.8654682636260986, 0.0, -0.7853981852531433, 1.8654682636260986, 0.0, -0.7853981852531433, 1.8654682636260986] desired=[-0.12081468105316162, -0.737500011920929, 1.5706325769424438, 0.08087340742349625, -0.737500011920929, 1.6825000047683716, -0.07547418028116226, -0.862500011920929, 1.6825000047683716, 0.11526449024677277, -0.862500011920929, 1.5575000047683716] applied=[-0.12081468105316162, -0.737500011920929, 1.5706325769424438, 0.08087340742349625, -0.737500011920929, 1.6825000047683716, -0.07547418028116226, -0.862500011920929, 1.6825000047683716, 0.11526449024677277, -0.862500011920929, 1.5575000047683716] current=[0.0009904310572892427, -0.7850086092948914, 1.8668605089187622, 0.0027312475722283125, -0.785040557384491, 1.8661425113677979, 0.0012120924657210708, -0.7858978509902954, 1.8680930137634277, 0.002960202284157276, -0.7858280539512634, 1.8671841621398926]
[STAGE] first_step_done
[DIAG_INFER] step=11 policy_action_max=3.429305 applied_action_max=0.250000 obs_max=1.307428 history_nonzero_rows=1 position_clip=0 torque_clip=0 action=[0.12378253042697906, 0.7375558614730835, 0.1905515491962433, -1.8823519945144653, 0.5413820147514343, 0.8283864259719849, 1.2578387260437012, -3.429305076599121, 2.7679762840270996, 2.617124557495117, -3.222881555557251, -0.11779318749904633]
[DIAG_TARGET] step=11 target_error=0.000000000 default=[0.0, -0.7853981852531433, 1.8654682636260986, 0.0, -0.7853981852531433, 1.8654682636260986, 0.0, -0.7853981852531433, 1.8654682636260986, 0.0, -0.7853981852531433, 1.8654682636260986] desired=[-0.08452718704938889, -0.737500011920929, 1.6676379442214966, 0.06875000149011612, -0.737500011920929, 1.6825000047683716, -0.06875000149011612, -0.862500011920929, 1.6825000047683716, 0.13124999403953552, -0.862500011920929, 1.590551733970642] applied=[-0.08452718704938889, -0.737500011920929, 1.6676379442214966, 0.06875000149011612, -0.737500011920929, 1.6825000047683716, -0.06875000149011612, -0.862500011920929, 1.6825000047683716, 0.13124999403953552, -0.862500011920929, 1.590551733970642] current=[0.016095533967018127, -0.7859420776367188, 1.886142373085022, 0.02282497100532055, -0.7770348787307739, 1.855383038520813, 0.01522370707243681, -0.7946502566337585, 1.8998939990997314, 0.020174240693449974, -0.7838148474693298, 1.8704209327697754]
[DIAG_INFER] step=21 policy_action_max=3.765732 applied_action_max=0.250000 obs_max=3.429305 history_nonzero_rows=2 position_clip=0 torque_clip=0 action=[0.3662258982658386, 0.722650408744812, 0.17969897389411926, -2.5982789993286133, 0.7737399339675903, 1.3417822122573853, 1.9697973728179932, -3.7657315731048584, 3.178421974182129, 0.1891164481639862, -1.4304094314575195, -0.49343180656433105]
[DIAG_TARGET] step=21 target_error=0.000000000 default=[0.0, -0.7853981852531433, 1.8654682636260986, 0.0, -0.7853981852531433, 1.8654682636260986, 0.0, -0.7853981852531433, 1.8654682636260986, 0.0, -0.7853981852531433, 1.8654682636260986] desired=[-0.06875000149011612, -0.737500011920929, 1.6649247407913208, 0.06875000149011612, -0.737500011920929, 1.6825000047683716, -0.06875000149011612, -0.862500011920929, 1.6825000047683716, 0.1236395537853241, -0.862500011920929, 1.5575000047683716] applied=[-0.06875000149011612, -0.737500011920929, 1.6649247407913208, 0.06875000149011612, -0.737500011920929, 1.6825000047683716, -0.06875000149011612, -0.862500011920929, 1.6825000047683716, 0.1236395537853241, -0.862500011920929, 1.5575000047683716] current=[0.018551288172602654, -0.7863968014717102, 1.8994815349578857, 0.024279475212097168, -0.7607224583625793, 1.8306268453598022, 0.01951989158987999, -0.8012552857398987, 1.928179383277893, 0.0234522707760334, -0.7734148502349854, 1.8596665859222412]
[DIAG_INFER] step=31 policy_action_max=2.955175 applied_action_max=0.250000 obs_max=3.765732 history_nonzero_rows=3 position_clip=0 torque_clip=0 action=[0.050618838518857956, 1.3038643598556519, -0.15472561120986938, -2.535202741622925, 0.8010656833648682, 1.5848236083984375, 1.5348327159881592, -2.9551751613616943, 2.3286962509155273, 0.6591999530792236, -0.7533278465270996, -1.8070067167282104]
[DIAG_TARGET] step=31 target_error=0.000000000 default=[0.0, -0.7853981852531433, 1.8654682636260986, 0.0, -0.7853981852531433, 1.8654682636260986, 0.0, -0.7853981852531433, 1.8654682636260986, 0.0, -0.7853981852531433, 1.8654682636260986] desired=[-0.09367264807224274, -0.737500011920929, 1.5813186168670654, 0.06875000149011612, -0.737500011920929, 1.6825000047683716, -0.06875000149011612, -0.862500011920929, 1.6825000047683716, 0.13124999403953552, -0.862500011920929, 1.5575000047683716] applied=[-0.09367264807224274, -0.737500011920929, 1.5813186168670654, 0.06875000149011612, -0.737500011920929, 1.6825000047683716, -0.06875000149011612, -0.862500011920929, 1.6825000047683716, 0.13124999403953552, -0.862500011920929, 1.5575000047683716] current=[0.020254792645573616, -0.7826909422874451, 1.904867172241211, 0.024440154433250427, -0.7402670979499817, 1.8001463413238525, 0.025623271241784096, -0.8037039637565613, 1.9491031169891357, 0.027748817577958107, -0.7582992911338806, 1.8421021699905396]
[DIAG_INFER] step=41 policy_action_max=2.337411 applied_action_max=0.250000 obs_max=2.955175 history_nonzero_rows=4 position_clip=0 torque_clip=0 action=[0.0577838234603405, 0.9364415407180786, -0.7369779348373413, -1.5913031101226807, 0.9018176794052124, 1.479718804359436, 1.026831865310669, -1.1354095935821533, 1.2034332752227783, 0.4041580855846405, 0.0312587171792984, -2.337411403656006]
[DIAG_TARGET] step=41 target_error=0.000000000 default=[0.0, -0.7853981852531433, 1.8654682636260986, 0.0, -0.7853981852531433, 1.8654682636260986, 0.0, -0.7853981852531433, 1.8654682636260986, 0.0, -0.7853981852531433, 1.8654682636260986] desired=[-0.09277702122926712, -0.737500011920929, 1.5575000047683716, 0.06875000149011612, -0.737500011920929, 1.6825000047683716, -0.06875000149011612, -0.862500011920929, 1.6825000047683716, 0.13124999403953552, -0.7921853065490723, 1.5575000047683716] applied=[-0.09277702122926712, -0.737500011920929, 1.5575000047683716, 0.06875000149011612, -0.737500011920929, 1.6825000047683716, -0.06875000149011612, -0.862500011920929, 1.6825000047683716, 0.13124999403953552, -0.7921853065490723, 1.5575000047683716] current=[0.02275267243385315, -0.7757206559181213, 1.9010225534439087, 0.025533877313137054, -0.7177989482879639, 1.7646219730377197, 0.03507174924015999, -0.8036297559738159, 1.9631456136703491, 0.03564351052045822, -0.7412322759628296, 1.8199419975280762]
[DIAG_INFER] step=51 policy_action_max=2.497189 applied_action_max=0.250000 obs_max=2.337411 history_nonzero_rows=5 position_clip=0 torque_clip=0 action=[-0.07904396951198578, 0.8300657272338867, -0.8111783266067505, -0.9490407705307007, 1.133370041847229, 0.75152188539505, 0.7245844006538391, -0.3426736295223236, 0.6472803354263306, -0.6095477342605591, 0.6253712177276611, -2.4971888065338135]
[DIAG_TARGET] step=51 target_error=0.000000000 default=[0.0, -0.7853981852531433, 1.8654682636260986, 0.0, -0.7853981852531433, 1.8654682636260986, 0.0, -0.7853981852531433, 1.8654682636260986, 0.0, -0.7853981852531433, 1.8654682636260986] desired=[-0.10988049954175949, -0.737500011920929, 1.5575000047683716, 0.06875000149011612, -0.737500011920929, 1.6825000047683716, -0.06875000149011612, -0.862500011920929, 1.6825000047683716, 0.06875000149011612, -0.737500011920929, 1.5575000047683716] applied=[-0.10988049954175949, -0.737500011920929, 1.5575000047683716, 0.06875000149011612, -0.737500011920929, 1.6825000047683716, -0.06875000149011612, -0.862500011920929, 1.6825000047683716, 0.06875000149011612, -0.737500011920929, 1.5575000047683716] current=[0.022731512784957886, -0.7663314938545227, 1.8894176483154297, 0.030001405626535416, -0.7074227333068848, 1.7257466316223145, 0.04563485085964203, -0.8018736243247986, 1.9717305898666382, 0.04337174817919731, -0.7213740348815918, 1.7945075035095215]
[DIAG_INFER] step=61 policy_action_max=3.943413 applied_action_max=0.250000 obs_max=2.497189 history_nonzero_rows=6 position_clip=0 torque_clip=1 action=[0.7242355942726135, 1.2403992414474487, 0.40134987235069275, -1.0472663640975952, 0.07887457311153412, -0.17766469717025757, -0.9376437067985535, -1.808711051940918, -0.23391509056091309, -3.9434127807617188, 1.2316490411758423, -2.83807373046875]
[DIAG_TARGET] step=61 target_error=0.000000000 default=[0.0, -0.7853981852531433, 1.8654682636260986, 0.0, -0.7853981852531433, 1.8654682636260986, 0.0, -0.7853981852531433, 1.8654682636260986, 0.0, -0.7853981852531433, 1.8654682636260986] desired=[-0.06875000149011612, -0.737500011920929, 1.6825000047683716, 0.06875000149011612, -0.7802813649177551, 1.575583815574646, -0.13124999403953552, -0.862500011920929, 1.561521291732788, -0.011523783206939697, -0.737500011920929, 1.5575000047683716] applied=[-0.06875000149011612, -0.737500011920929, 1.6825000047683716, 0.06875000149011612, -0.7802813649177551, 1.575583815574646, -0.13124999403953552, -0.862500011920929, 1.561521291732788, -0.011523783206939697, -0.737500011920929, 1.5575000047683716] current=[0.008995595388114452, -0.7556653022766113, 1.8757117986679077, 0.02845158241689205, -0.7155736088752747, 1.696050763130188, 0.04633677378296852, -0.7986065149307251, 1.978402018547058, 0.04057155176997185, -0.6966675519943237, 1.7631675004959106]
[DIAG_INFER] step=71 policy_action_max=3.947648 applied_action_max=0.250000 obs_max=3.943413 history_nonzero_rows=7 position_clip=0 torque_clip=1 action=[1.4029144048690796, 1.5715121030807495, 1.38914155960083, -1.2809768915176392, 0.17466336488723755, 0.2022736370563507, -2.538378953933716, -2.949697256088257, -0.3366057872772217, -3.947648048400879, 0.23857548832893372, -1.1253254413604736]
[DIAG_TARGET] step=71 target_error=0.000000000 default=[0.0, -0.7853981852531433, 1.8654682636260986, 0.0, -0.7853981852531433, 1.8654682636260986, 0.0, -0.7853981852531433, 1.8654682636260986, 0.0, -0.7853981852531433, 1.8654682636260986] desired=[-0.06875000149011612, -0.737500011920929, 1.6825000047683716, 0.06875000149011612, -0.7563341856002808, 1.6705684661865234, -0.13124999403953552, -0.862500011920929, 1.5575000047683716, -0.5367311835289001, -0.7403561472892761, 1.5575000047683716] applied=[-0.06875000149011612, -0.737500011920929, 1.6825000047683716, 0.06875000149011612, -0.7563341856002808, 1.6705684661865234, -0.13124999403953552, -0.862500011920929, 1.5575000047683716, -0.5367311835289001, -0.7403561472892761, 1.5575000047683716] current=[-0.019283577799797058, -0.7434017658233643, 1.8665473461151123, 0.027916565537452698, -0.7365335822105408, 1.6340664625167847, 0.02966766245663166, -0.7907818555831909, 1.983197569847107, 0.01839611679315567, -0.6685959696769714, 1.7276782989501953]
[DIAG_INFER] step=81 policy_action_max=7.722508 applied_action_max=0.250000 obs_max=3.947648 history_nonzero_rows=8 position_clip=0 torque_clip=2 action=[0.555120050907135, 1.4677940607070923, 2.673318862915039, -5.761878967285156, 1.5625996589660645, -0.15435290336608887, -4.540801048278809, -7.214555263519287, 0.859259843826294, -7.722507953643799, -0.9054743051528931, -1.6827343702316284]
[DIAG_TARGET] step=81 target_error=0.000000000 default=[0.0, -0.7853981852531433, 1.8654682636260986, 0.0, -0.7853981852531433, 1.8654682636260986, 0.0, -0.7853981852531433, 1.8654682636260986, 0.0, -0.7853981852531433, 1.8654682636260986] desired=[-0.06875000149011612, -0.737500011920929, 1.6825000047683716, 0.06875000149011612, -0.737500011920929, 1.5814118385314941, -0.13124999403953552, -0.862500011920929, 1.6825000047683716, -1.5, -0.8227084279060364, 1.5575000047683716] applied=[-0.06875000149011612, -0.737500011920929, 1.6825000047683716, 0.06875000149011612, -0.737500011920929, 1.5814118385314941, -0.13124999403953552, -0.862500011920929, 1.6825000047683716, -1.5, -0.8227084279060364, 1.5575000047683716] current=[-0.08814746141433716, -0.7288259863853455, 1.8738887310028076, 0.009695055894553661, -0.7505231499671936, 1.645560383796692, -0.04025761038064957, -0.7735377550125122, 1.987361192703247, -0.1409967541694641, -0.6624608039855957, 1.7359052896499634]
[DIAG_INFER] step=91 policy_action_max=10.267744 applied_action_max=0.250000 obs_max=7.722508 history_nonzero_rows=9 position_clip=0 torque_clip=4 action=[-0.5775417685508728, 1.5996158123016357, 2.5019094944000244, -8.60009765625, 3.4846408367156982, -0.7955139875411987, -3.1112935543060303, -10.267744064331055, 2.4683749675750732, -10.210747718811035, -3.1460156440734863, -1.8960336446762085]
[DIAG_TARGET] step=91 target_error=0.000000000 default=[0.0, -0.7853981852531433, 1.8654682636260986, 0.0, -0.7853981852531433, 1.8654682636260986, 0.0, -0.7853981852531433, 1.8654682636260986, 0.0, -0.7853981852531433, 1.8654682636260986] desired=[-0.13124999403953552, -0.737500011920929, 1.6825000047683716, 0.06875000149011612, -0.737500011920929, 1.5575000047683716, -0.3576255440711975, -0.862500011920929, 1.6825000047683716, -1.5, -0.25030386447906494, 1.7699445486068726] applied=[-0.13124999403953552, -0.737500011920929, 1.6825000047683716, 0.06875000149011612, -0.737500011920929, 1.5575000047683716, -0.3576255440711975, -0.862500011920929, 1.6825000047683716, -1.5, -0.25030386447906494, 1.7699445486068726] current=[-0.1978445053100586, -0.7065716981887817, 1.9006956815719604, -0.00017082759586628526, -0.737577497959137, 1.6035044193267822, -0.1814170628786087, -0.7392653822898865, 1.9835211038589478, -0.6341350078582764, -0.6829277276992798, 1.7743114233016968]
[DIAG_INFER] step=101 policy_action_max=8.936666 applied_action_max=0.250000 obs_max=10.267744 history_nonzero_rows=10 position_clip=0 torque_clip=2 action=[3.7778077125549316, 3.540405750274658, 1.6256245374679565, -8.936665534973145, 4.105456352233887, -2.5988147258758545, -0.1993374228477478, -6.0939717292785645, -0.49603909254074097, -3.4266068935394287, -3.525883197784424, 3.110553026199341]
[DIAG_TARGET] step=101 target_error=0.000000000 default=[0.0, -0.7853981852531433, 1.8654682636260986, 0.0, -0.7853981852531433, 1.8654682636260986, 0.0, -0.7853981852531433, 1.8654682636260986, 0.0, -0.7853981852531433, 1.8654682636260986] desired=[-0.06875000149011612, -0.737500011920929, 1.6825000047683716, 0.06875000149011612, -0.737500011920929, 1.5575000047683716, -0.7207991480827332, -0.862500011920929, 1.5575000047683716, 0.06875000149011612, -0.13252365589141846, 1.6825000047683716] applied=[-0.06875000149011612, -0.737500011920929, 1.6825000047683716, 0.06875000149011612, -0.737500011920929, 1.5575000047683716, -0.7207991480827332, -0.862500011920929, 1.5575000047683716, 0.06875000149011612, -0.13252365589141846, 1.6825000047683716] current=[-0.23359276354312897, -0.6743075251579285, 1.9174555540084839, 0.07491105049848557, -0.7389519214630127, 1.5773364305496216, -0.264774888753891, -0.69263756275177, 1.9627983570098877, -1.1290127038955688, -0.4935505986213684, 1.73288094997406]
[DIAG_INFER] step=111 policy_action_max=15.938004 applied_action_max=0.250000 obs_max=8.936666 history_nonzero_rows=11 position_clip=0 torque_clip=1 action=[10.33414363861084, 7.348178863525391, 11.35393238067627, 6.8907470703125, 2.756289482116699, -11.159737586975098, -3.907747507095337, 2.702721357345581, -7.545443534851074, -4.4548749923706055, -11.171523094177246, 15.938003540039062]
[DIAG_TARGET] step=111 target_error=0.000000000 default=[0.0, -0.7853981852531433, 1.8654682636260986, 0.0, -0.7853981852531433, 1.8654682636260986, 0.0, -0.7853981852531433, 1.8654682636260986, 0.0, -0.7853981852531433, 1.8654682636260986] desired=[-0.06875000149011612, -0.737500011920929, 1.6825000047683716, 0.13124999403953552, -0.737500011920929, 1.5575000047683716, -0.13124999403953552, -0.737500011920929, 1.5575000047683716, 1.5, -0.862500011920929, 1.6825000047683716] applied=[-0.06875000149011612, -0.737500011920929, 1.6825000047683716, 0.13124999403953552, -0.737500011920929, 1.5575000047683716, -0.13124999403953552, -0.737500011920929, 1.5575000047683716, 1.5, -0.862500011920929, 1.6825000047683716] current=[-0.15551044046878815, -0.6532780528068542, 1.9028701782226562, 0.15674947202205658, -0.7484993934631348, 1.5700435638427734, -0.2942144572734833, -0.6818728446960449, 1.9395405054092407, -0.9155272841453552, -0.2550438642501831, 1.6757482290267944]
[DIAG_INFER] step=121 policy_action_max=10.984778 applied_action_max=0.250000 obs_max=15.938004 history_nonzero_rows=12 position_clip=0 torque_clip=3 action=[4.136083602905273, 3.2709782123565674, 4.353438377380371, 4.48294734954834, -1.0271869897842407, -6.271907329559326, -3.5461525917053223, 3.6795055866241455, -5.499738693237305, 2.7741827964782715, -10.98477840423584, 10.8978910446167]
[DIAG_TARGET] step=121 target_error=0.000000000 default=[0.0, -0.7853981852531433, 1.8654682636260986, 0.0, -0.7853981852531433, 1.8654682636260986, 0.0, -0.7853981852531433, 1.8654682636260986, 0.0, -0.7853981852531433, 1.8654682636260986] desired=[-0.06875000149011612, -0.737500011920929, 1.6825000047683716, 0.13124999403953552, -0.862500011920929, 1.5575000047683716, -0.06296946853399277, -0.737500011920929, 1.5575000047683716, 1.5, -0.862500011920929, 1.2093586921691895] applied=[-0.06875000149011612, -0.737500011920929, 1.6825000047683716, 0.13124999403953552, -0.862500011920929, 1.5575000047683716, -0.06296946853399277, -0.737500011920929, 1.5575000047683716, 1.5, -0.862500011920929, 1.2093586921691895] current=[-0.011445356532931328, -0.6514785885810852, 1.8589584827423096, 0.19698449969291687, -0.7595597505569458, 1.5629881620407104, -0.14206168055534363, -0.6903321743011475, 1.9433262348175049, -0.10582437366247177, -0.42141738533973694, 1.6358363628387451]
[DIAG_INFER] step=131 policy_action_max=3.610160 applied_action_max=0.250000 obs_max=10.984778 history_nonzero_rows=13 position_clip=0 torque_clip=1 action=[2.0640909671783447, 0.8110761642456055, 1.540056824684143, 1.282595157623291, 2.575652599334717, -0.9785569310188293, -2.837134599685669, 1.85059654712677, -1.0277113914489746, -0.04024975746870041, -3.6101603507995605, 2.1823182106018066]
[DIAG_TARGET] step=131 target_error=0.000000000 default=[0.0, -0.7853981852531433, 1.8654682636260986, 0.0, -0.7853981852531433, 1.8654682636260986, 0.0, -0.7853981852531433, 1.8654682636260986, 0.0, -0.7853981852531433, 1.8654682636260986] desired=[-0.06875000149011612, -0.737500011920929, 1.6825000047683716, 0.13124999403953552, -0.737500011920929, 1.5575000047683716, 0.7061152458190918, -0.737500011920929, 1.5575000047683716, 0.094968780875206, -0.862500011920929, 1.6825000047683716] applied=[-0.06875000149011612, -0.737500011920929, 1.6825000047683716, 0.13124999403953552, -0.737500011920929, 1.5575000047683716, 0.7061152458190918, -0.737500011920929, 1.5575000047683716, 0.094968780875206, -0.862500011920929, 1.6825000047683716] current=[0.041428014636039734, -0.6577436327934265, 1.8278058767318726, 0.14664967358112335, -0.8027426600456238, 1.5609394311904907, -0.027331728488206863, -0.6965370774269104, 1.9617003202438354, 0.699793815612793, -0.6621354222297668, 1.3513540029525757]
[DIAG_INFER] step=141 policy_action_max=4.241741 applied_action_max=0.250000 obs_max=3.610160 history_nonzero_rows=14 position_clip=0 torque_clip=1 action=[2.483440637588501, -0.13154742121696472, 1.4050109386444092, 1.036275029182434, 1.3858383893966675, 0.4415193200111389, -0.021416127681732178, -1.9796881675720215, 0.41950881481170654, -4.241741180419922, -1.8877660036087036, -1.694027304649353]
[DIAG_TARGET] step=141 target_error=0.000000000 default=[0.0, -0.7853981852531433, 1.8654682636260986, 0.0, -0.7853981852531433, 1.8654682636260986, 0.0, -0.7853981852531433, 1.8654682636260986, 0.0, -0.7853981852531433, 1.8654682636260986] desired=[-0.06875000149011612, -0.8328868746757507, 1.6825000047683716, 0.13124999403953552, -0.737500011920929, 1.6825000047683716, -0.10267701745033264, -0.862500011920929, 1.6825000047683716, -1.5, -0.862500011920929, 1.5575000047683716] applied=[-0.06875000149011612, -0.8328868746757507, 1.6825000047683716, 0.13124999403953552, -0.737500011920929, 1.6825000047683716, -0.10267701745033264, -0.862500011920929, 1.6825000047683716, -1.5, -0.862500011920929, 1.5575000047683716] current=[-0.02104766294360161, -0.6587517857551575, 1.8289395570755005, 0.15456342697143555, -0.8039790987968445, 1.5898547172546387, 0.10403507202863693, -0.6591438055038452, 1.9854521751403809, 0.7969480156898499, -0.8578873872756958, 1.5263545513153076]
[DIAG_INFER] step=151 policy_action_max=13.122094 applied_action_max=0.250000 obs_max=4.241741 history_nonzero_rows=15 position_clip=0 torque_clip=2 action=[-2.778628349304199, 2.6895575523376465, 2.9315457344055176, -10.097347259521484, 2.142765522003174, 0.24712777137756348, 1.0637843608856201, -13.12209415435791, 7.902565002441406, -8.137810707092285, -1.530486822128296, -6.2388787269592285]
[DIAG_TARGET] step=151 target_error=0.000000000 default=[0.0, -0.7853981852531433, 1.8654682636260986, 0.0, -0.7853981852531433, 1.8654682636260986, 0.0, -0.7853981852531433, 1.8654682636260986, 0.0, -0.7853981852531433, 1.8654682636260986] desired=[-0.13124999403953552, -0.737500011920929, 1.6825000047683716, 0.06875000149011612, -0.737500011920929, 1.6817820072174072, -0.06875000149011612, -0.862500011920929, 1.6825000047683716, -1.5, -0.862500011920929, 2.700000047683716] applied=[-0.13124999403953552, -0.737500011920929, 1.6825000047683716, 0.06875000149011612, -0.737500011920929, 1.6817820072174072, -0.06875000149011612, -0.862500011920929, 1.6825000047683716, -1.5, -0.862500011920929, 2.700000047683716] current=[-0.12523579597473145, -0.655805766582489, 1.8850241899490356, 0.07919933646917343, -0.7649170160293579, 1.6360573768615723, -0.011819344945251942, -0.6306285858154297, 2.0048234462738037, 0.12614260613918304, -0.9053881168365479, 1.61510169506073]
[DIAG_INFER] step=161 policy_action_max=13.864607 applied_action_max=0.250000 obs_max=13.122094 history_nonzero_rows=15 position_clip=0 torque_clip=3 action=[1.492724061012268, 6.457721710205078, 2.0836873054504395, -13.334028244018555, 3.5503990650177, -1.5391825437545776, 1.629868745803833, -13.864606857299805, 5.038837432861328, -2.257892370223999, -3.398858070373535, -3.9175376892089844]
[DIAG_TARGET] step=161 target_error=0.000000000 default=[0.0, -0.7853981852531433, 1.8654682636260986, 0.0, -0.7853981852531433, 1.8654682636260986, 0.0, -0.7853981852531433, 1.8654682636260986, 0.0, -0.7853981852531433, 1.8654682636260986] desired=[-0.06875000149011612, -0.737500011920929, 1.6825000047683716, 0.06875000149011612, -0.737500011920929, 1.5575000047683716, -0.664973258972168, -0.862500011920929, 1.6825000047683716, 0.06875000149011612, 0.03620195388793945, 2.574425220489502] applied=[-0.06875000149011612, -0.737500011920929, 1.6825000047683716, 0.06875000149011612, -0.737500011920929, 1.5575000047683716, -0.664973258972168, -0.862500011920929, 1.6825000047683716, 0.06875000149011612, 0.03620195388793945, 2.574425220489502] current=[-0.20548993349075317, -0.628542959690094, 1.9397947788238525, 0.07090993970632553, -0.7374878525733948, 1.6582616567611694, -0.13946086168289185, -0.6030334234237671, 2.0177009105682373, -0.6410730481147766, -0.8800752758979797, 2.125211715698242]
[DIAG_INFER] step=171 policy_action_max=16.736244 applied_action_max=0.250000 obs_max=13.864607 history_nonzero_rows=15 position_clip=0 torque_clip=2 action=[16.736244201660156, 7.761936187744141, 12.106345176696777, -3.783609628677368, 4.968878269195557, -6.691479682922363, -5.464899063110352, -4.389283180236816, -6.145411491394043, 0.48804327845573425, -7.681429386138916, 8.481016159057617]
[DIAG_TARGET] step=171 target_error=0.000000000 default=[0.0, -0.7853981852531433, 1.8654682636260986, 0.0, -0.7853981852531433, 1.8654682636260986, 0.0, -0.7853981852531433, 1.8654682636260986, 0.0, -0.7853981852531433, 1.8654682636260986] desired=[-0.06875000149011612, -0.737500011920929, 1.6825000047683716, 0.06875000149011612, -0.737500011920929, 1.5575000047683716, -0.13124999403953552, -0.6828989386558533, 1.5575000047683716, 1.5, -0.862500011920929, 1.6825000047683716] applied=[-0.06875000149011612, -0.737500011920929, 1.6825000047683716, 0.06875000149011612, -0.737500011920929, 1.5575000047683716, -0.13124999403953552, -0.6828989386558533, 1.5575000047683716, 1.5, -0.862500011920929, 1.6825000047683716] current=[-0.1332627236843109, -0.6090713143348694, 1.9564101696014404, 0.15548306703567505, -0.7391296029090881, 1.6078733205795288, -0.2332688271999359, -0.6112853288650513, 2.0209152698516846, -0.5526081919670105, -0.3869187831878662, 2.3095223903656006]
[DIAG_INFER] step=181 policy_action_max=14.640679 applied_action_max=0.250000 obs_max=16.736244 history_nonzero_rows=15 position_clip=0 torque_clip=2 action=[10.654317855834961, 4.400112152099609, 7.620201587677002, 7.664102077484131, -0.7741447687149048, -8.16776180267334, -2.4617183208465576, 4.217285633087158, -6.682173728942871, 1.2696218490600586, -14.640679359436035, 13.338174819946289]
[DIAG_TARGET] step=181 target_error=0.000000000 default=[0.0, -0.7853981852531433, 1.8654682636260986, 0.0, -0.7853981852531433, 1.8654682636260986, 0.0, -0.7853981852531433, 1.8654682636260986, 0.0, -0.7853981852531433, 1.8654682636260986] desired=[-0.06875000149011612, -0.737500011920929, 1.6825000047683716, 0.13124999403953552, -0.862500011920929, 1.5575000047683716, 0.2859273850917816, -0.737500011920929, 1.5575000047683716, 1.5, -0.862500011920929, 1.6825000047683716] applied=[-0.06875000149011612, -0.737500011920929, 1.6825000047683716, 0.13124999403953552, -0.862500011920929, 1.5575000047683716, 0.2859273850917816, -0.737500011920929, 1.5575000047683716, 1.5, -0.862500011920929, 1.6825000047683716] current=[0.02568437159061432, -0.6110718846321106, 1.930885910987854, 0.1789836585521698, -0.7591418027877808, 1.5787451267242432, -0.1174239069223404, -0.6105806231498718, 2.0347225666046143, 0.24312473833560944, -0.41483694314956665, 1.9304113388061523]
[DIAG_INFER] step=191 policy_action_max=3.765575 applied_action_max=0.250000 obs_max=14.640679 history_nonzero_rows=15 position_clip=0 torque_clip=1 action=[2.3230204582214355, 0.23491278290748596, 2.1305205821990967, 2.4877705574035645, 2.6451475620269775, 0.5495417714118958, -2.642367124557495, 0.5558602809906006, -1.6618132591247559, -2.8507816791534424, -3.7655751705169678, 2.2398557662963867]
[DIAG_TARGET] step=191 target_error=0.000000000 default=[0.0, -0.7853981852531433, 1.8654682636260986, 0.0, -0.7853981852531433, 1.8654682636260986, 0.0, -0.7853981852531433, 1.8654682636260986, 0.0, -0.7853981852531433, 1.8654682636260986] desired=[-0.06875000149011612, -0.7412717938423157, 1.6825000047683716, 0.13124999403953552, -0.737500011920929, 1.6825000047683716, 0.7866221070289612, -0.737500011920929, 1.5575000047683716, 0.06875000149011612, -0.862500011920929, 1.6825000047683716] applied=[-0.06875000149011612, -0.7412717938423157, 1.6825000047683716, 0.13124999403953552, -0.737500011920929, 1.6825000047683716, 0.7866221070289612, -0.737500011920929, 1.5575000047683716, 0.06875000149011612, -0.862500011920929, 1.6825000047683716] current=[0.0786077156662941, -0.6156889796257019, 1.903887391090393, 0.2905876934528351, -0.8154420256614685, 1.6414738893508911, -0.02293071523308754, -0.6120280623435974, 2.0608460903167725, 0.9747992157936096, -0.6609362363815308, 1.744269609451294]
[DIAG_INFER] step=201 policy_action_max=5.234881 applied_action_max=0.250000 obs_max=3.765575 history_nonzero_rows=15 position_clip=0 torque_clip=1 action=[2.1682016849517822, -0.8511313199996948, 1.3584027290344238, 5.2348809242248535, 1.4413127899169922, -1.6804646253585815, 1.5029263496398926, 1.6559138298034668, -2.3415277004241943, -4.886025428771973, -0.3164757788181305, 0.8680070638656616]
[DIAG_TARGET] step=201 target_error=0.000000000 default=[0.0, -0.7853981852531433, 1.8654682636260986, 0.0, -0.7853981852531433, 1.8654682636260986, 0.0, -0.7853981852531433, 1.8654682636260986, 0.0, -0.7853981852531433, 1.8654682636260986] desired=[-0.06875000149011612, -0.862500011920929, 1.6825000047683716, 0.13124999403953552, -0.737500011920929, 1.5575000047683716, -0.06875000149011612, -0.737500011920929, 1.5575000047683716, -0.17047721147537231, -0.862500011920929, 1.6825000047683716] applied=[-0.06875000149011612, -0.862500011920929, 1.6825000047683716, 0.13124999403953552, -0.737500011920929, 1.5575000047683716, -0.06875000149011612, -0.737500011920929, 1.5575000047683716, -0.17047721147537231, -0.862500011920929, 1.6825000047683716] current=[0.020471271127462387, -0.6148084402084351, 1.8988721370697021, 0.24062421917915344, -0.7985192537307739, 1.6756483316421509, 0.10758820176124573, -0.5709100365638733, 2.0996553897857666, 0.8430481553077698, -0.8303694725036621, 1.7091994285583496]
[DIAG_INFER] step=211 policy_action_max=3.931636 applied_action_max=0.250000 obs_max=5.234881 history_nonzero_rows=15 position_clip=0 torque_clip=0 action=[2.5680572986602783, 0.28809699416160583, 0.43494269251823425, 3.931635618209839, -0.03557102382183075, -0.5294942855834961, 2.2256600856781006, -0.5100538730621338, -2.6720104217529297, -3.4988558292388916, -1.6990598440170288, 0.8008686304092407]
[DIAG_TARGET] step=211 target_error=0.000000000 default=[0.0, -0.7853981852531433, 1.8654682636260986, 0.0, -0.7853981852531433, 1.8654682636260986, 0.0, -0.7853981852531433, 1.8654682636260986, 0.0, -0.7853981852531433, 1.8654682636260986] desired=[-0.06875000149011612, -0.737500011920929, 1.6825000047683716, 0.13124999403953552, -0.8088927865028381, 1.5575000047683716, -0.06875000149011612, -0.862500011920929, 1.5575000047683716, 0.06875000149011612, -0.862500011920929, 1.6825000047683716] applied=[-0.06875000149011612, -0.737500011920929, 1.6825000047683716, 0.13124999403953552, -0.8088927865028381, 1.5575000047683716, -0.06875000149011612, -0.862500011920929, 1.5575000047683716, 0.06875000149011612, -0.862500011920929, 1.6825000047683716] current=[-0.013840870931744576, -0.6140145659446716, 1.901682734489441, 0.2030581682920456, -0.7774345278739929, 1.6516588926315308, 0.06791017949581146, -0.5454232096672058, 2.0883498191833496, 0.3861567974090576, -0.8719614148139954, 1.7229890823364258]
[DIAG_INFER] step=221 policy_action_max=7.521853 applied_action_max=0.250000 obs_max=3.931636 history_nonzero_rows=15 position_clip=0 torque_clip=1 action=[4.641592979431152, 0.10197141766548157, 1.9756550788879395, 4.36952018737793, 0.7008876204490662, 0.3906570076942444, -2.704622983932495, -0.5522059202194214, -3.289274215698242, -7.521853446960449, -2.153341770172119, 0.7432667016983032]
[DIAG_TARGET] step=221 target_error=0.000000000 default=[0.0, -0.7853981852531433, 1.8654682636260986, 0.0, -0.7853981852531433, 1.8654682636260986, 0.0, -0.7853981852531433, 1.8654682636260986, 0.0, -0.7853981852531433, 1.8654682636260986] desired=[-0.06875000149011612, -0.7745071649551392, 1.6825000047683716, 0.13124999403953552, -0.737500011920929, 1.6825000047683716, -0.13124999403953552, -0.862500011920929, 1.5575000047683716, -1.3458068370819092, -0.862500011920929, 1.6825000047683716] applied=[-0.06875000149011612, -0.7745071649551392, 1.6825000047683716, 0.13124999403953552, -0.737500011920929, 1.6825000047683716, -0.13124999403953552, -0.862500011920929, 1.5575000047683716, -1.3458068370819092, -0.862500011920929, 1.6825000047683716] current=[-0.04959535971283913, -0.5991777777671814, 1.8869901895523071, 0.16369986534118652, -0.7664775252342224, 1.6305900812149048, 0.01286153681576252, -0.5289351344108582, 2.061194896697998, 0.30835264921188354, -0.8760515451431274, 1.74155855178833]
[DIAG_INFER] step=231 policy_action_max=11.775140 applied_action_max=0.250000 obs_max=7.521853 history_nonzero_rows=15 position_clip=0 torque_clip=2 action=[4.610984802246094, 0.7912307977676392, 4.223681449890137, -6.234180927276611, 1.6211596727371216, 0.0013087913393974304, -8.835774421691895, -7.185831546783447, 0.307598352432251, -11.775139808654785, -4.034231662750244, -2.4960341453552246]
[DIAG_TARGET] step=231 target_error=0.000000000 default=[0.0, -0.7853981852531433, 1.8654682636260986, 0.0, -0.7853981852531433, 1.8654682636260986, 0.0, -0.7853981852531433, 1.8654682636260986, 0.0, -0.7853981852531433, 1.8654682636260986] desired=[-0.06875000149011612, -0.737500011920929, 1.6825000047683716, 0.06875000149011612, -0.737500011920929, 1.6203272342681885, -0.13124999403953552, -0.862500011920929, 1.6825000047683716, -1.5, -0.862500011920929, 2.3677659034729004] applied=[-0.06875000149011612, -0.737500011920929, 1.6825000047683716, 0.06875000149011612, -0.737500011920929, 1.6203272342681885, -0.13124999403953552, -0.862500011920929, 1.6825000047683716, -1.5, -0.862500011920929, 2.3677659034729004] current=[-0.18502089381217957, -0.5881189107894897, 1.9066532850265503, 0.05064625293016434, -0.7419217824935913, 1.6493020057678223, -0.16586990654468536, -0.5055010914802551, 2.0434069633483887, -0.0656706765294075, -0.8992294669151306, 1.881184697151184]
[DIAG_INFER] step=241 policy_action_max=12.550969 applied_action_max=0.250000 obs_max=11.775140 history_nonzero_rows=15 position_clip=0 torque_clip=2 action=[4.406715393066406, 0.8625295162200928, 6.283839702606201, 1.438904881477356, 1.395421028137207, -5.357400894165039, -3.2435295581817627, 0.03710222989320755, -2.4392170906066895, -3.280445098876953, -5.576882839202881, 12.550969123840332]
[DIAG_TARGET] step=241 target_error=0.000000000 default=[0.0, -0.7853981852531433, 1.8654682636260986, 0.0, -0.7853981852531433, 1.8654682636260986, 0.0, -0.7853981852531433, 1.8654682636260986, 0.0, -0.7853981852531433, 1.8654682636260986] desired=[-0.06875000149011612, -0.737500011920929, 1.6825000047683716, 0.13124999403953552, -0.737500011920929, 1.5575000047683716, -0.6924421191215515, -0.7907244563102722, 1.5575000047683716, 1.230659008026123, -0.862500011920929, 1.6825000047683716] applied=[-0.06875000149011612, -0.737500011920929, 1.6825000047683716, 0.13124999403953552, -0.737500011920929, 1.5575000047683716, -0.6924421191215515, -0.7907244563102722, 1.5575000047683716, 1.230659008026123, -0.862500011920929, 1.6825000047683716] current=[-0.21650829911231995, -0.572733461856842, 1.9334052801132202, 0.07506342977285385, -0.7306209206581116, 1.631864309310913, -0.26341211795806885, -0.5122771263122559, 2.0280449390411377, -0.790251612663269, -0.8652967810630798, 2.10969877243042]
[DIAG_INFER] step=251 policy_action_max=13.522301 applied_action_max=0.250000 obs_max=12.550969 history_nonzero_rows=15 position_clip=0 torque_clip=2 action=[5.6664018630981445, 4.897049903869629, 5.706108093261719, 6.943548202514648, -1.0075033903121948, -8.102951049804688, -3.8275814056396484, 3.3532533645629883, -7.396941661834717, 1.1400319337844849, -11.970213890075684, 13.522300720214844]
[DIAG_TARGET] step=251 target_error=0.000000000 default=[0.0, -0.7853981852531433, 1.8654682636260986, 0.0, -0.7853981852531433, 1.8654682636260986, 0.0, -0.7853981852531433, 1.8654682636260986, 0.0, -0.7853981852531433, 1.8654682636260986] desired=[-0.06875000149011612, -0.737500011920929, 1.6825000047683716, 0.13124999403953552, -0.862500011920929, 1.5575000047683716, -0.13124999403953552, -0.737500011920929, 1.5575000047683716, 1.5, -0.862500011920929, 0.8124549388885498] applied=[-0.06875000149011612, -0.737500011920929, 1.6825000047683716, 0.13124999403953552, -0.862500011920929, 1.5575000047683716, -0.13124999403953552, -0.737500011920929, 1.5575000047683716, 1.5, -0.862500011920929, 0.8124549388885498] current=[-0.11800672113895416, -0.5708791613578796, 1.9081284999847412, 0.20424038171768188, -0.7449005246162415, 1.5958430767059326, -0.312019020318985, -0.517853856086731, 1.972998857498169, -0.6058761477470398, -0.7846893668174744, 1.9508126974105835]
[DIAG_INFER] step=261 policy_action_max=11.342572 applied_action_max=0.250000 obs_max=13.522301 history_nonzero_rows=15 position_clip=0 torque_clip=4 action=[3.3542799949645996, 3.616661787033081, 3.719932794570923, 4.883062362670898, -1.8451281785964966, -6.615413665771484, -5.276307582855225, 2.296931028366089, -6.114853858947754, 4.671128749847412, -11.342572212219238, 8.547390937805176]
[DIAG_TARGET] step=261 target_error=0.000000000 default=[0.0, -0.7853981852531433, 1.8654682636260986, 0.0, -0.7853981852531433, 1.8654682636260986, 0.0, -0.7853981852531433, 1.8654682636260986, 0.0, -0.7853981852531433, 1.8654682636260986] desired=[-0.06875000149011612, -0.737500011920929, 1.6825000047683716, 0.13124999403953552, -0.862500011920929, 1.5575000047683716, -0.005852878093719482, -0.737500011920929, 1.5575000047683716, 1.5, -1.635649561882019, -0.543987512588501] applied=[-0.06875000149011612, -0.737500011920929, 1.6825000047683716, 0.13124999403953552, -0.862500011920929, 1.5575000047683716, -0.005852878093719482, -0.737500011920929, 1.5575000047683716, 1.5, -1.635649561882019, -0.543987512588501] current=[0.01954456977546215, -0.5797231793403625, 1.8376790285110474, 0.24000781774520874, -0.7985361814498901, 1.578656554222107, -0.15250864624977112, -0.5141423940658569, 1.9012525081634521, -0.005440506152808666, -0.6979851722717285, 1.8154120445251465]
[DIAG_INFER] step=271 policy_action_max=7.464425 applied_action_max=0.250000 obs_max=11.342572 history_nonzero_rows=15 position_clip=0 torque_clip=4 action=[2.696268081665039, 0.7387677431106567, 4.656350612640381, -2.188049554824829, 0.0806838721036911, -1.6037179231643677, -3.734119176864624, -0.6955733299255371, 1.10831880569458, -7.4644246101379395, -5.338164806365967, 1.2864817380905151]
[DIAG_TARGET] step=271 target_error=0.000000000 default=[0.0, -0.7853981852531433, 1.8654682636260986, 0.0, -0.7853981852531433, 1.8654682636260986, 0.0, -0.7853981852531433, 1.8654682636260986, 0.0, -0.7853981852531433, 1.8654682636260986] desired=[-0.06875000149011612, -0.737500011920929, 1.6825000047683716, 0.06875000149011612, -0.7798290252685547, 1.5575000047683716, 0.6832071542739868, -0.862500011920929, 1.6825000047683716, -1.5, -3.6552000045776367, -0.6551141738891602] applied=[-0.06875000149011612, -0.737500011920929, 1.6825000047683716, 0.06875000149011612, -0.7798290252685547, 1.5575000047683716, 0.6832071542739868, -0.862500011920929, 1.6825000047683716, -1.5, -3.6552000045776367, -0.6551141738891602] current=[0.01496814377605915, -0.6434217095375061, 1.7580622434616089, 0.27068015933036804, -0.8519741296768188, 1.6240614652633667, -0.021192744374275208, -0.5309444665908813, 1.8387045860290527, 0.7640068531036377, -0.8532617688179016, 1.3047922849655151]
[DIAG_INFER] step=281 policy_action_max=4.215108 applied_action_max=0.250000 obs_max=7.464425 history_nonzero_rows=15 position_clip=0 torque_clip=5 action=[3.5947468280792236, -0.05252155661582947, 1.5066030025482178, -3.49013352394104, -2.706639528274536, -3.8850624561309814, -1.2292113304138184, 4.215108394622803, -2.85563325881958, -3.9930970668792725, -1.441681146621704, 1.1547741889953613]
[DIAG_TARGET] step=281 target_error=0.000000000 default=[0.0, -0.7853981852531433, 1.8654682636260986, 0.0, -0.7853981852531433, 1.8654682636260986, 0.0, -0.7853981852531433, 1.8654682636260986, 0.0, -0.7853981852531433, 1.8654682636260986] desired=[-0.06875000149011612, -0.8131303787231445, 1.6825000047683716, 0.06875000149011612, -0.862500011920929, 1.5575000047683716, -0.13124999403953552, -1.6376465559005737, 1.4524236917495728, -1.0201451778411865, -2.388378620147705, 1.3859901428222656] applied=[-0.06875000149011612, -0.8131303787231445, 1.6825000047683716, 0.06875000149011612, -0.862500011920929, 1.5575000047683716, -0.13124999403953552, -1.6376465559005737, 1.4524236917495728, -1.0201451778411865, -2.388378620147705, 1.3859901428222656] current=[-0.11245458573102951, -0.706254780292511, 1.7144124507904053, 0.252591073513031, -0.8485711216926575, 1.6227219104766846, 0.14985860884189606, -0.6138600707054138, 1.8879449367523193, 0.4643041491508484, -1.594728946685791, 0.80422443151474]
[DIAG_INFER] step=291 policy_action_max=6.279245 applied_action_max=0.250000 obs_max=4.215108 history_nonzero_rows=15 position_clip=0 torque_clip=2 action=[4.361187934875488, 3.0547566413879395, 4.104625701904297, -6.279245376586914, -5.984572410583496, -0.44943392276763916, 2.8049681186676025, 4.219573974609375, -0.9810328483581543, 1.9816027879714966, -3.1422266960144043, 4.613760471343994]
[DIAG_TARGET] step=291 target_error=0.000000119 default=[0.0, -0.7853981852531433, 1.8654682636260986, 0.0, -0.7853981852531433, 1.8654682636260986, 0.0, -0.7853981852531433, 1.8654682636260986, 0.0, -0.7853981852531433, 1.8654682636260986] desired=[-0.06875000149011612, -0.737500011920929, 1.6825000047683716, 0.06875000149011612, -0.862500011920929, 1.5575000047683716, -0.06875000149011612, -1.9512346982955933, 1.5575000047683716, 0.13124999403953552, -3.123354434967041, 1.6825000047683716] applied=[-0.06875000149011612, -0.737500011920929, 1.6825000047683716, 0.06875000149011612, -0.862500011920929, 1.5575000047683716, -0.06875000149011612, -1.9512348175048828, 1.5575000047683716, 0.13124999403953552, -3.123354434967041, 1.6825000047683716] current=[-0.1413314938545227, -0.7785333395004272, 1.695891261100769, 0.17246440052986145, -0.840268611907959, 1.6074085235595703, 0.08982130140066147, -0.8772829174995422, 1.9428051710128784, -0.2614951729774475, -2.2712039947509766, 1.0705450773239136]
[STAGE] video_encoding_start
[SUMMARY] {"task": "YoboGo-Velocity-Flat-v0", "mode": "smoke", "yobogo_walk_speed_m_s": 0.25, "rapid_walk_speed_m_s": 0.5, "adaptation_weight": "/run/media/pma213x/0C6A8CC86A8CAFCE/Ubuntu2/CodeU/Dog1/mini-cheetah-isaaclab/external_models/rapid-locomotion-rl/runs/rapid-locomotion/example/train/201852.132488/checkpoints/adaptation_module_latest.jit", "body_weight": "/run/media/pma213x/0C6A8CC86A8CAFCE/Ubuntu2/CodeU/Dog1/mini-cheetah-isaaclab/external_models/rapid-locomotion-rl/runs/rapid-locomotion/example/train/201852.132488/checkpoints/body_latest.jit", "completed_steps": 300, "inference_steps": 30, "expected_inference_steps": 30, "reset_count": 0, "safety_clip_count": 49, "position_clip_count": 0, "torque_clip_count": 49, "large_action_inference_count": 11, "official_clip_inference_count": 0, "max_abs_rapid_action": 0.25, "max_abs_policy_action": 16.736244201660156, "ood_guard_count": 326, "base_height_min_m": 0.2285202145576477, "max_abs_roll_deg": 25.048214525240866, "max_abs_pitch_deg": 5.716718550694151, "xy_displacement_m": 0.07471523433923721, "mean_measured_velocity_m_s": 0.12452539056539536, "final_command": [0.25, 0.0, 0.0], "terminated_steps": 0, "stability_errors": [], "interface_ok": true, "stable_walking": true, "video": null, "video_frames_written": 0}
[STAGE] event_loop_done
