[3gH    H    H    H    H    H    H    H    H    H    H    H    H    H    H    H    H    H    H    H   [INFO] Using python from: /home/pma213x/.venvs/minicheetah-isaaclab/bin/python
[INFO][AppLauncher]: Loading experience file: /home/pma213x/IsaacLab/apps/isaaclab.python.headless.kit
[Warning] [simulation_app.simulation_app] Modules: ['omni.kit_app'] were loaded before SimulationApp was started and might not be loaded correctly.
[Warning] [simulation_app.simulation_app] Please check to make sure no extra omniverse or pxr modules are imported before the call to SimulationApp(...)
Loading user config located at: '/home/pma213x/.venvs/minicheetah-isaaclab/lib/python3.10/site-packages/omni/data/Kit/Isaac-Sim/4.5/user.config.json'
[Info] [carb] Logging to file: /home/pma213x/.venvs/minicheetah-isaaclab/lib/python3.10/site-packages/omni/logs/Kit/Isaac-Sim/4.5/kit_20261008_220923.log
2026-10-08 14:09:23 [0ms] [Warning] [omni.kit.app.plugin] No crash reporter present, dumps uploading isn't available.
2026-10-08 14:09:23 [117ms] [Warning] [omni.usd_config.extension] Enable omni.materialx.libs extension to use MaterialX
2026-10-08 14:09:24 [490ms] [Warning] [omni.datastore] OmniHub is inaccessible
2026-10-08 14:09:24 [529ms] [Warning] [omni.isaac.dynamic_control] omni.isaac.dynamic_control is deprecated as of Isaac Sim 4.5. No action is needed from end-users.
Gym has been unmaintained since 2022 and does not support NumPy 2.0 amongst other critical functionality.
Please upgrade to Gymnasium, the maintained drop-in replacement of Gym, or contact the authors of your software and request that they upgrade.
See the migration guide at https://gymnasium.farama.org/introduction/migration_guide/ for additional information.
2026-10-08 14:09:26 [2,506ms] [Warning] [gpu.foundation.plugin] Skipping unsupported non-NVIDIA GPU: Intel(R) UHD Graphics (ADL-S GT0.5)
2026-10-08 14:09:26 [2,506ms] [Warning] [gpu.foundation.plugin] Skipping unsupported non-NVIDIA GPU: Intel(R) UHD Graphics (ADL-S GT0.5)

|---------------------------------------------------------------------------------------------|
| Driver Version: 580.178.04    | Graphics API: Vulkan
|=============================================================================================|
| GPU | Name                             | Active | LDA | GPU Memory | Vendor-ID | LUID       |
|     |                                  |        |     |            | Device-ID | UUID       |
|     |                                  |        |     |            | Bus-ID    |            |
|---------------------------------------------------------------------------------------------|
| 0   | NVIDIA GeForce RTX 4060 Laptop.. | Yes: 0 |     | 8188    MB | 10de      | 0          |
|     |                                  |        |     |            | 28e0      | 4d090564.. |
|     |                                  |        |     |            | 1         |            |
|---------------------------------------------------------------------------------------------|
| 1   | Intel(R) UHD Graphics (ADL-S G.. |        |     | 11374   MB | 8086      | 0          |
|     |                                  |        |     |            | 468b      | 86808b46.. |
|     |                                  |        |     |            | 0         |            |
|=============================================================================================|
| OS: 26.04.1 LTS (Resolute Raccoon) ubuntu, Version: 26.04.1, Kernel: 7.0.0-34-generic
| XServer Vendor: The X.Org Foundation, XServer Version: 12401010 (1.24.1.10)
| Processor: 13th Gen Intel(R) Core(TM) i5-13500HX
| Bare Metal Cores: 14 | Bare Metal Logical Cores: 28
| Available Cores:  20 
|---------------------------------------------------------------------------------------------|
| Total Memory (MB): 15166 | Free Memory: 5192
| Total Page/Swap (MB): 20479 | Free Page/Swap: 16733
|---------------------------------------------------------------------------------------------|
2026-10-08 14:09:26 [2,805ms] [Warning] [gpu.foundation.plugin] IOMMU is enabled.
2026-10-08 14:09:26 [2,807ms] [Warning] [gpu.foundation.plugin] Detected IOMMU is enabled. Running CUDA peer-to-peer bandwidth and latency validation.
Unidirectional P2P=Enabled Bandwidth (P2P Writes) Matrix (GB/s)
   D\D     0 
     0 193.14 
P2P=Enabled Latency (P2P Writes) Matrix (us)
   GPU     0 
     0   1.31 

   CPU     0 
     0   2.22 
[STAGE] config_start
[INFO]: Parsing configuration from: training.envs.velocity_flat_env_cfg:YoboGoVelocityFlatEnvCfg
[STAGE] config_done
[STAGE] environment_create_start
2026-10-08 14:09:26 [3,018ms] [Warning] [isaaclab.envs.manager_based_env] Seed not set for the environment. The environment creation may not be deterministic.
[INFO]: Base environment:
	Environment device    : cuda:0
	Environment seed      : None
	Physics step-size     : 0.0004
	Rendering step-size   : 0.002
	Environment step-size : 0.002
2026-10-08 14:09:26 [3,108ms] [Warning] [isaaclab.terrains.terrain_importer] Visual material specified for ground plane but no diffuse color found. Using default color: (0.0, 0.0, 0.0)
[INFO]: Time taken for scene creation : 7.604381 seconds
[INFO]: Scene manager:  <class InteractiveScene>
	Number of environments: 1
	Environment spacing   : 2.5
	Source prim name      : /World/envs/env_0
	Global prim paths     : ['/World/ground']
	Replicate physics     : True
[INFO]: Starting the simulation. This may take a few seconds. Please wait...
[INFO]: Time taken for simulation start : 0.476238 seconds
2026-10-08 14:09:34 [11,390ms] [Warning] [omni.usd] Warning: in GetNodeDiscoveryResults at line 136 of /builds/omniverse/usd-ci/USD/pxr/usd/usdShade/shaderDefUtils.cpp -- Unable to resolve info:sourceAsset </UsdPreviewSurface.info:mdl:sourceAsset> with value @UsdPreviewSurface.mdl@.

2026-10-08 14:09:34 [11,390ms] [Warning] [omni.usd] Warning: in GetNodeDiscoveryResults at line 136 of /builds/omniverse/usd-ci/USD/pxr/usd/usdShade/shaderDefUtils.cpp -- Unable to resolve info:sourceAsset </UsdUVTexture.info:mdl:sourceAsset> with value @UsdPreviewSurface.mdl@.

2026-10-08 14:09:34 [11,390ms] [Warning] [omni.usd] Warning: in GetNodeDiscoveryResults at line 136 of /builds/omniverse/usd-ci/USD/pxr/usd/usdShade/shaderDefUtils.cpp -- Unable to resolve info:sourceAsset </UsdPrimvarReader_float.info:mdl:sourceAsset> with value @UsdPreviewSurface.mdl@.

2026-10-08 14:09:34 [11,391ms] [Warning] [omni.usd] Warning: in GetNodeDiscoveryResults at line 136 of /builds/omniverse/usd-ci/USD/pxr/usd/usdShade/shaderDefUtils.cpp -- Unable to resolve info:sourceAsset </UsdPrimvarReader_float2.info:mdl:sourceAsset> with value @UsdPreviewSurface.mdl@.

2026-10-08 14:09:34 [11,391ms] [Warning] [omni.usd] Warning: in GetNodeDiscoveryResults at line 136 of /builds/omniverse/usd-ci/USD/pxr/usd/usdShade/shaderDefUtils.cpp -- Unable to resolve info:sourceAsset </UsdPrimvarReader_float3.info:mdl:sourceAsset> with value @UsdPreviewSurface.mdl@.

2026-10-08 14:09:34 [11,391ms] [Warning] [omni.usd] Warning: in GetNodeDiscoveryResults at line 136 of /builds/omniverse/usd-ci/USD/pxr/usd/usdShade/shaderDefUtils.cpp -- Unable to resolve info:sourceAsset </UsdPrimvarReader_float4.info:mdl:sourceAsset> with value @UsdPreviewSurface.mdl@.

2026-10-08 14:09:34 [11,391ms] [Warning] [omni.usd] Warning: in GetNodeDiscoveryResults at line 136 of /builds/omniverse/usd-ci/USD/pxr/usd/usdShade/shaderDefUtils.cpp -- Unable to resolve info:sourceAsset </UsdPrimvarReader_int.info:mdl:sourceAsset> with value @UsdPreviewSurface.mdl@.

2026-10-08 14:09:34 [11,392ms] [Warning] [omni.usd] Warning: in GetNodeDiscoveryResults at line 136 of /builds/omniverse/usd-ci/USD/pxr/usd/usdShade/shaderDefUtils.cpp -- Unable to resolve info:sourceAsset </UsdPrimvarReader_string.info:mdl:sourceAsset> with value @UsdPreviewSurface.mdl@.

2026-10-08 14:09:34 [11,392ms] [Warning] [omni.usd] Warning: in GetNodeDiscoveryResults at line 136 of /builds/omniverse/usd-ci/USD/pxr/usd/usdShade/shaderDefUtils.cpp -- Unable to resolve info:sourceAsset </UsdPrimvarReader_normal.info:mdl:sourceAsset> with value @UsdPreviewSurface.mdl@.

2026-10-08 14:09:34 [11,392ms] [Warning] [omni.usd] Warning: in GetNodeDiscoveryResults at line 136 of /builds/omniverse/usd-ci/USD/pxr/usd/usdShade/shaderDefUtils.cpp -- Unable to resolve info:sourceAsset </UsdPrimvarReader_point.info:mdl:sourceAsset> with value @UsdPreviewSurface.mdl@.

2026-10-08 14:09:34 [11,394ms] [Warning] [omni.usd] Warning: in GetNodeDiscoveryResults at line 136 of /builds/omniverse/usd-ci/USD/pxr/usd/usdShade/shaderDefUtils.cpp -- Unable to resolve info:sourceAsset </UsdPrimvarReader_vector.info:mdl:sourceAsset> with value @UsdPreviewSurface.mdl@.

2026-10-08 14:09:34 [11,394ms] [Warning] [omni.usd] Warning: in GetNodeDiscoveryResults at line 136 of /builds/omniverse/usd-ci/USD/pxr/usd/usdShade/shaderDefUtils.cpp -- Unable to resolve info:sourceAsset </UsdPrimvarReader_matrix.info:mdl:sourceAsset> with value @UsdPreviewSurface.mdl@.

2026-10-08 14:09:34 [11,394ms] [Warning] [omni.usd] Warning: in GetNodeDiscoveryResults at line 136 of /builds/omniverse/usd-ci/USD/pxr/usd/usdShade/shaderDefUtils.cpp -- Unable to resolve info:sourceAsset </UsdTransform2d.info:mdl:sourceAsset> with value @UsdPreviewSurface.mdl@.

[INFO] Command Manager:  <CommandManager> contains 1 active terms.
+------------------------------------------------+
|              Active Command Terms              |
+-------+---------------+------------------------+
| Index | Name          |          Type          |
+-------+---------------+------------------------+
|   0   | base_velocity | UniformVelocityCommand |
+-------+---------------+------------------------+

[INFO] Recorder Manager:  <RecorderManager> contains 0 active terms.
+---------------------+
| Active Recorder Terms |
+-----------+---------+
|   Index   | Name    |
+-----------+---------+
+-----------+---------+

[INFO] Action Manager:  <ActionManager> contains 1 active terms.
+------------------------------------+
|  Active Action Terms (shape: 12)   |
+--------+-------------+-------------+
| Index  | Name        |   Dimension |
+--------+-------------+-------------+
|   0    | joint_pos   |          12 |
+--------+-------------+-------------+

[INFO] Observation Manager: <ObservationManager> contains 1 groups.
+---------------------------------------------------------+
| Active Observation Terms in Group: 'policy' (shape: (48,)) |
+-----------+---------------------------------+-----------+
|   Index   | Name                            |   Shape   |
+-----------+---------------------------------+-----------+
|     0     | base_lin_vel                    |    (3,)   |
|     1     | base_ang_vel                    |    (3,)   |
|     2     | projected_gravity               |    (3,)   |
|     3     | velocity_commands               |    (3,)   |
|     4     | joint_pos                       |   (12,)   |
|     5     | joint_vel                       |   (12,)   |
|     6     | actions                         |   (12,)   |
+-----------+---------------------------------+-----------+

[INFO] Event Manager:  <EventManager> contains 3 active terms.
+--------------------------------------+
| Active Event Terms in Mode: 'startup' |
+----------+---------------------------+
|  Index   | Name                      |
+----------+---------------------------+
|    0     | physics_material          |
+----------+---------------------------+
+---------------------------------------+
|  Active Event Terms in Mode: 'reset'  |
+--------+------------------------------+
| Index  | Name                         |
+--------+------------------------------+
|   0    | base_external_force_torque   |
|   1    | reset_base                   |
|   2    | reset_robot_joints           |
+--------+------------------------------+
+----------------------------------------------+
|    Active Event Terms in Mode: 'interval'    |
+-------+------------+-------------------------+
| Index | Name       | Interval time range (s) |
+-------+------------+-------------------------+
|   0   | push_robot |       (10.0, 15.0)      |
+-------+------------+-------------------------+

[INFO] Termination Manager:  <TerminationManager> contains 2 active terms.
+---------------------------------+
|     Active Termination Terms    |
+-------+--------------+----------+
| Index | Name         | Time Out |
+-------+--------------+----------+
|   0   | time_out     |   True   |
|   1   | base_contact |  False   |
+-------+--------------+----------+

[INFO] Reward Manager:  <RewardManager> contains 11 active terms.
+-----------------------------------------+
|           Active Reward Terms           |
+-------+----------------------+----------+
| Index | Name                 |   Weight |
+-------+----------------------+----------+
|   0   | track_lin_vel_xy_exp |      1.0 |
|   1   | track_ang_vel_z_exp  |      0.5 |
|   2   | lin_vel_z_l2         |     -2.0 |
|   3   | ang_vel_xy_l2        |    -0.05 |
|   4   | dof_torques_l2       | -2.5e-05 |
|   5   | dof_acc_l2           | -2.5e-07 |
|   6   | action_rate_l2       |    -0.01 |
|   7   | feet_air_time        |      0.5 |
|   8   | undesired_contacts   |     -1.0 |
|   9   | flat_orientation_l2  |     -5.0 |
|   10  | dof_pos_limits       |      0.0 |
+-------+----------------------+----------+

[INFO] Curriculum Manager:  <CurriculumManager> contains 0 active terms.
+----------------------+
| Active Curriculum Terms |
+-----------+----------+
|   Index   | Name     |
+-----------+----------+
+-----------+----------+

[INFO]: Completed setting up the environment...
[STAGE] environment_create_done
[STAGE] policy_adapter_setup_start
[STAGE] policy_adapter_setup_done
[INFO] task=YoboGo-Velocity-Flat-v0
[INFO] weights_adaptation=/run/media/pma213x/0C6A8CC86A8CAFCE/Ubuntu2/CodeU/Dog1/mini-cheetah-isaaclab/external_models/rapid-locomotion-rl/runs/rapid-locomotion/example/train/201852.132488/checkpoints/adaptation_module_latest.jit
[INFO] weights_body=/run/media/pma213x/0C6A8CC86A8CAFCE/Ubuntu2/CodeU/Dog1/mini-cheetah-isaaclab/external_models/rapid-locomotion-rl/runs/rapid-locomotion/example/train/201852.132488/checkpoints/body_latest.jit
[INFO] yobogo_observation_dim=48 rapid_observation_dim=42
[INFO] history_dim=630 action_dim=12
[INFO] inference_period=10 control_period_s=0.002 inference_hz=50
[INFO] rapid_replay_actuator_kp=20 kd=0.5 effort=18/18/26
[INFO] scenario=None rapid_command_requested=[0.3, 0.0, 0.0] settle_steps=0 motion_steps=0
[INFO] model_dummy_action_shape=(1, 12)
[INFO] model_dummy_latent_shape=(1, 18)
[STAGE] event_loop_start
[DIAG_INFER] step=1 policy_action_max=1.248121 applied_action_max=0.250000 obs_max=1.000000 history_nonzero_rows=0 position_clip=0 torque_clip=0 action=[-0.1919701248407364, 0.6424431800842285, -0.24320277571678162, -0.12731778621673584, 0.7155737280845642, 0.4644814729690552, 0.17107412219047546, -1.248120903968811, 0.8329901695251465, 0.16779938340187073, -0.6457257270812988, -0.7750470638275146]
[DIAG_TARGET] step=1 target_error=0.000000000 default=[0.0, -0.7853981852531433, 1.8654682636260986, 0.0, -0.7853981852531433, 1.8654682636260986, 0.0, -0.7853981852531433, 1.8654682636260986, 0.0, -0.7853981852531433, 1.8654682636260986] desired=[-0.12399626523256302, -0.737500011920929, 1.559199333190918, 0.08408527821302414, -0.737500011920929, 1.6825000047683716, -0.07861573994159698, -0.862500011920929, 1.6825000047683716, 0.12097492814064026, -0.862500011920929, 1.5575000047683716] applied=[-0.12399626523256302, -0.737500011920929, 1.559199333190918, 0.08408527821302414, -0.737500011920929, 1.6825000047683716, -0.07861573994159698, -0.862500011920929, 1.6825000047683716, 0.12097492814064026, -0.862500011920929, 1.5575000047683716] current=[-0.002126525854691863, -0.7842124104499817, 1.859279990196228, 0.0007639583782292902, -0.7843864560127258, 1.859578251838684, -0.0012750939931720495, -0.7853595018386841, 1.8620092868804932, 0.0003830448549706489, -0.7850906252861023, 1.8610631227493286]
[STAGE] first_step_done
[DIAG_INFER] step=11 policy_action_max=4.809594 applied_action_max=0.250000 obs_max=3.570998 history_nonzero_rows=1 position_clip=0 torque_clip=3 action=[4.630348205566406, 0.5683088302612305, 2.4460480213165283, -1.451671838760376, -0.2329569011926651, -0.6587224006652832, -4.809593677520752, -1.7518310546875, -3.720940113067627, -4.299875736236572, -3.151449680328369, 0.02932824194431305]
[DIAG_TARGET] step=11 target_error=0.000000000 default=[0.0, -0.7853981852531433, 1.8654682636260986, 0.0, -0.7853981852531433, 1.8654682636260986, 0.0, -0.7853981852531433, 1.8654682636260986, 0.0, -0.7853981852531433, 1.8654682636260986] desired=[-0.06875000149011612, -0.737500011920929, 1.6825000047683716, 0.06875000149011612, -0.8582392334938049, 1.5575000047683716, -0.13124999403953552, -0.862500011920929, 1.5575000047683716, -0.6092339158058167, -0.861758828163147, -0.6663110256195068] applied=[-0.06875000149011612, -0.737500011920929, 1.6825000047683716, 0.06875000149011612, -0.8582392334938049, 1.5575000047683716, -0.13124999403953552, -0.862500011920929, 1.5575000047683716, -0.6092339158058167, -0.861758828163147, -0.6663110256195068] current=[-0.042334359139204025, -0.7675821185112, 1.7854633331298828, 0.02113436348736286, -0.7579970955848694, 1.7894036769866943, -0.030804311856627464, -0.7834492325782776, 1.818627953529358, 0.0021889321506023407, -0.7859190106391907, 1.8271464109420776]
[DIAG_INFER] step=21 policy_action_max=10.191131 applied_action_max=0.250000 obs_max=4.809594 history_nonzero_rows=2 position_clip=0 torque_clip=2 action=[6.998157501220703, -1.3843590021133423, 2.8847579956054688, -2.599482297897339, 1.4801262617111206, 0.8563140630722046, -8.6553373336792, -1.0598582029342651, -2.5175116062164307, -10.191130638122559, -4.6792168617248535, 0.3809525966644287]
[DIAG_TARGET] step=21 target_error=0.000000000 default=[0.0, -0.7853981852531433, 1.8654682636260986, 0.0, -0.7853981852531433, 1.8654682636260986, 0.0, -0.7853981852531433, 1.8654682636260986, 0.0, -0.7853981852531433, 1.8654682636260986] desired=[-0.06875000149011612, -0.862500011920929, 1.6825000047683716, 0.06875000149011612, -0.737500011920929, 1.6825000047683716, -0.13124999403953552, -0.862500011920929, 1.5575000047683716, -1.5, -0.8296253681182861, 1.6825000047683716] applied=[-0.06875000149011612, -0.862500011920929, 1.6825000047683716, 0.06875000149011612, -0.737500011920929, 1.6825000047683716, -0.13124999403953552, -0.862500011920929, 1.5575000047683716, -1.5, -0.8296253681182861, 1.6825000047683716] current=[-0.13533556461334229, -0.7522789835929871, 1.7517471313476562, -0.04585612937808037, -0.7537069916725159, 1.694112777709961, -0.1487613171339035, -0.7705292701721191, 1.7728991508483887, -0.12303165346384048, -0.7515958547592163, 1.7496726512908936]
[DIAG_INFER] step=31 policy_action_max=3.619444 applied_action_max=0.250000 obs_max=10.191131 history_nonzero_rows=3 position_clip=0 torque_clip=2 action=[1.7277618646621704, 2.031449317932129, 2.0143954753875732, -3.479870557785034, -1.8049287796020508, -2.0303421020507812, 1.1718862056732178, -1.0512380599975586, -1.0332365036010742, 0.23032984137535095, -2.836974620819092, 3.619443893432617]
[DIAG_TARGET] step=31 target_error=0.000000000 default=[0.0, -0.7853981852531433, 1.8654682636260986, 0.0, -0.7853981852531433, 1.8654682636260986, 0.0, -0.7853981852531433, 1.8654682636260986, 0.0, -0.7853981852531433, 1.8654682636260986] desired=[-0.06875000149011612, -0.737500011920929, 1.6825000047683716, 0.06875000149011612, -0.862500011920929, 1.5575000047683716, -0.5855891108512878, -0.862500011920929, 1.5575000047683716, 0.1287912279367447, -1.333885669708252, 1.6825000047683716] applied=[-0.06875000149011612, -0.737500011920929, 1.6825000047683716, 0.06875000149011612, -0.862500011920929, 1.5575000047683716, -0.5855891108512878, -0.862500011920929, 1.5575000047683716, 0.1287912279367447, -1.333885669708252, 1.6825000047683716] current=[-0.1760406792163849, -0.7740983366966248, 1.7735906839370728, -0.016728905960917473, -0.7517205476760864, 1.6755691766738892, -0.2522747218608856, -0.765060305595398, 1.7320570945739746, -0.7139065861701965, -0.7734102010726929, 1.7017371654510498]
[DIAG_INFER] step=41 policy_action_max=9.321273 applied_action_max=0.250000 obs_max=3.619444 history_nonzero_rows=4 position_clip=0 torque_clip=2 action=[6.019221305847168, 4.259081840515137, 4.954844951629639, 3.638535261154175, 2.596435308456421, -6.648753643035889, -4.034715175628662, 1.824440360069275, -4.5748491287231445, 0.09018860012292862, -7.445329189300537, 9.321272850036621]
[DIAG_TARGET] step=41 target_error=0.000000000 default=[0.0, -0.7853981852531433, 1.8654682636260986, 0.0, -0.7853981852531433, 1.8654682636260986, 0.0, -0.7853981852531433, 1.8654682636260986, 0.0, -0.7853981852531433, 1.8654682636260986] desired=[-0.06875000149011612, -0.737500011920929, 1.6825000047683716, 0.13124999403953552, -0.737500011920929, 1.5575000047683716, -0.13124999403953552, -0.737500011920929, 1.5575000047683716, 1.5, -0.862500011920929, 1.2461429834365845] applied=[-0.06875000149011612, -0.737500011920929, 1.6825000047683716, 0.13124999403953552, -0.737500011920929, 1.5575000047683716, -0.13124999403953552, -0.737500011920929, 1.5575000047683716, 1.5, -0.862500011920929, 1.2461429834365845] current=[-0.09525462239980698, -0.7679544687271118, 1.7502319812774658, 0.13213740289211273, -0.7998654246330261, 1.617095947265625, -0.3334856629371643, -0.8000690340995789, 1.6447542905807495, -0.637564480304718, -0.9641567468643188, 1.656757116317749]
[DIAG_INFER] step=51 policy_action_max=6.416169 applied_action_max=0.250000 obs_max=9.321273 history_nonzero_rows=5 position_clip=0 torque_clip=2 action=[4.867650985717773, 0.9365984201431274, 2.279465913772583, -2.3797004222869873, 2.008796215057373, -2.31235933303833, -6.416168689727783, -0.28494465351104736, -2.657604217529297, 0.49770841002464294, -2.8434712886810303, 3.478851318359375]
[DIAG_TARGET] step=51 target_error=0.000000000 default=[0.0, -0.7853981852531433, 1.8654682636260986, 0.0, -0.7853981852531433, 1.8654682636260986, 0.0, -0.7853981852531433, 1.8654682636260986, 0.0, -0.7853981852531433, 1.8654682636260986] desired=[-0.06875000149011612, -0.737500011920929, 1.6825000047683716, 0.06875000149011612, -0.737500011920929, 1.5575000047683716, 0.186936154961586, -0.862500011920929, 1.5575000047683716, 0.13124999403953552, -0.5936588048934937, 1.6825000047683716] applied=[-0.06875000149011612, -0.737500011920929, 1.6825000047683716, 0.06875000149011612, -0.737500011920929, 1.5575000047683716, 0.186936154961586, -0.862500011920929, 1.5575000047683716, 0.13124999403953552, -0.5936588048934937, 1.6825000047683716] current=[-0.016045885160565376, -0.7411322593688965, 1.7077966928482056, 0.2252102792263031, -0.8090949654579163, 1.581864833831787, -0.24610136449337006, -0.7968718409538269, 1.5901858806610107, 0.13413989543914795, -0.9516438245773315, 1.4863587617874146]
[DIAG_INFER] step=61 policy_action_max=6.489310 applied_action_max=0.250000 obs_max=6.416169 history_nonzero_rows=6 position_clip=0 torque_clip=1 action=[4.642824172973633, -0.29003533720970154, 1.5157270431518555, -1.7033852338790894, 0.5797200798988342, 0.4923919439315796, -2.5855071544647217, 0.1118851974606514, -1.2139601707458496, -6.489310264587402, -2.1229074001312256, -0.4494550824165344]
[DIAG_TARGET] step=61 target_error=0.000000000 default=[0.0, -0.7853981852531433, 1.8654682636260986, 0.0, -0.7853981852531433, 1.8654682636260986, 0.0, -0.7853981852531433, 1.8654682636260986, 0.0, -0.7853981852531433, 1.8654682636260986] desired=[-0.06875000149011612, -0.862500011920929, 1.6825000047683716, 0.06875000149011612, -0.737500011920929, 1.6825000047683716, -0.13124999403953552, -0.7720286846160889, 1.5575000047683716, -1.5, -0.862500011920929, 1.5575000047683716] applied=[-0.06875000149011612, -0.862500011920929, 1.6825000047683716, 0.06875000149011612, -0.737500011920929, 1.6825000047683716, -0.13124999403953552, -0.7720286846160889, 1.5575000047683716, -1.5, -0.862500011920929, 1.5575000047683716] current=[-0.08839026093482971, -0.7301453948020935, 1.6971341371536255, 0.10011576116085052, -0.7650894522666931, 1.5651848316192627, -0.1055825874209404, -0.8101515173912048, 1.602813959121704, 0.33292320370674133, -0.7986164093017578, 1.5890017747879028]
[DIAG_INFER] step=71 policy_action_max=7.144168 applied_action_max=0.250000 obs_max=6.489310 history_nonzero_rows=7 position_clip=0 torque_clip=2 action=[3.2062082290649414, 7.144167900085449, 4.342979907989502, -2.2690227031707764, -4.2503886222839355, -4.531538963317871, 3.316821813583374, -2.8841817378997803, 0.03714478015899658, -0.4052784740924835, -2.7974228858947754, 2.996443748474121]
[DIAG_TARGET] step=71 target_error=0.000000000 default=[0.0, -0.7853981852531433, 1.8654682636260986, 0.0, -0.7853981852531433, 1.8654682636260986, 0.0, -0.7853981852531433, 1.8654682636260986, 0.0, -0.7853981852531433, 1.8654682636260986] desired=[-0.06875000149011612, -0.737500011920929, 1.6825000047683716, 0.06875000149011612, -0.862500011920929, 1.5575000047683716, -0.30542469024658203, -0.862500011920929, 1.6292861700057983, 0.06875000149011612, -3.0275087356567383, 1.6825000047683716] applied=[-0.06875000149011612, -0.737500011920929, 1.6825000047683716, 0.06875000149011612, -0.862500011920929, 1.5575000047683716, -0.30542469024658203, -0.862500011920929, 1.6292861700057983, 0.06875000149011612, -3.0275087356567383, 1.6825000047683716] current=[-0.15313024818897247, -0.7806767821311951, 1.696454644203186, -0.023286981508135796, -0.7267469167709351, 1.6226094961166382, -0.16872048377990723, -0.7971059679985046, 1.6104236841201782, -0.31236720085144043, -0.7658870816230774, 1.6092056035995483]
[DIAG_INFER] step=81 policy_action_max=14.054328 applied_action_max=0.250000 obs_max=7.144168 history_nonzero_rows=8 position_clip=0 torque_clip=3 action=[5.334020614624023, 5.884068965911865, 8.588347434997559, 4.50710391998291, 0.04163871705532074, -6.966984748840332, -0.8241307139396667, 4.708383083343506, -3.3453683853149414, 0.91321861743927, -9.460394859313965, 14.054327964782715]
[DIAG_TARGET] step=81 target_error=0.000000000 default=[0.0, -0.7853981852531433, 1.8654682636260986, 0.0, -0.7853981852531433, 1.8654682636260986, 0.0, -0.7853981852531433, 1.8654682636260986, 0.0, -0.7853981852531433, 1.8654682636260986] desired=[-0.06875000149011612, -0.737500011920929, 1.6825000047683716, 0.13124999403953552, -0.7895903587341309, 1.5575000047683716, -0.13124999403953552, -1.358750581741333, 1.5575000047683716, 1.5, -0.8783260583877563, 1.6825000047683716] applied=[-0.06875000149011612, -0.737500011920929, 1.6825000047683716, 0.13124999403953552, -0.7895903587341309, 1.5575000047683716, -0.13124999403953552, -1.358750581741333, 1.5575000047683716, 1.5, -0.8783260583877563, 1.6825000047683716] current=[-0.06414981186389923, -0.8022171854972839, 1.7234402894973755, 0.10815475136041641, -0.7826351523399353, 1.6055502891540527, -0.1596546322107315, -0.8331254720687866, 1.6188135147094727, -0.4056346118450165, -1.3069756031036377, 1.6472951173782349]
[DIAG_INFER] step=91 policy_action_max=10.298298 applied_action_max=0.250000 obs_max=14.054328 history_nonzero_rows=9 position_clip=0 torque_clip=3 action=[4.822220802307129, -1.0213592052459717, 3.8472626209259033, 0.45958688855171204, 3.3345553874969482, -1.2340582609176636, -10.298297882080078, -2.3636882305145264, -4.4859724044799805, -5.7711944580078125, -1.2603473663330078, 1.9767123460769653]
[DIAG_TARGET] step=91 target_error=0.000000000 default=[0.0, -0.7853981852531433, 1.8654682636260986, 0.0, -0.7853981852531433, 1.8654682636260986, 0.0, -0.7853981852531433, 1.8654682636260986, 0.0, -0.7853981852531433, 1.8654682636260986] desired=[-0.06875000149011612, -0.862500011920929, 1.6825000047683716, 0.13124999403953552, -0.737500011920929, 1.5575000047683716, 0.43386632204055786, -0.862500011920929, 1.5575000047683716, -1.0520007610321045, -0.07876336574554443, 1.6825000047683716] applied=[-0.06875000149011612, -0.862500011920929, 1.6825000047683716, 0.13124999403953552, -0.737500011920929, 1.5575000047683716, 0.43386632204055786, -0.862500011920929, 1.5575000047683716, -1.0520007610321045, -0.07876336574554443, 1.6825000047683716] current=[-0.049001697450876236, -0.7891950011253357, 1.7069149017333984, 0.2019859105348587, -0.8571045398712158, 1.7372190952301025, -0.15908828377723694, -1.0502959489822388, 1.590721845626831, 0.3769209384918213, -1.3892360925674438, 1.5818920135498047]
[DIAG_INFER] step=101 policy_action_max=13.588114 applied_action_max=0.250000 obs_max=10.298298 history_nonzero_rows=10 position_clip=0 torque_clip=3 action=[-3.353642225265503, 1.7347265481948853, 3.2955002784729004, -13.158658027648926, 2.45931077003479, -0.5957457423210144, -4.835521697998047, -13.588113784790039, 5.53077507019043, -11.418238639831543, -2.5014944076538086, -5.871088027954102]
[DIAG_TARGET] step=101 target_error=0.000000000 default=[0.0, -0.7853981852531433, 1.8654682636260986, 0.0, -0.7853981852531433, 1.8654682636260986, 0.0, -0.7853981852531433, 1.8654682636260986, 0.0, -0.7853981852531433, 1.8654682636260986] desired=[-0.13124999403953552, -0.737500011920929, 1.6825000047683716, 0.06875000149011612, -0.737500011920929, 1.5575000047683716, -0.13124999403953552, -0.862500011920929, 1.6825000047683716, -1.5, -0.9542181491851807, 2.700000047683716] applied=[-0.13124999403953552, -0.737500011920929, 1.6825000047683716, 0.06875000149011612, -0.737500011920929, 1.5575000047683716, -0.13124999403953552, -0.862500011920929, 1.6825000047683716, -1.5, -0.9542181491851807, 2.700000047683716] current=[-0.17226463556289673, -0.7995855212211609, 1.7546297311782837, 0.1108885258436203, -0.8606541752815247, 1.7995915412902832, -0.0487285777926445, -1.106520414352417, 1.604620099067688, 0.14851175248622894, -0.9361264109611511, 1.667012333869934]
[DIAG_INFER] step=111 policy_action_max=16.758856 applied_action_max=0.250000 obs_max=13.588114 history_nonzero_rows=11 position_clip=0 torque_clip=3 action=[-5.10635232925415, 6.641785621643066, 1.6841485500335693, -16.657894134521484, 5.1455841064453125, -0.14829611778259277, 3.564542531967163, -16.75885581970215, 7.7726898193359375, -9.534972190856934, -4.538813591003418, -3.5144519805908203]
[DIAG_TARGET] step=111 target_error=0.000000000 default=[0.0, -0.7853981852531433, 1.8654682636260986, 0.0, -0.7853981852531433, 1.8654682636260986, 0.0, -0.7853981852531433, 1.8654682636260986, 0.0, -0.7853981852531433, 1.8654682636260986] desired=[-0.13124999403953552, -0.737500011920929, 1.6825000047683716, 0.06875000149011612, -0.737500011920929, 1.5829260349273682, -0.6505813002586365, -0.862500011920929, 1.6825000047683716, -1.5, -0.862500011920929, 2.700000047683716] applied=[-0.13124999403953552, -0.737500011920929, 1.6825000047683716, 0.06875000149011612, -0.737500011920929, 1.5829260349273682, -0.6505813002586365, -0.862500011920929, 1.6825000047683716, -1.5, -0.862500011920929, 2.700000047683716] current=[-0.3032277226448059, -0.8023187518119812, 1.8299288749694824, 0.013961981050670147, -0.8447542190551758, 1.8188228607177734, -0.1626972258090973, -1.0760142803192139, 1.6493180990219116, -0.6281837224960327, -0.8683944940567017, 2.1739823818206787]
[DIAG_INFER] step=121 policy_action_max=19.554337 applied_action_max=0.250000 obs_max=16.758856 history_nonzero_rows=12 position_clip=0 torque_clip=3 action=[12.174570083618164, 7.970188140869141, 5.655117511749268, -19.554336547851562, 4.766839504241943, 3.972060441970825, -0.877635657787323, -10.894915580749512, 0.5455496907234192, 9.747174263000488, -3.3639135360717773, 0.6048876047134399]
[DIAG_TARGET] step=121 target_error=0.000000000 default=[0.0, -0.7853981852531433, 1.8654682636260986, 0.0, -0.7853981852531433, 1.8654682636260986, 0.0, -0.7853981852531433, 1.8654682636260986, 0.0, -0.7853981852531433, 1.8654682636260986] desired=[-0.06875000149011612, -0.737500011920929, 1.6825000047683716, 0.06875000149011612, -0.737500011920929, 1.6825000047683716, -0.802635908126831, -0.862500011920929, 1.6825000047683716, 1.5, -0.862500011920929, 2.3935327529907227] applied=[-0.06875000149011612, -0.737500011920929, 1.6825000047683716, 0.06875000149011612, -0.737500011920929, 1.6825000047683716, -0.802635908126831, -0.862500011920929, 1.6825000047683716, 1.5, -0.862500011920929, 2.3935327529907227] current=[-0.29528170824050903, -0.792127251625061, 1.8783655166625977, 0.036607373505830765, -0.871038556098938, 1.8728798627853394, -0.35801607370376587, -0.9601961970329285, 1.6576738357543945, -1.2136332988739014, -0.7814773917198181, 2.4353249073028564]
[DIAG_INFER] step=131 policy_action_max=18.011356 applied_action_max=0.250000 obs_max=19.554337 history_nonzero_rows=13 position_clip=0 torque_clip=2 action=[18.011356353759766, 9.276272773742676, 17.671842575073242, 2.258772373199463, 2.1507694721221924, -9.715339660644531, -5.521082401275635, -0.23726427555084229, -7.863521099090576, -1.9082056283950806, -11.175139427185059, 17.041101455688477]
[DIAG_TARGET] step=131 target_error=0.000000000 default=[0.0, -0.7853981852531433, 1.8654682636260986, 0.0, -0.7853981852531433, 1.8654682636260986, 0.0, -0.7853981852531433, 1.8654682636260986, 0.0, -0.7853981852531433, 1.8654682636260986] desired=[-0.06875000149011612, -0.737500011920929, 1.6825000047683716, 0.10616302490234375, -0.737500011920929, 1.5575000047683716, -0.13124999403953552, -0.8593161106109619, 1.5575000047683716, 1.5, -0.862500011920929, 1.6825000047683716] applied=[-0.06875000149011612, -0.737500011920929, 1.6825000047683716, 0.10616302490234375, -0.737500011920929, 1.5575000047683716, -0.13124999403953552, -0.8593161106109619, 1.5575000047683716, 1.5, -0.862500011920929, 1.6825000047683716] current=[-0.16257917881011963, -0.7977457642555237, 1.884777307510376, 0.17756882309913635, -0.9087687134742737, 1.9623377323150635, -0.5324292182922363, -0.8765424489974976, 1.6601561307907104, -0.7012225389480591, -0.7482770681381226, 2.3558058738708496]
[DIAG_INFER] step=141 policy_action_max=11.871744 applied_action_max=0.250000 obs_max=18.011356 history_nonzero_rows=14 position_clip=0 torque_clip=4 action=[11.871744155883789, -0.18141326308250427, 6.672947406768799, -5.414557456970215, -0.28544437885284424, -6.726154327392578, -10.885029792785645, -1.3190966844558716, -11.361136436462402, 1.2460840940475464, -7.346680641174316, 8.213089942932129]
[DIAG_TARGET] step=141 target_error=0.000000000 default=[0.0, -0.7853981852531433, 1.8654682636260986, 0.0, -0.7853981852531433, 1.8654682636260986, 0.0, -0.7853981852531433, 1.8654682636260986, 0.0, -0.7853981852531433, 1.8654682636260986] desired=[-0.06875000149011612, -0.8453533053398132, 1.6825000047683716, 0.06875000149011612, -0.862500011920929, 1.5575000047683716, 0.10690829157829285, -0.862500011920929, 1.5575000047683716, 1.5, 0.03493773937225342, -1.2105352878570557] applied=[-0.06875000149011612, -0.8453533053398132, 1.6825000047683716, 0.06875000149011612, -0.862500011920929, 1.5575000047683716, 0.10690829157829285, -0.862500011920929, 1.5575000047683716, 1.5, 0.03493773937225342, -1.2105352878570557] current=[-0.0503847673535347, -0.7843169569969177, 1.834205150604248, 0.34278225898742676, -0.9422104358673096, 2.0498342514038086, -0.4324113130569458, -0.8510213494300842, 1.610826849937439, 0.10302545130252838, -0.7342976331710815, 2.0111844539642334]
[DIAG_INFER] step=151 policy_action_max=4.944996 applied_action_max=0.250000 obs_max=11.871744 history_nonzero_rows=15 position_clip=0 torque_clip=5 action=[4.157162666320801, 0.01466098427772522, 4.421781539916992, -4.7023773193359375, -0.15610595047473907, -3.104069471359253, -4.925593376159668, -3.2693076133728027, -0.3555159568786621, -4.944995880126953, -3.8098058700561523, 0.842033326625824]
[DIAG_TARGET] step=151 target_error=0.000000000 default=[0.0, -0.7853981852531433, 1.8654682636260986, 0.0, -0.7853981852531433, 1.8654682636260986, 0.0, -0.7853981852531433, 1.8654682636260986, 0.0, -0.7853981852531433, 1.8654682636260986] desired=[-0.06875000149011612, -0.7963347434997559, 1.6825000047683716, 0.06875000149011612, -0.8390265107154846, 1.5575000047683716, 0.39571523666381836, -0.7454537153244019, 1.5575000047683716, -1.1785831451416016, -1.4004228115081787, 0.08247852325439453] applied=[-0.06875000149011612, -0.7963347434997559, 1.6825000047683716, 0.06875000149011612, -0.8390265107154846, 1.5575000047683716, 0.39571523666381836, -0.7454537153244019, 1.5575000047683716, -1.1785831451416016, -1.4004228115081787, 0.08247852325439453] current=[-0.06843578070402145, -0.7891482710838318, 1.7515219449996948, 0.4050922393798828, -0.924403190612793, 2.1023378372192383, -0.16200211644172668, -0.849990963935852, 1.5802839994430542, 0.6726970672607422, -0.3647439777851105, 1.6590707302093506]
[DIAG_INFER] step=161 policy_action_max=14.164095 applied_action_max=0.250000 obs_max=8.454343 history_nonzero_rows=15 position_clip=0 torque_clip=2 action=[-1.8375614881515503, 2.557581663131714, 3.0081210136413574, -11.475088119506836, 0.27265453338623047, -0.6152468919754028, -8.35044002532959, -14.164094924926758, 1.3811039924621582, -13.499549865722656, -3.399702548980713, -3.0042004585266113]
[DIAG_TARGET] step=161 target_error=0.000000000 default=[0.0, -0.7853981852531433, 1.8654682636260986, 0.0, -0.7853981852531433, 1.8654682636260986, 0.0, -0.7853981852531433, 1.8654682636260986, 0.0, -0.7853981852531433, 1.8654682636260986] desired=[-0.13124999403953552, -0.737500011920929, 1.6825000047683716, 0.06875000149011612, -0.737500011920929, 1.5575000047683716, -0.13124999403953552, -0.862500011920929, 1.6825000047683716, -1.5, -0.862500011920929, 2.4381256103515625] applied=[-0.13124999403953552, -0.737500011920929, 1.6825000047683716, 0.06875000149011612, -0.737500011920929, 1.5575000047683716, -0.13124999403953552, -0.862500011920929, 1.6825000047683716, -1.5, -0.862500011920929, 2.4381256103515625] current=[-0.22862623631954193, -0.8126236200332642, 1.7553142309188843, 0.2246982604265213, -0.8582375049591064, 2.065800905227661, -0.18158607184886932, -0.8783075213432312, 1.648207664489746, 0.5743162035942078, -0.25450488924980164, 1.51418936252594]
[DIAG_INFER] step=171 policy_action_max=10.471166 applied_action_max=0.250000 obs_max=14.164095 history_nonzero_rows=15 position_clip=0 torque_clip=3 action=[-2.4203789234161377, 2.0430052280426025, 2.0013768672943115, -8.98376178741455, 5.357057094573975, -1.3988182544708252, -2.4115025997161865, -10.396323204040527, 0.6512733101844788, -10.471165657043457, -4.30789852142334, -1.0896183252334595]
[DIAG_TARGET] step=171 target_error=0.000000000 default=[0.0, -0.7853981852531433, 1.8654682636260986, 0.0, -0.7853981852531433, 1.8654682636260986, 0.0, -0.7853981852531433, 1.8654682636260986, 0.0, -0.7853981852531433, 1.8654682636260986] desired=[-0.13124999403953552, -0.737500011920929, 1.6825000047683716, 0.06875000149011612, -0.737500011920929, 1.5575000047683716, -0.185027077794075, -0.862500011920929, 1.6825000047683716, -1.5, -0.862500011920929, 1.7327944040298462] applied=[-0.13124999403953552, -0.737500011920929, 1.6825000047683716, 0.06875000149011612, -0.737500011920929, 1.5575000047683716, -0.185027077794075, -0.862500011920929, 1.6825000047683716, -1.5, -0.862500011920929, 1.7327944040298462] current=[-0.3948447108268738, -0.8122075200080872, 1.7861417531967163, 0.05172048881649971, -0.7765520811080933, 1.9546012878417969, -0.3059845566749573, -0.8998576402664185, 1.714568018913269, -0.14223617315292358, -0.5086512565612793, 1.970851182937622]
[DIAG_INFER] step=181 policy_action_max=13.471165 applied_action_max=0.250000 obs_max=10.471166 history_nonzero_rows=15 position_clip=0 torque_clip=3 action=[8.15895938873291, 5.4862961769104, 8.234333038330078, -0.06834372878074646, 2.243443727493286, -4.764679908752441, -5.963038921356201, 0.7632886171340942, -9.06611442565918, -3.9315237998962402, -6.815653324127197, 13.47116470336914]
[DIAG_TARGET] step=181 target_error=0.000000000 default=[0.0, -0.7853981852531433, 1.8654682636260986, 0.0, -0.7853981852531433, 1.8654682636260986, 0.0, -0.7853981852531433, 1.8654682636260986, 0.0, -0.7853981852531433, 1.8654682636260986] desired=[-0.06875000149011612, -0.737500011920929, 1.6825000047683716, 0.09145703911781311, -0.737500011920929, 1.5575000047683716, -0.776394784450531, -0.737500011920929, 1.5575000047683716, 1.5, -0.10703396797180176, 1.6825000047683716] applied=[-0.06875000149011612, -0.737500011920929, 1.6825000047683716, 0.09145703911781311, -0.737500011920929, 1.5575000047683716, -0.776394784450531, -0.737500011920929, 1.5575000047683716, 1.5, -0.10703396797180176, 1.6825000047683716] current=[-0.3734997510910034, -0.7848501801490784, 1.7847046852111816, 0.07364967465400696, -0.7254583239555359, 1.866818904876709, -0.28554636240005493, -0.8826475143432617, 1.722130298614502, -0.8989765048027039, -0.7015776038169861, 1.7767611742019653]
[DIAG_INFER] step=191 policy_action_max=18.734631 applied_action_max=0.250000 obs_max=13.471165 history_nonzero_rows=15 position_clip=0 torque_clip=3 action=[8.195613861083984, 7.629073143005371, 8.534645080566406, 10.289259910583496, 0.46996963024139404, -11.3814115524292, -7.1360931396484375, 2.9624969959259033, -13.884098052978516, 2.0291614532470703, -15.837691307067871, 18.734630584716797]
[DIAG_TARGET] step=191 target_error=0.000000000 default=[0.0, -0.7853981852531433, 1.8654682636260986, 0.0, -0.7853981852531433, 1.8654682636260986, 0.0, -0.7853981852531433, 1.8654682636260986, 0.0, -0.7853981852531433, 1.8654682636260986] desired=[-0.06875000149011612, -0.737500011920929, 1.6825000047683716, 0.13124999403953552, -0.737500011920929, 1.5575000047683716, -0.13124999403953552, -0.737500011920929, 1.5575000047683716, 1.5, -0.6671926975250244, 0.47339367866516113] applied=[-0.06875000149011612, -0.737500011920929, 1.6825000047683716, 0.13124999403953552, -0.737500011920929, 1.5575000047683716, -0.13124999403953552, -0.737500011920929, 1.5575000047683716, 1.5, -0.6671926975250244, 0.47339367866516113] current=[-0.21862757205963135, -0.7595299482345581, 1.7484629154205322, 0.20326289534568787, -0.698933482170105, 1.8487166166305542, -0.39579328894615173, -0.8043248653411865, 1.617618441581726, -0.7945392727851868, -0.47522616386413574, 1.6248571872711182]
[STAGE] video_encoding_start
[SUMMARY] {"task": "YoboGo-Velocity-Flat-v0", "mode": "smoke", "yobogo_walk_speed_m_s": 0.15, "rapid_walk_speed_m_s": 0.3, "adaptation_weight": "/run/media/pma213x/0C6A8CC86A8CAFCE/Ubuntu2/CodeU/Dog1/mini-cheetah-isaaclab/external_models/rapid-locomotion-rl/runs/rapid-locomotion/example/train/201852.132488/checkpoints/adaptation_module_latest.jit", "body_weight": "/run/media/pma213x/0C6A8CC86A8CAFCE/Ubuntu2/CodeU/Dog1/mini-cheetah-isaaclab/external_models/rapid-locomotion-rl/runs/rapid-locomotion/example/train/201852.132488/checkpoints/body_latest.jit", "completed_steps": 200, "inference_steps": 20, "expected_inference_steps": 20, "reset_count": 0, "safety_clip_count": 51, "position_clip_count": 0, "torque_clip_count": 51, "large_action_inference_count": 12, "official_clip_inference_count": 0, "max_abs_rapid_action": 0.25, "max_abs_policy_action": 19.554336547851562, "ood_guard_count": 222, "base_height_min_m": 0.23581208288669586, "max_abs_roll_deg": 16.662742133103524, "max_abs_pitch_deg": 4.149137263054058, "xy_displacement_m": 0.05713093653321266, "mean_measured_velocity_m_s": 0.14282734133303165, "final_command": [0.15000000596046448, 0.0, 0.0], "final_rapid_from_term": [0.30000001192092896, 0.0, 0.0], "terminated_steps": 0, "stability_errors": [], "interface_ok": true, "stable_walking": true, "scenario_name": null, "scenario_settle_steps": 0, "scenario_motion_steps": 0, "scenario_command_requested_rapid": null, "scenario_command_policy": null, "scenario_command_term": null, "scenario_command_rapid_final": null, "scenario_metrics": null, "scenario_gate_errors": [], "scenario_pass": null, "video": null, "video_frames_written": 0, "leg_motion_stats": {"FR": {"joints": {"haa": {"target": {"min": -0.13124999403953552, "max": -0.06875000149011612, "rms": 0.08808511738838198, "range": 0.0624999925494194, "motion_rms": 0.026474877493086222}, "actual": {"min": -0.40670502185821533, "max": -0.002126525854691863, "rms": 0.19252848899458583, "range": 0.40457849600352347, "motion_rms": 0.11155184260504741}, "raw_action": {"min": -5.10635232925415, "max": 18.011356353759766, "rms": 7.16953736762351, "range": 23.117708683013916, "motion_rms": 5.503144911818024}, "applied_action": {"min": -0.25, "max": 0.25, "rms": 0.24742196030580713, "range": 0.5, "motion_rms": 0.2117990423397851}, "position_clip_count": 0, "torque_clip_count": 0}, "hip": {"target": {"min": -0.862500011920929, "max": -0.737500011920929, "rms": 0.766129364402484, "range": 0.125, "motion_rms": 0.048630012708180737}, "actual": {"min": -0.8164992928504944, "max": -0.7284367680549622, "rms": 0.7802714695280418, "range": 0.08806252479553223, "motion_rms": 0.023066773139721563}, "raw_action": {"min": -1.3843590021133423, "max": 9.276272773742676, "rms": 4.518466485384465, "range": 10.660631775856018, "motion_rms": 3.290036949422685}, "applied_action": {"min": -0.25, "max": 0.25, "rms": 0.2406372494525976, "range": 0.5, "motion_rms": 0.19452006117613393}, "position_clip_count": 0, "torque_clip_count": 0}, "knee": {"target": {"min": 1.559199333190918, "max": 1.6825000047683716, "rms": 1.6765503513984992, "range": 0.12330067157745361, "motion_rms": 0.02687275835384114}, "actual": {"min": 1.696454644203186, "max": 1.8858082294464111, "rms": 1.7704281264082946, "range": 0.1893535852432251, "motion_rms": 0.05487930671789071}, "raw_action": {"min": -0.24320277571678162, "max": 17.671842575073242, "rms": 6.056560716207653, "range": 17.915045350790024, "motion_rms": 3.831570287118189}, "applied_action": {"min": -0.24320277571678162, "max": 0.25, "rms": 0.24966453393667543, "range": 0.4932027757167816, "motion_rms": 0.1074910529011604}, "position_clip_count": 0, "torque_clip_count": 0}}, "target_range_min": 0.0624999925494194, "actual_range_min": 0.08806252479553223, "actual_motion_rms_min": 0.023066773139721563}, "FL": {"joints": {"haa": {"target": {"min": 0.06875000149011612, "max": 0.13124999403953552, "rms": 0.08861627129874884, "range": 0.0624999925494194, "motion_rms": 0.02497944454102623}, "actual": {"min": -0.059611812233924866, "max": 0.40671011805534363, "rms": 0.17501391557212606, "range": 0.4663219302892685, "motion_rms": 0.12302851689052913}, "raw_action": {"min": -19.554336547851562, "max": 10.289259910583496, "rms": 7.988323570610463, "range": 29.84359645843506, "motion_rms": 7.108967304446392}, "applied_action": {"min": -0.25, "max": 0.25, "rms": 0.23936172249868887, "range": 0.5, "motion_rms": 0.21270098842374174}, "position_clip_count": 0, "torque_clip_count": 1}, "hip": {"target": {"min": -0.862500011920929, "max": -0.737500011920929, "rms": 0.7716994090983637, "range": 0.125, "motion_rms": 0.05166760528387679}, "actual": {"min": -0.9445241093635559, "max": -0.6689441204071045, "rms": 0.8104758109039065, "range": 0.2755799889564514, "motion_rms": 0.07075182664874}, "raw_action": {"min": -4.2503886222839355, "max": 5.357057094573975, "rms": 2.6487774587810162, "range": 9.60744571685791, "motion_rms": 2.282101110602457}, "applied_action": {"min": -0.25, "max": 0.25, "rms": 0.23904725143210953, "range": 0.5, "motion_rms": 0.20667041744014777}, "position_clip_count": 0, "torque_clip_count": 0}, "knee": {"target": {"min": 1.5575000047683716, "max": 1.6825000047683716, "rms": 1.5845499971448538, "range": 0.125, "motion_rms": 0.04967034193118354}, "actual": {"min": 1.5625720024108887, "max": 2.1040539741516113, "rms": 1.8115517033918005, "range": 0.5414819717407227, "motion_rms": 0.16130009338916068}, "raw_action": {"min": -11.3814115524292, "max": 3.972060441970825, "rms": 4.721702770030334, "range": 15.353471994400024, "motion_rms": 3.7627780330898397}, "applied_action": {"min": -0.25, "max": 0.25, "rms": 0.2459158126828558, "range": 0.5, "motion_rms": 0.1986813679276074}, "position_clip_count": 0, "torque_clip_count": 0}}, "target_range_min": 0.0624999925494194, "actual_range_min": 0.2755799889564514, "actual_motion_rms_min": 0.07075182664874}, "RR": {"joints": {"haa": {"target": {"min": -0.802635908126831, "max": 0.43386632204055786, "rms": 0.36695556161567466, "range": 1.236502230167389, "motion_rms": 0.3240931676939481}, "actual": {"min": -0.542317807674408, "max": -0.0012750939931720495, "rms": 0.26391336253833264, "range": 0.5410427136812359, "motion_rms": 0.1284383916155907}, "raw_action": {"min": -10.885029792785645, "max": 3.564542531967163, "rms": 5.715894924646677, "range": 14.449572324752808, "motion_rms": 4.068055585419179}, "applied_action": {"min": -0.25, "max": 0.25, "rms": 0.24665424740750377, "range": 0.5, "motion_rms": 0.19271444253493095}, "position_clip_count": 0, "torque_clip_count": 10}, "hip": {"target": {"min": -1.358750581741333, "max": -0.737500011920929, "rms": 0.8671463882464099, "range": 0.621250569820404, "motion_rms": 0.1254261910876017}, "actual": {"min": -1.1065845489501953, "max": -0.741587221622467, "rms": 0.873102338670855, "range": 0.36499732732772827, "motion_rms": 0.10020669459955593}, "raw_action": {"min": -16.75885581970215, "max": 4.708383083343506, "rms": 6.932156528301472, "range": 21.467238903045654, "motion_rms": 5.957121278707046}, "applied_action": {"min": -0.25, "max": 0.25, "rms": 0.2443166627415612, "range": 0.5, "motion_rms": 0.20605604440052103}, "position_clip_count": 0, "torque_clip_count": 2}, "knee": {"target": {"min": 1.5575000047683716, "max": 1.6825000047683716, "rms": 1.599607646629957, "range": 0.125, "motion_rms": 0.057068655341927135}, "actual": {"min": 1.561550259590149, "max": 1.8620092868804932, "rms": 1.6594487202777557, "range": 0.30045902729034424, "motion_rms": 0.07250975283674302}, "raw_action": {"min": -13.884098052978516, "max": 7.7726898193359375, "rms": 5.667275041713249, "range": 21.656787872314453, "motion_rms": 5.102431090643132}, "applied_action": {"min": -0.25, "max": 0.25, "rms": 0.24381137531840677, "range": 0.5, "motion_rms": 0.22827462457380496}, "position_clip_count": 0, "torque_clip_count": 0}}, "target_range_min": 0.125, "actual_range_min": 0.30045902729034424, "actual_motion_rms_min": 0.07250975283674302}, "RL": {"joints": {"haa": {"target": {"min": -1.5, "max": 1.5, "rms": 1.2682686038979367, "range": 3.0, "motion_rms": 1.2674875824612195}, "actual": {"min": -1.225412130355835, "max": 0.7097268104553223, "rms": 0.5535593508612185, "range": 1.9351389408111572, "motion_rms": 0.5044031361789432}, "raw_action": {"min": -13.499549865722656, "max": 9.747174263000488, "rms": 6.544100200073936, "range": 23.246724128723145, "motion_rms": 5.5932419482831275}, "applied_action": {"min": -0.25, "max": 0.25, "rms": 0.23998358823992275, "range": 0.5, "motion_rms": 0.23154377090972905}, "position_clip_count": 0, "torque_clip_count": 16}, "hip": {"target": {"min": -3.0275087356567383, "max": 0.03493773937225342, "rms": 1.0673998141799093, "range": 3.0624464750289917, "motion_rms": 0.6042897877759076}, "actual": {"min": -1.4637213945388794, "max": -0.25329887866973877, "rms": 0.8179926438185393, "range": 1.2104225158691406, "motion_rms": 0.26032801537571687}, "raw_action": {"min": -15.837691307067871, "max": -0.6457257270812988, "rms": 6.189418648038354, "range": 15.191965579986572, "motion_rms": 3.6247203502220553}, "applied_action": {"min": -0.25, "max": -0.25, "rms": 0.25, "range": 0.0, "motion_rms": 0.0}, "position_clip_count": 0, "torque_clip_count": 12}, "knee": {"target": {"min": -1.2105352878570557, "max": 2.700000047683716, "rms": 1.7384941448587057, "range": 3.9105353355407715, "motion_rms": 0.9983862772915778}, "actual": {"min": 1.4863314628601074, "max": 2.4353249073028564, "rms": 1.8070089662994435, "range": 0.948993444442749, "motion_rms": 0.251488360917442}, "raw_action": {"min": -5.871088027954102, "max": 18.734630584716797, "rms": 7.974549812350578, "range": 24.6057186126709, "motion_rms": 6.897048915275385}, "applied_action": {"min": -0.25, "max": 0.25, "rms": 0.24375809174010452, "range": 0.5, "motion_rms": 0.22694269057919805}, "position_clip_count": 0, "torque_clip_count": 10}}, "target_range_min": 3.0, "actual_range_min": 0.948993444442749, "actual_motion_rms_min": 0.251488360917442}, "_gate": {"front_target_range_min": 0.0624999925494194, "front_actual_range_min": 0.08806252479553223, "front_target_threshold_rad": 0.04, "front_actual_threshold_rad": 0.05, "ok": true}}}
[STAGE] event_loop_done
