[3gH    H    H    H    H    H    H    H    H    H    H    H    H    H    H    H    H    H    H    H   [INFO] Using python from: /home/pma213x/.venvs/minicheetah-isaaclab/bin/python
[INFO][AppLauncher]: Loading experience file: /home/pma213x/IsaacLab/apps/isaaclab.python.headless.kit
[Warning] [simulation_app.simulation_app] Modules: ['omni.kit_app'] were loaded before SimulationApp was started and might not be loaded correctly.
[Warning] [simulation_app.simulation_app] Please check to make sure no extra omniverse or pxr modules are imported before the call to SimulationApp(...)
Loading user config located at: '/home/pma213x/.venvs/minicheetah-isaaclab/lib/python3.10/site-packages/omni/data/Kit/Isaac-Sim/4.5/user.config.json'
[Info] [carb] Logging to file: /home/pma213x/.venvs/minicheetah-isaaclab/lib/python3.10/site-packages/omni/logs/Kit/Isaac-Sim/4.5/kit_20261008_231625.log
2026-10-08 15:16:25 [0ms] [Warning] [omni.kit.app.plugin] No crash reporter present, dumps uploading isn't available.
2026-10-08 15:16:25 [92ms] [Warning] [omni.usd_config.extension] Enable omni.materialx.libs extension to use MaterialX
2026-10-08 15:16:25 [358ms] [Warning] [omni.datastore] OmniHub is inaccessible
2026-10-08 15:16:25 [384ms] [Warning] [omni.isaac.dynamic_control] omni.isaac.dynamic_control is deprecated as of Isaac Sim 4.5. No action is needed from end-users.
Gym has been unmaintained since 2022 and does not support NumPy 2.0 amongst other critical functionality.
Please upgrade to Gymnasium, the maintained drop-in replacement of Gym, or contact the authors of your software and request that they upgrade.
See the migration guide at https://gymnasium.farama.org/introduction/migration_guide/ for additional information.
2026-10-08 15:16:27 [1,851ms] [Warning] [gpu.foundation.plugin] Skipping unsupported non-NVIDIA GPU: Intel(R) UHD Graphics (ADL-S GT0.5)
2026-10-08 15:16:27 [1,851ms] [Warning] [gpu.foundation.plugin] Skipping unsupported non-NVIDIA GPU: Intel(R) UHD Graphics (ADL-S GT0.5)

|---------------------------------------------------------------------------------------------|
| Driver Version: 580.178.04    | Graphics API: Vulkan
|=============================================================================================|
| GPU | Name                             | Active | LDA | GPU Memory | Vendor-ID | LUID       |
|     |                                  |        |     |            | Device-ID | UUID       |
|     |                                  |        |     |            | Bus-ID    |            |
|---------------------------------------------------------------------------------------------|
| 0   | NVIDIA GeForce RTX 4060 Laptop.. | Yes: 0 |     | 8188    MB | 10de      | 0          |
|     |                                  |        |     |            | 28e0      | 4d090564.. |
|     |                                  |        |     |            | 1         |            |
|---------------------------------------------------------------------------------------------|
| 1   | Intel(R) UHD Graphics (ADL-S G.. |        |     | 11374   MB | 8086      | 0          |
|     |                                  |        |     |            | 468b      | 86808b46.. |
|     |                                  |        |     |            | 0         |            |
|=============================================================================================|
| OS: 26.04.1 LTS (Resolute Raccoon) ubuntu, Version: 26.04.1, Kernel: 7.0.0-34-generic
| XServer Vendor: The X.Org Foundation, XServer Version: 12401010 (1.24.1.10)
| Processor: 13th Gen Intel(R) Core(TM) i5-13500HX
| Bare Metal Cores: 14 | Bare Metal Logical Cores: 28
| Available Cores:  20 
|---------------------------------------------------------------------------------------------|
| Total Memory (MB): 15166 | Free Memory: 6464
| Total Page/Swap (MB): 20479 | Free Page/Swap: 14517
|---------------------------------------------------------------------------------------------|
2026-10-08 15:16:27 [2,070ms] [Warning] [gpu.foundation.plugin] IOMMU is enabled.
2026-10-08 15:16:27 [2,072ms] [Warning] [gpu.foundation.plugin] Detected IOMMU is enabled. Running CUDA peer-to-peer bandwidth and latency validation.
Unidirectional P2P=Enabled Bandwidth (P2P Writes) Matrix (GB/s)
   D\D     0 
     0 221.06 
P2P=Enabled Latency (P2P Writes) Matrix (us)
   GPU     0 
     0   1.39 

   CPU     0 
     0   1.68 
[STAGE] config_start
[INFO]: Parsing configuration from: training.envs.velocity_flat_env_cfg:YoboGoVelocityFlatEnvCfg
[STAGE] config_done
[STAGE] environment_create_start
2026-10-08 15:16:27 [2,259ms] [Warning] [isaaclab.envs.manager_based_env] Seed not set for the environment. The environment creation may not be deterministic.
[INFO]: Base environment:
	Environment device    : cuda:0
	Environment seed      : None
	Physics step-size     : 0.0004
	Rendering step-size   : 0.002
	Environment step-size : 0.002
2026-10-08 15:16:27 [2,332ms] [Warning] [isaaclab.terrains.terrain_importer] Visual material specified for ground plane but no diffuse color found. Using default color: (0.0, 0.0, 0.0)
[INFO]: Time taken for scene creation : 15.402478 seconds
[INFO]: Scene manager:  <class InteractiveScene>
	Number of environments: 1
	Environment spacing   : 2.5
	Source prim name      : /World/envs/env_0
	Global prim paths     : ['/World/ground']
	Replicate physics     : True
[INFO]: Starting the simulation. This may take a few seconds. Please wait...
[INFO]: Time taken for simulation start : 0.509928 seconds
2026-10-08 15:16:43 [18,447ms] [Warning] [omni.usd] Warning: in GetNodeDiscoveryResults at line 136 of /builds/omniverse/usd-ci/USD/pxr/usd/usdShade/shaderDefUtils.cpp -- Unable to resolve info:sourceAsset </UsdPreviewSurface.info:mdl:sourceAsset> with value @UsdPreviewSurface.mdl@.

2026-10-08 15:16:43 [18,447ms] [Warning] [omni.usd] Warning: in GetNodeDiscoveryResults at line 136 of /builds/omniverse/usd-ci/USD/pxr/usd/usdShade/shaderDefUtils.cpp -- Unable to resolve info:sourceAsset </UsdUVTexture.info:mdl:sourceAsset> with value @UsdPreviewSurface.mdl@.

2026-10-08 15:16:43 [18,447ms] [Warning] [omni.usd] Warning: in GetNodeDiscoveryResults at line 136 of /builds/omniverse/usd-ci/USD/pxr/usd/usdShade/shaderDefUtils.cpp -- Unable to resolve info:sourceAsset </UsdPrimvarReader_float.info:mdl:sourceAsset> with value @UsdPreviewSurface.mdl@.

2026-10-08 15:16:43 [18,448ms] [Warning] [omni.usd] Warning: in GetNodeDiscoveryResults at line 136 of /builds/omniverse/usd-ci/USD/pxr/usd/usdShade/shaderDefUtils.cpp -- Unable to resolve info:sourceAsset </UsdPrimvarReader_float2.info:mdl:sourceAsset> with value @UsdPreviewSurface.mdl@.

2026-10-08 15:16:43 [18,448ms] [Warning] [omni.usd] Warning: in GetNodeDiscoveryResults at line 136 of /builds/omniverse/usd-ci/USD/pxr/usd/usdShade/shaderDefUtils.cpp -- Unable to resolve info:sourceAsset </UsdPrimvarReader_float3.info:mdl:sourceAsset> with value @UsdPreviewSurface.mdl@.

2026-10-08 15:16:43 [18,448ms] [Warning] [omni.usd] Warning: in GetNodeDiscoveryResults at line 136 of /builds/omniverse/usd-ci/USD/pxr/usd/usdShade/shaderDefUtils.cpp -- Unable to resolve info:sourceAsset </UsdPrimvarReader_float4.info:mdl:sourceAsset> with value @UsdPreviewSurface.mdl@.

2026-10-08 15:16:43 [18,448ms] [Warning] [omni.usd] Warning: in GetNodeDiscoveryResults at line 136 of /builds/omniverse/usd-ci/USD/pxr/usd/usdShade/shaderDefUtils.cpp -- Unable to resolve info:sourceAsset </UsdPrimvarReader_int.info:mdl:sourceAsset> with value @UsdPreviewSurface.mdl@.

2026-10-08 15:16:43 [18,448ms] [Warning] [omni.usd] Warning: in GetNodeDiscoveryResults at line 136 of /builds/omniverse/usd-ci/USD/pxr/usd/usdShade/shaderDefUtils.cpp -- Unable to resolve info:sourceAsset </UsdPrimvarReader_string.info:mdl:sourceAsset> with value @UsdPreviewSurface.mdl@.

2026-10-08 15:16:43 [18,448ms] [Warning] [omni.usd] Warning: in GetNodeDiscoveryResults at line 136 of /builds/omniverse/usd-ci/USD/pxr/usd/usdShade/shaderDefUtils.cpp -- Unable to resolve info:sourceAsset </UsdPrimvarReader_normal.info:mdl:sourceAsset> with value @UsdPreviewSurface.mdl@.

2026-10-08 15:16:43 [18,448ms] [Warning] [omni.usd] Warning: in GetNodeDiscoveryResults at line 136 of /builds/omniverse/usd-ci/USD/pxr/usd/usdShade/shaderDefUtils.cpp -- Unable to resolve info:sourceAsset </UsdPrimvarReader_point.info:mdl:sourceAsset> with value @UsdPreviewSurface.mdl@.

2026-10-08 15:16:43 [18,450ms] [Warning] [omni.usd] Warning: in GetNodeDiscoveryResults at line 136 of /builds/omniverse/usd-ci/USD/pxr/usd/usdShade/shaderDefUtils.cpp -- Unable to resolve info:sourceAsset </UsdPrimvarReader_vector.info:mdl:sourceAsset> with value @UsdPreviewSurface.mdl@.

2026-10-08 15:16:43 [18,450ms] [Warning] [omni.usd] Warning: in GetNodeDiscoveryResults at line 136 of /builds/omniverse/usd-ci/USD/pxr/usd/usdShade/shaderDefUtils.cpp -- Unable to resolve info:sourceAsset </UsdPrimvarReader_matrix.info:mdl:sourceAsset> with value @UsdPreviewSurface.mdl@.

2026-10-08 15:16:43 [18,450ms] [Warning] [omni.usd] Warning: in GetNodeDiscoveryResults at line 136 of /builds/omniverse/usd-ci/USD/pxr/usd/usdShade/shaderDefUtils.cpp -- Unable to resolve info:sourceAsset </UsdTransform2d.info:mdl:sourceAsset> with value @UsdPreviewSurface.mdl@.

[INFO] Command Manager:  <CommandManager> contains 1 active terms.
+------------------------------------------------+
|              Active Command Terms              |
+-------+---------------+------------------------+
| Index | Name          |          Type          |
+-------+---------------+------------------------+
|   0   | base_velocity | UniformVelocityCommand |
+-------+---------------+------------------------+

[INFO] Recorder Manager:  <RecorderManager> contains 0 active terms.
+---------------------+
| Active Recorder Terms |
+-----------+---------+
|   Index   | Name    |
+-----------+---------+
+-----------+---------+

[INFO] Action Manager:  <ActionManager> contains 1 active terms.
+------------------------------------+
|  Active Action Terms (shape: 12)   |
+--------+-------------+-------------+
| Index  | Name        |   Dimension |
+--------+-------------+-------------+
|   0    | joint_pos   |          12 |
+--------+-------------+-------------+

[INFO] Observation Manager: <ObservationManager> contains 1 groups.
+---------------------------------------------------------+
| Active Observation Terms in Group: 'policy' (shape: (48,)) |
+-----------+---------------------------------+-----------+
|   Index   | Name                            |   Shape   |
+-----------+---------------------------------+-----------+
|     0     | base_lin_vel                    |    (3,)   |
|     1     | base_ang_vel                    |    (3,)   |
|     2     | projected_gravity               |    (3,)   |
|     3     | velocity_commands               |    (3,)   |
|     4     | joint_pos                       |   (12,)   |
|     5     | joint_vel                       |   (12,)   |
|     6     | actions                         |   (12,)   |
+-----------+---------------------------------+-----------+

[INFO] Event Manager:  <EventManager> contains 3 active terms.
+--------------------------------------+
| Active Event Terms in Mode: 'startup' |
+----------+---------------------------+
|  Index   | Name                      |
+----------+---------------------------+
|    0     | physics_material          |
+----------+---------------------------+
+---------------------------------------+
|  Active Event Terms in Mode: 'reset'  |
+--------+------------------------------+
| Index  | Name                         |
+--------+------------------------------+
|   0    | base_external_force_torque   |
|   1    | reset_base                   |
|   2    | reset_robot_joints           |
+--------+------------------------------+
+----------------------------------------------+
|    Active Event Terms in Mode: 'interval'    |
+-------+------------+-------------------------+
| Index | Name       | Interval time range (s) |
+-------+------------+-------------------------+
|   0   | push_robot |       (10.0, 15.0)      |
+-------+------------+-------------------------+

[INFO] Termination Manager:  <TerminationManager> contains 2 active terms.
+---------------------------------+
|     Active Termination Terms    |
+-------+--------------+----------+
| Index | Name         | Time Out |
+-------+--------------+----------+
|   0   | time_out     |   True   |
|   1   | base_contact |  False   |
+-------+--------------+----------+

[INFO] Reward Manager:  <RewardManager> contains 11 active terms.
+-----------------------------------------+
|           Active Reward Terms           |
+-------+----------------------+----------+
| Index | Name                 |   Weight |
+-------+----------------------+----------+
|   0   | track_lin_vel_xy_exp |      1.0 |
|   1   | track_ang_vel_z_exp  |      0.5 |
|   2   | lin_vel_z_l2         |     -2.0 |
|   3   | ang_vel_xy_l2        |    -0.05 |
|   4   | dof_torques_l2       | -2.5e-05 |
|   5   | dof_acc_l2           | -2.5e-07 |
|   6   | action_rate_l2       |    -0.01 |
|   7   | feet_air_time        |      0.5 |
|   8   | undesired_contacts   |     -1.0 |
|   9   | flat_orientation_l2  |     -5.0 |
|   10  | dof_pos_limits       |      0.0 |
+-------+----------------------+----------+

[INFO] Curriculum Manager:  <CurriculumManager> contains 0 active terms.
+----------------------+
| Active Curriculum Terms |
+-----------+----------+
|   Index   | Name     |
+-----------+----------+
+-----------+----------+

[INFO]: Completed setting up the environment...
[STAGE] environment_create_done
[STAGE] policy_adapter_setup_start
[STAGE] policy_adapter_setup_done
[INFO] task=YoboGo-Velocity-Flat-v0
[INFO] weights_adaptation=/run/media/pma213x/0C6A8CC86A8CAFCE/Ubuntu2/CodeU/Dog1/mini-cheetah-isaaclab/external_models/rapid-locomotion-rl/runs/rapid-locomotion/example/train/201852.132488/checkpoints/adaptation_module_latest.jit
[INFO] weights_body=/run/media/pma213x/0C6A8CC86A8CAFCE/Ubuntu2/CodeU/Dog1/mini-cheetah-isaaclab/external_models/rapid-locomotion-rl/runs/rapid-locomotion/example/train/201852.132488/checkpoints/body_latest.jit
[INFO] yobogo_observation_dim=48 rapid_observation_dim=42
[INFO] history_dim=630 action_dim=12
[INFO] inference_period=10 control_period_s=0.002 inference_hz=50
[INFO] rapid_replay_actuator_kp=20 kd=0.5 effort=18/18/26
[INFO] scenario=None rapid_command_requested=[0.3, 0.0, 0.0] settle_steps=0 motion_steps=0
[INFO] model_dummy_action_shape=(1, 12)
[INFO] model_dummy_latent_shape=(1, 18)
[STAGE] event_loop_start
[DIAG_INFER] step=1 policy_action_max=1.248121 applied_action_max=0.250000 obs_max=1.000000 history_nonzero_rows=0 position_clip=0 torque_clip=0 action=[-0.19196970760822296, 0.6424431800842285, -0.24320274591445923, -0.12731793522834778, 0.7155734300613403, 0.46448153257369995, 0.17107364535331726, -1.2481207847595215, 0.8329901695251465, 0.16779932379722595, -0.6457257270812988, -0.7750471830368042]
[DIAG_TARGET] step=1 target_error=0.000000000 default=[0.0, -0.7853981852531433, 1.8654682636260986, 0.0, -0.7853981852531433, 1.8654682636260986, 0.0, -0.7853981852531433, 1.8654682636260986, 0.0, -0.7853981852531433, 1.8654682636260986] desired=[-0.12399621307849884, -0.737500011920929, 1.559199333190918, 0.08408525586128235, -0.737500011920929, 1.6825000047683716, -0.07861579954624176, -0.862500011920929, 1.6825000047683716, 0.12097491323947906, -0.862500011920929, 1.5575000047683716] applied=[-0.12399621307849884, -0.737500011920929, 1.559199333190918, 0.08408525586128235, -0.737500011920929, 1.6825000047683716, -0.07861579954624176, -0.862500011920929, 1.6825000047683716, 0.12097491323947906, -0.862500011920929, 1.5575000047683716] current=[-0.0018970782402902842, -0.783359169960022, 1.865520715713501, -8.852364771883003e-06, -0.7842124700546265, 1.8666470050811768, -0.0013072063447907567, -0.7849928736686707, 1.8645212650299072, 8.343291119672358e-05, -0.7846659421920776, 1.8652046918869019]
[STAGE] first_step_done
[DIAG_INFER] step=11 policy_action_max=7.111858 applied_action_max=0.250000 obs_max=2.496691 history_nonzero_rows=1 position_clip=0 torque_clip=1 action=[7.111858367919922, 2.822916269302368, 3.095846652984619, -0.4906700551509857, 1.4184075593948364, -1.3382306098937988, -5.75056791305542, -0.7612712383270264, -4.9044928550720215, -6.938237190246582, -2.318046808242798, 3.8074214458465576]
[DIAG_TARGET] step=11 target_error=0.000000000 default=[0.0, -0.7853981852531433, 1.8654682636260986, 0.0, -0.7853981852531433, 1.8654682636260986, 0.0, -0.7853981852531433, 1.8654682636260986, 0.0, -0.7853981852531433, 1.8654682636260986] desired=[-0.06875000149011612, -0.737500011920929, 1.6825000047683716, 0.06875000149011612, -0.737500011920929, 1.5575000047683716, -0.13124999403953552, -0.862500011920929, 1.5575000047683716, 0.06875000149011612, 0.7990861535072327, 1.6825000047683716] applied=[-0.06875000149011612, -0.737500011920929, 1.6825000047683716, 0.06875000149011612, -0.737500011920929, 1.5575000047683716, -0.13124999403953552, -0.862500011920929, 1.5575000047683716, 0.06875000149011612, 0.7990861535072327, 1.6825000047683716] current=[-0.018846001476049423, -0.7340320944786072, 1.849124789237976, -0.009221646003425121, -0.7528073191642761, 1.8766772747039795, -0.03524225205183029, -0.7668258547782898, 1.8390331268310547, 0.002846886171028018, -0.7560386061668396, 1.8642244338989258]
[DIAG_INFER] step=21 policy_action_max=7.922641 applied_action_max=0.250000 obs_max=7.111858 history_nonzero_rows=2 position_clip=0 torque_clip=2 action=[7.880154609680176, -1.2398747205734253, 2.678847312927246, -2.888587236404419, 2.438035011291504, 1.1138527393341064, -4.760257244110107, 0.17758429050445557, -7.922641277313232, -4.994060516357422, -2.3530561923980713, 3.156471014022827]
[DIAG_TARGET] step=21 target_error=0.000000015 default=[0.0, -0.7853981852531433, 1.8654682636260986, 0.0, -0.7853981852531433, 1.8654682636260986, 0.0, -0.7853981852531433, 1.8654682636260986, 0.0, -0.7853981852531433, 1.8654682636260986] desired=[-0.06875000149011612, -0.862500011920929, 1.6825000047683716, 0.06875000149011612, -0.737500011920929, 1.6825000047683716, -0.13124999403953552, -0.22086216509342194, 1.5575000047683716, 0.06875000149011612, 0.9506757855415344, 1.6825000047683716] applied=[-0.06875000149011612, -0.862500011920929, 1.6825000047683716, 0.06875000149011612, -0.737500011920929, 1.6825000047683716, -0.13124999403953552, -0.22086215019226074, 1.5575000047683716, 0.06875000149011612, 0.9506757855415344, 1.6825000047683716] current=[-0.03650391474366188, -0.6793971657752991, 1.824291706085205, -0.02754548005759716, -0.7098398208618164, 1.8846116065979004, -0.06999028474092484, -0.725477397441864, 1.7994239330291748, 0.041171442717313766, -0.19595862925052643, 1.7204943895339966]
[DIAG_INFER] step=31 policy_action_max=5.521016 applied_action_max=0.250000 obs_max=7.922641 history_nonzero_rows=3 position_clip=0 torque_clip=2 action=[4.813910484313965, -0.30461975932121277, 2.6640613079071045, -2.7547059059143066, -2.733771562576294, -2.37658429145813, -3.431675672531128, -3.892744302749634, -5.5210161209106445, -1.120580792427063, -4.450129508972168, 1.419413447380066]
[DIAG_TARGET] step=31 target_error=0.000000000 default=[0.0, -0.7853981852531433, 1.8654682636260986, 0.0, -0.7853981852531433, 1.8654682636260986, 0.0, -0.7853981852531433, 1.8654682636260986, 0.0, -0.7853981852531433, 1.8654682636260986] desired=[-0.06875000149011612, -0.862500011920929, 1.6825000047683716, 0.06875000149011612, -0.862500011920929, 1.5575000047683716, -0.13124999403953552, 0.33798688650131226, 1.5575000047683716, 0.06875000149011612, -2.120129108428955, 1.6825000047683716] applied=[-0.06875000149011612, -0.862500011920929, 1.6825000047683716, 0.06875000149011612, -0.862500011920929, 1.5575000047683716, -0.13124999403953552, 0.33798688650131226, 1.5575000047683716, 0.06875000149011612, -2.120129108428955, 1.6825000047683716] current=[-0.03526721149682999, -0.6953706741333008, 1.8066434860229492, -0.008825619705021381, -0.6748018264770508, 1.9057074785232544, -0.09986055642366409, -0.5403135418891907, 1.7025293111801147, 0.038810234516859055, 0.5226384997367859, 1.6630747318267822]
[DIAG_INFER] step=41 policy_action_max=3.411101 applied_action_max=0.250000 obs_max=5.521016 history_nonzero_rows=4 position_clip=0 torque_clip=3 action=[2.99735689163208, -1.1565186977386475, 2.9191505908966064, -2.656558036804199, -1.0601842403411865, -2.902498722076416, -3.4111006259918213, -1.3391761779785156, -1.7390214204788208, -2.2722132205963135, -3.0223019123077393, -0.001699492335319519]
[DIAG_TARGET] step=41 target_error=0.000000000 default=[0.0, -0.7853981852531433, 1.8654682636260986, 0.0, -0.7853981852531433, 1.8654682636260986, 0.0, -0.7853981852531433, 1.8654682636260986, 0.0, -0.7853981852531433, 1.8654682636260986] desired=[-0.06875000149011612, -0.862500011920929, 1.6825000047683716, 0.06875000149011612, -0.5122953653335571, 1.5575000047683716, -0.13124999403953552, -0.862500011920929, 1.5575000047683716, -0.7477352023124695, -2.8259665966033936, 1.6195751428604126] applied=[-0.06875000149011612, -0.862500011920929, 1.6825000047683716, 0.06875000149011612, -0.5122953653335571, 1.5575000047683716, -0.13124999403953552, -0.862500011920929, 1.5575000047683716, -0.7477352023124695, -2.8259665966033936, 1.6195751428604126] current=[-0.05826670303940773, -0.7517131567001343, 1.784290075302124, 0.01081179454922676, -0.6590059995651245, 1.9126578569412231, -0.1311662495136261, -0.12544269859790802, 1.5965018272399902, 0.06788809597492218, 0.4563121497631073, 1.7299144268035889]
[DIAG_INFER] step=51 policy_action_max=3.539466 applied_action_max=0.250000 obs_max=3.411101 history_nonzero_rows=5 position_clip=0 torque_clip=1 action=[2.810652017593384, -0.518358588218689, 0.9705938100814819, -1.585300087928772, 2.5400140285491943, -0.48573505878448486, -3.5394656658172607, 1.7652766704559326, -1.3732564449310303, -1.4487661123275757, -2.3140993118286133, -0.09754453599452972]
[DIAG_TARGET] step=51 target_error=0.000000000 default=[0.0, -0.7853981852531433, 1.8654682636260986, 0.0, -0.7853981852531433, 1.8654682636260986, 0.0, -0.7853981852531433, 1.8654682636260986, 0.0, -0.7853981852531433, 1.8654682636260986] desired=[-0.06875000149011612, -0.862500011920929, 1.6825000047683716, 0.06875000149011612, -0.737500011920929, 1.5575000047683716, -0.13124999403953552, -0.737500011920929, 1.5575000047683716, -0.1849258542060852, -0.862500011920929, 1.5956138372421265] applied=[-0.06875000149011612, -0.862500011920929, 1.6825000047683716, 0.06875000149011612, -0.737500011920929, 1.5575000047683716, -0.13124999403953552, -0.737500011920929, 1.5575000047683716, -0.1849258542060852, -0.862500011920929, 1.5956138372421265] current=[-0.10843372344970703, -0.7918439507484436, 1.7845330238342285, -0.04022236913442612, -0.6558440923690796, 1.875331997871399, -0.18411119282245636, -0.2283678650856018, 1.6175105571746826, -0.2551673948764801, -0.2745260000228882, 1.758222222328186]
[DIAG_INFER] step=61 policy_action_max=5.640476 applied_action_max=0.250000 obs_max=3.539466 history_nonzero_rows=6 position_clip=0 torque_clip=2 action=[3.8352482318878174, 2.2330710887908936, 2.7284748554229736, -0.13291248679161072, -0.3416796922683716, -3.6339352130889893, -3.2368710041046143, 0.3925960063934326, -2.300868272781372, 2.464338779449463, -5.640476226806641, 3.2142739295959473]
[DIAG_TARGET] step=61 target_error=0.000000000 default=[0.0, -0.7853981852531433, 1.8654682636260986, 0.0, -0.7853981852531433, 1.8654682636260986, 0.0, -0.7853981852531433, 1.8654682636260986, 0.0, -0.7853981852531433, 1.8654682636260986] desired=[-0.06875000149011612, -0.737500011920929, 1.6825000047683716, 0.08338594436645508, -0.862500011920929, 1.5575000047683716, -0.13124999403953552, -0.737500011920929, 1.5575000047683716, 0.8226862549781799, -0.862500011920929, 1.40041184425354] applied=[-0.06875000149011612, -0.737500011920929, 1.6825000047683716, 0.08338594436645508, -0.862500011920929, 1.5575000047683716, -0.13124999403953552, -0.737500011920929, 1.5575000047683716, 0.8226862549781799, -0.862500011920929, 1.40041184425354] current=[-0.0803857147693634, -0.7985867261886597, 1.76007878780365, -0.02333770878612995, -0.6644510626792908, 1.8501898050308228, -0.17359653115272522, -0.44474518299102783, 1.7084773778915405, -0.3071953058242798, -0.43935728073120117, 1.9042364358901978]
[DIAG_INFER] step=71 policy_action_max=7.153405 applied_action_max=0.250000 obs_max=5.640476 history_nonzero_rows=7 position_clip=0 torque_clip=3 action=[7.15340518951416, 3.218679666519165, 3.1586897373199463, 0.08740869164466858, 3.1628549098968506, -1.3613200187683105, -5.797928333282471, 2.1824443340301514, -5.671530246734619, 3.071399688720703, -5.308705806732178, 5.880002021789551]
[DIAG_TARGET] step=71 target_error=0.000000000 default=[0.0, -0.7853981852531433, 1.8654682636260986, 0.0, -0.7853981852531433, 1.8654682636260986, 0.0, -0.7853981852531433, 1.8654682636260986, 0.0, -0.7853981852531433, 1.8654682636260986] desired=[-0.06875000149011612, -0.737500011920929, 1.6825000047683716, 0.11092609167098999, -0.737500011920929, 1.5575000047683716, -0.13124999403953552, -0.737500011920929, 1.5575000047683716, 1.5, 0.19806009531021118, 1.3974108695983887] applied=[-0.06875000149011612, -0.737500011920929, 1.6825000047683716, 0.11092609167098999, -0.737500011920929, 1.5575000047683716, -0.13124999403953552, -0.737500011920929, 1.5575000047683716, 1.5, 0.19806009531021118, 1.3974108695983887] current=[0.0024298119824379683, -0.7657980918884277, 1.7095158100128174, 0.09427325427532196, -0.6834821701049805, 1.8421733379364014, -0.12115908414125443, -0.5141515135765076, 1.715775489807129, -0.07484252005815506, -0.45525094866752625, 1.9745346307754517]
[DIAG_INFER] step=81 policy_action_max=7.499217 applied_action_max=0.250000 obs_max=7.153405 history_nonzero_rows=8 position_clip=0 torque_clip=2 action=[7.499216556549072, -0.44953712821006775, 3.1676971912384033, -1.148554801940918, 2.6949353218078613, 0.6649230718612671, -6.315539836883545, 1.5602929592132568, -5.619458198547363, -4.579388618469238, -3.6419358253479004, 2.6142735481262207]
[DIAG_TARGET] step=81 target_error=0.000000000 default=[0.0, -0.7853981852531433, 1.8654682636260986, 0.0, -0.7853981852531433, 1.8654682636260986, 0.0, -0.7853981852531433, 1.8654682636260986, 0.0, -0.7853981852531433, 1.8654682636260986] desired=[-0.06875000149011612, -0.862500011920929, 1.6825000047683716, 0.06875000149011612, -0.737500011920929, 1.6825000047683716, -0.13124999403953552, -0.737500011920929, 1.5575000047683716, -0.29224568605422974, -0.30841314792633057, 1.6825000047683716] applied=[-0.06875000149011612, -0.862500011920929, 1.6825000047683716, 0.06875000149011612, -0.737500011920929, 1.6825000047683716, -0.13124999403953552, -0.737500011920929, 1.5575000047683716, -0.29224568605422974, -0.30841314792633057, 1.6825000047683716] current=[-0.011866374872624874, -0.729805052280426, 1.6926050186157227, 0.18384197354316711, -0.6596515774726868, 1.8184494972229004, -0.07060793042182922, -0.5694804191589355, 1.6738617420196533, 0.08064412325620651, -0.4062007665634155, 1.9993740320205688]
[DIAG_INFER] step=91 policy_action_max=6.526044 applied_action_max=0.250000 obs_max=7.499217 history_nonzero_rows=9 position_clip=0 torque_clip=2 action=[6.359851837158203, 0.8933669328689575, 5.195755958557129, -5.486155986785889, 0.10756120085716248, -0.6040847897529602, -6.526043891906738, -3.560506582260132, -1.399662733078003, -5.174134254455566, -4.0558390617370605, -0.46489548683166504]
[DIAG_TARGET] step=91 target_error=0.000000000 default=[0.0, -0.7853981852531433, 1.8654682636260986, 0.0, -0.7853981852531433, 1.8654682636260986, 0.0, -0.7853981852531433, 1.8654682636260986, 0.0, -0.7853981852531433, 1.8654682636260986] desired=[-0.06875000149011612, -0.737500011920929, 1.6825000047683716, 0.06875000149011612, -0.7731097340583801, 1.5575000047683716, -0.13124999403953552, -0.862500011920929, 1.5575000047683716, -1.5, -3.3215436935424805, 1.5575000047683716] applied=[-0.06875000149011612, -0.737500011920929, 1.6825000047683716, 0.06875000149011612, -0.7731097340583801, 1.5575000047683716, -0.13124999403953552, -0.862500011920929, 1.5575000047683716, -1.5, -3.3215436935424805, 1.5575000047683716] current=[-0.0998816192150116, -0.7766501903533936, 1.6934723854064941, 0.11989524960517883, -0.6412339806556702, 1.7888420820236206, -0.12784886360168457, -0.6495497822761536, 1.6242235898971558, 0.005338911432772875, -0.356586754322052, 1.8762913942337036]
[DIAG_INFER] step=101 policy_action_max=7.886926 applied_action_max=0.250000 obs_max=6.526044 history_nonzero_rows=10 position_clip=0 torque_clip=2 action=[4.6422119140625, 0.8906240463256836, 2.01499342918396, 0.6939119100570679, -0.15195049345493317, -3.9762933254241943, -4.217801094055176, 4.0780930519104, -7.232334136962891, 2.5503458976745605, -4.638656139373779, 7.886926174163818]
[DIAG_TARGET] step=101 target_error=0.000000000 default=[0.0, -0.7853981852531433, 1.8654682636260986, 0.0, -0.7853981852531433, 1.8654682636260986, 0.0, -0.7853981852531433, 1.8654682636260986, 0.0, -0.7853981852531433, 1.8654682636260986] desired=[-0.06875000149011612, -0.737500011920929, 1.6825000047683716, 0.13124999403953552, -0.8379876613616943, 1.5575000047683716, -0.5997892022132874, -0.737500011920929, 1.5575000047683716, 1.4024813175201416, -0.862500011920929, 1.6825000047683716] applied=[-0.06875000149011612, -0.737500011920929, 1.6825000047683716, 0.13124999403953552, -0.8379876613616943, 1.5575000047683716, -0.5997892022132874, -0.737500011920929, 1.5575000047683716, 1.4024813175201416, -0.862500011920929, 1.6825000047683716] current=[-0.13563145697116852, -0.7904518842697144, 1.6835079193115234, 0.03017781674861908, -0.6392731070518494, 1.719927191734314, -0.22062700986862183, -0.7298575639724731, 1.6433228254318237, -0.6122470498085022, -0.7612465023994446, 1.8802822828292847]
[DIAG_INFER] step=111 policy_action_max=10.285201 applied_action_max=0.250000 obs_max=7.886926 history_nonzero_rows=11 position_clip=0 torque_clip=2 action=[5.065420627593994, 3.2871952056884766, 4.03768253326416, 3.1602365970611572, 2.9825546741485596, -3.6713225841522217, -4.8963847160339355, 1.321838140487671, -5.060199737548828, 5.344735622406006, -5.073946475982666, 10.285201072692871]
[DIAG_TARGET] step=111 target_error=0.000000000 default=[0.0, -0.7853981852531433, 1.8654682636260986, 0.0, -0.7853981852531433, 1.8654682636260986, 0.0, -0.7853981852531433, 1.8654682636260986, 0.0, -0.7853981852531433, 1.8654682636260986] desired=[-0.06875000149011612, -0.737500011920929, 1.6825000047683716, 0.13124999403953552, -0.737500011920929, 1.5575000047683716, -0.13124999403953552, -0.737500011920929, 1.5575000047683716, 1.5, 0.20085006952285767, 1.6825000047683716] applied=[-0.06875000149011612, -0.737500011920929, 1.6825000047683716, 0.13124999403953552, -0.737500011920929, 1.5575000047683716, -0.13124999403953552, -0.737500011920929, 1.5575000047683716, 1.5, 0.20085006952285767, 1.6825000047683716] current=[-0.023816155269742012, -0.7588388919830322, 1.675812005996704, 0.11361196637153625, -0.6850778460502625, 1.7086858749389648, -0.31160208582878113, -0.7387303709983826, 1.5879521369934082, -0.6974826455116272, -0.9573274254798889, 1.8079651594161987]
[DIAG_INFER] step=121 policy_action_max=7.738665 applied_action_max=0.250000 obs_max=10.285201 history_nonzero_rows=12 position_clip=0 torque_clip=1 action=[5.645209789276123, -0.08518561720848083, 2.17484974861145, -5.8545989990234375, 1.4739660024642944, 1.4816676378250122, -7.7386651039123535, -1.1111822128295898, -3.6306302547454834, 2.271676540374756, -1.358421802520752, 4.406866550445557]
[DIAG_TARGET] step=121 target_error=0.000000000 default=[0.0, -0.7853981852531433, 1.8654682636260986, 0.0, -0.7853981852531433, 1.8654682636260986, 0.0, -0.7853981852531433, 1.8654682636260986, 0.0, -0.7853981852531433, 1.8654682636260986] desired=[-0.06875000149011612, -0.8212963938713074, 1.6825000047683716, 0.06875000149011612, -0.737500011920929, 1.6825000047683716, -0.13124999403953552, -0.862500011920929, 1.5575000047683716, 0.13124999403953552, 0.03083634376525879, 1.6825000047683716] applied=[-0.06875000149011612, -0.8212963938713074, 1.6825000047683716, 0.06875000149011612, -0.737500011920929, 1.6825000047683716, -0.13124999403953552, -0.862500011920929, 1.5575000047683716, 0.13124999403953552, 0.03083634376525879, 1.6825000047683716] current=[0.042199164628982544, -0.7164004445075989, 1.676668643951416, 0.2255479246377945, -0.6517195701599121, 1.7370944023132324, -0.21139366924762726, -0.7226929068565369, 1.5698319673538208, -0.5481831431388855, -0.8877838253974915, 1.8208978176116943]
[DIAG_INFER] step=131 policy_action_max=9.232600 applied_action_max=0.250000 obs_max=7.738665 history_nonzero_rows=13 position_clip=0 torque_clip=2 action=[-1.402061104774475, -0.2544010579586029, 1.1151573657989502, -7.751245021820068, -0.8662492036819458, -0.9862625598907471, -8.167582511901855, -9.232600212097168, -0.44937682151794434, -6.714555263519287, -0.9867926836013794, -1.2520638704299927]
[DIAG_TARGET] step=131 target_error=0.000000000 default=[0.0, -0.7853981852531433, 1.8654682636260986, 0.0, -0.7853981852531433, 1.8654682636260986, 0.0, -0.7853981852531433, 1.8654682636260986, 0.0, -0.7853981852531433, 1.8654682636260986] desired=[-0.13124999403953552, -0.862500011920929, 1.6825000047683716, 0.06875000149011612, -0.862500011920929, 1.5575000047683716, -0.13124999403953552, -0.862500011920929, 1.5575000047683716, -1.5, -2.4873409271240234, 1.5575000047683716] applied=[-0.13124999403953552, -0.862500011920929, 1.6825000047683716, 0.06875000149011612, -0.862500011920929, 1.5575000047683716, -0.13124999403953552, -0.862500011920929, 1.5575000047683716, -1.5, -2.4873409271240234, 1.5575000047683716] current=[-0.019807273522019386, -0.7446241974830627, 1.6816303730010986, 0.23510751128196716, -0.6230340600013733, 1.8056602478027344, -0.13475997745990753, -0.7680482864379883, 1.5665539503097534, -0.3700340986251831, -0.5577540397644043, 1.7617597579956055]
[DIAG_INFER] step=141 policy_action_max=8.660797 applied_action_max=0.250000 obs_max=9.232600 history_nonzero_rows=14 position_clip=0 torque_clip=3 action=[-8.660797119140625, 2.0184638500213623, -5.522033214569092, -8.366044998168945, -0.0838165432214737, -0.2905236482620239, -3.006986618041992, -4.907289981842041, 5.035658359527588, -3.5323143005371094, 2.1602296829223633, -1.597678303718567]
[DIAG_TARGET] step=141 target_error=0.000000000 default=[0.0, -0.7853981852531433, 1.8654682636260986, 0.0, -0.7853981852531433, 1.8654682636260986, 0.0, -0.7853981852531433, 1.8654682636260986, 0.0, -0.7853981852531433, 1.8654682636260986] desired=[-0.13124999403953552, -0.737500011920929, 1.5575000047683716, 0.06875000149011612, -0.8209541440010071, 1.5575000047683716, -0.6299054026603699, -0.862500011920929, 1.6825000047683716, -1.2786542177200317, -3.6016764640808105, 1.5575000047683716] applied=[-0.13124999403953552, -0.737500011920929, 1.5575000047683716, 0.06875000149011612, -0.8209541440010071, 1.5575000047683716, -0.6299054026603699, -0.862500011920929, 1.6825000047683716, -1.2786542177200317, -3.6016764640808105, 1.5575000047683716] current=[-0.1450483202934265, -0.8199265599250793, 1.677475094795227, 0.1475854068994522, -0.6120200753211975, 1.833431363105774, -0.198079913854599, -0.8437901139259338, 1.5641058683395386, -0.8038222789764404, -0.8527493476867676, 1.6883373260498047]
[DIAG_INFER] step=151 policy_action_max=5.979963 applied_action_max=0.250000 obs_max=8.660797 history_nonzero_rows=15 position_clip=0 torque_clip=5 action=[-2.032931089401245, -2.958214044570923, -5.9799628257751465, -2.725592851638794, 4.245002269744873, 2.183771848678589, -2.987766981124878, -1.1128604412078857, -2.4425909519195557, 2.1673877239227295, -1.6556205749511719, -1.4099305868148804]
[DIAG_TARGET] step=151 target_error=0.000000000 default=[0.0, -0.7853981852531433, 1.8654682636260986, 0.0, -0.7853981852531433, 1.8654682636260986, 0.0, -0.7853981852531433, 1.8654682636260986, 0.0, -0.7853981852531433, 1.8654682636260986] desired=[-0.13124999403953552, -0.862500011920929, 1.5575000047683716, 0.06875000149011612, -0.737500011920929, 1.6825000047683716, -0.7222719192504883, -1.715663194656372, 1.5575000047683716, 1.0696680545806885, -0.029854893684387207, 0.5337201356887817] applied=[-0.13124999403953552, -0.862500011920929, 1.5575000047683716, 0.06875000149011612, -0.737500011920929, 1.6825000047683716, -0.7222719192504883, -1.715663194656372, 1.5575000047683716, 1.0696680545806885, -0.029854893684387207, 0.5337201356887817] current=[-0.13450424373149872, -0.8165434002876282, 1.6022615432739258, 0.12106666713953018, -0.5720593333244324, 1.8553898334503174, -0.35107162594795227, -0.8851246237754822, 1.6180839538574219, -1.2781708240509033, -1.6578142642974854, 1.5027581453323364]
[DIAG_INFER] step=161 policy_action_max=7.860563 applied_action_max=0.250000 obs_max=5.979963 history_nonzero_rows=15 position_clip=0 torque_clip=3 action=[-7.860562801361084, -1.439569354057312, -5.099757671356201, -3.763761281967163, -0.5459522008895874, 3.811851739883423, 4.748002052307129, -4.950524806976318, 3.0924134254455566, -4.952828884124756, 0.5204770565032959, -2.3951058387756348]
[DIAG_TARGET] step=161 target_error=0.000000000 default=[0.0, -0.7853981852531433, 1.8654682636260986, 0.0, -0.7853981852531433, 1.8654682636260986, 0.0, -0.7853981852531433, 1.8654682636260986, 0.0, -0.7853981852531433, 1.8654682636260986] desired=[-0.13124999403953552, -0.862500011920929, 1.5575000047683716, 0.06875000149011612, -0.862500011920929, 1.6825000047683716, -0.06875000149011612, -0.862500011920929, 1.6564722061157227, -0.2825195789337158, -0.8474780321121216, 1.5575000047683716] applied=[-0.13124999403953552, -0.862500011920929, 1.5575000047683716, 0.06875000149011612, -0.862500011920929, 1.6825000047683716, -0.06875000149011612, -0.862500011920929, 1.6564722061157227, -0.2825195789337158, -0.8474780321121216, 1.5575000047683716] current=[-0.10711763799190521, -0.8271490335464478, 1.5773955583572388, 0.1261805146932602, -0.5335303544998169, 1.9048572778701782, -0.5565967559814453, -1.206168293952942, 1.5913715362548828, -0.55496746301651, -1.6006410121917725, 1.0121387243270874]
[DIAG_INFER] step=171 policy_action_max=8.732165 applied_action_max=0.250000 obs_max=7.860563 history_nonzero_rows=15 position_clip=0 torque_clip=0 action=[-8.732165336608887, -0.03524169325828552, -3.177711009979248, -2.329125165939331, 1.6539300680160522, 3.6854662895202637, 5.30426549911499, -6.725546360015869, 4.745083808898926, -1.6638230085372925, 0.5891532897949219, -1.3461824655532837]
[DIAG_TARGET] step=171 target_error=0.000000000 default=[0.0, -0.7853981852531433, 1.8654682636260986, 0.0, -0.7853981852531433, 1.8654682636260986, 0.0, -0.7853981852531433, 1.8654682636260986, 0.0, -0.7853981852531433, 1.8654682636260986] desired=[-0.13124999403953552, -0.8088104128837585, 1.5575000047683716, 0.06875000149011612, -0.737500011920929, 1.6825000047683716, -0.06875000149011612, -0.862500011920929, 1.6825000047683716, 0.06875000149011612, -0.737500011920929, 1.5575000047683716] applied=[-0.13124999403953552, -0.8088104128837585, 1.5575000047683716, 0.06875000149011612, -0.737500011920929, 1.6825000047683716, -0.06875000149011612, -0.862500011920929, 1.6825000047683716, 0.06875000149011612, -0.737500011920929, 1.5575000047683716] current=[-0.10747963935136795, -0.828170895576477, 1.5665626525878906, 0.11671427637338638, -0.5228477716445923, 1.9636939764022827, -0.39031511545181274, -1.2202105522155762, 1.5942999124526978, -0.38615304231643677, -1.296019196510315, 1.2461419105529785]
[DIAG_INFER] step=181 policy_action_max=8.894581 applied_action_max=0.250000 obs_max=8.732165 history_nonzero_rows=15 position_clip=0 torque_clip=0 action=[-8.894580841064453, 2.0528271198272705, -1.8108769655227661, -2.092381238937378, 1.4208894968032837, 1.0154942274093628, 4.879292964935303, -7.965444564819336, 5.312837600708008, -5.1361188888549805, 1.223610281944275, -2.713632106781006]
[DIAG_TARGET] step=181 target_error=0.000000000 default=[0.0, -0.7853981852531433, 1.8654682636260986, 0.0, -0.7853981852531433, 1.8654682636260986, 0.0, -0.7853981852531433, 1.8654682636260986, 0.0, -0.7853981852531433, 1.8654682636260986] desired=[-0.13124999403953552, -0.737500011920929, 1.5575000047683716, 0.06875000149011612, -0.737500011920929, 1.6825000047683716, -0.06875000149011612, -0.862500011920929, 1.6825000047683716, 0.06875000149011612, -0.737500011920929, 1.5575000047683716] applied=[-0.13124999403953552, -0.737500011920929, 1.5575000047683716, 0.06875000149011612, -0.737500011920929, 1.6825000047683716, -0.06875000149011612, -0.862500011920929, 1.6825000047683716, 0.06875000149011612, -0.737500011920929, 1.5575000047683716] current=[-0.10719826817512512, -0.819955050945282, 1.558685064315796, 0.12272249162197113, -0.46416395902633667, 2.0139763355255127, -0.16872254014015198, -1.0096067190170288, 1.6356180906295776, -0.3281881511211395, -1.2878377437591553, 1.3161627054214478]
[DIAG_INFER] step=191 policy_action_max=7.540349 applied_action_max=0.250000 obs_max=8.894581 history_nonzero_rows=15 position_clip=0 torque_clip=1 action=[-2.105100393295288, 3.6416282653808594, 0.3035600483417511, -1.3335732221603394, 1.6575061082839966, -0.37157583236694336, 0.7893744111061096, -7.54034948348999, 1.8516974449157715, -5.454339027404785, 0.9510626792907715, -5.679625034332275]
[DIAG_TARGET] step=191 target_error=0.000000000 default=[0.0, -0.7853981852531433, 1.8654682636260986, 0.0, -0.7853981852531433, 1.8654682636260986, 0.0, -0.7853981852531433, 1.8654682636260986, 0.0, -0.7853981852531433, 1.8654682636260986] desired=[-0.13124999403953552, -0.737500011920929, 1.6825000047683716, 0.06875000149011612, -0.737500011920929, 1.5575000047683716, -0.06875000149011612, -0.862500011920929, 1.6825000047683716, 0.06875000149011612, 0.4182923436164856, 1.5575000047683716] applied=[-0.13124999403953552, -0.737500011920929, 1.6825000047683716, 0.06875000149011612, -0.737500011920929, 1.5575000047683716, -0.06875000149011612, -0.862500011920929, 1.6825000047683716, 0.06875000149011612, 0.4182923436164856, 1.5575000047683716] current=[-0.12241264432668686, -0.7844930291175842, 1.5591387748718262, 0.09195375442504883, -0.38885337114334106, 2.057748794555664, -0.06354618072509766, -0.8647051453590393, 1.6659444570541382, -0.2776504456996918, -1.2789959907531738, 1.3738000392913818]
[STAGE] video_encoding_start
[SUMMARY] {"task": "YoboGo-Velocity-Flat-v0", "mode": "smoke", "yobogo_walk_speed_m_s": 0.15, "rapid_walk_speed_m_s": 0.3, "adaptation_weight": "/run/media/pma213x/0C6A8CC86A8CAFCE/Ubuntu2/CodeU/Dog1/mini-cheetah-isaaclab/external_models/rapid-locomotion-rl/runs/rapid-locomotion/example/train/201852.132488/checkpoints/adaptation_module_latest.jit", "body_weight": "/run/media/pma213x/0C6A8CC86A8CAFCE/Ubuntu2/CodeU/Dog1/mini-cheetah-isaaclab/external_models/rapid-locomotion-rl/runs/rapid-locomotion/example/train/201852.132488/checkpoints/body_latest.jit", "completed_steps": 200, "inference_steps": 20, "expected_inference_steps": 20, "reset_count": 0, "safety_clip_count": 37, "position_clip_count": 0, "torque_clip_count": 37, "large_action_inference_count": 1, "official_clip_inference_count": 0, "max_abs_rapid_action": 0.25, "max_abs_policy_action": 10.285201072692871, "ood_guard_count": 225, "base_height_min_m": 0.24180611968040466, "max_abs_roll_deg": 36.56135757971754, "max_abs_pitch_deg": 6.943264907443442, "xy_displacement_m": 0.18643079698085785, "mean_measured_velocity_m_s": 0.4660769924521446, "final_command": [0.15000000596046448, 0.0, 0.0], "final_rapid_from_term": [0.30000001192092896, 0.0, 0.0], "terminated_steps": 0, "stability_errors": [], "interface_ok": true, "stable_walking": true, "scenario_name": null, "scenario_settle_steps": 0, "scenario_motion_steps": 0, "scenario_command_requested_rapid": null, "scenario_command_policy": null, "scenario_command_term": null, "scenario_command_rapid_final": null, "scenario_settle_metrics": null, "scenario_metrics": null, "scenario_gate_errors": [], "scenario_pass": null, "video": null, "video_frames_written": 0, "leg_motion_stats": {"FR": {"joints": {"haa": {"target": {"min": -0.13124999403953552, "max": -0.06875000149011612, "rms": 0.0981528756237296, "range": 0.0624999925494194, "motion_rms": 0.030212537541347898}, "actual": {"min": -0.1533733457326889, "max": 0.042441170662641525, "rms": 0.08681500854358111, "range": 0.19581451639533043, "motion_rms": 0.05290012878472533}, "raw_action": {"min": -8.894580841064453, "max": 7.880154609680176, "rms": 5.903834948441125, "range": 16.77473545074463, "motion_rms": 5.759669579093581}, "applied_action": {"min": -0.25, "max": 0.25, "rms": 0.2474219441196745, "range": 0.5, "motion_rms": 0.24170032722963528}, "position_clip_count": 0, "torque_clip_count": 0}, "hip": {"target": {"min": -0.862500011920929, "max": -0.737500011920929, "rms": 0.797465199582956, "range": 0.125, "motion_rms": 0.05932681641418494}, "actual": {"min": -0.8286232948303223, "max": -0.6747227311134338, "rms": 0.7710065668142118, "range": 0.15390056371688843, "motion_rms": 0.04219909855349583}, "raw_action": {"min": -2.958214044570923, "max": 3.6416282653808594, "rms": 1.897495990692241, "range": 6.599842309951782, "motion_rms": 1.7779038945813759}, "applied_action": {"min": -0.25, "max": 0.25, "rms": 0.2380649665871588, "range": 0.5, "motion_rms": 0.23730726864035648}, "position_clip_count": 0, "torque_clip_count": 0}, "knee": {"target": {"min": 1.5575000047683716, "max": 1.6825000047683716, "rms": 1.646077483132677, "range": 0.125, "motion_rms": 0.05715346046272602}, "actual": {"min": 1.5550241470336914, "max": 1.865520715713501, "rms": 1.6983697173693375, "range": 0.31049656867980957, "motion_rms": 0.09162770544867539}, "raw_action": {"min": -5.9799628257751465, "max": 5.195755958557129, "rms": 3.315860865254665, "range": 11.175718784332275, "motion_rms": 3.2368383262698024}, "applied_action": {"min": -0.25, "max": 0.25, "rms": 0.2496645324851262, "range": 0.5, "motion_rms": 0.22861384632935838}, "position_clip_count": 0, "torque_clip_count": 0}}, "target_range_min": 0.0624999925494194, "actual_range_min": 0.15390056371688843, "actual_motion_rms_min": 0.04219909855349583}, "FL": {"joints": {"haa": {"target": {"min": 0.06875000149011612, "max": 0.13124999403953552, "rms": 0.08114176058869561, "range": 0.0624999925494194, "motion_rms": 0.020121318567084465}, "actual": {"min": -0.040955059230327606, "max": 0.24103406071662903, "rms": 0.11461338361621906, "range": 0.28198911994695663, "motion_rms": 0.08043796298155002}, "raw_action": {"min": -8.366044998168945, "max": 3.1602365970611572, "rms": 3.6413986287490854, "range": 11.526281595230103, "motion_rms": 2.75832211034088}, "applied_action": {"min": -0.25, "max": 0.25, "rms": 0.2349484906475218, "range": 0.5, "motion_rms": 0.16097056178918367}, "position_clip_count": 0, "torque_clip_count": 0}, "hip": {"target": {"min": -0.862500011920929, "max": -0.5122953653335571, "rms": 0.7661212215648298, "range": 0.3502046465873718, "motion_rms": 0.07724267093123598}, "actual": {"min": -0.7842124700546265, "max": -0.3293897211551666, "rms": 0.6262770262696498, "range": 0.45482274889945984, "motion_rms": 0.09846484500689683}, "raw_action": {"min": -2.733771562576294, "max": 4.245002269744873, "rms": 1.9821744008699553, "range": 6.978773832321167, "motion_rms": 1.689653556637798}, "applied_action": {"min": -0.25, "max": 0.25, "rms": 0.2349663356002972, "range": 0.5, "motion_rms": 0.2205303563866086}, "position_clip_count": 0, "torque_clip_count": 1}, "knee": {"target": {"min": 1.5575000047683716, "max": 1.6825000047683716, "rms": 1.6086659893620876, "range": 0.125, "motion_rms": 0.061237243569579464}, "actual": {"min": 1.7062652111053467, "max": 2.100327730178833, "rms": 1.8687657325774294, "range": 0.39406251907348633, "motion_rms": 0.09359946900122279}, "raw_action": {"min": -3.9762933254241943, "max": 3.811851739883423, "rms": 2.2362310694779413, "range": 7.788145065307617, "motion_rms": 2.203907318747377}, "applied_action": {"min": -0.25, "max": 0.25, "rms": 0.25, "range": 0.5, "motion_rms": 0.24494897427831785}, "position_clip_count": 0, "torque_clip_count": 0}}, "target_range_min": 0.0624999925494194, "actual_range_min": 0.28198911994695663, "actual_motion_rms_min": 0.08043796298155002}, "RR": {"joints": {"haa": {"target": {"min": -0.7222719192504883, "max": -0.06875000149011612, "rms": 0.2747735481002995, "range": 0.6535219177603722, "motion_rms": 0.19455900411141117}, "actual": {"min": -0.5626899600028992, "max": -0.0013072063447907567, "rms": 0.22166922264399178, "range": 0.5613827536581084, "motion_rms": 0.12637838616047528}, "raw_action": {"min": -8.167582511901855, "max": 5.30426549911499, "rms": 4.897477040143046, "range": 13.471848011016846, "motion_rms": 3.9504924036915083}, "applied_action": {"min": -0.25, "max": 0.25, "rms": 0.24665423087132243, "range": 0.5, "motion_rms": 0.2102644923661519}, "position_clip_count": 0, "torque_clip_count": 3}, "hip": {"target": {"min": -1.715663194656372, "max": 0.33798688650131226, "rms": 0.8530217468099779, "range": 2.0536500811576843, "motion_rms": 0.355197548580015}, "actual": {"min": -1.2725882530212402, "max": -0.07734017074108124, "rms": 0.7653015521746761, "range": 1.195248082280159, "motion_rms": 0.26521318600939875}, "raw_action": {"min": -9.232600212097168, "max": 4.0780930519104, "rms": 4.257231357061514, "range": 13.310693264007568, "motion_rms": 3.678251695002343}, "applied_action": {"min": -0.25, "max": 0.25, "rms": 0.2468842016243618, "range": 0.5, "motion_rms": 0.23403115412916206}, "position_clip_count": 0, "torque_clip_count": 3}, "knee": {"target": {"min": 1.5575000047683716, "max": 1.6825000047683716, "rms": 1.5946664103788326, "range": 0.125, "motion_rms": 0.05554894653517479}, "actual": {"min": 1.5614919662475586, "max": 1.8645212650299072, "rms": 1.6569996268510243, "range": 0.30302929878234863, "motion_rms": 0.07994594093002996}, "raw_action": {"min": -7.922641277313232, "max": 5.312837600708008, "rms": 4.360384727144205, "range": 13.23547887802124, "motion_rms": 4.0068908602759326}, "applied_action": {"min": -0.25, "max": 0.25, "rms": 0.25, "range": 0.5, "motion_rms": 0.22912878474779197}, "position_clip_count": 0, "torque_clip_count": 1}}, "target_range_min": 0.125, "actual_range_min": 0.30302929878234863, "actual_motion_rms_min": 0.07994594093002996}, "RL": {"joints": {"haa": {"target": {"min": -1.5, "max": 1.5, "rms": 0.8729737710903472, "range": 3.0, "motion_rms": 0.8709997512696608}, "actual": {"min": -1.2781708240509033, "max": 0.08527913689613342, "rms": 0.46422807096416274, "range": 1.3634499609470367, "motion_rms": 0.3383142220349652}, "raw_action": {"min": -6.938237190246582, "max": 5.344735622406006, "rms": 4.066901971794691, "range": 12.282972812652588, "motion_rms": 3.6482628670470127}, "applied_action": {"min": -0.25, "max": 0.25, "rms": 0.24654174221283567, "range": 0.5, "motion_rms": 0.23350467490801766}, "position_clip_count": 0, "torque_clip_count": 12}, "hip": {"target": {"min": -3.6016764640808105, "max": 0.9506757855415344, "rms": 1.570797616700999, "range": 4.552352249622345, "motion_rms": 1.2919359313419745}, "actual": {"min": -1.7637253999710083, "max": 0.6298368573188782, "rms": 0.9077829253747549, "range": 2.3935622572898865, "motion_rms": 0.5761159401163306}, "raw_action": {"min": -5.640476226806641, "max": 2.1602296829223633, "rms": 3.1292139191522335, "range": 7.800705909729004, "motion_rms": 2.3190391122256853}, "applied_action": {"min": -0.25, "max": 0.25, "rms": 0.25, "range": 0.5, "motion_rms": 0.21650635094610965}, "position_clip_count": 0, "torque_clip_count": 14}, "knee": {"target": {"min": 0.5337201356887817, "max": 1.6825000047683716, "rms": 1.5586832391052627, "range": 1.1487798690795898, "motion_rms": 0.24560355352749344}, "actual": {"min": 1.0121387243270874, "max": 2.0269999504089355, "rms": 1.6974311618155777, "range": 1.0148612260818481, "motion_rms": 0.2543312291591682}, "raw_action": {"min": -5.679625034332275, "max": 10.285201072692871, "rms": 3.9983091049666926, "range": 15.964826107025146, "motion_rms": 3.7989189749701104}, "applied_action": {"min": -0.25, "max": 0.25, "rms": 0.23817197828214237, "range": 0.5, "motion_rms": 0.23812028010216066}, "position_clip_count": 0, "torque_clip_count": 3}}, "target_range_min": 1.1487798690795898, "actual_range_min": 1.0148612260818481, "actual_motion_rms_min": 0.2543312291591682}, "_gate": {"front_target_range_min": 0.0624999925494194, "front_actual_range_min": 0.15390056371688843, "front_target_threshold_rad": 0.04, "front_actual_threshold_rad": 0.05, "ok": true}}, "scenario_mean_body_velocity": null, "scenario_mean_body_yaw_rate": null}
[STAGE] event_loop_done
