[3gH    H    H    H    H    H    H    H    H    H    H    H    H    H    H    H    H    H    H    H   [INFO] Using python from: /home/pma213x/.venvs/minicheetah-isaaclab/bin/python
[INFO][AppLauncher]: Loading experience file: /home/pma213x/IsaacLab/apps/isaaclab.python.headless.kit
[Warning] [simulation_app.simulation_app] Modules: ['omni.kit_app'] were loaded before SimulationApp was started and might not be loaded correctly.
[Warning] [simulation_app.simulation_app] Please check to make sure no extra omniverse or pxr modules are imported before the call to SimulationApp(...)
Loading user config located at: '/home/pma213x/.venvs/minicheetah-isaaclab/lib/python3.10/site-packages/omni/data/Kit/Isaac-Sim/4.5/user.config.json'
[Info] [carb] Logging to file: /home/pma213x/.venvs/minicheetah-isaaclab/lib/python3.10/site-packages/omni/logs/Kit/Isaac-Sim/4.5/kit_20261008_231614.log
2026-10-08 15:16:14 [0ms] [Warning] [omni.kit.app.plugin] No crash reporter present, dumps uploading isn't available.
2026-10-08 15:16:15 [91ms] [Warning] [omni.usd_config.extension] Enable omni.materialx.libs extension to use MaterialX
2026-10-08 15:16:15 [348ms] [Warning] [omni.datastore] OmniHub is inaccessible
2026-10-08 15:16:15 [376ms] [Warning] [omni.isaac.dynamic_control] omni.isaac.dynamic_control is deprecated as of Isaac Sim 4.5. No action is needed from end-users.
Gym has been unmaintained since 2022 and does not support NumPy 2.0 amongst other critical functionality.
Please upgrade to Gymnasium, the maintained drop-in replacement of Gym, or contact the authors of your software and request that they upgrade.
See the migration guide at https://gymnasium.farama.org/introduction/migration_guide/ for additional information.
2026-10-08 15:16:16 [1,824ms] [Warning] [gpu.foundation.plugin] Skipping unsupported non-NVIDIA GPU: Intel(R) UHD Graphics (ADL-S GT0.5)
2026-10-08 15:16:16 [1,824ms] [Warning] [gpu.foundation.plugin] Skipping unsupported non-NVIDIA GPU: Intel(R) UHD Graphics (ADL-S GT0.5)

|---------------------------------------------------------------------------------------------|
| Driver Version: 580.178.04    | Graphics API: Vulkan
|=============================================================================================|
| GPU | Name                             | Active | LDA | GPU Memory | Vendor-ID | LUID       |
|     |                                  |        |     |            | Device-ID | UUID       |
|     |                                  |        |     |            | Bus-ID    |            |
|---------------------------------------------------------------------------------------------|
| 0   | NVIDIA GeForce RTX 4060 Laptop.. | Yes: 0 |     | 8188    MB | 10de      | 0          |
|     |                                  |        |     |            | 28e0      | 4d090564.. |
|     |                                  |        |     |            | 1         |            |
|---------------------------------------------------------------------------------------------|
| 1   | Intel(R) UHD Graphics (ADL-S G.. |        |     | 11374   MB | 8086      | 0          |
|     |                                  |        |     |            | 468b      | 86808b46.. |
|     |                                  |        |     |            | 0         |            |
|=============================================================================================|
| OS: 26.04.1 LTS (Resolute Raccoon) ubuntu, Version: 26.04.1, Kernel: 7.0.0-34-generic
| XServer Vendor: The X.Org Foundation, XServer Version: 12401010 (1.24.1.10)
| Processor: 13th Gen Intel(R) Core(TM) i5-13500HX
| Bare Metal Cores: 14 | Bare Metal Logical Cores: 28
| Available Cores:  20 
|---------------------------------------------------------------------------------------------|
| Total Memory (MB): 15166 | Free Memory: 6483
| Total Page/Swap (MB): 20479 | Free Page/Swap: 14517
|---------------------------------------------------------------------------------------------|
2026-10-08 15:16:17 [2,043ms] [Warning] [gpu.foundation.plugin] IOMMU is enabled.
2026-10-08 15:16:17 [2,044ms] [Warning] [gpu.foundation.plugin] Detected IOMMU is enabled. Running CUDA peer-to-peer bandwidth and latency validation.
Unidirectional P2P=Enabled Bandwidth (P2P Writes) Matrix (GB/s)
   D\D     0 
     0 221.63 
P2P=Enabled Latency (P2P Writes) Matrix (us)
   GPU     0 
     0   1.30 

   CPU     0 
     0   1.61 
[STAGE] config_start
[INFO]: Parsing configuration from: training.envs.velocity_flat_env_cfg:YoboGoVelocityFlatEnvCfg
[STAGE] config_done
[STAGE] environment_create_start
2026-10-08 15:16:17 [2,229ms] [Warning] [isaaclab.envs.manager_based_env] Seed not set for the environment. The environment creation may not be deterministic.
[INFO]: Base environment:
	Environment device    : cuda:0
	Environment seed      : None
	Physics step-size     : 0.0004
	Rendering step-size   : 0.002
	Environment step-size : 0.002
2026-10-08 15:16:17 [2,297ms] [Warning] [isaaclab.terrains.terrain_importer] Visual material specified for ground plane but no diffuse color found. Using default color: (0.0, 0.0, 0.0)
[INFO]: Time taken for scene creation : 2.417483 seconds
[INFO]: Scene manager:  <class InteractiveScene>
	Number of environments: 1
	Environment spacing   : 2.5
	Source prim name      : /World/envs/env_0
	Global prim paths     : ['/World/ground']
	Replicate physics     : True
[INFO]: Starting the simulation. This may take a few seconds. Please wait...
[INFO]: Time taken for simulation start : 0.363036 seconds
2026-10-08 15:16:20 [5,292ms] [Warning] [omni.usd] Warning: in GetNodeDiscoveryResults at line 136 of /builds/omniverse/usd-ci/USD/pxr/usd/usdShade/shaderDefUtils.cpp -- Unable to resolve info:sourceAsset </UsdPreviewSurface.info:mdl:sourceAsset> with value @UsdPreviewSurface.mdl@.

2026-10-08 15:16:20 [5,292ms] [Warning] [omni.usd] Warning: in GetNodeDiscoveryResults at line 136 of /builds/omniverse/usd-ci/USD/pxr/usd/usdShade/shaderDefUtils.cpp -- Unable to resolve info:sourceAsset </UsdUVTexture.info:mdl:sourceAsset> with value @UsdPreviewSurface.mdl@.

2026-10-08 15:16:20 [5,292ms] [Warning] [omni.usd] Warning: in GetNodeDiscoveryResults at line 136 of /builds/omniverse/usd-ci/USD/pxr/usd/usdShade/shaderDefUtils.cpp -- Unable to resolve info:sourceAsset </UsdPrimvarReader_float.info:mdl:sourceAsset> with value @UsdPreviewSurface.mdl@.

2026-10-08 15:16:20 [5,292ms] [Warning] [omni.usd] Warning: in GetNodeDiscoveryResults at line 136 of /builds/omniverse/usd-ci/USD/pxr/usd/usdShade/shaderDefUtils.cpp -- Unable to resolve info:sourceAsset </UsdPrimvarReader_float2.info:mdl:sourceAsset> with value @UsdPreviewSurface.mdl@.

2026-10-08 15:16:20 [5,292ms] [Warning] [omni.usd] Warning: in GetNodeDiscoveryResults at line 136 of /builds/omniverse/usd-ci/USD/pxr/usd/usdShade/shaderDefUtils.cpp -- Unable to resolve info:sourceAsset </UsdPrimvarReader_float3.info:mdl:sourceAsset> with value @UsdPreviewSurface.mdl@.

2026-10-08 15:16:20 [5,292ms] [Warning] [omni.usd] Warning: in GetNodeDiscoveryResults at line 136 of /builds/omniverse/usd-ci/USD/pxr/usd/usdShade/shaderDefUtils.cpp -- Unable to resolve info:sourceAsset </UsdPrimvarReader_float4.info:mdl:sourceAsset> with value @UsdPreviewSurface.mdl@.

2026-10-08 15:16:20 [5,292ms] [Warning] [omni.usd] Warning: in GetNodeDiscoveryResults at line 136 of /builds/omniverse/usd-ci/USD/pxr/usd/usdShade/shaderDefUtils.cpp -- Unable to resolve info:sourceAsset </UsdPrimvarReader_int.info:mdl:sourceAsset> with value @UsdPreviewSurface.mdl@.

2026-10-08 15:16:20 [5,292ms] [Warning] [omni.usd] Warning: in GetNodeDiscoveryResults at line 136 of /builds/omniverse/usd-ci/USD/pxr/usd/usdShade/shaderDefUtils.cpp -- Unable to resolve info:sourceAsset </UsdPrimvarReader_string.info:mdl:sourceAsset> with value @UsdPreviewSurface.mdl@.

2026-10-08 15:16:20 [5,292ms] [Warning] [omni.usd] Warning: in GetNodeDiscoveryResults at line 136 of /builds/omniverse/usd-ci/USD/pxr/usd/usdShade/shaderDefUtils.cpp -- Unable to resolve info:sourceAsset </UsdPrimvarReader_normal.info:mdl:sourceAsset> with value @UsdPreviewSurface.mdl@.

2026-10-08 15:16:20 [5,292ms] [Warning] [omni.usd] Warning: in GetNodeDiscoveryResults at line 136 of /builds/omniverse/usd-ci/USD/pxr/usd/usdShade/shaderDefUtils.cpp -- Unable to resolve info:sourceAsset </UsdPrimvarReader_point.info:mdl:sourceAsset> with value @UsdPreviewSurface.mdl@.

2026-10-08 15:16:20 [5,294ms] [Warning] [omni.usd] Warning: in GetNodeDiscoveryResults at line 136 of /builds/omniverse/usd-ci/USD/pxr/usd/usdShade/shaderDefUtils.cpp -- Unable to resolve info:sourceAsset </UsdPrimvarReader_vector.info:mdl:sourceAsset> with value @UsdPreviewSurface.mdl@.

2026-10-08 15:16:20 [5,294ms] [Warning] [omni.usd] Warning: in GetNodeDiscoveryResults at line 136 of /builds/omniverse/usd-ci/USD/pxr/usd/usdShade/shaderDefUtils.cpp -- Unable to resolve info:sourceAsset </UsdPrimvarReader_matrix.info:mdl:sourceAsset> with value @UsdPreviewSurface.mdl@.

2026-10-08 15:16:20 [5,294ms] [Warning] [omni.usd] Warning: in GetNodeDiscoveryResults at line 136 of /builds/omniverse/usd-ci/USD/pxr/usd/usdShade/shaderDefUtils.cpp -- Unable to resolve info:sourceAsset </UsdTransform2d.info:mdl:sourceAsset> with value @UsdPreviewSurface.mdl@.

[INFO] Command Manager:  <CommandManager> contains 1 active terms.
+------------------------------------------------+
|              Active Command Terms              |
+-------+---------------+------------------------+
| Index | Name          |          Type          |
+-------+---------------+------------------------+
|   0   | base_velocity | UniformVelocityCommand |
+-------+---------------+------------------------+

[INFO] Recorder Manager:  <RecorderManager> contains 0 active terms.
+---------------------+
| Active Recorder Terms |
+-----------+---------+
|   Index   | Name    |
+-----------+---------+
+-----------+---------+

[INFO] Action Manager:  <ActionManager> contains 1 active terms.
+------------------------------------+
|  Active Action Terms (shape: 12)   |
+--------+-------------+-------------+
| Index  | Name        |   Dimension |
+--------+-------------+-------------+
|   0    | joint_pos   |          12 |
+--------+-------------+-------------+

[INFO] Observation Manager: <ObservationManager> contains 1 groups.
+---------------------------------------------------------+
| Active Observation Terms in Group: 'policy' (shape: (48,)) |
+-----------+---------------------------------+-----------+
|   Index   | Name                            |   Shape   |
+-----------+---------------------------------+-----------+
|     0     | base_lin_vel                    |    (3,)   |
|     1     | base_ang_vel                    |    (3,)   |
|     2     | projected_gravity               |    (3,)   |
|     3     | velocity_commands               |    (3,)   |
|     4     | joint_pos                       |   (12,)   |
|     5     | joint_vel                       |   (12,)   |
|     6     | actions                         |   (12,)   |
+-----------+---------------------------------+-----------+

[INFO] Event Manager:  <EventManager> contains 3 active terms.
+--------------------------------------+
| Active Event Terms in Mode: 'startup' |
+----------+---------------------------+
|  Index   | Name                      |
+----------+---------------------------+
|    0     | physics_material          |
+----------+---------------------------+
+---------------------------------------+
|  Active Event Terms in Mode: 'reset'  |
+--------+------------------------------+
| Index  | Name                         |
+--------+------------------------------+
|   0    | base_external_force_torque   |
|   1    | reset_base                   |
|   2    | reset_robot_joints           |
+--------+------------------------------+
+----------------------------------------------+
|    Active Event Terms in Mode: 'interval'    |
+-------+------------+-------------------------+
| Index | Name       | Interval time range (s) |
+-------+------------+-------------------------+
|   0   | push_robot |       (10.0, 15.0)      |
+-------+------------+-------------------------+

[INFO] Termination Manager:  <TerminationManager> contains 2 active terms.
+---------------------------------+
|     Active Termination Terms    |
+-------+--------------+----------+
| Index | Name         | Time Out |
+-------+--------------+----------+
|   0   | time_out     |   True   |
|   1   | base_contact |  False   |
+-------+--------------+----------+

[INFO] Reward Manager:  <RewardManager> contains 11 active terms.
+-----------------------------------------+
|           Active Reward Terms           |
+-------+----------------------+----------+
| Index | Name                 |   Weight |
+-------+----------------------+----------+
|   0   | track_lin_vel_xy_exp |      1.0 |
|   1   | track_ang_vel_z_exp  |      0.5 |
|   2   | lin_vel_z_l2         |     -2.0 |
|   3   | ang_vel_xy_l2        |    -0.05 |
|   4   | dof_torques_l2       | -2.5e-05 |
|   5   | dof_acc_l2           | -2.5e-07 |
|   6   | action_rate_l2       |    -0.01 |
|   7   | feet_air_time        |      0.5 |
|   8   | undesired_contacts   |     -1.0 |
|   9   | flat_orientation_l2  |     -5.0 |
|   10  | dof_pos_limits       |      0.0 |
+-------+----------------------+----------+

[INFO] Curriculum Manager:  <CurriculumManager> contains 0 active terms.
+----------------------+
| Active Curriculum Terms |
+-----------+----------+
|   Index   | Name     |
+-----------+----------+
+-----------+----------+

[INFO]: Completed setting up the environment...
[STAGE] environment_create_done
[STAGE] policy_adapter_setup_start
[STAGE] policy_adapter_setup_done
[INFO] task=YoboGo-Velocity-Flat-v0
[INFO] weights_adaptation=/run/media/pma213x/0C6A8CC86A8CAFCE/Ubuntu2/CodeU/Dog1/mini-cheetah-isaaclab/external_models/rapid-locomotion-rl/runs/rapid-locomotion/example/train/201852.132488/checkpoints/adaptation_module_latest.jit
[INFO] weights_body=/run/media/pma213x/0C6A8CC86A8CAFCE/Ubuntu2/CodeU/Dog1/mini-cheetah-isaaclab/external_models/rapid-locomotion-rl/runs/rapid-locomotion/example/train/201852.132488/checkpoints/body_latest.jit
[INFO] yobogo_observation_dim=48 rapid_observation_dim=42
[INFO] history_dim=630 action_dim=12
[INFO] inference_period=10 control_period_s=0.002 inference_hz=50
[INFO] rapid_replay_actuator_kp=20 kd=0.5 effort=18/18/26
[INFO] scenario=None rapid_command_requested=[0.0, 0.0, 0.0] settle_steps=0 motion_steps=0
[INFO] model_dummy_action_shape=(1, 12)
[INFO] model_dummy_latent_shape=(1, 18)
[STAGE] event_loop_start
[DIAG_INFER] step=1 policy_action_max=1.179989 applied_action_max=0.250000 obs_max=1.000000 history_nonzero_rows=0 position_clip=0 torque_clip=0 action=[-0.21977169811725616, 0.8110654354095459, -0.30860504508018494, -0.10791684687137604, 0.7024935483932495, 0.44729363918304443, 0.148302361369133, -1.179988980293274, 0.8864452838897705, 0.22358736395835876, -0.5151156783103943, -0.7321031093597412]
[DIAG_TARGET] step=1 target_error=0.000000000 default=[0.0, -0.7853981852531433, 1.8654682636260986, 0.0, -0.7853981852531433, 1.8654682636260986, 0.0, -0.7853981852531433, 1.8654682636260986, 0.0, -0.7853981852531433, 1.8654682636260986] desired=[-0.127471461892128, -0.737500011920929, 1.5575000047683716, 0.08651039749383926, -0.737500011920929, 1.6825000047683716, -0.08146220445632935, -0.862500011920929, 1.6825000047683716, 0.12794841825962067, -0.862500011920929, 1.5575000047683716] applied=[-0.127471461892128, -0.737500011920929, 1.5575000047683716, 0.08651039749383926, -0.737500011920929, 1.6825000047683716, -0.08146220445632935, -0.862500011920929, 1.6825000047683716, 0.12794841825962067, -0.862500011920929, 1.5575000047683716] current=[-0.0016300729475915432, -0.7836155891418457, 1.8659920692443848, 6.623577792197466e-05, -0.7843573689460754, 1.8651028871536255, -0.0016094960737973452, -0.7849059104919434, 1.866229772567749, 2.1037244550825562e-06, -0.7848219275474548, 1.8652344942092896]
[STAGE] first_step_done
[DIAG_INFER] step=11 policy_action_max=4.482802 applied_action_max=0.250000 obs_max=1.394506 history_nonzero_rows=1 position_clip=0 torque_clip=1 action=[4.482801914215088, 2.7994296550750732, 2.670522689819336, -0.2670039236545563, 0.8841801881790161, -0.94549161195755, -3.633373498916626, -0.8144031167030334, -3.019160032272339, -3.9658374786376953, 0.0065326988697052, 1.9063605070114136]
[DIAG_TARGET] step=11 target_error=0.000000000 default=[0.0, -0.7853981852531433, 1.8654682636260986, 0.0, -0.7853981852531433, 1.8654682636260986, 0.0, -0.7853981852531433, 1.8654682636260986, 0.0, -0.7853981852531433, 1.8654682636260986] desired=[-0.06875000149011612, -0.737500011920929, 1.6825000047683716, 0.06875000149011612, -0.737500011920929, 1.5575000047683716, -0.13124999403953552, -0.862500011920929, 1.5575000047683716, 0.06875000149011612, -0.3030986785888672, 1.6825000047683716] applied=[-0.06875000149011612, -0.737500011920929, 1.6825000047683716, 0.06875000149011612, -0.737500011920929, 1.5575000047683716, -0.13124999403953552, -0.862500011920929, 1.5575000047683716, 0.06875000149011612, -0.3030986785888672, 1.6825000047683716] current=[-0.012157288379967213, -0.7567697167396545, 1.8589377403259277, -0.005231206770986319, -0.7619644403457642, 1.8607473373413086, -0.020476067438721657, -0.7616424560546875, 1.8620116710662842, -0.001799283199943602, -0.7680299282073975, 1.866037130355835]
[DIAG_INFER] step=21 policy_action_max=4.991336 applied_action_max=0.250000 obs_max=4.482802 history_nonzero_rows=2 position_clip=0 torque_clip=1 action=[4.932124137878418, 0.11580446362495422, 2.0556609630584717, -0.35150977969169617, 0.5269313454627991, 0.8250778913497925, -3.533184766769409, 0.019467122852802277, -2.9017791748046875, -4.991335868835449, -0.9091333150863647, 2.129612445831299]
[DIAG_TARGET] step=21 target_error=0.000000000 default=[0.0, -0.7853981852531433, 1.8654682636260986, 0.0, -0.7853981852531433, 1.8654682636260986, 0.0, -0.7853981852531433, 1.8654682636260986, 0.0, -0.7853981852531433, 1.8654682636260986] desired=[-0.06875000149011612, -0.771048903465271, 1.6825000047683716, 0.06875000149011612, -0.737500011920929, 1.6825000047683716, -0.13124999403953552, -0.7951332330703735, 1.5575000047683716, 0.06875000149011612, -0.08135247230529785, 1.6825000047683716] applied=[-0.06875000149011612, -0.771048903465271, 1.6825000047683716, 0.06875000149011612, -0.737500011920929, 1.6825000047683716, -0.13124999403953552, -0.7951332330703735, 1.5575000047683716, 0.06875000149011612, -0.08135247230529785, 1.6825000047683716] current=[-0.023913225159049034, -0.7255827188491821, 1.842305302619934, -0.01702294312417507, -0.7347116470336914, 1.8506419658660889, -0.034665532410144806, -0.7330095171928406, 1.8518177270889282, 0.023110566660761833, -0.6109695434570312, 1.8119925260543823]
[DIAG_INFER] step=31 policy_action_max=5.064685 applied_action_max=0.250000 obs_max=4.991336 history_nonzero_rows=3 position_clip=0 torque_clip=1 action=[5.064685344696045, 0.20272722840309143, 1.7783801555633545, -0.5880255699157715, 0.7649857997894287, 0.5643802881240845, -2.6855807304382324, 0.35800087451934814, -3.8995251655578613, -3.1630148887634277, -1.3623279333114624, 2.4048633575439453]
[DIAG_TARGET] step=31 target_error=0.000000000 default=[0.0, -0.7853981852531433, 1.8654682636260986, 0.0, -0.7853981852531433, 1.8654682636260986, 0.0, -0.7853981852531433, 1.8654682636260986, 0.0, -0.7853981852531433, 1.8654682636260986] desired=[-0.06875000149011612, -0.7493181824684143, 1.6825000047683716, 0.06875000149011612, -0.737500011920929, 1.6825000047683716, -0.13124999403953552, -0.737500011920929, 1.5575000047683716, 0.06875000149011612, -0.28602832555770874, 1.6825000047683716] applied=[-0.06875000149011612, -0.7493181824684143, 1.6825000047683716, 0.06875000149011612, -0.737500011920929, 1.6825000047683716, -0.13124999403953552, -0.737500011920929, 1.5575000047683716, 0.06875000149011612, -0.28602832555770874, 1.6825000047683716] current=[-0.029481926932930946, -0.6943868398666382, 1.8244799375534058, -0.022500881925225258, -0.7092946767807007, 1.8424886465072632, -0.044689569622278214, -0.7048001885414124, 1.8432977199554443, 0.05069335550069809, -0.32922834157943726, 1.7297141551971436]
[DIAG_INFER] step=41 policy_action_max=4.268378 applied_action_max=0.250000 obs_max=5.064685 history_nonzero_rows=4 position_clip=0 torque_clip=0 action=[4.268378257751465, 0.9352161884307861, 1.4941998720169067, -0.06886956095695496, 0.30828171968460083, 0.19814765453338623, -1.7426133155822754, 0.8699083924293518, -3.3320229053497314, -1.7222167253494263, -1.8931963443756104, 1.8274132013320923]
[DIAG_TARGET] step=41 target_error=0.000000000 default=[0.0, -0.7853981852531433, 1.8654682636260986, 0.0, -0.7853981852531433, 1.8654682636260986, 0.0, -0.7853981852531433, 1.8654682636260986, 0.0, -0.7853981852531433, 1.8654682636260986] desired=[-0.06875000149011612, -0.737500011920929, 1.6825000047683716, 0.09139131009578705, -0.737500011920929, 1.6695369482040405, -0.13124999403953552, -0.737500011920929, 1.5575000047683716, 0.06875000149011612, -0.862500011920929, 1.6825000047683716] applied=[-0.06875000149011612, -0.737500011920929, 1.6825000047683716, 0.09139131009578705, -0.737500011920929, 1.6695369482040405, -0.13124999403953552, -0.737500011920929, 1.5575000047683716, 0.06875000149011612, -0.862500011920929, 1.6825000047683716] current=[-0.02469523437321186, -0.6718818545341492, 1.8074061870574951, -0.014668513089418411, -0.6962273120880127, 1.839551329612732, -0.050926610827445984, -0.6842866539955139, 1.8426544666290283, 0.05677491053938866, -0.2225830852985382, 1.7151601314544678]
[DIAG_INFER] step=51 policy_action_max=3.195953 applied_action_max=0.250000 obs_max=4.268378 history_nonzero_rows=5 position_clip=0 torque_clip=0 action=[3.195953369140625, 1.2588056325912476, 1.3764891624450684, 0.3658536970615387, 0.28288471698760986, -0.29070615768432617, -2.153536558151245, 0.5675613880157471, -1.6282062530517578, -1.6658122539520264, -1.9258754253387451, 1.0952928066253662]
[DIAG_TARGET] step=51 target_error=0.000000000 default=[0.0, -0.7853981852531433, 1.8654682636260986, 0.0, -0.7853981852531433, 1.8654682636260986, 0.0, -0.7853981852531433, 1.8654682636260986, 0.0, -0.7853981852531433, 1.8654682636260986] desired=[-0.06875000149011612, -0.737500011920929, 1.6825000047683716, 0.13124999403953552, -0.737500011920929, 1.5575000047683716, -0.13124999403953552, -0.737500011920929, 1.5575000047683716, 0.06875000149011612, -0.862500011920929, 1.6825000047683716] applied=[-0.06875000149011612, -0.737500011920929, 1.6825000047683716, 0.13124999403953552, -0.737500011920929, 1.5575000047683716, -0.13124999403953552, -0.737500011920929, 1.5575000047683716, 0.06875000149011612, -0.862500011920929, 1.6825000047683716] current=[-0.019788749516010284, -0.6633950471878052, 1.7898205518722534, 0.0034982850775122643, -0.697616457939148, 1.8383537530899048, -0.05962789058685303, -0.6729126572608948, 1.85097074508667, 0.056830767542123795, -0.4411156177520752, 1.781415343284607]
[DIAG_INFER] step=61 policy_action_max=2.717634 applied_action_max=0.250000 obs_max=3.195953 history_nonzero_rows=6 position_clip=0 torque_clip=0 action=[2.717634439468384, 0.9729243516921997, 1.411508560180664, 0.9149247407913208, 0.2694184184074402, -0.43847817182540894, -2.4796557426452637, -0.26001501083374023, -1.3534702062606812, -2.0383493900299072, -2.146298885345459, 0.5948272943496704]
[DIAG_TARGET] step=61 target_error=0.000000000 default=[0.0, -0.7853981852531433, 1.8654682636260986, 0.0, -0.7853981852531433, 1.8654682636260986, 0.0, -0.7853981852531433, 1.8654682636260986, 0.0, -0.7853981852531433, 1.8654682636260986] desired=[-0.06875000149011612, -0.737500011920929, 1.6825000047683716, 0.13124999403953552, -0.737500011920929, 1.5575000047683716, -0.13124999403953552, -0.862500011920929, 1.5575000047683716, 0.06875000149011612, -0.862500011920929, 1.6825000047683716] applied=[-0.06875000149011612, -0.737500011920929, 1.6825000047683716, 0.13124999403953552, -0.737500011920929, 1.5575000047683716, -0.13124999403953552, -0.862500011920929, 1.5575000047683716, 0.06875000149011612, -0.862500011920929, 1.6825000047683716] current=[-0.026124171912670135, -0.6643568873405457, 1.7730357646942139, 0.016944125294685364, -0.7014607191085815, 1.8297196626663208, -0.0812617689371109, -0.6617100238800049, 1.861450433731079, 0.0683579295873642, -0.568343460559845, 1.8720227479934692]
[DIAG_INFER] step=71 policy_action_max=2.816369 applied_action_max=0.250000 obs_max=2.717634 history_nonzero_rows=7 position_clip=0 torque_clip=0 action=[2.743171215057373, 1.142540454864502, 1.3050905466079712, 0.5767052173614502, 0.037568479776382446, -0.8497784733772278, -2.1707067489624023, -0.5980795621871948, -1.5410196781158447, -0.8209959268569946, -2.81636905670166, 0.5687748193740845]
[DIAG_TARGET] step=71 target_error=0.000000000 default=[0.0, -0.7853981852531433, 1.8654682636260986, 0.0, -0.7853981852531433, 1.8654682636260986, 0.0, -0.7853981852531433, 1.8654682636260986, 0.0, -0.7853981852531433, 1.8654682636260986] desired=[-0.06875000149011612, -0.737500011920929, 1.6825000047683716, 0.13124999403953552, -0.7906078696250916, 1.5575000047683716, -0.13124999403953552, -0.862500011920929, 1.5575000047683716, 0.06875000149011612, -0.862500011920929, 1.6825000047683716] applied=[-0.06875000149011612, -0.737500011920929, 1.6825000047683716, 0.13124999403953552, -0.7906078696250916, 1.5575000047683716, -0.13124999403953552, -0.862500011920929, 1.5575000047683716, 0.06875000149011612, -0.862500011920929, 1.6825000047683716] current=[-0.03125013783574104, -0.6713103652000427, 1.7563717365264893, 0.02955343760550022, -0.7075428366661072, 1.8111772537231445, -0.11000043153762817, -0.6509237289428711, 1.8712362051010132, 0.05607922375202179, -0.616145670413971, 1.9246630668640137]
[DIAG_INFER] step=81 policy_action_max=3.462718 applied_action_max=0.250000 obs_max=2.816369 history_nonzero_rows=8 position_clip=0 torque_clip=0 action=[2.923783779144287, 1.0894283056259155, 1.4316112995147705, 0.006334630772471428, 0.11341580748558044, -0.9991207718849182, -2.175774097442627, -1.0854408740997314, -1.289238691329956, -0.020558856427669525, -3.4627184867858887, 0.28632861375808716]
[DIAG_TARGET] step=81 target_error=0.000000000 default=[0.0, -0.7853981852531433, 1.8654682636260986, 0.0, -0.7853981852531433, 1.8654682636260986, 0.0, -0.7853981852531433, 1.8654682636260986, 0.0, -0.7853981852531433, 1.8654682636260986] desired=[-0.06875000149011612, -0.737500011920929, 1.6825000047683716, 0.1007918268442154, -0.7716460824012756, 1.5575000047683716, -0.13124999403953552, -0.862500011920929, 1.5575000047683716, 0.09743014723062515, -0.862500011920929, 1.6825000047683716] applied=[-0.06875000149011612, -0.737500011920929, 1.6825000047683716, 0.1007918268442154, -0.7716460824012756, 1.5575000047683716, -0.13124999403953552, -0.862500011920929, 1.5575000047683716, 0.09743014723062515, -0.862500011920929, 1.6825000047683716] current=[-0.030822400003671646, -0.6838942170143127, 1.736014485359192, 0.04998776316642761, -0.7174798846244812, 1.7878966331481934, -0.13328176736831665, -0.6422693133354187, 1.8802613019943237, 0.03525286912918091, -0.6503841876983643, 1.9765846729278564]
[DIAG_INFER] step=91 policy_action_max=3.677963 applied_action_max=0.250000 obs_max=3.462718 history_nonzero_rows=9 position_clip=0 torque_clip=0 action=[3.170945167541504, 0.8519372940063477, 1.5282707214355469, -0.20373311638832092, 0.2918891906738281, -1.0939385890960693, -2.316049098968506, -1.303978681564331, -1.1038538217544556, -0.29851892590522766, -3.6779634952545166, 0.010152697563171387]
[DIAG_TARGET] step=91 target_error=0.000000000 default=[0.0, -0.7853981852531433, 1.8654682636260986, 0.0, -0.7853981852531433, 1.8654682636260986, 0.0, -0.7853981852531433, 1.8654682636260986, 0.0, -0.7853981852531433, 1.8654682636260986] desired=[-0.06875000149011612, -0.737500011920929, 1.6825000047683716, 0.0745333582162857, -0.737500011920929, 1.5575000047683716, -0.13124999403953552, -0.862500011920929, 1.5575000047683716, 0.06875000149011612, -0.862500011920929, 1.6225382089614868] applied=[-0.06875000149011612, -0.737500011920929, 1.6825000047683716, 0.0745333582162857, -0.737500011920929, 1.5575000047683716, -0.13124999403953552, -0.862500011920929, 1.5575000047683716, 0.06875000149011612, -0.862500011920929, 1.6225382089614868] current=[-0.033730197697877884, -0.701981246471405, 1.712532877922058, 0.07349307090044022, -0.727647066116333, 1.7620329856872559, -0.15150725841522217, -0.6340634226799011, 1.8880600929260254, 0.017890209332108498, -0.6846605539321899, 2.026475429534912]
[STAGE] video_encoding_start
[SUMMARY] {"task": "YoboGo-Velocity-Flat-v0", "mode": "smoke", "yobogo_walk_speed_m_s": 0.0, "rapid_walk_speed_m_s": 0.0, "adaptation_weight": "/run/media/pma213x/0C6A8CC86A8CAFCE/Ubuntu2/CodeU/Dog1/mini-cheetah-isaaclab/external_models/rapid-locomotion-rl/runs/rapid-locomotion/example/train/201852.132488/checkpoints/adaptation_module_latest.jit", "body_weight": "/run/media/pma213x/0C6A8CC86A8CAFCE/Ubuntu2/CodeU/Dog1/mini-cheetah-isaaclab/external_models/rapid-locomotion-rl/runs/rapid-locomotion/example/train/201852.132488/checkpoints/body_latest.jit", "completed_steps": 100, "inference_steps": 10, "expected_inference_steps": 10, "reset_count": 0, "safety_clip_count": 3, "position_clip_count": 0, "torque_clip_count": 3, "large_action_inference_count": 0, "official_clip_inference_count": 0, "max_abs_rapid_action": 0.25, "max_abs_policy_action": 5.064685344696045, "ood_guard_count": 104, "base_height_min_m": 0.24405457079410553, "max_abs_roll_deg": 2.338055604437638, "max_abs_pitch_deg": 8.121729820179757, "xy_displacement_m": 0.06207426264882088, "mean_measured_velocity_m_s": 0.3103713132441044, "final_command": [0.0, 0.0, 0.0], "final_rapid_from_term": [0.0, 0.0, 0.0], "terminated_steps": 0, "stability_errors": [], "interface_ok": true, "stable_walking": true, "scenario_name": null, "scenario_settle_steps": 0, "scenario_motion_steps": 0, "scenario_command_requested_rapid": null, "scenario_command_policy": null, "scenario_command_term": null, "scenario_command_rapid_final": null, "scenario_settle_metrics": null, "scenario_metrics": null, "scenario_gate_errors": [], "scenario_pass": null, "video": null, "video_frames_written": 0, "leg_motion_stats": {"FR": {"joints": {"haa": {"target": {"min": -0.127471461892128, "max": -0.06875000149011612, "rms": 0.07667335778543605, "range": 0.05872146040201187, "motion_rms": 0.01761643812060353}, "actual": {"min": -0.04274347051978111, "max": -0.0016300729475915432, "rms": 0.026738940864122044, "range": 0.04111339757218957, "motion_rms": 0.008463607828054007}, "raw_action": {"min": -0.21977169811725616, "max": 5.064685344696045, "rms": 3.634113368443786, "range": 5.284457042813301, "motion_rms": 1.4599286657145238}, "applied_action": {"min": -0.21977169811725616, "max": 0.25, "rms": 0.2471436018377458, "range": 0.46977169811725616, "motion_rms": 0.14093150943517685}, "position_clip_count": 0, "torque_clip_count": 0}, "hip": {"target": {"min": -0.771048903465271, "max": -0.737500011920929, "rms": 0.7421080979735845, "range": 0.03354889154434204, "motion_rms": 0.01029261991263208}, "actual": {"min": -0.7836155891418457, "max": -0.66301029920578, "rms": 0.69939215102023, "range": 0.12060528993606567, "motion_rms": 0.034633802783714286}, "raw_action": {"min": 0.11580446362495422, "max": 2.7994296550750732, "rms": 1.231787122356912, "range": 2.683625191450119, "motion_rms": 0.6935417422752562}, "applied_action": {"min": 0.11580446362495422, "max": 0.25, "rms": 0.23548014840564852, "range": 0.13419553637504578, "motion_rms": 0.04117047757510144}, "position_clip_count": 0, "torque_clip_count": 0}, "knee": {"target": {"min": 1.5575000047683716, "max": 1.6825000047683716, "rms": 1.6704209846402054, "range": 0.125, "motion_rms": 0.03749999999999997}, "actual": {"min": 1.6950370073318481, "max": 1.866186261177063, "rms": 1.7898021514515472, "range": 0.17114925384521484, "motion_rms": 0.051499442638527536}, "raw_action": {"min": -0.30860504508018494, "max": 2.670522689819336, "rms": 1.637785157354322, "range": 2.979127734899521, "motion_rms": 0.7132613241251204}, "applied_action": {"min": -0.25, "max": 0.25, "rms": 0.25, "range": 0.5, "motion_rms": 0.15000000000000002}, "position_clip_count": 0, "torque_clip_count": 0}}, "target_range_min": 0.03354889154434204, "actual_range_min": 0.04111339757218957, "actual_motion_rms_min": 0.008463607828054007}, "FL": {"joints": {"haa": {"target": {"min": 0.06875000149011612, "max": 0.13124999403953552, "rms": 0.09869650713270711, "range": 0.0624999925494194, "motion_rms": 0.025584872232585158}, "actual": {"min": -0.022624056786298752, "max": 0.08803002536296844, "rms": 0.0367012903695193, "range": 0.1106540821492672, "motion_rms": 0.03336119562026737}, "raw_action": {"min": -0.5880255699157715, "max": 0.9149247407913208, "rms": 0.4361290841670118, "range": 1.5029503107070923, "motion_rms": 0.43525006595239446}, "applied_action": {"min": -0.25, "max": 0.25, "rms": 0.20807123119868937, "range": 0.5, "motion_rms": 0.2046790021172668}, "position_clip_count": 0, "torque_clip_count": 0}, "hip": {"target": {"min": -0.7906078696250916, "max": -0.737500011920929, "rms": 0.7464414659345575, "range": 0.0531078577041626, "motion_rms": 0.017958490696079205}, "actual": {"min": -0.7843573689460754, "max": -0.6953792572021484, "rms": 0.7216483653888596, "range": 0.088978111743927, "motion_rms": 0.023976921543200254}, "raw_action": {"min": 0.037568479776382446, "max": 0.8841801881790161, "rms": 0.4985231397918942, "range": 0.8466117084026337, "motion_rms": 0.27134841911191476}, "applied_action": {"min": 0.037568479776382446, "max": 0.25, "rms": 0.22677621922510188, "range": 0.21243152022361755, "motion_rms": 0.0718339722245187}, "position_clip_count": 0, "torque_clip_count": 0}, "knee": {"target": {"min": 1.5575000047683716, "max": 1.6825000047683716, "rms": 1.607314841861294, "range": 0.125, "motion_rms": 0.05975514895579397}, "actual": {"min": 1.7357276678085327, "max": 1.8651028871536255, "rms": 1.8233251799206092, "range": 0.12937521934509277, "motion_rms": 0.03515680289491914}, "raw_action": {"min": -1.0939385890960693, "max": 0.8250778913497925, "rms": 0.7298224237424956, "range": 1.9190164804458618, "motion_rms": 0.68259929961553}, "applied_action": {"min": -0.25, "max": 0.25, "rms": 0.24530847783904294, "range": 0.5, "motion_rms": 0.23902058318843208}, "position_clip_count": 0, "torque_clip_count": 0}}, "target_range_min": 0.0531078577041626, "actual_range_min": 0.088978111743927, "actual_motion_rms_min": 0.023976921543200254}, "RR": {"joints": {"haa": {"target": {"min": -0.13124999403953552, "max": -0.08146220445632935, "rms": 0.12715153918584227, "range": 0.04978778958320618, "motion_rms": 0.014936336874961903}, "actual": {"min": -0.16921569406986237, "max": -0.0016094960737973452, "rms": 0.09051337158533164, "range": 0.16760619799606502, "motion_rms": 0.048239016097315394}, "raw_action": {"min": -3.633373498916626, "max": 0.148302361369133, "rms": 2.4809734510419106, "range": 3.781675860285759, "motion_rms": 0.9915469240630228}, "applied_action": {"min": -0.25, "max": 0.148302361369133, "rms": 0.24176302248020912, "range": 0.398302361369133, "motion_rms": 0.11949070841073993}, "position_clip_count": 0, "torque_clip_count": 0}, "hip": {"target": {"min": -0.862500011920929, "max": -0.737500011920929, "rms": 0.8202068814917767, "range": 0.125, "motion_rms": 0.05643088355646934}, "actual": {"min": -0.7849059104919434, "max": -0.6249350309371948, "rms": 0.687339220855964, "range": 0.15997087955474854, "motion_rms": 0.04646564684496031}, "raw_action": {"min": -1.303978681564331, "max": 0.8699083924293518, "rms": 0.8103632412214214, "range": 2.173887073993683, "motion_rms": 0.7343347025003857}, "applied_action": {"min": -0.25, "max": 0.25, "rms": 0.23725070471384613, "range": 0.5, "motion_rms": 0.22572353453126454}, "position_clip_count": 0, "torque_clip_count": 0}, "knee": {"target": {"min": 1.5575000047683716, "max": 1.6825000047683716, "rms": 1.5704477912279287, "range": 0.125, "motion_rms": 0.03749999999999997}, "actual": {"min": 1.8419198989868164, "max": 1.893057107925415, "rms": 1.8630647576129493, "range": 0.05113720893859863, "motion_rms": 0.015736019510754613}, "raw_action": {"min": -3.8995251655578613, "max": 0.8864452838897705, "rms": 2.3317035959315704, "range": 4.785970449447632, "motion_rms": 1.3256754468934566}, "applied_action": {"min": -0.25, "max": 0.25, "rms": 0.25, "range": 0.5, "motion_rms": 0.15000000000000002}, "position_clip_count": 0, "torque_clip_count": 0}}, "target_range_min": 0.04978778958320618, "actual_range_min": 0.05113720893859863, "actual_motion_rms_min": 0.015736019510754613}, "RL": {"joints": {"haa": {"target": {"min": 0.06875000149011612, "max": 0.12794841825962067, "rms": 0.07979720105595671, "range": 0.05919841676950455, "motion_rms": 0.01885401583968294}, "actual": {"min": -0.001799283199943602, "max": 0.06843777000904083, "rms": 0.04358936051291016, "range": 0.07023705320898443, "motion_rms": 0.023794100646428378}, "raw_action": {"min": -4.991335868835449, "max": 0.22358736395835876, "rms": 2.4770013087661864, "range": 5.214923232793808, "motion_rms": 1.651269887386418}, "applied_action": {"min": -0.25, "max": 0.22358736395835876, "rms": 0.2346090313477853, "range": 0.47358736395835876, "motion_rms": 0.15083213232753914}, "position_clip_count": 0, "torque_clip_count": 0}, "hip": {"target": {"min": -0.862500011920929, "max": -0.08135247230529785, "rms": 0.7340056628309523, "range": 0.7811475396156311, "motion_rms": 0.2979839178676632}, "actual": {"min": -0.7848219275474548, "max": -0.2215423434972763, "rms": 0.5887329662554438, "range": 0.5632795840501785, "motion_rms": 0.1681744756523056}, "raw_action": {"min": -3.6779634952545166, "max": 0.0065326988697052, "rms": 2.197667047869001, "range": 3.684496194124222, "motion_rms": 1.1540875780407858}, "applied_action": {"min": -0.25, "max": 0.0065326988697052, "rms": 0.2371798212653265, "range": 0.2565326988697052, "motion_rms": 0.07695980966091157}, "position_clip_count": 0, "torque_clip_count": 3}, "knee": {"target": {"min": 1.5575000047683716, "max": 1.6825000047683716, "rms": 1.6644784958886647, "range": 0.125, "motion_rms": 0.03974837149566733}, "actual": {"min": 1.7144147157669067, "max": 2.0618348121643066, "rms": 1.8678608596409951, "range": 0.3474200963973999, "motion_rms": 0.10553155069279986}, "raw_action": {"min": -0.7321031093597412, "max": 2.4048633575439453, "rms": 1.4066740589615636, "range": 3.1369664669036865, "motion_rms": 0.9799712329574405}, "applied_action": {"min": -0.25, "max": 0.25, "rms": 0.23719255411327927, "range": 0.5, "motion_rms": 0.15899349841862032}, "position_clip_count": 0, "torque_clip_count": 0}}, "target_range_min": 0.05919841676950455, "actual_range_min": 0.07023705320898443, "actual_motion_rms_min": 0.023794100646428378}, "_gate": {"front_target_range_min": 0.03354889154434204, "front_actual_range_min": 0.04111339757218957, "front_target_threshold_rad": 0.04, "front_actual_threshold_rad": 0.05, "ok": false}}, "scenario_mean_body_velocity": null, "scenario_mean_body_yaw_rate": null}
[STAGE] event_loop_done
