[3gH    H    H    H    H    H    H    H    H    H    H    H    H    H    H    H    H    H    H    H   [INFO] Using python from: /home/pma213x/.venvs/minicheetah-isaaclab/bin/python
[INFO][AppLauncher]: Loading experience file: /home/pma213x/IsaacLab/apps/isaaclab.python.kit
[Warning] [simulation_app.simulation_app] Modules: ['omni.kit_app'] were loaded before SimulationApp was started and might not be loaded correctly.
[Warning] [simulation_app.simulation_app] Please check to make sure no extra omniverse or pxr modules are imported before the call to SimulationApp(...)
Loading user config located at: '/home/pma213x/.venvs/minicheetah-isaaclab/lib/python3.10/site-packages/omni/data/Kit/Isaac-Sim/4.5/user.config.json'
[Info] [carb] Logging to file: /home/pma213x/.venvs/minicheetah-isaaclab/lib/python3.10/site-packages/omni/logs/Kit/Isaac-Sim/4.5/kit_20261008_011900.log
2026-10-07 17:19:00 [0ms] [Warning] [omni.kit.app.plugin] No crash reporter present, dumps uploading isn't available.
[0.077s] [ext: omni.kit.async_engine-0.0.1] startup
[0.308s] [ext: omni.metrics.core-0.0.1] startup
[0.309s] [ext: omni.client.lib-1.0.0] startup
[0.364s] [ext: omni.blobkey-1.1.2] startup
[0.364s] [ext: omni.stats-1.0.1] startup
[0.367s] [ext: omni.datastore-0.0.0] startup
[0.392s] [ext: omni.client-1.2.2] startup
[0.409s] [ext: omni.ujitso.default-1.0.0] startup
[0.414s] [ext: omni.hsscclient-1.1.1] startup
2026-10-07 17:19:00 [385ms] [Warning] [omni.datastore] OmniHub is inaccessible
[0.423s] [ext: omni.gpu_foundation.shadercache.vulkan-1.0.0] startup
[0.429s] [ext: omni.assets.plugins-0.0.0] startup
[0.433s] [ext: omni.gpu_foundation-0.0.0] startup
[0.462s] [ext: carb.windowing.plugins-1.0.0] startup
2026-10-07 17:19:00 [465ms] [Warning] [carb.windowing-glfw.gamepad] Joystick with unknown remapping detected (will be ignored):  HUION 256C PEN STYLUS [030000006c250000edee000001000000]
[0.497s] [ext: omni.kit.renderer.init-0.0.0] startup
2026-10-07 17:19:01 [785ms] [Warning] [gpu.foundation.plugin] Skipping unsupported non-NVIDIA GPU: Intel(R) UHD Graphics (ADL-S GT0.5)
2026-10-07 17:19:01 [785ms] [Warning] [gpu.foundation.plugin] Skipping unsupported non-NVIDIA GPU: Intel(R) UHD Graphics (ADL-S GT0.5)

|---------------------------------------------------------------------------------------------|
| Driver Version: 580.178.04    | Graphics API: Vulkan
|=============================================================================================|
| GPU | Name                             | Active | LDA | GPU Memory | Vendor-ID | LUID       |
|     |                                  |        |     |            | Device-ID | UUID       |
|     |                                  |        |     |            | Bus-ID    |            |
|---------------------------------------------------------------------------------------------|
| 0   | NVIDIA GeForce RTX 4060 Laptop.. | Yes: 0 |     | 8188    MB | 10de      | 0          |
|     |                                  |        |     |            | 28e0      | 4d090564.. |
|     |                                  |        |     |            | 1         |            |
|---------------------------------------------------------------------------------------------|
| 1   | Intel(R) UHD Graphics (ADL-S G.. |        |     | 11374   MB | 8086      | 0          |
|     |                                  |        |     |            | 468b      | 86808b46.. |
|     |                                  |        |     |            | 0         |            |
|=============================================================================================|
| OS: 26.04.1 LTS (Resolute Raccoon) ubuntu, Version: 26.04.1, Kernel: 7.0.0-34-generic
| XServer Vendor: The X.Org Foundation, XServer Version: 12401010 (1.24.1.10)
| Processor: 13th Gen Intel(R) Core(TM) i5-13500HX
| Bare Metal Cores: 14 | Bare Metal Logical Cores: 28
| Available Cores:  20 
|---------------------------------------------------------------------------------------------|
| Total Memory (MB): 15166 | Free Memory: 5737
| Total Page/Swap (MB): 20479 | Free Page/Swap: 8662
|---------------------------------------------------------------------------------------------|
2026-10-07 17:19:01 [1,120ms] [Warning] [gpu.foundation.plugin] IOMMU is enabled.
2026-10-07 17:19:01 [1,120ms] [Warning] [gpu.foundation.plugin] Detected IOMMU is enabled. Running CUDA peer-to-peer bandwidth and latency validation.
Unidirectional P2P=Enabled Bandwidth (P2P Writes) Matrix (GB/s)
   D\D     0 
     0 226.61 
P2P=Enabled Latency (P2P Writes) Matrix (us)
   GPU     0 
     0   1.46 

   CPU     0 
     0   1.65 
[1.299s] [ext: omni.kit.pipapi-0.0.0] startup
[1.301s] [ext: omni.materialx.libs-1.0.6] startup
[1.314s] [ext: omni.kit.pip_archive-0.0.0] startup
[1.314s] [ext: omni.kit.loop-isaac-1.2.1] startup
[1.316s] [ext: omni.kit.test-1.1.2] startup
[1.356s] [ext: omni.usd.config-1.0.5] startup
[1.360s] [ext: omni.gpucompute.plugins-0.0.0] startup
[1.361s] [ext: omni.usd.libs-1.0.1] startup
[1.539s] [ext: omni.mdl-55.0.1] startup
[1.558s] [ext: omni.iray.libs-0.0.0] startup
[1.585s] [ext: omni.mdl.neuraylib-0.2.10] startup
[1.590s] [ext: omni.kit.usd.mdl-1.0.7] startup
[1.738s] [ext: omni.kit.telemetry-0.5.1] startup
[1.762s] [ext: omni.appwindow-1.1.9] startup
[1.770s] [ext: omni.kit.renderer.core-1.0.2] startup
[1.914s] [ext: omni.kit.renderer.capture-0.0.0] startup
[1.921s] [ext: omni.kit.renderer.imgui-1.0.2] startup
[2.190s] [ext: omni.ui-2.26.5] startup
[2.213s] [ext: omni.kit.mainwindow-1.0.3] startup
[2.216s] [ext: carb.audio-0.1.0] startup
[2.225s] [ext: omni.uiaudio-1.0.0] startup
[2.230s] [ext: omni.kit.uiapp-0.0.0] startup
[2.230s] [ext: omni.usd.schema.metrics.assembler-106.5.0] startup
[2.243s] [ext: omni.usd.schema.semantics-0.0.0] startup
[2.248s] [ext: omni.usd.schema.audio-0.0.0] startup
[2.254s] [ext: isaacsim.robot.schema-3.1.2] startup
[2.270s] [ext: omni.usd.schema.physx-106.5.7] startup
[2.319s] [ext: omni.usd.schema.omnigraph-1.0.0] startup
[2.327s] [ext: omni.usd.schema.forcefield-106.5.7] startup
[2.335s] [ext: omni.usd.schema.anim-0.0.0] startup
[2.359s] [ext: omni.usd.schema.geospatial-0.0.0] startup
[2.364s] [ext: omni.usd_resolver-1.0.0] startup
[2.370s] [ext: omni.kit.window.popup_dialog-2.0.24] startup
[2.375s] [ext: usdrt.scenegraph-7.5.1] startup
[2.433s] [ext: omni.timeline-1.0.11] startup
[2.436s] [ext: omni.usd.core-1.4.2] startup
[2.440s] [ext: omni.resourcemonitor-107.0.0] startup
[2.444s] [ext: omni.activity.core-1.0.1] startup
[2.448s] [ext: omni.kit.widget.nucleus_connector-1.1.10] startup
[2.450s] [ext: omni.hydra.usdrt_delegate-7.5.1] startup
[2.464s] [ext: omni.kit.actions.core-1.0.0] startup
[2.469s] [ext: omni.graph.exec-0.9.4] startup
[2.470s] [ext: omni.kit.commands-1.4.9] startup
[2.475s] [ext: omni.kit.usd_undo-0.1.8] startup
[2.476s] [ext: omni.kit.exec.core-0.13.4] startup
[2.480s] [ext: omni.kit.audiodeviceenum-1.0.1] startup
[2.483s] [ext: omni.hydra.scene_delegate-0.3.3] startup
[2.488s] [ext: omni.usd-1.12.4] startup
[2.546s] [ext: omni.kit.asset_converter-2.8.3] startup
[2.565s] [ext: omni.usd.schema.omniscripting-1.0.0] startup
[2.571s] [ext: omni.kit.widget.options_menu-1.1.6] startup
[2.574s] [ext: omni.kit.helper.file_utils-0.1.9] startup
[2.576s] [ext: omni.kit.menu.core-1.1.2] startup
[2.578s] [ext: omni.kit.widget.path_field-2.0.11] startup
[2.579s] [ext: omni.ui.scene-1.11.2] startup
[2.585s] [ext: omni.kit.widget.options_button-1.0.3] startup
[2.586s] [ext: omni.kit.widget.filebrowser-2.10.52] startup
[2.593s] [ext: omni.kit.widget.context_menu-1.2.4] startup
[2.595s] [ext: omni.kit.widget.browser_bar-2.0.10] startup
[2.596s] [ext: omni.kit.notification_manager-1.0.9] startup
[2.598s] [ext: omni.kit.clipboard-1.0.5] startup
[2.600s] [ext: omni.kit.window.filepicker-2.11.7] startup
[2.618s] [ext: omni.kit.window.file_exporter-1.0.31] startup
[2.621s] [ext: omni.kit.hotkeys.core-1.3.10] startup
[2.627s] [ext: omni.kit.widget.filter-1.1.4] startup
[2.628s] [ext: omni.kit.usd.layers-2.2.0] startup
[2.639s] [ext: omni.kit.window.file_importer-1.1.14] startup
[2.641s] [ext: omni.kit.stage_template.core-1.1.22] startup
[2.643s] [ext: omni.kit.context_menu-1.8.3] startup
[2.645s] [ext: omni.kit.window.file-1.3.57] startup
[2.649s] [ext: omni.kit.widget.searchfield-1.1.8] startup
[2.651s] [ext: omni.kit.window.drop_support-1.0.4] startup
[2.652s] [ext: omni.kit.window.content_browser_registry-0.0.6] startup
[2.653s] [ext: omni.kit.menu.utils-1.7.7] startup
[2.660s] [ext: omni.kit.widget.stage-2.11.6] startup
[2.674s] [ext: omni.kit.window.content_browser-2.10.3] startup
[2.690s] [ext: omni.kit.property.adapter.core-1.0.2] startup
[2.693s] [ext: omni.inspect-1.0.1] startup
[2.697s] [ext: omni.kit.property.adapter.usd-1.0.2] startup
[2.699s] [ext: omni.graph.core-2.181.8] startup
[2.704s] [ext: omni.index.libs-380600.1777.0] startup
[2.704s] [ext: omni.hydra.rtx.shadercache.vulkan-1.0.0] startup
[2.706s] [ext: omni.ujitso.processor.texture-1.0.0] startup
[2.708s] [ext: isaacsim.core.deprecation_manager-0.2.2] startup
[2.709s] [ext: omni.index-1.0.1] startup
[2.711s] [ext: omni.kvdb-106.5.7] startup
[2.714s] [ext: omni.ujitso.client-0.0.0] startup
[2.715s] [ext: isaacsim.core.version-2.0.2] startup
[2.716s] [ext: omni.volume-0.5.0] startup
[2.727s] [ext: omni.localcache-106.5.7] startup
[2.730s] [ext: omni.usdphysics-106.5.7] startup
[2.734s] [ext: isaacsim.storage.native-1.0.6] startup
[2.735s] [ext: omni.hydra.rtx-1.0.0] startup
2026-10-07 17:19:03 [2,712ms] [Warning] [omni.log] Source: omni.hydra was already registered.
[2.777s] [ext: omni.convexdecomposition-106.5.7] startup
[2.786s] [ext: omni.kit.widget.highlight_label-1.0.3] startup
[2.787s] [ext: omni.physx.foundation-106.5.7] startup
[2.798s] [ext: omni.kit.widget.searchable_combobox-1.0.6] startup
[2.800s] [ext: omni.kit.menu.create-1.0.17] startup
[2.802s] [ext: omni.kit.window.property-1.11.5] startup
[2.805s] [ext: omni.kit.property.adapter.fabric-1.0.3] startup
[2.807s] [ext: omni.kit.widget.settings-1.2.2] startup
[2.809s] [ext: omni.physx.cooking-106.5.7] startup
[2.819s] [ext: omni.kit.property.usd-4.2.16] startup
[2.830s] [ext: omni.kit.window.preferences-1.7.0] startup
[2.835s] [ext: omni.physx-106.5.7] startup
[2.855s] [ext: omni.kit.scripting-106.5.2] startup
[2.860s] [ext: isaacsim.core.throttling-2.0.2] startup
[2.861s] [ext: isaacsim.replicator.behavior-1.0.8] startup
[2.862s] [ext: omni.kit.hydra_texture-1.4.0] startup
[2.867s] [ext: isaacsim.app.about-2.0.7] startup
[2.875s] [ext: isaacsim.gui.property-1.0.4] startup
[3.022s] [ext: omni.kit.widget.material_preview-1.0.16] startup
[3.025s] [ext: semantics.schema.editor-0.3.10] startup
[3.027s] [ext: semantics.schema.property-1.0.5] startup
[3.029s] [ext: omni.graph.action_core-1.1.7] startup
[3.034s] [ext: omni.kit.numpy.common-0.1.2] startup
[3.036s] [ext: omni.hydra.engine.stats-1.0.3] startup
[3.039s] [ext: omni.kit.material.library-1.5.15] startup
[3.047s] [ext: omni.kit.raycast.query-1.0.5] startup
[3.054s] [ext: omni.kit.viewport.legacy_gizmos-1.0.16] startup
[3.058s] [ext: omni.kit.viewport.scene_camera_model-1.0.5] startup
[3.064s] [ext: omni.graph.image.core-0.6.0] startup
[3.066s] [ext: omni.graph.tools-1.79.1] startup
[3.092s] [ext: omni.kit.viewport.registry-104.0.6] startup
[3.093s] [ext: omni.kit.widget.viewport-107.0.7] startup
[3.099s] [ext: omni.physx.stageupdate-106.5.7] startup
[3.103s] [ext: omni.graph.image.nodes-1.3.0] startup
[3.108s] [ext: omni.kit.viewport.menubar.core-107.1.2] startup
[3.120s] [ext: omni.kit.viewport.window-107.0.8] startup
[3.134s] [ext: omni.isaac.dynamic_control-1.3.15] startup
2026-10-07 17:19:03 [3,111ms] [Warning] [omni.isaac.dynamic_control] omni.isaac.dynamic_control is deprecated as of Isaac Sim 4.5. No action is needed from end-users.
[3.144s] [ext: omni.physics.tensors-106.5.7] startup
[3.153s] [ext: omni.warp.core-1.5.0] startup
[3.263s] [ext: omni.kit.viewport.utility-1.0.18] startup
[3.264s] [ext: omni.graph-1.140.2] startup
[3.316s] [ext: omni.physx.tensors-106.5.7] startup
[3.324s] [ext: isaacsim.core.utils-2.2.8] startup
[3.328s] [ext: omni.syntheticdata-0.6.10] startup
[3.356s] [ext: isaacsim.core.simulation_manager-0.3.3] startup
[5.051s] [ext: omni.kit.widget.graph-1.12.17] startup
[5.058s] [ext: omni.kit.manipulator.viewport-107.0.1] startup
[5.060s] [ext: omni.ui_query-1.1.7] startup
[5.062s] [ext: isaacsim.core.prims-0.3.7] startup
[5.082s] [ext: omni.kit.graph.delegate.default-1.2.2] startup
[5.084s] [ext: omni.graph.visualization.nodes-2.1.1] startup
[5.090s] [ext: omni.kit.ui_test-1.3.3] startup
[5.097s] [ext: omni.graph.action_nodes-1.40.1] startup
[5.104s] [ext: omni.kit.graph.editor.core-1.5.3] startup
[5.114s] [ext: omni.kit.graph.usd.commands-1.3.1] startup
[5.116s] [ext: omni.kit.widget.text_editor-1.0.2] startup
[5.120s] [ext: omni.graph.action-1.120.0] startup
[5.121s] [ext: omni.kit.primitive.mesh-1.0.17] startup
[5.131s] [ext: omni.graph.nodes-1.162.1] startup
[5.162s] [ext: omni.graph.scriptnode-1.40.1] startup
[5.174s] [ext: omni.kit.window.extensions-1.4.25] startup
[5.190s] [ext: omni.kit.stage_templates-1.2.6] startup
[5.193s] [ext: omni.warp-1.5.0] startup
[5.200s] [ext: omni.kit.window.material_graph-1.8.19] startup
[5.303s] [ext: isaacsim.gui.components-1.0.9] startup
[5.323s] [ext: isaacsim.core.api-4.2.16] startup
[5.352s] [ext: omni.replicator.core-1.11.35] startup
2026-10-07 17:19:05 [5,420ms] [Warning] [omni.replicator.core.scripts.extension] No material configuration file, adding configuration to material settings directly.
[5.455s] [ext: isaacsim.robot.surface_gripper-2.0.6] startup
[5.464s] [ext: isaacsim.core.nodes-2.1.4] startup
[5.491s] [ext: isaacsim.core.cloner-1.3.4] startup
[5.498s] [ext: isaacsim.robot.manipulators-3.0.4] startup
[5.507s] [ext: omni.kit.widget.prompt-1.0.7] startup
[5.512s] [ext: isaacsim.sensors.camera-0.2.9] startup
[5.538s] [ext: isaacsim.util.debug_draw-2.0.2] startup
[5.560s] [ext: omni.kit.tool.asset_importer-2.12.2] startup
[5.589s] [ext: omni.sensors.nv.common-2.5.0-coreapi] startup
[5.639s] [ext: isaacsim.sensors.physx-2.2.4] startup
[5.650s] [ext: isaacsim.asset.importer.mjcf-2.3.3] startup
[5.721s] [ext: omni.sensors.nv.materials-1.4.0-coreapi] startup
[5.728s] [ext: isaacsim.simulation_app-2.4.2] startup
[5.729s] [ext: omni.anim.curve.core-1.2.0] startup
[5.741s] [ext: omni.graph.ui_nodes-1.40.1] startup
[5.748s] [ext: omni.sensors.nv.wpm-2.4.0-coreapi] startup
[5.753s] [ext: omni.sensors.nv.ids-1.4.0-coreapi] startup
[5.761s] [ext: omni.kit.manipulator.transform-106.0.1] startup
[5.772s] [ext: omni.kit.widget.toolbar-1.7.3] startup
[5.796s] [ext: omni.sensors.nv.lidar-2.6.3-coreapi] startup
[5.809s] [ext: omni.sensors.nv.radar-2.6.1-coreapi] startup
[5.820s] [ext: omni.sensors.tiled-0.0.6] startup
[5.823s] [ext: omni.kit.manipulator.selector-1.1.1] startup
[5.825s] [ext: omni.kit.manipulator.tool.snap-1.5.12] startup
[5.830s] [ext: omni.kit.selection-0.1.5] startup
[5.834s] [ext: omni.kit.manipulator.camera-106.0.3] startup
[5.840s] [ext: isaacsim.sensors.rtx-13.6.3] startup
[5.847s] [ext: omni.kit.widget.zoombar-1.0.5] startup
[5.851s] [ext: omni.kit.viewport.manipulator.transform-107.0.4] startup
[5.855s] [ext: omni.kit.menu.edit-1.1.25] startup
[5.869s] [ext: omni.fabric.commands-1.1.5] startup
[5.874s] [ext: omni.kit.widget.stage_icons-1.0.6] startup
[5.876s] [ext: omni.kit.browser.core-2.3.11] startup
[5.881s] [ext: omni.kit.manipulator.prim.core-107.0.7] startup
[5.888s] [ext: omni.kit.menu.file-1.1.15] startup
[5.892s] [ext: omni.kit.usd.collect-2.2.22] startup
[5.896s] [ext: omni.kit.window.stage-2.5.11] startup
[5.903s] [ext: omni.kit.browser.folder.core-1.10.1] startup
[5.912s] [ext: omni.kit.manipulator.prim.fabric-107.0.4] startup
[5.914s] [ext: omni.kit.property.camera-1.0.9] startup
[5.917s] [ext: omni.kit.property.audio-1.0.16] startup
[5.919s] [ext: omni.kit.tool.collect-2.2.16] startup
[5.922s] [ext: omni.kit.menu.stage-1.2.5] startup
[5.924s] [ext: isaacsim.sensors.physics-0.3.5] startup
[5.932s] [ext: omni.kit.manipulator.prim.usd-107.0.3] startup
[5.936s] [ext: isaacsim.examples.browser-0.1.8] startup
[5.942s] [ext: omni.kit.viewport.actions-107.0.0] startup
[5.953s] [ext: omni.kit.manipulator.prim-107.0.0] startup
[5.954s] [ext: omni.kit.widget.layers-1.8.2] startup
[5.966s] [ext: omni.kit.viewport.menubar.display-107.0.3] startup
[5.970s] [ext: omni.kit.manipulator.selection-106.0.1] startup
[5.972s] [ext: omni.debugdraw-0.1.3] startup
[5.977s] [ext: omni.hydra.scene_api-0.1.2] startup
[5.983s] [ext: omni.kit.property.light-1.0.11] startup
[5.986s] [ext: omni.usdphysics.ui-106.5.7] startup
[6.014s] [ext: omni.physx.commands-106.5.7] startup
[6.019s] [ext: omni.kit.property.transform-1.5.10] startup
[6.024s] [ext: omni.kit.property.render-1.1.3] startup
[6.026s] [ext: omni.kit.property.material-1.10.17] startup
[6.034s] [ext: omni.kit.property.geometry-1.3.3] startup
[6.039s] [ext: omni.physx.ui-106.5.7] startup
[6.076s] [ext: omni.kit.viewport.menubar.camera-107.0.2] startup
[6.086s] [ext: omni.kit.property.bundle-1.3.2] startup
[6.090s] [ext: isaacsim.robot.policy.examples-4.0.3] startup
[6.092s] [ext: isaacsim.asset.importer.urdf-2.3.10] startup
[6.124s] [ext: omni.kit.viewport.menubar.lighting-106.0.2] startup
[6.134s] [ext: omni.physx.demos-106.5.7] startup
[6.154s] [ext: omni.kit.property.physx-106.5.7] startup
[6.195s] [ext: omni.kit.viewport.menubar.render-107.0.8] startup
[6.200s] [ext: omni.kit.window.toolbar-1.6.2] startup
[6.204s] [ext: isaacsim.robot.wheeled_robots-4.0.3] startup
[6.213s] [ext: omni.physx.vehicle-106.5.7] startup
[6.244s] [ext: omni.physx.graph-106.5.7] startup
[6.262s] [ext: omni.physx.supportui-106.5.7] startup
[6.286s] [ext: omni.physx.telemetry-106.5.7] startup
[6.299s] [ext: omni.physx.camera-106.5.7] startup
[6.314s] [ext: omni.physx.cct-106.5.7] startup
[6.327s] [ext: omni.rtx.window.settings-0.6.17] startup
[6.335s] [ext: omni.usd.metrics.assembler-106.5.0] startup
[6.345s] [ext: omni.kit.viewport.menubar.settings-107.0.3] startup
[6.353s] [ext: omni.kit.window.status_bar-0.1.7] startup
[6.357s] [ext: omni.physx.bundle-106.5.7] startup
[6.358s] [ext: omni.replicator.replicator_yaml-2.0.10] startup
[6.373s] [ext: omni.rtx.settings.core-0.6.3] startup
[6.378s] [ext: isaacsim.robot_motion.lula-4.0.4] startup
[6.395s] [ext: omni.usd.metrics.assembler.ui-106.5.0] startup
[6.402s] [ext: isaacsim.asset.browser-1.3.4] startup
[6.443s] [ext: isaacsim.gui.menu-2.0.9] startup
2026-10-07 17:19:06 [6,416ms] [Warning] [omni.kit.menu.utils.app_menu] add_menu_items: menu [<MenuItemDescription name:'New'>, <MenuItemDescription name:'Open'>, <MenuItemDescription name:'Re-open with New Edit Layer'>, <MenuItemDescription name:'Save'>, <MenuItemDescription name:'Save With Options'>, <MenuItemDescription name:'Save As...'>, <MenuItemDescription name:'Save Flattened As...'>, <MenuItemDescription name:'Add Reference'>, <MenuItemDescription name:'Add Payload'>, <MenuItemDescription name:'Exit'>] cannot change delegate
[6.450s] [ext: omni.kit.ui.actions-1.0.2] startup
[6.455s] [ext: omni.kit.window.console-0.2.14] startup
[6.467s] [ext: isaacsim.robot_motion.motion_generation-8.0.6] startup
[6.474s] [ext: isaaclab-0.34.9] startup
[6.724s] [ext: isaaclab_assets-0.2.1] startup
[6.922s] [ext: isaaclab_tasks-0.10.24] startup
[7.210s] [ext: omni.kit.menu.common-1.1.9] startup
[7.212s] [ext: isaaclab_rl-0.1.0] startup
Gym has been unmaintained since 2022 and does not support NumPy 2.0 amongst other critical functionality.
Please upgrade to Gymnasium, the maintained drop-in replacement of Gym, or contact the authors of your software and request that they upgrade.
See the migration guide at https://gymnasium.farama.org/introduction/migration_guide/ for additional information.
[7.908s] [ext: isaaclab_mimic-1.0.2] startup
[7.909s] [ext: isaaclab.python-2.0.2] startup
[7.912s] Simulation App Starting
[8.488s] app ready
2026-10-07 17:19:08 [8,474ms] [Warning] [rtx.scenedb.plugin] SceneDbContext : TLAS limit buffer size 7508933632
2026-10-07 17:19:08 [8,474ms] [Warning] [rtx.scenedb.plugin] SceneDbContext : TLAS limit : valid false, within: false
2026-10-07 17:19:08 [8,474ms] [Warning] [rtx.scenedb.plugin] SceneDbContext : TLAS limit : decrement: 167690, decrement size: 7433845248
2026-10-07 17:19:08 [8,474ms] [Warning] [rtx.scenedb.plugin] SceneDbContext : New limit 9574251 (slope: 447, intercept: 13179904)
2026-10-07 17:19:08 [8,474ms] [Warning] [rtx.scenedb.plugin] SceneDbContext : TLAS limit buffer size 4287216384
2026-10-07 17:19:08 [8,474ms] [Warning] [rtx.scenedb.plugin] SceneDbContext : TLAS limit : valid true, within: true
2026-10-07 17:19:09 [8,749ms] [Warning] [omni.usd-abi.plugin] No setting was found for '/rtx-defaults-transient/meshlights/forceDisable'
[240.317s] Simulation App Startup Complete
[STAGE] config_start
[INFO]: Parsing configuration from: training.envs.velocity_flat_env_cfg:YoboGoVelocityFlatEnvCfg
[STAGE] config_done
[INFO]: Parsing configuration from: training.agents.rsl_rl_ppo_cfg:YoboGoFlatPPORunnerCfg
[STAGE] environment_create_start
2026-10-07 17:23:01 [240,967ms] [Warning] [isaaclab.envs.manager_based_env] Seed not set for the environment. The environment creation may not be deterministic.
[243.104s] [ext: omni.physx.fabric-106.5.7] startup
[INFO]: Base environment:
	Environment device    : cuda:0
	Environment seed      : None
	Physics step-size     : 0.0004
	Rendering step-size   : 0.002
	Environment step-size : 0.002
2026-10-07 17:23:04 [243,832ms] [Warning] [isaaclab.terrains.terrain_importer] Visual material specified for ground plane but no diffuse color found. Using default color: (0.0, 0.0, 0.0)
[INFO]: Time taken for scene creation : 3.518675 seconds
[INFO]: Scene manager:  <class InteractiveScene>
	Number of environments: 1
	Environment spacing   : 2.5
	Source prim name      : /World/envs/env_0
	Global prim paths     : ['/World/ground']
	Replicate physics     : True
[INFO]: Starting the simulation. This may take a few seconds. Please wait...
2026-10-07 17:23:28 [268,419ms] [Warning] [omni.hydra.scene_delegate.plugin] Calling getBypassRenderSkelMeshProcessing for prim /World/envs/env_0/Robot/base_link/visuals.proto_mesh_id0 that has not been populated
[INFO]: Time taken for simulation start : 33.229683 seconds
[INFO] Command Manager:  <CommandManager> contains 1 active terms.
+------------------------------------------------+
|              Active Command Terms              |
+-------+---------------+------------------------+
| Index | Name          |          Type          |
+-------+---------------+------------------------+
|   0   | base_velocity | UniformVelocityCommand |
+-------+---------------+------------------------+

[INFO] Recorder Manager:  <RecorderManager> contains 0 active terms.
+---------------------+
| Active Recorder Terms |
+-----------+---------+
|   Index   | Name    |
+-----------+---------+
+-----------+---------+

[INFO] Action Manager:  <ActionManager> contains 1 active terms.
+------------------------------------+
|  Active Action Terms (shape: 12)   |
+--------+-------------+-------------+
| Index  | Name        |   Dimension |
+--------+-------------+-------------+
|   0    | joint_pos   |          12 |
+--------+-------------+-------------+

[INFO] Observation Manager: <ObservationManager> contains 1 groups.
+---------------------------------------------------------+
| Active Observation Terms in Group: 'policy' (shape: (48,)) |
+-----------+---------------------------------+-----------+
|   Index   | Name                            |   Shape   |
+-----------+---------------------------------+-----------+
|     0     | base_lin_vel                    |    (3,)   |
|     1     | base_ang_vel                    |    (3,)   |
|     2     | projected_gravity               |    (3,)   |
|     3     | velocity_commands               |    (3,)   |
|     4     | joint_pos                       |   (12,)   |
|     5     | joint_vel                       |   (12,)   |
|     6     | actions                         |   (12,)   |
+-----------+---------------------------------+-----------+

[INFO] Event Manager:  <EventManager> contains 3 active terms.
+--------------------------------------+
| Active Event Terms in Mode: 'startup' |
+----------+---------------------------+
|  Index   | Name                      |
+----------+---------------------------+
|    0     | physics_material          |
+----------+---------------------------+
+---------------------------------------+
|  Active Event Terms in Mode: 'reset'  |
+--------+------------------------------+
| Index  | Name                         |
+--------+------------------------------+
|   0    | base_external_force_torque   |
|   1    | reset_base                   |
|   2    | reset_robot_joints           |
+--------+------------------------------+
+----------------------------------------------+
|    Active Event Terms in Mode: 'interval'    |
+-------+------------+-------------------------+
| Index | Name       | Interval time range (s) |
+-------+------------+-------------------------+
|   0   | push_robot |       (10.0, 15.0)      |
+-------+------------+-------------------------+

[INFO] Termination Manager:  <TerminationManager> contains 2 active terms.
+---------------------------------+
|     Active Termination Terms    |
+-------+--------------+----------+
| Index | Name         | Time Out |
+-------+--------------+----------+
|   0   | time_out     |   True   |
|   1   | base_contact |  False   |
+-------+--------------+----------+

[INFO] Reward Manager:  <RewardManager> contains 11 active terms.
+-----------------------------------------+
|           Active Reward Terms           |
+-------+----------------------+----------+
| Index | Name                 |   Weight |
+-------+----------------------+----------+
|   0   | track_lin_vel_xy_exp |      1.0 |
|   1   | track_ang_vel_z_exp  |      0.5 |
|   2   | lin_vel_z_l2         |     -2.0 |
|   3   | ang_vel_xy_l2        |    -0.05 |
|   4   | dof_torques_l2       | -2.5e-05 |
|   5   | dof_acc_l2           | -2.5e-07 |
|   6   | action_rate_l2       |    -0.01 |
|   7   | feet_air_time        |      0.5 |
|   8   | undesired_contacts   |     -1.0 |
|   9   | flat_orientation_l2  |     -5.0 |
|   10  | dof_pos_limits       |      0.0 |
+-------+----------------------+----------+

[INFO] Curriculum Manager:  <CurriculumManager> contains 0 active terms.
+----------------------+
| Active Curriculum Terms |
+-----------+----------+
|   Index   | Name     |
+-----------+----------+
+-----------+----------+

Creating window for environment.
[INFO]: Completed setting up the environment...
[STAGE] environment_create_done
[INFO] task=YoboGo-Velocity-Flat-v0
[INFO] checkpoint=/run/media/pma213x/0C6A8CC86A8CAFCE/Ubuntu2/CodeU/Dog1/mini-cheetah-isaaclab/training/logs/rsl_rl/yobogo_velocity_flat/2026-10-07_23-35-03_repair-v1-systemd_2026-10-07_233458/model_4799.pt
[INFO] num_envs=1
[INFO] heading_command=False
[INFO] resampling_time_range=1000000000.0
Actor MLP: Sequential(
  (0): Linear(in_features=48, out_features=128, bias=True)
  (1): ELU(alpha=1.0)
  (2): Linear(in_features=128, out_features=128, bias=True)
  (3): ELU(alpha=1.0)
  (4): Linear(in_features=128, out_features=128, bias=True)
  (5): ELU(alpha=1.0)
  (6): Linear(in_features=128, out_features=12, bias=True)
)
Critic MLP: Sequential(
  (0): Linear(in_features=48, out_features=128, bias=True)
  (1): ELU(alpha=1.0)
  (2): Linear(in_features=128, out_features=128, bias=True)
  (3): ELU(alpha=1.0)
  (4): Linear(in_features=128, out_features=128, bias=True)
  (5): ELU(alpha=1.0)
  (6): Linear(in_features=128, out_features=1, bias=True)
)
[STAGE] checkpoint_load_start
[INFO] checkpoint_loaded=true
[STAGE] checkpoint_load_done
[STAGE] keyboard_setup_start
[INFO] keyboard=Keyboard Controller for SE(2): Se2Keyboard
	Keyboard name: Isaac Sim 4.5.0
	----------------------------------------------
	Reset all commands: L
	Move forward   (along x-axis): Numpad 8 / Arrow Up
	Move backward  (along x-axis): Numpad 2 / Arrow Down
	Move right     (along y-axis): Numpad 4 / Arrow Right
	Move left      (along y-axis): Numpad 6 / Arrow Left
	Yaw positively (along z-axis): Numpad 7 / Z
	Yaw negatively (along z-axis): Numpad 9 / X
[STAGE] keyboard_setup_done
[STAGE] event_loop_start
[STAGE] first_step_done
[INFO] completed_steps=1
[INFO] final_command=[0.0, 0.0, 0.0]
Exception ignored in: <function Se2Keyboard.__del__ at 0x7c01c777c550>
Traceback (most recent call last):
  File "/home/pma213x/IsaacLab/source/isaaclab/isaaclab/devices/keyboard/se2_keyboard.py", line 72, in __del__
    self._input.unsubscribe_from_keyboard_events(self._keyboard, self._keyboard_sub)
AttributeError: 'carb.input.IInput' object has no attribute 'unsubscribe_from_keyboard_events'
2026-10-07 17:23:53 [293,277ms] [Warning] [omni.kit.menu.utils.app_menu] add_menu_items: menu [<MenuItemDescription name:'New'>, <MenuItemDescription name:'Open'>, <MenuItemDescription name:'Re-open with New Edit Layer'>, <MenuItemDescription name:'Save'>, <MenuItemDescription name:'Save With Options'>, <MenuItemDescription name:'Save As...'>, <MenuItemDescription name:'Save Flattened As...'>, <MenuItemDescription name:'Add Reference'>, <MenuItemDescription name:'Add Payload'>, <MenuItemDescription name:'Exit'>] cannot change delegate
[293.348s] Simulation App Shutting Down
