[3gH    H    H    H    H    H    H    H    H    H    H    H    H    H    H    H    H    H    H    H   [INFO] Using python from: /home/pma213x/.venvs/minicheetah-isaaclab/bin/python
[INFO][AppLauncher]: Loading experience file: /home/pma213x/IsaacLab/apps/isaaclab.python.kit
[Warning] [simulation_app.simulation_app] Modules: ['omni.kit_app'] were loaded before SimulationApp was started and might not be loaded correctly.
[Warning] [simulation_app.simulation_app] Please check to make sure no extra omniverse or pxr modules are imported before the call to SimulationApp(...)
Loading user config located at: '/home/pma213x/.venvs/minicheetah-isaaclab/lib/python3.10/site-packages/omni/data/Kit/Isaac-Sim/4.5/user.config.json'
[Info] [carb] Logging to file: /home/pma213x/.venvs/minicheetah-isaaclab/lib/python3.10/site-packages/omni/logs/Kit/Isaac-Sim/4.5/kit_20261008_010157.log
2026-10-07 17:01:57 [0ms] [Warning] [omni.kit.app.plugin] No crash reporter present, dumps uploading isn't available.
[0.024s] Failed to solve some dependencies locally, syncing with extension registry...
[0.026s] [ext: omni.kit.async_engine-0.0.1] startup
[0.028s] [ext: omni.client.lib-1.0.0] startup
[0.046s] [ext: omni.kit.registry.nucleus-0.0.0] startup
2026-10-07 17:02:31 [33,942ms] [Error] [omni.kit.registry.nucleus.index_v2.index_sync] Syncing registry index failed for url: 'https://dw290v42wisod.cloudfront.net/exts/kit/community/v2'. Exception: Failed to connect to the registry: 'https://dw290v42wisod.cloudfront.net/exts/kit/community/v2'
[34.016s] Pulling extension: `omni.kit.menu.edit-1.1.25` from the registry.
[46.237s] Extension: `omni.kit.menu.edit-1.1.25` was installed.
[46.237s] Pulling extension: `omni.kit.menu.file-1.1.15` from the registry.
[55.394s] Extension: `omni.kit.menu.file-1.1.15` was installed.
[55.406s] [ext: omni.metrics.core-0.0.1] startup
[55.406s] [ext: omni.blobkey-1.1.2] startup
[55.406s] [ext: omni.stats-1.0.1] startup
[55.499s] [ext: omni.datastore-0.0.0] startup
[55.504s] [ext: omni.client-1.2.2] startup
[55.504s] [ext: omni.ujitso.default-1.0.0] startup
[55.506s] [ext: omni.hsscclient-1.1.1] startup
2026-10-07 17:02:53 [55,494ms] [Warning] [omni.datastore] OmniHub is inaccessible
[55.508s] [ext: omni.gpu_foundation.shadercache.vulkan-1.0.0] startup
[55.510s] [ext: omni.assets.plugins-0.0.0] startup
[55.512s] [ext: omni.gpu_foundation-0.0.0] startup
[55.517s] [ext: carb.windowing.plugins-1.0.0] startup
2026-10-07 17:02:53 [55,537ms] [Warning] [carb.windowing-glfw.gamepad] Joystick with unknown remapping detected (will be ignored):  HUION 256C PEN STYLUS [030000006c250000edee000001000000]
[55.550s] [ext: omni.kit.renderer.init-0.0.0] startup
2026-10-07 17:02:53 [55,775ms] [Warning] [gpu.foundation.plugin] Skipping unsupported non-NVIDIA GPU: Intel(R) UHD Graphics (ADL-S GT0.5)
2026-10-07 17:02:53 [55,775ms] [Warning] [gpu.foundation.plugin] Skipping unsupported non-NVIDIA GPU: Intel(R) UHD Graphics (ADL-S GT0.5)

|---------------------------------------------------------------------------------------------|
| Driver Version: 580.178.04    | Graphics API: Vulkan
|=============================================================================================|
| GPU | Name                             | Active | LDA | GPU Memory | Vendor-ID | LUID       |
|     |                                  |        |     |            | Device-ID | UUID       |
|     |                                  |        |     |            | Bus-ID    |            |
|---------------------------------------------------------------------------------------------|
| 0   | NVIDIA GeForce RTX 4060 Laptop.. | Yes: 0 |     | 8188    MB | 10de      | 0          |
|     |                                  |        |     |            | 28e0      | 4d090564.. |
|     |                                  |        |     |            | 1         |            |
|---------------------------------------------------------------------------------------------|
| 1   | Intel(R) UHD Graphics (ADL-S G.. |        |     | 11374   MB | 8086      | 0          |
|     |                                  |        |     |            | 468b      | 86808b46.. |
|     |                                  |        |     |            | 0         |            |
|=============================================================================================|
| OS: 26.04.1 LTS (Resolute Raccoon) ubuntu, Version: 26.04.1, Kernel: 7.0.0-34-generic
| XServer Vendor: The X.Org Foundation, XServer Version: 12401010 (1.24.1.10)
| Processor: 13th Gen Intel(R) Core(TM) i5-13500HX
| Bare Metal Cores: 14 | Bare Metal Logical Cores: 28
| Available Cores:  20 
|---------------------------------------------------------------------------------------------|
| Total Memory (MB): 15166 | Free Memory: 6970
| Total Page/Swap (MB): 20479 | Free Page/Swap: 9808
|---------------------------------------------------------------------------------------------|
2026-10-07 17:02:53 [56,098ms] [Warning] [gpu.foundation.plugin] IOMMU is enabled.
2026-10-07 17:02:53 [56,098ms] [Warning] [gpu.foundation.plugin] Detected IOMMU is enabled. Running CUDA peer-to-peer bandwidth and latency validation.
Unidirectional P2P=Enabled Bandwidth (P2P Writes) Matrix (GB/s)
   D\D     0 
     0 227.37 
P2P=Enabled Latency (P2P Writes) Matrix (us)
   GPU     0 
     0   1.46 

   CPU     0 
     0   2.30 
[56.293s] [ext: omni.kit.pipapi-0.0.0] startup
[56.295s] [ext: omni.materialx.libs-1.0.6] startup
[56.308s] [ext: omni.kit.pip_archive-0.0.0] startup
[56.308s] [ext: omni.kit.loop-isaac-1.2.1] startup
[56.309s] [ext: omni.kit.test-1.1.2] startup
[56.352s] [ext: omni.usd.config-1.0.5] startup
[56.356s] [ext: omni.gpucompute.plugins-0.0.0] startup
[56.356s] [ext: omni.usd.libs-1.0.1] startup
[56.431s] [ext: omni.kit.telemetry-0.5.1] startup
[56.459s] [ext: omni.mdl-55.0.1] startup
[56.486s] [ext: omni.iray.libs-0.0.0] startup
[56.543s] [ext: omni.mdl.neuraylib-0.2.10] startup
[56.547s] [ext: omni.kit.usd.mdl-1.0.7] startup
[56.638s] [ext: omni.appwindow-1.1.9] startup
[56.647s] [ext: omni.kit.renderer.core-1.0.2] startup
[56.879s] [ext: omni.kit.renderer.capture-0.0.0] startup
[56.884s] [ext: omni.kit.renderer.imgui-1.0.2] startup
[57.161s] [ext: omni.ui-2.26.5] startup
[57.181s] [ext: omni.kit.mainwindow-1.0.3] startup
[57.182s] [ext: carb.audio-0.1.0] startup
[57.186s] [ext: omni.uiaudio-1.0.0] startup
[57.187s] [ext: omni.kit.uiapp-0.0.0] startup
[57.187s] [ext: omni.usd.schema.metrics.assembler-106.5.0] startup
[57.195s] [ext: omni.usd.schema.omniscripting-1.0.0] startup
[57.200s] [ext: omni.usd.schema.physx-106.5.7] startup
[57.223s] [ext: omni.usd.schema.audio-0.0.0] startup
[57.226s] [ext: omni.usd.schema.omnigraph-1.0.0] startup
[57.233s] [ext: omni.usd.schema.anim-0.0.0] startup
[57.255s] [ext: omni.usd.schema.forcefield-106.5.7] startup
[57.265s] [ext: isaacsim.robot.schema-3.1.2] startup
[57.273s] [ext: omni.usd.schema.semantics-0.0.0] startup
[57.276s] [ext: omni.usd.schema.geospatial-0.0.0] startup
[57.278s] [ext: omni.kit.window.popup_dialog-2.0.24] startup
[57.286s] [ext: omni.resourcemonitor-107.0.0] startup
[57.290s] [ext: omni.activity.core-1.0.1] startup
[57.293s] [ext: omni.timeline-1.0.11] startup
[57.295s] [ext: omni.usd_resolver-1.0.0] startup
[57.299s] [ext: omni.kit.widget.nucleus_connector-1.1.10] startup
[57.301s] [ext: usdrt.scenegraph-7.5.1] startup
[57.330s] [ext: omni.usd.core-1.4.2] startup
[57.332s] [ext: omni.kit.usd_undo-0.1.8] startup
[57.332s] [ext: omni.graph.exec-0.9.4] startup
[57.333s] [ext: omni.kit.actions.core-1.0.0] startup
[57.335s] [ext: omni.kit.audiodeviceenum-1.0.1] startup
[57.336s] [ext: omni.kit.exec.core-0.13.4] startup
[57.338s] [ext: omni.kit.commands-1.4.9] startup
[57.341s] [ext: omni.hydra.usdrt_delegate-7.5.1] startup
[57.353s] [ext: omni.hydra.scene_delegate-0.3.3] startup
[57.359s] [ext: omni.usd-1.12.4] startup
[57.409s] [ext: omni.kit.asset_converter-2.8.3] startup
[57.430s] [ext: omni.kit.menu.core-1.1.2] startup
[57.431s] [ext: omni.kit.clipboard-1.0.5] startup
[57.432s] [ext: omni.kit.widget.path_field-2.0.11] startup
[57.433s] [ext: omni.kit.notification_manager-1.0.9] startup
[57.434s] [ext: omni.kit.widget.browser_bar-2.0.10] startup
[57.435s] [ext: omni.volume-0.5.0] startup
[57.451s] [ext: omni.kit.widget.context_menu-1.2.4] startup
[57.453s] [ext: omni.kit.widget.options_menu-1.1.6] startup
[57.457s] [ext: omni.kit.helper.file_utils-0.1.9] startup
[57.459s] [ext: omni.ujitso.processor.texture-1.0.0] startup
[57.461s] [ext: omni.index.libs-380600.1777.0] startup
[57.461s] [ext: omni.kit.widget.options_button-1.0.3] startup
[57.462s] [ext: omni.ui.scene-1.11.2] startup
[57.471s] [ext: omni.kit.widget.filebrowser-2.10.52] startup
[57.475s] [ext: omni.ujitso.client-0.0.0] startup
[57.476s] [ext: omni.index-1.0.1] startup
[57.477s] [ext: omni.hydra.rtx.shadercache.vulkan-1.0.0] startup
[57.478s] [ext: omni.kit.window.filepicker-2.11.7] startup
[57.491s] [ext: omni.kit.usd.layers-2.2.0] startup
[57.497s] [ext: omni.hydra.rtx-1.0.0] startup
2026-10-07 17:02:55 [57,496ms] [Warning] [omni.log] Source: omni.hydra was already registered.
[57.538s] [ext: omni.kit.window.file_importer-1.1.14] startup
[57.541s] [ext: omni.kit.menu.utils-1.7.7] startup
[57.549s] [ext: omni.kit.context_menu-1.8.3] startup
[57.550s] [ext: omni.kit.hydra_texture-1.4.0] startup
[57.554s] [ext: omni.kit.material.library-1.5.15] startup
[57.558s] [ext: omni.kit.widget.material_preview-1.0.16] startup
[57.561s] [ext: omni.kit.stage_template.core-1.1.22] startup
[57.562s] [ext: omni.kit.hotkeys.core-1.3.10] startup
[57.563s] [ext: omni.kit.widget.prompt-1.0.7] startup
[57.564s] [ext: omni.kit.usd.collect-2.2.22] startup
[57.567s] [ext: omni.kit.window.file_exporter-1.0.31] startup
[57.570s] [ext: omni.kit.widget.searchable_combobox-1.0.6] startup
[57.571s] [ext: omni.kit.window.content_browser_registry-0.0.6] startup
[57.573s] [ext: omni.kit.window.file-1.3.57] startup
[57.576s] [ext: omni.kit.window.drop_support-1.0.4] startup
[57.576s] [ext: omni.kit.widget.filter-1.1.4] startup
[57.577s] [ext: omni.kit.widget.graph-1.12.17] startup
[57.581s] [ext: omni.kit.widget.searchfield-1.1.8] startup
[57.583s] [ext: omni.kit.window.content_browser-2.10.3] startup
[57.599s] [ext: omni.inspect-1.0.1] startup
[57.601s] [ext: omni.kit.widget.stage-2.11.6] startup
[57.612s] [ext: omni.kit.tool.collect-2.2.16] startup
[57.614s] [ext: omni.warp.core-1.5.0] startup
[57.808s] [ext: omni.kit.widget.settings-1.2.2] startup
[57.810s] [ext: omni.kit.graph.delegate.default-1.2.2] startup
[57.810s] [ext: omni.graph.core-2.181.8] startup
[57.817s] [ext: omni.kit.window.preferences-1.7.0] startup
[57.823s] [ext: omni.kit.graph.usd.commands-1.3.1] startup
[57.824s] [ext: omni.kit.graph.editor.core-1.5.3] startup
[57.826s] [ext: isaacsim.core.deprecation_manager-0.2.2] startup
[57.827s] [ext: omni.kit.window.material_graph-1.8.19] startup
[57.861s] [ext: isaacsim.core.version-2.0.2] startup
[57.862s] [ext: omni.kvdb-106.5.7] startup
[57.863s] [ext: isaacsim.storage.native-1.0.6] startup
[57.865s] [ext: omni.hydra.engine.stats-1.0.3] startup
[57.868s] [ext: omni.convexdecomposition-106.5.7] startup
[57.873s] [ext: omni.localcache-106.5.7] startup
[57.874s] [ext: omni.usdphysics-106.5.7] startup
[57.878s] [ext: omni.physx.foundation-106.5.7] startup
[57.880s] [ext: omni.kit.viewport.scene_camera_model-1.0.5] startup
[57.885s] [ext: omni.kit.raycast.query-1.0.5] startup
[57.891s] [ext: omni.kit.viewport.legacy_gizmos-1.0.16] startup
[57.894s] [ext: omni.physx.cooking-106.5.7] startup
[57.902s] [ext: omni.kit.widget.viewport-107.0.7] startup
[57.905s] [ext: omni.kit.viewport.registry-104.0.6] startup
[57.906s] [ext: omni.kit.manipulator.transform-106.0.1] startup
[57.910s] [ext: omni.kit.numpy.common-0.1.2] startup
[57.911s] [ext: omni.physx-106.5.7] startup
[57.923s] [ext: omni.kit.viewport.window-107.0.8] startup
[57.938s] [ext: omni.kit.widget.zoombar-1.0.5] startup
[57.939s] [ext: omni.physx.stageupdate-106.5.7] startup
[57.941s] [ext: omni.kit.widget.stage_icons-1.0.6] startup
[57.942s] [ext: omni.kit.browser.core-2.3.11] startup
[57.946s] [ext: omni.isaac.dynamic_control-1.3.15] startup
2026-10-07 17:02:55 [57,938ms] [Warning] [omni.isaac.dynamic_control] omni.isaac.dynamic_control is deprecated as of Isaac Sim 4.5. No action is needed from end-users.
[57.951s] [ext: omni.kit.window.stage-2.5.11] startup
[57.954s] [ext: omni.kit.browser.folder.core-1.10.1] startup
[57.958s] [ext: omni.kit.viewport.utility-1.0.18] startup
[57.958s] [ext: omni.kit.menu.stage-1.2.5] startup
[57.959s] [ext: isaacsim.core.utils-2.2.8] startup
[57.962s] [ext: omni.ui_query-1.1.7] startup
[57.963s] [ext: isaacsim.asset.browser-1.3.4] startup
[57.995s] [ext: omni.kit.ui_test-1.3.3] startup
[57.997s] [ext: omni.graph.tools-1.79.1] startup
[58.015s] [ext: omni.kit.property.adapter.core-1.0.2] startup
[58.017s] [ext: omni.graph-1.140.2] startup
[58.051s] [ext: omni.kit.widget.highlight_label-1.0.3] startup
[58.053s] [ext: omni.kit.property.adapter.fabric-1.0.3] startup
[58.055s] [ext: omni.kit.property.adapter.usd-1.0.2] startup
[58.057s] [ext: omni.physics.tensors-106.5.7] startup
[58.065s] [ext: omni.kit.window.property-1.11.5] startup
[58.070s] [ext: omni.graph.action_core-1.1.7] startup
[58.075s] [ext: omni.graph.image.core-0.6.0] startup
[58.078s] [ext: omni.physx.tensors-106.5.7] startup
[58.083s] [ext: omni.kit.property.usd-4.2.16] startup
[58.092s] [ext: omni.graph.action_nodes-1.40.1] startup
[58.099s] [ext: omni.graph.image.nodes-1.3.0] startup
[58.102s] [ext: isaacsim.core.simulation_manager-0.3.3] startup
[59.226s] [ext: omni.kit.widget.text_editor-1.0.2] startup
[59.231s] [ext: omni.graph.action-1.120.0] startup
[59.232s] [ext: omni.graph.nodes-1.162.1] startup
[59.265s] [ext: isaacsim.core.prims-0.3.7] startup
[59.282s] [ext: omni.kit.viewport.menubar.core-107.1.2] startup
[59.295s] [ext: omni.kit.primitive.mesh-1.0.17] startup
[59.301s] [ext: omni.warp-1.5.0] startup
[59.307s] [ext: omni.graph.scriptnode-1.40.1] startup
[59.311s] [ext: omni.syntheticdata-0.6.10] startup
[59.338s] [ext: omni.kit.stage_templates-1.2.6] startup
[59.365s] [ext: omni.kit.manipulator.viewport-107.0.1] startup
[59.374s] [ext: omni.replicator.core-1.11.35] startup
2026-10-07 17:02:57 [59,573ms] [Warning] [omni.replicator.core.scripts.extension] No material configuration file, adding configuration to material settings directly.
[59.588s] [ext: isaacsim.core.api-4.2.16] startup
[59.649s] [ext: omni.graph.visualization.nodes-2.1.1] startup
[59.660s] [ext: isaacsim.core.nodes-2.1.4] startup
[59.676s] [ext: omni.kit.widget.toolbar-1.7.3] startup
[59.718s] [ext: isaacsim.sensors.physics-0.3.5] startup
[59.731s] [ext: omni.kit.window.extensions-1.4.25] startup
[59.768s] [ext: isaacsim.robot.policy.examples-4.0.3] startup
[59.777s] [ext: isaacsim.gui.components-1.0.9] startup
[59.802s] [ext: omni.kit.manipulator.tool.snap-1.5.12] startup
[59.829s] [ext: omni.kit.manipulator.selector-1.1.1] startup
[59.834s] [ext: isaacsim.robot.surface_gripper-2.0.6] startup
[59.840s] [ext: isaacsim.app.about-2.0.7] startup
[59.848s] [ext: omni.kit.viewport.manipulator.transform-107.0.4] startup
[59.860s] [ext: isaacsim.robot.manipulators-3.0.4] startup
[59.871s] [ext: omni.graph.ui_nodes-1.40.1] startup
[59.885s] [ext: omni.kit.manipulator.prim.core-107.0.7] startup
[59.930s] [ext: omni.fabric.commands-1.1.5] startup
[59.963s] [ext: omni.kit.manipulator.prim.usd-107.0.3] startup
[59.977s] [ext: omni.kit.manipulator.prim.fabric-107.0.4] startup
[59.991s] [ext: omni.kit.viewport.actions-107.0.0] startup
[59.999s] [ext: omni.kit.manipulator.prim-107.0.0] startup
[60.000s] [ext: omni.kit.widget.layers-1.8.2] startup
[60.024s] [ext: omni.kit.viewport.menubar.display-107.0.3] startup
[60.028s] [ext: omni.kit.manipulator.selection-106.0.1] startup
[60.030s] [ext: omni.debugdraw-0.1.3] startup
[60.035s] [ext: omni.kit.viewport.menubar.settings-107.0.3] startup
[60.041s] [ext: omni.usdphysics.ui-106.5.7] startup
[60.069s] [ext: omni.physx.commands-106.5.7] startup
[60.074s] [ext: omni.kit.selection-0.1.5] startup
[60.077s] [ext: omni.physx.ui-106.5.7] startup
[60.107s] [ext: isaacsim.gui.menu-2.0.9] startup
[60.113s] [ext: omni.physx.demos-106.5.7] startup
[60.135s] [ext: omni.kit.property.material-1.10.17] startup
[60.146s] [ext: omni.physx.cct-106.5.7] startup
[60.159s] [ext: omni.kit.property.physx-106.5.7] startup
[60.252s] [ext: omni.kit.window.toolbar-1.6.2] startup
[60.260s] [ext: isaacsim.robot_motion.lula-4.0.4] startup
[60.275s] [ext: omni.physx.graph-106.5.7] startup
[60.294s] [ext: omni.physx.vehicle-106.5.7] startup
[60.327s] [ext: omni.physx.supportui-106.5.7] startup
[60.406s] [ext: omni.physx.telemetry-106.5.7] startup
[60.439s] [ext: isaacsim.robot_motion.motion_generation-8.0.6] startup
[60.523s] [ext: isaacsim.gui.property-1.0.4] startup
[60.532s] [ext: omni.physx.camera-106.5.7] startup
[60.565s] [ext: omni.kit.menu.edit-1.1.25] startup
[60.581s] [ext: isaacsim.core.cloner-1.3.4] startup
[60.585s] [ext: omni.physx.bundle-106.5.7] startup
[60.588s] [ext: omni.kit.viewport.menubar.camera-107.0.2] startup
[60.596s] [ext: omni.kit.viewport.menubar.lighting-106.0.2] startup
[60.603s] [ext: omni.kit.viewport.menubar.render-107.0.8] startup
[60.607s] [ext: omni.rtx.window.settings-0.6.17] startup
[60.612s] [ext: omni.kit.menu.file-1.1.15] startup
2026-10-07 17:02:58 [60,605ms] [Warning] [omni.kit.menu.utils.app_menu] add_menu_items: menu [<MenuItemDescription name:'New'>, <MenuItemDescription name:'Open'>, <MenuItemDescription name:''>, <MenuItemDescription name:'Re-open with New Edit Layer'>, <MenuItemDescription name:''>, <MenuItemDescription name:'Save'>, <MenuItemDescription name:'Save With Options'>, <MenuItemDescription name:'Save As...'>, <MenuItemDescription name:'Save Flattened As...'>, <MenuItemDescription name:''>, <MenuItemDescription name:'Add Reference'>, <MenuItemDescription name:'Add Payload'>, <MenuItemDescription name:''>, <MenuItemDescription name:'Exit'>] cannot change delegate
[60.618s] [ext: omni.kit.window.console-0.2.14] startup
[60.632s] [ext: omni.kit.window.status_bar-0.1.7] startup
[60.636s] [ext: semantics.schema.editor-0.3.10] startup
[60.640s] [ext: omni.rtx.settings.core-0.6.3] startup
[60.644s] [ext: isaacsim.sensors.camera-0.2.9] startup
[60.653s] [ext: isaacsim.core.throttling-2.0.2] startup
[60.659s] [ext: semantics.schema.property-1.0.5] startup
[60.664s] [ext: isaacsim.robot.wheeled_robots-4.0.3] startup
[60.673s] [ext: omni.sensors.nv.common-2.5.0-coreapi] startup
[60.747s] [ext: omni.kit.tool.asset_importer-2.12.2] startup
[60.753s] [ext: isaacsim.examples.browser-0.1.8] startup
[60.757s] [ext: isaacsim.simulation_app-2.4.2] startup
[60.759s] [ext: omni.sensors.nv.materials-1.4.0-coreapi] startup
[60.765s] [ext: isaacsim.asset.importer.mjcf-2.3.3] startup
[60.781s] [ext: isaacsim.asset.importer.urdf-2.3.10] startup
[60.813s] [ext: omni.anim.curve.core-1.2.0] startup
[60.836s] [ext: omni.sensors.nv.ids-1.4.0-coreapi] startup
[60.844s] [ext: omni.sensors.nv.lidar-2.6.3-coreapi] startup
[60.854s] [ext: isaacsim.util.debug_draw-2.0.2] startup
[60.859s] [ext: omni.kit.property.audio-1.0.16] startup
[60.863s] [ext: omni.kit.property.camera-1.0.9] startup
[60.868s] [ext: omni.kit.property.geometry-1.3.3] startup
[60.876s] [ext: omni.kit.menu.create-1.0.17] startup
[60.879s] [ext: isaacsim.sensors.physx-2.2.4] startup
[60.888s] [ext: omni.hydra.scene_api-0.1.2] startup
[60.896s] [ext: omni.sensors.nv.wpm-2.4.0-coreapi] startup
[60.903s] [ext: omni.kit.property.light-1.0.11] startup
[60.905s] [ext: omni.kit.property.render-1.1.3] startup
[60.908s] [ext: omni.usd.metrics.assembler-106.5.0] startup
[60.917s] [ext: omni.kit.scripting-106.5.2] startup
[60.925s] [ext: omni.kit.property.transform-1.5.10] startup
[60.931s] [ext: omni.sensors.nv.radar-2.6.1-coreapi] startup
[60.948s] [ext: omni.sensors.tiled-0.0.6] startup
[60.952s] [ext: omni.replicator.replicator_yaml-2.0.10] startup
[60.967s] [ext: omni.usd.metrics.assembler.ui-106.5.0] startup
[60.976s] [ext: isaacsim.replicator.behavior-1.0.8] startup
[60.980s] [ext: omni.kit.property.bundle-1.3.2] startup
[60.986s] [ext: omni.kit.ui.actions-1.0.2] startup
[60.991s] [ext: isaacsim.sensors.rtx-13.6.3] startup
[60.999s] [ext: omni.kit.manipulator.camera-106.0.3] startup
[61.011s] [ext: isaaclab-0.34.9] startup
[61.161s] [ext: isaaclab_assets-0.2.1] startup
[61.333s] [ext: isaaclab_tasks-0.10.24] startup
[61.488s] [ext: omni.kit.menu.common-1.1.9] startup
[61.490s] [ext: isaaclab_rl-0.1.0] startup
Gym has been unmaintained since 2022 and does not support NumPy 2.0 amongst other critical functionality.
Please upgrade to Gymnasium, the maintained drop-in replacement of Gym, or contact the authors of your software and request that they upgrade.
See the migration guide at https://gymnasium.farama.org/introduction/migration_guide/ for additional information.
[61.859s] [ext: isaaclab_mimic-1.0.2] startup
[61.860s] [ext: isaaclab.python-2.0.2] startup
[61.862s] Simulation App Starting
[62.306s] app ready
2026-10-07 17:03:00 [62,314ms] [Warning] [rtx.scenedb.plugin] SceneDbContext : TLAS limit buffer size 7508933632
2026-10-07 17:03:00 [62,314ms] [Warning] [rtx.scenedb.plugin] SceneDbContext : TLAS limit : valid false, within: false
2026-10-07 17:03:00 [62,314ms] [Warning] [rtx.scenedb.plugin] SceneDbContext : TLAS limit : decrement: 167690, decrement size: 7433845248
2026-10-07 17:03:00 [62,314ms] [Warning] [rtx.scenedb.plugin] SceneDbContext : New limit 9574251 (slope: 447, intercept: 13179904)
2026-10-07 17:03:00 [62,315ms] [Warning] [rtx.scenedb.plugin] SceneDbContext : TLAS limit buffer size 4287216384
2026-10-07 17:03:00 [62,315ms] [Warning] [rtx.scenedb.plugin] SceneDbContext : TLAS limit : valid true, within: true
2026-10-07 17:03:01 [63,557ms] [Warning] [omni.usd-abi.plugin] No setting was found for '/rtx-defaults-transient/meshlights/forceDisable'
/home/pma213x/IsaacLab/isaaclab.sh: line 274: 2168026 Killed                     ${python_exe} "$@"
