CUDA_OK name=NVIDIA GeForce RTX 4060 Laptop GPU device=cuda:0 capability=(8, 9)
Using cuda device
/home/pma213x/.local/lib/python3.14/site-packages/stable_baselines3/common/on_policy_algorithm.py:150: UserWarning: You are trying to run PPO on the GPU, but it is primarily intended to run on the CPU when not using a CNN policy (you are using ActorCriticPolicy which should be a MlpPolicy). See https://github.com/DLR-RM/stable-baselines3/issues/1245 for more info. You can pass `device='cpu'` or `export CUDA_VISIBLE_DEVICES=` to force using the CPU.Note: The model will train, but the GPU utilization will be poor and the training might take longer than on CPU.
  warnings.warn(
TRAIN_START phase=F0 current=0 target=5000 remaining=5000
Logging to /run/media/pma213x/0C6A8CC86A8CAFCE/Ubuntu2/CodeU/Dog1/official-mini-cheetah/runs/official_mini_cheetah_flat_jump_v1/F0_smoke/PPO_1
TRAIN_PROGRESS total_timesteps=256
TRAIN_PROGRESS total_timesteps=512
TRAIN_PROGRESS total_timesteps=768
TRAIN_PROGRESS total_timesteps=1024
TRAIN_PROGRESS total_timesteps=1280
TRAIN_PROGRESS total_timesteps=1536
TRAIN_PROGRESS total_timesteps=1792
TRAIN_PROGRESS total_timesteps=2048
---------------------------------
| rollout/           |          |
|    ep_len_mean     | 836      |
|    ep_rew_mean     | 207      |
| time/              |          |
|    fps             | 218      |
|    iterations      | 1        |
|    time_elapsed    | 9        |
|    total_timesteps | 2048     |
---------------------------------
TRAIN_PROGRESS total_timesteps=2304
TRAIN_PROGRESS total_timesteps=2560
TRAIN_PROGRESS total_timesteps=2816
TRAIN_PROGRESS total_timesteps=3072
TRAIN_PROGRESS total_timesteps=3328
TRAIN_PROGRESS total_timesteps=3584
TRAIN_PROGRESS total_timesteps=3840
TRAIN_PROGRESS total_timesteps=4096
----------------------------------------
| rollout/                |            |
|    ep_len_mean          | 918        |
|    ep_rew_mean          | 248        |
| time/                   |            |
|    fps                  | 209        |
|    iterations           | 2          |
|    time_elapsed         | 19         |
|    total_timesteps      | 4096       |
| train/                  |            |
|    approx_kl            | 0.01690685 |
|    clip_fraction        | 0.194      |
|    clip_range           | 0.2        |
|    entropy_loss         | -17        |
|    explained_variance   | -0.00685   |
|    learning_rate        | 0.0003     |
|    loss                 | 13.3       |
|    n_updates            | 10         |
|    policy_gradient_loss | -0.0234    |
|    std                  | 1          |
|    value_loss           | 21.1       |
----------------------------------------
TRAIN_PROGRESS total_timesteps=4352
TRAIN_PROGRESS total_timesteps=4608
TRAIN_PROGRESS total_timesteps=4864
TRAIN_TARGET_REACHED total_timesteps=5000
TRAIN_COMPLETED final=/run/media/pma213x/0C6A8CC86A8CAFCE/Ubuntu2/CodeU/Dog1/official-mini-cheetah/checkpoints/official_mini_cheetah_flat_jump_v1/official_mini_cheetah_flat_jump_v1_final.zip steps=5000
