CUDA_OK name=NVIDIA GeForce RTX 4060 Laptop GPU device=cuda:0 capability=(8, 9)
/home/pma213x/.local/lib/python3.14/site-packages/stable_baselines3/common/on_policy_algorithm.py:150: UserWarning: You are trying to run PPO on the GPU, but it is primarily intended to run on the CPU when not using a CNN policy (you are using ActorCriticPolicy which should be a MlpPolicy). See https://github.com/DLR-RM/stable-baselines3/issues/1245 for more info. You can pass `device='cpu'` or `export CUDA_VISIBLE_DEVICES=` to force using the CPU.Note: The model will train, but the GPU utilization will be poor and the training might take longer than on CPU.
  warnings.warn(
MODEL_LOADED path=/run/media/pma213x/0C6A8CC86A8CAFCE/Ubuntu2/CodeU/Dog1/official-mini-cheetah/checkpoints/official_mini_cheetah_flat_jump_v1/official_mini_cheetah_flat_jump_v1_final.zip steps=5000
TRAIN_START phase=F1 current=5000 target=100000 remaining=95000
Logging to /run/media/pma213x/0C6A8CC86A8CAFCE/Ubuntu2/CodeU/Dog1/official-mini-cheetah/runs/official_mini_cheetah_flat_jump_v1/F1A_fixed/PPO_0
TRAIN_PROGRESS total_timesteps=5256
TRAIN_PROGRESS total_timesteps=5512
TRAIN_PROGRESS total_timesteps=5768
TRAIN_PROGRESS total_timesteps=6024
TRAIN_PROGRESS total_timesteps=6280
TRAIN_PROGRESS total_timesteps=6536
TRAIN_PROGRESS total_timesteps=6792
TRAIN_PROGRESS total_timesteps=7048
---------------------------------
| rollout/           |          |
|    ep_len_mean     | 908      |
|    ep_rew_mean     | 258      |
| time/              |          |
|    fps             | 128      |
|    iterations      | 1        |
|    time_elapsed    | 15       |
|    total_timesteps | 7048     |
---------------------------------
TRAIN_PROGRESS total_timesteps=7304
TRAIN_PROGRESS total_timesteps=7560
TRAIN_PROGRESS total_timesteps=7816
TRAIN_PROGRESS total_timesteps=8072
TRAIN_PROGRESS total_timesteps=8328
TRAIN_PROGRESS total_timesteps=8584
TRAIN_PROGRESS total_timesteps=8840
TRAIN_PROGRESS total_timesteps=9096
------------------------------------------
| rollout/                |              |
|    ep_len_mean          | 928          |
|    ep_rew_mean          | 295          |
| time/                   |              |
|    fps                  | 142          |
|    iterations           | 2            |
|    time_elapsed         | 28           |
|    total_timesteps      | 9096         |
| train/                  |              |
|    approx_kl            | 0.0100565925 |
|    clip_fraction        | 0.108        |
|    clip_range           | 0.2          |
|    entropy_loss         | -17          |
|    explained_variance   | 0.0339       |
|    learning_rate        | 0.0003       |
|    loss                 | 31.1         |
|    n_updates            | 30           |
|    policy_gradient_loss | -0.0124      |
|    std                  | 1            |
|    value_loss           | 106          |
------------------------------------------
TRAIN_PROGRESS total_timesteps=9352
TRAIN_PROGRESS total_timesteps=9608
TRAIN_PROGRESS total_timesteps=9864
TRAIN_PROGRESS total_timesteps=10120
TRAIN_PROGRESS total_timesteps=10376
TRAIN_PROGRESS total_timesteps=10632
TRAIN_PROGRESS total_timesteps=10888
TRAIN_PROGRESS total_timesteps=11144
-----------------------------------------
| rollout/                |             |
|    ep_len_mean          | 921         |
|    ep_rew_mean          | 287         |
| time/                   |             |
|    fps                  | 152         |
|    iterations           | 3           |
|    time_elapsed         | 40          |
|    total_timesteps      | 11144       |
| train/                  |             |
|    approx_kl            | 0.022202227 |
|    clip_fraction        | 0.145       |
|    clip_range           | 0.2         |
|    entropy_loss         | -17         |
|    explained_variance   | -2.22       |
|    learning_rate        | 0.0003      |
|    loss                 | 0.94        |
|    n_updates            | 40          |
|    policy_gradient_loss | -0.0217     |
|    std                  | 0.998       |
|    value_loss           | 6.25        |
-----------------------------------------
TRAIN_PROGRESS total_timesteps=11400
TRAIN_PROGRESS total_timesteps=11656
TRAIN_PROGRESS total_timesteps=11912
TRAIN_PROGRESS total_timesteps=12168
TRAIN_PROGRESS total_timesteps=12424
TRAIN_PROGRESS total_timesteps=12680
TRAIN_PROGRESS total_timesteps=12936
TRAIN_PROGRESS total_timesteps=13192
----------------------------------------
| rollout/                |            |
|    ep_len_mean          | 933        |
|    ep_rew_mean          | 300        |
| time/                   |            |
|    fps                  | 149        |
|    iterations           | 4          |
|    time_elapsed         | 54         |
|    total_timesteps      | 13192      |
| train/                  |            |
|    approx_kl            | 0.01585076 |
|    clip_fraction        | 0.204      |
|    clip_range           | 0.2        |
|    entropy_loss         | -17        |
|    explained_variance   | -0.000878  |
|    learning_rate        | 0.0003     |
|    loss                 | 40.6       |
|    n_updates            | 50         |
|    policy_gradient_loss | -0.0199    |
|    std                  | 0.999      |
|    value_loss           | 163        |
----------------------------------------
TRAIN_PROGRESS total_timesteps=13448
TRAIN_PROGRESS total_timesteps=13704
TRAIN_PROGRESS total_timesteps=13960
TRAIN_PROGRESS total_timesteps=14216
TRAIN_PROGRESS total_timesteps=14472
TRAIN_PROGRESS total_timesteps=14728
TRAIN_PROGRESS total_timesteps=14984
TRAIN_PROGRESS total_timesteps=15240
-----------------------------------------
| rollout/                |             |
|    ep_len_mean          | 898         |
|    ep_rew_mean          | 292         |
| time/                   |             |
|    fps                  | 161         |
|    iterations           | 5           |
|    time_elapsed         | 63          |
|    total_timesteps      | 15240       |
| train/                  |             |
|    approx_kl            | 0.029472401 |
|    clip_fraction        | 0.181       |
|    clip_range           | 0.2         |
|    entropy_loss         | -17         |
|    explained_variance   | -0.165      |
|    learning_rate        | 0.0003      |
|    loss                 | 0.442       |
|    n_updates            | 60          |
|    policy_gradient_loss | -0.0238     |
|    std                  | 1           |
|    value_loss           | 3.41        |
-----------------------------------------
TRAIN_PROGRESS total_timesteps=15496
TRAIN_PROGRESS total_timesteps=15752
TRAIN_PROGRESS total_timesteps=16008
TRAIN_PROGRESS total_timesteps=16264
TRAIN_PROGRESS total_timesteps=16520
TRAIN_PROGRESS total_timesteps=16776
TRAIN_PROGRESS total_timesteps=17032
TRAIN_PROGRESS total_timesteps=17288
-----------------------------------------
| rollout/                |             |
|    ep_len_mean          | 897         |
|    ep_rew_mean          | 291         |
| time/                   |             |
|    fps                  | 149         |
|    iterations           | 6           |
|    time_elapsed         | 82          |
|    total_timesteps      | 17288       |
| train/                  |             |
|    approx_kl            | 0.012245265 |
|    clip_fraction        | 0.166       |
|    clip_range           | 0.2         |
|    entropy_loss         | -17         |
|    explained_variance   | 0.0263      |
|    learning_rate        | 0.0003      |
|    loss                 | 58.5        |
|    n_updates            | 70          |
|    policy_gradient_loss | -0.0147     |
|    std                  | 1           |
|    value_loss           | 103         |
-----------------------------------------
TRAIN_PROGRESS total_timesteps=17544
TRAIN_PROGRESS total_timesteps=17800
TRAIN_PROGRESS total_timesteps=18056
TRAIN_PROGRESS total_timesteps=18312
TRAIN_PROGRESS total_timesteps=18568
TRAIN_PROGRESS total_timesteps=18824
TRAIN_PROGRESS total_timesteps=19080
TRAIN_PROGRESS total_timesteps=19336
------------------------------------------
| rollout/                |              |
|    ep_len_mean          | 907          |
|    ep_rew_mean          | 303          |
| time/                   |              |
|    fps                  | 141          |
|    iterations           | 7            |
|    time_elapsed         | 101          |
|    total_timesteps      | 19336        |
| train/                  |              |
|    approx_kl            | 0.0138342045 |
|    clip_fraction        | 0.101        |
|    clip_range           | 0.2          |
|    entropy_loss         | -17          |
|    explained_variance   | -0.115       |
|    learning_rate        | 0.0003       |
|    loss                 | 99.7         |
|    n_updates            | 80           |
|    policy_gradient_loss | -0.0168      |
|    std                  | 1            |
|    value_loss           | 130          |
------------------------------------------
TRAIN_PROGRESS total_timesteps=19592
TRAIN_PROGRESS total_timesteps=19848
TRAIN_PROGRESS total_timesteps=20104
TRAIN_PROGRESS total_timesteps=20360
TRAIN_PROGRESS total_timesteps=20616
TRAIN_PROGRESS total_timesteps=20872
TRAIN_PROGRESS total_timesteps=21128
TRAIN_PROGRESS total_timesteps=21384
-----------------------------------------
| rollout/                |             |
|    ep_len_mean          | 916         |
|    ep_rew_mean          | 313         |
| time/                   |             |
|    fps                  | 135         |
|    iterations           | 8           |
|    time_elapsed         | 121         |
|    total_timesteps      | 21384       |
| train/                  |             |
|    approx_kl            | 0.024625255 |
|    clip_fraction        | 0.19        |
|    clip_range           | 0.2         |
|    entropy_loss         | -17         |
|    explained_variance   | 0.0666      |
|    learning_rate        | 0.0003      |
|    loss                 | 0.448       |
|    n_updates            | 90          |
|    policy_gradient_loss | -0.0223     |
|    std                  | 0.996       |
|    value_loss           | 2.2         |
-----------------------------------------
TRAIN_PROGRESS total_timesteps=21640
TRAIN_PROGRESS total_timesteps=21896
TRAIN_PROGRESS total_timesteps=22152
TRAIN_PROGRESS total_timesteps=22408
TRAIN_PROGRESS total_timesteps=22664
TRAIN_PROGRESS total_timesteps=22920
TRAIN_PROGRESS total_timesteps=23176
TRAIN_PROGRESS total_timesteps=23432
-----------------------------------------
| rollout/                |             |
|    ep_len_mean          | 923         |
|    ep_rew_mean          | 323         |
| time/                   |             |
|    fps                  | 131         |
|    iterations           | 9           |
|    time_elapsed         | 139         |
|    total_timesteps      | 23432       |
| train/                  |             |
|    approx_kl            | 0.028051347 |
|    clip_fraction        | 0.234       |
|    clip_range           | 0.2         |
|    entropy_loss         | -17         |
|    explained_variance   | 0.254       |
|    learning_rate        | 0.0003      |
|    loss                 | 0.285       |
|    n_updates            | 100         |
|    policy_gradient_loss | -0.0266     |
|    std                  | 0.996       |
|    value_loss           | 1.3         |
-----------------------------------------
TRAIN_PROGRESS total_timesteps=23688
TRAIN_PROGRESS total_timesteps=23944
TRAIN_PROGRESS total_timesteps=24200
TRAIN_PROGRESS total_timesteps=24456
TRAIN_PROGRESS total_timesteps=24712
TRAIN_PROGRESS total_timesteps=24968
TRAIN_PROGRESS total_timesteps=25224
TRAIN_PROGRESS total_timesteps=25480
-----------------------------------------
| rollout/                |             |
|    ep_len_mean          | 902         |
|    ep_rew_mean          | 315         |
| time/                   |             |
|    fps                  | 132         |
|    iterations           | 10          |
|    time_elapsed         | 154         |
|    total_timesteps      | 25480       |
| train/                  |             |
|    approx_kl            | 0.025593422 |
|    clip_fraction        | 0.228       |
|    clip_range           | 0.2         |
|    entropy_loss         | -17         |
|    explained_variance   | 0.292       |
|    learning_rate        | 0.0003      |
|    loss                 | 0.257       |
|    n_updates            | 110         |
|    policy_gradient_loss | -0.0236     |
|    std                  | 0.994       |
|    value_loss           | 1.18        |
-----------------------------------------
TRAIN_PROGRESS total_timesteps=25736
TRAIN_PROGRESS total_timesteps=25992
TRAIN_PROGRESS total_timesteps=26248
TRAIN_PROGRESS total_timesteps=26504
TRAIN_PROGRESS total_timesteps=26760
TRAIN_PROGRESS total_timesteps=27016
TRAIN_PROGRESS total_timesteps=27272
TRAIN_PROGRESS total_timesteps=27528
-----------------------------------------
| rollout/                |             |
|    ep_len_mean          | 908         |
|    ep_rew_mean          | 323         |
| time/                   |             |
|    fps                  | 128         |
|    iterations           | 11          |
|    time_elapsed         | 175         |
|    total_timesteps      | 27528       |
| train/                  |             |
|    approx_kl            | 0.011905561 |
|    clip_fraction        | 0.177       |
|    clip_range           | 0.2         |
|    entropy_loss         | -17         |
|    explained_variance   | 0.0188      |
|    learning_rate        | 0.0003      |
|    loss                 | 17.4        |
|    n_updates            | 120         |
|    policy_gradient_loss | -0.0133     |
|    std                  | 0.994       |
|    value_loss           | 70.4        |
-----------------------------------------
TRAIN_PROGRESS total_timesteps=27784
TRAIN_PROGRESS total_timesteps=28040
TRAIN_PROGRESS total_timesteps=28296
TRAIN_PROGRESS total_timesteps=28552
TRAIN_PROGRESS total_timesteps=28808
TRAIN_PROGRESS total_timesteps=29064
TRAIN_PROGRESS total_timesteps=29320
TRAIN_PROGRESS total_timesteps=29576
-----------------------------------------
| rollout/                |             |
|    ep_len_mean          | 914         |
|    ep_rew_mean          | 329         |
| time/                   |             |
|    fps                  | 128         |
|    iterations           | 12          |
|    time_elapsed         | 190         |
|    total_timesteps      | 29576       |
| train/                  |             |
|    approx_kl            | 0.023778614 |
|    clip_fraction        | 0.206       |
|    clip_range           | 0.2         |
|    entropy_loss         | -16.9       |
|    explained_variance   | -0.614      |
|    learning_rate        | 0.0003      |
|    loss                 | 0.832       |
|    n_updates            | 130         |
|    policy_gradient_loss | -0.0245     |
|    std                  | 0.992       |
|    value_loss           | 4           |
-----------------------------------------
TRAIN_PROGRESS total_timesteps=29832
TRAIN_PROGRESS total_timesteps=30088
TRAIN_PROGRESS total_timesteps=30344
TRAIN_PROGRESS total_timesteps=30600
TRAIN_PROGRESS total_timesteps=30856
TRAIN_PROGRESS total_timesteps=31112
TRAIN_PROGRESS total_timesteps=31368
TRAIN_PROGRESS total_timesteps=31624
----------------------------------------
| rollout/                |            |
|    ep_len_mean          | 919        |
|    ep_rew_mean          | 335        |
| time/                   |            |
|    fps                  | 130        |
|    iterations           | 13         |
|    time_elapsed         | 203        |
|    total_timesteps      | 31624      |
| train/                  |            |
|    approx_kl            | 0.03104766 |
|    clip_fraction        | 0.245      |
|    clip_range           | 0.2        |
|    entropy_loss         | -16.9      |
|    explained_variance   | -0.686     |
|    learning_rate        | 0.0003     |
|    loss                 | 0.211      |
|    n_updates            | 140        |
|    policy_gradient_loss | -0.0286    |
|    std                  | 0.986      |
|    value_loss           | 0.673      |
----------------------------------------
TRAIN_PROGRESS total_timesteps=31880
TRAIN_PROGRESS total_timesteps=32136
TRAIN_PROGRESS total_timesteps=32392
TRAIN_PROGRESS total_timesteps=32648
TRAIN_PROGRESS total_timesteps=32904
TRAIN_PROGRESS total_timesteps=33160
TRAIN_PROGRESS total_timesteps=33416
TRAIN_PROGRESS total_timesteps=33672
-----------------------------------------
| rollout/                |             |
|    ep_len_mean          | 926         |
|    ep_rew_mean          | 342         |
| time/                   |             |
|    fps                  | 132         |
|    iterations           | 14          |
|    time_elapsed         | 216         |
|    total_timesteps      | 33672       |
| train/                  |             |
|    approx_kl            | 0.030767338 |
|    clip_fraction        | 0.33        |
|    clip_range           | 0.2         |
|    entropy_loss         | -16.8       |
|    explained_variance   | -0.305      |
|    learning_rate        | 0.0003      |
|    loss                 | 0.277       |
|    n_updates            | 150         |
|    policy_gradient_loss | -0.0334     |
|    std                  | 0.984       |
|    value_loss           | 0.656       |
-----------------------------------------
TRAIN_PROGRESS total_timesteps=33928
TRAIN_PROGRESS total_timesteps=34184
TRAIN_PROGRESS total_timesteps=34440
TRAIN_PROGRESS total_timesteps=34696
TRAIN_PROGRESS total_timesteps=34952
TRAIN_PROGRESS total_timesteps=35208
TRAIN_PROGRESS total_timesteps=35464
TRAIN_PROGRESS total_timesteps=35720
-----------------------------------------
| rollout/                |             |
|    ep_len_mean          | 930         |
|    ep_rew_mean          | 344         |
| time/                   |             |
|    fps                  | 134         |
|    iterations           | 15          |
|    time_elapsed         | 228         |
|    total_timesteps      | 35720       |
| train/                  |             |
|    approx_kl            | 0.028246803 |
|    clip_fraction        | 0.296       |
|    clip_range           | 0.2         |
|    entropy_loss         | -16.8       |
|    explained_variance   | 0.0275      |
|    learning_rate        | 0.0003      |
|    loss                 | 1.01        |
|    n_updates            | 160         |
|    policy_gradient_loss | -0.031      |
|    std                  | 0.984       |
|    value_loss           | 1.91        |
-----------------------------------------
TRAIN_PROGRESS total_timesteps=35976
TRAIN_PROGRESS total_timesteps=36232
TRAIN_PROGRESS total_timesteps=36488
TRAIN_PROGRESS total_timesteps=36744
TRAIN_PROGRESS total_timesteps=37000
TRAIN_PROGRESS total_timesteps=37256
TRAIN_PROGRESS total_timesteps=37512
TRAIN_PROGRESS total_timesteps=37768
----------------------------------------
| rollout/                |            |
|    ep_len_mean          | 934        |
|    ep_rew_mean          | 349        |
| time/                   |            |
|    fps                  | 140        |
|    iterations           | 16         |
|    time_elapsed         | 233        |
|    total_timesteps      | 37768      |
| train/                  |            |
|    approx_kl            | 0.02330204 |
|    clip_fraction        | 0.271      |
|    clip_range           | 0.2        |
|    entropy_loss         | -16.8      |
|    explained_variance   | 0.0367     |
|    learning_rate        | 0.0003     |
|    loss                 | 8.7        |
|    n_updates            | 170        |
|    policy_gradient_loss | -0.024     |
|    std                  | 0.983      |
|    value_loss           | 13.4       |
----------------------------------------
TRAIN_PROGRESS total_timesteps=38024
TRAIN_PROGRESS total_timesteps=38280
TRAIN_PROGRESS total_timesteps=38536
TRAIN_PROGRESS total_timesteps=38792
TRAIN_PROGRESS total_timesteps=39048
TRAIN_PROGRESS total_timesteps=39304
TRAIN_PROGRESS total_timesteps=39560
TRAIN_PROGRESS total_timesteps=39816
----------------------------------------
| rollout/                |            |
|    ep_len_mean          | 932        |
|    ep_rew_mean          | 341        |
| time/                   |            |
|    fps                  | 145        |
|    iterations           | 17         |
|    time_elapsed         | 238        |
|    total_timesteps      | 39816      |
| train/                  |            |
|    approx_kl            | 0.02564957 |
|    clip_fraction        | 0.254      |
|    clip_range           | 0.2        |
|    entropy_loss         | -16.8      |
|    explained_variance   | -0.17      |
|    learning_rate        | 0.0003     |
|    loss                 | 0.461      |
|    n_updates            | 180        |
|    policy_gradient_loss | -0.0305    |
|    std                  | 0.979      |
|    value_loss           | 0.972      |
----------------------------------------
TRAIN_PROGRESS total_timesteps=40072
TRAIN_PROGRESS total_timesteps=40328
TRAIN_PROGRESS total_timesteps=40584
TRAIN_PROGRESS total_timesteps=40840
TRAIN_PROGRESS total_timesteps=41096
TRAIN_PROGRESS total_timesteps=41352
TRAIN_PROGRESS total_timesteps=41608
TRAIN_PROGRESS total_timesteps=41864
-----------------------------------------
| rollout/                |             |
|    ep_len_mean          | 936         |
|    ep_rew_mean          | 345         |
| time/                   |             |
|    fps                  | 150         |
|    iterations           | 18          |
|    time_elapsed         | 244         |
|    total_timesteps      | 41864       |
| train/                  |             |
|    approx_kl            | 0.009983377 |
|    clip_fraction        | 0.147       |
|    clip_range           | 0.2         |
|    entropy_loss         | -16.8       |
|    explained_variance   | 0.0124      |
|    learning_rate        | 0.0003      |
|    loss                 | 55.2        |
|    n_updates            | 190         |
|    policy_gradient_loss | -0.00844    |
|    std                  | 0.979       |
|    value_loss           | 245         |
-----------------------------------------
TRAIN_PROGRESS total_timesteps=42120
TRAIN_PROGRESS total_timesteps=42376
TRAIN_PROGRESS total_timesteps=42632
TRAIN_PROGRESS total_timesteps=42888
TRAIN_PROGRESS total_timesteps=43144
TRAIN_PROGRESS total_timesteps=43400
TRAIN_PROGRESS total_timesteps=43656
TRAIN_PROGRESS total_timesteps=43912
-----------------------------------------
| rollout/                |             |
|    ep_len_mean          | 938         |
|    ep_rew_mean          | 350         |
| time/                   |             |
|    fps                  | 154         |
|    iterations           | 19          |
|    time_elapsed         | 251         |
|    total_timesteps      | 43912       |
| train/                  |             |
|    approx_kl            | 0.017105708 |
|    clip_fraction        | 0.113       |
|    clip_range           | 0.2         |
|    entropy_loss         | -16.8       |
|    explained_variance   | -2.43       |
|    learning_rate        | 0.0003      |
|    loss                 | 2.26        |
|    n_updates            | 200         |
|    policy_gradient_loss | -0.0191     |
|    std                  | 0.978       |
|    value_loss           | 9.06        |
-----------------------------------------
TRAIN_PROGRESS total_timesteps=44168
TRAIN_PROGRESS total_timesteps=44424
TRAIN_PROGRESS total_timesteps=44680
TRAIN_PROGRESS total_timesteps=44936
TRAIN_PROGRESS total_timesteps=45192
TRAIN_PROGRESS total_timesteps=45448
TRAIN_PROGRESS total_timesteps=45704
TRAIN_PROGRESS total_timesteps=45960
-----------------------------------------
| rollout/                |             |
|    ep_len_mean          | 941         |
|    ep_rew_mean          | 353         |
| time/                   |             |
|    fps                  | 153         |
|    iterations           | 20          |
|    time_elapsed         | 267         |
|    total_timesteps      | 45960       |
| train/                  |             |
|    approx_kl            | 0.025387129 |
|    clip_fraction        | 0.25        |
|    clip_range           | 0.2         |
|    entropy_loss         | -16.8       |
|    explained_variance   | -0.657      |
|    learning_rate        | 0.0003      |
|    loss                 | 0.449       |
|    n_updates            | 210         |
|    policy_gradient_loss | -0.0282     |
|    std                  | 0.978       |
|    value_loss           | 1.09        |
-----------------------------------------
TRAIN_PROGRESS total_timesteps=46216
TRAIN_PROGRESS total_timesteps=46472
TRAIN_PROGRESS total_timesteps=46728
TRAIN_PROGRESS total_timesteps=46984
TRAIN_PROGRESS total_timesteps=47240
TRAIN_PROGRESS total_timesteps=47496
TRAIN_PROGRESS total_timesteps=47752
TRAIN_PROGRESS total_timesteps=48008
-----------------------------------------
| rollout/                |             |
|    ep_len_mean          | 935         |
|    ep_rew_mean          | 350         |
| time/                   |             |
|    fps                  | 150         |
|    iterations           | 21          |
|    time_elapsed         | 285         |
|    total_timesteps      | 48008       |
| train/                  |             |
|    approx_kl            | 0.031062631 |
|    clip_fraction        | 0.275       |
|    clip_range           | 0.2         |
|    entropy_loss         | -16.7       |
|    explained_variance   | -0.464      |
|    learning_rate        | 0.0003      |
|    loss                 | 0.682       |
|    n_updates            | 220         |
|    policy_gradient_loss | -0.0331     |
|    std                  | 0.974       |
|    value_loss           | 1.89        |
-----------------------------------------
TRAIN_PROGRESS total_timesteps=48264
TRAIN_PROGRESS total_timesteps=48520
TRAIN_PROGRESS total_timesteps=48776
TRAIN_PROGRESS total_timesteps=49032
TRAIN_PROGRESS total_timesteps=49288
TRAIN_PROGRESS total_timesteps=49544
TRAIN_PROGRESS total_timesteps=49800
TRAIN_PROGRESS total_timesteps=50056
-----------------------------------------
| rollout/                |             |
|    ep_len_mean          | 923         |
|    ep_rew_mean          | 345         |
| time/                   |             |
|    fps                  | 148         |
|    iterations           | 22          |
|    time_elapsed         | 304         |
|    total_timesteps      | 50056       |
| train/                  |             |
|    approx_kl            | 0.010324116 |
|    clip_fraction        | 0.167       |
|    clip_range           | 0.2         |
|    entropy_loss         | -16.7       |
|    explained_variance   | 0.0189      |
|    learning_rate        | 0.0003      |
|    loss                 | 7.35        |
|    n_updates            | 230         |
|    policy_gradient_loss | -0.00729    |
|    std                  | 0.973       |
|    value_loss           | 77.9        |
-----------------------------------------
TRAIN_PROGRESS total_timesteps=50312
TRAIN_PROGRESS total_timesteps=50568
TRAIN_PROGRESS total_timesteps=50824
TRAIN_PROGRESS total_timesteps=51080
TRAIN_PROGRESS total_timesteps=51336
TRAIN_PROGRESS total_timesteps=51592
TRAIN_PROGRESS total_timesteps=51848
TRAIN_PROGRESS total_timesteps=52104
------------------------------------------
| rollout/                |              |
|    ep_len_mean          | 917          |
|    ep_rew_mean          | 343          |
| time/                   |              |
|    fps                  | 146          |
|    iterations           | 23           |
|    time_elapsed         | 321          |
|    total_timesteps      | 52104        |
| train/                  |              |
|    approx_kl            | 0.0076297317 |
|    clip_fraction        | 0.0246       |
|    clip_range           | 0.2          |
|    entropy_loss         | -16.7        |
|    explained_variance   | 0.501        |
|    learning_rate        | 0.0003       |
|    loss                 | 37.1         |
|    n_updates            | 240          |
|    policy_gradient_loss | -0.00947     |
|    std                  | 0.973        |
|    value_loss           | 100          |
------------------------------------------
TRAIN_PROGRESS total_timesteps=52360
TRAIN_PROGRESS total_timesteps=52616
TRAIN_PROGRESS total_timesteps=52872
TRAIN_PROGRESS total_timesteps=53128
TRAIN_PROGRESS total_timesteps=53384
TRAIN_PROGRESS total_timesteps=53640
TRAIN_PROGRESS total_timesteps=53896
TRAIN_PROGRESS total_timesteps=54152
-----------------------------------------
| rollout/                |             |
|    ep_len_mean          | 920         |
|    ep_rew_mean          | 344         |
| time/                   |             |
|    fps                  | 148         |
|    iterations           | 24          |
|    time_elapsed         | 331         |
|    total_timesteps      | 54152       |
| train/                  |             |
|    approx_kl            | 0.009692038 |
|    clip_fraction        | 0.0597      |
|    clip_range           | 0.2         |
|    entropy_loss         | -16.7       |
|    explained_variance   | 0.575       |
|    learning_rate        | 0.0003      |
|    loss                 | 34.7        |
|    n_updates            | 250         |
|    policy_gradient_loss | -0.0137     |
|    std                  | 0.973       |
|    value_loss           | 56.2        |
-----------------------------------------
TRAIN_PROGRESS total_timesteps=54408
TRAIN_PROGRESS total_timesteps=54664
TRAIN_PROGRESS total_timesteps=54920
CHECKPOINT /run/media/pma213x/0C6A8CC86A8CAFCE/Ubuntu2/CodeU/Dog1/official-mini-cheetah/checkpoints/official_mini_cheetah_flat_jump_v1/official_mini_cheetah_flat_jump_v1_55000_steps.zip
TRAIN_PROGRESS total_timesteps=55176
TRAIN_PROGRESS total_timesteps=55432
TRAIN_PROGRESS total_timesteps=55688
TRAIN_PROGRESS total_timesteps=55944
TRAIN_PROGRESS total_timesteps=56200
------------------------------------------
| rollout/                |              |
|    ep_len_mean          | 913          |
|    ep_rew_mean          | 342          |
| time/                   |              |
|    fps                  | 145          |
|    iterations           | 25           |
|    time_elapsed         | 351          |
|    total_timesteps      | 56200        |
| train/                  |              |
|    approx_kl            | 0.0078061824 |
|    clip_fraction        | 0.0343       |
|    clip_range           | 0.2          |
|    entropy_loss         | -16.7        |
|    explained_variance   | 0.613        |
|    learning_rate        | 0.0003       |
|    loss                 | 36.3         |
|    n_updates            | 260          |
|    policy_gradient_loss | -0.0144      |
|    std                  | 0.973        |
|    value_loss           | 76.8         |
------------------------------------------
TRAIN_PROGRESS total_timesteps=56456
TRAIN_PROGRESS total_timesteps=56712
TRAIN_PROGRESS total_timesteps=56968
TRAIN_PROGRESS total_timesteps=57224
TRAIN_PROGRESS total_timesteps=57480
TRAIN_PROGRESS total_timesteps=57736
TRAIN_PROGRESS total_timesteps=57992
TRAIN_PROGRESS total_timesteps=58248
-----------------------------------------
| rollout/                |             |
|    ep_len_mean          | 916         |
|    ep_rew_mean          | 346         |
| time/                   |             |
|    fps                  | 143         |
|    iterations           | 26          |
|    time_elapsed         | 372         |
|    total_timesteps      | 58248       |
| train/                  |             |
|    approx_kl            | 0.007313144 |
|    clip_fraction        | 0.031       |
|    clip_range           | 0.2         |
|    entropy_loss         | -16.7       |
|    explained_variance   | 0.655       |
|    learning_rate        | 0.0003      |
|    loss                 | 15.5        |
|    n_updates            | 270         |
|    policy_gradient_loss | -0.0137     |
|    std                  | 0.973       |
|    value_loss           | 87.3        |
-----------------------------------------
TRAIN_PROGRESS total_timesteps=58504
TRAIN_PROGRESS total_timesteps=58760
TRAIN_PROGRESS total_timesteps=59016
TRAIN_PROGRESS total_timesteps=59272
TRAIN_PROGRESS total_timesteps=59528
TRAIN_PROGRESS total_timesteps=59784
TRAIN_PROGRESS total_timesteps=60040
TRAIN_PROGRESS total_timesteps=60296
-----------------------------------------
| rollout/                |             |
|    ep_len_mean          | 919         |
|    ep_rew_mean          | 349         |
| time/                   |             |
|    fps                  | 142         |
|    iterations           | 27          |
|    time_elapsed         | 388         |
|    total_timesteps      | 60296       |
| train/                  |             |
|    approx_kl            | 0.040499568 |
|    clip_fraction        | 0.321       |
|    clip_range           | 0.2         |
|    entropy_loss         | -16.7       |
|    explained_variance   | -6.56       |
|    learning_rate        | 0.0003      |
|    loss                 | 0.387       |
|    n_updates            | 280         |
|    policy_gradient_loss | -0.0215     |
|    std                  | 0.971       |
|    value_loss           | 1.85        |
-----------------------------------------
TRAIN_PROGRESS total_timesteps=60552
TRAIN_PROGRESS total_timesteps=60808
TRAIN_PROGRESS total_timesteps=61064
TRAIN_PROGRESS total_timesteps=61320
TRAIN_PROGRESS total_timesteps=61576
TRAIN_PROGRESS total_timesteps=61832
TRAIN_PROGRESS total_timesteps=62088
TRAIN_PROGRESS total_timesteps=62344
-----------------------------------------
| rollout/                |             |
|    ep_len_mean          | 921         |
|    ep_rew_mean          | 352         |
| time/                   |             |
|    fps                  | 141         |
|    iterations           | 28          |
|    time_elapsed         | 406         |
|    total_timesteps      | 62344       |
| train/                  |             |
|    approx_kl            | 0.031534977 |
|    clip_fraction        | 0.327       |
|    clip_range           | 0.2         |
|    entropy_loss         | -16.7       |
|    explained_variance   | -0.213      |
|    learning_rate        | 0.0003      |
|    loss                 | 0.517       |
|    n_updates            | 290         |
|    policy_gradient_loss | -0.0334     |
|    std                  | 0.968       |
|    value_loss           | 1.45        |
-----------------------------------------
TRAIN_PROGRESS total_timesteps=62600
TRAIN_PROGRESS total_timesteps=62856
TRAIN_PROGRESS total_timesteps=63112
TRAIN_PROGRESS total_timesteps=63368
TRAIN_PROGRESS total_timesteps=63624
TRAIN_PROGRESS total_timesteps=63880
TRAIN_PROGRESS total_timesteps=64136
TRAIN_PROGRESS total_timesteps=64392
-----------------------------------------
| rollout/                |             |
|    ep_len_mean          | 914         |
|    ep_rew_mean          | 351         |
| time/                   |             |
|    fps                  | 139         |
|    iterations           | 29          |
|    time_elapsed         | 424         |
|    total_timesteps      | 64392       |
| train/                  |             |
|    approx_kl            | 0.029423736 |
|    clip_fraction        | 0.324       |
|    clip_range           | 0.2         |
|    entropy_loss         | -16.6       |
|    explained_variance   | 0.235       |
|    learning_rate        | 0.0003      |
|    loss                 | 0.38        |
|    n_updates            | 300         |
|    policy_gradient_loss | -0.0369     |
|    std                  | 0.965       |
|    value_loss           | 0.775       |
-----------------------------------------
TRAIN_PROGRESS total_timesteps=64648
TRAIN_PROGRESS total_timesteps=64904
TRAIN_PROGRESS total_timesteps=65160
TRAIN_PROGRESS total_timesteps=65416
TRAIN_PROGRESS total_timesteps=65672
TRAIN_PROGRESS total_timesteps=65928
TRAIN_PROGRESS total_timesteps=66184
TRAIN_PROGRESS total_timesteps=66440
-----------------------------------------
| rollout/                |             |
|    ep_len_mean          | 916         |
|    ep_rew_mean          | 355         |
| time/                   |             |
|    fps                  | 138         |
|    iterations           | 30          |
|    time_elapsed         | 442         |
|    total_timesteps      | 66440       |
| train/                  |             |
|    approx_kl            | 0.014664015 |
|    clip_fraction        | 0.178       |
|    clip_range           | 0.2         |
|    entropy_loss         | -16.6       |
|    explained_variance   | 0.499       |
|    learning_rate        | 0.0003      |
|    loss                 | 7.2         |
|    n_updates            | 310         |
|    policy_gradient_loss | -0.0104     |
|    std                  | 0.965       |
|    value_loss           | 56.7        |
-----------------------------------------
TRAIN_PROGRESS total_timesteps=66696
TRAIN_PROGRESS total_timesteps=66952
TRAIN_PROGRESS total_timesteps=67208
TRAIN_PROGRESS total_timesteps=67464
TRAIN_PROGRESS total_timesteps=67720
TRAIN_PROGRESS total_timesteps=67976
TRAIN_PROGRESS total_timesteps=68232
TRAIN_PROGRESS total_timesteps=68488
-----------------------------------------
| rollout/                |             |
|    ep_len_mean          | 919         |
|    ep_rew_mean          | 357         |
| time/                   |             |
|    fps                  | 141         |
|    iterations           | 31          |
|    time_elapsed         | 448         |
|    total_timesteps      | 68488       |
| train/                  |             |
|    approx_kl            | 0.031777352 |
|    clip_fraction        | 0.23        |
|    clip_range           | 0.2         |
|    entropy_loss         | -16.6       |
|    explained_variance   | -1.62       |
|    learning_rate        | 0.0003      |
|    loss                 | 1.33        |
|    n_updates            | 320         |
|    policy_gradient_loss | -0.0211     |
|    std                  | 0.963       |
|    value_loss           | 3.54        |
-----------------------------------------
TRAIN_PROGRESS total_timesteps=68744
TRAIN_PROGRESS total_timesteps=69000
TRAIN_PROGRESS total_timesteps=69256
TRAIN_PROGRESS total_timesteps=69512
TRAIN_PROGRESS total_timesteps=69768
TRAIN_PROGRESS total_timesteps=70024
TRAIN_PROGRESS total_timesteps=70280
TRAIN_PROGRESS total_timesteps=70536
-----------------------------------------
| rollout/                |             |
|    ep_len_mean          | 921         |
|    ep_rew_mean          | 360         |
| time/                   |             |
|    fps                  | 144         |
|    iterations           | 32          |
|    time_elapsed         | 453         |
|    total_timesteps      | 70536       |
| train/                  |             |
|    approx_kl            | 0.021714993 |
|    clip_fraction        | 0.25        |
|    clip_range           | 0.2         |
|    entropy_loss         | -16.6       |
|    explained_variance   | 0.0896      |
|    learning_rate        | 0.0003      |
|    loss                 | 2.07        |
|    n_updates            | 330         |
|    policy_gradient_loss | -0.0245     |
|    std                  | 0.963       |
|    value_loss           | 5.71        |
-----------------------------------------
TRAIN_PROGRESS total_timesteps=70792
TRAIN_PROGRESS total_timesteps=71048
TRAIN_PROGRESS total_timesteps=71304
TRAIN_PROGRESS total_timesteps=71560
TRAIN_PROGRESS total_timesteps=71816
TRAIN_PROGRESS total_timesteps=72072
TRAIN_PROGRESS total_timesteps=72328
TRAIN_PROGRESS total_timesteps=72584
-----------------------------------------
| rollout/                |             |
|    ep_len_mean          | 923         |
|    ep_rew_mean          | 363         |
| time/                   |             |
|    fps                  | 147         |
|    iterations           | 33          |
|    time_elapsed         | 458         |
|    total_timesteps      | 72584       |
| train/                  |             |
|    approx_kl            | 0.030835424 |
|    clip_fraction        | 0.321       |
|    clip_range           | 0.2         |
|    entropy_loss         | -16.6       |
|    explained_variance   | 0.167       |
|    learning_rate        | 0.0003      |
|    loss                 | 1.01        |
|    n_updates            | 340         |
|    policy_gradient_loss | -0.0384     |
|    std                  | 0.963       |
|    value_loss           | 2.76        |
-----------------------------------------
TRAIN_PROGRESS total_timesteps=72840
TRAIN_PROGRESS total_timesteps=73096
TRAIN_PROGRESS total_timesteps=73352
TRAIN_PROGRESS total_timesteps=73608
TRAIN_PROGRESS total_timesteps=73864
TRAIN_PROGRESS total_timesteps=74120
TRAIN_PROGRESS total_timesteps=74376
TRAIN_PROGRESS total_timesteps=74632
-----------------------------------------
| rollout/                |             |
|    ep_len_mean          | 913         |
|    ep_rew_mean          | 357         |
| time/                   |             |
|    fps                  | 150         |
|    iterations           | 34          |
|    time_elapsed         | 463         |
|    total_timesteps      | 74632       |
| train/                  |             |
|    approx_kl            | 0.031564087 |
|    clip_fraction        | 0.336       |
|    clip_range           | 0.2         |
|    entropy_loss         | -16.6       |
|    explained_variance   | 0.016       |
|    learning_rate        | 0.0003      |
|    loss                 | 3.11        |
|    n_updates            | 350         |
|    policy_gradient_loss | -0.0369     |
|    std                  | 0.962       |
|    value_loss           | 5.99        |
-----------------------------------------
TRAIN_PROGRESS total_timesteps=74888
TRAIN_PROGRESS total_timesteps=75144
TRAIN_PROGRESS total_timesteps=75400
TRAIN_PROGRESS total_timesteps=75656
TRAIN_PROGRESS total_timesteps=75912
TRAIN_PROGRESS total_timesteps=76168
TRAIN_PROGRESS total_timesteps=76424
TRAIN_PROGRESS total_timesteps=76680
-----------------------------------------
| rollout/                |             |
|    ep_len_mean          | 907         |
|    ep_rew_mean          | 354         |
| time/                   |             |
|    fps                  | 152         |
|    iterations           | 35          |
|    time_elapsed         | 468         |
|    total_timesteps      | 76680       |
| train/                  |             |
|    approx_kl            | 0.010074397 |
|    clip_fraction        | 0.0979      |
|    clip_range           | 0.2         |
|    entropy_loss         | -16.6       |
|    explained_variance   | 0.38        |
|    learning_rate        | 0.0003      |
|    loss                 | 98.6        |
|    n_updates            | 360         |
|    policy_gradient_loss | -0.0128     |
|    std                  | 0.962       |
|    value_loss           | 208         |
-----------------------------------------
TRAIN_PROGRESS total_timesteps=76936
TRAIN_PROGRESS total_timesteps=77192
TRAIN_PROGRESS total_timesteps=77448
TRAIN_PROGRESS total_timesteps=77704
TRAIN_PROGRESS total_timesteps=77960
TRAIN_PROGRESS total_timesteps=78216
TRAIN_PROGRESS total_timesteps=78472
TRAIN_PROGRESS total_timesteps=78728
------------------------------------------
| rollout/                |              |
|    ep_len_mean          | 897          |
|    ep_rew_mean          | 348          |
| time/                   |              |
|    fps                  | 155          |
|    iterations           | 36           |
|    time_elapsed         | 474          |
|    total_timesteps      | 78728        |
| train/                  |              |
|    approx_kl            | 0.0056803687 |
|    clip_fraction        | 0.0172       |
|    clip_range           | 0.2          |
|    entropy_loss         | -16.6        |
|    explained_variance   | 0.0697       |
|    learning_rate        | 0.0003       |
|    loss                 | 59.2         |
|    n_updates            | 370          |
|    policy_gradient_loss | -0.013       |
|    std                  | 0.962        |
|    value_loss           | 220          |
------------------------------------------
TRAIN_PROGRESS total_timesteps=78984
TRAIN_PROGRESS total_timesteps=79240
TRAIN_PROGRESS total_timesteps=79496
TRAIN_PROGRESS total_timesteps=79752
TRAIN_PROGRESS total_timesteps=80008
TRAIN_PROGRESS total_timesteps=80264
TRAIN_PROGRESS total_timesteps=80520
TRAIN_PROGRESS total_timesteps=80776
-----------------------------------------
| rollout/                |             |
|    ep_len_mean          | 892         |
|    ep_rew_mean          | 345         |
| time/                   |             |
|    fps                  | 158         |
|    iterations           | 37          |
|    time_elapsed         | 479         |
|    total_timesteps      | 80776       |
| train/                  |             |
|    approx_kl            | 0.007144058 |
|    clip_fraction        | 0.0398      |
|    clip_range           | 0.2         |
|    entropy_loss         | -16.6       |
|    explained_variance   | 0.628       |
|    learning_rate        | 0.0003      |
|    loss                 | 89.8        |
|    n_updates            | 380         |
|    policy_gradient_loss | -0.0169     |
|    std                  | 0.962       |
|    value_loss           | 144         |
-----------------------------------------
TRAIN_PROGRESS total_timesteps=81032
TRAIN_PROGRESS total_timesteps=81288
TRAIN_PROGRESS total_timesteps=81544
TRAIN_PROGRESS total_timesteps=81800
TRAIN_PROGRESS total_timesteps=82056
TRAIN_PROGRESS total_timesteps=82312
TRAIN_PROGRESS total_timesteps=82568
TRAIN_PROGRESS total_timesteps=82824
------------------------------------------
| rollout/                |              |
|    ep_len_mean          | 887          |
|    ep_rew_mean          | 343          |
| time/                   |              |
|    fps                  | 160          |
|    iterations           | 38           |
|    time_elapsed         | 484          |
|    total_timesteps      | 82824        |
| train/                  |              |
|    approx_kl            | 0.0044291946 |
|    clip_fraction        | 0.00781      |
|    clip_range           | 0.2          |
|    entropy_loss         | -16.6        |
|    explained_variance   | 0.472        |
|    learning_rate        | 0.0003       |
|    loss                 | 119          |
|    n_updates            | 390          |
|    policy_gradient_loss | -0.0104      |
|    std                  | 0.962        |
|    value_loss           | 201          |
------------------------------------------
TRAIN_PROGRESS total_timesteps=83080
TRAIN_PROGRESS total_timesteps=83336
TRAIN_PROGRESS total_timesteps=83592
TRAIN_PROGRESS total_timesteps=83848
TRAIN_PROGRESS total_timesteps=84104
TRAIN_PROGRESS total_timesteps=84360
TRAIN_PROGRESS total_timesteps=84616
TRAIN_PROGRESS total_timesteps=84872
-----------------------------------------
| rollout/                |             |
|    ep_len_mean          | 889         |
|    ep_rew_mean          | 344         |
| time/                   |             |
|    fps                  | 162         |
|    iterations           | 39          |
|    time_elapsed         | 490         |
|    total_timesteps      | 84872       |
| train/                  |             |
|    approx_kl            | 0.006486388 |
|    clip_fraction        | 0.0308      |
|    clip_range           | 0.2         |
|    entropy_loss         | -16.6       |
|    explained_variance   | 0.617       |
|    learning_rate        | 0.0003      |
|    loss                 | 23.4        |
|    n_updates            | 400         |
|    policy_gradient_loss | -0.0124     |
|    std                  | 0.962       |
|    value_loss           | 113         |
-----------------------------------------
TRAIN_PROGRESS total_timesteps=85128
TRAIN_PROGRESS total_timesteps=85384
TRAIN_PROGRESS total_timesteps=85640
TRAIN_PROGRESS total_timesteps=85896
TRAIN_PROGRESS total_timesteps=86152
TRAIN_PROGRESS total_timesteps=86408
TRAIN_PROGRESS total_timesteps=86664
TRAIN_PROGRESS total_timesteps=86920
------------------------------------------
| rollout/                |              |
|    ep_len_mean          | 886          |
|    ep_rew_mean          | 342          |
| time/                   |              |
|    fps                  | 165          |
|    iterations           | 40           |
|    time_elapsed         | 495          |
|    total_timesteps      | 86920        |
| train/                  |              |
|    approx_kl            | 0.0073019285 |
|    clip_fraction        | 0.0284       |
|    clip_range           | 0.2          |
|    entropy_loss         | -16.6        |
|    explained_variance   | 0.531        |
|    learning_rate        | 0.0003       |
|    loss                 | 22.6         |
|    n_updates            | 410          |
|    policy_gradient_loss | -0.0112      |
|    std                  | 0.962        |
|    value_loss           | 101          |
------------------------------------------
TRAIN_PROGRESS total_timesteps=87176
TRAIN_PROGRESS total_timesteps=87432
TRAIN_PROGRESS total_timesteps=87688
TRAIN_PROGRESS total_timesteps=87944
TRAIN_PROGRESS total_timesteps=88200
TRAIN_PROGRESS total_timesteps=88456
TRAIN_PROGRESS total_timesteps=88712
TRAIN_PROGRESS total_timesteps=88968
-----------------------------------------
| rollout/                |             |
|    ep_len_mean          | 888         |
|    ep_rew_mean          | 345         |
| time/                   |             |
|    fps                  | 166         |
|    iterations           | 41          |
|    time_elapsed         | 504         |
|    total_timesteps      | 88968       |
| train/                  |             |
|    approx_kl            | 0.016490363 |
|    clip_fraction        | 0.166       |
|    clip_range           | 0.2         |
|    entropy_loss         | -16.6       |
|    explained_variance   | -0.0117     |
|    learning_rate        | 0.0003      |
|    loss                 | 82.6        |
|    n_updates            | 420         |
|    policy_gradient_loss | -0.0221     |
|    std                  | 0.962       |
|    value_loss           | 170         |
-----------------------------------------
TRAIN_PROGRESS total_timesteps=89224
TRAIN_PROGRESS total_timesteps=89480
TRAIN_PROGRESS total_timesteps=89736
TRAIN_PROGRESS total_timesteps=89992
TRAIN_PROGRESS total_timesteps=90248
TRAIN_PROGRESS total_timesteps=90504
TRAIN_PROGRESS total_timesteps=90760
TRAIN_PROGRESS total_timesteps=91016
----------------------------------------
| rollout/                |            |
|    ep_len_mean          | 888        |
|    ep_rew_mean          | 346        |
| time/                   |            |
|    fps                  | 165        |
|    iterations           | 42         |
|    time_elapsed         | 518        |
|    total_timesteps      | 91016      |
| train/                  |            |
|    approx_kl            | 0.03479037 |
|    clip_fraction        | 0.36       |
|    clip_range           | 0.2        |
|    entropy_loss         | -16.5      |
|    explained_variance   | 0.0932     |
|    learning_rate        | 0.0003     |
|    loss                 | 0.666      |
|    n_updates            | 430        |
|    policy_gradient_loss | -0.0374    |
|    std                  | 0.958      |
|    value_loss           | 1.71       |
----------------------------------------
TRAIN_PROGRESS total_timesteps=91272
TRAIN_PROGRESS total_timesteps=91528
TRAIN_PROGRESS total_timesteps=91784
TRAIN_PROGRESS total_timesteps=92040
TRAIN_PROGRESS total_timesteps=92296
TRAIN_PROGRESS total_timesteps=92552
TRAIN_PROGRESS total_timesteps=92808
TRAIN_PROGRESS total_timesteps=93064
-----------------------------------------
| rollout/                |             |
|    ep_len_mean          | 888         |
|    ep_rew_mean          | 347         |
| time/                   |             |
|    fps                  | 163         |
|    iterations           | 43          |
|    time_elapsed         | 537         |
|    total_timesteps      | 93064       |
| train/                  |             |
|    approx_kl            | 0.014409466 |
|    clip_fraction        | 0.248       |
|    clip_range           | 0.2         |
|    entropy_loss         | -16.5       |
|    explained_variance   | 0.334       |
|    learning_rate        | 0.0003      |
|    loss                 | 158         |
|    n_updates            | 440         |
|    policy_gradient_loss | -0.011      |
|    std                  | 0.958       |
|    value_loss           | 208         |
-----------------------------------------
TRAIN_PROGRESS total_timesteps=93320
TRAIN_PROGRESS total_timesteps=93576
TRAIN_PROGRESS total_timesteps=93832
TRAIN_PROGRESS total_timesteps=94088
TRAIN_PROGRESS total_timesteps=94344
TRAIN_PROGRESS total_timesteps=94600
TRAIN_PROGRESS total_timesteps=94856
TRAIN_PROGRESS total_timesteps=95112
-----------------------------------------
| rollout/                |             |
|    ep_len_mean          | 891         |
|    ep_rew_mean          | 353         |
| time/                   |             |
|    fps                  | 165         |
|    iterations           | 44          |
|    time_elapsed         | 544         |
|    total_timesteps      | 95112       |
| train/                  |             |
|    approx_kl            | 0.013031809 |
|    clip_fraction        | 0.118       |
|    clip_range           | 0.2         |
|    entropy_loss         | -16.5       |
|    explained_variance   | -0.109      |
|    learning_rate        | 0.0003      |
|    loss                 | 59.6        |
|    n_updates            | 450         |
|    policy_gradient_loss | -0.0169     |
|    std                  | 0.958       |
|    value_loss           | 146         |
-----------------------------------------
TRAIN_PROGRESS total_timesteps=95368
TRAIN_PROGRESS total_timesteps=95624
TRAIN_PROGRESS total_timesteps=95880
TRAIN_PROGRESS total_timesteps=96136
TRAIN_PROGRESS total_timesteps=96392
TRAIN_PROGRESS total_timesteps=96648
TRAIN_PROGRESS total_timesteps=96904
TRAIN_PROGRESS total_timesteps=97160
-----------------------------------------
| rollout/                |             |
|    ep_len_mean          | 891         |
|    ep_rew_mean          | 353         |
| time/                   |             |
|    fps                  | 167         |
|    iterations           | 45          |
|    time_elapsed         | 550         |
|    total_timesteps      | 97160       |
| train/                  |             |
|    approx_kl            | 0.037196934 |
|    clip_fraction        | 0.33        |
|    clip_range           | 0.2         |
|    entropy_loss         | -16.5       |
|    explained_variance   | 0.405       |
|    learning_rate        | 0.0003      |
|    loss                 | 0.678       |
|    n_updates            | 460         |
|    policy_gradient_loss | -0.0314     |
|    std                  | 0.956       |
|    value_loss           | 1.83        |
-----------------------------------------
TRAIN_PROGRESS total_timesteps=97416
TRAIN_PROGRESS total_timesteps=97672
TRAIN_PROGRESS total_timesteps=97928
TRAIN_PROGRESS total_timesteps=98184
TRAIN_PROGRESS total_timesteps=98440
TRAIN_PROGRESS total_timesteps=98696
TRAIN_PROGRESS total_timesteps=98952
TRAIN_PROGRESS total_timesteps=99208
-----------------------------------------
| rollout/                |             |
|    ep_len_mean          | 889         |
|    ep_rew_mean          | 352         |
| time/                   |             |
|    fps                  | 169         |
|    iterations           | 46          |
|    time_elapsed         | 555         |
|    total_timesteps      | 99208       |
| train/                  |             |
|    approx_kl            | 0.034607444 |
|    clip_fraction        | 0.354       |
|    clip_range           | 0.2         |
|    entropy_loss         | -16.5       |
|    explained_variance   | 0.304       |
|    learning_rate        | 0.0003      |
|    loss                 | 0.859       |
|    n_updates            | 470         |
|    policy_gradient_loss | -0.0321     |
|    std                  | 0.952       |
|    value_loss           | 2.4         |
-----------------------------------------
TRAIN_PROGRESS total_timesteps=99464
TRAIN_PROGRESS total_timesteps=99720
TRAIN_PROGRESS total_timesteps=99976
TRAIN_TARGET_REACHED total_timesteps=100000
TRAIN_COMPLETED final=/run/media/pma213x/0C6A8CC86A8CAFCE/Ubuntu2/CodeU/Dog1/official-mini-cheetah/checkpoints/official_mini_cheetah_flat_jump_v1/official_mini_cheetah_flat_jump_v1_final.zip steps=100000
