INFO: rl_agent: Starting controller: python3 -u rl_agent.py auto
RL_STANDALONE step=0 height=0.2715 rpy=[7.486470608955058e-07, -3.372480510280147e-05, 0.0024291130677450293] contacts=4.0
RL_STANDALONE step=10 height=0.2713 rpy=[9.265418442904382e-08, -2.365052950744607e-05, 0.0024259129740170685] contacts=4.0
RL_STANDALONE step=20 height=0.2713 rpy=[1.0784224240021666e-08, -2.207813664636646e-05, 0.002425486026072571] contacts=4.0
RL_STANDALONE step=30 height=0.2713 rpy=[1.141499671365933e-09, -2.1818262239024238e-05, 0.0024254295296646765] contacts=4.0
RL_STANDALONE step=40 height=0.2713 rpy=[9.78424520365347e-11, -2.1772857176031385e-05, 0.002425421961856022] contacts=4.0
RL_STANDALONE step=50 height=0.2713 rpy=[-1.11464002237252e-11, -2.176491066243927e-05, 0.002425420933957362] contacts=4.0
RL_STANDALONE step=60 height=0.2713 rpy=[-3.566426721414097e-12, -2.1763179522300154e-05, 0.0024254207915777003] contacts=4.0
RL_STANDALONE step=70 height=0.2713 rpy=[-8.661100992397777e-13, -2.1762860353064273e-05, 0.0024254207713944797] contacts=4.0
RL_STANDALONE step=80 height=0.2713 rpy=[-1.89078475580078e-13, -2.1762800558777655e-05, 0.002425420768450184] contacts=4.0
RL_STANDALONE step=90 height=0.2713 rpy=[-3.8970839688224207e-14, -2.176278922734274e-05, 0.002425420768006162] contacts=4.0
RL_STANDALONE step=100 height=0.2713 rpy=[-7.499185954219154e-15, -2.1762787062572986e-05, 0.002425420767936759] contacts=4.0
RL_STANDALONE step=110 height=0.2713 rpy=[-1.1219643639951158e-15, -2.1762786646847054e-05, 0.0024254207679255072] contacts=4.0
RL_STANDALONE step=120 height=0.2713 rpy=[-4.941114487337799e-16, -2.1762786566461313e-05, 0.0024254207679236454] contacts=4.0
RL_STANDALONE step=130 height=0.2713 rpy=[-2.267886810063532e-16, -2.17627865509196e-05, 0.002425420767923294] contacts=4.0
RL_STANDALONE step=140 height=0.2713 rpy=[-5.3122187460335514e-17, -2.1762786547742813e-05, 0.002425420767923214] contacts=4.0
INFO: rl_agent: Terminating.
POSTURE_SETTLE_EXIT=1
--- result ---
{
  "status": "FAIL",
  "mode": "settle",
  "steps": 150,
  "height": 0.27129421708276397,
  "height_span": 6.0519762253630205e-05,
  "tilt": 2.176278654725545e-05,
  "contact_samples": 150,
  "obs_dim": 57,
  "action_dim": 12
}
