INFO: rl_agent: Starting controller: python3 -u rl_agent.py auto
RL_STANDALONE step=0 height=0.3889 rpy=[-4.736669750372357e-17, 6.70053773275567e-17, -8.912562715169145e-14] contacts=4.0
RL_STANDALONE step=10 height=0.3889 rpy=[-4.169110487608945e-18, 6.170887165464562e-18, -8.979198727362951e-14] contacts=4.0
RL_STANDALONE step=20 height=0.3889 rpy=[1.20311740204904e-17, 6.888600674870189e-17, -9.019079387131004e-14] contacts=4.0
RL_STANDALONE step=30 height=0.3889 rpy=[3.5264502331226305e-17, 1.4259203680966562e-16, -9.041903828435775e-14] contacts=4.0
RL_STANDALONE step=40 height=0.3889 rpy=[5.0291054896098835e-17, 9.231203303343751e-17, -9.051278951273417e-14] contacts=4.0
RL_STANDALONE step=50 height=0.3889 rpy=[3.124581712246192e-18, 1.2577543011298912e-16, -9.053088172774893e-14] contacts=4.0
RL_STANDALONE step=60 height=0.3889 rpy=[-9.3272492301805e-19, 4.4226799693319343e-17, -9.065735552071651e-14] contacts=4.0
RL_STANDALONE step=70 height=0.3889 rpy=[-1.9308625157426994e-17, 1.0398987541603516e-16, -9.065836497993788e-14] contacts=4.0
RL_STANDALONE step=80 height=0.3889 rpy=[4.71452216501167e-17, 6.02224997636027e-17, -9.053732873793093e-14] contacts=4.0
RL_STANDALONE step=90 height=0.3889 rpy=[-4.2238835101041074e-17, -1.1553393475098632e-16, -9.066947943816955e-14] contacts=4.0
RL_STANDALONE step=100 height=0.3889 rpy=[-1.1980663646684749e-17, -1.228939194459021e-16, -9.051043757681616e-14] contacts=4.0
RL_STANDALONE step=110 height=0.3889 rpy=[-1.0380876084069055e-16, -1.1131421019256707e-16, -9.056658744515788e-14] contacts=4.0
RL_STANDALONE step=120 height=0.3889 rpy=[-9.35668873631945e-17, -4.8999673108946624e-17, -9.054694461752468e-14] contacts=4.0
RL_STANDALONE step=130 height=0.3889 rpy=[-1.5941934484287203e-16, 3.6768681869139565e-17, -9.035110952857013e-14] contacts=4.0
RL_STANDALONE step=140 height=0.3889 rpy=[-1.4398485244053018e-16, 9.721868949671343e-17, -9.034337727907006e-14] contacts=4.0
INFO: rl_agent: Terminating.
POSTURE_SETTLE_EXIT=0
--- result file ---
{
  "status": "PASS",
  "mode": "settle",
  "steps": 150,
  "height": 0.38891877145091386,
  "height_span": 5.155647798127383e-07,
  "tilt": 1.874993489058478e-16,
  "contact_samples": 150,
  "obs_dim": 57,
  "action_dim": 12
}
