INFO: rl_agent: Starting controller: python3 -u rl_agent.py auto
RL_RESET_DIAGNOSTIC {"height": 0.3242283667366106, "target_min": -0.55, "target_max": 1.15, "target_errors": [0.00013860342080790344, 0.0004230941299587787, 0.0009598998397002401, 0.00014120561435529422, 0.0004222456792899454, 0.0009599067106438319, 0.0001524930486237197, 0.000555943252940283, 0.000906199245843009, 0.00014781288880444388, 0.0005613248645215396, 0.0008794477478375473], "available_torque_min": 20.0, "available_torque_max": 20.0, "position_infinite": false}
RL_STANDALONE step=0 height=0.3242 rpy=[-4.584733264422345e-06, -4.020977948618237e-05, -0.0002118219677050418] contacts=4.0
RL_STANDALONE step=10 height=0.3241 rpy=[-4.479885058652253e-07, -3.707922352815433e-05, -0.00021742583805995188] contacts=4.0
RL_STANDALONE step=20 height=0.3241 rpy=[-6.016106858378649e-08, -3.6397526472094e-05, -0.00021791676008267623] contacts=4.0
RL_STANDALONE step=30 height=0.3241 rpy=[-8.266683008030114e-09, -3.625747929703169e-05, -0.00021798252075870856] contacts=4.0
RL_STANDALONE step=40 height=0.3241 rpy=[-1.302094471539258e-09, -3.622979536213562e-05, -0.00021799155272828432] contacts=4.0
RL_STANDALONE step=50 height=0.3241 rpy=[-2.0669297283081997e-10, -3.622201497083094e-05, -0.00021799283168262093] contacts=4.0
RL_STANDALONE step=60 height=0.3241 rpy=[-3.176774823261463e-11, -3.6220283070135754e-05, -0.00021799302023091372] contacts=4.0
RL_STANDALONE step=70 height=0.3241 rpy=[-5.1508554870112214e-12, -3.6219931537608254e-05, -0.00021799304939762226] contacts=4.0
RL_STANDALONE step=80 height=0.3241 rpy=[-8.824519142016831e-13, -3.621985878842727e-05, -0.00021799305416052232] contacts=4.0
RL_STANDALONE step=90 height=0.3241 rpy=[-1.589467550037894e-13, -3.62198435441844e-05, -0.0002179930549817373] contacts=4.0
RL_STANDALONE step=100 height=0.3241 rpy=[-2.991046492517221e-14, -3.621984032508187e-05, -0.0002179930551304977] contacts=4.0
RL_STANDALONE step=110 height=0.3241 rpy=[-5.8639934325414994e-15, -3.6219839641881623e-05, -0.00021799305515844824] contacts=4.0
RL_STANDALONE step=120 height=0.3241 rpy=[-1.0757857899566192e-15, -3.6219839496679875e-05, -0.00021799305516388378] contacts=4.0
RL_STANDALONE step=130 height=0.3241 rpy=[-1.8132836902570958e-16, -3.6219839465666814e-05, -0.00021799305516522662] contacts=4.0
RL_STANDALONE step=140 height=0.3241 rpy=[-7.343889477564208e-17, -3.621983945907552e-05, -0.00021799305516526522] contacts=4.0
INFO: rl_agent: Terminating.
POSTURE_SETTLE_EXIT=0
--- result ---
{
  "status": "PASS",
  "mode": "settle",
  "steps": 150,
  "height": 0.32412283984662055,
  "height_span": 3.143334702854217e-05,
  "tilt": 3.6219839457709407e-05,
  "contact_samples": 150,
  "obs_dim": 57,
  "action_dim": 12
}
