INFO: rl_agent: Starting controller: python3 -u rl_agent.py auto
RL_STANDALONE step=0 height=0.2715 rpy=[-1.6796911102038085e-06, -3.198165214855547e-05, -0.0011936220703652608] contacts=4.0
RL_STANDALONE step=10 height=0.2713 rpy=[-2.1496235765957255e-07, -2.3580951729586628e-05, -0.0011949616117587544] contacts=4.0
RL_STANDALONE step=20 height=0.2713 rpy=[-2.7478713366595693e-08, -2.2122519690994166e-05, -0.0011951762273158069] contacts=4.0
RL_STANDALONE step=30 height=0.2713 rpy=[-3.493314217940291e-09, -2.1836388373187413e-05, -0.001195203664847089] contacts=4.0
RL_STANDALONE step=40 height=0.2713 rpy=[-4.3972807005042754e-10, -2.177770618676499e-05, -0.0011952071652027324] contacts=4.0
RL_STANDALONE step=50 height=0.2713 rpy=[-7.670232248986013e-11, -2.176627913476111e-05, -0.0011952076086909744] contacts=4.0
RL_STANDALONE step=60 height=0.2713 rpy=[-9.39366151743659e-12, -2.1763459118829253e-05, -0.0011952076644328208] contacts=4.0
RL_STANDALONE step=70 height=0.2713 rpy=[-1.1102053179356196e-12, -2.1762916448117267e-05, -0.001195207671323708] contacts=4.0
RL_STANDALONE step=80 height=0.2713 rpy=[-1.230717318724005e-13, -2.176281168475687e-05, -0.0011952076721536819] contacts=4.0
RL_STANDALONE step=90 height=0.2713 rpy=[-1.1920686030187196e-14, -2.176279141785475e-05, -0.0011952076722493619] contacts=4.0
RL_STANDALONE step=100 height=0.2713 rpy=[-5.885781233420277e-16, -2.1762787491845214e-05, -0.001195207672259353] contacts=4.0
RL_STANDALONE step=110 height=0.2713 rpy=[1.544422668578061e-16, -2.176278673051282e-05, -0.001195207672260246] contacts=4.0
RL_STANDALONE step=120 height=0.2713 rpy=[1.4335517633024444e-16, -2.176278658283434e-05, -0.0011952076722602043] contacts=4.0
RL_STANDALONE step=130 height=0.2713 rpy=[1.2444906345336138e-16, -2.1762786554162452e-05, -0.0011952076722599523] contacts=4.0
RL_STANDALONE step=140 height=0.2713 rpy=[1.9419908173558155e-16, -2.1762786548619804e-05, -0.0011952076722602893] contacts=4.0
INFO: rl_agent: Terminating.
POSTURE_SETTLE_EXIT=1
--- result ---
{
  "status": "FAIL",
  "mode": "settle",
  "steps": 150,
  "height": 0.27129421708276397,
  "height_span": 5.9147020944061435e-05,
  "tilt": 2.1762786547431308e-05,
  "contact_samples": 150,
  "obs_dim": 57,
  "action_dim": 12
}
