INFO: rl_agent: Starting controller: python3 -u rl_agent.py auto
RL_STANDALONE step=0 height=0.2720 rpy=[7.469273650405268e-06, -8.249524001781987e-05, -0.0014254227476319466] contacts=4.0
RL_STANDALONE step=10 height=0.2717 rpy=[2.650284741408171e-05, -6.973846830801754e-05, -0.0014763649686488941] contacts=4.0
RL_STANDALONE step=20 height=0.2715 rpy=[5.130538344409399e-05, -8.379924812760233e-05, -0.0014924804093841965] contacts=4.0
RL_STANDALONE step=30 height=0.2714 rpy=[4.1688393480760166e-05, -8.444554484511798e-05, -0.001500999907216027] contacts=4.0
RL_STANDALONE step=40 height=0.2713 rpy=[3.0528005910844584e-05, -7.382565733965567e-05, -0.0015062276626199075] contacts=4.0
RL_STANDALONE step=50 height=0.2712 rpy=[2.206141404258774e-05, -6.683069317301443e-05, -0.0015087932564968448] contacts=4.0
RL_STANDALONE step=60 height=0.2712 rpy=[1.5955478090893906e-05, -6.182330346279526e-05, -0.0015099337547303411] contacts=4.0
RL_STANDALONE step=70 height=0.2712 rpy=[1.1872353612399098e-05, -5.8538481224937795e-05, -0.0015112088535660449] contacts=4.0
RL_STANDALONE step=80 height=0.2712 rpy=[8.05399994229206e-06, -5.5908060351595744e-05, -0.0015115356714002477] contacts=4.0
RL_STANDALONE step=90 height=0.2711 rpy=[5.472083503728093e-06, -5.4138638210078395e-05, -0.0015118375644140062] contacts=4.0
RL_STANDALONE step=100 height=0.2711 rpy=[3.7834289046031864e-06, -5.30970332733997e-05, -0.0015125301339231248] contacts=4.0
RL_STANDALONE step=110 height=0.2711 rpy=[1.6409902004085135e-06, -5.220385549166172e-05, -0.0015120396677254287] contacts=4.0
RL_STANDALONE step=120 height=0.2711 rpy=[8.54597728431682e-07, -5.146498321136716e-05, -0.0015125953604640215] contacts=4.0
RL_STANDALONE step=130 height=0.2711 rpy=[9.545738206098902e-08, -5.12566637470544e-05, -0.0015128959872691445] contacts=4.0
RL_STANDALONE step=140 height=0.2711 rpy=[-5.912305382571369e-07, -5.085768933295998e-05, -0.0015132539511889672] contacts=4.0
INFO: rl_agent: Terminating.
POSTURE_SETTLE_EXIT=1
--- result ---
{
  "status": "FAIL",
  "mode": "settle",
  "steps": 150,
  "height": 0.27127290985088576,
  "height_span": 0.00078344539611791,
  "tilt": 2.4131477494163366e-05,
  "contact_samples": 150,
  "obs_dim": 57,
  "action_dim": 12
}
