test_passive_world_still_uses_none_controller (__main__.PostureTargetTests.test_passive_world_still_uses_none_controller) ... ok
test_slightly_extended_is_extended_but_not_locked (__main__.PostureTargetTests.test_slightly_extended_is_extended_but_not_locked) ... ok
test_spawn_height_has_geometry_clearance (__main__.PostureTargetTests.test_spawn_height_has_geometry_clearance) ... ok
test_support_projection_uses_official_geometry (__main__.PostureTargetTests.test_support_projection_uses_official_geometry) ... ok
test_targets_are_finite_bounded_and_mirrored (__main__.PostureTargetTests.test_targets_are_finite_bounded_and_mirrored) ... ok
test_active_default_and_gait_use_crouch_baseline (__main__.TimelineTests.test_active_default_and_gait_use_crouch_baseline) ... ok
test_boundaries_are_exact (__main__.TimelineTests.test_boundaries_are_exact) ... ok
test_rate_limiter_and_tracker_enforce_change_limit (__main__.TimelineTests.test_rate_limiter_and_tracker_enforce_change_limit) ... ok
test_transition_is_continuous_and_smooth (__main__.TimelineTests.test_transition_is_continuous_and_smooth) ... ok
test_controller_does_not_write_passive_artifacts (__main__.WorldStaticTests.test_controller_does_not_write_passive_artifacts) ... ok
test_geometry_logger_rejects_nonfinite_pose (__main__.WorldStaticTests.test_geometry_logger_rejects_nonfinite_pose) ... ok
test_timeline_world_is_isolated (__main__.WorldStaticTests.test_timeline_world_is_isolated) ... ok
test_timeline_world_keeps_12_12_12_and_axes (__main__.WorldStaticTests.test_timeline_world_keeps_12_12_12_and_axes) ... ok
test_timeline_world_preserves_official_model (__main__.WorldStaticTests.test_timeline_world_preserves_official_model) ... ok

----------------------------------------------------------------------
Ran 14 tests in 0.158s

OK
test_all_controller_modules_import_without_webots (__main__.ImportAndDeviceTests.test_all_controller_modules_import_without_webots) ... ok
test_twelve_devices_are_complete_and_configured (__main__.ImportAndDeviceTests.test_twelve_devices_are_complete_and_configured) ... ok
test_default_is_standing_and_motion_is_ignored (__main__.InputAndModeTests.test_default_is_standing_and_motion_is_ignored) ... ok
test_gamepad_deadzone_disconnect_nan_and_mapping (__main__.InputAndModeTests.test_gamepad_deadzone_disconnect_nan_and_mapping) ... ok
test_r_escape_and_timeout_return_to_standing (__main__.InputAndModeTests.test_r_escape_and_timeout_return_to_standing) ... ok
test_space_and_a_conflict_rule_is_explicit (__main__.InputAndModeTests.test_space_and_a_conflict_rule_is_explicit) ... ok
test_w_s_a_d_q_e_signs_and_same_axis_latest_wins (__main__.InputAndModeTests.test_w_s_a_d_q_e_signs_and_same_axis_latest_wins) ... ok
test_gait_targets_are_finite_and_bounded (__main__.PdAndSafetyTests.test_gait_targets_are_finite_and_bounded) ... ok
test_nonfinite_feedback_forces_zero_torques (__main__.PdAndSafetyTests.test_nonfinite_feedback_forces_zero_torques) ... ok
test_pd_gains_and_limits_cover_all_joints (__main__.PdAndSafetyTests.test_pd_gains_and_limits_cover_all_joints) ... ok
test_active_and_passive_have_complete_12_axis_models (__main__.WorldIsolationTests.test_active_and_passive_have_complete_12_axis_models) ... ok
test_robot_model_differs_only_by_controller_and_active_spring (__main__.WorldIsolationTests.test_robot_model_differs_only_by_controller_and_active_spring) ... ok
test_worlds_are_isolated (__main__.WorldIsolationTests.test_worlds_are_isolated) ... ok

----------------------------------------------------------------------
Ran 13 tests in 0.045s

OK
【提示】键盘设备不可用，仅使用手柄: '_Keyboard' object has no attribute 'enable'
【提示】Webots Joystick 不可用，仅使用键盘: '_Joystick' object has no attribute 'enable'
========================================================================
CONTRACT official_mini_cheetah_flat_jump_v1
PHASE F0 TARGET 5000
DIMS obs=57 action=12 rate=50Hz
DEVICE cuda CUDA_VISIBLE_DEVICES=0
GPU NVIDIA GeForce RTX 4060 Laptop GPU
CHECKPOINT_DIR /run/media/pma213x/0C6A8CC86A8CAFCE/Ubuntu2/CodeU/Dog1/official-mini-cheetah/checkpoints/official_mini_cheetah_flat_jump_v1
TENSORBOARD_DIR /run/media/pma213x/0C6A8CC86A8CAFCE/Ubuntu2/CodeU/Dog1/official-mini-cheetah/runs/official_mini_cheetah_flat_jump_v1/F0
BRIDGE_PORT 11452
WEBOTS_GUI False
RESUME NONE
STATUS dry-run
========================================================================
DRYRUN_F0_EXIT=0
========================================================================
CONTRACT official_mini_cheetah_flat_jump_v1
PHASE F1 TARGET 350000
DIMS obs=57 action=12 rate=50Hz
DEVICE cuda CUDA_VISIBLE_DEVICES=0
GPU NVIDIA GeForce RTX 4060 Laptop GPU
CHECKPOINT_DIR /run/media/pma213x/0C6A8CC86A8CAFCE/Ubuntu2/CodeU/Dog1/official-mini-cheetah/checkpoints/official_mini_cheetah_flat_jump_v1
TENSORBOARD_DIR /run/media/pma213x/0C6A8CC86A8CAFCE/Ubuntu2/CodeU/Dog1/official-mini-cheetah/runs/official_mini_cheetah_flat_jump_v1/F1
BRIDGE_PORT 11452
WEBOTS_GUI False
RESUME NONE
STATUS dry-run
========================================================================
DRYRUN_F1_EXIT=0
========================================================================
CONTRACT official_mini_cheetah_flat_jump_v1
PHASE F2 TARGET 650000
DIMS obs=57 action=12 rate=50Hz
DEVICE cuda CUDA_VISIBLE_DEVICES=0
GPU NVIDIA GeForce RTX 4060 Laptop GPU
CHECKPOINT_DIR /run/media/pma213x/0C6A8CC86A8CAFCE/Ubuntu2/CodeU/Dog1/official-mini-cheetah/checkpoints/official_mini_cheetah_flat_jump_v1
TENSORBOARD_DIR /run/media/pma213x/0C6A8CC86A8CAFCE/Ubuntu2/CodeU/Dog1/official-mini-cheetah/runs/official_mini_cheetah_flat_jump_v1/F2
BRIDGE_PORT 11452
WEBOTS_GUI False
RESUME NONE
STATUS dry-run
========================================================================
DRYRUN_F2_EXIT=0
========================================================================
CONTRACT official_mini_cheetah_flat_jump_v1
PHASE F3 TARGET 1200000
DIMS obs=57 action=12 rate=50Hz
DEVICE cuda CUDA_VISIBLE_DEVICES=0
GPU NVIDIA GeForce RTX 4060 Laptop GPU
CHECKPOINT_DIR /run/media/pma213x/0C6A8CC86A8CAFCE/Ubuntu2/CodeU/Dog1/official-mini-cheetah/checkpoints/official_mini_cheetah_flat_jump_v1
TENSORBOARD_DIR /run/media/pma213x/0C6A8CC86A8CAFCE/Ubuntu2/CodeU/Dog1/official-mini-cheetah/runs/official_mini_cheetah_flat_jump_v1/F3
BRIDGE_PORT 11452
WEBOTS_GUI False
RESUME NONE
STATUS dry-run
========================================================================
DRYRUN_F3_EXIT=0
/usr/bin/python3 -m rl.train --phase F0 --total-steps 5000 --device cuda --ckptdir /run/media/pma213x/0C6A8CC86A8CAFCE/Ubuntu2/CodeU/Dog1/official-mini-cheetah/checkpoints/official_mini_cheetah_flat_jump_v1 --ckpt-prefix official_mini_cheetah_flat_jump_v1 --logdir /run/media/pma213x/0C6A8CC86A8CAFCE/Ubuntu2/CodeU/Dog1/official-mini-cheetah/runs/official_mini_cheetah_flat_jump_v1/F0_smoke --bridge-port 11452 --checkpoint-interval 50000 --randomization-mode full --webots-gui --seed 20261003
/usr/bin/python3 -m rl.train --phase F1 --total-steps 100000 --device cuda --ckptdir /run/media/pma213x/0C6A8CC86A8CAFCE/Ubuntu2/CodeU/Dog1/official-mini-cheetah/checkpoints/official_mini_cheetah_flat_jump_v1 --ckpt-prefix official_mini_cheetah_flat_jump_v1 --logdir /run/media/pma213x/0C6A8CC86A8CAFCE/Ubuntu2/CodeU/Dog1/official-mini-cheetah/runs/official_mini_cheetah_flat_jump_v1/F1A_fixed --bridge-port 11452 --checkpoint-interval 50000 --randomization-mode fixed --webots-gui --seed 20261003 --resume /run/media/pma213x/0C6A8CC86A8CAFCE/Ubuntu2/CodeU/Dog1/official-mini-cheetah/checkpoints/official_mini_cheetah_flat_jump_v1/official_mini_cheetah_flat_jump_v1_final.zip
/usr/bin/python3 -m rl.train --phase F1 --total-steps 350000 --device cuda --ckptdir /run/media/pma213x/0C6A8CC86A8CAFCE/Ubuntu2/CodeU/Dog1/official-mini-cheetah/checkpoints/official_mini_cheetah_flat_jump_v1 --ckpt-prefix official_mini_cheetah_flat_jump_v1 --logdir /run/media/pma213x/0C6A8CC86A8CAFCE/Ubuntu2/CodeU/Dog1/official-mini-cheetah/runs/official_mini_cheetah_flat_jump_v1/F1B_curriculum --bridge-port 11452 --checkpoint-interval 50000 --randomization-mode curriculum --webots-gui --seed 20261003 --resume /run/media/pma213x/0C6A8CC86A8CAFCE/Ubuntu2/CodeU/Dog1/official-mini-cheetah/checkpoints/official_mini_cheetah_flat_jump_v1/official_mini_cheetah_flat_jump_v1_final.zip
/usr/bin/python3 -m rl.train --phase F2 --total-steps 650000 --device cuda --ckptdir /run/media/pma213x/0C6A8CC86A8CAFCE/Ubuntu2/CodeU/Dog1/official-mini-cheetah/checkpoints/official_mini_cheetah_flat_jump_v1 --ckpt-prefix official_mini_cheetah_flat_jump_v1 --logdir /run/media/pma213x/0C6A8CC86A8CAFCE/Ubuntu2/CodeU/Dog1/official-mini-cheetah/runs/official_mini_cheetah_flat_jump_v1/F2_move --bridge-port 11452 --checkpoint-interval 50000 --randomization-mode full --webots-gui --seed 20261003 --resume /run/media/pma213x/0C6A8CC86A8CAFCE/Ubuntu2/CodeU/Dog1/official-mini-cheetah/checkpoints/official_mini_cheetah_flat_jump_v1/official_mini_cheetah_flat_jump_v1_final.zip
/usr/bin/python3 -m rl.train --phase F3 --total-steps 1200000 --device cuda --ckptdir /run/media/pma213x/0C6A8CC86A8CAFCE/Ubuntu2/CodeU/Dog1/official-mini-cheetah/checkpoints/official_mini_cheetah_flat_jump_v1 --ckpt-prefix official_mini_cheetah_flat_jump_v1 --logdir /run/media/pma213x/0C6A8CC86A8CAFCE/Ubuntu2/CodeU/Dog1/official-mini-cheetah/runs/official_mini_cheetah_flat_jump_v1/F3_jump --bridge-port 11452 --checkpoint-interval 50000 --randomization-mode full --webots-gui --seed 20261003 --resume /run/media/pma213x/0C6A8CC86A8CAFCE/Ubuntu2/CodeU/Dog1/official-mini-cheetah/checkpoints/official_mini_cheetah_flat_jump_v1/official_mini_cheetah_flat_jump_v1_final.zip
POSTURE_EXIT=0 TELEOP_EXIT=0 STAGE_DRYRUN_EXIT=0
