INFO: rl_agent: Starting controller: python3 -u rl_agent.py auto
RL_STANDALONE step=0 height=0.2724 rpy=[-1.7341839226767312e-05, -0.0001026817092045351, -0.0011965931326514737] contacts=4.0
RL_STANDALONE step=10 height=0.2720 rpy=[7.469273650405268e-06, -8.249524001781987e-05, -0.0014254227476319466] contacts=4.0
RL_STANDALONE step=20 height=0.2717 rpy=[2.650284741408171e-05, -6.973846830801754e-05, -0.0014763649686488941] contacts=4.0
RL_STANDALONE step=30 height=0.2715 rpy=[5.130538344409399e-05, -8.379924812760233e-05, -0.0014924804093841965] contacts=4.0
RL_STANDALONE step=40 height=0.2714 rpy=[4.1688393480760166e-05, -8.444554484511798e-05, -0.001500999907216027] contacts=4.0
INFO: rl_agent: Terminating.
WEBOTS_HEADLESS_EXIT=1
--- result ---
{
  "status": "FAIL",
  "mode": "smoke",
  "steps": 50,
  "height": 0.27143536849208616,
  "height_span": 0.0009644002054175482,
  "tilt": 4.797144386626866e-05,
  "contact_samples": 50,
  "obs_dim": 57,
  "action_dim": 12
}
