INFO: rl_agent: Starting controller: python3 -u rl_agent.py auto
RL_STANDALONE step=0 height=0.3889 rpy=[-4.736669750372357e-17, 6.70053773275567e-17, -8.912562715169145e-14] contacts=4.0
RL_STANDALONE step=10 height=0.3889 rpy=[-4.169110487608945e-18, 6.170887165464562e-18, -8.979198727362951e-14] contacts=4.0
RL_STANDALONE step=20 height=0.3889 rpy=[1.20311740204904e-17, 6.888600674870189e-17, -9.019079387131004e-14] contacts=4.0
RL_STANDALONE step=30 height=0.3889 rpy=[3.5264502331226305e-17, 1.4259203680966562e-16, -9.041903828435775e-14] contacts=4.0
RL_STANDALONE step=40 height=0.3889 rpy=[5.0291054896098835e-17, 9.231203303343751e-17, -9.051278951273417e-14] contacts=4.0
INFO: rl_agent: Terminating.
WEBOTS_HEADLESS_EXIT=0
--- result file ---
{
  "status": "PASS",
  "mode": "smoke",
  "steps": 50,
  "height": 0.3889191291836921,
  "height_span": 1.5783200157937216e-07,
  "tilt": 1.3676634059073067e-16,
  "contact_samples": 50,
  "obs_dim": 57,
  "action_dim": 12
}
