TensorFlow installation not found - running with reduced feature set.

NOTE: Using experimental fast data loading logic. To disable, pass
    "--load_fast=false" and report issues on GitHub. More details:
    https://github.com/tensorflow/tensorboard/issues/4784

TensorBoard 2.21.0 at http://127.0.0.1:6006/ (Press CTRL+C to quit)
W1001 23:29:26.775055 139697653257920 application.py:559] path /.well-known/appspecific/com.chrome.devtools.json not found, sending 404
W1001 23:29:27.316811 139697653257920 application.py:559] path /data/plugin/projector/standalone_bundle_no_vendor.js.map not found, sending 404
W1001 23:29:27.359582 139697653257920 application.py:559] path /chart_worker.js.map not found, sending 404
W1001 23:29:27.365736 139697653257920 application.py:559] path /chart_worker.js.map not found, sending 404
W1001 23:29:27.368007 139697653257920 application.py:559] path /chart_worker.js.map not found, sending 404
W1001 23:29:27.372226 139697653257920 application.py:559] path /chart_worker.js.map not found, sending 404
W1001 23:29:27.376794 139697653257920 application.py:559] path /chart_worker.js.map not found, sending 404
W1001 23:29:27.386420 139697653257920 application.py:559] path /chart_worker.js.map not found, sending 404
W1001 23:29:27.422910 139697653257920 application.py:559] path /content_cell_component.css.map not found, sending 404
W1001 23:29:27.426228 139696881522368 application.py:559] path /filter_input_component.css.map not found, sending 404
W1001 23:29:27.426684 139696889915072 application.py:559] path /card_fob_controller_component.css.map not found, sending 404
W1001 23:29:27.427740 139697686828736 application.py:559] path /runs_group_menu_button_component.css.map not found, sending 404
W1001 23:29:27.427964 139697670043328 application.py:559] path /line_chart_component.css.map not found, sending 404
W1001 23:29:27.427064 139696898307776 application.py:559] path /truncated_path_component.css.map not found, sending 404
W1001 23:29:27.428800 139697678436032 application.py:559] path /card_view_container.css.map not found, sending 404
W1001 23:29:27.432526 139697653257920 application.py:559] path /line_chart_interactive_view.css.map not found, sending 404
W1001 23:29:27.433179 139697661650624 application.py:559] path /metrics_container.css.map not found, sending 404
W1001 23:29:27.435425 139696881522368 application.py:559] path /card_fob_component.css.map not found, sending 404
W1001 23:29:27.436723 139697653257920 application.py:559] path /app_container.css.map not found, sending 404
W1001 23:29:27.437513 139697678436032 application.py:559] path /filterbar_component.css.map not found, sending 404
W1001 23:29:27.439285 139697670043328 application.py:559] path /header_component.css.map not found, sending 404
W1001 23:29:27.439800 139697661650624 application.py:559] path /scalar_card_data_table.css.map not found, sending 404
W1001 23:29:27.441090 139697653257920 application.py:559] path /plugin_selector_component.css.map not found, sending 404
W1001 23:29:27.441886 139697678436032 application.py:559] path /line_chart_axis_view.css.map not found, sending 404
W1001 23:29:27.442866 139696881522368 application.py:559] path /data_table_component.css.map not found, sending 404
W1001 23:29:27.444042 139696898307776 application.py:559] path /header_cell_component.css.map not found, sending 404
W1001 23:29:27.445159 139697670043328 application.py:559] path /plugins_component.css.map not found, sending 404
W1001 23:29:27.446313 139697653257920 application.py:559] path /main_view_component.css.map not found, sending 404
W1001 23:29:27.447362 139696881522368 application.py:559] path /styles.css.map not found, sending 404
W1001 23:29:27.448352 139696898307776 application.py:559] path /layout_container.css.map not found, sending 404
W1001 23:29:27.449106 139697678436032 application.py:559] path /runs_data_table.css.map not found, sending 404
W1001 23:29:27.450765 139696881522368 application.py:559] path /card_group_toolbar_component.css.map not found, sending 404
W1001 23:29:27.451193 139696898307776 application.py:559] path /card_grid_component.css.map not found, sending 404
W1001 23:29:27.452873 139697678436032 application.py:559] path /data_table_header_component.css.map not found, sending 404
W1001 23:29:27.452282 139697670043328 application.py:559] path /scalar_card_fob_controller.css.map not found, sending 404
W1001 23:29:27.455031 139697653257920 application.py:559] path /card_groups_component.css.map not found, sending 404
W1001 23:29:27.455797 139696881522368 application.py:559] path /vis_linked_time_selection_warning_component.css.map not found, sending 404
W1001 23:29:27.457726 139697661650624 application.py:559] path /debugger_component.css.map not found, sending 404
W1001 23:29:27.460157 139697670043328 application.py:559] path /filter_input_component.css.map not found, sending 404
W1001 23:29:27.461242 139696881522368 application.py:559] path /scalar_card_component.css.map not found, sending 404
W1001 23:29:27.462611 139697661650624 application.py:559] path /pinned_view_component.css.map not found, sending 404
TensorBoard caught SIGTERM; exiting...
