/home/pma213x/.local/lib/python3.14/site-packages/stable_baselines3/common/on_policy_algorithm.py:150: UserWarning: You are trying to run PPO on the GPU, but it is primarily intended to run on the CPU when not using a CNN policy (you are using ActorCriticPolicy which should be a MlpPolicy). See https://github.com/DLR-RM/stable-baselines3/issues/1245 for more info. You can pass `device='cpu'` or `export CUDA_VISIBLE_DEVICES=` to force using the CPU.Note: The model will train, but the GPU utilization will be poor and the training might take longer than on CPU.
  warnings.warn(
[2026-10-04T14:50:58+0800] R2 复用断点 steps=450000
[2026-10-04T14:50:58+0800] F1 启动：/usr/bin/python3 -m rl.train --phase F1 --total-steps 2000000 --device cuda --ckptdir /run/media/pma213x/0C6A8CC86A8CAFCE/Ubuntu2/CodeU/Dog1/official-mini-cheetah/checkpoints/official_mini_cheetah_flat_jump_v1_r2 --ckpt-prefix official_mini_cheetah_flat_jump_v1_r2 --logdir /run/media/pma213x/0C6A8CC86A8CAFCE/Ubuntu2/CodeU/Dog1/official-mini-cheetah/runs/official_mini_cheetah_flat_jump_v1_r2/F1_parallel --bridge-port 11452 --num-envs 4 --checkpoint-interval 50000 --randomization-mode full --webots-gui --seed 20261003 --resume /run/media/pma213x/0C6A8CC86A8CAFCE/Ubuntu2/CodeU/Dog1/official-mini-cheetah/checkpoints/official_mini_cheetah_flat_jump_v1_r2/official_mini_cheetah_flat_jump_v1_r2_450000_steps.zip
[2026-10-04T14:51:02+0800] F1 四 worker 实时健康确认通过
/home/pma213x/.local/lib/python3.14/site-packages/stable_baselines3/common/on_policy_algorithm.py:150: UserWarning: You are trying to run PPO on the GPU, but it is primarily intended to run on the CPU when not using a CNN policy (you are using ActorCriticPolicy which should be a MlpPolicy). See https://github.com/DLR-RM/stable-baselines3/issues/1245 for more info. You can pass `device='cpu'` or `export CUDA_VISIBLE_DEVICES=` to force using the CPU.Note: The model will train, but the GPU utilization will be poor and the training might take longer than on CPU.
  warnings.warn(
[2026-10-04T15:42:31+0800] F1 验收命令：/usr/bin/python3 -m rl.evaluate --phase F1 --gate --checkpoint /run/media/pma213x/0C6A8CC86A8CAFCE/Ubuntu2/CodeU/Dog1/official-mini-cheetah/checkpoints/official_mini_cheetah_flat_jump_v1_r2/official_mini_cheetah_flat_jump_v1_r2_final.zip --output /run/media/pma213x/0C6A8CC86A8CAFCE/Ubuntu2/CodeU/Dog1/official-mini-cheetah/logs/official_mini_cheetah_flat_jump_v1_r2/F1_gate_attempt_0.json
/home/pma213x/.local/lib/python3.14/site-packages/stable_baselines3/common/on_policy_algorithm.py:150: UserWarning: You are trying to run PPO on the GPU, but it is primarily intended to run on the CPU when not using a CNN policy (you are using ActorCriticPolicy which should be a MlpPolicy). See https://github.com/DLR-RM/stable-baselines3/issues/1245 for more info. You can pass `device='cpu'` or `export CUDA_VISIBLE_DEVICES=` to force using the CPU.Note: The model will train, but the GPU utilization will be poor and the training might take longer than on CPU.
  warnings.warn(
Traceback (most recent call last):
  File "/run/media/pma213x/0C6A8CC86A8CAFCE/Ubuntu2/CodeU/Dog1/official-mini-cheetah/rl/env.py", line 239, in accept_bridge
    connection, _address = self._server.accept()
                           ~~~~~~~~~~~~~~~~~~~^^
  File "/usr/lib/python3.14/socket.py", line 298, in accept
    fd, addr = self._accept()
               ~~~~~~~~~~~~^^
TimeoutError: timed out

The above exception was the direct cause of the following exception:

Traceback (most recent call last):
  File "<frozen runpy>", line 198, in _run_module_as_main
  File "<frozen runpy>", line 88, in _run_code
  File "/run/media/pma213x/0C6A8CC86A8CAFCE/Ubuntu2/CodeU/Dog1/official-mini-cheetah/rl/evaluate.py", line 232, in <module>
    raise SystemExit(main())
                     ~~~~^^
  File "/run/media/pma213x/0C6A8CC86A8CAFCE/Ubuntu2/CodeU/Dog1/official-mini-cheetah/rl/evaluate.py", line 196, in main
    env = MiniCheetahFlatJumpEnv(
        phase=args.phase,
    ...<6 lines>...
        birth_position=contract.EVAL_BIRTH_POSITION,
    )
  File "/run/media/pma213x/0C6A8CC86A8CAFCE/Ubuntu2/CodeU/Dog1/official-mini-cheetah/rl/env.py", line 124, in __init__
    self._start_bridge()
    ~~~~~~~~~~~~~~~~~~^^
  File "/run/media/pma213x/0C6A8CC86A8CAFCE/Ubuntu2/CodeU/Dog1/official-mini-cheetah/rl/env.py", line 267, in _start_bridge
    self.accept_bridge()
    ~~~~~~~~~~~~~~~~~~^^
  File "/run/media/pma213x/0C6A8CC86A8CAFCE/Ubuntu2/CodeU/Dog1/official-mini-cheetah/rl/env.py", line 242, in accept_bridge
    raise TimeoutError("等待 RL controller 连接超时") from exc
TimeoutError: 等待 RL controller 连接超时
[2026-10-04T15:44:13+0800] 失败即停：F1 gate 技术故障，退出码=1，无有效报告
