launch
webots_pid=2433905
window=10490071 loops=3
WARNING: “/run/media/pma213x/0C6A8CC86A8CAFCE/Ubuntu2/CodeU/Dog1/webots-sim/worlds/parkour.wbt”：发现重复 Viewpoint 节点。
WARNING: “/run/media/pma213x/0C6A8CC86A8CAFCE/Ubuntu2/CodeU/Dog1/webots-sim/worlds/parkour.wbt”：发现重复 Viewpoint 节点。
WARNING: “/run/media/pma213x/0C6A8CC86A8CAFCE/Ubuntu2/CodeU/Dog1/webots-sim/worlds/parkour.wbt”：发现重复 Viewpoint 节点。
WARNING: “/run/media/pma213x/0C6A8CC86A8CAFCE/Ubuntu2/CodeU/Dog1/webots-sim/worlds/parkour.wbt”：发现重复 Viewpoint 节点。
INFO: manual_control: Starting controller: /run/media/pma213x/0C6A8CC86A8CAFCE/Ubuntu2/CodeU/Dog1/webots-sim/controllers/manual_control/manual_control
=== Manual Control Controller（手动遥控）===
目标机型：YoboGo-10S（MAX_TORQUE=18, 站立高度=0.26, 腿长 0.14+0.12）
──────────── 按键表 ────────────
  W / S        前进 vx=+0.6 / 后退 vx=-0.3 m/s
  A / D        左移 vy=+0.3 / 右移 vy=-0.3 m/s
  Q / E        左转 wz=+1.0 / 右转 wz=-1.0 rad/s
  Shift(按住)  快跑：步频×1.6 步幅×1.3 速度上限×1.3
  Space        跳跃（下蹲→蹬地→空中→着地，不可叠加）
  R            复位（回站立，清速度）
  Esc / 无键   速度滑回 0（一阶低通 τ=0.3s）
──────────── 手柄 ────────────
  左摇杆 X/Y   平移 vy / 前进 vx
  右摇杆 X     转向 wz
  A 钮         跳跃    B 钮：复位
────────────────────────────────
每 500ms 打印状态：【手动】vx=.. vy=.. wz=..
==========================================
【手柄】/dev/input/js0 不存在，跳过手柄输入（仅用键盘）
【手动】vx=0.00 vy=0.00 wz=0.00 速度档=正常 模式=站 站立高度=0.260
【关节】FR_hip=1.000 FR_kn=0.491 FL_hip=1.000 FL_kn=0.491 HR_hip=-1.000 HR_kn=-0.491 HL_hip=-1.000 HL_kn=-0.491
【手动】vx=0.00 vy=0.00 wz=0.00 速度档=正常 模式=站 站立高度=0.260
【关节】FR_hip=1.000 FR_kn=0.484 FL_hip=1.000 FL_kn=0.484 HR_hip=-1.000 HR_kn=-0.484 HL_hip=-1.000 HL_kn=-0.484
【手动】vx=0.00 vy=0.00 wz=0.00 速度档=正常 模式=站 站立高度=0.260
【关节】FR_hip=1.000 FR_kn=0.484 FL_hip=1.000 FL_kn=0.484 HR_hip=-1.000 HR_kn=-0.484 HL_hip=-1.000 HL_kn=-0.484
【手动】vx=0.00 vy=0.00 wz=0.00 速度档=正常 模式=站 站立高度=0.260
【关节】FR_hip=1.000 FR_kn=0.484 FL_hip=1.000 FL_kn=0.484 HR_hip=-1.000 HR_kn=-0.484 HL_hip=-1.000 HL_kn=-0.484
【手动】vx=0.00 vy=0.00 wz=0.00 速度档=正常 模式=站 站立高度=0.260
【关节】FR_hip=1.000 FR_kn=0.484 FL_hip=1.000 FL_kn=0.484 HR_hip=-1.000 HR_kn=-0.484 HL_hip=-1.000 HL_kn=-0.484
【手动】vx=0.00 vy=0.00 wz=0.00 速度档=正常 模式=站 站立高度=0.260
【关节】FR_hip=1.000 FR_kn=0.484 FL_hip=1.000 FL_kn=0.484 HR_hip=-1.000 HR_kn=-0.484 HL_hip=-1.000 HL_kn=-0.484
【手动】vx=0.00 vy=0.00 wz=0.00 速度档=正常 模式=站 站立高度=0.260
【关节】FR_hip=1.000 FR_kn=0.484 FL_hip=1.000 FL_kn=0.484 HR_hip=-1.000 HR_kn=-0.484 HL_hip=-1.000 HL_kn=-0.484
【手动】vx=0.00 vy=0.00 wz=0.00 速度档=正常 模式=站 站立高度=0.260
【关节】FR_hip=1.000 FR_kn=0.484 FL_hip=1.000 FL_kn=0.484 HR_hip=-1.000 HR_kn=-0.484 HL_hip=-1.000 HL_kn=-0.484
【手动】vx=0.00 vy=0.00 wz=0.00 速度档=正常 模式=站 站立高度=0.260
【关节】FR_hip=1.000 FR_kn=0.484 FL_hip=1.000 FL_kn=0.484 HR_hip=-1.000 HR_kn=-0.484 HL_hip=-1.000 HL_kn=-0.484
【手动】vx=0.00 vy=0.00 wz=0.00 速度档=正常 模式=站 站立高度=0.260
【关节】FR_hip=1.000 FR_kn=0.484 FL_hip=1.000 FL_kn=0.484 HR_hip=-1.000 HR_kn=-0.484 HL_hip=-1.000 HL_kn=-0.484
【手动】vx=0.00 vy=0.00 wz=0.00 速度档=正常 模式=站 站立高度=0.260
【关节】FR_hip=1.000 FR_kn=0.484 FL_hip=1.000 FL_kn=0.484 HR_hip=-1.000 HR_kn=-0.484 HL_hip=-1.000 HL_kn=-0.484
【手动】vx=0.00 vy=0.00 wz=0.00 速度档=正常 模式=站 站立高度=0.260
【关节】FR_hip=1.000 FR_kn=0.484 FL_hip=1.000 FL_kn=0.484 HR_hip=-1.000 HR_kn=-0.484 HL_hip=-1.000 HL_kn=-0.484
【手动】vx=0.00 vy=0.00 wz=0.00 速度档=正常 模式=站 站立高度=0.260
【关节】FR_hip=1.000 FR_kn=0.484 FL_hip=1.000 FL_kn=0.484 HR_hip=-1.000 HR_kn=-0.484 HL_hip=-1.000 HL_kn=-0.484
【手动】vx=0.00 vy=0.00 wz=0.00 速度档=正常 模式=站 站立高度=0.260
【关节】FR_hip=1.000 FR_kn=0.484 FL_hip=1.000 FL_kn=0.484 HR_hip=-1.000 HR_kn=-0.484 HL_hip=-1.000 HL_kn=-0.484
【手动】vx=0.00 vy=0.00 wz=0.00 速度档=正常 模式=站 站立高度=0.260
【关节】FR_hip=1.000 FR_kn=0.484 FL_hip=1.000 FL_kn=0.484 HR_hip=-1.000 HR_kn=-0.484 HL_hip=-1.000 HL_kn=-0.484
【手动】vx=0.00 vy=0.00 wz=0.00 速度档=正常 模式=站 站立高度=0.260
【关节】FR_hip=1.000 FR_kn=0.484 FL_hip=1.000 FL_kn=0.484 HR_hip=-1.000 HR_kn=-0.484 HL_hip=-1.000 HL_kn=-0.484
【手动】vx=0.00 vy=0.00 wz=0.00 速度档=正常 模式=站 站立高度=0.260
【关节】FR_hip=1.000 FR_kn=0.484 FL_hip=1.000 FL_kn=0.484 HR_hip=-1.000 HR_kn=-0.484 HL_hip=-1.000 HL_kn=-0.484
【手动】vx=0.00 vy=0.00 wz=0.00 速度档=正常 模式=站 站立高度=0.260
【关节】FR_hip=1.000 FR_kn=0.484 FL_hip=1.000 FL_kn=0.484 HR_hip=-1.000 HR_kn=-0.484 HL_hip=-1.000 HL_kn=-0.484
【手动】vx=0.00 vy=0.00 wz=0.00 速度档=正常 模式=站 站立高度=0.260
【关节】FR_hip=1.000 FR_kn=0.484 FL_hip=1.000 FL_kn=0.484 HR_hip=-1.000 HR_kn=-0.484 HL_hip=-1.000 HL_kn=-0.484
【手动】vx=0.00 vy=0.00 wz=0.00 速度档=正常 模式=站 站立高度=0.260
【关节】FR_hip=1.000 FR_kn=0.484 FL_hip=1.000 FL_kn=0.484 HR_hip=-1.000 HR_kn=-0.484 HL_hip=-1.000 HL_kn=-0.484
INFO: manual_control: Terminating.
WARNING: manual_control: 成功移动一段时间后进程崩溃。
WARNING: “manual_control”控制器崩溃。
webots_exit=124
