[2026-10-04T23:15:00+0800] R3 新训练断点 steps=0
[2026-10-04T23:15:00+0800] P0 启动：/usr/bin/python3 -m rl.train --phase P0 --total-steps 10000 --device cuda --ckptdir /run/media/pma213x/0C6A8CC86A8CAFCE/Ubuntu2/CodeU/Dog1/official-mini-cheetah/checkpoints/official_mini_cheetah_flat_jump_v1_r3 --ckpt-prefix official_mini_cheetah_flat_jump_v1_r3 --logdir /run/media/pma213x/0C6A8CC86A8CAFCE/Ubuntu2/CodeU/Dog1/official-mini-cheetah/runs/official_mini_cheetah_flat_jump_v1_r3/P0_parallel --bridge-port 11452 --num-envs 4 --checkpoint-interval 20000 --randomization-mode fixed --webots-gui --seed 20261003
[2026-10-04T23:15:04+0800] P0 四 worker 实时健康确认通过
/home/pma213x/.local/lib/python3.14/site-packages/stable_baselines3/common/on_policy_algorithm.py:150: UserWarning: You are trying to run PPO on the GPU, but it is primarily intended to run on the CPU when not using a CNN policy (you are using ActorCriticPolicy which should be a MlpPolicy). See https://github.com/DLR-RM/stable-baselines3/issues/1245 for more info. You can pass `device='cpu'` or `export CUDA_VISIBLE_DEVICES=` to force using the CPU.Note: The model will train, but the GPU utilization will be poor and the training might take longer than on CPU.
  warnings.warn(
[2026-10-04T23:16:15+0800] P0 验收命令：/usr/bin/python3 -m rl.evaluate --phase P0 --gate --checkpoint /run/media/pma213x/0C6A8CC86A8CAFCE/Ubuntu2/CodeU/Dog1/official-mini-cheetah/checkpoints/official_mini_cheetah_flat_jump_v1_r3/official_mini_cheetah_flat_jump_v1_r3_final.zip --output /run/media/pma213x/0C6A8CC86A8CAFCE/Ubuntu2/CodeU/Dog1/official-mini-cheetah/logs/official_mini_cheetah_flat_jump_v1_r3/P0_gate_attempt_0.json
/home/pma213x/.local/lib/python3.14/site-packages/stable_baselines3/common/on_policy_algorithm.py:150: UserWarning: You are trying to run PPO on the GPU, but it is primarily intended to run on the CPU when not using a CNN policy (you are using ActorCriticPolicy which should be a MlpPolicy). See https://github.com/DLR-RM/stable-baselines3/issues/1245 for more info. You can pass `device='cpu'` or `export CUDA_VISIBLE_DEVICES=` to force using the CPU.Note: The model will train, but the GPU utilization will be poor and the training might take longer than on CPU.
  warnings.warn(
Traceback (most recent call last):
  File "/run/media/pma213x/0C6A8CC86A8CAFCE/Ubuntu2/CodeU/Dog1/official-mini-cheetah/rl/env.py", line 248, in accept_bridge
    connection, _address = self._server.accept()
                           ~~~~~~~~~~~~~~~~~~~^^
  File "/usr/lib/python3.14/socket.py", line 298, in accept
    fd, addr = self._accept()
               ~~~~~~~~~~~~^^
TimeoutError: timed out

The above exception was the direct cause of the following exception:

Traceback (most recent call last):
  File "<frozen runpy>", line 198, in _run_module_as_main
  File "<frozen runpy>", line 88, in _run_code
  File "/run/media/pma213x/0C6A8CC86A8CAFCE/Ubuntu2/CodeU/Dog1/official-mini-cheetah/rl/evaluate.py", line 826, in <module>
    raise SystemExit(main())
                     ~~~~^^
  File "/run/media/pma213x/0C6A8CC86A8CAFCE/Ubuntu2/CodeU/Dog1/official-mini-cheetah/rl/evaluate.py", line 805, in main
    env = start_eval_environment(args)
  File "/run/media/pma213x/0C6A8CC86A8CAFCE/Ubuntu2/CodeU/Dog1/official-mini-cheetah/rl/evaluate.py", line 781, in start_eval_environment
    env.accept_bridge()
    ~~~~~~~~~~~~~~~~~^^
  File "/run/media/pma213x/0C6A8CC86A8CAFCE/Ubuntu2/CodeU/Dog1/official-mini-cheetah/rl/env.py", line 251, in accept_bridge
    raise TimeoutError(
        "webots_connection_failed: 等待 RL controller 连接超时"
    ) from exc
TimeoutError: webots_connection_failed: 等待 RL controller 连接超时
[2026-10-04T23:16:38+0800] 失败即停：P0 gate 技术故障，退出码=1，无有效报告
