The specified robot (at /tmp/webots/pma213x/1234/ipc/mini_cheetah_0/extern) is not in the list of robots with <extern> controllers, retrying for another 50 seconds...
RL_CONTROLLER_CONNECTED host=127.0.0.1 port=11452 worker_id=0 robot_name=mini_cheetah_0 timestep=4 contract=official_mini_cheetah_flat_jump_v1_r3
RL_CONTROLLER_ERROR NameError: name 'values' is not defined
Traceback (most recent call last):
  File "/run/media/pma213x/0C6A8CC86A8CAFCE/Ubuntu2/CodeU/Dog1/official-mini-cheetah/controllers/rl_agent/./rl_agent.py", line 890, in main
    return controller.tcp_loop()
           ~~~~~~~~~~~~~~~~~~~^^
  File "/run/media/pma213x/0C6A8CC86A8CAFCE/Ubuntu2/CodeU/Dog1/official-mini-cheetah/controllers/rl_agent/./rl_agent.py", line 748, in tcp_loop
    self.reset_robot(
    ~~~~~~~~~~~~~~~~^
        message.get("randomization", {}),
        ^^^^^^^^^^^^^^^^^^^^^^^^^^^^^^^^^
        reset_style=str(message.get("reset_style", "settle")),
        ^^^^^^^^^^^^^^^^^^^^^^^^^^^^^^^^^^^^^^^^^^^^^^^^^^^^^^
        perturbation=message.get("perturbation"),
        ^^^^^^^^^^^^^^^^^^^^^^^^^^^^^^^^^^^^^^^^^
    )
    ^
  File "/run/media/pma213x/0C6A8CC86A8CAFCE/Ubuntu2/CodeU/Dog1/official-mini-cheetah/controllers/rl_agent/./rl_agent.py", line 354, in reset_robot
    external_impulse = values.get("external_impulse", (0.0, 0.0, 0.0))
                       ^^^^^^
NameError: name 'values' is not defined
