========================================================================
【配置】yobogo_flat_jump_v1
  阶段              : F0 冒烟
  累计目标步数      : 5000
  观测/动作维度     : 57 / 12
  控制频率          : 50 Hz
  计算设备          : cuda（CUDA_VISIBLE_DEVICES=0，禁止 CPU）
  checkpoint 前缀   : yobogo_flat_jump_v1
  checkpoint 目录   : checkpoints/yobogo_flat_jump_v1
  TensorBoard 目录  : runs/yobogo_flat_jump_v1/F0_冒烟
  TCP 桥端口        : 11451
  地域随机化        : full
  PPO               : lr=0.0003 clip=0.2 epochs=10
  续训 checkpoint   : （否）
  训练状态          : 未启动（dry-run）
========================================================================
PHASE_F0_EXIT=0
========================================================================
【配置】yobogo_flat_jump_v1
  阶段              : F1 稳定
  累计目标步数      : 350000
  观测/动作维度     : 57 / 12
  控制频率          : 50 Hz
  计算设备          : cuda（CUDA_VISIBLE_DEVICES=0，禁止 CPU）
  checkpoint 前缀   : yobogo_flat_jump_v1
  checkpoint 目录   : checkpoints/yobogo_flat_jump_v1
  TensorBoard 目录  : runs/yobogo_flat_jump_v1/F1_稳定
  TCP 桥端口        : 11451
  地域随机化        : full
  PPO               : lr=0.0001 clip=0.1 epochs=5
  续训 checkpoint   : （否）
  训练状态          : 未启动（dry-run）
========================================================================
PHASE_F1_EXIT=0
========================================================================
【配置】yobogo_flat_jump_v1
  阶段              : F2 移动
  累计目标步数      : 650000
  观测/动作维度     : 57 / 12
  控制频率          : 50 Hz
  计算设备          : cuda（CUDA_VISIBLE_DEVICES=0，禁止 CPU）
  checkpoint 前缀   : yobogo_flat_jump_v1
  checkpoint 目录   : checkpoints/yobogo_flat_jump_v1
  TensorBoard 目录  : runs/yobogo_flat_jump_v1/F2_移动
  TCP 桥端口        : 11451
  地域随机化        : full
  PPO               : lr=0.0003 clip=0.2 epochs=10
  续训 checkpoint   : （否）
  训练状态          : 未启动（dry-run）
========================================================================
PHASE_F2_EXIT=0
========================================================================
【配置】yobogo_flat_jump_v1
  阶段              : F3 跳跃整合
  累计目标步数      : 1200000
  观测/动作维度     : 57 / 12
  控制频率          : 50 Hz
  计算设备          : cuda（CUDA_VISIBLE_DEVICES=0，禁止 CPU）
  checkpoint 前缀   : yobogo_flat_jump_v1
  checkpoint 目录   : checkpoints/yobogo_flat_jump_v1
  TensorBoard 目录  : runs/yobogo_flat_jump_v1/F3_跳跃整合
  TCP 桥端口        : 11451
  地域随机化        : full
  PPO               : lr=0.0003 clip=0.2 epochs=10
  续训 checkpoint   : （否）
  训练状态          : 未启动（dry-run）
========================================================================
PHASE_F3_EXIT=0
CUDA_DRY_RUN_EXIT=0
