INFO: joint_sweep_test: Starting controller: python3 -u joint_sweep_test.py
[开始] 关节=fr_abd_motor 时间=0.008000 目标=0.000000 实际=0.098135 路径=0→min→0→max→0 速度=0.200000
[到位] 关节=fr_abd_motor 时间=3.008000 目标=-0.600000 实际=-0.587119
[结束] 关节=fr_abd_motor 时间=3.008000 目标=-0.600000 实际=-0.587119
[端点保持开始] 关节=fr_abd_motor 时间=3.008000 目标=-0.600000 实际=-0.587119
[端点保持结束] 关节=fr_abd_motor 时间=3.508000 目标=-0.600000 实际=-0.600006 保持=0.500000
[开始] 关节=fr_abd_motor 时间=3.508000 目标=-0.600000 实际=-0.600006
[到位] 关节=fr_abd_motor 时间=6.712000 目标=0.000000 实际=-0.048856
[结束] 关节=fr_abd_motor 时间=6.712000 目标=0.000000 实际=-0.048856
[开始] 关节=fr_abd_motor 时间=6.712000 目标=0.000000 实际=-0.048856
[到位] 关节=fr_abd_motor 时间=11.900000 目标=0.600000 实际=0.551330
[结束] 关节=fr_abd_motor 时间=11.900000 目标=0.600000 实际=0.551330
[端点保持开始] 关节=fr_abd_motor 时间=11.900000 目标=0.600000 实际=0.551330
[端点保持结束] 关节=fr_abd_motor 时间=13.780000 目标=0.600000 实际=0.551281 保持=0.500000
[开始] 关节=fr_abd_motor 时间=13.780000 目标=0.600000 实际=0.551281
[到位] 关节=fr_abd_motor 时间=17.232000 目标=0.000000 实际=-0.049001
[结束] 关节=fr_abd_motor 时间=17.232000 目标=0.000000 实际=-0.049001
[开始] 关节=fr_hip_motor 时间=17.232000 目标=0.000000 实际=1.000440
[到位] 关节=fr_hip_motor 时间=29.148000 目标=-1.000000 实际=-0.950025
[结束] 关节=fr_hip_motor 时间=29.148000 目标=-1.000000 实际=-0.950025
[端点保持开始] 关节=fr_hip_motor 时间=29.148000 目标=-1.000000 实际=-0.950025
[端点保持结束] 关节=fr_hip_motor 时间=31.028000 目标=-1.000000 实际=-0.952390 保持=0.500000
[开始] 关节=fr_hip_motor 时间=31.028000 目标=-1.000000 实际=-0.952390
[到位] 关节=fr_hip_motor 时间=36.028000 目标=0.000000 实际=-0.019994
[结束] 关节=fr_hip_motor 时间=36.028000 目标=0.000000 实际=-0.019994
[开始] 关节=fr_hip_motor 时间=36.028000 目标=0.000000 实际=-0.019994
[到位] 关节=fr_hip_motor 时间=41.028000 目标=1.000000 实际=0.980006
[结束] 关节=fr_hip_motor 时间=41.028000 目标=1.000000 实际=0.980006
[端点保持开始] 关节=fr_hip_motor 时间=41.028000 目标=1.000000 实际=0.980006
[端点保持结束] 关节=fr_hip_motor 时间=41.528000 目标=1.000000 实际=0.999885 保持=0.500000
[开始] 关节=fr_hip_motor 时间=41.528000 目标=1.000000 实际=0.999885
[到位] 关节=fr_hip_motor 时间=46.528000 目标=0.000000 实际=0.020005
[结束] 关节=fr_hip_motor 时间=46.528000 目标=0.000000 实际=0.020005
[开始] 关节=fr_kn_motor 时间=46.528000 目标=0.000000 实际=0.000003
[到位] 关节=fr_kn_motor 时间=51.528000 目标=-1.000000 实际=-0.979987
[结束] 关节=fr_kn_motor 时间=51.528000 目标=-1.000000 实际=-0.979987
[端点保持开始] 关节=fr_kn_motor 时间=51.528000 目标=-1.000000 实际=-0.979987
[端点保持结束] 关节=fr_kn_motor 时间=52.028000 目标=-1.000000 实际=-0.992319 保持=0.500000
[开始] 关节=fr_kn_motor 时间=52.028000 目标=-1.000000 实际=-0.992319
[到位] 关节=fr_kn_motor 时间=57.028000 目标=0.000000 实际=-0.019999
[结束] 关节=fr_kn_motor 时间=57.028000 目标=0.000000 实际=-0.019999
[开始] 关节=fr_kn_motor 时间=57.028000 目标=0.000000 实际=-0.019999
[到位] 关节=fr_kn_motor 时间=62.028000 目标=1.000000 实际=0.980000
[结束] 关节=fr_kn_motor 时间=62.028000 目标=1.000000 实际=0.980000
[端点保持开始] 关节=fr_kn_motor 时间=62.028000 目标=1.000000 实际=0.980000
[端点保持结束] 关节=fr_kn_motor 时间=62.528000 目标=1.000000 实际=0.999880 保持=0.500000
[开始] 关节=fr_kn_motor 时间=62.528000 目标=1.000000 实际=0.999880
[到位] 关节=fr_kn_motor 时间=67.528000 目标=0.000000 实际=0.020001
[结束] 关节=fr_kn_motor 时间=67.528000 目标=0.000000 实际=0.020001
[开始] 关节=fl_abd_motor 时间=67.528000 目标=0.000000 实际=-0.047320
[到位] 关节=fl_abd_motor 时间=70.528000 目标=-0.600000 实际=-0.579997
[结束] 关节=fl_abd_motor 时间=70.528000 目标=-0.600000 实际=-0.579997
[端点保持开始] 关节=fl_abd_motor 时间=70.528000 目标=-0.600000 实际=-0.579997
[端点保持结束] 关节=fl_abd_motor 时间=71.028000 目标=-0.600000 实际=-0.599877 保持=0.500000
[开始] 关节=fl_abd_motor 时间=71.028000 目标=-0.600000 实际=-0.599877
[到位] 关节=fl_abd_motor 时间=74.028000 目标=0.000000 实际=-0.020002
[结束] 关节=fl_abd_motor 时间=74.028000 目标=0.000000 实际=-0.020002
[开始] 关节=fl_abd_motor 时间=74.028000 目标=0.000000 实际=-0.020002
[到位] 关节=fl_abd_motor 时间=77.028000 目标=0.600000 实际=0.579998
[结束] 关节=fl_abd_motor 时间=77.028000 目标=0.600000 实际=0.579998
[端点保持开始] 关节=fl_abd_motor 时间=77.028000 目标=0.600000 实际=0.579998
[端点保持结束] 关节=fl_abd_motor 时间=77.528000 目标=0.600000 实际=0.599879 保持=0.500000
[开始] 关节=fl_abd_motor 时间=77.528000 目标=0.600000 实际=0.599879
[到位] 关节=fl_abd_motor 时间=80.528000 目标=0.000000 实际=0.020003
[结束] 关节=fl_abd_motor 时间=80.528000 目标=0.000000 实际=0.020003
[开始] 关节=fl_hip_motor 时间=80.528000 目标=0.000000 实际=0.034741
[停止并保持] 关节=fl_hip_motor 时间=93.312000 目标=-1.000000 实际=-0.410209 原因=位置误差超时 误差=0.589791 阈值=0.050000 持续=10.000000 超时=10.000000
INFO: 'joint_sweep_test' controller exited successfully.
