INFO: joint_sweep_test: Starting controller: python3 -u joint_sweep_test.py
[开始] 关节=fr_abd_motor 时间=0.008000 目标=0.000000 实际=0.000002 路径=0→min→0→max→0 速度=0.200000
[到位] 关节=fr_abd_motor 时间=3.008000 目标=-0.600000 实际=-0.580003
[结束] 关节=fr_abd_motor 时间=3.008000 目标=-0.600000 实际=-0.580003
[端点保持开始] 关节=fr_abd_motor 时间=3.008000 目标=-0.600000 实际=-0.580003
[端点保持结束] 关节=fr_abd_motor 时间=3.508000 目标=-0.600000 实际=-0.599891 保持=0.500000
[开始] 关节=fr_abd_motor 时间=3.508000 目标=-0.600000 实际=-0.599891
[到位] 关节=fr_abd_motor 时间=7.600000 目标=0.000000 实际=-0.043631
[结束] 关节=fr_abd_motor 时间=7.600000 目标=0.000000 实际=-0.043631
[开始] 关节=fr_abd_motor 时间=7.600000 目标=0.000000 实际=-0.043631
[到位] 关节=fr_abd_motor 时间=10.784000 目标=0.600000 实际=0.565510
[结束] 关节=fr_abd_motor 时间=10.784000 目标=0.600000 实际=0.565510
[端点保持开始] 关节=fr_abd_motor 时间=10.784000 目标=0.600000 实际=0.565510
[端点保持结束] 关节=fr_abd_motor 时间=11.320000 目标=0.600000 实际=0.551159 保持=0.500000
[开始] 关节=fr_abd_motor 时间=11.320000 目标=0.600000 实际=0.551159
[到位] 关节=fr_abd_motor 时间=14.320000 目标=0.000000 实际=-0.036790
[结束] 关节=fr_abd_motor 时间=14.320000 目标=0.000000 实际=-0.036790
[开始] 关节=fr_hip_motor 时间=14.320000 目标=0.000000 实际=0.078456
[到位] 关节=fr_hip_motor 时间=19.320000 目标=-1.000000 实际=-0.980000
[结束] 关节=fr_hip_motor 时间=19.320000 目标=-1.000000 实际=-0.980000
[端点保持开始] 关节=fr_hip_motor 时间=19.320000 目标=-1.000000 实际=-0.980000
[端点保持结束] 关节=fr_hip_motor 时间=19.820000 目标=-1.000000 实际=-0.999880 保持=0.500000
[开始] 关节=fr_hip_motor 时间=19.820000 目标=-1.000000 实际=-0.999880
[到位] 关节=fr_hip_motor 时间=24.820000 目标=0.000000 实际=-0.019999
[结束] 关节=fr_hip_motor 时间=24.820000 目标=0.000000 实际=-0.019999
[开始] 关节=fr_hip_motor 时间=24.820000 目标=0.000000 实际=-0.019999
[到位] 关节=fr_hip_motor 时间=29.820000 目标=1.000000 实际=0.980006
[结束] 关节=fr_hip_motor 时间=29.820000 目标=1.000000 实际=0.980006
[端点保持开始] 关节=fr_hip_motor 时间=29.820000 目标=1.000000 实际=0.980006
[端点保持结束] 关节=fr_hip_motor 时间=30.320000 目标=1.000000 实际=0.999885 保持=0.500000
[开始] 关节=fr_hip_motor 时间=30.320000 目标=1.000000 实际=0.999885
[到位] 关节=fr_hip_motor 时间=35.320000 目标=0.000000 实际=0.020008
[结束] 关节=fr_hip_motor 时间=35.320000 目标=0.000000 实际=0.020008
[开始] 关节=fr_kn_motor 时间=35.320000 目标=0.000000 实际=0.007834
[到位] 关节=fr_kn_motor 时间=40.320000 目标=-1.000000 实际=-0.980000
[结束] 关节=fr_kn_motor 时间=40.320000 目标=-1.000000 实际=-0.980000
[端点保持开始] 关节=fr_kn_motor 时间=40.320000 目标=-1.000000 实际=-0.980000
[端点保持结束] 关节=fr_kn_motor 时间=40.820000 目标=-1.000000 实际=-0.999879 保持=0.500000
[开始] 关节=fr_kn_motor 时间=40.820000 目标=-1.000000 实际=-0.999879
INFO: joint_sweep_test: Starting controller: python3 -u joint_sweep_test.py
[开始] 关节=fr_abd_motor 时间=0.008000 目标=0.000000 实际=-0.000001 路径=0→min→0→max→0 速度=0.200000
[到位] 关节=fr_abd_motor 时间=3.220000 目标=-0.600000 实际=-0.553008
[结束] 关节=fr_abd_motor 时间=3.220000 目标=-0.600000 实际=-0.553008
[端点保持开始] 关节=fr_abd_motor 时间=3.220000 目标=-0.600000 实际=-0.553008
[端点保持结束] 关节=fr_abd_motor 时间=4.148000 目标=-0.600000 实际=-0.550788 保持=0.500000
[开始] 关节=fr_abd_motor 时间=4.148000 目标=-0.600000 实际=-0.550788
[到位] 关节=fr_abd_motor 时间=7.432000 目标=0.000000 实际=-0.048363
[结束] 关节=fr_abd_motor 时间=7.432000 目标=0.000000 实际=-0.048363
[开始] 关节=fr_abd_motor 时间=7.432000 目标=0.000000 实际=-0.048363
[到位] 关节=fr_abd_motor 时间=10.432000 目标=0.600000 实际=0.554286
[结束] 关节=fr_abd_motor 时间=10.432000 目标=0.600000 实际=0.554286
[端点保持开始] 关节=fr_abd_motor 时间=10.432000 目标=0.600000 实际=0.554286
[端点保持结束] 关节=fr_abd_motor 时间=10.932000 目标=0.600000 实际=0.595228 保持=0.500000
[开始] 关节=fr_abd_motor 时间=10.932000 目标=0.600000 实际=0.595228
[到位] 关节=fr_abd_motor 时间=13.932000 目标=0.000000 实际=0.020001
[结束] 关节=fr_abd_motor 时间=13.932000 目标=0.000000 实际=0.020001
[开始] 关节=fr_hip_motor 时间=13.932000 目标=0.000000 实际=-0.000637
INFO: joint_sweep_test: Terminating.
