【P4】2026-09-26 09:21:53 等待 P3 结束（匹配模式：tag phase3_turn）...
【P4】2026-09-26 09:30:53 P3 仍在运行，继续等待 ...
【P4】2026-09-26 09:40:54 P3 仍在运行，继续等待 ...
【P4】2026-09-26 09:50:54 P3 仍在运行，继续等待 ...
【P4】2026-09-26 10:00:54 P3 仍在运行，继续等待 ...
【P4】2026-09-26 10:10:54 P3 仍在运行，继续等待 ...
【P4】2026-09-26 10:20:55 P3 仍在运行，继续等待 ...
【P4】2026-09-26 10:30:55 P3 仍在运行，继续等待 ...
【P4】2026-09-26 10:40:55 P3 仍在运行，继续等待 ...
【P4】2026-09-26 10:50:55 P3 仍在运行，继续等待 ...
【P4】2026-09-26 11:00:56 P3 仍在运行，继续等待 ...
【P4】2026-09-26 11:10:56 P3 仍在运行，继续等待 ...
【P4】2026-09-26 11:20:56 P3 仍在运行，继续等待 ...
【P4】2026-09-26 11:30:56 P3 仍在运行，继续等待 ...
【P4】2026-09-26 11:40:57 P3 仍在运行，继续等待 ...
【P4】2026-09-26 11:50:57 P3 仍在运行，继续等待 ...
【P4】2026-09-26 12:00:57 P3 仍在运行，继续等待 ...
【P4】2026-09-26 12:10:58 P3 仍在运行，继续等待 ...
【P4】2026-09-26 12:20:58 P3 仍在运行，继续等待 ...
【P4】2026-09-26 12:30:58 P3 仍在运行，继续等待 ...
【P4】2026-09-26 12:40:58 P3 仍在运行，继续等待 ...
【P4】2026-09-26 12:50:59 P3 仍在运行，继续等待 ...
【P4】2026-09-26 13:00:59 P3 仍在运行，继续等待 ...
【P4】2026-09-26 13:03:59 P3 已结束，准备热启动
【P4】热启动 checkpoint：checkpoints/p3_turn_final.zip
【P4】2026-09-26 13:03:59 启动训练：port=11453 steps=200000 tag=phase4_stairs
【P4】已启动 PID=1975712，日志 logs/train_p4.log，等待器退出
