============================================================
【配置】PPO 训练四足机器狗行走
============================================================
  观测维度        : 42
  动作维度        : 12  (范围 [-1.0, 1.0])
  策略网络        : MlpPolicy  net_arch=[256, 256]
  n_steps        : 2048
  batch_size     : 256
  n_epochs       : 10
  gamma          : 0.99
  gae_lambda     : 0.95
  learning_rate  : 0.0003
  ent_coef       : 0.0
  clip_range     : 0.2
------------------------------------------------------------
  训练总步数      : 200000
  计算设备        : cpu
  阶段标签        : （未设置）
  日志目录        : runs/ppo_walk[_tag]_<时间戳>
  checkpoint 目录 : checkpoints
  checkpoint 间隔 : 20000
  评估间隔        : 10000  (每 10 集)
  继续训练        : checkpoints/ppo_walk_final.zip
  随机种子        : （未设置）
============================================================
【训练】日志目录 = runs/ppo_walk_20260926-021035
【训练】checkpoint 目录 = checkpoints
【自检】创建环境并执行 reset/step ...
【自检】通过：reset / step 接口正常
【自检】耗时 1.36s
【训练】训练环境已创建，观测维度=42，动作维度=12
【训练】每 20000 步保存 checkpoint → checkpoints/ppo_walk_<step>.zip
【训练】每 10000 步评估一次（10 集平均）
【训练】从 checkpoints/ppo_walk_final.zip 继续训练 ...
【训练】已加载模型，当前累计步数 = 2048
【训练】开始训练：本次运行 197952 步（目标总步数 200000）
Logging to runs/ppo_walk_20260926-021035/PPO_0
---------------------------------
| rollout/           |          |
|    ep_len_mean     | 1e+03    |
|    ep_rew_mean     | 643      |
| time/              |          |
|    fps             | 29       |
|    iterations      | 1        |
|    time_elapsed    | 68       |
|    total_timesteps | 4096     |
---------------------------------
-----------------------------------------
| rollout/                |             |
|    ep_len_mean          | 1e+03       |
|    ep_rew_mean          | 621         |
| time/                   |             |
|    fps                  | 29          |
|    iterations           | 2           |
|    time_elapsed         | 138         |
|    total_timesteps      | 6144        |
| train/                  |             |
|    approx_kl            | 0.017162187 |
|    clip_fraction        | 0.222       |
|    clip_range           | 0.2         |
|    entropy_loss         | -17         |
|    explained_variance   | 0.0232      |
|    learning_rate        | 0.0003      |
|    loss                 | 35.2        |
|    n_updates            | 20          |
|    policy_gradient_loss | -0.0362     |
|    std                  | 0.997       |
|    value_loss           | 108         |
-----------------------------------------
-----------------------------------------
| rollout/                |             |
|    ep_len_mean          | 1e+03       |
|    ep_rew_mean          | 626         |
| time/                   |             |
|    fps                  | 29          |
|    iterations           | 3           |
|    time_elapsed         | 209         |
|    total_timesteps      | 8192        |
| train/                  |             |
|    approx_kl            | 0.014734004 |
|    clip_fraction        | 0.143       |
|    clip_range           | 0.2         |
|    entropy_loss         | -17         |
|    explained_variance   | 0.197       |
|    learning_rate        | 0.0003      |
|    loss                 | 13.2        |
|    n_updates            | 30          |
|    policy_gradient_loss | -0.027      |
|    std                  | 0.996       |
|    value_loss           | 55.9        |
-----------------------------------------
【评估】创建评估环境失败，跳过本次评估：[Errno 98] Address already in use
-----------------------------------------
| rollout/                |             |
|    ep_len_mean          | 1e+03       |
|    ep_rew_mean          | 623         |
| time/                   |             |
|    fps                  | 29          |
|    iterations           | 4           |
|    time_elapsed         | 278         |
|    total_timesteps      | 10240       |
| train/                  |             |
|    approx_kl            | 0.015352519 |
|    clip_fraction        | 0.135       |
|    clip_range           | 0.2         |
|    entropy_loss         | -17         |
|    explained_variance   | 0.335       |
|    learning_rate        | 0.0003      |
|    loss                 | 13.1        |
|    n_updates            | 40          |
|    policy_gradient_loss | -0.0246     |
|    std                  | 0.996       |
|    value_loss           | 50.8        |
-----------------------------------------
-----------------------------------------
| rollout/                |             |
|    ep_len_mean          | 1e+03       |
|    ep_rew_mean          | 630         |
| time/                   |             |
|    fps                  | 29          |
|    iterations           | 5           |
|    time_elapsed         | 347         |
|    total_timesteps      | 12288       |
| train/                  |             |
|    approx_kl            | 0.015487134 |
|    clip_fraction        | 0.17        |
|    clip_range           | 0.2         |
|    entropy_loss         | -17         |
|    explained_variance   | 0.332       |
|    learning_rate        | 0.0003      |
|    loss                 | 19.5        |
|    n_updates            | 50          |
|    policy_gradient_loss | -0.0328     |
|    std                  | 0.996       |
|    value_loss           | 48.5        |
-----------------------------------------
-----------------------------------------
| rollout/                |             |
|    ep_len_mean          | 1e+03       |
|    ep_rew_mean          | 631         |
| time/                   |             |
|    fps                  | 29          |
|    iterations           | 6           |
|    time_elapsed         | 416         |
|    total_timesteps      | 14336       |
| train/                  |             |
|    approx_kl            | 0.017210796 |
|    clip_fraction        | 0.175       |
|    clip_range           | 0.2         |
|    entropy_loss         | -17         |
|    explained_variance   | 0.429       |
|    learning_rate        | 0.0003      |
|    loss                 | 18.8        |
|    n_updates            | 60          |
|    policy_gradient_loss | -0.0324     |
|    std                  | 0.994       |
|    value_loss           | 53.4        |
-----------------------------------------
-----------------------------------------
| rollout/                |             |
|    ep_len_mean          | 1e+03       |
|    ep_rew_mean          | 630         |
| time/                   |             |
|    fps                  | 29          |
|    iterations           | 7           |
|    time_elapsed         | 485         |
|    total_timesteps      | 16384       |
| train/                  |             |
|    approx_kl            | 0.016668428 |
|    clip_fraction        | 0.175       |
|    clip_range           | 0.2         |
|    entropy_loss         | -17         |
|    explained_variance   | 0.362       |
|    learning_rate        | 0.0003      |
|    loss                 | 15.3        |
|    n_updates            | 70          |
|    policy_gradient_loss | -0.0321     |
|    std                  | 0.995       |
|    value_loss           | 37.1        |
-----------------------------------------
-----------------------------------------
| rollout/                |             |
|    ep_len_mean          | 1e+03       |
|    ep_rew_mean          | 643         |
| time/                   |             |
|    fps                  | 29          |
|    iterations           | 8           |
|    time_elapsed         | 555         |
|    total_timesteps      | 18432       |
| train/                  |             |
|    approx_kl            | 0.018164214 |
|    clip_fraction        | 0.209       |
|    clip_range           | 0.2         |
|    entropy_loss         | -17         |
|    explained_variance   | 0.398       |
|    learning_rate        | 0.0003      |
|    loss                 | 16          |
|    n_updates            | 80          |
|    policy_gradient_loss | -0.0374     |
|    std                  | 0.994       |
|    value_loss           | 35.8        |
-----------------------------------------
----------------------------------------
| rollout/                |            |
|    ep_len_mean          | 1e+03      |
|    ep_rew_mean          | 649        |
| time/                   |            |
|    fps                  | 29         |
|    iterations           | 9          |
|    time_elapsed         | 624        |
|    total_timesteps      | 20480      |
| train/                  |            |
|    approx_kl            | 0.02040059 |
|    clip_fraction        | 0.222      |
|    clip_range           | 0.2        |
|    entropy_loss         | -17        |
|    explained_variance   | 0.318      |
|    learning_rate        | 0.0003     |
|    loss                 | 11.1       |
|    n_updates            | 90         |
|    policy_gradient_loss | -0.0382    |
|    std                  | 0.993      |
|    value_loss           | 26.9       |
----------------------------------------
----------------------------------------
| rollout/                |            |
|    ep_len_mean          | 1e+03      |
|    ep_rew_mean          | 664        |
| time/                   |            |
|    fps                  | 29         |
|    iterations           | 10         |
|    time_elapsed         | 693        |
|    total_timesteps      | 22528      |
| train/                  |            |
|    approx_kl            | 0.01592004 |
|    clip_fraction        | 0.198      |
|    clip_range           | 0.2        |
|    entropy_loss         | -16.9      |
|    explained_variance   | 0.389      |
|    learning_rate        | 0.0003     |
|    loss                 | 15.6       |
|    n_updates            | 100        |
|    policy_gradient_loss | -0.0352    |
|    std                  | 0.99       |
|    value_loss           | 36.7       |
----------------------------------------
-----------------------------------------
| rollout/                |             |
|    ep_len_mean          | 1e+03       |
|    ep_rew_mean          | 676         |
| time/                   |             |
|    fps                  | 29          |
|    iterations           | 11          |
|    time_elapsed         | 761         |
|    total_timesteps      | 24576       |
| train/                  |             |
|    approx_kl            | 0.019355342 |
|    clip_fraction        | 0.233       |
|    clip_range           | 0.2         |
|    entropy_loss         | -16.9       |
|    explained_variance   | 0.386       |
|    learning_rate        | 0.0003      |
|    loss                 | 12.8        |
|    n_updates            | 110         |
|    policy_gradient_loss | -0.0403     |
|    std                  | 0.987       |
|    value_loss           | 28.2        |
-----------------------------------------
------------------------------------------
| rollout/                |              |
|    ep_len_mean          | 1e+03        |
|    ep_rew_mean          | 688          |
| time/                   |              |
|    fps                  | 29           |
|    iterations           | 12           |
|    time_elapsed         | 829          |
|    total_timesteps      | 26624        |
| train/                  |              |
|    approx_kl            | 0.0155844875 |
|    clip_fraction        | 0.189        |
|    clip_range           | 0.2          |
|    entropy_loss         | -16.9        |
|    explained_variance   | 0.337        |
|    learning_rate        | 0.0003       |
|    loss                 | 15           |
|    n_updates            | 120          |
|    policy_gradient_loss | -0.036       |
|    std                  | 0.985        |
|    value_loss           | 36.6         |
------------------------------------------
-----------------------------------------
| rollout/                |             |
|    ep_len_mean          | 1e+03       |
|    ep_rew_mean          | 696         |
| time/                   |             |
|    fps                  | 29          |
|    iterations           | 13          |
|    time_elapsed         | 898         |
|    total_timesteps      | 28672       |
| train/                  |             |
|    approx_kl            | 0.018309012 |
|    clip_fraction        | 0.213       |
|    clip_range           | 0.2         |
|    entropy_loss         | -16.8       |
|    explained_variance   | 0.409       |
|    learning_rate        | 0.0003      |
|    loss                 | 13.8        |
|    n_updates            | 130         |
|    policy_gradient_loss | -0.0392     |
|    std                  | 0.98        |
|    value_loss           | 32.3        |
-----------------------------------------
-----------------------------------------
| rollout/                |             |
|    ep_len_mean          | 1e+03       |
|    ep_rew_mean          | 711         |
| time/                   |             |
|    fps                  | 29          |
|    iterations           | 14          |
|    time_elapsed         | 966         |
|    total_timesteps      | 30720       |
| train/                  |             |
|    approx_kl            | 0.016402382 |
|    clip_fraction        | 0.217       |
|    clip_range           | 0.2         |
|    entropy_loss         | -16.8       |
|    explained_variance   | 0.256       |
|    learning_rate        | 0.0003      |
|    loss                 | 14.4        |
|    n_updates            | 140         |
|    policy_gradient_loss | -0.0404     |
|    std                  | 0.98        |
|    value_loss           | 32.4        |
-----------------------------------------
-----------------------------------------
| rollout/                |             |
|    ep_len_mean          | 1e+03       |
|    ep_rew_mean          | 726         |
| time/                   |             |
|    fps                  | 29          |
|    iterations           | 15          |
|    time_elapsed         | 1034        |
|    total_timesteps      | 32768       |
| train/                  |             |
|    approx_kl            | 0.017996151 |
|    clip_fraction        | 0.248       |
|    clip_range           | 0.2         |
|    entropy_loss         | -16.8       |
|    explained_variance   | 0.309       |
|    learning_rate        | 0.0003      |
|    loss                 | 19.6        |
|    n_updates            | 150         |
|    policy_gradient_loss | -0.0441     |
|    std                  | 0.979       |
|    value_loss           | 42.8        |
-----------------------------------------
-----------------------------------------
| rollout/                |             |
|    ep_len_mean          | 1e+03       |
|    ep_rew_mean          | 735         |
| time/                   |             |
|    fps                  | 29          |
|    iterations           | 16          |
|    time_elapsed         | 1103        |
|    total_timesteps      | 34816       |
| train/                  |             |
|    approx_kl            | 0.018414903 |
|    clip_fraction        | 0.214       |
|    clip_range           | 0.2         |
|    entropy_loss         | -16.7       |
|    explained_variance   | 0.266       |
|    learning_rate        | 0.0003      |
|    loss                 | 16.3        |
|    n_updates            | 160         |
|    policy_gradient_loss | -0.0396     |
|    std                  | 0.975       |
|    value_loss           | 39.9        |
-----------------------------------------
-----------------------------------------
| rollout/                |             |
|    ep_len_mean          | 1e+03       |
|    ep_rew_mean          | 737         |
| time/                   |             |
|    fps                  | 29          |
|    iterations           | 17          |
|    time_elapsed         | 1172        |
|    total_timesteps      | 36864       |
| train/                  |             |
|    approx_kl            | 0.018578656 |
|    clip_fraction        | 0.293       |
|    clip_range           | 0.2         |
|    entropy_loss         | -16.7       |
|    explained_variance   | 0.269       |
|    learning_rate        | 0.0003      |
|    loss                 | 17.3        |
|    n_updates            | 170         |
|    policy_gradient_loss | -0.0527     |
|    std                  | 0.975       |
|    value_loss           | 35.4        |
-----------------------------------------
----------------------------------------
| rollout/                |            |
|    ep_len_mean          | 1e+03      |
|    ep_rew_mean          | 753        |
| time/                   |            |
|    fps                  | 29         |
|    iterations           | 18         |
|    time_elapsed         | 1242       |
|    total_timesteps      | 38912      |
| train/                  |            |
|    approx_kl            | 0.01816371 |
|    clip_fraction        | 0.261      |
|    clip_range           | 0.2        |
|    entropy_loss         | -16.7      |
|    explained_variance   | 0.147      |
|    learning_rate        | 0.0003     |
|    loss                 | 14.9       |
|    n_updates            | 180        |
|    policy_gradient_loss | -0.0453    |
|    std                  | 0.974      |
|    value_loss           | 32.6       |
----------------------------------------
-----------------------------------------
| rollout/                |             |
|    ep_len_mean          | 1e+03       |
|    ep_rew_mean          | 758         |
| time/                   |             |
|    fps                  | 29          |
|    iterations           | 19          |
|    time_elapsed         | 1311        |
|    total_timesteps      | 40960       |
| train/                  |             |
|    approx_kl            | 0.017616438 |
|    clip_fraction        | 0.24        |
|    clip_range           | 0.2         |
|    entropy_loss         | -16.7       |
|    explained_variance   | 0.317       |
|    learning_rate        | 0.0003      |
|    loss                 | 15.5        |
|    n_updates            | 190         |
|    policy_gradient_loss | -0.0432     |
|    std                  | 0.971       |
|    value_loss           | 34.8        |
-----------------------------------------
----------------------------------------
| rollout/                |            |
|    ep_len_mean          | 1e+03      |
|    ep_rew_mean          | 762        |
| time/                   |            |
|    fps                  | 29         |
|    iterations           | 20         |
|    time_elapsed         | 1380       |
|    total_timesteps      | 43008      |
| train/                  |            |
|    approx_kl            | 0.02045982 |
|    clip_fraction        | 0.273      |
|    clip_range           | 0.2        |
|    entropy_loss         | -16.6      |
|    explained_variance   | 0.0761     |
|    learning_rate        | 0.0003     |
|    loss                 | 13.4       |
|    n_updates            | 200        |
|    policy_gradient_loss | -0.052     |
|    std                  | 0.965      |
|    value_loss           | 32.7       |
----------------------------------------
----------------------------------------
| rollout/                |            |
|    ep_len_mean          | 1e+03      |
|    ep_rew_mean          | 775        |
| time/                   |            |
|    fps                  | 29         |
|    iterations           | 21         |
|    time_elapsed         | 1448       |
|    total_timesteps      | 45056      |
| train/                  |            |
|    approx_kl            | 0.02006346 |
|    clip_fraction        | 0.273      |
|    clip_range           | 0.2        |
|    entropy_loss         | -16.6      |
|    explained_variance   | 0.331      |
|    learning_rate        | 0.0003     |
|    loss                 | 10.5       |
|    n_updates            | 210        |
|    policy_gradient_loss | -0.0524    |
|    std                  | 0.961      |
|    value_loss           | 23.7       |
----------------------------------------
-----------------------------------------
| rollout/                |             |
|    ep_len_mean          | 1e+03       |
|    ep_rew_mean          | 788         |
| time/                   |             |
|    fps                  | 29          |
|    iterations           | 22          |
|    time_elapsed         | 1518        |
|    total_timesteps      | 47104       |
| train/                  |             |
|    approx_kl            | 0.016966905 |
|    clip_fraction        | 0.233       |
|    clip_range           | 0.2         |
|    entropy_loss         | -16.5       |
|    explained_variance   | 0.434       |
|    learning_rate        | 0.0003      |
|    loss                 | 17.8        |
|    n_updates            | 220         |
|    policy_gradient_loss | -0.0445     |
|    std                  | 0.96        |
|    value_loss           | 37.1        |
-----------------------------------------
-----------------------------------------
| rollout/                |             |
|    ep_len_mean          | 1e+03       |
|    ep_rew_mean          | 802         |
| time/                   |             |
|    fps                  | 29          |
|    iterations           | 23          |
|    time_elapsed         | 1586        |
|    total_timesteps      | 49152       |
| train/                  |             |
|    approx_kl            | 0.015011029 |
|    clip_fraction        | 0.183       |
|    clip_range           | 0.2         |
|    entropy_loss         | -16.5       |
|    explained_variance   | 0.566       |
|    learning_rate        | 0.0003      |
|    loss                 | 17.6        |
|    n_updates            | 230         |
|    policy_gradient_loss | -0.038      |
|    std                  | 0.958       |
|    value_loss           | 39.6        |
-----------------------------------------
-----------------------------------------
| rollout/                |             |
|    ep_len_mean          | 1e+03       |
|    ep_rew_mean          | 799         |
| time/                   |             |
|    fps                  | 29          |
|    iterations           | 24          |
|    time_elapsed         | 1654        |
|    total_timesteps      | 51200       |
| train/                  |             |
|    approx_kl            | 0.017154718 |
|    clip_fraction        | 0.217       |
|    clip_range           | 0.2         |
|    entropy_loss         | -16.5       |
|    explained_variance   | 0.544       |
|    learning_rate        | 0.0003      |
|    loss                 | 21.1        |
|    n_updates            | 240         |
|    policy_gradient_loss | -0.0416     |
|    std                  | 0.955       |
|    value_loss           | 44.4        |
-----------------------------------------
-----------------------------------------
| rollout/                |             |
|    ep_len_mean          | 1e+03       |
|    ep_rew_mean          | 812         |
| time/                   |             |
|    fps                  | 29          |
|    iterations           | 25          |
|    time_elapsed         | 1722        |
|    total_timesteps      | 53248       |
| train/                  |             |
|    approx_kl            | 0.017867588 |
|    clip_fraction        | 0.225       |
|    clip_range           | 0.2         |
|    entropy_loss         | -16.5       |
|    explained_variance   | 0.27        |
|    learning_rate        | 0.0003      |
|    loss                 | 9.37        |
|    n_updates            | 250         |
|    policy_gradient_loss | -0.0438     |
|    std                  | 0.952       |
|    value_loss           | 29.3        |
-----------------------------------------
----------------------------------------
| rollout/                |            |
|    ep_len_mean          | 998        |
|    ep_rew_mean          | 813        |
| time/                   |            |
|    fps                  | 29         |
|    iterations           | 26         |
|    time_elapsed         | 1790       |
|    total_timesteps      | 55296      |
| train/                  |            |
|    approx_kl            | 0.02493115 |
|    clip_fraction        | 0.305      |
|    clip_range           | 0.2        |
|    entropy_loss         | -16.4      |
|    explained_variance   | 0.17       |
|    learning_rate        | 0.0003     |
|    loss                 | 13.5       |
|    n_updates            | 260        |
|    policy_gradient_loss | -0.0569    |
|    std                  | 0.953      |
|    value_loss           | 27.9       |
----------------------------------------
-----------------------------------------
| rollout/                |             |
|    ep_len_mean          | 998         |
|    ep_rew_mean          | 817         |
| time/                   |             |
|    fps                  | 29          |
|    iterations           | 27          |
|    time_elapsed         | 1858        |
|    total_timesteps      | 57344       |
| train/                  |             |
|    approx_kl            | 0.015273419 |
|    clip_fraction        | 0.221       |
|    clip_range           | 0.2         |
|    entropy_loss         | -16.4       |
|    explained_variance   | 0.107       |
|    learning_rate        | 0.0003      |
|    loss                 | 61.2        |
|    n_updates            | 270         |
|    policy_gradient_loss | -0.0355     |
|    std                  | 0.952       |
|    value_loss           | 140         |
-----------------------------------------
---------------------------------------
| rollout/                |           |
|    ep_len_mean          | 998       |
|    ep_rew_mean          | 828       |
| time/                   |           |
|    fps                  | 29        |
|    iterations           | 28        |
|    time_elapsed         | 1927      |
|    total_timesteps      | 59392     |
| train/                  |           |
|    approx_kl            | 0.0186156 |
|    clip_fraction        | 0.254     |
|    clip_range           | 0.2       |
|    entropy_loss         | -16.4     |
|    explained_variance   | 0.621     |
|    learning_rate        | 0.0003    |
|    loss                 | 18.3      |
|    n_updates            | 280       |
|    policy_gradient_loss | -0.0495   |
|    std                  | 0.951     |
|    value_loss           | 43.5      |
---------------------------------------
-----------------------------------------
| rollout/                |             |
|    ep_len_mean          | 998         |
|    ep_rew_mean          | 840         |
| time/                   |             |
|    fps                  | 29          |
|    iterations           | 29          |
|    time_elapsed         | 1996        |
|    total_timesteps      | 61440       |
| train/                  |             |
|    approx_kl            | 0.019755935 |
|    clip_fraction        | 0.25        |
|    clip_range           | 0.2         |
|    entropy_loss         | -16.4       |
|    explained_variance   | 0.663       |
|    learning_rate        | 0.0003      |
|    loss                 | 14.3        |
|    n_updates            | 290         |
|    policy_gradient_loss | -0.0467     |
|    std                  | 0.951       |
|    value_loss           | 39.9        |
-----------------------------------------
-----------------------------------------
| rollout/                |             |
|    ep_len_mean          | 998         |
|    ep_rew_mean          | 837         |
| time/                   |             |
|    fps                  | 29          |
|    iterations           | 30          |
|    time_elapsed         | 2064        |
|    total_timesteps      | 63488       |
| train/                  |             |
|    approx_kl            | 0.017615048 |
|    clip_fraction        | 0.226       |
|    clip_range           | 0.2         |
|    entropy_loss         | -16.4       |
|    explained_variance   | 0.639       |
|    learning_rate        | 0.0003      |
|    loss                 | 21.6        |
|    n_updates            | 300         |
|    policy_gradient_loss | -0.0447     |
|    std                  | 0.951       |
|    value_loss           | 46          |
-----------------------------------------
----------------------------------------
| rollout/                |            |
|    ep_len_mean          | 998        |
|    ep_rew_mean          | 843        |
| time/                   |            |
|    fps                  | 29         |
|    iterations           | 31         |
|    time_elapsed         | 2133       |
|    total_timesteps      | 65536      |
| train/                  |            |
|    approx_kl            | 0.01694084 |
|    clip_fraction        | 0.215      |
|    clip_range           | 0.2        |
|    entropy_loss         | -16.4      |
|    explained_variance   | 0.46       |
|    learning_rate        | 0.0003     |
|    loss                 | 14.3       |
|    n_updates            | 310        |
|    policy_gradient_loss | -0.044     |
|    std                  | 0.95       |
|    value_loss           | 40.1       |
----------------------------------------
----------------------------------------
| rollout/                |            |
|    ep_len_mean          | 998        |
|    ep_rew_mean          | 845        |
| time/                   |            |
|    fps                  | 29         |
|    iterations           | 32         |
|    time_elapsed         | 2201       |
|    total_timesteps      | 67584      |
| train/                  |            |
|    approx_kl            | 0.01793042 |
|    clip_fraction        | 0.254      |
|    clip_range           | 0.2        |
|    entropy_loss         | -16.4      |
|    explained_variance   | 0.467      |
|    learning_rate        | 0.0003     |
|    loss                 | 26.6       |
|    n_updates            | 320        |
|    policy_gradient_loss | -0.0501    |
|    std                  | 0.95       |
|    value_loss           | 54.9       |
----------------------------------------
-----------------------------------------
| rollout/                |             |
|    ep_len_mean          | 998         |
|    ep_rew_mean          | 857         |
| time/                   |             |
|    fps                  | 29          |
|    iterations           | 33          |
|    time_elapsed         | 2270        |
|    total_timesteps      | 69632       |
| train/                  |             |
|    approx_kl            | 0.016219178 |
|    clip_fraction        | 0.223       |
|    clip_range           | 0.2         |
|    entropy_loss         | -16.4       |
|    explained_variance   | 0.368       |
|    learning_rate        | 0.0003      |
|    loss                 | 99.1        |
|    n_updates            | 330         |
|    policy_gradient_loss | -0.0404     |
|    std                  | 0.948       |
|    value_loss           | 136         |
-----------------------------------------
-----------------------------------------
| rollout/                |             |
|    ep_len_mean          | 998         |
|    ep_rew_mean          | 860         |
| time/                   |             |
|    fps                  | 29          |
|    iterations           | 34          |
|    time_elapsed         | 2338        |
|    total_timesteps      | 71680       |
| train/                  |             |
|    approx_kl            | 0.019142509 |
|    clip_fraction        | 0.248       |
|    clip_range           | 0.2         |
|    entropy_loss         | -16.4       |
|    explained_variance   | 0.243       |
|    learning_rate        | 0.0003      |
|    loss                 | 20.1        |
|    n_updates            | 340         |
|    policy_gradient_loss | -0.0477     |
|    std                  | 0.947       |
|    value_loss           | 49.7        |
-----------------------------------------
-----------------------------------------
| rollout/                |             |
|    ep_len_mean          | 998         |
|    ep_rew_mean          | 864         |
| time/                   |             |
|    fps                  | 29          |
|    iterations           | 35          |
|    time_elapsed         | 2406        |
|    total_timesteps      | 73728       |
| train/                  |             |
|    approx_kl            | 0.017346818 |
|    clip_fraction        | 0.243       |
|    clip_range           | 0.2         |
|    entropy_loss         | -16.3       |
|    explained_variance   | 0.548       |
|    learning_rate        | 0.0003      |
|    loss                 | 17.4        |
|    n_updates            | 350         |
|    policy_gradient_loss | -0.0529     |
|    std                  | 0.944       |
|    value_loss           | 49.4        |
-----------------------------------------
-----------------------------------------
| rollout/                |             |
|    ep_len_mean          | 998         |
|    ep_rew_mean          | 876         |
| time/                   |             |
|    fps                  | 29          |
|    iterations           | 36          |
|    time_elapsed         | 2475        |
|    total_timesteps      | 75776       |
| train/                  |             |
|    approx_kl            | 0.017815793 |
|    clip_fraction        | 0.262       |
|    clip_range           | 0.2         |
|    entropy_loss         | -16.3       |
|    explained_variance   | 0.763       |
|    learning_rate        | 0.0003      |
|    loss                 | 17.4        |
|    n_updates            | 360         |
|    policy_gradient_loss | -0.0549     |
|    std                  | 0.943       |
|    value_loss           | 37.5        |
-----------------------------------------
----------------------------------------
| rollout/                |            |
|    ep_len_mean          | 998        |
|    ep_rew_mean          | 879        |
| time/                   |            |
|    fps                  | 29         |
|    iterations           | 37         |
|    time_elapsed         | 2543       |
|    total_timesteps      | 77824      |
| train/                  |            |
|    approx_kl            | 0.02246144 |
|    clip_fraction        | 0.268      |
|    clip_range           | 0.2        |
|    entropy_loss         | -16.3      |
|    explained_variance   | 0.119      |
|    learning_rate        | 0.0003     |
|    loss                 | 17.6       |
|    n_updates            | 370        |
|    policy_gradient_loss | -0.0521    |
|    std                  | 0.941      |
|    value_loss           | 34.2       |
----------------------------------------
----------------------------------------
| rollout/                |            |
|    ep_len_mean          | 998        |
|    ep_rew_mean          | 883        |
| time/                   |            |
|    fps                  | 29         |
|    iterations           | 38         |
|    time_elapsed         | 2612       |
|    total_timesteps      | 79872      |
| train/                  |            |
|    approx_kl            | 0.01695161 |
|    clip_fraction        | 0.227      |
|    clip_range           | 0.2        |
|    entropy_loss         | -16.3      |
|    explained_variance   | 0.661      |
|    learning_rate        | 0.0003     |
|    loss                 | 23.7       |
|    n_updates            | 380        |
|    policy_gradient_loss | -0.0431    |
|    std                  | 0.939      |
|    value_loss           | 55.4       |
----------------------------------------
-----------------------------------------
| rollout/                |             |
|    ep_len_mean          | 998         |
|    ep_rew_mean          | 891         |
| time/                   |             |
|    fps                  | 29          |
|    iterations           | 39          |
|    time_elapsed         | 2681        |
|    total_timesteps      | 81920       |
| train/                  |             |
|    approx_kl            | 0.016263988 |
|    clip_fraction        | 0.218       |
|    clip_range           | 0.2         |
|    entropy_loss         | -16.3       |
|    explained_variance   | 0.545       |
|    learning_rate        | 0.0003      |
|    loss                 | 31          |
|    n_updates            | 390         |
|    policy_gradient_loss | -0.0461     |
|    std                  | 0.938       |
|    value_loss           | 71.3        |
-----------------------------------------
-----------------------------------------
| rollout/                |             |
|    ep_len_mean          | 998         |
|    ep_rew_mean          | 896         |
| time/                   |             |
|    fps                  | 29          |
|    iterations           | 40          |
|    time_elapsed         | 2749        |
|    total_timesteps      | 83968       |
| train/                  |             |
|    approx_kl            | 0.015509896 |
|    clip_fraction        | 0.22        |
|    clip_range           | 0.2         |
|    entropy_loss         | -16.2       |
|    explained_variance   | 0.632       |
|    learning_rate        | 0.0003      |
|    loss                 | 36.2        |
|    n_updates            | 400         |
|    policy_gradient_loss | -0.0461     |
|    std                  | 0.936       |
|    value_loss           | 77.9        |
-----------------------------------------
-----------------------------------------
| rollout/                |             |
|    ep_len_mean          | 998         |
|    ep_rew_mean          | 898         |
| time/                   |             |
|    fps                  | 29          |
|    iterations           | 41          |
|    time_elapsed         | 2818        |
|    total_timesteps      | 86016       |
| train/                  |             |
|    approx_kl            | 0.016706407 |
|    clip_fraction        | 0.248       |
|    clip_range           | 0.2         |
|    entropy_loss         | -16.2       |
|    explained_variance   | 0.614       |
|    learning_rate        | 0.0003      |
|    loss                 | 38.2        |
|    n_updates            | 410         |
|    policy_gradient_loss | -0.0499     |
|    std                  | 0.934       |
|    value_loss           | 76          |
-----------------------------------------
-----------------------------------------
| rollout/                |             |
|    ep_len_mean          | 998         |
|    ep_rew_mean          | 900         |
| time/                   |             |
|    fps                  | 29          |
|    iterations           | 42          |
|    time_elapsed         | 2886        |
|    total_timesteps      | 88064       |
| train/                  |             |
|    approx_kl            | 0.016458238 |
|    clip_fraction        | 0.198       |
|    clip_range           | 0.2         |
|    entropy_loss         | -16.2       |
|    explained_variance   | 0.6         |
|    learning_rate        | 0.0003      |
|    loss                 | 40.4        |
|    n_updates            | 420         |
|    policy_gradient_loss | -0.0415     |
|    std                  | 0.931       |
|    value_loss           | 83.3        |
-----------------------------------------
-----------------------------------------
| rollout/                |             |
|    ep_len_mean          | 999         |
|    ep_rew_mean          | 897         |
| time/                   |             |
|    fps                  | 29          |
|    iterations           | 43          |
|    time_elapsed         | 2955        |
|    total_timesteps      | 90112       |
| train/                  |             |
|    approx_kl            | 0.016921278 |
|    clip_fraction        | 0.217       |
|    clip_range           | 0.2         |
|    entropy_loss         | -16.2       |
|    explained_variance   | 0.684       |
|    learning_rate        | 0.0003      |
|    loss                 | 42.9        |
|    n_updates            | 430         |
|    policy_gradient_loss | -0.043      |
|    std                  | 0.93        |
|    value_loss           | 103         |
-----------------------------------------
-----------------------------------------
| rollout/                |             |
|    ep_len_mean          | 999         |
|    ep_rew_mean          | 900         |
| time/                   |             |
|    fps                  | 29          |
|    iterations           | 44          |
|    time_elapsed         | 3025        |
|    total_timesteps      | 92160       |
| train/                  |             |
|    approx_kl            | 0.015896404 |
|    clip_fraction        | 0.2         |
|    clip_range           | 0.2         |
|    entropy_loss         | -16.1       |
|    explained_variance   | 0.776       |
|    learning_rate        | 0.0003      |
|    loss                 | 34.7        |
|    n_updates            | 440         |
|    policy_gradient_loss | -0.0418     |
|    std                  | 0.929       |
|    value_loss           | 69.1        |
-----------------------------------------
----------------------------------------
| rollout/                |            |
|    ep_len_mean          | 999        |
|    ep_rew_mean          | 909        |
| time/                   |            |
|    fps                  | 29         |
|    iterations           | 45         |
|    time_elapsed         | 3095       |
|    total_timesteps      | 94208      |
| train/                  |            |
|    approx_kl            | 0.01699541 |
|    clip_fraction        | 0.242      |
|    clip_range           | 0.2        |
|    entropy_loss         | -16.1      |
|    explained_variance   | 0.798      |
|    learning_rate        | 0.0003     |
|    loss                 | 28.2       |
|    n_updates            | 450        |
|    policy_gradient_loss | -0.0494    |
|    std                  | 0.929      |
|    value_loss           | 56.4       |
----------------------------------------
-----------------------------------------
| rollout/                |             |
|    ep_len_mean          | 999         |
|    ep_rew_mean          | 912         |
| time/                   |             |
|    fps                  | 29          |
|    iterations           | 46          |
|    time_elapsed         | 3163        |
|    total_timesteps      | 96256       |
| train/                  |             |
|    approx_kl            | 0.027914446 |
|    clip_fraction        | 0.286       |
|    clip_range           | 0.2         |
|    entropy_loss         | -16.1       |
|    explained_variance   | -0.269      |
|    learning_rate        | 0.0003      |
|    loss                 | 12.8        |
|    n_updates            | 460         |
|    policy_gradient_loss | -0.053      |
|    std                  | 0.927       |
|    value_loss           | 33.3        |
-----------------------------------------
-----------------------------------------
| rollout/                |             |
|    ep_len_mean          | 999         |
|    ep_rew_mean          | 915         |
| time/                   |             |
|    fps                  | 29          |
|    iterations           | 47          |
|    time_elapsed         | 3233        |
|    total_timesteps      | 98304       |
| train/                  |             |
|    approx_kl            | 0.017975181 |
|    clip_fraction        | 0.255       |
|    clip_range           | 0.2         |
|    entropy_loss         | -16.1       |
|    explained_variance   | 0.58        |
|    learning_rate        | 0.0003      |
|    loss                 | 24.3        |
|    n_updates            | 470         |
|    policy_gradient_loss | -0.0484     |
|    std                  | 0.925       |
|    value_loss           | 67.1        |
-----------------------------------------
-----------------------------------------
| rollout/                |             |
|    ep_len_mean          | 999         |
|    ep_rew_mean          | 921         |
| time/                   |             |
|    fps                  | 29          |
|    iterations           | 48          |
|    time_elapsed         | 3302        |
|    total_timesteps      | 100352      |
| train/                  |             |
|    approx_kl            | 0.020203084 |
|    clip_fraction        | 0.282       |
|    clip_range           | 0.2         |
|    entropy_loss         | -16.1       |
|    explained_variance   | 0.645       |
|    learning_rate        | 0.0003      |
|    loss                 | 21.5        |
|    n_updates            | 480         |
|    policy_gradient_loss | -0.057      |
|    std                  | 0.922       |
|    value_loss           | 48.3        |
-----------------------------------------
-----------------------------------------
| rollout/                |             |
|    ep_len_mean          | 999         |
|    ep_rew_mean          | 930         |
| time/                   |             |
|    fps                  | 29          |
|    iterations           | 49          |
|    time_elapsed         | 3371        |
|    total_timesteps      | 102400      |
| train/                  |             |
|    approx_kl            | 0.017405001 |
|    clip_fraction        | 0.269       |
|    clip_range           | 0.2         |
|    entropy_loss         | -16         |
|    explained_variance   | 0.752       |
|    learning_rate        | 0.0003      |
|    loss                 | 28.1        |
|    n_updates            | 490         |
|    policy_gradient_loss | -0.0526     |
|    std                  | 0.921       |
|    value_loss           | 58.7        |
-----------------------------------------
-----------------------------------------
| rollout/                |             |
|    ep_len_mean          | 999         |
|    ep_rew_mean          | 946         |
| time/                   |             |
|    fps                  | 29          |
|    iterations           | 50          |
|    time_elapsed         | 3440        |
|    total_timesteps      | 104448      |
| train/                  |             |
|    approx_kl            | 0.019939791 |
|    clip_fraction        | 0.263       |
|    clip_range           | 0.2         |
|    entropy_loss         | -16         |
|    explained_variance   | 0.717       |
|    learning_rate        | 0.0003      |
|    loss                 | 25.1        |
|    n_updates            | 500         |
|    policy_gradient_loss | -0.0497     |
|    std                  | 0.919       |
|    value_loss           | 49.1        |
-----------------------------------------
-----------------------------------------
| rollout/                |             |
|    ep_len_mean          | 999         |
|    ep_rew_mean          | 955         |
| time/                   |             |
|    fps                  | 29          |
|    iterations           | 51          |
|    time_elapsed         | 3509        |
|    total_timesteps      | 106496      |
| train/                  |             |
|    approx_kl            | 0.020756591 |
|    clip_fraction        | 0.277       |
|    clip_range           | 0.2         |
|    entropy_loss         | -16         |
|    explained_variance   | 0.649       |
|    learning_rate        | 0.0003      |
|    loss                 | 26.8        |
|    n_updates            | 510         |
|    policy_gradient_loss | -0.0531     |
|    std                  | 0.916       |
|    value_loss           | 64.8        |
-----------------------------------------
-----------------------------------------
| rollout/                |             |
|    ep_len_mean          | 999         |
|    ep_rew_mean          | 965         |
| time/                   |             |
|    fps                  | 29          |
|    iterations           | 52          |
|    time_elapsed         | 3578        |
|    total_timesteps      | 108544      |
| train/                  |             |
|    approx_kl            | 0.019645356 |
|    clip_fraction        | 0.266       |
|    clip_range           | 0.2         |
|    entropy_loss         | -15.9       |
|    explained_variance   | 0.771       |
|    learning_rate        | 0.0003      |
|    loss                 | 21.5        |
|    n_updates            | 520         |
|    policy_gradient_loss | -0.0523     |
|    std                  | 0.914       |
|    value_loss           | 51.6        |
-----------------------------------------
-----------------------------------------
| rollout/                |             |
|    ep_len_mean          | 999         |
|    ep_rew_mean          | 974         |
| time/                   |             |
|    fps                  | 29          |
|    iterations           | 53          |
|    time_elapsed         | 3646        |
|    total_timesteps      | 110592      |
| train/                  |             |
|    approx_kl            | 0.019091211 |
|    clip_fraction        | 0.27        |
|    clip_range           | 0.2         |
|    entropy_loss         | -15.9       |
|    explained_variance   | 0.677       |
|    learning_rate        | 0.0003      |
|    loss                 | 25.8        |
|    n_updates            | 530         |
|    policy_gradient_loss | -0.0547     |
|    std                  | 0.911       |
|    value_loss           | 58.3        |
-----------------------------------------
----------------------------------------
| rollout/                |            |
|    ep_len_mean          | 999        |
|    ep_rew_mean          | 977        |
| time/                   |            |
|    fps                  | 29         |
|    iterations           | 54         |
|    time_elapsed         | 3714       |
|    total_timesteps      | 112640     |
| train/                  |            |
|    approx_kl            | 0.01712948 |
|    clip_fraction        | 0.241      |
|    clip_range           | 0.2        |
|    entropy_loss         | -15.9      |
|    explained_variance   | 0.747      |
|    learning_rate        | 0.0003     |
|    loss                 | 35.6       |
|    n_updates            | 540        |
|    policy_gradient_loss | -0.0487    |
|    std                  | 0.91       |
|    value_loss           | 71.1       |
----------------------------------------
-----------------------------------------
| rollout/                |             |
|    ep_len_mean          | 999         |
|    ep_rew_mean          | 992         |
| time/                   |             |
|    fps                  | 29          |
|    iterations           | 55          |
|    time_elapsed         | 3783        |
|    total_timesteps      | 114688      |
| train/                  |             |
|    approx_kl            | 0.020419933 |
|    clip_fraction        | 0.258       |
|    clip_range           | 0.2         |
|    entropy_loss         | -15.9       |
|    explained_variance   | 0.844       |
|    learning_rate        | 0.0003      |
|    loss                 | 26.9        |
|    n_updates            | 550         |
|    policy_gradient_loss | -0.052      |
|    std                  | 0.909       |
|    value_loss           | 61.5        |
-----------------------------------------
----------------------------------------
| rollout/                |            |
|    ep_len_mean          | 999        |
|    ep_rew_mean          | 1.01e+03   |
| time/                   |            |
|    fps                  | 29         |
|    iterations           | 56         |
|    time_elapsed         | 3852       |
|    total_timesteps      | 116736     |
| train/                  |            |
|    approx_kl            | 0.03128574 |
|    clip_fraction        | 0.359      |
|    clip_range           | 0.2        |
|    entropy_loss         | -15.9      |
|    explained_variance   | 0.386      |
|    learning_rate        | 0.0003     |
|    loss                 | 9.72       |
|    n_updates            | 560        |
|    policy_gradient_loss | -0.0602    |
|    std                  | 0.908      |
|    value_loss           | 27.6       |
----------------------------------------
----------------------------------------
| rollout/                |            |
|    ep_len_mean          | 999        |
|    ep_rew_mean          | 1.01e+03   |
| time/                   |            |
|    fps                  | 29         |
|    iterations           | 57         |
|    time_elapsed         | 3920       |
|    total_timesteps      | 118784     |
| train/                  |            |
|    approx_kl            | 0.01877376 |
|    clip_fraction        | 0.306      |
|    clip_range           | 0.2        |
|    entropy_loss         | -15.9      |
|    explained_variance   | 0.717      |
|    learning_rate        | 0.0003     |
|    loss                 | 16.4       |
|    n_updates            | 570        |
|    policy_gradient_loss | -0.0542    |
|    std                  | 0.907      |
|    value_loss           | 43.8       |
----------------------------------------
-----------------------------------------
| rollout/                |             |
|    ep_len_mean          | 999         |
|    ep_rew_mean          | 1.02e+03    |
| time/                   |             |
|    fps                  | 29          |
|    iterations           | 58          |
|    time_elapsed         | 3989        |
|    total_timesteps      | 120832      |
| train/                  |             |
|    approx_kl            | 0.016356222 |
|    clip_fraction        | 0.25        |
|    clip_range           | 0.2         |
|    entropy_loss         | -15.8       |
|    explained_variance   | 0.782       |
|    learning_rate        | 0.0003      |
|    loss                 | 26.6        |
|    n_updates            | 580         |
|    policy_gradient_loss | -0.0524     |
|    std                  | 0.904       |
|    value_loss           | 57.2        |
-----------------------------------------
-----------------------------------------
| rollout/                |             |
|    ep_len_mean          | 999         |
|    ep_rew_mean          | 1.02e+03    |
| time/                   |             |
|    fps                  | 29          |
|    iterations           | 59          |
|    time_elapsed         | 4058        |
|    total_timesteps      | 122880      |
| train/                  |             |
|    approx_kl            | 0.019084156 |
|    clip_fraction        | 0.25        |
|    clip_range           | 0.2         |
|    entropy_loss         | -15.8       |
|    explained_variance   | 0.732       |
|    learning_rate        | 0.0003      |
|    loss                 | 27          |
|    n_updates            | 590         |
|    policy_gradient_loss | -0.0527     |
|    std                  | 0.902       |
|    value_loss           | 60.4        |
-----------------------------------------
-----------------------------------------
| rollout/                |             |
|    ep_len_mean          | 999         |
|    ep_rew_mean          | 1.03e+03    |
| time/                   |             |
|    fps                  | 29          |
|    iterations           | 60          |
|    time_elapsed         | 4127        |
|    total_timesteps      | 124928      |
| train/                  |             |
|    approx_kl            | 0.018575743 |
|    clip_fraction        | 0.249       |
|    clip_range           | 0.2         |
|    entropy_loss         | -15.8       |
|    explained_variance   | 0.552       |
|    learning_rate        | 0.0003      |
|    loss                 | 29.1        |
|    n_updates            | 600         |
|    policy_gradient_loss | -0.0503     |
|    std                  | 0.901       |
|    value_loss           | 65.1        |
-----------------------------------------
----------------------------------------
| rollout/                |            |
|    ep_len_mean          | 999        |
|    ep_rew_mean          | 1.04e+03   |
| time/                   |            |
|    fps                  | 29         |
|    iterations           | 61         |
|    time_elapsed         | 4196       |
|    total_timesteps      | 126976     |
| train/                  |            |
|    approx_kl            | 0.03237225 |
|    clip_fraction        | 0.308      |
|    clip_range           | 0.2        |
|    entropy_loss         | -15.7      |
|    explained_variance   | 0.716      |
|    learning_rate        | 0.0003     |
|    loss                 | 15.2       |
|    n_updates            | 610        |
|    policy_gradient_loss | -0.0549    |
|    std                  | 0.899      |
|    value_loss           | 36.7       |
----------------------------------------
-----------------------------------------
| rollout/                |             |
|    ep_len_mean          | 999         |
|    ep_rew_mean          | 1.05e+03    |
| time/                   |             |
|    fps                  | 29          |
|    iterations           | 62          |
|    time_elapsed         | 4264        |
|    total_timesteps      | 129024      |
| train/                  |             |
|    approx_kl            | 0.020895889 |
|    clip_fraction        | 0.279       |
|    clip_range           | 0.2         |
|    entropy_loss         | -15.7       |
|    explained_variance   | 0.783       |
|    learning_rate        | 0.0003      |
|    loss                 | 18          |
|    n_updates            | 620         |
|    policy_gradient_loss | -0.0543     |
|    std                  | 0.896       |
|    value_loss           | 49.4        |
-----------------------------------------
-----------------------------------------
| rollout/                |             |
|    ep_len_mean          | 999         |
|    ep_rew_mean          | 1.04e+03    |
| time/                   |             |
|    fps                  | 29          |
|    iterations           | 63          |
|    time_elapsed         | 4333        |
|    total_timesteps      | 131072      |
| train/                  |             |
|    approx_kl            | 0.025644809 |
|    clip_fraction        | 0.31        |
|    clip_range           | 0.2         |
|    entropy_loss         | -15.7       |
|    explained_variance   | 0.623       |
|    learning_rate        | 0.0003      |
|    loss                 | 16.3        |
|    n_updates            | 630         |
|    policy_gradient_loss | -0.0585     |
|    std                  | 0.893       |
|    value_loss           | 44.1        |
-----------------------------------------
---------------------------------------
| rollout/                |           |
|    ep_len_mean          | 999       |
|    ep_rew_mean          | 1.05e+03  |
| time/                   |           |
|    fps                  | 29        |
|    iterations           | 64        |
|    time_elapsed         | 4402      |
|    total_timesteps      | 133120    |
| train/                  |           |
|    approx_kl            | 0.0198261 |
|    clip_fraction        | 0.271     |
|    clip_range           | 0.2       |
|    entropy_loss         | -15.6     |
|    explained_variance   | 0.615     |
|    learning_rate        | 0.0003    |
|    loss                 | 20.6      |
|    n_updates            | 640       |
|    policy_gradient_loss | -0.0513   |
|    std                  | 0.89      |
|    value_loss           | 50.5      |
---------------------------------------
-----------------------------------------
| rollout/                |             |
|    ep_len_mean          | 999         |
|    ep_rew_mean          | 1.05e+03    |
| time/                   |             |
|    fps                  | 29          |
|    iterations           | 65          |
|    time_elapsed         | 4471        |
|    total_timesteps      | 135168      |
| train/                  |             |
|    approx_kl            | 0.022965357 |
|    clip_fraction        | 0.293       |
|    clip_range           | 0.2         |
|    entropy_loss         | -15.6       |
|    explained_variance   | 0.751       |
|    learning_rate        | 0.0003      |
|    loss                 | 20.1        |
|    n_updates            | 650         |
|    policy_gradient_loss | -0.0615     |
|    std                  | 0.887       |
|    value_loss           | 47.7        |
-----------------------------------------
-----------------------------------------
| rollout/                |             |
|    ep_len_mean          | 999         |
|    ep_rew_mean          | 1.06e+03    |
| time/                   |             |
|    fps                  | 29          |
|    iterations           | 66          |
|    time_elapsed         | 4539        |
|    total_timesteps      | 137216      |
| train/                  |             |
|    approx_kl            | 0.021503868 |
|    clip_fraction        | 0.297       |
|    clip_range           | 0.2         |
|    entropy_loss         | -15.6       |
|    explained_variance   | 0.775       |
|    learning_rate        | 0.0003      |
|    loss                 | 21.7        |
|    n_updates            | 660         |
|    policy_gradient_loss | -0.0607     |
|    std                  | 0.888       |
|    value_loss           | 53.4        |
-----------------------------------------
---------------------------------------
| rollout/                |           |
|    ep_len_mean          | 999       |
|    ep_rew_mean          | 1.05e+03  |
| time/                   |           |
|    fps                  | 29        |
|    iterations           | 67        |
|    time_elapsed         | 4608      |
|    total_timesteps      | 139264    |
| train/                  |           |
|    approx_kl            | 0.0200534 |
|    clip_fraction        | 0.285     |
|    clip_range           | 0.2       |
|    entropy_loss         | -15.6     |
|    explained_variance   | 0.794     |
|    learning_rate        | 0.0003    |
|    loss                 | 30.3      |
|    n_updates            | 670       |
|    policy_gradient_loss | -0.0581   |
|    std                  | 0.887     |
|    value_loss           | 58.4      |
---------------------------------------
----------------------------------------
| rollout/                |            |
|    ep_len_mean          | 999        |
|    ep_rew_mean          | 1.07e+03   |
| time/                   |            |
|    fps                  | 29         |
|    iterations           | 68         |
|    time_elapsed         | 4677       |
|    total_timesteps      | 141312     |
| train/                  |            |
|    approx_kl            | 0.01761195 |
|    clip_fraction        | 0.256      |
|    clip_range           | 0.2        |
|    entropy_loss         | -15.6      |
|    explained_variance   | 0.793      |
|    learning_rate        | 0.0003     |
|    loss                 | 25.8       |
|    n_updates            | 680        |
|    policy_gradient_loss | -0.0513    |
|    std                  | 0.886      |
|    value_loss           | 53.9       |
----------------------------------------
----------------------------------------
| rollout/                |            |
|    ep_len_mean          | 999        |
|    ep_rew_mean          | 1.06e+03   |
| time/                   |            |
|    fps                  | 29         |
|    iterations           | 69         |
|    time_elapsed         | 4747       |
|    total_timesteps      | 143360     |
| train/                  |            |
|    approx_kl            | 0.02418699 |
|    clip_fraction        | 0.295      |
|    clip_range           | 0.2        |
|    entropy_loss         | -15.5      |
|    explained_variance   | 0.7        |
|    learning_rate        | 0.0003     |
|    loss                 | 25.4       |
|    n_updates            | 690        |
|    policy_gradient_loss | -0.0557    |
|    std                  | 0.885      |
|    value_loss           | 57.9       |
----------------------------------------
-----------------------------------------
| rollout/                |             |
|    ep_len_mean          | 999         |
|    ep_rew_mean          | 1.07e+03    |
| time/                   |             |
|    fps                  | 29          |
|    iterations           | 70          |
|    time_elapsed         | 4817        |
|    total_timesteps      | 145408      |
| train/                  |             |
|    approx_kl            | 0.023019183 |
|    clip_fraction        | 0.286       |
|    clip_range           | 0.2         |
|    entropy_loss         | -15.5       |
|    explained_variance   | 0.858       |
|    learning_rate        | 0.0003      |
|    loss                 | 22.1        |
|    n_updates            | 700         |
|    policy_gradient_loss | -0.0533     |
|    std                  | 0.884       |
|    value_loss           | 42.2        |
-----------------------------------------
----------------------------------------
| rollout/                |            |
|    ep_len_mean          | 999        |
|    ep_rew_mean          | 1.08e+03   |
| time/                   |            |
|    fps                  | 29         |
|    iterations           | 71         |
|    time_elapsed         | 4887       |
|    total_timesteps      | 147456     |
| train/                  |            |
|    approx_kl            | 0.02939575 |
|    clip_fraction        | 0.358      |
|    clip_range           | 0.2        |
|    entropy_loss         | -15.5      |
|    explained_variance   | 0.444      |
|    learning_rate        | 0.0003     |
|    loss                 | 17         |
|    n_updates            | 710        |
|    policy_gradient_loss | -0.0653    |
|    std                  | 0.883      |
|    value_loss           | 38.4       |
----------------------------------------
-----------------------------------------
| rollout/                |             |
|    ep_len_mean          | 999         |
|    ep_rew_mean          | 1.08e+03    |
| time/                   |             |
|    fps                  | 29          |
|    iterations           | 72          |
|    time_elapsed         | 4956        |
|    total_timesteps      | 149504      |
| train/                  |             |
|    approx_kl            | 0.027874976 |
|    clip_fraction        | 0.341       |
|    clip_range           | 0.2         |
|    entropy_loss         | -15.5       |
|    explained_variance   | 0.741       |
|    learning_rate        | 0.0003      |
|    loss                 | 17.6        |
|    n_updates            | 720         |
|    policy_gradient_loss | -0.059      |
|    std                  | 0.882       |
|    value_loss           | 44.3        |
-----------------------------------------
----------------------------------------
| rollout/                |            |
|    ep_len_mean          | 999        |
|    ep_rew_mean          | 1.09e+03   |
| time/                   |            |
|    fps                  | 29         |
|    iterations           | 73         |
|    time_elapsed         | 5025       |
|    total_timesteps      | 151552     |
| train/                  |            |
|    approx_kl            | 0.02507928 |
|    clip_fraction        | 0.311      |
|    clip_range           | 0.2        |
|    entropy_loss         | -15.5      |
|    explained_variance   | 0.702      |
|    learning_rate        | 0.0003     |
|    loss                 | 19.3       |
|    n_updates            | 730        |
|    policy_gradient_loss | -0.06      |
|    std                  | 0.879      |
|    value_loss           | 49.5       |
----------------------------------------
-----------------------------------------
| rollout/                |             |
|    ep_len_mean          | 999         |
|    ep_rew_mean          | 1.09e+03    |
| time/                   |             |
|    fps                  | 29          |
|    iterations           | 74          |
|    time_elapsed         | 5094        |
|    total_timesteps      | 153600      |
| train/                  |             |
|    approx_kl            | 0.022061778 |
|    clip_fraction        | 0.305       |
|    clip_range           | 0.2         |
|    entropy_loss         | -15.5       |
|    explained_variance   | 0.859       |
|    learning_rate        | 0.0003      |
|    loss                 | 20          |
|    n_updates            | 740         |
|    policy_gradient_loss | -0.0604     |
|    std                  | 0.879       |
|    value_loss           | 44.9        |
-----------------------------------------
----------------------------------------
| rollout/                |            |
|    ep_len_mean          | 1e+03      |
|    ep_rew_mean          | 1.11e+03   |
| time/                   |            |
|    fps                  | 29         |
|    iterations           | 75         |
|    time_elapsed         | 5163       |
|    total_timesteps      | 155648     |
| train/                  |            |
|    approx_kl            | 0.02470965 |
|    clip_fraction        | 0.317      |
|    clip_range           | 0.2        |
|    entropy_loss         | -15.4      |
|    explained_variance   | 0.669      |
|    learning_rate        | 0.0003     |
|    loss                 | 18.7       |
|    n_updates            | 750        |
|    policy_gradient_loss | -0.06      |
|    std                  | 0.876      |
|    value_loss           | 43.3       |
----------------------------------------
-----------------------------------------
| rollout/                |             |
|    ep_len_mean          | 1e+03       |
|    ep_rew_mean          | 1.11e+03    |
| time/                   |             |
|    fps                  | 29          |
|    iterations           | 76          |
|    time_elapsed         | 5231        |
|    total_timesteps      | 157696      |
| train/                  |             |
|    approx_kl            | 0.037779856 |
|    clip_fraction        | 0.376       |
|    clip_range           | 0.2         |
|    entropy_loss         | -15.4       |
|    explained_variance   | 0.806       |
|    learning_rate        | 0.0003      |
|    loss                 | 11.1        |
|    n_updates            | 760         |
|    policy_gradient_loss | -0.0685     |
|    std                  | 0.873       |
|    value_loss           | 26.8        |
-----------------------------------------
----------------------------------------
| rollout/                |            |
|    ep_len_mean          | 1e+03      |
|    ep_rew_mean          | 1.12e+03   |
| time/                   |            |
|    fps                  | 29         |
|    iterations           | 77         |
|    time_elapsed         | 5300       |
|    total_timesteps      | 159744     |
| train/                  |            |
|    approx_kl            | 0.02611724 |
|    clip_fraction        | 0.304      |
|    clip_range           | 0.2        |
|    entropy_loss         | -15.4      |
|    explained_variance   | 0.844      |
|    learning_rate        | 0.0003     |
|    loss                 | 19.9       |
|    n_updates            | 770        |
|    policy_gradient_loss | -0.0582    |
|    std                  | 0.869      |
|    value_loss           | 46.7       |
----------------------------------------
-----------------------------------------
| rollout/                |             |
|    ep_len_mean          | 1e+03       |
|    ep_rew_mean          | 1.12e+03    |
| time/                   |             |
|    fps                  | 29          |
|    iterations           | 78          |
|    time_elapsed         | 5369        |
|    total_timesteps      | 161792      |
| train/                  |             |
|    approx_kl            | 0.024856491 |
|    clip_fraction        | 0.303       |
|    clip_range           | 0.2         |
|    entropy_loss         | -15.3       |
|    explained_variance   | 0.873       |
|    learning_rate        | 0.0003      |
|    loss                 | 31.6        |
|    n_updates            | 780         |
|    policy_gradient_loss | -0.0616     |
|    std                  | 0.869       |
|    value_loss           | 56.6        |
-----------------------------------------
-----------------------------------------
| rollout/                |             |
|    ep_len_mean          | 1e+03       |
|    ep_rew_mean          | 1.14e+03    |
| time/                   |             |
|    fps                  | 29          |
|    iterations           | 79          |
|    time_elapsed         | 5438        |
|    total_timesteps      | 163840      |
| train/                  |             |
|    approx_kl            | 0.037274696 |
|    clip_fraction        | 0.332       |
|    clip_range           | 0.2         |
|    entropy_loss         | -15.3       |
|    explained_variance   | 0.635       |
|    learning_rate        | 0.0003      |
|    loss                 | 10.9        |
|    n_updates            | 790         |
|    policy_gradient_loss | -0.0607     |
|    std                  | 0.868       |
|    value_loss           | 35.3        |
-----------------------------------------
----------------------------------------
| rollout/                |            |
|    ep_len_mean          | 1e+03      |
|    ep_rew_mean          | 1.14e+03   |
| time/                   |            |
|    fps                  | 29         |
|    iterations           | 80         |
|    time_elapsed         | 5507       |
|    total_timesteps      | 165888     |
| train/                  |            |
|    approx_kl            | 0.03463313 |
|    clip_fraction        | 0.374      |
|    clip_range           | 0.2        |
|    entropy_loss         | -15.3      |
|    explained_variance   | 0.862      |
|    learning_rate        | 0.0003     |
|    loss                 | 13.5       |
|    n_updates            | 800        |
|    policy_gradient_loss | -0.0688    |
|    std                  | 0.866      |
|    value_loss           | 30.6       |
----------------------------------------
-----------------------------------------
| rollout/                |             |
|    ep_len_mean          | 1e+03       |
|    ep_rew_mean          | 1.16e+03    |
| time/                   |             |
|    fps                  | 29          |
|    iterations           | 81          |
|    time_elapsed         | 5576        |
|    total_timesteps      | 167936      |
| train/                  |             |
|    approx_kl            | 0.024648383 |
|    clip_fraction        | 0.287       |
|    clip_range           | 0.2         |
|    entropy_loss         | -15.3       |
|    explained_variance   | 0.713       |
|    learning_rate        | 0.0003      |
|    loss                 | 18.3        |
|    n_updates            | 810         |
|    policy_gradient_loss | -0.0565     |
|    std                  | 0.865       |
|    value_loss           | 45.2        |
-----------------------------------------
-----------------------------------------
| rollout/                |             |
|    ep_len_mean          | 1e+03       |
|    ep_rew_mean          | 1.16e+03    |
| time/                   |             |
|    fps                  | 29          |
|    iterations           | 82          |
|    time_elapsed         | 5644        |
|    total_timesteps      | 169984      |
| train/                  |             |
|    approx_kl            | 0.045720294 |
|    clip_fraction        | 0.389       |
|    clip_range           | 0.2         |
|    entropy_loss         | -15.3       |
|    explained_variance   | 0.676       |
|    learning_rate        | 0.0003      |
|    loss                 | 11.9        |
|    n_updates            | 820         |
|    policy_gradient_loss | -0.0671     |
|    std                  | 0.863       |
|    value_loss           | 25.2        |
-----------------------------------------
-----------------------------------------
| rollout/                |             |
|    ep_len_mean          | 1e+03       |
|    ep_rew_mean          | 1.17e+03    |
| time/                   |             |
|    fps                  | 29          |
|    iterations           | 83          |
|    time_elapsed         | 5714        |
|    total_timesteps      | 172032      |
| train/                  |             |
|    approx_kl            | 0.022321232 |
|    clip_fraction        | 0.303       |
|    clip_range           | 0.2         |
|    entropy_loss         | -15.2       |
|    explained_variance   | 0.813       |
|    learning_rate        | 0.0003      |
|    loss                 | 19.5        |
|    n_updates            | 830         |
|    policy_gradient_loss | -0.0579     |
|    std                  | 0.862       |
|    value_loss           | 49.8        |
-----------------------------------------
-----------------------------------------
| rollout/                |             |
|    ep_len_mean          | 1e+03       |
|    ep_rew_mean          | 1.18e+03    |
| time/                   |             |
|    fps                  | 29          |
|    iterations           | 84          |
|    time_elapsed         | 5783        |
|    total_timesteps      | 174080      |
| train/                  |             |
|    approx_kl            | 0.024015507 |
|    clip_fraction        | 0.308       |
|    clip_range           | 0.2         |
|    entropy_loss         | -15.2       |
|    explained_variance   | 0.794       |
|    learning_rate        | 0.0003      |
|    loss                 | 31.4        |
|    n_updates            | 840         |
|    policy_gradient_loss | -0.0638     |
|    std                  | 0.86        |
|    value_loss           | 67.4        |
-----------------------------------------
-----------------------------------------
| rollout/                |             |
|    ep_len_mean          | 1e+03       |
|    ep_rew_mean          | 1.17e+03    |
| time/                   |             |
|    fps                  | 29          |
|    iterations           | 85          |
|    time_elapsed         | 5852        |
|    total_timesteps      | 176128      |
| train/                  |             |
|    approx_kl            | 0.022905372 |
|    clip_fraction        | 0.293       |
|    clip_range           | 0.2         |
|    entropy_loss         | -15.2       |
|    explained_variance   | 0.777       |
|    learning_rate        | 0.0003      |
|    loss                 | 26.6        |
|    n_updates            | 850         |
|    policy_gradient_loss | -0.0615     |
|    std                  | 0.858       |
|    value_loss           | 59.4        |
-----------------------------------------
-----------------------------------------
| rollout/                |             |
|    ep_len_mean          | 1e+03       |
|    ep_rew_mean          | 1.17e+03    |
| time/                   |             |
|    fps                  | 29          |
|    iterations           | 86          |
|    time_elapsed         | 5921        |
|    total_timesteps      | 178176      |
| train/                  |             |
|    approx_kl            | 0.017603945 |
|    clip_fraction        | 0.247       |
|    clip_range           | 0.2         |
|    entropy_loss         | -15.2       |
|    explained_variance   | 0.721       |
|    learning_rate        | 0.0003      |
|    loss                 | 33.5        |
|    n_updates            | 860         |
|    policy_gradient_loss | -0.0452     |
|    std                  | 0.857       |
|    value_loss           | 96.2        |
-----------------------------------------
-----------------------------------------
| rollout/                |             |
|    ep_len_mean          | 1e+03       |
|    ep_rew_mean          | 1.17e+03    |
| time/                   |             |
|    fps                  | 29          |
|    iterations           | 87          |
|    time_elapsed         | 5990        |
|    total_timesteps      | 180224      |
| train/                  |             |
|    approx_kl            | 0.020047108 |
|    clip_fraction        | 0.251       |
|    clip_range           | 0.2         |
|    entropy_loss         | -15.2       |
|    explained_variance   | 0.799       |
|    learning_rate        | 0.0003      |
|    loss                 | 32.2        |
|    n_updates            | 870         |
|    policy_gradient_loss | -0.0516     |
|    std                  | 0.857       |
|    value_loss           | 83.3        |
-----------------------------------------
----------------------------------------
| rollout/                |            |
|    ep_len_mean          | 1e+03      |
|    ep_rew_mean          | 1.17e+03   |
| time/                   |            |
|    fps                  | 29         |
|    iterations           | 88         |
|    time_elapsed         | 6059       |
|    total_timesteps      | 182272     |
| train/                  |            |
|    approx_kl            | 0.01913742 |
|    clip_fraction        | 0.277      |
|    clip_range           | 0.2        |
|    entropy_loss         | -15.2      |
|    explained_variance   | 0.775      |
|    learning_rate        | 0.0003     |
|    loss                 | 48.4       |
|    n_updates            | 880        |
|    policy_gradient_loss | -0.0547    |
|    std                  | 0.857      |
|    value_loss           | 105        |
----------------------------------------
-----------------------------------------
| rollout/                |             |
|    ep_len_mean          | 1e+03       |
|    ep_rew_mean          | 1.18e+03    |
| time/                   |             |
|    fps                  | 29          |
|    iterations           | 89          |
|    time_elapsed         | 6128        |
|    total_timesteps      | 184320      |
| train/                  |             |
|    approx_kl            | 0.018224563 |
|    clip_fraction        | 0.273       |
|    clip_range           | 0.2         |
|    entropy_loss         | -15.2       |
|    explained_variance   | 0.851       |
|    learning_rate        | 0.0003      |
|    loss                 | 32.9        |
|    n_updates            | 890         |
|    policy_gradient_loss | -0.0544     |
|    std                  | 0.856       |
|    value_loss           | 81.2        |
-----------------------------------------
----------------------------------------
| rollout/                |            |
|    ep_len_mean          | 1e+03      |
|    ep_rew_mean          | 1.18e+03   |
| time/                   |            |
|    fps                  | 29         |
|    iterations           | 90         |
|    time_elapsed         | 6196       |
|    total_timesteps      | 186368     |
| train/                  |            |
|    approx_kl            | 0.01834738 |
|    clip_fraction        | 0.268      |
|    clip_range           | 0.2        |
|    entropy_loss         | -15.1      |
|    explained_variance   | 0.77       |
|    learning_rate        | 0.0003     |
|    loss                 | 38.4       |
|    n_updates            | 900        |
|    policy_gradient_loss | -0.0536    |
|    std                  | 0.855      |
|    value_loss           | 78.8       |
----------------------------------------
----------------------------------------
| rollout/                |            |
|    ep_len_mean          | 1e+03      |
|    ep_rew_mean          | 1.18e+03   |
| time/                   |            |
|    fps                  | 29         |
|    iterations           | 91         |
|    time_elapsed         | 6265       |
|    total_timesteps      | 188416     |
| train/                  |            |
|    approx_kl            | 0.01862451 |
|    clip_fraction        | 0.262      |
|    clip_range           | 0.2        |
|    entropy_loss         | -15.1      |
|    explained_variance   | 0.791      |
|    learning_rate        | 0.0003     |
|    loss                 | 30.8       |
|    n_updates            | 910        |
|    policy_gradient_loss | -0.0498    |
|    std                  | 0.854      |
|    value_loss           | 82.2       |
----------------------------------------
-----------------------------------------
| rollout/                |             |
|    ep_len_mean          | 1e+03       |
|    ep_rew_mean          | 1.19e+03    |
| time/                   |             |
|    fps                  | 29          |
|    iterations           | 92          |
|    time_elapsed         | 6334        |
|    total_timesteps      | 190464      |
| train/                  |             |
|    approx_kl            | 0.020790592 |
|    clip_fraction        | 0.278       |
|    clip_range           | 0.2         |
|    entropy_loss         | -15.1       |
|    explained_variance   | 0.92        |
|    learning_rate        | 0.0003      |
|    loss                 | 20.5        |
|    n_updates            | 920         |
|    policy_gradient_loss | -0.0556     |
|    std                  | 0.854       |
|    value_loss           | 54.2        |
-----------------------------------------
---------------------------------------
| rollout/                |           |
|    ep_len_mean          | 1e+03     |
|    ep_rew_mean          | 1.21e+03  |
| time/                   |           |
|    fps                  | 29        |
|    iterations           | 93        |
|    time_elapsed         | 6402      |
|    total_timesteps      | 192512    |
| train/                  |           |
|    approx_kl            | 0.0174342 |
|    clip_fraction        | 0.243     |
|    clip_range           | 0.2       |
|    entropy_loss         | -15.1     |
|    explained_variance   | 0.862     |
|    learning_rate        | 0.0003    |
|    loss                 | 44.8      |
|    n_updates            | 930       |
|    policy_gradient_loss | -0.0492   |
|    std                  | 0.852     |
|    value_loss           | 105       |
---------------------------------------
----------------------------------------
| rollout/                |            |
|    ep_len_mean          | 1e+03      |
|    ep_rew_mean          | 1.21e+03   |
| time/                   |            |
|    fps                  | 29         |
|    iterations           | 94         |
|    time_elapsed         | 6470       |
|    total_timesteps      | 194560     |
| train/                  |            |
|    approx_kl            | 0.03480098 |
|    clip_fraction        | 0.338      |
|    clip_range           | 0.2        |
|    entropy_loss         | -15.1      |
|    explained_variance   | -0.0452    |
|    learning_rate        | 0.0003     |
|    loss                 | 16.6       |
|    n_updates            | 940        |
|    policy_gradient_loss | -0.0581    |
|    std                  | 0.851      |
|    value_loss           | 47         |
----------------------------------------
---------------------------------------
| rollout/                |           |
|    ep_len_mean          | 1e+03     |
|    ep_rew_mean          | 1.22e+03  |
| time/                   |           |
|    fps                  | 29        |
|    iterations           | 95        |
|    time_elapsed         | 6539      |
|    total_timesteps      | 196608    |
| train/                  |           |
|    approx_kl            | 0.0199407 |
|    clip_fraction        | 0.287     |
|    clip_range           | 0.2       |
|    entropy_loss         | -15.1     |
|    explained_variance   | 0.881     |
|    learning_rate        | 0.0003    |
|    loss                 | 42.3      |
|    n_updates            | 950       |
|    policy_gradient_loss | -0.0493   |
|    std                  | 0.85      |
|    value_loss           | 86.2      |
---------------------------------------
-----------------------------------------
| rollout/                |             |
|    ep_len_mean          | 1e+03       |
|    ep_rew_mean          | 1.22e+03    |
| time/                   |             |
|    fps                  | 29          |
|    iterations           | 96          |
|    time_elapsed         | 6608        |
|    total_timesteps      | 198656      |
| train/                  |             |
|    approx_kl            | 0.020026837 |
|    clip_fraction        | 0.268       |
|    clip_range           | 0.2         |
|    entropy_loss         | -15.1       |
|    explained_variance   | 0.9         |
|    learning_rate        | 0.0003      |
|    loss                 | 36          |
|    n_updates            | 960         |
|    policy_gradient_loss | -0.0512     |
|    std                  | 0.849       |
|    value_loss           | 82.7        |
-----------------------------------------
----------------------------------------
| rollout/                |            |
|    ep_len_mean          | 1e+03      |
|    ep_rew_mean          | 1.22e+03   |
| time/                   |            |
|    fps                  | 29         |
|    iterations           | 97         |
|    time_elapsed         | 6678       |
|    total_timesteps      | 200704     |
| train/                  |            |
|    approx_kl            | 0.01896922 |
|    clip_fraction        | 0.256      |
|    clip_range           | 0.2        |
|    entropy_loss         | -15        |
|    explained_variance   | 0.809      |
|    learning_rate        | 0.0003     |
|    loss                 | 68.6       |
|    n_updates            | 970        |
|    policy_gradient_loss | -0.0529    |
|    std                  | 0.849      |
|    value_loss           | 129        |
----------------------------------------
【训练】完成：本次 197952 步，耗时 111.3 分钟（约 29.6 steps/s）
【训练】累计总步数 = 200704
【训练】最终模型已保存：checkpoints/ppo_walk_final.zip
