============================================================
【配置】PPO 训练四足机器狗行走
============================================================
  环境类型        : stairs
  观测维度        : 51
  动作维度        : 12  (范围 [-1.0, 1.0])
  策略网络        : MlpPolicy  net_arch=[256, 256]
  n_steps        : 2048
  batch_size     : 256
  n_epochs       : 10
  gamma          : 0.99
  gae_lambda     : 0.95
  learning_rate  : 0.0003
  ent_coef       : 0.0
  clip_range     : 0.2
------------------------------------------------------------
  训练总步数      : 200000
  计算设备        : cuda
  阶段标签        : phase4_stairs
  日志目录        : runs/ppo_walk[_tag]_<时间戳>
  checkpoint 目录 : checkpoints
  checkpoint 间隔 : 20000
  评估间隔        : 20000  (每 3 集)
  继续训练        : checkpoints/p3_turn_final.zip
  随机种子        : （未设置）
============================================================
【训练】环境类型 = stairs，观测维度 = 51
【训练】阶段 = phase4_stairs，奖励权重 = {'alive_bonus': 1.0, 'forward_vel': 3.0, 'roll_penalty': -2.0, 'pitch_penalty': -2.0, 'action_sq': -0.05, 'fall_penalty': -10.0, 'heading_cos': 2.0, 'yaw_rate_penalty': -0.5, 'heading_bonus': 1.0, 'climb_reward': 2.0, 'on_step_reward': 1.0, 'drop_penalty': -3.0}
【训练】日志目录 = runs/ppo_walk_phase4_stairs_20260926-130400
【训练】checkpoint 目录 = checkpoints
【自检】创建环境（stairs）并执行 reset/step ...
【自检】通过：reset / step 接口正常
【自检】耗时 3.88s
【训练】训练环境已创建，观测维度=51，动作维度=12
【训练】每 20000 步保存 checkpoint → checkpoints/p4_stairs_<step>.zip
【训练】每 20000 步评估一次（3 集平均）
【训练】从 checkpoints/p3_turn_final.zip 继续训练 ...
/home/pma213x/.local/lib/python3.14/site-packages/stable_baselines3/common/on_policy_algorithm.py:150: UserWarning: You are trying to run PPO on the GPU, but it is primarily intended to run on the CPU when not using a CNN policy (you are using ActorCriticPolicy which should be a MlpPolicy). See https://github.com/DLR-RM/stable-baselines3/issues/1245 for more info. You can pass `device='cpu'` or `export CUDA_VISIBLE_DEVICES=` to force using the CPU.Note: The model will train, but the GPU utilization will be poor and the training might take longer than on CPU.
  warnings.warn(
【训练】旧模型 obs_dim=45，新环境 obs_dim=51
【训练】obs 维度不一致，执行首层扩展热启动 ...
Using cuda device
【训练】热启动完成：同形状拷贝 11 个参数张量，首层扩展 2 处（新增输入通道置零）
【训练】已加载模型，当前累计步数 = 0
【训练】开始训练：本次运行 200000 步（目标总步数 200000）
Logging to runs/ppo_walk_phase4_stairs_20260926-130400/PPO_0
---------------------------------
| rollout/           |          |
|    ep_len_mean     | 1e+03    |
|    ep_rew_mean     | 3.25e+03 |
| time/              |          |
|    fps             | 9        |
|    iterations      | 1        |
|    time_elapsed    | 207      |
|    total_timesteps | 2048     |
---------------------------------
----------------------------------------
| rollout/                |            |
|    ep_len_mean          | 1e+03      |
|    ep_rew_mean          | 3.17e+03   |
| time/                   |            |
|    fps                  | 10         |
|    iterations           | 2          |
|    time_elapsed         | 395        |
|    total_timesteps      | 4096       |
| train/                  |            |
|    approx_kl            | 0.03537992 |
|    clip_fraction        | 0.399      |
|    clip_range           | 0.2        |
|    entropy_loss         | -12.5      |
|    explained_variance   | 0.696      |
|    learning_rate        | 0.0003     |
|    loss                 | 49.3       |
|    n_updates            | 10         |
|    policy_gradient_loss | -0.0704    |
|    std                  | 0.685      |
|    value_loss           | 111        |
----------------------------------------
-----------------------------------------
| rollout/                |             |
|    ep_len_mean          | 1e+03       |
|    ep_rew_mean          | 2.52e+03    |
| time/                   |             |
|    fps                  | 10          |
|    iterations           | 3           |
|    time_elapsed         | 579         |
|    total_timesteps      | 6144        |
| train/                  |             |
|    approx_kl            | 0.029319007 |
|    clip_fraction        | 0.316       |
|    clip_range           | 0.2         |
|    entropy_loss         | -12.4       |
|    explained_variance   | 0.904       |
|    learning_rate        | 0.0003      |
|    loss                 | 56          |
|    n_updates            | 20          |
|    policy_gradient_loss | -0.0597     |
|    std                  | 0.683       |
|    value_loss           | 148         |
-----------------------------------------
----------------------------------------
| rollout/                |            |
|    ep_len_mean          | 1e+03      |
|    ep_rew_mean          | 2.15e+03   |
| time/                   |            |
|    fps                  | 10         |
|    iterations           | 4          |
|    time_elapsed         | 783        |
|    total_timesteps      | 8192       |
| train/                  |            |
|    approx_kl            | 0.03903071 |
|    clip_fraction        | 0.339      |
|    clip_range           | 0.2        |
|    entropy_loss         | -12.4      |
|    explained_variance   | 0.987      |
|    learning_rate        | 0.0003     |
|    loss                 | 39.8       |
|    n_updates            | 30         |
|    policy_gradient_loss | -0.0614    |
|    std                  | 0.682      |
|    value_loss           | 130        |
----------------------------------------
-----------------------------------------
| rollout/                |             |
|    ep_len_mean          | 1e+03       |
|    ep_rew_mean          | 2.24e+03    |
| time/                   |             |
|    fps                  | 10          |
|    iterations           | 5           |
|    time_elapsed         | 957         |
|    total_timesteps      | 10240       |
| train/                  |             |
|    approx_kl            | 0.034537952 |
|    clip_fraction        | 0.319       |
|    clip_range           | 0.2         |
|    entropy_loss         | -12.4       |
|    explained_variance   | 0.94        |
|    learning_rate        | 0.0003      |
|    loss                 | 21.4        |
|    n_updates            | 40          |
|    policy_gradient_loss | -0.0576     |
|    std                  | 0.68        |
|    value_loss           | 139         |
-----------------------------------------
-----------------------------------------
| rollout/                |             |
|    ep_len_mean          | 1e+03       |
|    ep_rew_mean          | 2.06e+03    |
| time/                   |             |
|    fps                  | 10          |
|    iterations           | 6           |
|    time_elapsed         | 1146        |
|    total_timesteps      | 12288       |
| train/                  |             |
|    approx_kl            | 0.030508496 |
|    clip_fraction        | 0.319       |
|    clip_range           | 0.2         |
|    entropy_loss         | -12.4       |
|    explained_variance   | 0.971       |
|    learning_rate        | 0.0003      |
|    loss                 | 88.9        |
|    n_updates            | 50          |
|    policy_gradient_loss | -0.0629     |
|    std                  | 0.679       |
|    value_loss           | 247         |
-----------------------------------------
----------------------------------------
| rollout/                |            |
|    ep_len_mean          | 1e+03      |
|    ep_rew_mean          | 1.88e+03   |
| time/                   |            |
|    fps                  | 10         |
|    iterations           | 7          |
|    time_elapsed         | 1332       |
|    total_timesteps      | 14336      |
| train/                  |            |
|    approx_kl            | 0.03896914 |
|    clip_fraction        | 0.298      |
|    clip_range           | 0.2        |
|    entropy_loss         | -12.3      |
|    explained_variance   | 0.974      |
|    learning_rate        | 0.0003     |
|    loss                 | 49.5       |
|    n_updates            | 60         |
|    policy_gradient_loss | -0.0611    |
|    std                  | 0.679      |
|    value_loss           | 172        |
----------------------------------------
----------------------------------------
| rollout/                |            |
|    ep_len_mean          | 1e+03      |
|    ep_rew_mean          | 1.86e+03   |
| time/                   |            |
|    fps                  | 10         |
|    iterations           | 8          |
|    time_elapsed         | 1518       |
|    total_timesteps      | 16384      |
| train/                  |            |
|    approx_kl            | 0.04494024 |
|    clip_fraction        | 0.349      |
|    clip_range           | 0.2        |
|    entropy_loss         | -12.3      |
|    explained_variance   | 0.987      |
|    learning_rate        | 0.0003     |
|    loss                 | 52.1       |
|    n_updates            | 70         |
|    policy_gradient_loss | -0.0613    |
|    std                  | 0.677      |
|    value_loss           | 177        |
----------------------------------------
-----------------------------------------
| rollout/                |             |
|    ep_len_mean          | 1e+03       |
|    ep_rew_mean          | 1.77e+03    |
| time/                   |             |
|    fps                  | 10          |
|    iterations           | 9           |
|    time_elapsed         | 1717        |
|    total_timesteps      | 18432       |
| train/                  |             |
|    approx_kl            | 0.021386212 |
|    clip_fraction        | 0.27        |
|    clip_range           | 0.2         |
|    entropy_loss         | -12.3       |
|    explained_variance   | 0.958       |
|    learning_rate        | 0.0003      |
|    loss                 | 84.6        |
|    n_updates            | 80          |
|    policy_gradient_loss | -0.0501     |
|    std                  | 0.677       |
|    value_loss           | 257         |
-----------------------------------------
【评估】创建评估环境失败，跳过本次评估：[Errno 98] Address already in use
----------------------------------------
| rollout/                |            |
|    ep_len_mean          | 1e+03      |
|    ep_rew_mean          | 1.92e+03   |
| time/                   |            |
|    fps                  | 10         |
|    iterations           | 10         |
|    time_elapsed         | 1893       |
|    total_timesteps      | 20480      |
| train/                  |            |
|    approx_kl            | 0.02901355 |
|    clip_fraction        | 0.296      |
|    clip_range           | 0.2        |
|    entropy_loss         | -12.3      |
|    explained_variance   | 0.959      |
|    learning_rate        | 0.0003     |
|    loss                 | 49.3       |
|    n_updates            | 90         |
|    policy_gradient_loss | -0.0605    |
|    std                  | 0.677      |
|    value_loss           | 188        |
----------------------------------------
---------------------------------------
| rollout/                |           |
|    ep_len_mean          | 1e+03     |
|    ep_rew_mean          | 1.95e+03  |
| time/                   |           |
|    fps                  | 10        |
|    iterations           | 11        |
|    time_elapsed         | 2098      |
|    total_timesteps      | 22528     |
| train/                  |           |
|    approx_kl            | 0.0514526 |
|    clip_fraction        | 0.409     |
|    clip_range           | 0.2       |
|    entropy_loss         | -12.3     |
|    explained_variance   | 0.841     |
|    learning_rate        | 0.0003    |
|    loss                 | 51.7      |
|    n_updates            | 100       |
|    policy_gradient_loss | -0.0719   |
|    std                  | 0.675     |
|    value_loss           | 133       |
---------------------------------------
----------------------------------------
| rollout/                |            |
|    ep_len_mean          | 1e+03      |
|    ep_rew_mean          | 1.83e+03   |
| time/                   |            |
|    fps                  | 10         |
|    iterations           | 12         |
|    time_elapsed         | 2296       |
|    total_timesteps      | 24576      |
| train/                  |            |
|    approx_kl            | 0.03095724 |
|    clip_fraction        | 0.337      |
|    clip_range           | 0.2        |
|    entropy_loss         | -12.3      |
|    explained_variance   | 0.99       |
|    learning_rate        | 0.0003     |
|    loss                 | 23.3       |
|    n_updates            | 110        |
|    policy_gradient_loss | -0.0568    |
|    std                  | 0.675      |
|    value_loss           | 75         |
----------------------------------------
-----------------------------------------
| rollout/                |             |
|    ep_len_mean          | 1e+03       |
|    ep_rew_mean          | 1.94e+03    |
| time/                   |             |
|    fps                  | 10          |
|    iterations           | 13          |
|    time_elapsed         | 2502        |
|    total_timesteps      | 26624       |
| train/                  |             |
|    approx_kl            | 0.020550568 |
|    clip_fraction        | 0.258       |
|    clip_range           | 0.2         |
|    entropy_loss         | -12.3       |
|    explained_variance   | 0.982       |
|    learning_rate        | 0.0003      |
|    loss                 | 47.5        |
|    n_updates            | 120         |
|    policy_gradient_loss | -0.0557     |
|    std                  | 0.674       |
|    value_loss           | 152         |
-----------------------------------------
---------------------------------------
| rollout/                |           |
|    ep_len_mean          | 1e+03     |
|    ep_rew_mean          | 1.98e+03  |
| time/                   |           |
|    fps                  | 10        |
|    iterations           | 14        |
|    time_elapsed         | 2700      |
|    total_timesteps      | 28672     |
| train/                  |           |
|    approx_kl            | 0.0644487 |
|    clip_fraction        | 0.445     |
|    clip_range           | 0.2       |
|    entropy_loss         | -12.2     |
|    explained_variance   | 0.88      |
|    learning_rate        | 0.0003    |
|    loss                 | 13.8      |
|    n_updates            | 130       |
|    policy_gradient_loss | -0.0695   |
|    std                  | 0.673     |
|    value_loss           | 47.5      |
---------------------------------------
-----------------------------------------
| rollout/                |             |
|    ep_len_mean          | 1e+03       |
|    ep_rew_mean          | 2.05e+03    |
| time/                   |             |
|    fps                  | 10          |
|    iterations           | 15          |
|    time_elapsed         | 2880        |
|    total_timesteps      | 30720       |
| train/                  |             |
|    approx_kl            | 0.029519906 |
|    clip_fraction        | 0.324       |
|    clip_range           | 0.2         |
|    entropy_loss         | -12.2       |
|    explained_variance   | 0.919       |
|    learning_rate        | 0.0003      |
|    loss                 | 59.1        |
|    n_updates            | 140         |
|    policy_gradient_loss | -0.0627     |
|    std                  | 0.673       |
|    value_loss           | 142         |
-----------------------------------------
----------------------------------------
| rollout/                |            |
|    ep_len_mean          | 1e+03      |
|    ep_rew_mean          | 2.05e+03   |
| time/                   |            |
|    fps                  | 10         |
|    iterations           | 16         |
|    time_elapsed         | 3070       |
|    total_timesteps      | 32768      |
| train/                  |            |
|    approx_kl            | 0.04309745 |
|    clip_fraction        | 0.363      |
|    clip_range           | 0.2        |
|    entropy_loss         | -12.2      |
|    explained_variance   | 0.863      |
|    learning_rate        | 0.0003     |
|    loss                 | 36.5       |
|    n_updates            | 150        |
|    policy_gradient_loss | -0.0702    |
|    std                  | 0.673      |
|    value_loss           | 141        |
----------------------------------------
----------------------------------------
| rollout/                |            |
|    ep_len_mean          | 1e+03      |
|    ep_rew_mean          | 2.04e+03   |
| time/                   |            |
|    fps                  | 10         |
|    iterations           | 17         |
|    time_elapsed         | 3277       |
|    total_timesteps      | 34816      |
| train/                  |            |
|    approx_kl            | 0.03033566 |
|    clip_fraction        | 0.317      |
|    clip_range           | 0.2        |
|    entropy_loss         | -12.2      |
|    explained_variance   | 0.907      |
|    learning_rate        | 0.0003     |
|    loss                 | 43.6       |
|    n_updates            | 160        |
|    policy_gradient_loss | -0.0602    |
|    std                  | 0.672      |
|    value_loss           | 159        |
----------------------------------------
-----------------------------------------
| rollout/                |             |
|    ep_len_mean          | 1e+03       |
|    ep_rew_mean          | 2e+03       |
| time/                   |             |
|    fps                  | 10          |
|    iterations           | 18          |
|    time_elapsed         | 3474        |
|    total_timesteps      | 36864       |
| train/                  |             |
|    approx_kl            | 0.032611795 |
|    clip_fraction        | 0.332       |
|    clip_range           | 0.2         |
|    entropy_loss         | -12.2       |
|    explained_variance   | 0.954       |
|    learning_rate        | 0.0003      |
|    loss                 | 44.9        |
|    n_updates            | 170         |
|    policy_gradient_loss | -0.0567     |
|    std                  | 0.672       |
|    value_loss           | 127         |
-----------------------------------------
-----------------------------------------
| rollout/                |             |
|    ep_len_mean          | 1e+03       |
|    ep_rew_mean          | 2.06e+03    |
| time/                   |             |
|    fps                  | 10          |
|    iterations           | 19          |
|    time_elapsed         | 3658        |
|    total_timesteps      | 38912       |
| train/                  |             |
|    approx_kl            | 0.020389723 |
|    clip_fraction        | 0.265       |
|    clip_range           | 0.2         |
|    entropy_loss         | -12.2       |
|    explained_variance   | 0.948       |
|    learning_rate        | 0.0003      |
|    loss                 | 85.4        |
|    n_updates            | 180         |
|    policy_gradient_loss | -0.0527     |
|    std                  | 0.672       |
|    value_loss           | 231         |
-----------------------------------------
-----------------------------------------
| rollout/                |             |
|    ep_len_mean          | 1e+03       |
|    ep_rew_mean          | 2.1e+03     |
| time/                   |             |
|    fps                  | 10          |
|    iterations           | 20          |
|    time_elapsed         | 3834        |
|    total_timesteps      | 40960       |
| train/                  |             |
|    approx_kl            | 0.032932393 |
|    clip_fraction        | 0.345       |
|    clip_range           | 0.2         |
|    entropy_loss         | -12.2       |
|    explained_variance   | 0.915       |
|    learning_rate        | 0.0003      |
|    loss                 | 66.9        |
|    n_updates            | 190         |
|    policy_gradient_loss | -0.0687     |
|    std                  | 0.67        |
|    value_loss           | 176         |
-----------------------------------------
-----------------------------------------
| rollout/                |             |
|    ep_len_mean          | 1e+03       |
|    ep_rew_mean          | 2.06e+03    |
| time/                   |             |
|    fps                  | 10          |
|    iterations           | 21          |
|    time_elapsed         | 4037        |
|    total_timesteps      | 43008       |
| train/                  |             |
|    approx_kl            | 0.039453104 |
|    clip_fraction        | 0.37        |
|    clip_range           | 0.2         |
|    entropy_loss         | -12.2       |
|    explained_variance   | 0.871       |
|    learning_rate        | 0.0003      |
|    loss                 | 63          |
|    n_updates            | 200         |
|    policy_gradient_loss | -0.0716     |
|    std                  | 0.67        |
|    value_loss           | 148         |
-----------------------------------------
-----------------------------------------
| rollout/                |             |
|    ep_len_mean          | 1e+03       |
|    ep_rew_mean          | 2.11e+03    |
| time/                   |             |
|    fps                  | 10          |
|    iterations           | 22          |
|    time_elapsed         | 4239        |
|    total_timesteps      | 45056       |
| train/                  |             |
|    approx_kl            | 0.024326455 |
|    clip_fraction        | 0.279       |
|    clip_range           | 0.2         |
|    entropy_loss         | -12.2       |
|    explained_variance   | 0.952       |
|    learning_rate        | 0.0003      |
|    loss                 | 63.2        |
|    n_updates            | 210         |
|    policy_gradient_loss | -0.0558     |
|    std                  | 0.669       |
|    value_loss           | 227         |
-----------------------------------------
-----------------------------------------
| rollout/                |             |
|    ep_len_mean          | 1e+03       |
|    ep_rew_mean          | 2.12e+03    |
| time/                   |             |
|    fps                  | 10          |
|    iterations           | 23          |
|    time_elapsed         | 4432        |
|    total_timesteps      | 47104       |
| train/                  |             |
|    approx_kl            | 0.027597457 |
|    clip_fraction        | 0.338       |
|    clip_range           | 0.2         |
|    entropy_loss         | -12.2       |
|    explained_variance   | 0.907       |
|    learning_rate        | 0.0003      |
|    loss                 | 50.1        |
|    n_updates            | 220         |
|    policy_gradient_loss | -0.0639     |
|    std                  | 0.668       |
|    value_loss           | 145         |
-----------------------------------------
-----------------------------------------
| rollout/                |             |
|    ep_len_mean          | 1e+03       |
|    ep_rew_mean          | 2.11e+03    |
| time/                   |             |
|    fps                  | 10          |
|    iterations           | 24          |
|    time_elapsed         | 4622        |
|    total_timesteps      | 49152       |
| train/                  |             |
|    approx_kl            | 0.036040436 |
|    clip_fraction        | 0.36        |
|    clip_range           | 0.2         |
|    entropy_loss         | -12.1       |
|    explained_variance   | 0.902       |
|    learning_rate        | 0.0003      |
|    loss                 | 46.9        |
|    n_updates            | 230         |
|    policy_gradient_loss | -0.0717     |
|    std                  | 0.666       |
|    value_loss           | 164         |
-----------------------------------------
-----------------------------------------
| rollout/                |             |
|    ep_len_mean          | 1e+03       |
|    ep_rew_mean          | 2.03e+03    |
| time/                   |             |
|    fps                  | 10          |
|    iterations           | 25          |
|    time_elapsed         | 4823        |
|    total_timesteps      | 51200       |
| train/                  |             |
|    approx_kl            | 0.031530943 |
|    clip_fraction        | 0.328       |
|    clip_range           | 0.2         |
|    entropy_loss         | -12.1       |
|    explained_variance   | 0.964       |
|    learning_rate        | 0.0003      |
|    loss                 | 46.1        |
|    n_updates            | 240         |
|    policy_gradient_loss | -0.0613     |
|    std                  | 0.665       |
|    value_loss           | 153         |
-----------------------------------------
----------------------------------------
| rollout/                |            |
|    ep_len_mean          | 1e+03      |
|    ep_rew_mean          | 2.05e+03   |
| time/                   |            |
|    fps                  | 10         |
|    iterations           | 26         |
|    time_elapsed         | 5020       |
|    total_timesteps      | 53248      |
| train/                  |            |
|    approx_kl            | 0.02060214 |
|    clip_fraction        | 0.243      |
|    clip_range           | 0.2        |
|    entropy_loss         | -12.1      |
|    explained_variance   | 0.949      |
|    learning_rate        | 0.0003     |
|    loss                 | 142        |
|    n_updates            | 250        |
|    policy_gradient_loss | -0.0572    |
|    std                  | 0.664      |
|    value_loss           | 373        |
----------------------------------------
-----------------------------------------
| rollout/                |             |
|    ep_len_mean          | 1e+03       |
|    ep_rew_mean          | 2.08e+03    |
| time/                   |             |
|    fps                  | 10          |
|    iterations           | 27          |
|    time_elapsed         | 5214        |
|    total_timesteps      | 55296       |
| train/                  |             |
|    approx_kl            | 0.041922692 |
|    clip_fraction        | 0.373       |
|    clip_range           | 0.2         |
|    entropy_loss         | -12.1       |
|    explained_variance   | 0.787       |
|    learning_rate        | 0.0003      |
|    loss                 | 61.8        |
|    n_updates            | 260         |
|    policy_gradient_loss | -0.0691     |
|    std                  | 0.665       |
|    value_loss           | 151         |
-----------------------------------------
-----------------------------------------
| rollout/                |             |
|    ep_len_mean          | 1e+03       |
|    ep_rew_mean          | 2.05e+03    |
| time/                   |             |
|    fps                  | 10          |
|    iterations           | 28          |
|    time_elapsed         | 5405        |
|    total_timesteps      | 57344       |
| train/                  |             |
|    approx_kl            | 0.030580524 |
|    clip_fraction        | 0.338       |
|    clip_range           | 0.2         |
|    entropy_loss         | -12.1       |
|    explained_variance   | 0.958       |
|    learning_rate        | 0.0003      |
|    loss                 | 60.4        |
|    n_updates            | 270         |
|    policy_gradient_loss | -0.0639     |
|    std                  | 0.664       |
|    value_loss           | 158         |
-----------------------------------------
----------------------------------------
| rollout/                |            |
|    ep_len_mean          | 1e+03      |
|    ep_rew_mean          | 2.08e+03   |
| time/                   |            |
|    fps                  | 10         |
|    iterations           | 29         |
|    time_elapsed         | 5599       |
|    total_timesteps      | 59392      |
| train/                  |            |
|    approx_kl            | 0.03178411 |
|    clip_fraction        | 0.333      |
|    clip_range           | 0.2        |
|    entropy_loss         | -12.1      |
|    explained_variance   | 0.984      |
|    learning_rate        | 0.0003     |
|    loss                 | 48.9       |
|    n_updates            | 280        |
|    policy_gradient_loss | -0.0652    |
|    std                  | 0.663      |
|    value_loss           | 159        |
----------------------------------------
-----------------------------------------
| rollout/                |             |
|    ep_len_mean          | 1e+03       |
|    ep_rew_mean          | 2.05e+03    |
| time/                   |             |
|    fps                  | 10          |
|    iterations           | 30          |
|    time_elapsed         | 5795        |
|    total_timesteps      | 61440       |
| train/                  |             |
|    approx_kl            | 0.030169802 |
|    clip_fraction        | 0.341       |
|    clip_range           | 0.2         |
|    entropy_loss         | -12.1       |
|    explained_variance   | 0.857       |
|    learning_rate        | 0.0003      |
|    loss                 | 66.3        |
|    n_updates            | 290         |
|    policy_gradient_loss | -0.0659     |
|    std                  | 0.663       |
|    value_loss           | 173         |
-----------------------------------------
----------------------------------------
| rollout/                |            |
|    ep_len_mean          | 1e+03      |
|    ep_rew_mean          | 2.06e+03   |
| time/                   |            |
|    fps                  | 10         |
|    iterations           | 31         |
|    time_elapsed         | 5988       |
|    total_timesteps      | 63488      |
| train/                  |            |
|    approx_kl            | 0.04917577 |
|    clip_fraction        | 0.393      |
|    clip_range           | 0.2        |
|    entropy_loss         | -12.1      |
|    explained_variance   | 0.988      |
|    learning_rate        | 0.0003     |
|    loss                 | 31.9       |
|    n_updates            | 300        |
|    policy_gradient_loss | -0.0656    |
|    std                  | 0.663      |
|    value_loss           | 93.1       |
----------------------------------------
-----------------------------------------
| rollout/                |             |
|    ep_len_mean          | 1e+03       |
|    ep_rew_mean          | 2.08e+03    |
| time/                   |             |
|    fps                  | 10          |
|    iterations           | 32          |
|    time_elapsed         | 6181        |
|    total_timesteps      | 65536       |
| train/                  |             |
|    approx_kl            | 0.032701764 |
|    clip_fraction        | 0.342       |
|    clip_range           | 0.2         |
|    entropy_loss         | -12.1       |
|    explained_variance   | 0.979       |
|    learning_rate        | 0.0003      |
|    loss                 | 44.4        |
|    n_updates            | 310         |
|    policy_gradient_loss | -0.0623     |
|    std                  | 0.662       |
|    value_loss           | 129         |
-----------------------------------------
-----------------------------------------
| rollout/                |             |
|    ep_len_mean          | 1e+03       |
|    ep_rew_mean          | 2.07e+03    |
| time/                   |             |
|    fps                  | 10          |
|    iterations           | 33          |
|    time_elapsed         | 6369        |
|    total_timesteps      | 67584       |
| train/                  |             |
|    approx_kl            | 0.029045314 |
|    clip_fraction        | 0.317       |
|    clip_range           | 0.2         |
|    entropy_loss         | -12         |
|    explained_variance   | 0.964       |
|    learning_rate        | 0.0003      |
|    loss                 | 70.3        |
|    n_updates            | 320         |
|    policy_gradient_loss | -0.0575     |
|    std                  | 0.661       |
|    value_loss           | 196         |
-----------------------------------------
----------------------------------------
| rollout/                |            |
|    ep_len_mean          | 1e+03      |
|    ep_rew_mean          | 2.03e+03   |
| time/                   |            |
|    fps                  | 10         |
|    iterations           | 34         |
|    time_elapsed         | 6565       |
|    total_timesteps      | 69632      |
| train/                  |            |
|    approx_kl            | 0.03641408 |
|    clip_fraction        | 0.342      |
|    clip_range           | 0.2        |
|    entropy_loss         | -12        |
|    explained_variance   | 0.971      |
|    learning_rate        | 0.0003     |
|    loss                 | 45         |
|    n_updates            | 330        |
|    policy_gradient_loss | -0.0681    |
|    std                  | 0.66       |
|    value_loss           | 151        |
----------------------------------------
-----------------------------------------
| rollout/                |             |
|    ep_len_mean          | 1e+03       |
|    ep_rew_mean          | 2e+03       |
| time/                   |             |
|    fps                  | 10          |
|    iterations           | 35          |
|    time_elapsed         | 6766        |
|    total_timesteps      | 71680       |
| train/                  |             |
|    approx_kl            | 0.027680453 |
|    clip_fraction        | 0.291       |
|    clip_range           | 0.2         |
|    entropy_loss         | -12         |
|    explained_variance   | 0.95        |
|    learning_rate        | 0.0003      |
|    loss                 | 73.6        |
|    n_updates            | 340         |
|    policy_gradient_loss | -0.0537     |
|    std                  | 0.659       |
|    value_loss           | 215         |
-----------------------------------------
-----------------------------------------
| rollout/                |             |
|    ep_len_mean          | 1e+03       |
|    ep_rew_mean          | 1.98e+03    |
| time/                   |             |
|    fps                  | 10          |
|    iterations           | 36          |
|    time_elapsed         | 6960        |
|    total_timesteps      | 73728       |
| train/                  |             |
|    approx_kl            | 0.041636407 |
|    clip_fraction        | 0.371       |
|    clip_range           | 0.2         |
|    entropy_loss         | -12         |
|    explained_variance   | 0.986       |
|    learning_rate        | 0.0003      |
|    loss                 | 50          |
|    n_updates            | 350         |
|    policy_gradient_loss | -0.0629     |
|    std                  | 0.658       |
|    value_loss           | 134         |
-----------------------------------------
-----------------------------------------
| rollout/                |             |
|    ep_len_mean          | 1e+03       |
|    ep_rew_mean          | 2.01e+03    |
| time/                   |             |
|    fps                  | 10          |
|    iterations           | 37          |
|    time_elapsed         | 7138        |
|    total_timesteps      | 75776       |
| train/                  |             |
|    approx_kl            | 0.032194715 |
|    clip_fraction        | 0.316       |
|    clip_range           | 0.2         |
|    entropy_loss         | -12         |
|    explained_variance   | 0.977       |
|    learning_rate        | 0.0003      |
|    loss                 | 42.8        |
|    n_updates            | 360         |
|    policy_gradient_loss | -0.0588     |
|    std                  | 0.658       |
|    value_loss           | 172         |
-----------------------------------------
-----------------------------------------
| rollout/                |             |
|    ep_len_mean          | 1e+03       |
|    ep_rew_mean          | 2.02e+03    |
| time/                   |             |
|    fps                  | 10          |
|    iterations           | 38          |
|    time_elapsed         | 7333        |
|    total_timesteps      | 77824       |
| train/                  |             |
|    approx_kl            | 0.026035093 |
|    clip_fraction        | 0.334       |
|    clip_range           | 0.2         |
|    entropy_loss         | -11.9       |
|    explained_variance   | 0.901       |
|    learning_rate        | 0.0003      |
|    loss                 | 105         |
|    n_updates            | 370         |
|    policy_gradient_loss | -0.0637     |
|    std                  | 0.657       |
|    value_loss           | 264         |
-----------------------------------------
----------------------------------------
| rollout/                |            |
|    ep_len_mean          | 1e+03      |
|    ep_rew_mean          | 1.99e+03   |
| time/                   |            |
|    fps                  | 10         |
|    iterations           | 39         |
|    time_elapsed         | 7536       |
|    total_timesteps      | 79872      |
| train/                  |            |
|    approx_kl            | 0.02961329 |
|    clip_fraction        | 0.348      |
|    clip_range           | 0.2        |
|    entropy_loss         | -11.9      |
|    explained_variance   | 0.957      |
|    learning_rate        | 0.0003     |
|    loss                 | 59.3       |
|    n_updates            | 380        |
|    policy_gradient_loss | -0.0681    |
|    std                  | 0.656      |
|    value_loss           | 175        |
----------------------------------------
-----------------------------------------
| rollout/                |             |
|    ep_len_mean          | 1e+03       |
|    ep_rew_mean          | 1.92e+03    |
| time/                   |             |
|    fps                  | 10          |
|    iterations           | 40          |
|    time_elapsed         | 7743        |
|    total_timesteps      | 81920       |
| train/                  |             |
|    approx_kl            | 0.027467273 |
|    clip_fraction        | 0.27        |
|    clip_range           | 0.2         |
|    entropy_loss         | -11.9       |
|    explained_variance   | 0.965       |
|    learning_rate        | 0.0003      |
|    loss                 | 53.7        |
|    n_updates            | 390         |
|    policy_gradient_loss | -0.0529     |
|    std                  | 0.656       |
|    value_loss           | 206         |
-----------------------------------------
-----------------------------------------
| rollout/                |             |
|    ep_len_mean          | 1e+03       |
|    ep_rew_mean          | 1.95e+03    |
| time/                   |             |
|    fps                  | 10          |
|    iterations           | 41          |
|    time_elapsed         | 7939        |
|    total_timesteps      | 83968       |
| train/                  |             |
|    approx_kl            | 0.045502856 |
|    clip_fraction        | 0.37        |
|    clip_range           | 0.2         |
|    entropy_loss         | -11.9       |
|    explained_variance   | 0.983       |
|    learning_rate        | 0.0003      |
|    loss                 | 28.1        |
|    n_updates            | 400         |
|    policy_gradient_loss | -0.0705     |
|    std                  | 0.655       |
|    value_loss           | 119         |
-----------------------------------------
-----------------------------------------
| rollout/                |             |
|    ep_len_mean          | 1e+03       |
|    ep_rew_mean          | 1.97e+03    |
| time/                   |             |
|    fps                  | 10          |
|    iterations           | 42          |
|    time_elapsed         | 8146        |
|    total_timesteps      | 86016       |
| train/                  |             |
|    approx_kl            | 0.051273815 |
|    clip_fraction        | 0.433       |
|    clip_range           | 0.2         |
|    entropy_loss         | -11.9       |
|    explained_variance   | 0.922       |
|    learning_rate        | 0.0003      |
|    loss                 | 27.9        |
|    n_updates            | 410         |
|    policy_gradient_loss | -0.0662     |
|    std                  | 0.655       |
|    value_loss           | 91.7        |
-----------------------------------------
-----------------------------------------
| rollout/                |             |
|    ep_len_mean          | 1e+03       |
|    ep_rew_mean          | 1.97e+03    |
| time/                   |             |
|    fps                  | 10          |
|    iterations           | 43          |
|    time_elapsed         | 8350        |
|    total_timesteps      | 88064       |
| train/                  |             |
|    approx_kl            | 0.037155345 |
|    clip_fraction        | 0.336       |
|    clip_range           | 0.2         |
|    entropy_loss         | -11.9       |
|    explained_variance   | 0.951       |
|    learning_rate        | 0.0003      |
|    loss                 | 28.4        |
|    n_updates            | 420         |
|    policy_gradient_loss | -0.0611     |
|    std                  | 0.656       |
|    value_loss           | 127         |
-----------------------------------------
-----------------------------------------
| rollout/                |             |
|    ep_len_mean          | 1e+03       |
|    ep_rew_mean          | 1.93e+03    |
| time/                   |             |
|    fps                  | 10          |
|    iterations           | 44          |
|    time_elapsed         | 8557        |
|    total_timesteps      | 90112       |
| train/                  |             |
|    approx_kl            | 0.027371012 |
|    clip_fraction        | 0.322       |
|    clip_range           | 0.2         |
|    entropy_loss         | -11.9       |
|    explained_variance   | 0.94        |
|    learning_rate        | 0.0003      |
|    loss                 | 84.7        |
|    n_updates            | 430         |
|    policy_gradient_loss | -0.0616     |
|    std                  | 0.655       |
|    value_loss           | 272         |
-----------------------------------------
-----------------------------------------
| rollout/                |             |
|    ep_len_mean          | 1e+03       |
|    ep_rew_mean          | 1.93e+03    |
| time/                   |             |
|    fps                  | 10          |
|    iterations           | 45          |
|    time_elapsed         | 8753        |
|    total_timesteps      | 92160       |
| train/                  |             |
|    approx_kl            | 0.028254509 |
|    clip_fraction        | 0.307       |
|    clip_range           | 0.2         |
|    entropy_loss         | -11.9       |
|    explained_variance   | 0.967       |
|    learning_rate        | 0.0003      |
|    loss                 | 79.5        |
|    n_updates            | 440         |
|    policy_gradient_loss | -0.0632     |
|    std                  | 0.655       |
|    value_loss           | 237         |
-----------------------------------------
----------------------------------------
| rollout/                |            |
|    ep_len_mean          | 1e+03      |
|    ep_rew_mean          | 1.94e+03   |
| time/                   |            |
|    fps                  | 10         |
|    iterations           | 46         |
|    time_elapsed         | 8960       |
|    total_timesteps      | 94208      |
| train/                  |            |
|    approx_kl            | 0.03682659 |
|    clip_fraction        | 0.341      |
|    clip_range           | 0.2        |
|    entropy_loss         | -11.9      |
|    explained_variance   | 0.958      |
|    learning_rate        | 0.0003     |
|    loss                 | 56.7       |
|    n_updates            | 450        |
|    policy_gradient_loss | -0.064     |
|    std                  | 0.654      |
|    value_loss           | 167        |
----------------------------------------
-----------------------------------------
| rollout/                |             |
|    ep_len_mean          | 1e+03       |
|    ep_rew_mean          | 1.92e+03    |
| time/                   |             |
|    fps                  | 10          |
|    iterations           | 47          |
|    time_elapsed         | 9153        |
|    total_timesteps      | 96256       |
| train/                  |             |
|    approx_kl            | 0.043824144 |
|    clip_fraction        | 0.384       |
|    clip_range           | 0.2         |
|    entropy_loss         | -11.9       |
|    explained_variance   | 0.935       |
|    learning_rate        | 0.0003      |
|    loss                 | 29.2        |
|    n_updates            | 460         |
|    policy_gradient_loss | -0.0641     |
|    std                  | 0.654       |
|    value_loss           | 88.2        |
-----------------------------------------
-----------------------------------------
| rollout/                |             |
|    ep_len_mean          | 1e+03       |
|    ep_rew_mean          | 1.9e+03     |
| time/                   |             |
|    fps                  | 10          |
|    iterations           | 48          |
|    time_elapsed         | 9345        |
|    total_timesteps      | 98304       |
| train/                  |             |
|    approx_kl            | 0.025615972 |
|    clip_fraction        | 0.288       |
|    clip_range           | 0.2         |
|    entropy_loss         | -11.9       |
|    explained_variance   | 0.986       |
|    learning_rate        | 0.0003      |
|    loss                 | 57.2        |
|    n_updates            | 470         |
|    policy_gradient_loss | -0.0542     |
|    std                  | 0.653       |
|    value_loss           | 177         |
-----------------------------------------
-----------------------------------------
| rollout/                |             |
|    ep_len_mean          | 1e+03       |
|    ep_rew_mean          | 1.92e+03    |
| time/                   |             |
|    fps                  | 10          |
|    iterations           | 49          |
|    time_elapsed         | 9539        |
|    total_timesteps      | 100352      |
| train/                  |             |
|    approx_kl            | 0.061221577 |
|    clip_fraction        | 0.428       |
|    clip_range           | 0.2         |
|    entropy_loss         | -11.9       |
|    explained_variance   | 0.993       |
|    learning_rate        | 0.0003      |
|    loss                 | 32.9        |
|    n_updates            | 480         |
|    policy_gradient_loss | -0.0748     |
|    std                  | 0.652       |
|    value_loss           | 108         |
-----------------------------------------
-----------------------------------------
| rollout/                |             |
|    ep_len_mean          | 1e+03       |
|    ep_rew_mean          | 1.87e+03    |
| time/                   |             |
|    fps                  | 10          |
|    iterations           | 50          |
|    time_elapsed         | 9733        |
|    total_timesteps      | 102400      |
| train/                  |             |
|    approx_kl            | 0.033499435 |
|    clip_fraction        | 0.341       |
|    clip_range           | 0.2         |
|    entropy_loss         | -11.8       |
|    explained_variance   | 0.933       |
|    learning_rate        | 0.0003      |
|    loss                 | 46.9        |
|    n_updates            | 490         |
|    policy_gradient_loss | -0.0584     |
|    std                  | 0.651       |
|    value_loss           | 147         |
-----------------------------------------
----------------------------------------
| rollout/                |            |
|    ep_len_mean          | 1e+03      |
|    ep_rew_mean          | 1.84e+03   |
| time/                   |            |
|    fps                  | 10         |
|    iterations           | 51         |
|    time_elapsed         | 9929       |
|    total_timesteps      | 104448     |
| train/                  |            |
|    approx_kl            | 0.04274594 |
|    clip_fraction        | 0.387      |
|    clip_range           | 0.2        |
|    entropy_loss         | -11.8      |
|    explained_variance   | 0.988      |
|    learning_rate        | 0.0003     |
|    loss                 | 60.6       |
|    n_updates            | 500        |
|    policy_gradient_loss | -0.0649    |
|    std                  | 0.649      |
|    value_loss           | 171        |
----------------------------------------
-----------------------------------------
| rollout/                |             |
|    ep_len_mean          | 1e+03       |
|    ep_rew_mean          | 1.86e+03    |
| time/                   |             |
|    fps                  | 10          |
|    iterations           | 52          |
|    time_elapsed         | 10132       |
|    total_timesteps      | 106496      |
| train/                  |             |
|    approx_kl            | 0.029668797 |
|    clip_fraction        | 0.327       |
|    clip_range           | 0.2         |
|    entropy_loss         | -11.8       |
|    explained_variance   | 0.936       |
|    learning_rate        | 0.0003      |
|    loss                 | 57.1        |
|    n_updates            | 510         |
|    policy_gradient_loss | -0.0611     |
|    std                  | 0.649       |
|    value_loss           | 186         |
-----------------------------------------
-----------------------------------------
| rollout/                |             |
|    ep_len_mean          | 1e+03       |
|    ep_rew_mean          | 1.89e+03    |
| time/                   |             |
|    fps                  | 10          |
|    iterations           | 53          |
|    time_elapsed         | 10312       |
|    total_timesteps      | 108544      |
| train/                  |             |
|    approx_kl            | 0.040129982 |
|    clip_fraction        | 0.339       |
|    clip_range           | 0.2         |
|    entropy_loss         | -11.8       |
|    explained_variance   | 0.913       |
|    learning_rate        | 0.0003      |
|    loss                 | 31.5        |
|    n_updates            | 520         |
|    policy_gradient_loss | -0.065      |
|    std                  | 0.647       |
|    value_loss           | 121         |
-----------------------------------------
-----------------------------------------
| rollout/                |             |
|    ep_len_mean          | 1e+03       |
|    ep_rew_mean          | 1.9e+03     |
| time/                   |             |
|    fps                  | 10          |
|    iterations           | 54          |
|    time_elapsed         | 10503       |
|    total_timesteps      | 110592      |
| train/                  |             |
|    approx_kl            | 0.021083292 |
|    clip_fraction        | 0.294       |
|    clip_range           | 0.2         |
|    entropy_loss         | -11.8       |
|    explained_variance   | 0.949       |
|    learning_rate        | 0.0003      |
|    loss                 | 136         |
|    n_updates            | 530         |
|    policy_gradient_loss | -0.054      |
|    std                  | 0.647       |
|    value_loss           | 257         |
-----------------------------------------
----------------------------------------
| rollout/                |            |
|    ep_len_mean          | 1e+03      |
|    ep_rew_mean          | 1.91e+03   |
| time/                   |            |
|    fps                  | 10         |
|    iterations           | 55         |
|    time_elapsed         | 10709      |
|    total_timesteps      | 112640     |
| train/                  |            |
|    approx_kl            | 0.04084801 |
|    clip_fraction        | 0.391      |
|    clip_range           | 0.2        |
|    entropy_loss         | -11.7      |
|    explained_variance   | 0.968      |
|    learning_rate        | 0.0003     |
|    loss                 | 37.7       |
|    n_updates            | 540        |
|    policy_gradient_loss | -0.068     |
|    std                  | 0.645      |
|    value_loss           | 104        |
----------------------------------------
-----------------------------------------
| rollout/                |             |
|    ep_len_mean          | 1e+03       |
|    ep_rew_mean          | 1.9e+03     |
| time/                   |             |
|    fps                  | 10          |
|    iterations           | 56          |
|    time_elapsed         | 10912       |
|    total_timesteps      | 114688      |
| train/                  |             |
|    approx_kl            | 0.029015746 |
|    clip_fraction        | 0.304       |
|    clip_range           | 0.2         |
|    entropy_loss         | -11.7       |
|    explained_variance   | 0.95        |
|    learning_rate        | 0.0003      |
|    loss                 | 58          |
|    n_updates            | 550         |
|    policy_gradient_loss | -0.0524     |
|    std                  | 0.645       |
|    value_loss           | 220         |
-----------------------------------------
----------------------------------------
| rollout/                |            |
|    ep_len_mean          | 1e+03      |
|    ep_rew_mean          | 1.89e+03   |
| time/                   |            |
|    fps                  | 10         |
|    iterations           | 57         |
|    time_elapsed         | 11106      |
|    total_timesteps      | 116736     |
| train/                  |            |
|    approx_kl            | 0.02541403 |
|    clip_fraction        | 0.243      |
|    clip_range           | 0.2        |
|    entropy_loss         | -11.7      |
|    explained_variance   | 0.919      |
|    learning_rate        | 0.0003     |
|    loss                 | 73         |
|    n_updates            | 560        |
|    policy_gradient_loss | -0.0494    |
|    std                  | 0.644      |
|    value_loss           | 281        |
----------------------------------------
-----------------------------------------
| rollout/                |             |
|    ep_len_mean          | 1e+03       |
|    ep_rew_mean          | 1.92e+03    |
| time/                   |             |
|    fps                  | 10          |
|    iterations           | 58          |
|    time_elapsed         | 11315       |
|    total_timesteps      | 118784      |
| train/                  |             |
|    approx_kl            | 0.045260813 |
|    clip_fraction        | 0.402       |
|    clip_range           | 0.2         |
|    entropy_loss         | -11.7       |
|    explained_variance   | 0.968       |
|    learning_rate        | 0.0003      |
|    loss                 | 39.1        |
|    n_updates            | 570         |
|    policy_gradient_loss | -0.0758     |
|    std                  | 0.643       |
|    value_loss           | 114         |
-----------------------------------------
-----------------------------------------
| rollout/                |             |
|    ep_len_mean          | 1e+03       |
|    ep_rew_mean          | 1.9e+03     |
| time/                   |             |
|    fps                  | 10          |
|    iterations           | 59          |
|    time_elapsed         | 11507       |
|    total_timesteps      | 120832      |
| train/                  |             |
|    approx_kl            | 0.040264465 |
|    clip_fraction        | 0.402       |
|    clip_range           | 0.2         |
|    entropy_loss         | -11.7       |
|    explained_variance   | 0.953       |
|    learning_rate        | 0.0003      |
|    loss                 | 34.6        |
|    n_updates            | 580         |
|    policy_gradient_loss | -0.0641     |
|    std                  | 0.643       |
|    value_loss           | 126         |
-----------------------------------------
----------------------------------------
| rollout/                |            |
|    ep_len_mean          | 1e+03      |
|    ep_rew_mean          | 1.91e+03   |
| time/                   |            |
|    fps                  | 10         |
|    iterations           | 60         |
|    time_elapsed         | 11713      |
|    total_timesteps      | 122880     |
| train/                  |            |
|    approx_kl            | 0.02704708 |
|    clip_fraction        | 0.319      |
|    clip_range           | 0.2        |
|    entropy_loss         | -11.7      |
|    explained_variance   | 0.959      |
|    learning_rate        | 0.0003     |
|    loss                 | 101        |
|    n_updates            | 590        |
|    policy_gradient_loss | -0.0622    |
|    std                  | 0.641      |
|    value_loss           | 244        |
----------------------------------------
----------------------------------------
| rollout/                |            |
|    ep_len_mean          | 1e+03      |
|    ep_rew_mean          | 1.95e+03   |
| time/                   |            |
|    fps                  | 10         |
|    iterations           | 61         |
|    time_elapsed         | 11910      |
|    total_timesteps      | 124928     |
| train/                  |            |
|    approx_kl            | 0.03757999 |
|    clip_fraction        | 0.389      |
|    clip_range           | 0.2        |
|    entropy_loss         | -11.7      |
|    explained_variance   | 0.868      |
|    learning_rate        | 0.0003     |
|    loss                 | 73.2       |
|    n_updates            | 600        |
|    policy_gradient_loss | -0.0627    |
|    std                  | 0.641      |
|    value_loss           | 145        |
----------------------------------------
---------------------------------------
| rollout/                |           |
|    ep_len_mean          | 1e+03     |
|    ep_rew_mean          | 1.94e+03  |
| time/                   |           |
|    fps                  | 10        |
|    iterations           | 62        |
|    time_elapsed         | 12105     |
|    total_timesteps      | 126976    |
| train/                  |           |
|    approx_kl            | 0.0513645 |
|    clip_fraction        | 0.432     |
|    clip_range           | 0.2       |
|    entropy_loss         | -11.6     |
|    explained_variance   | 0.936     |
|    learning_rate        | 0.0003    |
|    loss                 | 34.3      |
|    n_updates            | 610       |
|    policy_gradient_loss | -0.0714   |
|    std                  | 0.64      |
|    value_loss           | 109       |
---------------------------------------
-----------------------------------------
| rollout/                |             |
|    ep_len_mean          | 1e+03       |
|    ep_rew_mean          | 1.89e+03    |
| time/                   |             |
|    fps                  | 10          |
|    iterations           | 63          |
|    time_elapsed         | 12300       |
|    total_timesteps      | 129024      |
| train/                  |             |
|    approx_kl            | 0.036449082 |
|    clip_fraction        | 0.365       |
|    clip_range           | 0.2         |
|    entropy_loss         | -11.6       |
|    explained_variance   | 0.974       |
|    learning_rate        | 0.0003      |
|    loss                 | 57.5        |
|    n_updates            | 620         |
|    policy_gradient_loss | -0.0555     |
|    std                  | 0.639       |
|    value_loss           | 199         |
-----------------------------------------
-----------------------------------------
| rollout/                |             |
|    ep_len_mean          | 1e+03       |
|    ep_rew_mean          | 1.88e+03    |
| time/                   |             |
|    fps                  | 10          |
|    iterations           | 64          |
|    time_elapsed         | 12482       |
|    total_timesteps      | 131072      |
| train/                  |             |
|    approx_kl            | 0.028790176 |
|    clip_fraction        | 0.309       |
|    clip_range           | 0.2         |
|    entropy_loss         | -11.6       |
|    explained_variance   | 0.982       |
|    learning_rate        | 0.0003      |
|    loss                 | 59.7        |
|    n_updates            | 630         |
|    policy_gradient_loss | -0.0613     |
|    std                  | 0.64        |
|    value_loss           | 178         |
-----------------------------------------
----------------------------------------
| rollout/                |            |
|    ep_len_mean          | 1e+03      |
|    ep_rew_mean          | 1.87e+03   |
| time/                   |            |
|    fps                  | 10         |
|    iterations           | 65         |
|    time_elapsed         | 12673      |
|    total_timesteps      | 133120     |
| train/                  |            |
|    approx_kl            | 0.03239679 |
|    clip_fraction        | 0.328      |
|    clip_range           | 0.2        |
|    entropy_loss         | -11.6      |
|    explained_variance   | 0.875      |
|    learning_rate        | 0.0003     |
|    loss                 | 71.1       |
|    n_updates            | 640        |
|    policy_gradient_loss | -0.0653    |
|    std                  | 0.64       |
|    value_loss           | 186        |
----------------------------------------
----------------------------------------
| rollout/                |            |
|    ep_len_mean          | 1e+03      |
|    ep_rew_mean          | 1.86e+03   |
| time/                   |            |
|    fps                  | 10         |
|    iterations           | 66         |
|    time_elapsed         | 12875      |
|    total_timesteps      | 135168     |
| train/                  |            |
|    approx_kl            | 0.04244534 |
|    clip_fraction        | 0.376      |
|    clip_range           | 0.2        |
|    entropy_loss         | -11.6      |
|    explained_variance   | 0.974      |
|    learning_rate        | 0.0003     |
|    loss                 | 85.8       |
|    n_updates            | 650        |
|    policy_gradient_loss | -0.0655    |
|    std                  | 0.638      |
|    value_loss           | 199        |
----------------------------------------
-----------------------------------------
| rollout/                |             |
|    ep_len_mean          | 1e+03       |
|    ep_rew_mean          | 1.88e+03    |
| time/                   |             |
|    fps                  | 10          |
|    iterations           | 67          |
|    time_elapsed         | 13071       |
|    total_timesteps      | 137216      |
| train/                  |             |
|    approx_kl            | 0.030372057 |
|    clip_fraction        | 0.329       |
|    clip_range           | 0.2         |
|    entropy_loss         | -11.6       |
|    explained_variance   | 0.969       |
|    learning_rate        | 0.0003      |
|    loss                 | 62.8        |
|    n_updates            | 660         |
|    policy_gradient_loss | -0.0661     |
|    std                  | 0.637       |
|    value_loss           | 180         |
-----------------------------------------
-----------------------------------------
| rollout/                |             |
|    ep_len_mean          | 1e+03       |
|    ep_rew_mean          | 1.87e+03    |
| time/                   |             |
|    fps                  | 10          |
|    iterations           | 68          |
|    time_elapsed         | 13268       |
|    total_timesteps      | 139264      |
| train/                  |             |
|    approx_kl            | 0.031843893 |
|    clip_fraction        | 0.328       |
|    clip_range           | 0.2         |
|    entropy_loss         | -11.6       |
|    explained_variance   | 0.902       |
|    learning_rate        | 0.0003      |
|    loss                 | 72.7        |
|    n_updates            | 670         |
|    policy_gradient_loss | -0.0639     |
|    std                  | 0.636       |
|    value_loss           | 196         |
-----------------------------------------
---------------------------------------
| rollout/                |           |
|    ep_len_mean          | 1e+03     |
|    ep_rew_mean          | 1.84e+03  |
| time/                   |           |
|    fps                  | 10        |
|    iterations           | 69        |
|    time_elapsed         | 13466     |
|    total_timesteps      | 141312    |
| train/                  |           |
|    approx_kl            | 0.0446119 |
|    clip_fraction        | 0.397     |
|    clip_range           | 0.2       |
|    entropy_loss         | -11.5     |
|    explained_variance   | 0.882     |
|    learning_rate        | 0.0003    |
|    loss                 | 58        |
|    n_updates            | 680       |
|    policy_gradient_loss | -0.0673   |
|    std                  | 0.633     |
|    value_loss           | 142       |
---------------------------------------
-----------------------------------------
| rollout/                |             |
|    ep_len_mean          | 1e+03       |
|    ep_rew_mean          | 1.85e+03    |
| time/                   |             |
|    fps                  | 10          |
|    iterations           | 70          |
|    time_elapsed         | 13662       |
|    total_timesteps      | 143360      |
| train/                  |             |
|    approx_kl            | 0.030895786 |
|    clip_fraction        | 0.334       |
|    clip_range           | 0.2         |
|    entropy_loss         | -11.5       |
|    explained_variance   | 0.97        |
|    learning_rate        | 0.0003      |
|    loss                 | 60.1        |
|    n_updates            | 690         |
|    policy_gradient_loss | -0.0586     |
|    std                  | 0.633       |
|    value_loss           | 209         |
-----------------------------------------
-----------------------------------------
| rollout/                |             |
|    ep_len_mean          | 1e+03       |
|    ep_rew_mean          | 1.84e+03    |
| time/                   |             |
|    fps                  | 10          |
|    iterations           | 71          |
|    time_elapsed         | 13842       |
|    total_timesteps      | 145408      |
| train/                  |             |
|    approx_kl            | 0.052284446 |
|    clip_fraction        | 0.411       |
|    clip_range           | 0.2         |
|    entropy_loss         | -11.5       |
|    explained_variance   | 0.974       |
|    learning_rate        | 0.0003      |
|    loss                 | 28.9        |
|    n_updates            | 700         |
|    policy_gradient_loss | -0.0713     |
|    std                  | 0.632       |
|    value_loss           | 128         |
-----------------------------------------
-----------------------------------------
| rollout/                |             |
|    ep_len_mean          | 1e+03       |
|    ep_rew_mean          | 1.85e+03    |
| time/                   |             |
|    fps                  | 10          |
|    iterations           | 72          |
|    time_elapsed         | 14026       |
|    total_timesteps      | 147456      |
| train/                  |             |
|    approx_kl            | 0.043949403 |
|    clip_fraction        | 0.385       |
|    clip_range           | 0.2         |
|    entropy_loss         | -11.5       |
|    explained_variance   | 0.833       |
|    learning_rate        | 0.0003      |
|    loss                 | 83.4        |
|    n_updates            | 710         |
|    policy_gradient_loss | -0.0664     |
|    std                  | 0.63        |
|    value_loss           | 210         |
-----------------------------------------
-----------------------------------------
| rollout/                |             |
|    ep_len_mean          | 1e+03       |
|    ep_rew_mean          | 1.87e+03    |
| time/                   |             |
|    fps                  | 10          |
|    iterations           | 73          |
|    time_elapsed         | 14222       |
|    total_timesteps      | 149504      |
| train/                  |             |
|    approx_kl            | 0.059908673 |
|    clip_fraction        | 0.459       |
|    clip_range           | 0.2         |
|    entropy_loss         | -11.4       |
|    explained_variance   | 0.868       |
|    learning_rate        | 0.0003      |
|    loss                 | 38.4        |
|    n_updates            | 720         |
|    policy_gradient_loss | -0.0692     |
|    std                  | 0.631       |
|    value_loss           | 92.5        |
-----------------------------------------
----------------------------------------
| rollout/                |            |
|    ep_len_mean          | 1e+03      |
|    ep_rew_mean          | 1.92e+03   |
| time/                   |            |
|    fps                  | 10         |
|    iterations           | 74         |
|    time_elapsed         | 14415      |
|    total_timesteps      | 151552     |
| train/                  |            |
|    approx_kl            | 0.05926285 |
|    clip_fraction        | 0.458      |
|    clip_range           | 0.2        |
|    entropy_loss         | -11.4      |
|    explained_variance   | 0.915      |
|    learning_rate        | 0.0003     |
|    loss                 | 43.5       |
|    n_updates            | 730        |
|    policy_gradient_loss | -0.0655    |
|    std                  | 0.63       |
|    value_loss           | 101        |
----------------------------------------
-----------------------------------------
| rollout/                |             |
|    ep_len_mean          | 1e+03       |
|    ep_rew_mean          | 1.92e+03    |
| time/                   |             |
|    fps                  | 10          |
|    iterations           | 75          |
|    time_elapsed         | 14611       |
|    total_timesteps      | 153600      |
| train/                  |             |
|    approx_kl            | 0.046113875 |
|    clip_fraction        | 0.433       |
|    clip_range           | 0.2         |
|    entropy_loss         | -11.4       |
|    explained_variance   | 0.916       |
|    learning_rate        | 0.0003      |
|    loss                 | 46.7        |
|    n_updates            | 740         |
|    policy_gradient_loss | -0.0737     |
|    std                  | 0.627       |
|    value_loss           | 135         |
-----------------------------------------
-----------------------------------------
| rollout/                |             |
|    ep_len_mean          | 1e+03       |
|    ep_rew_mean          | 1.86e+03    |
| time/                   |             |
|    fps                  | 10          |
|    iterations           | 76          |
|    time_elapsed         | 14817       |
|    total_timesteps      | 155648      |
| train/                  |             |
|    approx_kl            | 0.022060972 |
|    clip_fraction        | 0.304       |
|    clip_range           | 0.2         |
|    entropy_loss         | -11.4       |
|    explained_variance   | 0.918       |
|    learning_rate        | 0.0003      |
|    loss                 | 53.3        |
|    n_updates            | 750         |
|    policy_gradient_loss | -0.0518     |
|    std                  | 0.627       |
|    value_loss           | 202         |
-----------------------------------------
-----------------------------------------
| rollout/                |             |
|    ep_len_mean          | 1e+03       |
|    ep_rew_mean          | 1.86e+03    |
| time/                   |             |
|    fps                  | 10          |
|    iterations           | 77          |
|    time_elapsed         | 15014       |
|    total_timesteps      | 157696      |
| train/                  |             |
|    approx_kl            | 0.042351827 |
|    clip_fraction        | 0.319       |
|    clip_range           | 0.2         |
|    entropy_loss         | -11.4       |
|    explained_variance   | 0.95        |
|    learning_rate        | 0.0003      |
|    loss                 | 38.8        |
|    n_updates            | 760         |
|    policy_gradient_loss | -0.0627     |
|    std                  | 0.627       |
|    value_loss           | 175         |
-----------------------------------------
----------------------------------------
| rollout/                |            |
|    ep_len_mean          | 1e+03      |
|    ep_rew_mean          | 1.86e+03   |
| time/                   |            |
|    fps                  | 10         |
|    iterations           | 78         |
|    time_elapsed         | 15198      |
|    total_timesteps      | 159744     |
| train/                  |            |
|    approx_kl            | 0.05272894 |
|    clip_fraction        | 0.424      |
|    clip_range           | 0.2        |
|    entropy_loss         | -11.4      |
|    explained_variance   | 0.982      |
|    learning_rate        | 0.0003     |
|    loss                 | 34.4       |
|    n_updates            | 770        |
|    policy_gradient_loss | -0.0659    |
|    std                  | 0.627      |
|    value_loss           | 111        |
----------------------------------------
-----------------------------------------
| rollout/                |             |
|    ep_len_mean          | 1e+03       |
|    ep_rew_mean          | 1.88e+03    |
| time/                   |             |
|    fps                  | 10          |
|    iterations           | 79          |
|    time_elapsed         | 15381       |
|    total_timesteps      | 161792      |
| train/                  |             |
|    approx_kl            | 0.043808237 |
|    clip_fraction        | 0.395       |
|    clip_range           | 0.2         |
|    entropy_loss         | -11.4       |
|    explained_variance   | 0.946       |
|    learning_rate        | 0.0003      |
|    loss                 | 41.7        |
|    n_updates            | 780         |
|    policy_gradient_loss | -0.0692     |
|    std                  | 0.627       |
|    value_loss           | 137         |
-----------------------------------------
-----------------------------------------
| rollout/                |             |
|    ep_len_mean          | 1e+03       |
|    ep_rew_mean          | 1.88e+03    |
| time/                   |             |
|    fps                  | 10          |
|    iterations           | 80          |
|    time_elapsed         | 15575       |
|    total_timesteps      | 163840      |
| train/                  |             |
|    approx_kl            | 0.041176885 |
|    clip_fraction        | 0.378       |
|    clip_range           | 0.2         |
|    entropy_loss         | -11.4       |
|    explained_variance   | 0.959       |
|    learning_rate        | 0.0003      |
|    loss                 | 68.9        |
|    n_updates            | 790         |
|    policy_gradient_loss | -0.0702     |
|    std                  | 0.627       |
|    value_loss           | 170         |
-----------------------------------------
-----------------------------------------
| rollout/                |             |
|    ep_len_mean          | 1e+03       |
|    ep_rew_mean          | 1.88e+03    |
| time/                   |             |
|    fps                  | 10          |
|    iterations           | 81          |
|    time_elapsed         | 15755       |
|    total_timesteps      | 165888      |
| train/                  |             |
|    approx_kl            | 0.043708265 |
|    clip_fraction        | 0.39        |
|    clip_range           | 0.2         |
|    entropy_loss         | -11.4       |
|    explained_variance   | 0.899       |
|    learning_rate        | 0.0003      |
|    loss                 | 42.5        |
|    n_updates            | 800         |
|    policy_gradient_loss | -0.0731     |
|    std                  | 0.626       |
|    value_loss           | 135         |
-----------------------------------------
-----------------------------------------
| rollout/                |             |
|    ep_len_mean          | 1e+03       |
|    ep_rew_mean          | 1.91e+03    |
| time/                   |             |
|    fps                  | 10          |
|    iterations           | 82          |
|    time_elapsed         | 15936       |
|    total_timesteps      | 167936      |
| train/                  |             |
|    approx_kl            | 0.050810274 |
|    clip_fraction        | 0.446       |
|    clip_range           | 0.2         |
|    entropy_loss         | -11.4       |
|    explained_variance   | 0.875       |
|    learning_rate        | 0.0003      |
|    loss                 | 53.6        |
|    n_updates            | 810         |
|    policy_gradient_loss | -0.0754     |
|    std                  | 0.625       |
|    value_loss           | 154         |
-----------------------------------------
-----------------------------------------
| rollout/                |             |
|    ep_len_mean          | 1e+03       |
|    ep_rew_mean          | 1.95e+03    |
| time/                   |             |
|    fps                  | 10          |
|    iterations           | 83          |
|    time_elapsed         | 16142       |
|    total_timesteps      | 169984      |
| train/                  |             |
|    approx_kl            | 0.061805785 |
|    clip_fraction        | 0.464       |
|    clip_range           | 0.2         |
|    entropy_loss         | -11.3       |
|    explained_variance   | 0.773       |
|    learning_rate        | 0.0003      |
|    loss                 | 53.3        |
|    n_updates            | 820         |
|    policy_gradient_loss | -0.0774     |
|    std                  | 0.623       |
|    value_loss           | 142         |
-----------------------------------------
----------------------------------------
| rollout/                |            |
|    ep_len_mean          | 1e+03      |
|    ep_rew_mean          | 1.95e+03   |
| time/                   |            |
|    fps                  | 10         |
|    iterations           | 84         |
|    time_elapsed         | 16352      |
|    total_timesteps      | 172032     |
| train/                  |            |
|    approx_kl            | 0.03255013 |
|    clip_fraction        | 0.368      |
|    clip_range           | 0.2        |
|    entropy_loss         | -11.3      |
|    explained_variance   | 0.946      |
|    learning_rate        | 0.0003     |
|    loss                 | 107        |
|    n_updates            | 830        |
|    policy_gradient_loss | -0.0618    |
|    std                  | 0.621      |
|    value_loss           | 253        |
----------------------------------------
-----------------------------------------
| rollout/                |             |
|    ep_len_mean          | 1e+03       |
|    ep_rew_mean          | 1.96e+03    |
| time/                   |             |
|    fps                  | 10          |
|    iterations           | 85          |
|    time_elapsed         | 16565       |
|    total_timesteps      | 174080      |
| train/                  |             |
|    approx_kl            | 0.032886177 |
|    clip_fraction        | 0.29        |
|    clip_range           | 0.2         |
|    entropy_loss         | -11.3       |
|    explained_variance   | 0.948       |
|    learning_rate        | 0.0003      |
|    loss                 | 52.7        |
|    n_updates            | 840         |
|    policy_gradient_loss | -0.0631     |
|    std                  | 0.622       |
|    value_loss           | 201         |
-----------------------------------------
============================================================
【配置】PPO 训练四足机器狗行走
============================================================
  环境类型        : stairs
  观测维度        : 51
  动作维度        : 12  (范围 [-1.0, 1.0])
  策略网络        : MlpPolicy  net_arch=[256, 256]
  n_steps        : 2048
  batch_size     : 256
  n_epochs       : 10
  gamma          : 0.99
  gae_lambda     : 0.95
  learning_rate  : 0.0003
  ent_coef       : 0.0
  clip_range     : 0.2
------------------------------------------------------------
  训练总步数      : 200000
  计算设备        : cuda
  阶段标签        : phase4_stairs
  日志目录        : runs/ppo_walk[_tag]_<时间戳>
  checkpoint 目录 : checkpoints
  checkpoint 间隔 : 20000
  评估间隔        : 20000  (每 3 集)
  继续训练        : checkpoints/p4_stairs_160000_steps.zip
  随机种子        : （未设置）
============================================================
【训练】环境类型 = stairs，观测维度 = 51
【训练】阶段 = phase4_stairs，奖励权重 = {'alive_bonus': 1.0, 'forward_vel': 3.0, 'roll_penalty': -2.0, 'pitch_penalty': -2.0, 'action_sq': -0.05, 'fall_penalty': -10.0, 'heading_cos': 2.0, 'yaw_rate_penalty': -0.5, 'heading_bonus': 1.0, 'climb_reward': 2.0, 'on_step_reward': 1.0, 'drop_penalty': -3.0}
【训练】日志目录 = runs/ppo_walk_phase4_stairs_20260926-174056
【训练】checkpoint 目录 = checkpoints
【自检】创建环境（stairs）并执行 reset/step ...
【自检】通过：reset / step 接口正常
【自检】耗时 4.08s
【训练】训练环境已创建，观测维度=51，动作维度=12
【训练】每 20000 步保存 checkpoint → checkpoints/p4_stairs_<step>.zip
【训练】每 20000 步评估一次（3 集平均）
【训练】从 checkpoints/p4_stairs_160000_steps.zip 继续训练 ...
/home/pma213x/.local/lib/python3.14/site-packages/stable_baselines3/common/on_policy_algorithm.py:150: UserWarning: You are trying to run PPO on the GPU, but it is primarily intended to run on the CPU when not using a CNN policy (you are using ActorCriticPolicy which should be a MlpPolicy). See https://github.com/DLR-RM/stable-baselines3/issues/1245 for more info. You can pass `device='cpu'` or `export CUDA_VISIBLE_DEVICES=` to force using the CPU.Note: The model will train, but the GPU utilization will be poor and the training might take longer than on CPU.
  warnings.warn(
【训练】旧模型 obs_dim=51，新环境 obs_dim=51
【训练】已加载模型，当前累计步数 = 160000
【训练】已加载模型，当前累计步数 = 160000
【训练】开始训练：本次运行 40000 步（目标总步数 200000）
Logging to runs/ppo_walk_phase4_stairs_20260926-174056/PPO_0
【评估】创建评估环境失败，跳过本次评估：[Errno 98] Address already in use
---------------------------------
| rollout/           |          |
|    ep_len_mean     | 1e+03    |
|    ep_rew_mean     | 1.85e+03 |
| time/              |          |
|    fps             | 28       |
|    iterations      | 1        |
|    time_elapsed    | 71       |
|    total_timesteps | 162048   |
---------------------------------
---------------------------------------
| rollout/                |           |
|    ep_len_mean          | 1e+03     |
|    ep_rew_mean          | 1.82e+03  |
| time/                   |           |
|    fps                  | 30        |
|    iterations           | 2         |
|    time_elapsed         | 132       |
|    total_timesteps      | 164096    |
| train/                  |           |
|    approx_kl            | 0.0817265 |
|    clip_fraction        | 0.428     |
|    clip_range           | 0.2       |
|    entropy_loss         | -11.4     |
|    explained_variance   | 0.801     |
|    learning_rate        | 0.0003    |
|    loss                 | 19.6      |
|    n_updates            | 790       |
|    policy_gradient_loss | -0.0689   |
|    std                  | 0.627     |
|    value_loss           | 119       |
---------------------------------------
-----------------------------------------
| rollout/                |             |
|    ep_len_mean          | 1e+03       |
|    ep_rew_mean          | 1.81e+03    |
| time/                   |             |
|    fps                  | 30          |
|    iterations           | 3           |
|    time_elapsed         | 198         |
|    total_timesteps      | 166144      |
| train/                  |             |
|    approx_kl            | 0.028977998 |
|    clip_fraction        | 0.369       |
|    clip_range           | 0.2         |
|    entropy_loss         | -11.4       |
|    explained_variance   | 0.957       |
|    learning_rate        | 0.0003      |
|    loss                 | 50.5        |
|    n_updates            | 800         |
|    policy_gradient_loss | -0.0535     |
|    std                  | 0.626       |
|    value_loss           | 201         |
-----------------------------------------
-----------------------------------------
| rollout/                |             |
|    ep_len_mean          | 1e+03       |
|    ep_rew_mean          | 1.83e+03    |
| time/                   |             |
|    fps                  | 30          |
|    iterations           | 4           |
|    time_elapsed         | 264         |
|    total_timesteps      | 168192      |
| train/                  |             |
|    approx_kl            | 0.022978377 |
|    clip_fraction        | 0.296       |
|    clip_range           | 0.2         |
|    entropy_loss         | -11.4       |
|    explained_variance   | 0.961       |
|    learning_rate        | 0.0003      |
|    loss                 | 115         |
|    n_updates            | 810         |
|    policy_gradient_loss | -0.0628     |
|    std                  | 0.626       |
|    value_loss           | 297         |
-----------------------------------------
-----------------------------------------
| rollout/                |             |
|    ep_len_mean          | 1e+03       |
|    ep_rew_mean          | 1.85e+03    |
| time/                   |             |
|    fps                  | 30          |
|    iterations           | 5           |
|    time_elapsed         | 331         |
|    total_timesteps      | 170240      |
| train/                  |             |
|    approx_kl            | 0.025264626 |
|    clip_fraction        | 0.295       |
|    clip_range           | 0.2         |
|    entropy_loss         | -11.3       |
|    explained_variance   | 0.926       |
|    learning_rate        | 0.0003      |
|    loss                 | 138         |
|    n_updates            | 820         |
|    policy_gradient_loss | -0.0683     |
|    std                  | 0.625       |
|    value_loss           | 308         |
-----------------------------------------
-----------------------------------------
| rollout/                |             |
|    ep_len_mean          | 1e+03       |
|    ep_rew_mean          | 1.86e+03    |
| time/                   |             |
|    fps                  | 30          |
|    iterations           | 6           |
|    time_elapsed         | 399         |
|    total_timesteps      | 172288      |
| train/                  |             |
|    approx_kl            | 0.032465074 |
|    clip_fraction        | 0.334       |
|    clip_range           | 0.2         |
|    entropy_loss         | -11.3       |
|    explained_variance   | 0.959       |
|    learning_rate        | 0.0003      |
|    loss                 | 101         |
|    n_updates            | 830         |
|    policy_gradient_loss | -0.0691     |
|    std                  | 0.624       |
|    value_loss           | 216         |
-----------------------------------------
----------------------------------------
| rollout/                |            |
|    ep_len_mean          | 1e+03      |
|    ep_rew_mean          | 1.89e+03   |
| time/                   |            |
|    fps                  | 30         |
|    iterations           | 7          |
|    time_elapsed         | 465        |
|    total_timesteps      | 174336     |
| train/                  |            |
|    approx_kl            | 0.06742556 |
|    clip_fraction        | 0.405      |
|    clip_range           | 0.2        |
|    entropy_loss         | -11.3      |
|    explained_variance   | 0.984      |
|    learning_rate        | 0.0003     |
|    loss                 | 37.8       |
|    n_updates            | 840        |
|    policy_gradient_loss | -0.0656    |
|    std                  | 0.624      |
|    value_loss           | 129        |
----------------------------------------
--------------------------------------
| rollout/                |          |
|    ep_len_mean          | 1e+03    |
|    ep_rew_mean          | 1.89e+03 |
| time/                   |          |
|    fps                  | 30       |
|    iterations           | 8        |
|    time_elapsed         | 530      |
|    total_timesteps      | 176384   |
| train/                  |          |
|    approx_kl            | 0.047706 |
|    clip_fraction        | 0.403    |
|    clip_range           | 0.2      |
|    entropy_loss         | -11.3    |
|    explained_variance   | 0.905    |
|    learning_rate        | 0.0003   |
|    loss                 | 48.5     |
|    n_updates            | 850      |
|    policy_gradient_loss | -0.0652  |
|    std                  | 0.622    |
|    value_loss           | 158      |
--------------------------------------
-----------------------------------------
| rollout/                |             |
|    ep_len_mean          | 1e+03       |
|    ep_rew_mean          | 1.91e+03    |
| time/                   |             |
|    fps                  | 30          |
|    iterations           | 9           |
|    time_elapsed         | 598         |
|    total_timesteps      | 178432      |
| train/                  |             |
|    approx_kl            | 0.051958293 |
|    clip_fraction        | 0.397       |
|    clip_range           | 0.2         |
|    entropy_loss         | -11.3       |
|    explained_variance   | 0.81        |
|    learning_rate        | 0.0003      |
|    loss                 | 39.8        |
|    n_updates            | 860         |
|    policy_gradient_loss | -0.0737     |
|    std                  | 0.621       |
|    value_loss           | 144         |
-----------------------------------------
-----------------------------------------
| rollout/                |             |
|    ep_len_mean          | 1e+03       |
|    ep_rew_mean          | 1.94e+03    |
| time/                   |             |
|    fps                  | 30          |
|    iterations           | 10          |
|    time_elapsed         | 665         |
|    total_timesteps      | 180480      |
| train/                  |             |
|    approx_kl            | 0.054714672 |
|    clip_fraction        | 0.467       |
|    clip_range           | 0.2         |
|    entropy_loss         | -11.2       |
|    explained_variance   | 0.877       |
|    learning_rate        | 0.0003      |
|    loss                 | 43.4        |
|    n_updates            | 870         |
|    policy_gradient_loss | -0.0735     |
|    std                  | 0.619       |
|    value_loss           | 123         |
-----------------------------------------
-----------------------------------------
| rollout/                |             |
|    ep_len_mean          | 1e+03       |
|    ep_rew_mean          | 2e+03       |
| time/                   |             |
|    fps                  | 30          |
|    iterations           | 11          |
|    time_elapsed         | 734         |
|    total_timesteps      | 182528      |
| train/                  |             |
|    approx_kl            | 0.049634375 |
|    clip_fraction        | 0.415       |
|    clip_range           | 0.2         |
|    entropy_loss         | -11.2       |
|    explained_variance   | 0.925       |
|    learning_rate        | 0.0003      |
|    loss                 | 40.1        |
|    n_updates            | 880         |
|    policy_gradient_loss | -0.0662     |
|    std                  | 0.618       |
|    value_loss           | 125         |
-----------------------------------------
-----------------------------------------
| rollout/                |             |
|    ep_len_mean          | 1e+03       |
|    ep_rew_mean          | 1.99e+03    |
| time/                   |             |
|    fps                  | 30          |
|    iterations           | 12          |
|    time_elapsed         | 803         |
|    total_timesteps      | 184576      |
| train/                  |             |
|    approx_kl            | 0.041874047 |
|    clip_fraction        | 0.404       |
|    clip_range           | 0.2         |
|    entropy_loss         | -11.2       |
|    explained_variance   | 0.948       |
|    learning_rate        | 0.0003      |
|    loss                 | 45.5        |
|    n_updates            | 890         |
|    policy_gradient_loss | -0.0688     |
|    std                  | 0.616       |
|    value_loss           | 128         |
-----------------------------------------
-----------------------------------------
| rollout/                |             |
|    ep_len_mean          | 1e+03       |
|    ep_rew_mean          | 2.01e+03    |
| time/                   |             |
|    fps                  | 30          |
|    iterations           | 13          |
|    time_elapsed         | 871         |
|    total_timesteps      | 186624      |
| train/                  |             |
|    approx_kl            | 0.061509572 |
|    clip_fraction        | 0.452       |
|    clip_range           | 0.2         |
|    entropy_loss         | -11.2       |
|    explained_variance   | 0.959       |
|    learning_rate        | 0.0003      |
|    loss                 | 44.2        |
|    n_updates            | 900         |
|    policy_gradient_loss | -0.0691     |
|    std                  | 0.616       |
|    value_loss           | 107         |
-----------------------------------------
-----------------------------------------
| rollout/                |             |
|    ep_len_mean          | 1e+03       |
|    ep_rew_mean          | 1.98e+03    |
| time/                   |             |
|    fps                  | 30          |
|    iterations           | 14          |
|    time_elapsed         | 939         |
|    total_timesteps      | 188672      |
| train/                  |             |
|    approx_kl            | 0.034416854 |
|    clip_fraction        | 0.372       |
|    clip_range           | 0.2         |
|    entropy_loss         | -11.1       |
|    explained_variance   | 0.975       |
|    learning_rate        | 0.0003      |
|    loss                 | 63.7        |
|    n_updates            | 910         |
|    policy_gradient_loss | -0.0624     |
|    std                  | 0.615       |
|    value_loss           | 163         |
-----------------------------------------
-----------------------------------------
| rollout/                |             |
|    ep_len_mean          | 1e+03       |
|    ep_rew_mean          | 2e+03       |
| time/                   |             |
|    fps                  | 30          |
|    iterations           | 15          |
|    time_elapsed         | 1004        |
|    total_timesteps      | 190720      |
| train/                  |             |
|    approx_kl            | 0.048426718 |
|    clip_fraction        | 0.397       |
|    clip_range           | 0.2         |
|    entropy_loss         | -11.1       |
|    explained_variance   | 0.979       |
|    learning_rate        | 0.0003      |
|    loss                 | 26.1        |
|    n_updates            | 920         |
|    policy_gradient_loss | -0.0688     |
|    std                  | 0.613       |
|    value_loss           | 99.6        |
-----------------------------------------
-----------------------------------------
| rollout/                |             |
|    ep_len_mean          | 1e+03       |
|    ep_rew_mean          | 2.06e+03    |
| time/                   |             |
|    fps                  | 30          |
|    iterations           | 16          |
|    time_elapsed         | 1070        |
|    total_timesteps      | 192768      |
| train/                  |             |
|    approx_kl            | 0.058737494 |
|    clip_fraction        | 0.462       |
|    clip_range           | 0.2         |
|    entropy_loss         | -11.1       |
|    explained_variance   | 0.883       |
|    learning_rate        | 0.0003      |
|    loss                 | 35.8        |
|    n_updates            | 930         |
|    policy_gradient_loss | -0.079      |
|    std                  | 0.613       |
|    value_loss           | 87.9        |
-----------------------------------------
----------------------------------------
| rollout/                |            |
|    ep_len_mean          | 1e+03      |
|    ep_rew_mean          | 2.04e+03   |
| time/                   |            |
|    fps                  | 30         |
|    iterations           | 17         |
|    time_elapsed         | 1137       |
|    total_timesteps      | 194816     |
| train/                  |            |
|    approx_kl            | 0.04715679 |
|    clip_fraction        | 0.42       |
|    clip_range           | 0.2        |
|    entropy_loss         | -11.1      |
|    explained_variance   | 0.875      |
|    learning_rate        | 0.0003     |
|    loss                 | 41.3       |
|    n_updates            | 940        |
|    policy_gradient_loss | -0.0754    |
|    std                  | 0.612      |
|    value_loss           | 130        |
----------------------------------------
----------------------------------------
| rollout/                |            |
|    ep_len_mean          | 1e+03      |
|    ep_rew_mean          | 2.05e+03   |
| time/                   |            |
|    fps                  | 30         |
|    iterations           | 18         |
|    time_elapsed         | 1203       |
|    total_timesteps      | 196864     |
| train/                  |            |
|    approx_kl            | 0.03838586 |
|    clip_fraction        | 0.4        |
|    clip_range           | 0.2        |
|    entropy_loss         | -11.1      |
|    explained_variance   | 0.987      |
|    learning_rate        | 0.0003     |
|    loss                 | 54.9       |
|    n_updates            | 950        |
|    policy_gradient_loss | -0.0723    |
|    std                  | 0.611      |
|    value_loss           | 164        |
----------------------------------------
-----------------------------------------
| rollout/                |             |
|    ep_len_mean          | 1e+03       |
|    ep_rew_mean          | 2.1e+03     |
| time/                   |             |
|    fps                  | 30          |
|    iterations           | 19          |
|    time_elapsed         | 1270        |
|    total_timesteps      | 198912      |
| train/                  |             |
|    approx_kl            | 0.047195673 |
|    clip_fraction        | 0.389       |
|    clip_range           | 0.2         |
|    entropy_loss         | -11.1       |
|    explained_variance   | 0.777       |
|    learning_rate        | 0.0003      |
|    loss                 | 90.5        |
|    n_updates            | 960         |
|    policy_gradient_loss | -0.0709     |
|    std                  | 0.609       |
|    value_loss           | 228         |
-----------------------------------------
-----------------------------------------
| rollout/                |             |
|    ep_len_mean          | 1e+03       |
|    ep_rew_mean          | 2.1e+03     |
| time/                   |             |
|    fps                  | 30          |
|    iterations           | 20          |
|    time_elapsed         | 1340        |
|    total_timesteps      | 200960      |
| train/                  |             |
|    approx_kl            | 0.041712873 |
|    clip_fraction        | 0.328       |
|    clip_range           | 0.2         |
|    entropy_loss         | -11         |
|    explained_variance   | 0.946       |
|    learning_rate        | 0.0003      |
|    loss                 | 73.4        |
|    n_updates            | 970         |
|    policy_gradient_loss | -0.0657     |
|    std                  | 0.609       |
|    value_loss           | 242         |
-----------------------------------------
【训练】完成：本次 40000 步，耗时 22.3 分钟（约 29.8 steps/s）
【训练】累计总步数 = 200960
【训练】最终模型已保存：checkpoints/p4_stairs_final.zip
