/home/pma213x/.local/lib/python3.14/site-packages/stable_baselines3/common/on_policy_algorithm.py:150: UserWarning: You are trying to run PPO on the GPU, but it is primarily intended to run on the CPU when not using a CNN policy (you are using ActorCriticPolicy which should be a MlpPolicy). See https://github.com/DLR-RM/stable-baselines3/issues/1245 for more info. You can pass `device='cpu'` or `export CUDA_VISIBLE_DEVICES=` to force using the CPU.Note: The model will train, but the GPU utilization will be poor and the training might take longer than on CPU.
  warnings.warn(
============================================================
【配置】PPO 训练四足机器狗行走
============================================================
  环境类型        : walk
  观测维度        : 42
  动作维度        : 12  (范围 [-1.0, 1.0])
  策略网络        : MlpPolicy  net_arch=[256, 256]
  n_steps        : 2048
  batch_size     : 256
  n_epochs       : 10
  gamma          : 0.99
  gae_lambda     : 0.95
  learning_rate  : 0.0003
  ent_coef       : 0.0
  clip_range     : 0.2
------------------------------------------------------------
  训练总步数      : 400000
  计算设备        : cuda
  阶段标签        : phase2_walk
  日志目录        : runs/ppo_walk[_tag]_<时间戳>
  checkpoint 目录 : checkpoints
  checkpoint 间隔 : 10000
  评估间隔        : 20000  (每 10 集)
  继续训练        : （否）
  随机种子        : （未设置）
============================================================
【训练】环境类型 = walk，观测维度 = 42
【训练】阶段 = phase2_walk，奖励权重 = {'alive_bonus': 1.0, 'forward_vel': 3.0, 'roll_penalty': -2.0, 'pitch_penalty': -2.0, 'action_sq': -0.05, 'fall_penalty': -10.0, 'heading_cos': 0.0, 'yaw_rate_penalty': 0.0, 'heading_bonus': 0.0, 'climb_reward': 0.0, 'on_step_reward': 0.0, 'drop_penalty': 0.0}
【训练】日志目录 = runs/ppo_walk_phase2_walk_20260926-110141
【训练】checkpoint 目录 = checkpoints
【自检】创建环境（walk）并执行 reset/step ...
【自检】通过：reset / step 接口正常
【自检】耗时 1.65s
【训练】训练环境已创建，观测维度=42，动作维度=12
【训练】每 10000 步保存 checkpoint → checkpoints/phase2_walk_<step>.zip
【训练】每 20000 步评估一次（10 集平均）
【训练】创建新 PPO 模型 ...
Using cuda device
【训练】模型已创建：policy=MlpPolicy, net_arch=[256, 256], device=cuda
【训练】开始训练：本次运行 400000 步（目标总步数 400000）
Logging to runs/ppo_walk_phase2_walk_20260926-110141/PPO_1
---------------------------------
| rollout/           |          |
|    ep_len_mean     | 1e+03    |
|    ep_rew_mean     | 564      |
| time/              |          |
|    fps             | 16       |
|    iterations      | 1        |
|    time_elapsed    | 121      |
|    total_timesteps | 2048     |
---------------------------------
-----------------------------------------
| rollout/                |             |
|    ep_len_mean          | 1e+03       |
|    ep_rew_mean          | 581         |
| time/                   |             |
|    fps                  | 16          |
|    iterations           | 2           |
|    time_elapsed         | 242         |
|    total_timesteps      | 4096        |
| train/                  |             |
|    approx_kl            | 0.020015571 |
|    clip_fraction        | 0.267       |
|    clip_range           | 0.2         |
|    entropy_loss         | -17         |
|    explained_variance   | -0.0179     |
|    learning_rate        | 0.0003      |
|    loss                 | 39.4        |
|    n_updates            | 10          |
|    policy_gradient_loss | -0.039      |
|    std                  | 0.999       |
|    value_loss           | 105         |
-----------------------------------------
-----------------------------------------
| rollout/                |             |
|    ep_len_mean          | 1e+03       |
|    ep_rew_mean          | 592         |
| time/                   |             |
|    fps                  | 16          |
|    iterations           | 3           |
|    time_elapsed         | 363         |
|    total_timesteps      | 6144        |
| train/                  |             |
|    approx_kl            | 0.015807714 |
|    clip_fraction        | 0.188       |
|    clip_range           | 0.2         |
|    entropy_loss         | -17         |
|    explained_variance   | 0.111       |
|    learning_rate        | 0.0003      |
|    loss                 | 34.1        |
|    n_updates            | 20          |
|    policy_gradient_loss | -0.0333     |
|    std                  | 0.999       |
|    value_loss           | 100         |
-----------------------------------------
----------------------------------------
| rollout/                |            |
|    ep_len_mean          | 1e+03      |
|    ep_rew_mean          | 601        |
| time/                   |            |
|    fps                  | 16         |
|    iterations           | 4          |
|    time_elapsed         | 484        |
|    total_timesteps      | 8192       |
| train/                  |            |
|    approx_kl            | 0.01553925 |
|    clip_fraction        | 0.152      |
|    clip_range           | 0.2        |
|    entropy_loss         | -17        |
|    explained_variance   | 0.219      |
|    learning_rate        | 0.0003     |
|    loss                 | 15         |
|    n_updates            | 30         |
|    policy_gradient_loss | -0.0291    |
|    std                  | 0.998      |
|    value_loss           | 69.3       |
----------------------------------------
-----------------------------------------
| rollout/                |             |
|    ep_len_mean          | 1e+03       |
|    ep_rew_mean          | 612         |
| time/                   |             |
|    fps                  | 16          |
|    iterations           | 5           |
|    time_elapsed         | 604         |
|    total_timesteps      | 10240       |
| train/                  |             |
|    approx_kl            | 0.016879773 |
|    clip_fraction        | 0.147       |
|    clip_range           | 0.2         |
|    entropy_loss         | -17         |
|    explained_variance   | 0.311       |
|    learning_rate        | 0.0003      |
|    loss                 | 17.6        |
|    n_updates            | 40          |
|    policy_gradient_loss | -0.0271     |
|    std                  | 0.998       |
|    value_loss           | 61.1        |
-----------------------------------------
-----------------------------------------
| rollout/                |             |
|    ep_len_mean          | 1e+03       |
|    ep_rew_mean          | 624         |
| time/                   |             |
|    fps                  | 16          |
|    iterations           | 6           |
|    time_elapsed         | 725         |
|    total_timesteps      | 12288       |
| train/                  |             |
|    approx_kl            | 0.018055381 |
|    clip_fraction        | 0.185       |
|    clip_range           | 0.2         |
|    entropy_loss         | -17         |
|    explained_variance   | 0.405       |
|    learning_rate        | 0.0003      |
|    loss                 | 16.6        |
|    n_updates            | 50          |
|    policy_gradient_loss | -0.033      |
|    std                  | 0.996       |
|    value_loss           | 46.7        |
-----------------------------------------
-----------------------------------------
| rollout/                |             |
|    ep_len_mean          | 1e+03       |
|    ep_rew_mean          | 632         |
| time/                   |             |
|    fps                  | 16          |
|    iterations           | 7           |
|    time_elapsed         | 845         |
|    total_timesteps      | 14336       |
| train/                  |             |
|    approx_kl            | 0.015642202 |
|    clip_fraction        | 0.157       |
|    clip_range           | 0.2         |
|    entropy_loss         | -17         |
|    explained_variance   | 0.31        |
|    learning_rate        | 0.0003      |
|    loss                 | 14          |
|    n_updates            | 60          |
|    policy_gradient_loss | -0.0292     |
|    std                  | 0.994       |
|    value_loss           | 41.3        |
-----------------------------------------
-----------------------------------------
| rollout/                |             |
|    ep_len_mean          | 1e+03       |
|    ep_rew_mean          | 650         |
| time/                   |             |
|    fps                  | 16          |
|    iterations           | 8           |
|    time_elapsed         | 966         |
|    total_timesteps      | 16384       |
| train/                  |             |
|    approx_kl            | 0.018416394 |
|    clip_fraction        | 0.191       |
|    clip_range           | 0.2         |
|    entropy_loss         | -16.9       |
|    explained_variance   | 0.321       |
|    learning_rate        | 0.0003      |
|    loss                 | 17.1        |
|    n_updates            | 70          |
|    policy_gradient_loss | -0.0329     |
|    std                  | 0.992       |
|    value_loss           | 42.4        |
-----------------------------------------
-----------------------------------------
| rollout/                |             |
|    ep_len_mean          | 1e+03       |
|    ep_rew_mean          | 659         |
| time/                   |             |
|    fps                  | 16          |
|    iterations           | 9           |
|    time_elapsed         | 1087        |
|    total_timesteps      | 18432       |
| train/                  |             |
|    approx_kl            | 0.018067846 |
|    clip_fraction        | 0.189       |
|    clip_range           | 0.2         |
|    entropy_loss         | -16.9       |
|    explained_variance   | 0.276       |
|    learning_rate        | 0.0003      |
|    loss                 | 14.3        |
|    n_updates            | 80          |
|    policy_gradient_loss | -0.0324     |
|    std                  | 0.99        |
|    value_loss           | 36.1        |
-----------------------------------------
