/home/pma213x/.local/lib/python3.14/site-packages/stable_baselines3/common/on_policy_algorithm.py:150: UserWarning: You are trying to run PPO on the GPU, but it is primarily intended to run on the CPU when not using a CNN policy (you are using ActorCriticPolicy which should be a MlpPolicy). See https://github.com/DLR-RM/stable-baselines3/issues/1245 for more info. You can pass `device='cpu'` or `export CUDA_VISIBLE_DEVICES=` to force using the CPU.Note: The model will train, but the GPU utilization will be poor and the training might take longer than on CPU.
  warnings.warn(
============================================================
【配置】PPO 训练四足机器狗行走
============================================================
  环境类型        : walk
  观测维度        : 42
  动作维度        : 12  (范围 [-1.0, 1.0])
  策略网络        : MlpPolicy  net_arch=[256, 256]
  n_steps        : 2048
  batch_size     : 256
  n_epochs       : 10
  gamma          : 0.99
  gae_lambda     : 0.95
  learning_rate  : 0.0003
  ent_coef       : 0.0
  clip_range     : 0.2
------------------------------------------------------------
  训练总步数      : 200000
  计算设备        : cuda
  阶段标签        : phase1_stand
  日志目录        : runs/ppo_walk[_tag]_<时间戳>
  checkpoint 目录 : checkpoints
  checkpoint 间隔 : 10000
  评估间隔        : 20000  (每 10 集)
  继续训练        : checkpoints/phase1_stand_110000_steps.zip
  随机种子        : （未设置）
============================================================
【训练】环境类型 = walk，观测维度 = 42
【训练】阶段 = phase1_stand，奖励权重 = {'alive_bonus': 1.0, 'forward_vel': 0.0, 'roll_penalty': -2.0, 'pitch_penalty': -2.0, 'action_sq': 0.0, 'fall_penalty': -10.0, 'heading_cos': 0.0, 'yaw_rate_penalty': 0.0, 'heading_bonus': 0.0, 'climb_reward': 0.0, 'on_step_reward': 0.0, 'drop_penalty': 0.0}
【训练】日志目录 = runs/ppo_walk_phase1_stand_20260926-093141
【训练】checkpoint 目录 = checkpoints
【自检】创建环境（walk）并执行 reset/step ...
【自检】通过：reset / step 接口正常
【自检】耗时 1.61s
【训练】训练环境已创建，观测维度=42，动作维度=12
【训练】每 10000 步保存 checkpoint → checkpoints/phase1_stand_<step>.zip
【训练】每 20000 步评估一次（10 集平均）
【训练】从 checkpoints/phase1_stand_110000_steps.zip 继续训练 ...
【训练】旧模型 obs_dim=42，新环境 obs_dim=42
【训练】已加载模型，当前累计步数 = 110000
【训练】已加载模型，当前累计步数 = 110000
【训练】开始训练：本次运行 90000 步（目标总步数 200000）
Logging to runs/ppo_walk_phase1_stand_20260926-093141/PPO_0
【评估】创建评估环境失败，跳过本次评估：[Errno 98] Address already in use
---------------------------------
| rollout/           |          |
|    ep_len_mean     | 1e+03    |
|    ep_rew_mean     | 938      |
| time/              |          |
|    fps             | 16       |
|    iterations      | 1        |
|    time_elapsed    | 121      |
|    total_timesteps | 112048   |
---------------------------------
-----------------------------------------
| rollout/                |             |
|    ep_len_mean          | 1e+03       |
|    ep_rew_mean          | 939         |
| time/                   |             |
|    fps                  | 16          |
|    iterations           | 2           |
|    time_elapsed         | 242         |
|    total_timesteps      | 114096      |
| train/                  |             |
|    approx_kl            | 0.031751055 |
|    clip_fraction        | 0.356       |
|    clip_range           | 0.2         |
|    entropy_loss         | -15.4       |
|    explained_variance   | -0.0468     |
|    learning_rate        | 0.0003      |
|    loss                 | -0.112      |
|    n_updates            | 530         |
|    policy_gradient_loss | -0.075      |
|    std                  | 0.873       |
|    value_loss           | 0.0172      |
-----------------------------------------
-----------------------------------------
| rollout/                |             |
|    ep_len_mean          | 1e+03       |
|    ep_rew_mean          | 940         |
| time/                   |             |
|    fps                  | 16          |
|    iterations           | 3           |
|    time_elapsed         | 363         |
|    total_timesteps      | 116144      |
| train/                  |             |
|    approx_kl            | 0.036887474 |
|    clip_fraction        | 0.39        |
|    clip_range           | 0.2         |
|    entropy_loss         | -15.3       |
|    explained_variance   | 0.0377      |
|    learning_rate        | 0.0003      |
|    loss                 | -0.103      |
|    n_updates            | 540         |
|    policy_gradient_loss | -0.0747     |
|    std                  | 0.869       |
|    value_loss           | 0.023       |
-----------------------------------------
-----------------------------------------
| rollout/                |             |
|    ep_len_mean          | 1e+03       |
|    ep_rew_mean          | 940         |
| time/                   |             |
|    fps                  | 16          |
|    iterations           | 4           |
|    time_elapsed         | 484         |
|    total_timesteps      | 118192      |
| train/                  |             |
|    approx_kl            | 0.029160812 |
|    clip_fraction        | 0.35        |
|    clip_range           | 0.2         |
|    entropy_loss         | -15.3       |
|    explained_variance   | 0.00792     |
|    learning_rate        | 0.0003      |
|    loss                 | -0.11       |
|    n_updates            | 550         |
|    policy_gradient_loss | -0.0714     |
|    std                  | 0.866       |
|    value_loss           | 0.0153      |
-----------------------------------------
-----------------------------------------
| rollout/                |             |
|    ep_len_mean          | 1e+03       |
|    ep_rew_mean          | 941         |
| time/                   |             |
|    fps                  | 16          |
|    iterations           | 5           |
|    time_elapsed         | 605         |
|    total_timesteps      | 120240      |
| train/                  |             |
|    approx_kl            | 0.036202826 |
|    clip_fraction        | 0.376       |
|    clip_range           | 0.2         |
|    entropy_loss         | -15.2       |
|    explained_variance   | 0.00855     |
|    learning_rate        | 0.0003      |
|    loss                 | -0.11       |
|    n_updates            | 560         |
|    policy_gradient_loss | -0.076      |
|    std                  | 0.862       |
|    value_loss           | 0.0162      |
-----------------------------------------
-----------------------------------------
| rollout/                |             |
|    ep_len_mean          | 1e+03       |
|    ep_rew_mean          | 942         |
| time/                   |             |
|    fps                  | 16          |
|    iterations           | 6           |
|    time_elapsed         | 726         |
|    total_timesteps      | 122288      |
| train/                  |             |
|    approx_kl            | 0.032704413 |
|    clip_fraction        | 0.369       |
|    clip_range           | 0.2         |
|    entropy_loss         | -15.2       |
|    explained_variance   | -0.039      |
|    learning_rate        | 0.0003      |
|    loss                 | -0.11       |
|    n_updates            | 570         |
|    policy_gradient_loss | -0.0697     |
|    std                  | 0.858       |
|    value_loss           | 0.0145      |
-----------------------------------------
-----------------------------------------
| rollout/                |             |
|    ep_len_mean          | 1e+03       |
|    ep_rew_mean          | 943         |
| time/                   |             |
|    fps                  | 16          |
|    iterations           | 7           |
|    time_elapsed         | 847         |
|    total_timesteps      | 124336      |
| train/                  |             |
|    approx_kl            | 0.033464514 |
|    clip_fraction        | 0.378       |
|    clip_range           | 0.2         |
|    entropy_loss         | -15.1       |
|    explained_variance   | -0.0288     |
|    learning_rate        | 0.0003      |
|    loss                 | -0.0983     |
|    n_updates            | 580         |
|    policy_gradient_loss | -0.0732     |
|    std                  | 0.856       |
|    value_loss           | 0.0162      |
-----------------------------------------
-----------------------------------------
| rollout/                |             |
|    ep_len_mean          | 1e+03       |
|    ep_rew_mean          | 944         |
| time/                   |             |
|    fps                  | 16          |
|    iterations           | 8           |
|    time_elapsed         | 969         |
|    total_timesteps      | 126384      |
| train/                  |             |
|    approx_kl            | 0.033730403 |
|    clip_fraction        | 0.345       |
|    clip_range           | 0.2         |
|    entropy_loss         | -15.1       |
|    explained_variance   | -0.0112     |
|    learning_rate        | 0.0003      |
|    loss                 | -0.107      |
|    n_updates            | 590         |
|    policy_gradient_loss | -0.0716     |
|    std                  | 0.852       |
|    value_loss           | 0.0108      |
-----------------------------------------
---------------------------------------
| rollout/                |           |
|    ep_len_mean          | 1e+03     |
|    ep_rew_mean          | 944       |
| time/                   |           |
|    fps                  | 16        |
|    iterations           | 9         |
|    time_elapsed         | 1090      |
|    total_timesteps      | 128432    |
| train/                  |           |
|    approx_kl            | 0.0326926 |
|    clip_fraction        | 0.362     |
|    clip_range           | 0.2       |
|    entropy_loss         | -15       |
|    explained_variance   | -0.00567  |
|    learning_rate        | 0.0003    |
|    loss                 | -0.0914   |
|    n_updates            | 600       |
|    policy_gradient_loss | -0.0679   |
|    std                  | 0.846     |
|    value_loss           | 0.0228    |
---------------------------------------
-----------------------------------------
| rollout/                |             |
|    ep_len_mean          | 1e+03       |
|    ep_rew_mean          | 945         |
| time/                   |             |
|    fps                  | 16          |
|    iterations           | 10          |
|    time_elapsed         | 1209        |
|    total_timesteps      | 130480      |
| train/                  |             |
|    approx_kl            | 0.033148095 |
|    clip_fraction        | 0.356       |
|    clip_range           | 0.2         |
|    entropy_loss         | -15         |
|    explained_variance   | -0.0148     |
|    learning_rate        | 0.0003      |
|    loss                 | -0.11       |
|    n_updates            | 610         |
|    policy_gradient_loss | -0.0727     |
|    std                  | 0.844       |
|    value_loss           | 0.0108      |
-----------------------------------------
---------------------------------------
| rollout/                |           |
|    ep_len_mean          | 1e+03     |
|    ep_rew_mean          | 946       |
| time/                   |           |
|    fps                  | 16        |
|    iterations           | 11        |
|    time_elapsed         | 1330      |
|    total_timesteps      | 132528    |
| train/                  |           |
|    approx_kl            | 0.0374123 |
|    clip_fraction        | 0.374     |
|    clip_range           | 0.2       |
|    entropy_loss         | -14.9     |
|    explained_variance   | -0.00327  |
|    learning_rate        | 0.0003    |
|    loss                 | -0.111    |
|    n_updates            | 620       |
|    policy_gradient_loss | -0.0741   |
|    std                  | 0.842     |
|    value_loss           | 0.0119    |
---------------------------------------
-----------------------------------------
| rollout/                |             |
|    ep_len_mean          | 1e+03       |
|    ep_rew_mean          | 946         |
| time/                   |             |
|    fps                  | 16          |
|    iterations           | 12          |
|    time_elapsed         | 1451        |
|    total_timesteps      | 134576      |
| train/                  |             |
|    approx_kl            | 0.033933602 |
|    clip_fraction        | 0.359       |
|    clip_range           | 0.2         |
|    entropy_loss         | -14.9       |
|    explained_variance   | 0.0196      |
|    learning_rate        | 0.0003      |
|    loss                 | -0.11       |
|    n_updates            | 630         |
|    policy_gradient_loss | -0.072      |
|    std                  | 0.838       |
|    value_loss           | 0.0128      |
-----------------------------------------
-----------------------------------------
| rollout/                |             |
|    ep_len_mean          | 1e+03       |
|    ep_rew_mean          | 947         |
| time/                   |             |
|    fps                  | 16          |
|    iterations           | 13          |
|    time_elapsed         | 1572        |
|    total_timesteps      | 136624      |
| train/                  |             |
|    approx_kl            | 0.036447182 |
|    clip_fraction        | 0.376       |
|    clip_range           | 0.2         |
|    entropy_loss         | -14.8       |
|    explained_variance   | 0.00711     |
|    learning_rate        | 0.0003      |
|    loss                 | -0.0961     |
|    n_updates            | 640         |
|    policy_gradient_loss | -0.0706     |
|    std                  | 0.835       |
|    value_loss           | 0.0163      |
-----------------------------------------
----------------------------------------
| rollout/                |            |
|    ep_len_mean          | 1e+03      |
|    ep_rew_mean          | 948        |
| time/                   |            |
|    fps                  | 16         |
|    iterations           | 14         |
|    time_elapsed         | 1693       |
|    total_timesteps      | 138672     |
| train/                  |            |
|    approx_kl            | 0.03708621 |
|    clip_fraction        | 0.39       |
|    clip_range           | 0.2        |
|    entropy_loss         | -14.8      |
|    explained_variance   | -0.0152    |
|    learning_rate        | 0.0003     |
|    loss                 | -0.117     |
|    n_updates            | 650        |
|    policy_gradient_loss | -0.0755    |
|    std                  | 0.831      |
|    value_loss           | 0.0104     |
----------------------------------------
----------------------------------------
| rollout/                |            |
|    ep_len_mean          | 1e+03      |
|    ep_rew_mean          | 948        |
| time/                   |            |
|    fps                  | 16         |
|    iterations           | 15         |
|    time_elapsed         | 1815       |
|    total_timesteps      | 140720     |
| train/                  |            |
|    approx_kl            | 0.03593473 |
|    clip_fraction        | 0.382      |
|    clip_range           | 0.2        |
|    entropy_loss         | -14.7      |
|    explained_variance   | 0.0125     |
|    learning_rate        | 0.0003     |
|    loss                 | -0.11      |
|    n_updates            | 660        |
|    policy_gradient_loss | -0.0702    |
|    std                  | 0.828      |
|    value_loss           | 0.0161     |
----------------------------------------
----------------------------------------
| rollout/                |            |
|    ep_len_mean          | 1e+03      |
|    ep_rew_mean          | 949        |
| time/                   |            |
|    fps                  | 16         |
|    iterations           | 16         |
|    time_elapsed         | 1937       |
|    total_timesteps      | 142768     |
| train/                  |            |
|    approx_kl            | 0.03903573 |
|    clip_fraction        | 0.388      |
|    clip_range           | 0.2        |
|    entropy_loss         | -14.7      |
|    explained_variance   | -0.0137    |
|    learning_rate        | 0.0003     |
|    loss                 | -0.114     |
|    n_updates            | 670        |
|    policy_gradient_loss | -0.073     |
|    std                  | 0.825      |
|    value_loss           | 0.0119     |
----------------------------------------
-----------------------------------------
| rollout/                |             |
|    ep_len_mean          | 1e+03       |
|    ep_rew_mean          | 949         |
| time/                   |             |
|    fps                  | 16          |
|    iterations           | 17          |
|    time_elapsed         | 2059        |
|    total_timesteps      | 144816      |
| train/                  |             |
|    approx_kl            | 0.039154492 |
|    clip_fraction        | 0.384       |
|    clip_range           | 0.2         |
|    entropy_loss         | -14.7       |
|    explained_variance   | 0.018       |
|    learning_rate        | 0.0003      |
|    loss                 | -0.0964     |
|    n_updates            | 680         |
|    policy_gradient_loss | -0.0684     |
|    std                  | 0.823       |
|    value_loss           | 0.019       |
-----------------------------------------
-----------------------------------------
| rollout/                |             |
|    ep_len_mean          | 1e+03       |
|    ep_rew_mean          | 950         |
| time/                   |             |
|    fps                  | 16          |
|    iterations           | 18          |
|    time_elapsed         | 2180        |
|    total_timesteps      | 146864      |
| train/                  |             |
|    approx_kl            | 0.035151176 |
|    clip_fraction        | 0.36        |
|    clip_range           | 0.2         |
|    entropy_loss         | -14.6       |
|    explained_variance   | -0.0107     |
|    learning_rate        | 0.0003      |
|    loss                 | -0.106      |
|    n_updates            | 690         |
|    policy_gradient_loss | -0.0727     |
|    std                  | 0.819       |
|    value_loss           | 0.0142      |
-----------------------------------------
-----------------------------------------
| rollout/                |             |
|    ep_len_mean          | 1e+03       |
|    ep_rew_mean          | 951         |
| time/                   |             |
|    fps                  | 16          |
|    iterations           | 19          |
|    time_elapsed         | 2302        |
|    total_timesteps      | 148912      |
| train/                  |             |
|    approx_kl            | 0.037578896 |
|    clip_fraction        | 0.393       |
|    clip_range           | 0.2         |
|    entropy_loss         | -14.6       |
|    explained_variance   | -0.00885    |
|    learning_rate        | 0.0003      |
|    loss                 | -0.12       |
|    n_updates            | 700         |
|    policy_gradient_loss | -0.0757     |
|    std                  | 0.817       |
|    value_loss           | 0.0137      |
-----------------------------------------
-----------------------------------------
| rollout/                |             |
|    ep_len_mean          | 1e+03       |
|    ep_rew_mean          | 951         |
| time/                   |             |
|    fps                  | 16          |
|    iterations           | 20          |
|    time_elapsed         | 2423        |
|    total_timesteps      | 150960      |
| train/                  |             |
|    approx_kl            | 0.038423833 |
|    clip_fraction        | 0.389       |
|    clip_range           | 0.2         |
|    entropy_loss         | -14.5       |
|    explained_variance   | 0.0142      |
|    learning_rate        | 0.0003      |
|    loss                 | -0.117      |
|    n_updates            | 710         |
|    policy_gradient_loss | -0.0772     |
|    std                  | 0.814       |
|    value_loss           | 0.0123      |
-----------------------------------------
-----------------------------------------
| rollout/                |             |
|    ep_len_mean          | 1e+03       |
|    ep_rew_mean          | 952         |
| time/                   |             |
|    fps                  | 16          |
|    iterations           | 21          |
|    time_elapsed         | 2544        |
|    total_timesteps      | 153008      |
| train/                  |             |
|    approx_kl            | 0.037525155 |
|    clip_fraction        | 0.385       |
|    clip_range           | 0.2         |
|    entropy_loss         | -14.5       |
|    explained_variance   | 0.0448      |
|    learning_rate        | 0.0003      |
|    loss                 | -0.101      |
|    n_updates            | 720         |
|    policy_gradient_loss | -0.0706     |
|    std                  | 0.812       |
|    value_loss           | 0.0164      |
-----------------------------------------
----------------------------------------
| rollout/                |            |
|    ep_len_mean          | 1e+03      |
|    ep_rew_mean          | 952        |
| time/                   |            |
|    fps                  | 16         |
|    iterations           | 22         |
|    time_elapsed         | 2665       |
|    total_timesteps      | 155056     |
| train/                  |            |
|    approx_kl            | 0.03460013 |
|    clip_fraction        | 0.386      |
|    clip_range           | 0.2        |
|    entropy_loss         | -14.5      |
|    explained_variance   | -0.00652   |
|    learning_rate        | 0.0003     |
|    loss                 | -0.0997    |
|    n_updates            | 730        |
|    policy_gradient_loss | -0.0713    |
|    std                  | 0.81       |
|    value_loss           | 0.0243     |
----------------------------------------
-----------------------------------------
| rollout/                |             |
|    ep_len_mean          | 1e+03       |
|    ep_rew_mean          | 953         |
| time/                   |             |
|    fps                  | 16          |
|    iterations           | 23          |
|    time_elapsed         | 2787        |
|    total_timesteps      | 157104      |
| train/                  |             |
|    approx_kl            | 0.038426485 |
|    clip_fraction        | 0.398       |
|    clip_range           | 0.2         |
|    entropy_loss         | -14.4       |
|    explained_variance   | -0.0168     |
|    learning_rate        | 0.0003      |
|    loss                 | -0.122      |
|    n_updates            | 740         |
|    policy_gradient_loss | -0.0769     |
|    std                  | 0.806       |
|    value_loss           | 0.00988     |
-----------------------------------------
---------------------------------------
| rollout/                |           |
|    ep_len_mean          | 1e+03     |
|    ep_rew_mean          | 953       |
| time/                   |           |
|    fps                  | 16        |
|    iterations           | 24        |
|    time_elapsed         | 2908      |
|    total_timesteps      | 159152    |
| train/                  |           |
|    approx_kl            | 0.0393384 |
|    clip_fraction        | 0.394     |
|    clip_range           | 0.2       |
|    entropy_loss         | -14.4     |
|    explained_variance   | -0.0111   |
|    learning_rate        | 0.0003    |
|    loss                 | -0.107    |
|    n_updates            | 750       |
|    policy_gradient_loss | -0.0718   |
|    std                  | 0.804     |
|    value_loss           | 0.0142    |
---------------------------------------
-----------------------------------------
| rollout/                |             |
|    ep_len_mean          | 1e+03       |
|    ep_rew_mean          | 954         |
| time/                   |             |
|    fps                  | 16          |
|    iterations           | 25          |
|    time_elapsed         | 3029        |
|    total_timesteps      | 161200      |
| train/                  |             |
|    approx_kl            | 0.039790068 |
|    clip_fraction        | 0.397       |
|    clip_range           | 0.2         |
|    entropy_loss         | -14.3       |
|    explained_variance   | 0.0719      |
|    learning_rate        | 0.0003      |
|    loss                 | -0.114      |
|    n_updates            | 760         |
|    policy_gradient_loss | -0.076      |
|    std                  | 0.801       |
|    value_loss           | 0.0121      |
-----------------------------------------
-----------------------------------------
| rollout/                |             |
|    ep_len_mean          | 1e+03       |
|    ep_rew_mean          | 954         |
| time/                   |             |
|    fps                  | 16          |
|    iterations           | 26          |
|    time_elapsed         | 3151        |
|    total_timesteps      | 163248      |
| train/                  |             |
|    approx_kl            | 0.042749085 |
|    clip_fraction        | 0.385       |
|    clip_range           | 0.2         |
|    entropy_loss         | -14.3       |
|    explained_variance   | 0.0204      |
|    learning_rate        | 0.0003      |
|    loss                 | -0.11       |
|    n_updates            | 770         |
|    policy_gradient_loss | -0.0747     |
|    std                  | 0.799       |
|    value_loss           | 0.0122      |
-----------------------------------------
-----------------------------------------
| rollout/                |             |
|    ep_len_mean          | 1e+03       |
|    ep_rew_mean          | 955         |
| time/                   |             |
|    fps                  | 16          |
|    iterations           | 27          |
|    time_elapsed         | 3272        |
|    total_timesteps      | 165296      |
| train/                  |             |
|    approx_kl            | 0.038727522 |
|    clip_fraction        | 0.385       |
|    clip_range           | 0.2         |
|    entropy_loss         | -14.3       |
|    explained_variance   | -0.00484    |
|    learning_rate        | 0.0003      |
|    loss                 | -0.124      |
|    n_updates            | 780         |
|    policy_gradient_loss | -0.0764     |
|    std                  | 0.798       |
|    value_loss           | 0.00843     |
-----------------------------------------
-----------------------------------------
| rollout/                |             |
|    ep_len_mean          | 1e+03       |
|    ep_rew_mean          | 955         |
| time/                   |             |
|    fps                  | 16          |
|    iterations           | 28          |
|    time_elapsed         | 3394        |
|    total_timesteps      | 167344      |
| train/                  |             |
|    approx_kl            | 0.042847946 |
|    clip_fraction        | 0.42        |
|    clip_range           | 0.2         |
|    entropy_loss         | -14.2       |
|    explained_variance   | 0.0996      |
|    learning_rate        | 0.0003      |
|    loss                 | -0.112      |
|    n_updates            | 790         |
|    policy_gradient_loss | -0.0802     |
|    std                  | 0.794       |
|    value_loss           | 0.0124      |
-----------------------------------------
----------------------------------------
| rollout/                |            |
|    ep_len_mean          | 1e+03      |
|    ep_rew_mean          | 955        |
| time/                   |            |
|    fps                  | 16         |
|    iterations           | 29         |
|    time_elapsed         | 3515       |
|    total_timesteps      | 169392     |
| train/                  |            |
|    approx_kl            | 0.03902897 |
|    clip_fraction        | 0.394      |
|    clip_range           | 0.2        |
|    entropy_loss         | -14.2      |
|    explained_variance   | -0.00312   |
|    learning_rate        | 0.0003     |
|    loss                 | -0.104     |
|    n_updates            | 800        |
|    policy_gradient_loss | -0.0738    |
|    std                  | 0.79       |
|    value_loss           | 0.00827    |
----------------------------------------
----------------------------------------
| rollout/                |            |
|    ep_len_mean          | 1e+03      |
|    ep_rew_mean          | 956        |
| time/                   |            |
|    fps                  | 16         |
|    iterations           | 30         |
|    time_elapsed         | 3637       |
|    total_timesteps      | 171440     |
| train/                  |            |
|    approx_kl            | 0.04313565 |
|    clip_fraction        | 0.39       |
|    clip_range           | 0.2        |
|    entropy_loss         | -14.1      |
|    explained_variance   | -0.00501   |
|    learning_rate        | 0.0003     |
|    loss                 | -0.105     |
|    n_updates            | 810        |
|    policy_gradient_loss | -0.0747    |
|    std                  | 0.787      |
|    value_loss           | 0.0104     |
----------------------------------------
----------------------------------------
| rollout/                |            |
|    ep_len_mean          | 1e+03      |
|    ep_rew_mean          | 956        |
| time/                   |            |
|    fps                  | 16         |
|    iterations           | 31         |
|    time_elapsed         | 3759       |
|    total_timesteps      | 173488     |
| train/                  |            |
|    approx_kl            | 0.04004418 |
|    clip_fraction        | 0.41       |
|    clip_range           | 0.2        |
|    entropy_loss         | -14.1      |
|    explained_variance   | 0.00172    |
|    learning_rate        | 0.0003     |
|    loss                 | -0.12      |
|    n_updates            | 820        |
|    policy_gradient_loss | -0.0789    |
|    std                  | 0.784      |
|    value_loss           | 0.0142     |
----------------------------------------
----------------------------------------
| rollout/                |            |
|    ep_len_mean          | 1e+03      |
|    ep_rew_mean          | 957        |
| time/                   |            |
|    fps                  | 16         |
|    iterations           | 32         |
|    time_elapsed         | 3881       |
|    total_timesteps      | 175536     |
| train/                  |            |
|    approx_kl            | 0.04530236 |
|    clip_fraction        | 0.42       |
|    clip_range           | 0.2        |
|    entropy_loss         | -14        |
|    explained_variance   | -0.0214    |
|    learning_rate        | 0.0003     |
|    loss                 | -0.114     |
|    n_updates            | 830        |
|    policy_gradient_loss | -0.0816    |
|    std                  | 0.78       |
|    value_loss           | 0.00934    |
----------------------------------------
-----------------------------------------
| rollout/                |             |
|    ep_len_mean          | 1e+03       |
|    ep_rew_mean          | 957         |
| time/                   |             |
|    fps                  | 16          |
|    iterations           | 33          |
|    time_elapsed         | 4002        |
|    total_timesteps      | 177584      |
| train/                  |             |
|    approx_kl            | 0.045444176 |
|    clip_fraction        | 0.421       |
|    clip_range           | 0.2         |
|    entropy_loss         | -13.9       |
|    explained_variance   | 0.0061      |
|    learning_rate        | 0.0003      |
|    loss                 | -0.116      |
|    n_updates            | 840         |
|    policy_gradient_loss | -0.0774     |
|    std                  | 0.776       |
|    value_loss           | 0.0103      |
-----------------------------------------
-----------------------------------------
| rollout/                |             |
|    ep_len_mean          | 1e+03       |
|    ep_rew_mean          | 957         |
| time/                   |             |
|    fps                  | 16          |
|    iterations           | 34          |
|    time_elapsed         | 4124        |
|    total_timesteps      | 179632      |
| train/                  |             |
|    approx_kl            | 0.043312456 |
|    clip_fraction        | 0.432       |
|    clip_range           | 0.2         |
|    entropy_loss         | -13.9       |
|    explained_variance   | -0.007      |
|    learning_rate        | 0.0003      |
|    loss                 | -0.124      |
|    n_updates            | 850         |
|    policy_gradient_loss | -0.08       |
|    std                  | 0.774       |
|    value_loss           | 0.00833     |
-----------------------------------------
----------------------------------------
| rollout/                |            |
|    ep_len_mean          | 1e+03      |
|    ep_rew_mean          | 958        |
| time/                   |            |
|    fps                  | 16         |
|    iterations           | 35         |
|    time_elapsed         | 4247       |
|    total_timesteps      | 181680     |
| train/                  |            |
|    approx_kl            | 0.04441206 |
|    clip_fraction        | 0.408      |
|    clip_range           | 0.2        |
|    entropy_loss         | -13.8      |
|    explained_variance   | 0.0869     |
|    learning_rate        | 0.0003     |
|    loss                 | -0.124     |
|    n_updates            | 860        |
|    policy_gradient_loss | -0.0802    |
|    std                  | 0.771      |
|    value_loss           | 0.0103     |
----------------------------------------
-----------------------------------------
| rollout/                |             |
|    ep_len_mean          | 1e+03       |
|    ep_rew_mean          | 958         |
| time/                   |             |
|    fps                  | 16          |
|    iterations           | 36          |
|    time_elapsed         | 4368        |
|    total_timesteps      | 183728      |
| train/                  |             |
|    approx_kl            | 0.045844715 |
|    clip_fraction        | 0.414       |
|    clip_range           | 0.2         |
|    entropy_loss         | -13.8       |
|    explained_variance   | -0.0323     |
|    learning_rate        | 0.0003      |
|    loss                 | -0.118      |
|    n_updates            | 870         |
|    policy_gradient_loss | -0.0761     |
|    std                  | 0.768       |
|    value_loss           | 0.0136      |
-----------------------------------------
-----------------------------------------
| rollout/                |             |
|    ep_len_mean          | 1e+03       |
|    ep_rew_mean          | 958         |
| time/                   |             |
|    fps                  | 16          |
|    iterations           | 37          |
|    time_elapsed         | 4490        |
|    total_timesteps      | 185776      |
| train/                  |             |
|    approx_kl            | 0.046439953 |
|    clip_fraction        | 0.403       |
|    clip_range           | 0.2         |
|    entropy_loss         | -13.7       |
|    explained_variance   | -0.0295     |
|    learning_rate        | 0.0003      |
|    loss                 | -0.117      |
|    n_updates            | 880         |
|    policy_gradient_loss | -0.0781     |
|    std                  | 0.765       |
|    value_loss           | 0.0102      |
-----------------------------------------
-----------------------------------------
| rollout/                |             |
|    ep_len_mean          | 1e+03       |
|    ep_rew_mean          | 959         |
| time/                   |             |
|    fps                  | 16          |
|    iterations           | 38          |
|    time_elapsed         | 4611        |
|    total_timesteps      | 187824      |
| train/                  |             |
|    approx_kl            | 0.045764606 |
|    clip_fraction        | 0.411       |
|    clip_range           | 0.2         |
|    entropy_loss         | -13.7       |
|    explained_variance   | -0.0238     |
|    learning_rate        | 0.0003      |
|    loss                 | -0.118      |
|    n_updates            | 890         |
|    policy_gradient_loss | -0.0783     |
|    std                  | 0.763       |
|    value_loss           | 0.00867     |
-----------------------------------------
----------------------------------------
| rollout/                |            |
|    ep_len_mean          | 1e+03      |
|    ep_rew_mean          | 959        |
| time/                   |            |
|    fps                  | 16         |
|    iterations           | 39         |
|    time_elapsed         | 4733       |
|    total_timesteps      | 189872     |
| train/                  |            |
|    approx_kl            | 0.04466745 |
|    clip_fraction        | 0.43       |
|    clip_range           | 0.2        |
|    entropy_loss         | -13.6      |
|    explained_variance   | -0.0453    |
|    learning_rate        | 0.0003     |
|    loss                 | -0.127     |
|    n_updates            | 900        |
|    policy_gradient_loss | -0.0829    |
|    std                  | 0.759      |
|    value_loss           | 0.00742    |
----------------------------------------
-----------------------------------------
| rollout/                |             |
|    ep_len_mean          | 1e+03       |
|    ep_rew_mean          | 960         |
| time/                   |             |
|    fps                  | 16          |
|    iterations           | 40          |
|    time_elapsed         | 4855        |
|    total_timesteps      | 191920      |
| train/                  |             |
|    approx_kl            | 0.046894535 |
|    clip_fraction        | 0.397       |
|    clip_range           | 0.2         |
|    entropy_loss         | -13.6       |
|    explained_variance   | 0.0082      |
|    learning_rate        | 0.0003      |
|    loss                 | -0.121      |
|    n_updates            | 910         |
|    policy_gradient_loss | -0.0825     |
|    std                  | 0.757       |
|    value_loss           | 0.00472     |
-----------------------------------------
-----------------------------------------
| rollout/                |             |
|    ep_len_mean          | 1e+03       |
|    ep_rew_mean          | 960         |
| time/                   |             |
|    fps                  | 16          |
|    iterations           | 41          |
|    time_elapsed         | 4975        |
|    total_timesteps      | 193968      |
| train/                  |             |
|    approx_kl            | 0.046215676 |
|    clip_fraction        | 0.436       |
|    clip_range           | 0.2         |
|    entropy_loss         | -13.6       |
|    explained_variance   | 0.00949     |
|    learning_rate        | 0.0003      |
|    loss                 | -0.12       |
|    n_updates            | 920         |
|    policy_gradient_loss | -0.0817     |
|    std                  | 0.754       |
|    value_loss           | 0.00692     |
-----------------------------------------
-----------------------------------------
| rollout/                |             |
|    ep_len_mean          | 1e+03       |
|    ep_rew_mean          | 960         |
| time/                   |             |
|    fps                  | 16          |
|    iterations           | 42          |
|    time_elapsed         | 5095        |
|    total_timesteps      | 196016      |
| train/                  |             |
|    approx_kl            | 0.053373802 |
|    clip_fraction        | 0.443       |
|    clip_range           | 0.2         |
|    entropy_loss         | -13.5       |
|    explained_variance   | -0.0148     |
|    learning_rate        | 0.0003      |
|    loss                 | -0.112      |
|    n_updates            | 930         |
|    policy_gradient_loss | -0.0826     |
|    std                  | 0.751       |
|    value_loss           | 0.00672     |
-----------------------------------------
----------------------------------------
| rollout/                |            |
|    ep_len_mean          | 1e+03      |
|    ep_rew_mean          | 961        |
| time/                   |            |
|    fps                  | 16         |
|    iterations           | 43         |
|    time_elapsed         | 5214       |
|    total_timesteps      | 198064     |
| train/                  |            |
|    approx_kl            | 0.04690119 |
|    clip_fraction        | 0.415      |
|    clip_range           | 0.2        |
|    entropy_loss         | -13.5      |
|    explained_variance   | 0.00821    |
|    learning_rate        | 0.0003     |
|    loss                 | -0.109     |
|    n_updates            | 940        |
|    policy_gradient_loss | -0.0812    |
|    std                  | 0.748      |
|    value_loss           | 0.00875    |
----------------------------------------
----------------------------------------
| rollout/                |            |
|    ep_len_mean          | 1e+03      |
|    ep_rew_mean          | 961        |
| time/                   |            |
|    fps                  | 16         |
|    iterations           | 44         |
|    time_elapsed         | 5335       |
|    total_timesteps      | 200112     |
| train/                  |            |
|    approx_kl            | 0.05209437 |
|    clip_fraction        | 0.431      |
|    clip_range           | 0.2        |
|    entropy_loss         | -13.4      |
|    explained_variance   | 0.0102     |
|    learning_rate        | 0.0003     |
|    loss                 | -0.124     |
|    n_updates            | 950        |
|    policy_gradient_loss | -0.0802    |
|    std                  | 0.745      |
|    value_loss           | 0.00813    |
----------------------------------------
【训练】完成：本次 90000 步，耗时 88.9 分钟（约 16.9 steps/s）
【训练】累计总步数 = 200112
【训练】最终模型已保存：checkpoints/phase1_stand_final.zip
