[2026-09-26 08:36:39] 看门狗启动：监控 P1（目标 200000 步）
[2026-09-26 08:36:39] 训练存活 PID=1700252 已跑 30720/200000 步
[2026-09-26 08:41:39] 训练存活 PID=1700252 已跑 45056/200000 步
[2026-09-26 08:46:39] 训练存活 PID=1700252 已跑 59392/200000 步
[2026-09-26 08:51:39] 训练进程不在！已跑约 59392 步
[2026-09-26 08:51:39] 从 checkpoint 续训 P1: checkpoints/phase1_stand_60000_steps.zip
[2026-09-26 08:51:39] P1 已启动 PID=1731233
[2026-09-26 08:56:39] 训练存活 PID=1731233 已跑 68192/200000 步
[2026-09-26 09:01:39] 训练存活 PID=1731233 已跑 76384/200000 步
[2026-09-26 09:06:39] 训练存活 PID=1731233 已跑 86624/200000 步
[2026-09-26 09:11:39] 训练进程不在！已跑约 88672 步
[2026-09-26 09:11:39] 从 checkpoint 续训 P1: checkpoints/phase1_stand_90000_steps.zip
[2026-09-26 09:11:39] P1 已启动 PID=1750838
[2026-09-26 09:16:40] 训练存活 PID=1750838 已跑 96144/200000 步
[2026-09-26 09:21:40] 训练存活 PID=1750838 已跑 102288/200000 步
[2026-09-26 09:26:40] 训练存活 PID=1750838 已跑 108432/200000 步
[2026-09-26 09:31:40] 训练进程不在！已跑约 108432 步
[2026-09-26 09:31:40] 从 checkpoint 续训 P1: checkpoints/phase1_stand_110000_steps.zip
[2026-09-26 09:31:40] P1 已启动 PID=1771560
[2026-09-26 09:36:40] 训练存活 PID=1771560 已跑 114096/200000 步
[2026-09-26 09:41:40] 训练存活 PID=1771560 已跑 118192/200000 步
[2026-09-26 09:46:40] 训练存活 PID=1771560 已跑 124336/200000 步
[2026-09-26 09:51:40] 训练存活 PID=1771560 已跑 128432/200000 步
[2026-09-26 09:56:40] 训练存活 PID=1771560 已跑 134576/200000 步
[2026-09-26 10:01:40] 训练存活 PID=1771560 已跑 138672/200000 步
[2026-09-26 10:06:40] 训练存活 PID=1771560 已跑 144816/200000 步
[2026-09-26 10:11:40] 训练存活 PID=1771560 已跑 148912/200000 步
[2026-09-26 10:16:40] 训练存活 PID=1771560 已跑 155056/200000 步
[2026-09-26 10:21:40] 训练存活 PID=1771560 已跑 159152/200000 步
[2026-09-26 10:26:40] 训练存活 PID=1771560 已跑 165296/200000 步
[2026-09-26 10:31:40] 训练存活 PID=1771560 已跑 169392/200000 步
[2026-09-26 10:36:40] 训练存活 PID=1771560 已跑 175536/200000 步
[2026-09-26 10:41:40] 训练存活 PID=1771560 已跑 179632/200000 步
[2026-09-26 10:46:40] 训练存活 PID=1771560 已跑 185776/200000 步
[2026-09-26 10:51:40] 训练存活 PID=1771560 已跑 189872/200000 步
[2026-09-26 10:56:40] 训练存活 PID=1771560 已跑 193968/200000 步
[2026-09-26 11:01:40] 训练进程不在！已跑约 200112 步
[2026-09-26 11:01:40] P1 步数达标，视为完成
[2026-09-26 11:01:40] 启动 P2 行走（400000 步，奖励含 3*vx）
[2026-09-26 11:01:40] P2 已启动 PID=1855881
