[实验D][start]=2026-10-02T16:02:55,562459409+08:00
[命令D]=PYTHONPATH=/tmp/webots_diag_D_20261002.W1Thl5/site WEBOTS_DIAG_ACTIVE_EXCEPTION_LOG=/tmp/webots_diag_D_20261002.W1Thl5/active_exception.log timeout 60s env ... /usr/local/webots/webots --mode=realtime --stdout --stderr webots-sim/worlds/parkour_dev.wbt >> logs/webots_diag_D_20261002.log 2>&1
[说明]=A复现；仅通过/tmp的sitecustomize记录simulationQuit调用时的活动异常/调用栈，不修改源码
[sitecustomize]=/tmp/webots_diag_D_20261002.W1Thl5/site/sitecustomize.py
[异常记录]=/tmp/webots_diag_D_20261002.W1Thl5/active_exception.log
env: '-u': No such file or directory
env: use -[v]S to pass options in shebang lines

[实验D重跑][start]=2026-10-02T16:03:55,181152213+08:00
[原因]=首次env参数顺序错误，未启动Webots
[命令D重跑]=timeout 60s env -u RL_BRIDGE_PORT PYTHONPATH=/tmp/webots_diag_D_20261002.W1Thl5/site WEBOTS_DIAG_ACTIVE_EXCEPTION_LOG=/tmp/webots_diag_D_20261002.W1Thl5/active_exception.log RL_AGENT_MODE=play RL_AGENT_CHECKPOINT=checkpoints/yobogo_loco_jump_v1/yobogo_loco_jump_v1_final.zip RL_AGENT_DEVICE=cpu RL_AGENT_EPISODES=1 RL_AGENT_MAX_STEPS=1000 __NV_PRIME_RENDER_OFFLOAD=1 __GLX_VENDOR_LIBRARY_NAME=nvidia /usr/local/webots/webots --mode=realtime --stdout --stderr webots-sim/worlds/parkour_dev.wbt >> logs/webots_diag_D_20261002.log 2>&1
INFO: rl_agent: Starting controller: python3 -u rl_agent.py
Wrong 'configure' message received from the robot window.
Warning: "configure { "imageMaxWidth"" device not found.
Warning: " 349.995" device not found.
Warning: " "imageMaxHeight"" device not found.
Warning: " 240" device not found.
Warning: " "hidden"" device not found.
Warning: " 0 }" device not found.
【rl_agent】play 模式：checkpoint=/run/media/pma213x/0C6A8CC86A8CAFCE/Ubuntu2/CodeU/Dog1/checkpoints/yobogo_loco_jump_v1/yobogo_loco_jump_v1_final.zip rate=50Hz device=cpu
【play-safety】稳定窗口 step=1/50 contacts=[1, 1, 1, 1]
【play-safety】稳定窗口 step=2/50 contacts=[1, 1, 1, 1]
【play-safety】稳定窗口 step=3/50 contacts=[1, 1, 1, 1]
【play-safety】稳定窗口 step=4/50 contacts=[1, 1, 1, 1]
【play-safety】稳定窗口 step=5/50 contacts=[1, 1, 1, 1]
【play-safety】稳定窗口 step=6/50 contacts=[1, 1, 1, 1]
【play-safety】稳定窗口 step=7/50 contacts=[1, 1, 1, 1]
【play-safety】稳定窗口 step=8/50 contacts=[1, 1, 1, 1]
【play-safety】稳定窗口 step=9/50 contacts=[1, 1, 1, 1]
【play-safety】稳定窗口 step=10/50 contacts=[1, 1, 1, 1]
【play-safety】稳定窗口 step=11/50 contacts=[1, 1, 1, 1]
【play-safety】稳定窗口 step=12/50 contacts=[1, 1, 1, 1]
【play-safety】稳定窗口 step=13/50 contacts=[1, 1, 1, 1]
【play-safety】稳定窗口 step=14/50 contacts=[1, 1, 1, 1]
【play-safety】稳定窗口 step=15/50 contacts=[1, 1, 1, 1]
【play-safety】稳定窗口 step=16/50 contacts=[1, 1, 1, 1]
【play-safety】稳定窗口 step=17/50 contacts=[1, 1, 1, 1]
【play-safety】稳定窗口 step=18/50 contacts=[1, 1, 1, 1]
【play-safety】稳定窗口 step=19/50 contacts=[1, 1, 1, 1]
INFO: rl_agent: Terminating.
[PIPESTATUS]=0 
[exit_code]=0
[end]=2026-10-02T16:04:04,205681795+08:00
[elapsed_ms]=9022
