[3gH    H    H    H    H    H    H    H    H    H    H    H    H    H    H    H    H    H    H    H   [INFO] Using python from: /home/pma213x/.venvs/minicheetah-isaaclab/bin/python
[INFO][AppLauncher]: Loading experience file: /home/pma213x/IsaacLab/apps/isaaclab.python.headless.kit
[Warning] [simulation_app.simulation_app] Modules: ['omni.kit_app'] were loaded before SimulationApp was started and might not be loaded correctly.
[Warning] [simulation_app.simulation_app] Please check to make sure no extra omniverse or pxr modules are imported before the call to SimulationApp(...)
Loading user config located at: '/home/pma213x/.venvs/minicheetah-isaaclab/lib/python3.10/site-packages/omni/data/Kit/Isaac-Sim/4.5/user.config.json'
[Info] [carb] Logging to file: /home/pma213x/.venvs/minicheetah-isaaclab/lib/python3.10/site-packages/omni/logs/Kit/Isaac-Sim/4.5/kit_20261008_230018.log
2026-10-08 15:00:18 [0ms] [Warning] [omni.kit.app.plugin] No crash reporter present, dumps uploading isn't available.
2026-10-08 15:00:18 [92ms] [Warning] [omni.usd_config.extension] Enable omni.materialx.libs extension to use MaterialX
2026-10-08 15:00:19 [361ms] [Warning] [omni.datastore] OmniHub is inaccessible
2026-10-08 15:00:19 [391ms] [Warning] [omni.isaac.dynamic_control] omni.isaac.dynamic_control is deprecated as of Isaac Sim 4.5. No action is needed from end-users.
Gym has been unmaintained since 2022 and does not support NumPy 2.0 amongst other critical functionality.
Please upgrade to Gymnasium, the maintained drop-in replacement of Gym, or contact the authors of your software and request that they upgrade.
See the migration guide at https://gymnasium.farama.org/introduction/migration_guide/ for additional information.
2026-10-08 15:00:20 [1,998ms] [Warning] [gpu.foundation.plugin] Skipping unsupported non-NVIDIA GPU: Intel(R) UHD Graphics (ADL-S GT0.5)
2026-10-08 15:00:20 [1,998ms] [Warning] [gpu.foundation.plugin] Skipping unsupported non-NVIDIA GPU: Intel(R) UHD Graphics (ADL-S GT0.5)

|---------------------------------------------------------------------------------------------|
| Driver Version: 580.178.04    | Graphics API: Vulkan
|=============================================================================================|
| GPU | Name                             | Active | LDA | GPU Memory | Vendor-ID | LUID       |
|     |                                  |        |     |            | Device-ID | UUID       |
|     |                                  |        |     |            | Bus-ID    |            |
|---------------------------------------------------------------------------------------------|
| 0   | NVIDIA GeForce RTX 4060 Laptop.. | Yes: 0 |     | 8188    MB | 10de      | 0          |
|     |                                  |        |     |            | 28e0      | 4d090564.. |
|     |                                  |        |     |            | 1         |            |
|---------------------------------------------------------------------------------------------|
| 1   | Intel(R) UHD Graphics (ADL-S G.. |        |     | 11374   MB | 8086      | 0          |
|     |                                  |        |     |            | 468b      | 86808b46.. |
|     |                                  |        |     |            | 0         |            |
|=============================================================================================|
| OS: 26.04.1 LTS (Resolute Raccoon) ubuntu, Version: 26.04.1, Kernel: 7.0.0-34-generic
| XServer Vendor: The X.Org Foundation, XServer Version: 12401010 (1.24.1.10)
| Processor: 13th Gen Intel(R) Core(TM) i5-13500HX
| Bare Metal Cores: 14 | Bare Metal Logical Cores: 28
| Available Cores:  20 
|---------------------------------------------------------------------------------------------|
| Total Memory (MB): 15166 | Free Memory: 5408
| Total Page/Swap (MB): 20479 | Free Page/Swap: 14542
|---------------------------------------------------------------------------------------------|
2026-10-08 15:00:20 [2,221ms] [Warning] [gpu.foundation.plugin] IOMMU is enabled.
2026-10-08 15:00:20 [2,222ms] [Warning] [gpu.foundation.plugin] Detected IOMMU is enabled. Running CUDA peer-to-peer bandwidth and latency validation.
Unidirectional P2P=Enabled Bandwidth (P2P Writes) Matrix (GB/s)
   D\D     0 
     0 221.73 
P2P=Enabled Latency (P2P Writes) Matrix (us)
   GPU     0 
     0   1.30 

   CPU     0 
     0   1.53 
[STAGE] config_start
[INFO]: Parsing configuration from: training.envs.velocity_flat_env_cfg:YoboGoVelocityFlatEnvCfg
[STAGE] config_done
[STAGE] environment_create_start
2026-10-08 15:00:21 [2,400ms] [Warning] [isaaclab.envs.manager_based_env] Seed not set for the environment. The environment creation may not be deterministic.
[INFO]: Base environment:
	Environment device    : cuda:0
	Environment seed      : None
	Physics step-size     : 0.0004
	Rendering step-size   : 0.002
	Environment step-size : 0.002
2026-10-08 15:00:21 [2,469ms] [Warning] [isaaclab.terrains.terrain_importer] Visual material specified for ground plane but no diffuse color found. Using default color: (0.0, 0.0, 0.0)
[INFO]: Time taken for scene creation : 2.324145 seconds
[INFO]: Scene manager:  <class InteractiveScene>
	Number of environments: 1
	Environment spacing   : 2.5
	Source prim name      : /World/envs/env_0
	Global prim paths     : ['/World/ground']
	Replicate physics     : True
[INFO]: Starting the simulation. This may take a few seconds. Please wait...
[INFO]: Time taken for simulation start : 0.348519 seconds
2026-10-08 15:00:24 [5,367ms] [Warning] [omni.usd] Warning: in GetNodeDiscoveryResults at line 136 of /builds/omniverse/usd-ci/USD/pxr/usd/usdShade/shaderDefUtils.cpp -- Unable to resolve info:sourceAsset </UsdPreviewSurface.info:mdl:sourceAsset> with value @UsdPreviewSurface.mdl@.

2026-10-08 15:00:24 [5,367ms] [Warning] [omni.usd] Warning: in GetNodeDiscoveryResults at line 136 of /builds/omniverse/usd-ci/USD/pxr/usd/usdShade/shaderDefUtils.cpp -- Unable to resolve info:sourceAsset </UsdUVTexture.info:mdl:sourceAsset> with value @UsdPreviewSurface.mdl@.

2026-10-08 15:00:24 [5,367ms] [Warning] [omni.usd] Warning: in GetNodeDiscoveryResults at line 136 of /builds/omniverse/usd-ci/USD/pxr/usd/usdShade/shaderDefUtils.cpp -- Unable to resolve info:sourceAsset </UsdPrimvarReader_float.info:mdl:sourceAsset> with value @UsdPreviewSurface.mdl@.

2026-10-08 15:00:24 [5,368ms] [Warning] [omni.usd] Warning: in GetNodeDiscoveryResults at line 136 of /builds/omniverse/usd-ci/USD/pxr/usd/usdShade/shaderDefUtils.cpp -- Unable to resolve info:sourceAsset </UsdPrimvarReader_float2.info:mdl:sourceAsset> with value @UsdPreviewSurface.mdl@.

2026-10-08 15:00:24 [5,368ms] [Warning] [omni.usd] Warning: in GetNodeDiscoveryResults at line 136 of /builds/omniverse/usd-ci/USD/pxr/usd/usdShade/shaderDefUtils.cpp -- Unable to resolve info:sourceAsset </UsdPrimvarReader_float3.info:mdl:sourceAsset> with value @UsdPreviewSurface.mdl@.

2026-10-08 15:00:24 [5,368ms] [Warning] [omni.usd] Warning: in GetNodeDiscoveryResults at line 136 of /builds/omniverse/usd-ci/USD/pxr/usd/usdShade/shaderDefUtils.cpp -- Unable to resolve info:sourceAsset </UsdPrimvarReader_float4.info:mdl:sourceAsset> with value @UsdPreviewSurface.mdl@.

2026-10-08 15:00:24 [5,368ms] [Warning] [omni.usd] Warning: in GetNodeDiscoveryResults at line 136 of /builds/omniverse/usd-ci/USD/pxr/usd/usdShade/shaderDefUtils.cpp -- Unable to resolve info:sourceAsset </UsdPrimvarReader_int.info:mdl:sourceAsset> with value @UsdPreviewSurface.mdl@.

2026-10-08 15:00:24 [5,368ms] [Warning] [omni.usd] Warning: in GetNodeDiscoveryResults at line 136 of /builds/omniverse/usd-ci/USD/pxr/usd/usdShade/shaderDefUtils.cpp -- Unable to resolve info:sourceAsset </UsdPrimvarReader_string.info:mdl:sourceAsset> with value @UsdPreviewSurface.mdl@.

2026-10-08 15:00:24 [5,368ms] [Warning] [omni.usd] Warning: in GetNodeDiscoveryResults at line 136 of /builds/omniverse/usd-ci/USD/pxr/usd/usdShade/shaderDefUtils.cpp -- Unable to resolve info:sourceAsset </UsdPrimvarReader_normal.info:mdl:sourceAsset> with value @UsdPreviewSurface.mdl@.

2026-10-08 15:00:24 [5,368ms] [Warning] [omni.usd] Warning: in GetNodeDiscoveryResults at line 136 of /builds/omniverse/usd-ci/USD/pxr/usd/usdShade/shaderDefUtils.cpp -- Unable to resolve info:sourceAsset </UsdPrimvarReader_point.info:mdl:sourceAsset> with value @UsdPreviewSurface.mdl@.

2026-10-08 15:00:24 [5,368ms] [Warning] [omni.usd] Warning: in GetNodeDiscoveryResults at line 136 of /builds/omniverse/usd-ci/USD/pxr/usd/usdShade/shaderDefUtils.cpp -- Unable to resolve info:sourceAsset </UsdPrimvarReader_vector.info:mdl:sourceAsset> with value @UsdPreviewSurface.mdl@.

2026-10-08 15:00:24 [5,369ms] [Warning] [omni.usd] Warning: in GetNodeDiscoveryResults at line 136 of /builds/omniverse/usd-ci/USD/pxr/usd/usdShade/shaderDefUtils.cpp -- Unable to resolve info:sourceAsset </UsdPrimvarReader_matrix.info:mdl:sourceAsset> with value @UsdPreviewSurface.mdl@.

2026-10-08 15:00:24 [5,369ms] [Warning] [omni.usd] Warning: in GetNodeDiscoveryResults at line 136 of /builds/omniverse/usd-ci/USD/pxr/usd/usdShade/shaderDefUtils.cpp -- Unable to resolve info:sourceAsset </UsdTransform2d.info:mdl:sourceAsset> with value @UsdPreviewSurface.mdl@.

[INFO] Command Manager:  <CommandManager> contains 1 active terms.
+------------------------------------------------+
|              Active Command Terms              |
+-------+---------------+------------------------+
| Index | Name          |          Type          |
+-------+---------------+------------------------+
|   0   | base_velocity | UniformVelocityCommand |
+-------+---------------+------------------------+

[INFO] Recorder Manager:  <RecorderManager> contains 0 active terms.
+---------------------+
| Active Recorder Terms |
+-----------+---------+
|   Index   | Name    |
+-----------+---------+
+-----------+---------+

[INFO] Action Manager:  <ActionManager> contains 1 active terms.
+------------------------------------+
|  Active Action Terms (shape: 12)   |
+--------+-------------+-------------+
| Index  | Name        |   Dimension |
+--------+-------------+-------------+
|   0    | joint_pos   |          12 |
+--------+-------------+-------------+

[INFO] Observation Manager: <ObservationManager> contains 1 groups.
+---------------------------------------------------------+
| Active Observation Terms in Group: 'policy' (shape: (48,)) |
+-----------+---------------------------------+-----------+
|   Index   | Name                            |   Shape   |
+-----------+---------------------------------+-----------+
|     0     | base_lin_vel                    |    (3,)   |
|     1     | base_ang_vel                    |    (3,)   |
|     2     | projected_gravity               |    (3,)   |
|     3     | velocity_commands               |    (3,)   |
|     4     | joint_pos                       |   (12,)   |
|     5     | joint_vel                       |   (12,)   |
|     6     | actions                         |   (12,)   |
+-----------+---------------------------------+-----------+

[INFO] Event Manager:  <EventManager> contains 3 active terms.
+--------------------------------------+
| Active Event Terms in Mode: 'startup' |
+----------+---------------------------+
|  Index   | Name                      |
+----------+---------------------------+
|    0     | physics_material          |
+----------+---------------------------+
+---------------------------------------+
|  Active Event Terms in Mode: 'reset'  |
+--------+------------------------------+
| Index  | Name                         |
+--------+------------------------------+
|   0    | base_external_force_torque   |
|   1    | reset_base                   |
|   2    | reset_robot_joints           |
+--------+------------------------------+
+----------------------------------------------+
|    Active Event Terms in Mode: 'interval'    |
+-------+------------+-------------------------+
| Index | Name       | Interval time range (s) |
+-------+------------+-------------------------+
|   0   | push_robot |       (10.0, 15.0)      |
+-------+------------+-------------------------+

[INFO] Termination Manager:  <TerminationManager> contains 2 active terms.
+---------------------------------+
|     Active Termination Terms    |
+-------+--------------+----------+
| Index | Name         | Time Out |
+-------+--------------+----------+
|   0   | time_out     |   True   |
|   1   | base_contact |  False   |
+-------+--------------+----------+

[INFO] Reward Manager:  <RewardManager> contains 11 active terms.
+-----------------------------------------+
|           Active Reward Terms           |
+-------+----------------------+----------+
| Index | Name                 |   Weight |
+-------+----------------------+----------+
|   0   | track_lin_vel_xy_exp |      1.0 |
|   1   | track_ang_vel_z_exp  |      0.5 |
|   2   | lin_vel_z_l2         |     -2.0 |
|   3   | ang_vel_xy_l2        |    -0.05 |
|   4   | dof_torques_l2       | -2.5e-05 |
|   5   | dof_acc_l2           | -2.5e-07 |
|   6   | action_rate_l2       |    -0.01 |
|   7   | feet_air_time        |      0.5 |
|   8   | undesired_contacts   |     -1.0 |
|   9   | flat_orientation_l2  |     -5.0 |
|   10  | dof_pos_limits       |      0.0 |
+-------+----------------------+----------+

[INFO] Curriculum Manager:  <CurriculumManager> contains 0 active terms.
+----------------------+
| Active Curriculum Terms |
+-----------+----------+
|   Index   | Name     |
+-----------+----------+
+-----------+----------+

[INFO]: Completed setting up the environment...
[STAGE] environment_create_done
[STAGE] policy_adapter_setup_start
[STAGE] policy_adapter_setup_done
[INFO] task=YoboGo-Velocity-Flat-v0
[INFO] weights_adaptation=/run/media/pma213x/0C6A8CC86A8CAFCE/Ubuntu2/CodeU/Dog1/mini-cheetah-isaaclab/external_models/rapid-locomotion-rl/runs/rapid-locomotion/example/train/201852.132488/checkpoints/adaptation_module_latest.jit
[INFO] weights_body=/run/media/pma213x/0C6A8CC86A8CAFCE/Ubuntu2/CodeU/Dog1/mini-cheetah-isaaclab/external_models/rapid-locomotion-rl/runs/rapid-locomotion/example/train/201852.132488/checkpoints/body_latest.jit
[INFO] yobogo_observation_dim=48 rapid_observation_dim=42
[INFO] history_dim=630 action_dim=12
[INFO] inference_period=10 control_period_s=0.002 inference_hz=50
[INFO] rapid_replay_actuator_kp=20 kd=0.5 effort=18/18/26
[INFO] scenario=forward_diag rapid_command_requested=[0.3, 0.0, 0.0] settle_steps=200 motion_steps=300
[INFO] model_dummy_action_shape=(1, 12)
[INFO] model_dummy_latent_shape=(1, 18)
[STAGE] event_loop_start
[DIAG_INFER] step=1 policy_action_max=1.179989 applied_action_max=0.250000 obs_max=1.000000 history_nonzero_rows=0 position_clip=0 torque_clip=0 action=[-0.21977229416370392, 0.8110653162002563, -0.30860501527786255, -0.10791678726673126, 0.7024937868118286, 0.4472932815551758, 0.1483026146888733, -1.1799890995025635, 0.8864455223083496, 0.22358742356300354, -0.5151155591011047, -0.7321030497550964]
[DIAG_TARGET] step=1 target_error=0.000000000 default=[0.0, -0.7853981852531433, 1.8654682636260986, 0.0, -0.7853981852531433, 1.8654682636260986, 0.0, -0.7853981852531433, 1.8654682636260986, 0.0, -0.7853981852531433, 1.8654682636260986] desired=[-0.12747153639793396, -0.737500011920929, 1.5575000047683716, 0.08651040494441986, -0.737500011920929, 1.6825000047683716, -0.08146217465400696, -0.862500011920929, 1.6825000047683716, 0.12794843316078186, -0.862500011920929, 1.5575000047683716] applied=[-0.12747153639793396, -0.737500011920929, 1.5575000047683716, 0.08651040494441986, -0.737500011920929, 1.6825000047683716, -0.08146217465400696, -0.862500011920929, 1.6825000047683716, 0.12794843316078186, -0.862500011920929, 1.5575000047683716] current=[-0.0010625312570482492, -0.7840093374252319, 1.8586703538894653, 0.0009668174316175282, -0.784406840801239, 1.8596709966659546, -0.0007105259574018419, -0.7852985262870789, 1.8600404262542725, 0.0015335346106439829, -0.7845644950866699, 1.8599072694778442]
[STAGE] first_step_done
[DIAG_INFER] step=11 policy_action_max=5.600298 applied_action_max=0.250000 obs_max=3.143302 history_nonzero_rows=1 position_clip=0 torque_clip=3 action=[5.6002984046936035, 1.7619127035140991, 1.7263987064361572, -1.6454083919525146, 1.0803865194320679, -0.5043485164642334, -4.656676769256592, -0.9786293506622314, -4.865818023681641, -4.157561302185059, -2.1816747188568115, 0.5836760997772217]
[DIAG_TARGET] step=11 target_error=0.000000119 default=[0.0, -0.7853981852531433, 1.8654682636260986, 0.0, -0.7853981852531433, 1.8654682636260986, 0.0, -0.7853981852531433, 1.8654682636260986, 0.0, -0.7853981852531433, 1.8654682636260986] desired=[-0.06875000149011612, -0.737500011920929, 1.6825000047683716, 0.06875000149011612, -0.737500011920929, 1.5575000047683716, -0.13124999403953552, -0.862500011920929, 1.5575000047683716, 0.0066525936126708984, 0.38045603036880493, -0.2387005090713501] applied=[-0.06875000149011612, -0.737500011920929, 1.6825000047683716, 0.06875000149011612, -0.737500011920929, 1.5575000047683716, -0.13124999403953552, -0.862500011920929, 1.5575000047683716, 0.0066525936126708984, 0.38045603036880493, -0.23870062828063965] current=[-0.020732900127768517, -0.7397186756134033, 1.7874072790145874, 0.02347731404006481, -0.7416061758995056, 1.7907836437225342, -0.028425633907318115, -0.7952648401260376, 1.801931381225586, 0.04359080269932747, -0.7538146376609802, 1.7938003540039062]
[DIAG_INFER] step=21 policy_action_max=10.953850 applied_action_max=0.250000 obs_max=5.600298 history_nonzero_rows=2 position_clip=0 torque_clip=2 action=[7.829807758331299, -1.2434533834457397, 3.2675135135650635, -1.433165192604065, 1.7439872026443481, 0.7991752624511719, -8.396086692810059, -0.6318442821502686, -3.056685447692871, -10.953849792480469, -4.262725353240967, 0.7572406530380249]
[DIAG_TARGET] step=21 target_error=0.000000000 default=[0.0, -0.7853981852531433, 1.8654682636260986, 0.0, -0.7853981852531433, 1.8654682636260986, 0.0, -0.7853981852531433, 1.8654682636260986, 0.0, -0.7853981852531433, 1.8654682636260986] desired=[-0.06875000149011612, -0.862500011920929, 1.6825000047683716, 0.06875000149011612, -0.737500011920929, 1.6825000047683716, -0.13124999403953552, -0.862500011920929, 1.5575000047683716, -1.5, -0.09815752506256104, 1.6825000047683716] applied=[-0.06875000149011612, -0.862500011920929, 1.6825000047683716, 0.06875000149011612, -0.737500011920929, 1.6825000047683716, -0.13124999403953552, -0.862500011920929, 1.5575000047683716, -1.5, -0.09815752506256104, 1.6825000047683716] current=[-0.0923401340842247, -0.7063823342323303, 1.7548412084579468, -0.024190803989768028, -0.6718114614486694, 1.6987874507904053, -0.07650338858366013, -0.7653436660766602, 1.7377249002456665, -0.006084362044930458, -0.6276070475578308, 1.6500608921051025]
[DIAG_INFER] step=31 policy_action_max=5.890790 applied_action_max=0.250000 obs_max=10.953850 history_nonzero_rows=3 position_clip=0 torque_clip=4 action=[0.294872522354126, -2.3160314559936523, -0.02835845947265625, -5.890789985656738, 1.6905773878097534, 1.0921789407730103, 1.1752536296844482, -3.2381155490875244, 2.9800820350646973, -1.8667876720428467, -0.36459216475486755, -0.3365282416343689]
[DIAG_TARGET] step=31 target_error=0.000000000 default=[0.0, -0.7853981852531433, 1.8654682636260986, 0.0, -0.7853981852531433, 1.8654682636260986, 0.0, -0.7853981852531433, 1.8654682636260986, 0.0, -0.7853981852531433, 1.8654682636260986] desired=[-0.06875000149011612, -0.862500011920929, 1.6129103899002075, 0.06875000149011612, -0.737500011920929, 1.6825000047683716, -0.5127374529838562, -0.862500011920929, 1.6825000047683716, -0.37216657400131226, -1.1207530498504639, 2.700000047683716] applied=[-0.06875000149011612, -0.862500011920929, 1.6129103899002075, 0.06875000149011612, -0.737500011920929, 1.6825000047683716, -0.5127374529838562, -0.862500011920929, 1.6825000047683716, -0.37216657400131226, -1.1207530498504639, 2.700000047683716] current=[-0.17545686662197113, -0.7242382168769836, 1.7954013347625732, -0.04632788896560669, -0.6728395223617554, 1.6847649812698364, -0.15958234667778015, -0.7621771097183228, 1.6763004064559937, -0.5941208004951477, -0.39233118295669556, 1.6788170337677002]
[DIAG_INFER] step=41 policy_action_max=6.674760 applied_action_max=0.250000 obs_max=5.890790 history_nonzero_rows=4 position_clip=0 torque_clip=1 action=[6.674759864807129, 3.0249197483062744, 1.2563574314117432, -1.641381859779358, -0.3313089609146118, -3.8480470180511475, 0.06916528940200806, -1.2868293523788452, 1.000786542892456, 3.3969502449035645, -3.064457893371582, 1.661737084388733]
[DIAG_TARGET] step=41 target_error=0.000000000 default=[0.0, -0.7853981852531433, 1.8654682636260986, 0.0, -0.7853981852531433, 1.8654682636260986, 0.0, -0.7853981852531433, 1.8654682636260986, 0.0, -0.7853981852531433, 1.8654682636260986] desired=[-0.06875000149011612, -0.737500011920929, 1.6825000047683716, 0.06875000149011612, -0.862500011920929, 1.5575000047683716, -0.09135434031486511, -0.862500011920929, 1.6825000047683716, 0.5265527367591858, -0.862500011920929, 1.6825000047683716] applied=[-0.06875000149011612, -0.737500011920929, 1.6825000047683716, 0.06875000149011612, -0.862500011920929, 1.5575000047683716, -0.09135434031486511, -0.862500011920929, 1.6825000047683716, 0.5265527367591858, -0.862500011920929, 1.6825000047683716] current=[-0.13491138815879822, -0.7431085705757141, 1.8008238077163696, 0.09405796974897385, -0.7200887799263, 1.6807918548583984, -0.24049702286720276, -0.8226432204246521, 1.672121286392212, -0.759457528591156, -0.6060479283332825, 2.162972927093506]
[DIAG_INFER] step=51 policy_action_max=6.641880 applied_action_max=0.250000 obs_max=6.674760 history_nonzero_rows=5 position_clip=0 torque_clip=3 action=[6.641880035400391, 3.1269123554229736, 2.774125814437866, -0.2369130551815033, 3.8787386417388916, -3.101022958755493, -3.0128719806671143, 1.531071662902832, -2.4715099334716797, 0.0793604627251625, -3.521677017211914, 3.9869155883789062]
[DIAG_TARGET] step=51 target_error=0.000000000 default=[0.0, -0.7853981852531433, 1.8654682636260986, 0.0, -0.7853981852531433, 1.8654682636260986, 0.0, -0.7853981852531433, 1.8654682636260986, 0.0, -0.7853981852531433, 1.8654682636260986] desired=[-0.06875000149011612, -0.737500011920929, 1.6825000047683716, 0.0703858733177185, -0.737500011920929, 1.5575000047683716, -0.13124999403953552, -0.737500011920929, 1.5575000047683716, 0.5665901303291321, -0.6228277683258057, 1.597525715827942] applied=[-0.06875000149011612, -0.737500011920929, 1.6825000047683716, 0.0703858733177185, -0.737500011920929, 1.5575000047683716, -0.13124999403953552, -0.737500011920929, 1.5575000047683716, 0.5665901303291321, -0.6228277683258057, 1.597525715827942] current=[-0.0652112141251564, -0.7242233753204346, 1.7663360834121704, 0.17387129366397858, -0.7954877614974976, 1.617110252380371, -0.18984048068523407, -0.8689894676208496, 1.6717815399169922, -0.13623999059200287, -0.7579147219657898, 1.8525545597076416]
[DIAG_INFER] step=61 policy_action_max=4.079134 applied_action_max=0.250000 obs_max=6.641880 history_nonzero_rows=6 position_clip=0 torque_clip=1 action=[2.8230056762695312, 0.11972633004188538, 2.106983184814453, 2.0379602909088135, 2.495779275894165, 0.29149574041366577, -1.7447495460510254, -0.5644245147705078, -1.0155596733093262, -4.079133987426758, -0.9720025062561035, 2.383953332901001]
[DIAG_TARGET] step=61 target_error=0.000000000 default=[0.0, -0.7853981852531433, 1.8654682636260986, 0.0, -0.7853981852531433, 1.8654682636260986, 0.0, -0.7853981852531433, 1.8654682636260986, 0.0, -0.7853981852531433, 1.8654682636260986] desired=[-0.06875000149011612, -0.7700684070587158, 1.6825000047683716, 0.13124999403953552, -0.737500011920929, 1.6825000047683716, -0.13124999403953552, -0.862500011920929, 1.5575000047683716, 0.06875000149011612, -0.8534252047538757, 1.6825000047683716] applied=[-0.06875000149011612, -0.7700684070587158, 1.6825000047683716, 0.13124999403953552, -0.737500011920929, 1.6825000047683716, -0.13124999403953552, -0.862500011920929, 1.5575000047683716, 0.06875000149011612, -0.8534252047538757, 1.6825000047683716] current=[-0.07099057734012604, -0.7072996497154236, 1.7582874298095703, 0.10497640073299408, -0.8039383292198181, 1.5766183137893677, -0.1776317059993744, -0.8219315409660339, 1.6037927865982056, 0.33573994040489197, -0.7115274667739868, 1.688031792640686]
[DIAG_INFER] step=71 policy_action_max=6.157135 applied_action_max=0.250000 obs_max=4.079134 history_nonzero_rows=7 position_clip=0 torque_clip=3 action=[0.968783438205719, -0.32726404070854187, 2.1462390422821045, -5.616371154785156, 1.890729308128357, 0.6079500317573547, -0.8202069997787476, -6.157135486602783, 4.234463691711426, -2.790278911590576, -1.55744469165802, -2.990246295928955]
[DIAG_TARGET] step=71 target_error=0.000000000 default=[0.0, -0.7853981852531433, 1.8654682636260986, 0.0, -0.7853981852531433, 1.8654682636260986, 0.0, -0.7853981852531433, 1.8654682636260986, 0.0, -0.7853981852531433, 1.8654682636260986] desired=[-0.06875000149011612, -0.862500011920929, 1.6825000047683716, 0.06875000149011612, -0.737500011920929, 1.6825000047683716, -0.13124999403953552, -0.862500011920929, 1.6825000047683716, -0.9539849162101746, -0.7855415940284729, 2.6158533096313477] applied=[-0.06875000149011612, -0.862500011920929, 1.6825000047683716, 0.06875000149011612, -0.737500011920929, 1.6825000047683716, -0.13124999403953552, -0.862500011920929, 1.6825000047683716, -0.9539849162101746, -0.7855415940284729, 2.6158533096313477] current=[-0.11302274465560913, -0.693833589553833, 1.7923825979232788, 0.047403667122125626, -0.7625897526741028, 1.630136489868164, -0.17491838335990906, -0.8137074708938599, 1.58688485622406, 0.3162464201450348, -0.7642145752906799, 1.726934552192688]
[DIAG_INFER] step=81 policy_action_max=11.886767 applied_action_max=0.250000 obs_max=6.157135 history_nonzero_rows=8 position_clip=0 torque_clip=3 action=[-1.9633814096450806, 4.665482997894287, 1.6134707927703857, -11.886767387390137, 2.1592817306518555, 1.7516565322875977, 3.5655927658081055, -10.302225112915039, 7.4319167137146, -0.02378251403570175, -6.506508827209473, -0.018979951739311218]
[DIAG_TARGET] step=81 target_error=0.000000000 default=[0.0, -0.7853981852531433, 1.8654682636260986, 0.0, -0.7853981852531433, 1.8654682636260986, 0.0, -0.7853981852531433, 1.8654682636260986, 0.0, -0.7853981852531433, 1.8654682636260986] desired=[-0.13124999403953552, -0.737500011920929, 1.6825000047683716, 0.06875000149011612, -0.737500011920929, 1.6825000047683716, -0.15890970826148987, -0.862500011920929, 1.6825000047683716, -0.005392014980316162, -0.862500011920929, 2.700000047683716] applied=[-0.13124999403953552, -0.737500011920929, 1.6825000047683716, 0.06875000149011612, -0.737500011920929, 1.6825000047683716, -0.15890970826148987, -0.862500011920929, 1.6825000047683716, -0.005392014980316162, -0.862500011920929, 2.700000047683716] current=[-0.17406828701496124, -0.6983885169029236, 1.860548734664917, 0.022899340838193893, -0.7268543243408203, 1.6601662635803223, -0.1583554595708847, -0.8345904350280762, 1.639593243598938, -0.29666686058044434, -0.8176571130752563, 2.1927835941314697]
[DIAG_INFER] step=91 policy_action_max=15.417415 applied_action_max=0.250000 obs_max=11.886767 history_nonzero_rows=9 position_clip=0 torque_clip=2 action=[9.365415573120117, 5.14016056060791, 2.2798049449920654, -15.417414665222168, 0.8617538213729858, 2.9565863609313965, -0.9223009943962097, -10.291764259338379, 2.5840017795562744, 11.936561584472656, -3.071906566619873, -3.4584383964538574]
[DIAG_TARGET] step=91 target_error=0.000000000 default=[0.0, -0.7853981852531433, 1.8654682636260986, 0.0, -0.7853981852531433, 1.8654682636260986, 0.0, -0.7853981852531433, 1.8654682636260986, 0.0, -0.7853981852531433, 1.8654682636260986] desired=[-0.06875000149011612, -0.737500011920929, 1.6825000047683716, 0.06875000149011612, -0.737500011920929, 1.6825000047683716, -0.13124999403953552, -0.862500011920929, 1.6825000047683716, 0.9628549218177795, -0.862500011920929, 2.5708184242248535] applied=[-0.06875000149011612, -0.737500011920929, 1.6825000047683716, 0.06875000149011612, -0.737500011920929, 1.6825000047683716, -0.13124999403953552, -0.862500011920929, 1.6825000047683716, 0.9628549218177795, -0.862500011920929, 2.5708184242248535] current=[-0.13122163712978363, -0.6848391890525818, 1.900574803352356, 0.11595256626605988, -0.7338805794715881, 1.6783419847488403, -0.08440481126308441, -0.8563796281814575, 1.6599200963974, -0.2933541238307953, -0.7936633229255676, 2.463653802871704]
[DIAG_INFER] step=101 policy_action_max=15.135117 applied_action_max=0.250000 obs_max=15.417415 history_nonzero_rows=10 position_clip=0 torque_clip=3 action=[15.135116577148438, 4.535745620727539, 5.278054237365723, -13.355792999267578, 1.5162649154663086, 0.3063305616378784, -1.0301597118377686, -8.608768463134766, 0.40688443183898926, 13.906392097473145, -5.495924949645996, -2.028170108795166]
[DIAG_TARGET] step=101 target_error=0.000000000 default=[0.0, -0.7853981852531433, 1.8654682636260986, 0.0, -0.7853981852531433, 1.8654682636260986, 0.0, -0.7853981852531433, 1.8654682636260986, 0.0, -0.7853981852531433, 1.8654682636260986] desired=[-0.06875000149011612, -0.737500011920929, 1.6825000047683716, 0.06875000149011612, -0.737500011920929, 1.6825000047683716, 0.1821449100971222, -0.862500011920929, 1.6825000047683716, 1.5, -0.862500011920929, 2.3971214294433594] applied=[-0.06875000149011612, -0.737500011920929, 1.6825000047683716, 0.06875000149011612, -0.737500011920929, 1.6825000047683716, 0.1821449100971222, -0.862500011920929, 1.6825000047683716, 1.5, -0.862500011920929, 2.3971214294433594] current=[-0.04363608360290527, -0.6888516545295715, 1.9312043190002441, 0.14059430360794067, -0.7501538991928101, 1.6816792488098145, -0.08015652745962143, -0.8714019656181335, 1.6686627864837646, 0.3607577979564667, -0.7768173813819885, 2.497520923614502]
[DIAG_INFER] step=111 policy_action_max=13.420832 applied_action_max=0.250000 obs_max=15.135117 history_nonzero_rows=11 position_clip=0 torque_clip=3 action=[9.621706008911133, 2.2818312644958496, 7.3252034187316895, -13.420831680297852, 3.2179834842681885, 1.9745906591415405, 3.2498278617858887, -8.049540519714355, 3.606583595275879, 10.267041206359863, -5.288963317871094, 0.05876602232456207]
[DIAG_TARGET] step=111 target_error=0.000000000 default=[0.0, -0.7853981852531433, 1.8654682636260986, 0.0, -0.7853981852531433, 1.8654682636260986, 0.0, -0.7853981852531433, 1.8654682636260986, 0.0, -0.7853981852531433, 1.8654682636260986] desired=[-0.06875000149011612, -0.737500011920929, 1.6825000047683716, 0.06875000149011612, -0.737500011920929, 1.6825000047683716, 0.7411738038063049, -0.862500011920929, 1.6825000047683716, 1.1732206344604492, -0.862500011920929, 2.5952844619750977] applied=[-0.06875000149011612, -0.737500011920929, 1.6825000047683716, 0.06875000149011612, -0.737500011920929, 1.6825000047683716, 0.7411738038063049, -0.862500011920929, 1.6825000047683716, 1.1732206344604492, -0.862500011920929, 2.5952844619750977] current=[0.039655182510614395, -0.6903326511383057, 1.9625438451766968, 0.15712136030197144, -0.7587440609931946, 1.740561604499817, 0.02024983800947666, -0.8980770707130432, 1.7300390005111694, 1.0359934568405151, -0.7726558446884155, 2.4308295249938965]
[DIAG_INFER] step=121 policy_action_max=13.711455 applied_action_max=0.250000 obs_max=13.420832 history_nonzero_rows=12 position_clip=0 torque_clip=2 action=[3.0909905433654785, 1.5764623880386353, 1.588411808013916, -13.711455345153809, 2.529324531555176, 4.289332389831543, 9.184845924377441, -8.033867835998535, 2.71014666557312, 1.7758532762527466, -5.109170436859131, -0.27541404962539673]
[DIAG_TARGET] step=121 target_error=0.000000000 default=[0.0, -0.7853981852531433, 1.8654682636260986, 0.0, -0.7853981852531433, 1.8654682636260986, 0.0, -0.7853981852531433, 1.8654682636260986, 0.0, -0.7853981852531433, 1.8654682636260986] desired=[-0.06875000149011612, -0.737500011920929, 1.6825000047683716, 0.06875000149011612, -0.737500011920929, 1.6825000047683716, 0.3407071828842163, -0.862500011920929, 1.6825000047683716, 0.13124999403953552, -0.862500011920929, 2.0559587478637695] applied=[-0.06875000149011612, -0.737500011920929, 1.6825000047683716, 0.06875000149011612, -0.737500011920929, 1.6825000047683716, 0.3407071828842163, -0.862500011920929, 1.6825000047683716, 0.13124999403953552, -0.862500011920929, 2.0559587478637695] current=[0.04646977782249451, -0.6871153712272644, 1.997997760772705, 0.17940306663513184, -0.7422418594360352, 1.8226845264434814, 0.2412554770708084, -0.9246561527252197, 1.829532504081726, 1.1915580034255981, -0.8194626569747925, 2.515007734298706]
[DIAG_INFER] step=131 policy_action_max=12.735555 applied_action_max=0.250000 obs_max=13.711455 history_nonzero_rows=13 position_clip=0 torque_clip=2 action=[0.2444215565919876, 4.405457496643066, 2.4226174354553223, -8.057433128356934, 2.0609652996063232, 0.9639706611633301, 5.15338659286499, -10.430848121643066, 0.17351174354553223, -12.735554695129395, -5.518826484680176, -1.9705500602722168]
[DIAG_TARGET] step=131 target_error=0.000000000 default=[0.0, -0.7853981852531433, 1.8654682636260986, 0.0, -0.7853981852531433, 1.8654682636260986, 0.0, -0.7853981852531433, 1.8654682636260986, 0.0, -0.7853981852531433, 1.8654682636260986] desired=[-0.06944730877876282, -0.737500011920929, 1.6825000047683716, 0.06875000149011612, -0.737500011920929, 1.6825000047683716, -0.06875000149011612, -0.862500011920929, 1.6633780002593994, -1.5, -0.862500011920929, 2.1405792236328125] applied=[-0.06944730877876282, -0.737500011920929, 1.6825000047683716, 0.06875000149011612, -0.737500011920929, 1.6825000047683716, -0.06875000149011612, -0.862500011920929, 1.6633780002593994, -1.5, -0.862500011920929, 2.1405792236328125] current=[-0.06141076236963272, -0.6879503726959229, 2.043710470199585, 0.09052468091249466, -0.6890773773193359, 1.8539774417877197, 0.2635350823402405, -0.9358704090118408, 1.9067941904067993, 0.6743001937866211, -0.8538089990615845, 2.2553703784942627]
[DIAG_INFER] step=141 policy_action_max=12.300630 applied_action_max=0.250000 obs_max=12.735555 history_nonzero_rows=14 position_clip=0 torque_clip=4 action=[3.1970062255859375, -0.7347849607467651, 3.3110158443450928, -5.107090950012207, 3.5874173641204834, 0.5153483152389526, -4.279784679412842, -7.867437839508057, -0.17377865314483643, -12.300629615783691, -4.183829307556152, -0.8624950647354126]
[DIAG_TARGET] step=141 target_error=0.000000000 default=[0.0, -0.7853981852531433, 1.8654682636260986, 0.0, -0.7853981852531433, 1.8654682636260986, 0.0, -0.7853981852531433, 1.8654682636260986, 0.0, -0.7853981852531433, 1.8654682636260986] desired=[-0.06875000149011612, -0.862500011920929, 1.6825000047683716, 0.06875000149011612, -0.737500011920929, 1.6825000047683716, -0.18765079975128174, -0.862500011920929, 1.5765553712844849, -1.5, -0.2488410472869873, 1.7831109762191772] applied=[-0.06875000149011612, -0.862500011920929, 1.6825000047683716, 0.06875000149011612, -0.737500011920929, 1.6825000047683716, -0.18765079975128174, -0.862500011920929, 1.5765553712844849, -1.5, -0.2488410472869873, 1.7831109762191772] current=[-0.16902802884578705, -0.6691184639930725, 2.0771639347076416, 0.03164343535900116, -0.6486884951591492, 1.8406996726989746, 0.23811332881450653, -0.9254029989242554, 1.96015202999115, -0.1445537954568863, -0.827224850654602, 2.134293794631958]
[DIAG_INFER] step=151 policy_action_max=5.875026 applied_action_max=0.250000 obs_max=12.300630 history_nonzero_rows=15 position_clip=0 torque_clip=2 action=[1.8381199836730957, -0.2818204462528229, 3.174983263015747, -5.27658748626709, 5.875026226043701, -0.37422844767570496, 0.17472875118255615, -4.609735488891602, -0.36843132972717285, -5.06911039352417, -1.3365256786346436, 2.8007020950317383]
[DIAG_TARGET] step=151 target_error=0.000000000 default=[0.0, -0.7853981852531433, 1.8654682636260986, 0.0, -0.7853981852531433, 1.8654682636260986, 0.0, -0.7853981852531433, 1.8654682636260986, 0.0, -0.7853981852531433, 1.8654682636260986] desired=[-0.06875000149011612, -0.862500011920929, 1.6825000047683716, 0.06875000149011612, -0.737500011920929, 1.5575000047683716, -0.7476838231086731, -0.862500011920929, 1.5575000047683716, 0.06875000149011612, 0.40642446279525757, 1.6825000047683716] applied=[-0.06875000149011612, -0.862500011920929, 1.6825000047683716, 0.06875000149011612, -0.737500011920929, 1.5575000047683716, -0.7476838231086731, -0.862500011920929, 1.5575000047683716, 0.06875000149011612, 0.40642446279525757, 1.6825000047683716] current=[-0.2119983732700348, -0.6284258961677551, 2.0925614833831787, 0.05674220621585846, -0.6508707404136658, 1.8182297945022583, 0.22172807157039642, -0.9042165279388428, 2.0033411979675293, -0.8899547457695007, -0.5139981508255005, 1.8606313467025757]
[DIAG_INFER] step=161 policy_action_max=7.342776 applied_action_max=0.250000 obs_max=5.875026 history_nonzero_rows=15 position_clip=0 torque_clip=4 action=[6.313693046569824, 3.9413516521453857, 6.193807125091553, 0.15555134415626526, 2.9892051219940186, -4.855976104736328, -1.14577054977417, 1.1796855926513672, -5.516651153564453, -2.7132461071014404, -5.466096878051758, 7.342775821685791]
[DIAG_TARGET] step=161 target_error=0.000000000 default=[0.0, -0.7853981852531433, 1.8654682636260986, 0.0, -0.7853981852531433, 1.8654682636260986, 0.0, -0.7853981852531433, 1.8654682636260986, 0.0, -0.7853981852531433, 1.8654682636260986] desired=[-0.06875000149011612, -0.737500011920929, 1.6825000047683716, 0.11944392323493958, -0.737500011920929, 1.5575000047683716, -0.13124999403953552, -0.36772847175598145, 1.5575000047683716, 1.5, -0.36711907386779785, 1.6803966760635376] applied=[-0.06875000149011612, -0.737500011920929, 1.6825000047683716, 0.11944392323493958, -0.737500011920929, 1.5575000047683716, -0.13124999403953552, -0.36772847175598145, 1.5575000047683716, 1.5, -0.36711907386779785, 1.6803966760635376] current=[-0.16147485375404358, -0.5939900875091553, 2.0739684104919434, 0.12923915684223175, -0.630641520023346, 1.8341529369354248, 0.30250054597854614, -0.885628879070282, 2.0335147380828857, -0.8864721059799194, -0.018580161035060883, 1.6986626386642456]
[DIAG_INFER] step=171 policy_action_max=5.345784 applied_action_max=0.250000 obs_max=7.342776 history_nonzero_rows=15 position_clip=0 torque_clip=4 action=[5.3457841873168945, 2.842031240463257, 2.6545193195343018, -0.1202443540096283, 1.7461363077163696, -3.3571910858154297, -2.48911190032959, 2.1390721797943115, -4.857708930969238, 1.9964185953140259, -5.1798577308654785, 4.083317279815674]
[DIAG_TARGET] step=171 target_error=0.000000000 default=[0.0, -0.7853981852531433, 1.8654682636260986, 0.0, -0.7853981852531433, 1.8654682636260986, 0.0, -0.7853981852531433, 1.8654682636260986, 0.0, -0.7853981852531433, 1.8654682636260986] desired=[-0.06875000149011612, -0.737500011920929, 1.6825000047683716, 0.08496946096420288, -0.737500011920929, 1.5575000047683716, -0.08296021819114685, -0.737500011920929, 1.5575000047683716, 1.5, -0.6269751787185669, 0.8860812187194824] applied=[-0.06875000149011612, -0.737500011920929, 1.6825000047683716, 0.08496946096420288, -0.737500011920929, 1.5575000047683716, -0.08296021819114685, -0.737500011920929, 1.5575000047683716, 1.5, -0.6269751787185669, 0.8860812187194824] current=[-0.07447338849306107, -0.5743357539176941, 2.0271973609924316, 0.22181177139282227, -0.6013838052749634, 1.8585841655731201, 0.4440501630306244, -0.872070848941803, 2.047360420227051, -0.12534171342849731, -0.011438033543527126, 1.6445183753967285]
[DIAG_INFER] step=181 policy_action_max=5.490207 applied_action_max=0.250000 obs_max=5.345784 history_nonzero_rows=15 position_clip=0 torque_clip=4 action=[2.942840099334717, 0.3873554766178131, 1.9272572994232178, 2.3067095279693604, 3.7361090183258057, -0.006336577236652374, -1.4814729690551758, 2.6516611576080322, -0.976263165473938, -5.490207195281982, -1.2771497964859009, 0.6943660974502563]
[DIAG_TARGET] step=181 target_error=0.000000000 default=[0.0, -0.7853981852531433, 1.8654682636260986, 0.0, -0.7853981852531433, 1.8654682636260986, 0.0, -0.7853981852531433, 1.8654682636260986, 0.0, -0.7853981852531433, 1.8654682636260986] desired=[-0.06875000149011612, -0.737500011920929, 1.6825000047683716, 0.13124999403953552, -0.737500011920929, 1.6184158325195312, 0.5603511333465576, -0.737500011920929, 1.5575000047683716, -0.48985999822616577, -0.1974247694015503, 1.1901805400848389] applied=[-0.06875000149011612, -0.737500011920929, 1.6825000047683716, 0.13124999403953552, -0.737500011920929, 1.6184158325195312, 0.5603511333465576, -0.737500011920929, 1.5575000047683716, -0.48985999822616577, -0.1974247694015503, 1.1901805400848389] current=[-0.06872621178627014, -0.5483942031860352, 1.9848179817199707, 0.22602251172065735, -0.5778268575668335, 1.8444759845733643, 0.4707163870334625, -0.8690866827964783, 2.08359432220459, 0.6445735692977905, -0.22447644174098969, 1.2553462982177734]
[DIAG_INFER] step=191 policy_action_max=14.197046 applied_action_max=0.250000 obs_max=7.527298 history_nonzero_rows=15 position_clip=0 torque_clip=2 action=[5.639367580413818, 2.1101105213165283, 4.863831043243408, -0.11931023001670837, 1.1847292184829712, -0.4647641181945801, -9.08086109161377, -6.471049785614014, -1.1280558109283447, -14.197046279907227, -3.6914007663726807, -2.688666820526123]
[DIAG_TARGET] step=191 target_error=0.000000000 default=[0.0, -0.7853981852531433, 1.8654682636260986, 0.0, -0.7853981852531433, 1.8654682636260986, 0.0, -0.7853981852531433, 1.8654682636260986, 0.0, -0.7853981852531433, 1.8654682636260986] desired=[-0.06875000149011612, -0.737500011920929, 1.6825000047683716, 0.08508622646331787, -0.737500011920929, 1.5575000047683716, -0.13124999403953552, -0.862500011920929, 1.5575000047683716, -1.5, -0.5848233699798584, 1.5575000047683716] applied=[-0.06875000149011612, -0.737500011920929, 1.6825000047683716, 0.08508622646331787, -0.737500011920929, 1.5575000047683716, -0.13124999403953552, -0.862500011920929, 1.5575000047683716, -1.5, -0.5848233699798584, 1.5575000047683716] current=[-0.20309042930603027, -0.5183767676353455, 1.970476508140564, 0.1056414470076561, -0.5681166052818298, 1.7684890031814575, 0.3618289828300476, -0.8380169868469238, 2.1106889247894287, 0.6766681671142578, -0.3628499507904053, 1.2053697109222412]
[DIAG_INFER] step=201 policy_action_max=7.488583 applied_action_max=0.250000 obs_max=14.197046 history_nonzero_rows=15 position_clip=0 torque_clip=2 action=[0.7883054614067078, -2.774482011795044, 1.8367159366607666, -7.488582611083984, 5.426718235015869, 1.374397873878479, -0.7478267550468445, -3.8374998569488525, 3.972538948059082, -5.035737991333008, -2.8016042709350586, -5.1518874168396]
[DIAG_TARGET] step=201 target_error=0.000000000 default=[0.0, -0.7853981852531433, 1.8654682636260986, 0.0, -0.7853981852531433, 1.8654682636260986, 0.0, -0.7853981852531433, 1.8654682636260986, 0.0, -0.7853981852531433, 1.8654682636260986] desired=[-0.06875000149011612, -0.862500011920929, 1.6825000047683716, 0.06875000149011612, -0.737500011920929, 1.6825000047683716, -0.13124999403953552, -0.862500011920929, 1.6825000047683716, -1.5, -0.862500011920929, 2.6617493629455566] applied=[-0.06875000149011612, -0.862500011920929, 1.6825000047683716, 0.06875000149011612, -0.737500011920929, 1.6825000047683716, -0.13124999403953552, -0.862500011920929, 1.6825000047683716, -1.5, -0.862500011920929, 2.6617493629455566] current=[-0.3402996063232422, -0.5023194551467896, 2.004615545272827, 0.014193208888173103, -0.6259819865226746, 1.65261971950531, 0.14111091196537018, -0.7941733598709106, 2.1218485832214355, 0.04014836624264717, -0.476090669631958, 1.4981796741485596]
[DIAG_INFER] step=211 policy_action_max=15.446617 applied_action_max=0.250000 obs_max=7.488583 history_nonzero_rows=15 position_clip=0 torque_clip=4 action=[15.446617126464844, 8.310198783874512, 10.321518898010254, -0.039349883794784546, 1.0946472883224487, -10.275235176086426, -1.9625403881072998, -6.713249683380127, -1.4366528987884521, 3.4730448722839355, -5.118463516235352, 8.070923805236816]
[DIAG_TARGET] step=211 target_error=0.000000000 default=[0.0, -0.7853981852531433, 1.8654682636260986, 0.0, -0.7853981852531433, 1.8654682636260986, 0.0, -0.7853981852531433, 1.8654682636260986, 0.0, -0.7853981852531433, 1.8654682636260986] desired=[-0.06875000149011612, -0.737500011920929, 1.6825000047683716, 0.09508126974105835, -0.737500011920929, 1.5575000047683716, -0.7548231482505798, -0.862500011920929, 1.5575000047683716, 1.5, -1.370964765548706, 1.9089521169662476] applied=[-0.06875000149011612, -0.737500011920929, 1.6825000047683716, 0.09508126974105835, -0.737500011920929, 1.5575000047683716, -0.7548231482505798, -0.862500011920929, 1.5575000047683716, 1.5, -1.370964765548706, 1.9089521169662476] current=[-0.335646390914917, -0.5218638777732849, 2.051724910736084, 0.05539673566818237, -0.7065773010253906, 1.6570661067962646, -0.05142870172858238, -0.7380073070526123, 2.1021416187286377, -0.7366024851799011, -0.6516849398612976, 2.0035512447357178]
[DIAG_INFER] step=221 policy_action_max=15.720942 applied_action_max=0.250000 obs_max=15.446617 history_nonzero_rows=15 position_clip=0 torque_clip=2 action=[9.214763641357422, 5.457619667053223, 8.26554012298584, 7.39243221282959, -1.0300017595291138, -9.07789421081543, -2.056718587875366, 4.28585147857666, -7.006932258605957, 0.3901539742946625, -15.720942497253418, 13.927714347839355]
[DIAG_TARGET] step=221 target_error=0.000000000 default=[0.0, -0.7853981852531433, 1.8654682636260986, 0.0, -0.7853981852531433, 1.8654682636260986, 0.0, -0.7853981852531433, 1.8654682636260986, 0.0, -0.7853981852531433, 1.8654682636260986] desired=[-0.06875000149011612, -0.737500011920929, 1.6825000047683716, 0.13124999403953552, -0.862500011920929, 1.5575000047683716, -0.13124999403953552, -0.737500011920929, 1.5575000047683716, 1.5, -0.862500011920929, 0.16312623023986816] applied=[-0.06875000149011612, -0.737500011920929, 1.6825000047683716, 0.13124999403953552, -0.862500011920929, 1.5575000047683716, -0.13124999403953552, -0.737500011920929, 1.5575000047683716, 1.5, -0.862500011920929, 0.16312623023986816] current=[-0.21040168404579163, -0.5349011421203613, 2.0163817405700684, 0.17665114998817444, -0.749049186706543, 1.6037206649780273, -0.058257807046175, -0.7083222270011902, 2.0748913288116455, -0.7139849662780762, -0.9297648072242737, 1.8810044527053833]
[DIAG_INFER] step=231 policy_action_max=8.943512 applied_action_max=0.250000 obs_max=15.720942 history_nonzero_rows=15 position_clip=0 torque_clip=3 action=[4.411952495574951, 2.764829397201538, 2.3441085815429688, 4.6345014572143555, -0.5305041074752808, -5.192896842956543, -7.197810173034668, 3.4131991863250732, -5.936732292175293, 2.9444382190704346, -8.943511962890625, 8.4320068359375]
[DIAG_TARGET] step=231 target_error=0.000000000 default=[0.0, -0.7853981852531433, 1.8654682636260986, 0.0, -0.7853981852531433, 1.8654682636260986, 0.0, -0.7853981852531433, 1.8654682636260986, 0.0, -0.7853981852531433, 1.8654682636260986] desired=[-0.06875000149011612, -0.737500011920929, 1.6825000047683716, 0.13124999403953552, -0.862500011920929, 1.5575000047683716, 0.1363273411989212, -0.737500011920929, 1.5575000047683716, 1.5, -0.862500011920929, -0.7929906845092773] applied=[-0.06875000149011612, -0.737500011920929, 1.6825000047683716, 0.13124999403953552, -0.862500011920929, 1.5575000047683716, 0.1363273411989212, -0.737500011920929, 1.5575000047683716, 1.5, -0.862500011920929, -0.7929906845092773] current=[-0.10644986480474472, -0.5369660258293152, 1.9387750625610352, 0.20892833173274994, -0.812077522277832, 1.580349087715149, 0.032093096524477005, -0.683122992515564, 2.034487724304199, 0.09342614561319351, -0.8762945532798767, 1.418285608291626]
[DIAG_INFER] step=241 policy_action_max=6.298824 applied_action_max=0.250000 obs_max=8.943512 history_nonzero_rows=15 position_clip=0 torque_clip=4 action=[2.4601240158081055, 2.0576536655426025, 1.738532543182373, 2.856346607208252, -0.6001472473144531, -2.0154922008514404, -1.4784629344940186, 2.8814594745635986, -2.2650914192199707, 2.6124215126037598, -6.298823833465576, 3.42164945602417]
[DIAG_TARGET] step=241 target_error=0.000000000 default=[0.0, -0.7853981852531433, 1.8654682636260986, 0.0, -0.7853981852531433, 1.8654682636260986, 0.0, -0.7853981852531433, 1.8654682636260986, 0.0, -0.7853981852531433, 1.8654682636260986] desired=[-0.06875000149011612, -0.737500011920929, 1.6825000047683716, 0.13124999403953552, -0.862500011920929, 1.5575000047683716, 0.7433216571807861, -0.737500011920929, 1.5575000047683716, 1.2012314796447754, -1.3537925481796265, 0.3487381935119629] applied=[-0.06875000149011612, -0.737500011920929, 1.6825000047683716, 0.13124999403953552, -0.862500011920929, 1.5575000047683716, 0.7433216571807861, -0.737500011920929, 1.5575000047683716, 1.2012314796447754, -1.3537925481796265, 0.3487381935119629] current=[-0.03230701759457588, -0.5542839169502258, 1.869998574256897, 0.1644686609506607, -0.8610179424285889, 1.560473084449768, 0.11132369190454483, -0.6520251035690308, 1.986097812652588, 0.8614336252212524, -0.7533245086669922, 0.8913809657096863]
[DIAG_INFER] step=251 policy_action_max=3.426471 applied_action_max=0.250000 obs_max=6.298824 history_nonzero_rows=15 position_clip=0 torque_clip=3 action=[0.9254041314125061, -0.24150845408439636, 1.8230178356170654, 1.9154980182647705, -0.40424978733062744, -1.824478268623352, 1.5474514961242676, 3.283169984817505, -3.104956865310669, -0.537940502166748, -3.426470994949341, 0.9511946439743042]
[DIAG_TARGET] step=251 target_error=0.000000119 default=[0.0, -0.7853981852531433, 1.8654682636260986, 0.0, -0.7853981852531433, 1.8654682636260986, 0.0, -0.7853981852531433, 1.8654682636260986, 0.0, -0.7853981852531433, 1.8654682636260986] desired=[-0.06875000149011612, -0.8603771328926086, 1.6825000047683716, 0.13124999403953552, -0.862500011920929, 1.5575000047683716, 0.5747742056846619, -0.737500011920929, 1.5575000047683716, 0.06875000149011612, -1.9164577722549438, 1.4481397867202759] applied=[-0.06875000149011612, -0.8603771328926086, 1.6825000047683716, 0.13124999403953552, -0.862500011920929, 1.5575000047683716, 0.5747742056846619, -0.737500011920929, 1.5575000047683716, 0.06875000149011612, -1.9164578914642334, 1.4481397867202759] current=[-0.010094315744936466, -0.5917630791664124, 1.8266035318374634, 0.10459642857313156, -0.8630527853965759, 1.5521653890609741, 0.3246809244155884, -0.6252691745758057, 1.8870283365249634, 1.2303590774536133, -0.950478196144104, 0.668587327003479]
[DIAG_INFER] step=261 policy_action_max=7.079242 applied_action_max=0.250000 obs_max=3.426471 history_nonzero_rows=15 position_clip=0 torque_clip=2 action=[3.5598490238189697, 3.300213575363159, 2.7776119709014893, -0.4829050600528717, -3.023745536804199, -2.3514435291290283, 7.079241752624512, -0.37933802604675293, -1.335927963256836, -1.6172305345535278, -0.7364012002944946, 1.0597933530807495]
[DIAG_TARGET] step=261 target_error=0.000000000 default=[0.0, -0.7853981852531433, 1.8654682636260986, 0.0, -0.7853981852531433, 1.8654682636260986, 0.0, -0.7853981852531433, 1.8654682636260986, 0.0, -0.7853981852531433, 1.8654682636260986] desired=[-0.06875000149011612, -0.737500011920929, 1.6825000047683716, 0.06875000149011612, -0.862500011920929, 1.5575000047683716, -0.06875000149011612, -1.1680593490600586, 1.5575000047683716, 0.06875000149011612, -3.0684309005737305, 1.6825000047683716] applied=[-0.06875000149011612, -0.737500011920929, 1.6825000047683716, 0.06875000149011612, -0.862500011920929, 1.5575000047683716, -0.06875000149011612, -1.1680593490600586, 1.5575000047683716, 0.06875000149011612, -3.0684309005737305, 1.6825000047683716] current=[-0.0655059888958931, -0.6623050570487976, 1.834947109222412, 0.03528466448187828, -0.8382455110549927, 1.552104115486145, 0.47599053382873535, -0.6374325752258301, 1.7438304424285889, 0.6899394392967224, -1.5177234411239624, 1.1002988815307617]
[DIAG_INFER] step=271 policy_action_max=5.696019 applied_action_max=0.250000 obs_max=7.079242 history_nonzero_rows=15 position_clip=0 torque_clip=1 action=[1.0061079263687134, -0.5400407314300537, 1.75101637840271, 5.696019172668457, 1.269114375114441, 0.29291796684265137, -0.5958549380302429, 3.6717770099639893, -1.8717706203460693, -1.0412462949752808, -0.4424867331981659, 2.878157615661621]
[DIAG_TARGET] step=271 target_error=0.000000000 default=[0.0, -0.7853981852531433, 1.8654682636260986, 0.0, -0.7853981852531433, 1.8654682636260986, 0.0, -0.7853981852531433, 1.8654682636260986, 0.0, -0.7853981852531433, 1.8654682636260986] desired=[-0.06875000149011612, -0.862500011920929, 1.6825000047683716, 0.13124999403953552, -0.737500011920929, 1.6825000047683716, -0.13124999403953552, -2.26106333732605, 1.5575000047683716, 0.06875000149011612, -0.862500011920929, 1.6825000047683716] applied=[-0.06875000149011612, -0.862500011920929, 1.6825000047683716, 0.13124999403953552, -0.737500011920929, 1.6825000047683716, -0.13124999403953552, -2.26106333732605, 1.5575000047683716, 0.06875000149011612, -0.862500011920929, 1.6825000047683716] current=[-0.07252180576324463, -0.6663945913314819, 1.8189195394515991, 0.04336343705654144, -0.8476760983467102, 1.5581084489822388, 0.4369432330131531, -0.7547017335891724, 1.8200924396514893, 0.2457038164138794, -2.2706596851348877, 1.4109734296798706]
[DIAG_INFER] step=281 policy_action_max=7.350251 applied_action_max=0.250000 obs_max=5.696019 history_nonzero_rows=15 position_clip=0 torque_clip=5 action=[1.4662232398986816, 3.9713101387023926, 1.231073021888733, -4.552276611328125, -0.855683445930481, 2.0546257495880127, -2.192185878753662, -6.494558811187744, 3.7964043617248535, -7.350250720977783, -0.14165911078453064, -3.7773828506469727]
[DIAG_TARGET] step=281 target_error=0.000000000 default=[0.0, -0.7853981852531433, 1.8654682636260986, 0.0, -0.7853981852531433, 1.8654682636260986, 0.0, -0.7853981852531433, 1.8654682636260986, 0.0, -0.7853981852531433, 1.8654682636260986] desired=[-0.06875000149011612, -0.737500011920929, 1.6825000047683716, 0.06875000149011612, -0.9137613773345947, 1.6825000047683716, -0.13124999403953552, -1.1467901468276978, 1.6825000047683716, -1.5, -1.6929223537445068, 2.094459056854248] applied=[-0.06875000149011612, -0.737500011920929, 1.6825000047683716, 0.06875000149011612, -0.9137613773345947, 1.6825000047683716, -0.13124999403953552, -1.1467901468276978, 1.6825000047683716, -1.5, -1.6929223537445068, 2.094459056854248] current=[-0.12803880870342255, -0.6952477693557739, 1.834887146949768, 0.03367621451616287, -0.8072456121444702, 1.618295669555664, 0.32645776867866516, -1.1599137783050537, 1.938016414642334, 0.14632205665111542, -2.3921167850494385, 1.4900004863739014]
[DIAG_INFER] step=291 policy_action_max=8.311623 applied_action_max=0.250000 obs_max=7.350251 history_nonzero_rows=15 position_clip=0 torque_clip=2 action=[5.878000259399414, 4.648536205291748, 2.0137453079223633, -8.311622619628906, 3.2228100299835205, 0.5618714094161987, -3.2505686283111572, -4.187732219696045, -0.4387487769126892, -1.841741681098938, -2.6895742416381836, 3.2389326095581055]
[DIAG_TARGET] step=291 target_error=0.000000000 default=[0.0, -0.7853981852531433, 1.8654682636260986, 0.0, -0.7853981852531433, 1.8654682636260986, 0.0, -0.7853981852531433, 1.8654682636260986, 0.0, -0.7853981852531433, 1.8654682636260986] desired=[-0.06875000149011612, -0.737500011920929, 1.6825000047683716, 0.06875000149011612, -0.737500011920929, 1.6825000047683716, -0.6462499499320984, -0.862500011920929, 1.5575000047683716, 0.06875000149011612, -0.3569633960723877, 1.6825000047683716] applied=[-0.06875000149011612, -0.737500011920929, 1.6825000047683716, 0.06875000149011612, -0.737500011920929, 1.6825000047683716, -0.6462499499320984, -0.862500011920929, 1.5575000047683716, 0.06875000149011612, -0.3569633960723877, 1.6825000047683716] current=[-0.20240594446659088, -0.6840821504592896, 1.8633615970611572, 0.011378220282495022, -0.8031650185585022, 1.6582204103469849, 0.14618505537509918, -1.2624632120132446, 1.9646108150482178, -0.5903875231742859, -2.0345115661621094, 1.7927615642547607]
[DIAG_INFER] step=301 policy_action_max=5.430590 applied_action_max=0.250000 obs_max=8.311623 history_nonzero_rows=15 position_clip=0 torque_clip=2 action=[2.844529867172241, 0.47254976630210876, 4.671580791473389, -5.43058967590332, 5.046080112457275, 0.6410238742828369, 0.6014746427536011, -4.226768493652344, 1.8099031448364258, -2.2414166927337646, -0.9081224203109741, 3.6675169467926025]
[DIAG_TARGET] step=301 target_error=0.000000000 default=[0.0, -0.7853981852531433, 1.8654682636260986, 0.0, -0.7853981852531433, 1.8654682636260986, 0.0, -0.7853981852531433, 1.8654682636260986, 0.0, -0.7853981852531433, 1.8654682636260986] desired=[-0.06875000149011612, -0.737500011920929, 1.6825000047683716, 0.06875000149011612, -0.737500011920929, 1.6825000047683716, -0.06875000149011612, -0.862500011920929, 1.6825000047683716, 0.06875000149011612, -0.20717859268188477, 1.745766520500183] applied=[-0.06875000149011612, -0.737500011920929, 1.6825000047683716, 0.06875000149011612, -0.737500011920929, 1.6825000047683716, -0.06875000149011612, -0.862500011920929, 1.6825000047683716, 0.06875000149011612, -0.20717859268188477, 1.745766520500183] current=[-0.15530531108379364, -0.6559033393859863, 1.875343918800354, 0.09898491948843002, -0.7972698211669922, 1.6689363718032837, 0.061088744550943375, -1.2403879165649414, 1.9811222553253174, -0.4116899073123932, -1.2344609498977661, 1.6662869453430176]
[DIAG_INFER] step=311 policy_action_max=8.927128 applied_action_max=0.250000 obs_max=5.430590 history_nonzero_rows=15 position_clip=0 torque_clip=3 action=[8.927127838134766, 1.3811739683151245, 8.306314468383789, -3.0012478828430176, 6.700686931610107, -5.506111145019531, -5.03692626953125, -0.8287784457206726, -4.549392223358154, -5.103177070617676, -7.07466983795166, 6.056344032287598]
[DIAG_TARGET] step=311 target_error=0.000000000 default=[0.0, -0.7853981852531433, 1.8654682636260986, 0.0, -0.7853981852531433, 1.8654682636260986, 0.0, -0.7853981852531433, 1.8654682636260986, 0.0, -0.7853981852531433, 1.8654682636260986] desired=[-0.06875000149011612, -0.737500011920929, 1.6825000047683716, 0.06875000149011612, -0.737500011920929, 1.5575000047683716, -0.13124999403953552, -0.7748832702636719, 1.5575000047683716, 1.5, 0.4253275990486145, 1.6825000047683716] applied=[-0.06875000149011612, -0.737500011920929, 1.6825000047683716, 0.06875000149011612, -0.737500011920929, 1.5575000047683716, -0.13124999403953552, -0.7748832702636719, 1.5575000047683716, 1.5, 0.4253275990486145, 1.6825000047683716] current=[-0.11386606842279434, -0.6214824318885803, 1.8875198364257812, 0.12422329932451248, -0.7619558572769165, 1.6759624481201172, 0.020076043903827667, -1.1919525861740112, 1.9819278717041016, -0.16831323504447937, -0.5257386565208435, 1.6708481311798096]
[DIAG_INFER] step=321 policy_action_max=17.488247 applied_action_max=0.250000 obs_max=8.927128 history_nonzero_rows=15 position_clip=0 torque_clip=4 action=[8.829460144042969, 5.721431732177734, 12.1516695022583, 12.492566108703613, 2.297107458114624, -12.8532075881958, -3.1359832286834717, 4.312366962432861, -8.799739837646484, -3.6605114936828613, -14.760712623596191, 17.48824691772461]
[DIAG_TARGET] step=321 target_error=0.000000000 default=[0.0, -0.7853981852531433, 1.8654682636260986, 0.0, -0.7853981852531433, 1.8654682636260986, 0.0, -0.7853981852531433, 1.8654682636260986, 0.0, -0.7853981852531433, 1.8654682636260986] desired=[-0.06875000149011612, -0.737500011920929, 1.6825000047683716, 0.13124999403953552, -0.737500011920929, 1.5575000047683716, 0.5617609024047852, -0.29200509190559387, 1.5575000047683716, 1.5, 0.05877828598022461, 1.6825000047683716] applied=[-0.06875000149011612, -0.737500011920929, 1.6825000047683716, 0.13124999403953552, -0.737500011920929, 1.5575000047683716, 0.5617609024047852, -0.29200509190559387, 1.5575000047683716, 1.5, 0.05877828598022461, 1.6825000047683716] current=[0.03676372021436691, -0.5766769647598267, 1.8730542659759521, 0.1711072474718094, -0.7510750889778137, 1.6139975786209106, 0.11371905356645584, -1.1358603239059448, 1.9658427238464355, 0.5346975922584534, 0.05694184452295303, 1.6091235876083374]
[DIAG_INFER] step=331 policy_action_max=8.943886 applied_action_max=0.250000 obs_max=17.488247 history_nonzero_rows=15 position_clip=0 torque_clip=4 action=[4.860552787780762, -2.186788558959961, 1.8937804698944092, 4.905961513519287, 1.192712426185608, 1.041356086730957, 1.110774040222168, 4.072427272796631, -8.845675468444824, 1.3368128538131714, -6.020756721496582, 8.943885803222656]
[DIAG_TARGET] step=331 target_error=0.000000000 default=[0.0, -0.7853981852531433, 1.8654682636260986, 0.0, -0.7853981852531433, 1.8654682636260986, 0.0, -0.7853981852531433, 1.8654682636260986, 0.0, -0.7853981852531433, 1.8654682636260986] desired=[-0.06875000149011612, -0.862500011920929, 1.6825000047683716, 0.13124999403953552, -0.737500011920929, 1.6825000047683716, 0.8852910995483398, -0.7116851806640625, 1.5575000047683716, 1.5, -0.3760364055633545, 1.6825000047683716] applied=[-0.06875000149011612, -0.862500011920929, 1.6825000047683716, 0.13124999403953552, -0.737500011920929, 1.6825000047683716, 0.8852910995483398, -0.7116851806640625, 1.5575000047683716, 1.5, -0.3760364055633545, 1.6825000047683716] current=[0.14739955961704254, -0.5468358993530273, 1.8795377016067505, 0.10765189677476883, -0.7354717254638672, 1.5800443887710571, 0.2878176271915436, -0.8932217359542847, 1.8486883640289307, 1.2105813026428223, 0.1895468682050705, 1.6546874046325684]
[DIAG_INFER] step=341 policy_action_max=5.285547 applied_action_max=0.250000 obs_max=8.943886 history_nonzero_rows=15 position_clip=0 torque_clip=2 action=[-0.40513497591018677, -4.259793281555176, 0.9935258626937866, 5.285547256469727, 3.95236873626709, -1.1322414875030518, 4.322360992431641, 2.34350323677063, -2.3614096641540527, 3.062819004058838, -1.8728628158569336, 2.337496280670166]
[DIAG_TARGET] step=341 target_error=0.000000000 default=[0.0, -0.7853981852531433, 1.8654682636260986, 0.0, -0.7853981852531433, 1.8654682636260986, 0.0, -0.7853981852531433, 1.8654682636260986, 0.0, -0.7853981852531433, 1.8654682636260986] desired=[-0.13124999403953552, -0.862500011920929, 1.6825000047683716, 0.13124999403953552, -0.737500011920929, 1.5575000047683716, 0.7295988202095032, -0.737500011920929, 1.5575000047683716, 0.13124999403953552, -0.862500011920929, 2.700000047683716] applied=[-0.13124999403953552, -0.862500011920929, 1.6825000047683716, 0.13124999403953552, -0.737500011920929, 1.5575000047683716, 0.7295988202095032, -0.737500011920929, 1.5575000047683716, 0.13124999403953552, -0.862500011920929, 2.700000047683716] current=[0.17188142240047455, -0.5586012601852417, 1.9225387573242188, 0.03290535509586334, -0.7186527252197266, 1.628130316734314, 0.5769169926643372, -0.7133524417877197, 1.6826624870300293, 1.4682506322860718, -0.04628643020987511, 1.717447280883789]
[DIAG_INFER] step=351 policy_action_max=13.569710 applied_action_max=0.250000 obs_max=6.747868 history_nonzero_rows=15 position_clip=0 torque_clip=2 action=[-0.6079148650169373, 6.0923614501953125, 3.9183342456817627, -9.846114158630371, 2.9225308895111084, 1.8401939868927002, 2.389617919921875, -13.569709777832031, 4.075911521911621, -12.779858589172363, -2.2369256019592285, -5.164180278778076]
[DIAG_TARGET] step=351 target_error=0.000000000 default=[0.0, -0.7853981852531433, 1.8654682636260986, 0.0, -0.7853981852531433, 1.8654682636260986, 0.0, -0.7853981852531433, 1.8654682636260986, 0.0, -0.7853981852531433, 1.8654682636260986] desired=[-0.13124999403953552, -0.737500011920929, 1.6825000047683716, 0.06875000149011612, -0.737500011920929, 1.6825000047683716, -0.06875000149011612, -0.862500011920929, 1.6825000047683716, -1.5, -0.862500011920929, 2.700000047683716] applied=[-0.13124999403953552, -0.737500011920929, 1.6825000047683716, 0.06875000149011612, -0.737500011920929, 1.6825000047683716, -0.06875000149011612, -0.862500011920929, 1.6825000047683716, -1.5, -0.862500011920929, 2.700000047683716] current=[0.047186918556690216, -0.5565338730812073, 1.9943598508834839, -0.054155752062797546, -0.6982829570770264, 1.5846319198608398, 0.6784404516220093, -0.6854414343833923, 1.6102755069732666, 0.9145393371582031, -0.5094807147979736, 2.214717149734497]
[DIAG_INFER] step=361 policy_action_max=15.536031 applied_action_max=0.250000 obs_max=13.569710 history_nonzero_rows=15 position_clip=0 torque_clip=3 action=[-3.1161184310913086, 8.053898811340332, 1.4565982818603516, -14.783915519714355, 6.275465488433838, 1.1238328218460083, 3.5210821628570557, -15.536030769348145, 3.3661797046661377, -15.509251594543457, -5.737480163574219, -5.224839687347412]
[DIAG_TARGET] step=361 target_error=0.000000000 default=[0.0, -0.7853981852531433, 1.8654682636260986, 0.0, -0.7853981852531433, 1.8654682636260986, 0.0, -0.7853981852531433, 1.8654682636260986, 0.0, -0.7853981852531433, 1.8654682636260986] desired=[-0.13124999403953552, -0.737500011920929, 1.6825000047683716, 0.06875000149011612, -0.737500011920929, 1.6825000047683716, -0.06875000149011612, -0.862500011920929, 1.6825000047683716, -1.5, -0.8257526159286499, 2.700000047683716] applied=[-0.13124999403953552, -0.737500011920929, 1.6825000047683716, 0.06875000149011612, -0.737500011920929, 1.6825000047683716, -0.06875000149011612, -0.862500011920929, 1.6825000047683716, -1.5, -0.8257526159286499, 2.700000047683716] current=[-0.11171823740005493, -0.5433123111724854, 2.076216459274292, -0.031451791524887085, -0.7086234092712402, 1.630258321762085, 0.39464735984802246, -0.755867600440979, 1.6449902057647705, 0.0945710614323616, -0.7735310792922974, 2.4687609672546387]
[DIAG_INFER] step=371 policy_action_max=15.110190 applied_action_max=0.250000 obs_max=15.536031 history_nonzero_rows=15 position_clip=0 torque_clip=1 action=[2.9139034748077393, 7.113687515258789, 5.34584903717041, -15.110190391540527, 3.8983771800994873, 3.6113500595092773, 6.465734004974365, -4.254539489746094, -0.059618234634399414, 3.8964953422546387, 0.9802205562591553, 1.6972135305404663]
[DIAG_TARGET] step=371 target_error=0.000000000 default=[0.0, -0.7853981852531433, 1.8654682636260986, 0.0, -0.7853981852531433, 1.8654682636260986, 0.0, -0.7853981852531433, 1.8654682636260986, 0.0, -0.7853981852531433, 1.8654682636260986] desired=[-0.06875000149011612, -0.737500011920929, 1.6825000047683716, 0.06875000149011612, -0.737500011920929, 1.6825000047683716, -0.689117968082428, -0.862500011920929, 1.605095386505127, 0.13124999403953552, -0.737500011920929, 1.6825000047683716] applied=[-0.06875000149011612, -0.737500011920929, 1.6825000047683716, 0.06875000149011612, -0.737500011920929, 1.6825000047683716, -0.689117968082428, -0.862500011920929, 1.605095386505127, 0.13124999403953552, -0.737500011920929, 1.6825000047683716] current=[-0.1604868322610855, -0.538833498954773, 2.109065055847168, 0.06411541253328323, -0.7231934666633606, 1.655476450920105, 0.0906505435705185, -0.8260191679000854, 1.6604695320129395, -0.6997082829475403, -0.7956961989402771, 2.5513594150543213]
[DIAG_INFER] step=381 policy_action_max=13.102908 applied_action_max=0.250000 obs_max=15.110190 history_nonzero_rows=15 position_clip=0 torque_clip=3 action=[4.733283996582031, 7.768443584442139, 13.10290813446045, -3.097914457321167, -2.5566329956054688, -6.8154683113098145, 3.674574851989746, 1.7496006488800049, -1.132455825805664, -0.6162865161895752, -1.2383227348327637, 4.9461894035339355]
[DIAG_TARGET] step=381 target_error=0.000000000 default=[0.0, -0.7853981852531433, 1.8654682636260986, 0.0, -0.7853981852531433, 1.8654682636260986, 0.0, -0.7853981852531433, 1.8654682636260986, 0.0, -0.7853981852531433, 1.8654682636260986] desired=[-0.06875000149011612, -0.737500011920929, 1.6825000047683716, 0.06875000149011612, -0.862500011920929, 1.5575000047683716, -0.06875000149011612, -0.737500011920929, 1.5575000047683716, 0.9494428038597107, -1.4135850667953491, -0.008943319320678711] applied=[-0.06875000149011612, -0.737500011920929, 1.6825000047683716, 0.06875000149011612, -0.862500011920929, 1.5575000047683716, -0.06875000149011612, -0.737500011920929, 1.5575000047683716, 0.9494428038597107, -1.4135850667953491, -0.008943319320678711] current=[-0.08454466611146927, -0.5611277222633362, 2.0497827529907227, 0.14403098821640015, -0.7368210554122925, 1.6702061891555786, 0.004951527342200279, -0.882811427116394, 1.7006685733795166, -0.5561702847480774, -0.7082200646400452, 2.0421276092529297]
[DIAG_INFER] step=391 policy_action_max=8.213910 applied_action_max=0.250000 obs_max=13.102908 history_nonzero_rows=15 position_clip=0 torque_clip=3 action=[3.3606631755828857, 1.6371084451675415, 8.213910102844238, 1.9621225595474243, 0.5375128984451294, -4.580737590789795, 4.527088642120361, 3.1100919246673584, -2.069927215576172, -1.7439863681793213, -7.285539150238037, 6.724320411682129]
[DIAG_TARGET] step=391 target_error=0.000000000 default=[0.0, -0.7853981852531433, 1.8654682636260986, 0.0, -0.7853981852531433, 1.8654682636260986, 0.0, -0.7853981852531433, 1.8654682636260986, 0.0, -0.7853981852531433, 1.8654682636260986] desired=[-0.06875000149011612, -0.737500011920929, 1.6825000047683716, 0.13124999403953552, -0.737500011920929, 1.5575000047683716, 0.1120891198515892, -0.737500011920929, 1.5575000047683716, 1.1892592906951904, -1.5424429178237915, 1.6825000047683716] applied=[-0.06875000149011612, -0.737500011920929, 1.6825000047683716, 0.13124999403953552, -0.737500011920929, 1.5575000047683716, 0.1120891198515892, -0.737500011920929, 1.5575000047683716, 1.1892592906951904, -1.5424429178237915, 1.6825000047683716] current=[0.002504344331100583, -0.5971114039421082, 1.9895961284637451, 0.15236711502075195, -0.7978995442390442, 1.6110883951187134, 0.09351495653390884, -0.9389063119888306, 1.7567187547683716, 0.17886129021644592, -0.892887532711029, 1.5308682918548584]
[DIAG_INFER] step=401 policy_action_max=6.262489 applied_action_max=0.250000 obs_max=8.213910 history_nonzero_rows=15 position_clip=0 torque_clip=1 action=[-1.2085660696029663, -2.3856797218322754, 3.1612746715545654, 6.262489318847656, 2.8878586292266846, -1.465842366218567, 3.100482702255249, 1.845729112625122, -1.3111461400985718, -3.3783082962036133, -2.4679646492004395, 4.13498592376709]
[DIAG_TARGET] step=401 target_error=0.000000000 default=[0.0, -0.7853981852531433, 1.8654682636260986, 0.0, -0.7853981852531433, 1.8654682636260986, 0.0, -0.7853981852531433, 1.8654682636260986, 0.0, -0.7853981852531433, 1.8654682636260986] desired=[-0.13124999403953552, -0.862500011920929, 1.6825000047683716, 0.13124999403953552, -0.737500011920929, 1.5575000047683716, 0.5720226168632507, -0.737500011920929, 1.5575000047683716, 0.06875000149011612, -0.862500011920929, 1.6825000047683716] applied=[-0.13124999403953552, -0.862500011920929, 1.6825000047683716, 0.13124999403953552, -0.737500011920929, 1.5575000047683716, 0.5720226168632507, -0.737500011920929, 1.5575000047683716, 0.06875000149011612, -0.862500011920929, 1.6825000047683716] current=[0.0363132581114769, -0.6175237894058228, 1.9833871126174927, 0.0926172137260437, -0.8004327416419983, 1.5683993101119995, 0.15209700167179108, -0.9086878299713135, 1.7097868919372559, 0.8447850942611694, -1.2064834833145142, 1.5712499618530273]
[DIAG_INFER] step=411 policy_action_max=9.737588 applied_action_max=0.250000 obs_max=6.262489 history_nonzero_rows=15 position_clip=0 torque_clip=3 action=[-0.8736801743507385, 1.7135429382324219, 0.9124152660369873, 2.78144907951355, -4.937829494476318, -4.798264980316162, 3.8157804012298584, -0.7975060939788818, -2.2929015159606934, -9.737587928771973, -2.0658657550811768, 1.9665712118148804]
[DIAG_TARGET] step=411 target_error=0.000000000 default=[0.0, -0.7853981852531433, 1.8654682636260986, 0.0, -0.7853981852531433, 1.8654682636260986, 0.0, -0.7853981852531433, 1.8654682636260986, 0.0, -0.7853981852531433, 1.8654682636260986] desired=[-0.13124999403953552, -0.737500011920929, 1.6825000047683716, 0.13124999403953552, -0.862500011920929, 1.5575000047683716, -0.06875000149011612, -0.862500011920929, 1.5575000047683716, -1.5, -2.942950963973999, -2.5818588733673096] applied=[-0.13124999403953552, -0.737500011920929, 1.6825000047683716, 0.13124999403953552, -0.862500011920929, 1.5575000047683716, -0.06875000149011612, -0.862500011920929, 1.5575000047683716, -1.5, -2.942950963973999, -2.5818588733673096] current=[-0.047090936452150345, -0.6522060632705688, 1.9435960054397583, 0.001567408675327897, -0.732538640499115, 1.5572365522384644, 0.30821460485458374, -0.8044070601463318, 1.6141839027404785, 0.6266481876373291, -1.1936750411987305, 1.568976879119873]
[DIAG_INFER] step=421 policy_action_max=6.866864 applied_action_max=0.250000 obs_max=9.737588 history_nonzero_rows=15 position_clip=0 torque_clip=4 action=[-3.2722957134246826, 2.718024969100952, 1.4891762733459473, 6.866864204406738, -5.706757545471191, -5.248956203460693, 2.666546106338501, 5.2671709060668945, -5.420007705688477, -4.076412200927734, -4.7634382247924805, 6.8084588050842285]
[DIAG_TARGET] step=421 target_error=0.000000000 default=[0.0, -0.7853981852531433, 1.8654682636260986, 0.0, -0.7853981852531433, 1.8654682636260986, 0.0, -0.7853981852531433, 1.8654682636260986, 0.0, -0.7853981852531433, 1.8654682636260986] desired=[-0.13124999403953552, -0.737500011920929, 1.6825000047683716, 0.13124999403953552, -0.862500011920929, 1.5575000047683716, -0.22944822907447815, -1.4059860706329346, 1.5575000047683716, 0.06875000149011612, -2.315645694732666, -2.700000047683716] applied=[-0.13124999403953552, -0.737500011920929, 1.6825000047683716, 0.13124999403953552, -0.862500011920929, 1.5575000047683716, -0.22944822907447815, -1.4059860706329346, 1.5575000047683716, 0.06875000149011612, -2.315645694732666, -2.700000047683716] current=[-0.11498051881790161, -0.6997230648994446, 1.8018497228622437, 0.017944954335689545, -0.7552517652511597, 1.5556716918945312, 0.19979336857795715, -0.7920117378234863, 1.5843126773834229, -0.17319534718990326, -1.5468823909759521, 1.0380918979644775]
[DIAG_INFER] step=431 policy_action_max=5.209756 applied_action_max=0.250000 obs_max=6.866864 history_nonzero_rows=15 position_clip=0 torque_clip=5 action=[-1.5279649496078491, 0.7054647207260132, 1.0475786924362183, 5.209755897521973, -0.38407981395721436, -1.035486102104187, -0.2630459666252136, 3.9555885791778564, -2.966089963912964, -3.517442226409912, -3.657679796218872, 4.882579803466797]
[DIAG_TARGET] step=431 target_error=0.000000000 default=[0.0, -0.7853981852531433, 1.8654682636260986, 0.0, -0.7853981852531433, 1.8654682636260986, 0.0, -0.7853981852531433, 1.8654682636260986, 0.0, -0.7853981852531433, 1.8654682636260986] desired=[-0.13124999403953552, -0.737500011920929, 1.6825000047683716, 0.13124999403953552, -0.862500011920929, 1.5575000047683716, -0.13124999403953552, -1.5650184154510498, 1.1856720447540283, -0.11791479587554932, -1.0569108724594116, 0.7518601417541504] applied=[-0.13124999403953552, -0.737500011920929, 1.6825000047683716, 0.13124999403953552, -0.862500011920929, 1.5575000047683716, -0.13124999403953552, -1.5650184154510498, 1.1856720447540283, -0.11791479587554932, -1.0569108724594116, 0.7518601417541504] current=[-0.09301729500293732, -0.7384490966796875, 1.7249191999435425, 0.15102073550224304, -0.8178480267524719, 1.554728388786316, 0.002517740009352565, -1.0525251626968384, 1.565951943397522, -0.13806267082691193, -2.017076253890991, 0.5300666093826294]
[DIAG_INFER] step=441 policy_action_max=7.103410 applied_action_max=0.250000 obs_max=5.209756 history_nonzero_rows=15 position_clip=0 torque_clip=1 action=[1.170104742050171, 3.556762456893921, 1.8021318912506104, 3.397022008895874, 1.3306828737258911, -1.5877548456192017, -2.9242842197418213, -2.095890522003174, -1.3530107736587524, -7.103410243988037, -0.6748073101043701, -1.5187731981277466]
[DIAG_TARGET] step=441 target_error=0.000000000 default=[0.0, -0.7853981852531433, 1.8654682636260986, 0.0, -0.7853981852531433, 1.8654682636260986, 0.0, -0.7853981852531433, 1.8654682636260986, 0.0, -0.7853981852531433, 1.8654682636260986] desired=[-0.06875000149011612, -0.737500011920929, 1.6825000047683716, 0.13124999403953552, -0.737500011920929, 1.5575000047683716, -0.13124999403953552, -0.862500011920929, 1.5575000047683716, -1.5, -0.862500011920929, 1.5575000047683716] applied=[-0.06875000149011612, -0.737500011920929, 1.6825000047683716, 0.13124999403953552, -0.737500011920929, 1.5575000047683716, -0.13124999403953552, -0.862500011920929, 1.5575000047683716, -1.5, -0.862500011920929, 1.5575000047683716] current=[-0.14574512839317322, -0.7315520644187927, 1.7017567157745361, 0.13090932369232178, -0.8518765568733215, 1.5486841201782227, 0.018602905794978142, -1.2302167415618896, 1.3430784940719604, -0.07788722962141037, -2.0387628078460693, 0.5663361549377441]
[DIAG_INFER] step=451 policy_action_max=16.204020 applied_action_max=0.250000 obs_max=7.103410 history_nonzero_rows=15 position_clip=0 torque_clip=2 action=[4.405683517456055, 7.024190902709961, 8.624889373779297, 9.092365264892578, -1.8748341798782349, -9.518836975097656, -1.8387446403503418, 3.9101297855377197, -6.300807952880859, -5.024293422698975, -8.954697608947754, 16.20401954650879]
[DIAG_TARGET] step=451 target_error=0.000000000 default=[0.0, -0.7853981852531433, 1.8654682636260986, 0.0, -0.7853981852531433, 1.8654682636260986, 0.0, -0.7853981852531433, 1.8654682636260986, 0.0, -0.7853981852531433, 1.8654682636260986] desired=[-0.06875000149011612, -0.737500011920929, 1.6825000047683716, 0.13124999403953552, -0.862500011920929, 1.5575000047683716, -0.6107892394065857, -0.737500011920929, 1.5575000047683716, 1.5, -0.862500011920929, 1.6825000047683716] applied=[-0.06875000149011612, -0.737500011920929, 1.6825000047683716, 0.13124999403953552, -0.862500011920929, 1.5575000047683716, -0.6107892394065857, -0.737500011920929, 1.5575000047683716, 1.5, -0.862500011920929, 1.6825000047683716] current=[-0.17989732325077057, -0.7206121683120728, 1.6900585889816284, 0.08424899727106094, -0.8056231737136841, 1.5407038927078247, -0.09982765465974808, -1.1149523258209229, 1.4332857131958008, -0.7328084111213684, -1.5542266368865967, 1.0534136295318604]
[DIAG_INFER] step=461 policy_action_max=1.248121 applied_action_max=0.250000 obs_max=1.000000 history_nonzero_rows=0 position_clip=0 torque_clip=0 action=[-0.19196972250938416, 0.642443060874939, -0.24320295453071594, -0.127317875623703, 0.7155734300613403, 0.46448153257369995, 0.17107361555099487, -1.2481207847595215, 0.8329901695251465, 0.16779932379722595, -0.6457257270812988, -0.7750471830368042]
[DIAG_TARGET] step=461 target_error=0.000000000 default=[0.0, -0.7853981852531433, 1.8654682636260986, 0.0, -0.7853981852531433, 1.8654682636260986, 0.0, -0.7853981852531433, 1.8654682636260986, 0.0, -0.7853981852531433, 1.8654682636260986] desired=[-0.12399621307849884, -0.737500011920929, 1.5591992139816284, 0.08408527076244354, -0.737500011920929, 1.6825000047683716, -0.07861579954624176, -0.862500011920929, 1.6825000047683716, 0.12097491323947906, -0.862500011920929, 1.5575000047683716] applied=[-0.12399621307849884, -0.737500011920929, 1.5591992139816284, 0.08408527076244354, -0.737500011920929, 1.6825000047683716, -0.07861579954624176, -0.862500011920929, 1.6825000047683716, 0.12097491323947906, -0.862500011920929, 1.5575000047683716] current=[-0.002754682907834649, -0.7844393849372864, 1.8649791479110718, -0.0006577437161467969, -0.7847490310668945, 1.866760492324829, -0.0019766048062592745, -0.7851472496986389, 1.8665717840194702, -0.0010492729488760233, -0.7853100895881653, 1.8681726455688477]
[DIAG_INFER] step=471 policy_action_max=4.265876 applied_action_max=0.250000 obs_max=1.267694 history_nonzero_rows=1 position_clip=0 torque_clip=2 action=[4.103388786315918, 1.58499014377594, 2.2126712799072266, -0.20500946044921875, 0.3562168478965759, -0.3109036087989807, -4.265876293182373, -0.5457516312599182, -3.7391350269317627, -3.419752597808838, -1.3242067098617554, 1.2711604833602905]
[DIAG_TARGET] step=471 target_error=0.000000000 default=[0.0, -0.7853981852531433, 1.8654682636260986, 0.0, -0.7853981852531433, 1.8654682636260986, 0.0, -0.7853981852531433, 1.8654682636260986, 0.0, -0.7853981852531433, 1.8654682636260986] desired=[-0.06875000149011612, -0.737500011920929, 1.6825000047683716, 0.07437381893396378, -0.737500011920929, 1.5575000047683716, -0.13124999403953552, -0.862500011920929, 1.5575000047683716, 0.06875000149011612, -0.7168189287185669, 1.6369922161102295] applied=[-0.06875000149011612, -0.737500011920929, 1.6825000047683716, 0.07437381893396378, -0.737500011920929, 1.5575000047683716, -0.13124999403953552, -0.862500011920929, 1.5575000047683716, 0.06875000149011612, -0.7168189287185669, 1.6369922161102295] current=[-0.0249036718159914, -0.7678675055503845, 1.8441991806030273, -0.015419816598296165, -0.7732658982276917, 1.881640911102295, -0.012042568065226078, -0.7777109146118164, 1.8673150539398193, -0.010566468350589275, -0.7825446128845215, 1.8971792459487915]
[DIAG_INFER] step=481 policy_action_max=4.395729 applied_action_max=0.250000 obs_max=4.265876 history_nonzero_rows=2 position_clip=0 torque_clip=2 action=[4.275590419769287, 0.48865702748298645, 2.2788567543029785, -0.8059645891189575, -0.29765570163726807, 0.4095264673233032, -3.8914172649383545, 0.16680073738098145, -1.935556411743164, -4.395728588104248, -1.0731505155563354, 1.4565467834472656]
[DIAG_TARGET] step=481 target_error=0.000000000 default=[0.0, -0.7853981852531433, 1.8654682636260986, 0.0, -0.7853981852531433, 1.8654682636260986, 0.0, -0.7853981852531433, 1.8654682636260986, 0.0, -0.7853981852531433, 1.8654682636260986] desired=[-0.06875000149011612, -0.737500011920929, 1.6825000047683716, 0.06875000149011612, -0.862500011920929, 1.6825000047683716, -0.13124999403953552, -0.7582998275756836, 1.5575000047683716, 0.06875000149011612, -0.3269922733306885, 1.2072945833206177] applied=[-0.06875000149011612, -0.737500011920929, 1.6825000047683716, 0.06875000149011612, -0.862500011920929, 1.6825000047683716, -0.13124999403953552, -0.7582998275756836, 1.5575000047683716, 0.06875000149011612, -0.3269922733306885, 1.2072945833206177] current=[-0.03984062373638153, -0.7436891794204712, 1.8092175722122192, -0.031894247978925705, -0.7585837244987488, 1.8868286609649658, -0.015857677906751633, -0.7628448009490967, 1.8549330234527588, -0.015190969221293926, -0.772279679775238, 1.9142531156539917]
[DIAG_INFER] step=491 policy_action_max=7.389075 applied_action_max=0.250000 obs_max=4.395729 history_nonzero_rows=3 position_clip=0 torque_clip=3 action=[6.663106918334961, -0.26461777091026306, 2.2116682529449463, -0.37376531958580017, 0.9897841811180115, 0.6603703498840332, -5.864748477935791, 0.37431788444519043, -3.2720746994018555, -7.389074802398682, -1.5556175708770752, 1.5967882871627808]
[DIAG_TARGET] step=491 target_error=0.000000000 default=[0.0, -0.7853981852531433, 1.8654682636260986, 0.0, -0.7853981852531433, 1.8654682636260986, 0.0, -0.7853981852531433, 1.8654682636260986, 0.0, -0.7853981852531433, 1.8654682636260986] desired=[-0.06875000149011612, -0.862500011920929, 1.6825000047683716, 0.06875000149011612, -0.737500011920929, 1.6825000047683716, -0.13124999403953552, -0.737500011920929, 1.5575000047683716, -0.5781522393226624, 0.18382865190505981, 1.567121148109436] applied=[-0.06875000149011612, -0.862500011920929, 1.6825000047683716, 0.06875000149011612, -0.737500011920929, 1.6825000047683716, -0.13124999403953552, -0.737500011920929, 1.5575000047683716, -0.5781522393226624, 0.18382865190505981, 1.567121148109436] current=[-0.0678102895617485, -0.7083653807640076, 1.7744618654251099, -0.046599406749010086, -0.7330451011657715, 1.879164218902588, -0.028865691274404526, -0.7240926027297974, 1.818476915359497, -0.030770622193813324, -0.7257710695266724, 1.8927350044250488]
[STAGE] video_encoding_start
[SUMMARY] {"task": "YoboGo-Velocity-Flat-v0", "mode": "smoke", "yobogo_walk_speed_m_s": 0.15, "rapid_walk_speed_m_s": 0.3, "adaptation_weight": "/run/media/pma213x/0C6A8CC86A8CAFCE/Ubuntu2/CodeU/Dog1/mini-cheetah-isaaclab/external_models/rapid-locomotion-rl/runs/rapid-locomotion/example/train/201852.132488/checkpoints/adaptation_module_latest.jit", "body_weight": "/run/media/pma213x/0C6A8CC86A8CAFCE/Ubuntu2/CodeU/Dog1/mini-cheetah-isaaclab/external_models/rapid-locomotion-rl/runs/rapid-locomotion/example/train/201852.132488/checkpoints/body_latest.jit", "completed_steps": 500, "inference_steps": 50, "expected_inference_steps": 50, "reset_count": 1, "safety_clip_count": 130, "position_clip_count": 0, "torque_clip_count": 130, "large_action_inference_count": 17, "official_clip_inference_count": 0, "max_abs_rapid_action": 0.25, "max_abs_policy_action": 17.48824691772461, "ood_guard_count": 569, "base_height_min_m": 0.11710717529058456, "max_abs_roll_deg": 124.3026599899244, "max_abs_pitch_deg": 6.849980947976111, "xy_displacement_m": 0.5550476908683777, "mean_measured_velocity_m_s": 0.5550476908683777, "final_command": [0.30000001192092896, 0.0, 0.0], "final_rapid_from_term": [0.3, 0.0, 0.0], "terminated_steps": 1, "stability_errors": ["base_height_min=0.117107<0.15", "max_abs_roll_deg=124.303>=45", "terminated_steps=1>0", "motion_base_height_min=0.117107<0.15", "motion_max_abs_roll_deg=124.303>=45", "motion_terminated_steps=1>0", "motion_reset_count=1>0"], "interface_ok": true, "stable_walking": false, "scenario_name": "forward_diag", "scenario_settle_steps": 200, "scenario_motion_steps": 300, "scenario_command_requested_rapid": [0.3, 0.0, 0.0], "scenario_command_policy": [0.3, 0.0, 0.0], "scenario_command_term": [0.30000001192092896, 0.0, 0.0], "scenario_command_rapid_final": [0.3, 0.0, 0.0], "scenario_metrics": {"start_position_world": [-0.5488654375076294, -0.08327788859605789, 0.2379915416240692], "end_position_world": [0.011472916230559349, 0.37650230526924133, 0.2643387019634247], "displacement_vector_world": [0.5603383537381887, 0.4597801938652992], "displacement_m": 0.7248288745220045, "start_yaw_deg": 63.21143389779981, "end_yaw_deg": 14.204674835692161, "yaw_change_deg": -49.00675906210765, "start_forward_axis_world": [0.45069940803398595, 0.8926757774230321], "start_left_axis_world": [-0.8926757774230321, 0.45069940803398595], "start_forward_projection_m": 0.6629788063309583, "start_lateral_projection_m": -0.29297781434233794, "body_forward_projection_m": 0.5612288260031361, "body_lateral_projection_m": 0.39382409455405387, "mean_body_velocity_m_s": [-0.2351406547240913, -0.1982022593403235], "mean_body_yaw_rate_rad_s": -0.4425949699680011, "primary_axis": "forward", "primary_projection": 0.5612288260031361, "thresholds": {"displacement_m": 0.1, "projection_dominance_ratio": 0.6, "yaw_change_deg": 10.0}, "command_ok": true, "direction_ok": true, "displacement_ok": true}, "scenario_gate_errors": ["motion_base_height_min=0.117107<0.15", "motion_max_abs_roll_deg=124.303>=45", "motion_terminated_steps=1>0", "motion_reset_count=1>0"], "scenario_pass": false, "video": null, "video_frames_written": 0, "leg_motion_stats": {"FR": {"joints": {"haa": {"target": {"min": -0.13124999403953552, "max": -0.06875000149011612, "rms": 0.08468712005019911, "range": 0.0624999925494194, "motion_rms": 0.024574206087791345}, "actual": {"min": -0.3673987090587616, "max": 0.17435088753700256, "rms": 0.13177610196990439, "range": 0.5417495965957642, "motion_rms": 0.098321383227963}, "raw_action": {"min": -3.2722957134246826, "max": 15.446617126464844, "rms": 5.466262716258671, "range": 18.718912839889526, "motion_rms": 4.070424684921904}, "applied_action": {"min": -0.25, "max": 0.25, "rms": 0.24828991654794028, "range": 0.5, "motion_rms": 0.1965936699320232}, "position_clip_count": 0, "torque_clip_count": 0}, "hip": {"target": {"min": -0.862500011920929, "max": -0.737500011920929, "rms": 0.7699448686644886, "range": 0.125, "motion_rms": 0.05313929199087035}, "actual": {"min": -0.7853981852531433, "max": -0.5023194551467896, "rms": 0.6509790121789639, "range": 0.28307873010635376, "motion_rms": 0.07803408791834773}, "raw_action": {"min": -4.259793281555176, "max": 8.310198783874512, "rms": 3.6785979686080768, "range": 12.569992065429688, "motion_rms": 2.9428571538363677}, "applied_action": {"min": -0.25, "max": 0.25, "rms": 0.24789758883456425, "range": 0.5, "motion_rms": 0.21255716699447508}, "position_clip_count": 0, "torque_clip_count": 0}, "knee": {"target": {"min": 1.5575000047683716, "max": 1.6825000047683716, "rms": 1.676342941547007, "range": 0.125, "motion_rms": 0.02594213302948969}, "actual": {"min": 1.6755132675170898, "max": 2.1096620559692383, "rms": 1.9030328935383725, "range": 0.43414878845214844, "motion_rms": 0.11313279751674156}, "raw_action": {"min": -0.30860501527786255, "max": 13.10290813446045, "rms": 4.615421638168413, "range": 13.411513149738312, "motion_rms": 3.0494064481972436}, "applied_action": {"min": -0.25, "max": 0.25, "rms": 0.24738439236605578, "range": 0.5, "motion_rms": 0.10376851330978706}, "position_clip_count": 0, "torque_clip_count": 0}}, "target_range_min": 0.0624999925494194, "actual_range_min": 0.28307873010635376, "actual_motion_rms_min": 0.07803408791834773}, "FL": {"joints": {"haa": {"target": {"min": 0.06875000149011612, "max": 0.13124999403953552, "rms": 0.09734704889576296, "range": 0.0624999925494194, "motion_rms": 0.028769520703987837}, "actual": {"min": -0.0693279579281807, "max": 0.2360471487045288, "rms": 0.11007798946967073, "range": 0.3053751066327095, "motion_rms": 0.07752273755288425}, "raw_action": {"min": -15.417414665222168, "max": 12.492566108703613, "rms": 6.948821012037035, "range": 27.90998077392578, "motion_rms": 6.703792763726177}, "applied_action": {"min": -0.25, "max": 0.25, "rms": 0.2368734184621709, "range": 0.5, "motion_rms": 0.23015619303615256}, "position_clip_count": 0, "torque_clip_count": 0}, "hip": {"target": {"min": -0.9137613773345947, "max": -0.737500011920929, "rms": 0.7731282817496252, "range": 0.17626136541366577, "motion_rms": 0.056986143163741294}, "actual": {"min": -0.8668297529220581, "max": -0.564336895942688, "rms": 0.746140887043746, "range": 0.3024928569793701, "motion_rms": 0.07006352157536445}, "raw_action": {"min": -5.706757545471191, "max": 6.700686931610107, "rms": 2.9168413509963784, "range": 12.407444477081299, "motion_rms": 2.5305612285112913}, "applied_action": {"min": -0.25, "max": 0.25, "rms": 0.25, "range": 0.5, "motion_rms": 0.21931712199461306}, "position_clip_count": 0, "torque_clip_count": 1}, "knee": {"target": {"min": 1.5575000047683716, "max": 1.6825000047683716, "rms": 1.6198998537772629, "range": 0.125, "motion_rms": 0.061858972506671446}, "actual": {"min": 1.5391894578933716, "max": 1.8869510889053345, "rms": 1.683053748665961, "range": 0.3477616310119629, "motion_rms": 0.1103395015530827}, "raw_action": {"min": -12.8532075881958, "max": 4.289332389831543, "rms": 3.907480220221837, "range": 17.142539978027344, "motion_rms": 3.6322166594392087}, "applied_action": {"min": -0.25, "max": 0.25, "rms": 0.24748899580430142, "range": 0.5, "motion_rms": 0.24743589001575703}, "position_clip_count": 0, "torque_clip_count": 0}}, "target_range_min": 0.0624999925494194, "actual_range_min": 0.3024928569793701, "actual_motion_rms_min": 0.07006352157536445}, "RR": {"joints": {"haa": {"target": {"min": -0.7548231482505798, "max": 0.8852910995483398, "rms": 0.37488842953125634, "range": 1.6401142477989197, "motion_rms": 0.3735610215918613}, "actual": {"min": -0.24205265939235687, "max": 0.6784404516220093, "rms": 0.24417802945007575, "range": 0.9204931110143661, "motion_rms": 0.21515779935644505}, "raw_action": {"min": -9.08086109161377, "max": 9.184845924377441, "rms": 3.8582807905825476, "range": 18.26570701599121, "motion_rms": 3.841357700387419}, "applied_action": {"min": -0.25, "max": 0.25, "rms": 0.2433751762694431, "range": 0.5, "motion_rms": 0.2402729855947886}, "position_clip_count": 0, "torque_clip_count": 22}, "hip": {"target": {"min": -2.26106333732605, "max": -0.29200509190559387, "rms": 0.9085887701766439, "range": 1.969058245420456, "motion_rms": 0.27323731755363106}, "actual": {"min": -1.2647082805633545, "max": -0.6236803531646729, "rms": 0.8795239627384209, "range": 0.6410279273986816, "motion_rms": 0.1562165084232084}, "raw_action": {"min": -15.536030769348145, "max": 5.2671709060668945, "rms": 5.449277898772577, "range": 20.80320167541504, "motion_rms": 5.090168428054136}, "applied_action": {"min": -0.25, "max": 0.25, "rms": 0.24860902984368202, "range": 0.5, "motion_rms": 0.2431815830766356}, "position_clip_count": 0, "torque_clip_count": 9}, "knee": {"target": {"min": 1.1856720447540283, "max": 1.6825000047683716, "rms": 1.5930887659456072, "range": 0.49682796001434326, "motion_rms": 0.08127855151287097}, "actual": {"min": 1.3430784940719604, "max": 2.122075319290161, "rms": 1.8151648246033059, "range": 0.7789968252182007, "motion_rms": 0.18538630854257582}, "raw_action": {"min": -8.845675468444824, "max": 7.4319167137146, "rms": 3.6852278664228977, "range": 16.277592182159424, "motion_rms": 3.4818402740796537}, "applied_action": {"min": -0.25, "max": 0.25, "rms": 0.24500447666677302, "range": 0.5, "motion_rms": 0.22934068458118112}, "position_clip_count": 0, "torque_clip_count": 1}}, "target_range_min": 0.49682796001434326, "actual_range_min": 0.6410279273986816, "actual_motion_rms_min": 0.1562165084232084}, "RL": {"joints": {"haa": {"target": {"min": -1.5, "max": 1.5, "rms": 1.0337507206911598, "range": 3.0, "motion_rms": 1.0279727083967631}, "actual": {"min": -1.0024206638336182, "max": 1.4682506322860718, "rms": 0.6018425766438523, "range": 2.47067129611969, "motion_rms": 0.5933502086595737}, "raw_action": {"min": -15.509251594543457, "max": 13.906392097473145, "rms": 6.469308267897276, "range": 29.4156436920166, "motion_rms": 5.991265027022928}, "applied_action": {"min": -0.25, "max": 0.25, "rms": 0.24331097961498402, "range": 0.5, "motion_rms": 0.22562841268243683}, "position_clip_count": 0, "torque_clip_count": 34}, "hip": {"target": {"min": -3.0684309005737305, "max": 0.4253275990486145, "rms": 1.0883975217950894, "range": 3.493758499622345, "motion_rms": 0.6969931442522512}, "actual": {"min": -2.4646081924438477, "max": 0.1936160773038864, "rms": 1.0263623709883058, "range": 2.658224269747734, "motion_rms": 0.5646153930799198}, "raw_action": {"min": -15.720942497253418, "max": 0.9802205562591553, "rms": 5.023284390868401, "range": 16.701163053512573, "motion_rms": 3.3259674046281797}, "applied_action": {"min": -0.25, "max": 0.25, "rms": 0.24829689098610414, "range": 0.5, "motion_rms": 0.07132126969231117}, "position_clip_count": 0, "torque_clip_count": 31}, "knee": {"target": {"min": -2.700000047683716, "max": 2.700000047683716, "rms": 1.8627570027305078, "range": 5.400000095367432, "motion_rms": 1.1308820847210215}, "actual": {"min": 0.5237352848052979, "max": 2.575718879699707, "rms": 1.776935483135189, "range": 2.051983594894409, "motion_rms": 0.4755611384698565}, "raw_action": {"min": -5.224839687347412, "max": 17.48824691772461, "rms": 5.433583293711098, "range": 22.71308660507202, "motion_rms": 4.879310301460315}, "applied_action": {"min": -0.25, "max": 0.25, "rms": 0.24510461782462922, "range": 0.5, "motion_rms": 0.22766732451602617}, "position_clip_count": 0, "torque_clip_count": 32}}, "target_range_min": 3.0, "actual_range_min": 2.051983594894409, "actual_motion_rms_min": 0.4755611384698565}, "_gate": {"front_target_range_min": 0.0624999925494194, "front_actual_range_min": 0.28307873010635376, "front_target_threshold_rad": 0.04, "front_actual_threshold_rad": 0.05, "ok": true}}, "scenario_mean_body_velocity": [-0.2351406547240913, -0.1982022593403235], "scenario_mean_body_yaw_rate": -0.4425949699680011}
Traceback (most recent call last):
  File "/run/media/pma213x/0C6A8CC86A8CAFCE/Ubuntu2/CodeU/Dog1/mini-cheetah-isaaclab/training/scripts/play_rapid.py", line 1188, in <module>
    exit_code = main()
  File "/run/media/pma213x/0C6A8CC86A8CAFCE/Ubuntu2/CodeU/Dog1/mini-cheetah-isaaclab/training/scripts/play_rapid.py", line 1173, in main
    raise RuntimeError(
RuntimeError: 稳定性 Gate 失败：base_height_min=0.117107<0.15；max_abs_roll_deg=124.303>=45；terminated_steps=1>0；motion_base_height_min=0.117107<0.15；motion_max_abs_roll_deg=124.303>=45；motion_terminated_steps=1>0；motion_reset_count=1>0
