/home/pma213x/.local/lib/python3.14/site-packages/stable_baselines3/common/on_policy_algorithm.py:150: UserWarning: You are trying to run PPO on the GPU, but it is primarily intended to run on the CPU when not using a CNN policy (you are using ActorCriticPolicy which should be a MlpPolicy). See https://github.com/DLR-RM/stable-baselines3/issues/1245 for more info. You can pass `device='cpu'` or `export CUDA_VISIBLE_DEVICES=` to force using the CPU.Note: The model will train, but the GPU utilization will be poor and the training might take longer than on CPU.
  warnings.warn(
【训练】已加载新前缀 checkpoint：/run/media/pma213x/0C6A8CC86A8CAFCE/Ubuntu2/CodeU/Dog1/checkpoints/yobogo_loco_jump_v1/yobogo_loco_jump_v1_final.zip，累计步数=6144
【训练】阶段=phase1 累计步数=6144 目标=200000 本次=193856
Logging to /run/media/pma213x/0C6A8CC86A8CAFCE/Ubuntu2/CodeU/Dog1/runs/yobogo_loco_jump_v1/S1_stand/PPO_0
---------------------------------
| rollout/           |          |
|    ep_len_mean     | 31.5     |
|    ep_rew_mean     | -70.7    |
| time/              |          |
|    fps             | 16       |
|    iterations      | 1        |
|    time_elapsed    | 124      |
|    total_timesteps | 8192     |
---------------------------------
-----------------------------------------
| rollout/                |             |
|    ep_len_mean          | 26.6        |
|    ep_rew_mean          | -56.2       |
| time/                   |             |
|    fps                  | 17          |
|    iterations           | 2           |
|    time_elapsed         | 232         |
|    total_timesteps      | 10240       |
| train/                  |             |
|    approx_kl            | 0.022104386 |
|    clip_fraction        | 0.259       |
|    clip_range           | 0.2         |
|    entropy_loss         | -17         |
|    explained_variance   | -4.42e-05   |
|    learning_rate        | 0.0003      |
|    loss                 | 113         |
|    n_updates            | 40          |
|    policy_gradient_loss | -0.0455     |
|    std                  | 0.998       |
|    value_loss           | 236         |
-----------------------------------------
----------------------------------------
| rollout/                |            |
|    ep_len_mean          | 27.5       |
|    ep_rew_mean          | -60.6      |
| time/                   |            |
|    fps                  | 17         |
|    iterations           | 3          |
|    time_elapsed         | 347        |
|    total_timesteps      | 12288      |
| train/                  |            |
|    approx_kl            | 0.03420323 |
|    clip_fraction        | 0.376      |
|    clip_range           | 0.2        |
|    entropy_loss         | -17        |
|    explained_variance   | 0.0124     |
|    learning_rate        | 0.0003     |
|    loss                 | 42         |
|    n_updates            | 50         |
|    policy_gradient_loss | -0.0555    |
|    std                  | 0.992      |
|    value_loss           | 102        |
----------------------------------------
-----------------------------------------
| rollout/                |             |
|    ep_len_mean          | 25.3        |
|    ep_rew_mean          | -52.6       |
| time/                   |             |
|    fps                  | 18          |
|    iterations           | 4           |
|    time_elapsed         | 451         |
|    total_timesteps      | 14336       |
| train/                  |             |
|    approx_kl            | 0.022770997 |
|    clip_fraction        | 0.266       |
|    clip_range           | 0.2         |
|    entropy_loss         | -16.9       |
|    explained_variance   | -0.00436    |
|    learning_rate        | 0.0003      |
|    loss                 | 125         |
|    n_updates            | 60          |
|    policy_gradient_loss | -0.0376     |
|    std                  | 0.991       |
|    value_loss           | 294         |
-----------------------------------------
----------------------------------------
| rollout/                |            |
|    ep_len_mean          | 27.2       |
|    ep_rew_mean          | -57.1      |
| time/                   |            |
|    fps                  | 18         |
|    iterations           | 5          |
|    time_elapsed         | 559        |
|    total_timesteps      | 16384      |
| train/                  |            |
|    approx_kl            | 0.02362069 |
|    clip_fraction        | 0.267      |
|    clip_range           | 0.2        |
|    entropy_loss         | -16.9      |
|    explained_variance   | 0.0203     |
|    learning_rate        | 0.0003     |
|    loss                 | 64.5       |
|    n_updates            | 70         |
|    policy_gradient_loss | -0.0541    |
|    std                  | 0.987      |
|    value_loss           | 126        |
----------------------------------------
----------------------------------------
| rollout/                |            |
|    ep_len_mean          | 28.9       |
|    ep_rew_mean          | -60.1      |
| time/                   |            |
|    fps                  | 18         |
|    iterations           | 6          |
|    time_elapsed         | 669        |
|    total_timesteps      | 18432      |
| train/                  |            |
|    approx_kl            | 0.02420048 |
|    clip_fraction        | 0.303      |
|    clip_range           | 0.2        |
|    entropy_loss         | -16.8      |
|    explained_variance   | 0.0804     |
|    learning_rate        | 0.0003     |
|    loss                 | 58.2       |
|    n_updates            | 80         |
|    policy_gradient_loss | -0.0597    |
|    std                  | 0.983      |
|    value_loss           | 145        |
----------------------------------------
【评估】失败并关闭后续评估：[Errno 98] Address already in use
-----------------------------------------
| rollout/                |             |
|    ep_len_mean          | 29.8        |
|    ep_rew_mean          | -66.7       |
| time/                   |             |
|    fps                  | 18          |
|    iterations           | 7           |
|    time_elapsed         | 778         |
|    total_timesteps      | 20480       |
| train/                  |             |
|    approx_kl            | 0.019526146 |
|    clip_fraction        | 0.282       |
|    clip_range           | 0.2         |
|    entropy_loss         | -16.8       |
|    explained_variance   | 0.245       |
|    learning_rate        | 0.0003      |
|    loss                 | 54.6        |
|    n_updates            | 90          |
|    policy_gradient_loss | -0.0567     |
|    std                  | 0.982       |
|    value_loss           | 128         |
-----------------------------------------
-----------------------------------------
| rollout/                |             |
|    ep_len_mean          | 26.6        |
|    ep_rew_mean          | -55.8       |
| time/                   |             |
|    fps                  | 18          |
|    iterations           | 8           |
|    time_elapsed         | 888         |
|    total_timesteps      | 22528       |
| train/                  |             |
|    approx_kl            | 0.014914408 |
|    clip_fraction        | 0.147       |
|    clip_range           | 0.2         |
|    entropy_loss         | -16.8       |
|    explained_variance   | 0.201       |
|    learning_rate        | 0.0003      |
|    loss                 | 216         |
|    n_updates            | 100         |
|    policy_gradient_loss | -0.0332     |
|    std                  | 0.982       |
|    value_loss           | 467         |
-----------------------------------------
-----------------------------------------
| rollout/                |             |
|    ep_len_mean          | 25.2        |
|    ep_rew_mean          | -53.5       |
| time/                   |             |
|    fps                  | 18          |
|    iterations           | 9           |
|    time_elapsed         | 999         |
|    total_timesteps      | 24576       |
| train/                  |             |
|    approx_kl            | 0.020105498 |
|    clip_fraction        | 0.229       |
|    clip_range           | 0.2         |
|    entropy_loss         | -16.8       |
|    explained_variance   | 0.36        |
|    learning_rate        | 0.0003      |
|    loss                 | 50.8        |
|    n_updates            | 110         |
|    policy_gradient_loss | -0.0475     |
|    std                  | 0.98        |
|    value_loss           | 111         |
-----------------------------------------
-----------------------------------------
| rollout/                |             |
|    ep_len_mean          | 25.2        |
|    ep_rew_mean          | -53         |
| time/                   |             |
|    fps                  | 18          |
|    iterations           | 10          |
|    time_elapsed         | 1110        |
|    total_timesteps      | 26624       |
| train/                  |             |
|    approx_kl            | 0.018462598 |
|    clip_fraction        | 0.225       |
|    clip_range           | 0.2         |
|    entropy_loss         | -16.8       |
|    explained_variance   | 0.367       |
|    learning_rate        | 0.0003      |
|    loss                 | 60.5        |
|    n_updates            | 120         |
|    policy_gradient_loss | -0.0485     |
|    std                  | 0.978       |
|    value_loss           | 162         |
-----------------------------------------
----------------------------------------
| rollout/                |            |
|    ep_len_mean          | 24.3       |
|    ep_rew_mean          | -50.2      |
| time/                   |            |
|    fps                  | 18         |
|    iterations           | 11         |
|    time_elapsed         | 1217       |
|    total_timesteps      | 28672      |
| train/                  |            |
|    approx_kl            | 0.02185465 |
|    clip_fraction        | 0.261      |
|    clip_range           | 0.2        |
|    entropy_loss         | -16.8      |
|    explained_variance   | 0.379      |
|    learning_rate        | 0.0003     |
|    loss                 | 42.2       |
|    n_updates            | 130        |
|    policy_gradient_loss | -0.0504    |
|    std                  | 0.978      |
|    value_loss           | 101        |
----------------------------------------
-----------------------------------------
| rollout/                |             |
|    ep_len_mean          | 27.3        |
|    ep_rew_mean          | -59.2       |
| time/                   |             |
|    fps                  | 18          |
|    iterations           | 12          |
|    time_elapsed         | 1326        |
|    total_timesteps      | 30720       |
| train/                  |             |
|    approx_kl            | 0.020467866 |
|    clip_fraction        | 0.259       |
|    clip_range           | 0.2         |
|    entropy_loss         | -16.8       |
|    explained_variance   | 0.449       |
|    learning_rate        | 0.0003      |
|    loss                 | 47.4        |
|    n_updates            | 140         |
|    policy_gradient_loss | -0.0517     |
|    std                  | 0.977       |
|    value_loss           | 89.3        |
-----------------------------------------
----------------------------------------
| rollout/                |            |
|    ep_len_mean          | 27.4       |
|    ep_rew_mean          | -59.6      |
| time/                   |            |
|    fps                  | 18         |
|    iterations           | 13         |
|    time_elapsed         | 1435       |
|    total_timesteps      | 32768      |
| train/                  |            |
|    approx_kl            | 0.01723427 |
|    clip_fraction        | 0.194      |
|    clip_range           | 0.2        |
|    entropy_loss         | -16.7      |
|    explained_variance   | 0.485      |
|    learning_rate        | 0.0003     |
|    loss                 | 79         |
|    n_updates            | 150        |
|    policy_gradient_loss | -0.0423    |
|    std                  | 0.977      |
|    value_loss           | 226        |
----------------------------------------
----------------------------------------
| rollout/                |            |
|    ep_len_mean          | 25.5       |
|    ep_rew_mean          | -54        |
| time/                   |            |
|    fps                  | 18         |
|    iterations           | 14         |
|    time_elapsed         | 1545       |
|    total_timesteps      | 34816      |
| train/                  |            |
|    approx_kl            | 0.02027135 |
|    clip_fraction        | 0.233      |
|    clip_range           | 0.2        |
|    entropy_loss         | -16.7      |
|    explained_variance   | 0.607      |
|    learning_rate        | 0.0003     |
|    loss                 | 74.8       |
|    n_updates            | 160        |
|    policy_gradient_loss | -0.0493    |
|    std                  | 0.975      |
|    value_loss           | 149        |
----------------------------------------
-----------------------------------------
| rollout/                |             |
|    ep_len_mean          | 23.2        |
|    ep_rew_mean          | -46.6       |
| time/                   |             |
|    fps                  | 18          |
|    iterations           | 15          |
|    time_elapsed         | 1653        |
|    total_timesteps      | 36864       |
| train/                  |             |
|    approx_kl            | 0.018475415 |
|    clip_fraction        | 0.225       |
|    clip_range           | 0.2         |
|    entropy_loss         | -16.7       |
|    explained_variance   | 0.588       |
|    learning_rate        | 0.0003      |
|    loss                 | 47.9        |
|    n_updates            | 170         |
|    policy_gradient_loss | -0.0454     |
|    std                  | 0.975       |
|    value_loss           | 116         |
-----------------------------------------
-----------------------------------------
| rollout/                |             |
|    ep_len_mean          | 23.8        |
|    ep_rew_mean          | -48.4       |
| time/                   |             |
|    fps                  | 18          |
|    iterations           | 16          |
|    time_elapsed         | 1761        |
|    total_timesteps      | 38912       |
| train/                  |             |
|    approx_kl            | 0.020028435 |
|    clip_fraction        | 0.242       |
|    clip_range           | 0.2         |
|    entropy_loss         | -16.7       |
|    explained_variance   | 0.528       |
|    learning_rate        | 0.0003      |
|    loss                 | 23.8        |
|    n_updates            | 180         |
|    policy_gradient_loss | -0.049      |
|    std                  | 0.973       |
|    value_loss           | 65          |
-----------------------------------------
【checkpoint】/run/media/pma213x/0C6A8CC86A8CAFCE/Ubuntu2/CodeU/Dog1/checkpoints/yobogo_loco_jump_v1/yobogo_loco_jump_v1_39660_time_1800s.zip
-----------------------------------------
| rollout/                |             |
|    ep_len_mean          | 23.1        |
|    ep_rew_mean          | -47.1       |
| time/                   |             |
|    fps                  | 18          |
|    iterations           | 17          |
|    time_elapsed         | 1869        |
|    total_timesteps      | 40960       |
| train/                  |             |
|    approx_kl            | 0.021509338 |
|    clip_fraction        | 0.278       |
|    clip_range           | 0.2         |
|    entropy_loss         | -16.7       |
|    explained_variance   | 0.37        |
|    learning_rate        | 0.0003      |
|    loss                 | 32.1        |
|    n_updates            | 190         |
|    policy_gradient_loss | -0.0514     |
|    std                  | 0.973       |
|    value_loss           | 76          |
-----------------------------------------
-----------------------------------------
| rollout/                |             |
|    ep_len_mean          | 22.8        |
|    ep_rew_mean          | -47.3       |
| time/                   |             |
|    fps                  | 18          |
|    iterations           | 18          |
|    time_elapsed         | 1981        |
|    total_timesteps      | 43008       |
| train/                  |             |
|    approx_kl            | 0.021720076 |
|    clip_fraction        | 0.271       |
|    clip_range           | 0.2         |
|    entropy_loss         | -16.7       |
|    explained_variance   | 0.514       |
|    learning_rate        | 0.0003      |
|    loss                 | 26.4        |
|    n_updates            | 200         |
|    policy_gradient_loss | -0.0517     |
|    std                  | 0.971       |
|    value_loss           | 72.5        |
-----------------------------------------
----------------------------------------
| rollout/                |            |
|    ep_len_mean          | 20.7       |
|    ep_rew_mean          | -42.5      |
| time/                   |            |
|    fps                  | 18         |
|    iterations           | 19         |
|    time_elapsed         | 2090       |
|    total_timesteps      | 45056      |
| train/                  |            |
|    approx_kl            | 0.02105777 |
|    clip_fraction        | 0.27       |
|    clip_range           | 0.2        |
|    entropy_loss         | -16.6      |
|    explained_variance   | 0.657      |
|    learning_rate        | 0.0003     |
|    loss                 | 17.1       |
|    n_updates            | 210        |
|    policy_gradient_loss | -0.0529    |
|    std                  | 0.968      |
|    value_loss           | 52.8       |
----------------------------------------
-----------------------------------------
| rollout/                |             |
|    ep_len_mean          | 21.7        |
|    ep_rew_mean          | -44.1       |
| time/                   |             |
|    fps                  | 18          |
|    iterations           | 20          |
|    time_elapsed         | 2200        |
|    total_timesteps      | 47104       |
| train/                  |             |
|    approx_kl            | 0.022236042 |
|    clip_fraction        | 0.298       |
|    clip_range           | 0.2         |
|    entropy_loss         | -16.6       |
|    explained_variance   | 0.72        |
|    learning_rate        | 0.0003      |
|    loss                 | 21.8        |
|    n_updates            | 220         |
|    policy_gradient_loss | -0.0516     |
|    std                  | 0.963       |
|    value_loss           | 35.5        |
-----------------------------------------
-----------------------------------------
| rollout/                |             |
|    ep_len_mean          | 20.1        |
|    ep_rew_mean          | -40.7       |
| time/                   |             |
|    fps                  | 18          |
|    iterations           | 21          |
|    time_elapsed         | 2307        |
|    total_timesteps      | 49152       |
| train/                  |             |
|    approx_kl            | 0.025390457 |
|    clip_fraction        | 0.297       |
|    clip_range           | 0.2         |
|    entropy_loss         | -16.6       |
|    explained_variance   | 0.632       |
|    learning_rate        | 0.0003      |
|    loss                 | 19.7        |
|    n_updates            | 230         |
|    policy_gradient_loss | -0.052      |
|    std                  | 0.961       |
|    value_loss           | 45.9        |
-----------------------------------------
----------------------------------------
| rollout/                |            |
|    ep_len_mean          | 22.9       |
|    ep_rew_mean          | -47.3      |
| time/                   |            |
|    fps                  | 18         |
|    iterations           | 22         |
|    time_elapsed         | 2417       |
|    total_timesteps      | 51200      |
| train/                  |            |
|    approx_kl            | 0.02847705 |
|    clip_fraction        | 0.342      |
|    clip_range           | 0.2        |
|    entropy_loss         | -16.5      |
|    explained_variance   | 0.384      |
|    learning_rate        | 0.0003     |
|    loss                 | 13.1       |
|    n_updates            | 240        |
|    policy_gradient_loss | -0.0571    |
|    std                  | 0.957      |
|    value_loss           | 32.4       |
----------------------------------------
-----------------------------------------
| rollout/                |             |
|    ep_len_mean          | 18.2        |
|    ep_rew_mean          | -36.9       |
| time/                   |             |
|    fps                  | 18          |
|    iterations           | 23          |
|    time_elapsed         | 2525        |
|    total_timesteps      | 53248       |
| train/                  |             |
|    approx_kl            | 0.023277607 |
|    clip_fraction        | 0.275       |
|    clip_range           | 0.2         |
|    entropy_loss         | -16.5       |
|    explained_variance   | 0.569       |
|    learning_rate        | 0.0003      |
|    loss                 | 18.7        |
|    n_updates            | 250         |
|    policy_gradient_loss | -0.0483     |
|    std                  | 0.956       |
|    value_loss           | 73.7        |
-----------------------------------------
----------------------------------------
| rollout/                |            |
|    ep_len_mean          | 21.8       |
|    ep_rew_mean          | -45        |
| time/                   |            |
|    fps                  | 18         |
|    iterations           | 24         |
|    time_elapsed         | 2638       |
|    total_timesteps      | 55296      |
| train/                  |            |
|    approx_kl            | 0.03451667 |
|    clip_fraction        | 0.372      |
|    clip_range           | 0.2        |
|    entropy_loss         | -16.4      |
|    explained_variance   | 0.466      |
|    learning_rate        | 0.0003     |
|    loss                 | 8.81       |
|    n_updates            | 260        |
|    policy_gradient_loss | -0.0596    |
|    std                  | 0.951      |
|    value_loss           | 22.3       |
----------------------------------------
-----------------------------------------
| rollout/                |             |
|    ep_len_mean          | 18.2        |
|    ep_rew_mean          | -36.9       |
| time/                   |             |
|    fps                  | 18          |
|    iterations           | 25          |
|    time_elapsed         | 2746        |
|    total_timesteps      | 57344       |
| train/                  |             |
|    approx_kl            | 0.019542977 |
|    clip_fraction        | 0.25        |
|    clip_range           | 0.2         |
|    entropy_loss         | -16.4       |
|    explained_variance   | 0.674       |
|    learning_rate        | 0.0003      |
|    loss                 | 37.1        |
|    n_updates            | 270         |
|    policy_gradient_loss | -0.0454     |
|    std                  | 0.948       |
|    value_loss           | 101         |
-----------------------------------------
----------------------------------------
| rollout/                |            |
|    ep_len_mean          | 23.1       |
|    ep_rew_mean          | -46.9      |
| time/                   |            |
|    fps                  | 18         |
|    iterations           | 26         |
|    time_elapsed         | 2855       |
|    total_timesteps      | 59392      |
| train/                  |            |
|    approx_kl            | 0.02719688 |
|    clip_fraction        | 0.368      |
|    clip_range           | 0.2        |
|    entropy_loss         | -16.4      |
|    explained_variance   | 0.587      |
|    learning_rate        | 0.0003     |
|    loss                 | 12.2       |
|    n_updates            | 280        |
|    policy_gradient_loss | -0.0547    |
|    std                  | 0.944      |
|    value_loss           | 24.5       |
----------------------------------------
-----------------------------------------
| rollout/                |             |
|    ep_len_mean          | 18.4        |
|    ep_rew_mean          | -38.1       |
| time/                   |             |
|    fps                  | 18          |
|    iterations           | 27          |
|    time_elapsed         | 2964        |
|    total_timesteps      | 61440       |
| train/                  |             |
|    approx_kl            | 0.022124786 |
|    clip_fraction        | 0.273       |
|    clip_range           | 0.2         |
|    entropy_loss         | -16.3       |
|    explained_variance   | 0.652       |
|    learning_rate        | 0.0003      |
|    loss                 | 50.7        |
|    n_updates            | 290         |
|    policy_gradient_loss | -0.0524     |
|    std                  | 0.941       |
|    value_loss           | 82.8        |
-----------------------------------------
----------------------------------------
| rollout/                |            |
|    ep_len_mean          | 19.1       |
|    ep_rew_mean          | -38.4      |
| time/                   |            |
|    fps                  | 18         |
|    iterations           | 28         |
|    time_elapsed         | 3073       |
|    total_timesteps      | 63488      |
| train/                  |            |
|    approx_kl            | 0.02395378 |
|    clip_fraction        | 0.317      |
|    clip_range           | 0.2        |
|    entropy_loss         | -16.3      |
|    explained_variance   | 0.714      |
|    learning_rate        | 0.0003     |
|    loss                 | 10.3       |
|    n_updates            | 300        |
|    policy_gradient_loss | -0.0535    |
|    std                  | 0.935      |
|    value_loss           | 30.9       |
----------------------------------------
-----------------------------------------
| rollout/                |             |
|    ep_len_mean          | 20.1        |
|    ep_rew_mean          | -38.6       |
| time/                   |             |
|    fps                  | 18          |
|    iterations           | 29          |
|    time_elapsed         | 3181        |
|    total_timesteps      | 65536       |
| train/                  |             |
|    approx_kl            | 0.023536446 |
|    clip_fraction        | 0.312       |
|    clip_range           | 0.2         |
|    entropy_loss         | -16.2       |
|    explained_variance   | 0.76        |
|    learning_rate        | 0.0003      |
|    loss                 | 12.2        |
|    n_updates            | 310         |
|    policy_gradient_loss | -0.0495     |
|    std                  | 0.932       |
|    value_loss           | 33.9        |
-----------------------------------------
-----------------------------------------
| rollout/                |             |
|    ep_len_mean          | 20.5        |
|    ep_rew_mean          | -41.1       |
| time/                   |             |
|    fps                  | 18          |
|    iterations           | 30          |
|    time_elapsed         | 3292        |
|    total_timesteps      | 67584       |
| train/                  |             |
|    approx_kl            | 0.026720997 |
|    clip_fraction        | 0.308       |
|    clip_range           | 0.2         |
|    entropy_loss         | -16.2       |
|    explained_variance   | 0.519       |
|    learning_rate        | 0.0003      |
|    loss                 | 13          |
|    n_updates            | 320         |
|    policy_gradient_loss | -0.0553     |
|    std                  | 0.929       |
|    value_loss           | 33.3        |
-----------------------------------------
-----------------------------------------
| rollout/                |             |
|    ep_len_mean          | 18.1        |
|    ep_rew_mean          | -36         |
| time/                   |             |
|    fps                  | 18          |
|    iterations           | 31          |
|    time_elapsed         | 3401        |
|    total_timesteps      | 69632       |
| train/                  |             |
|    approx_kl            | 0.025279313 |
|    clip_fraction        | 0.316       |
|    clip_range           | 0.2         |
|    entropy_loss         | -16.1       |
|    explained_variance   | 0.689       |
|    learning_rate        | 0.0003      |
|    loss                 | 21.4        |
|    n_updates            | 330         |
|    policy_gradient_loss | -0.0514     |
|    std                  | 0.928       |
|    value_loss           | 56          |
-----------------------------------------
----------------------------------------
| rollout/                |            |
|    ep_len_mean          | 18.8       |
|    ep_rew_mean          | -37.4      |
| time/                   |            |
|    fps                  | 18         |
|    iterations           | 32         |
|    time_elapsed         | 3511       |
|    total_timesteps      | 71680      |
| train/                  |            |
|    approx_kl            | 0.02409736 |
|    clip_fraction        | 0.304      |
|    clip_range           | 0.2        |
|    entropy_loss         | -16.1      |
|    explained_variance   | 0.547      |
|    learning_rate        | 0.0003     |
|    loss                 | 9.85       |
|    n_updates            | 340        |
|    policy_gradient_loss | -0.0541    |
|    std                  | 0.923      |
|    value_loss           | 24.6       |
----------------------------------------
【checkpoint】/run/media/pma213x/0C6A8CC86A8CAFCE/Ubuntu2/CodeU/Dog1/checkpoints/yobogo_loco_jump_v1/yobogo_loco_jump_v1_73315_time_3600s.zip
-----------------------------------------
| rollout/                |             |
|    ep_len_mean          | 18.6        |
|    ep_rew_mean          | -37.3       |
| time/                   |             |
|    fps                  | 18          |
|    iterations           | 33          |
|    time_elapsed         | 3622        |
|    total_timesteps      | 73728       |
| train/                  |             |
|    approx_kl            | 0.031105256 |
|    clip_fraction        | 0.368       |
|    clip_range           | 0.2         |
|    entropy_loss         | -16         |
|    explained_variance   | 0.636       |
|    learning_rate        | 0.0003      |
|    loss                 | 8.86        |
|    n_updates            | 350         |
|    policy_gradient_loss | -0.0593     |
|    std                  | 0.919       |
|    value_loss           | 18.8        |
-----------------------------------------
-----------------------------------------
| rollout/                |             |
|    ep_len_mean          | 17.2        |
|    ep_rew_mean          | -34         |
| time/                   |             |
|    fps                  | 18          |
|    iterations           | 34          |
|    time_elapsed         | 3732        |
|    total_timesteps      | 75776       |
| train/                  |             |
|    approx_kl            | 0.030010222 |
|    clip_fraction        | 0.372       |
|    clip_range           | 0.2         |
|    entropy_loss         | -16         |
|    explained_variance   | 0.666       |
|    learning_rate        | 0.0003      |
|    loss                 | 10.6        |
|    n_updates            | 360         |
|    policy_gradient_loss | -0.0571     |
|    std                  | 0.915       |
|    value_loss           | 20.6        |
-----------------------------------------
----------------------------------------
| rollout/                |            |
|    ep_len_mean          | 17.1       |
|    ep_rew_mean          | -33.4      |
| time/                   |            |
|    fps                  | 18         |
|    iterations           | 35         |
|    time_elapsed         | 3844       |
|    total_timesteps      | 77824      |
| train/                  |            |
|    approx_kl            | 0.05699555 |
|    clip_fraction        | 0.461      |
|    clip_range           | 0.2        |
|    entropy_loss         | -15.9      |
|    explained_variance   | 0.608      |
|    learning_rate        | 0.0003     |
|    loss                 | 3.22       |
|    n_updates            | 370        |
|    policy_gradient_loss | -0.0522    |
|    std                  | 0.908      |
|    value_loss           | 7.61       |
----------------------------------------
-----------------------------------------
| rollout/                |             |
|    ep_len_mean          | 16.7        |
|    ep_rew_mean          | -32.9       |
| time/                   |             |
|    fps                  | 18          |
|    iterations           | 36          |
|    time_elapsed         | 3955        |
|    total_timesteps      | 79872       |
| train/                  |             |
|    approx_kl            | 0.056288313 |
|    clip_fraction        | 0.458       |
|    clip_range           | 0.2         |
|    entropy_loss         | -15.8       |
|    explained_variance   | 0.534       |
|    learning_rate        | 0.0003      |
|    loss                 | 3.99        |
|    n_updates            | 380         |
|    policy_gradient_loss | -0.052      |
|    std                  | 0.899       |
|    value_loss           | 7.45        |
-----------------------------------------
----------------------------------------
| rollout/                |            |
|    ep_len_mean          | 16.1       |
|    ep_rew_mean          | -31.4      |
| time/                   |            |
|    fps                  | 18         |
|    iterations           | 37         |
|    time_elapsed         | 4065       |
|    total_timesteps      | 81920      |
| train/                  |            |
|    approx_kl            | 0.04654751 |
|    clip_fraction        | 0.47       |
|    clip_range           | 0.2        |
|    entropy_loss         | -15.7      |
|    explained_variance   | 0.67       |
|    learning_rate        | 0.0003     |
|    loss                 | 2.12       |
|    n_updates            | 390        |
|    policy_gradient_loss | -0.0592    |
|    std                  | 0.895      |
|    value_loss           | 7.51       |
----------------------------------------
-----------------------------------------
| rollout/                |             |
|    ep_len_mean          | 16.8        |
|    ep_rew_mean          | -33.1       |
| time/                   |             |
|    fps                  | 18          |
|    iterations           | 38          |
|    time_elapsed         | 4176        |
|    total_timesteps      | 83968       |
| train/                  |             |
|    approx_kl            | 0.089428686 |
|    clip_fraction        | 0.536       |
|    clip_range           | 0.2         |
|    entropy_loss         | -15.6       |
|    explained_variance   | 0.72        |
|    learning_rate        | 0.0003      |
|    loss                 | 0.878       |
|    n_updates            | 400         |
|    policy_gradient_loss | -0.0647     |
|    std                  | 0.884       |
|    value_loss           | 3           |
-----------------------------------------
-----------------------------------------
| rollout/                |             |
|    ep_len_mean          | 15.3        |
|    ep_rew_mean          | -30.2       |
| time/                   |             |
|    fps                  | 18          |
|    iterations           | 39          |
|    time_elapsed         | 4286        |
|    total_timesteps      | 86016       |
| train/                  |             |
|    approx_kl            | 0.024606952 |
|    clip_fraction        | 0.378       |
|    clip_range           | 0.2         |
|    entropy_loss         | -15.5       |
|    explained_variance   | 0.538       |
|    learning_rate        | 0.0003      |
|    loss                 | 3.71        |
|    n_updates            | 410         |
|    policy_gradient_loss | -0.0457     |
|    std                  | 0.88        |
|    value_loss           | 9.89        |
-----------------------------------------
----------------------------------------
| rollout/                |            |
|    ep_len_mean          | 17.1       |
|    ep_rew_mean          | -34        |
| time/                   |            |
|    fps                  | 18         |
|    iterations           | 40         |
|    time_elapsed         | 4395       |
|    total_timesteps      | 88064      |
| train/                  |            |
|    approx_kl            | 0.07496101 |
|    clip_fraction        | 0.539      |
|    clip_range           | 0.2        |
|    entropy_loss         | -15.4      |
|    explained_variance   | 0.628      |
|    learning_rate        | 0.0003     |
|    loss                 | 1.05       |
|    n_updates            | 420        |
|    policy_gradient_loss | -0.0652    |
|    std                  | 0.87       |
|    value_loss           | 2.62       |
----------------------------------------
-----------------------------------------
| rollout/                |             |
|    ep_len_mean          | 16.4        |
|    ep_rew_mean          | -32.4       |
| time/                   |             |
|    fps                  | 18          |
|    iterations           | 41          |
|    time_elapsed         | 4504        |
|    total_timesteps      | 90112       |
| train/                  |             |
|    approx_kl            | 0.024087884 |
|    clip_fraction        | 0.303       |
|    clip_range           | 0.2         |
|    entropy_loss         | -15.3       |
|    explained_variance   | 0.621       |
|    learning_rate        | 0.0003      |
|    loss                 | 6.14        |
|    n_updates            | 430         |
|    policy_gradient_loss | -0.0532     |
|    std                  | 0.869       |
|    value_loss           | 15.9        |
-----------------------------------------
----------------------------------------
| rollout/                |            |
|    ep_len_mean          | 15.2       |
|    ep_rew_mean          | -29.7      |
| time/                   |            |
|    fps                  | 18         |
|    iterations           | 42         |
|    time_elapsed         | 4616       |
|    total_timesteps      | 92160      |
| train/                  |            |
|    approx_kl            | 0.04089592 |
|    clip_fraction        | 0.425      |
|    clip_range           | 0.2        |
|    entropy_loss         | -15.3      |
|    explained_variance   | 0.733      |
|    learning_rate        | 0.0003     |
|    loss                 | 1.68       |
|    n_updates            | 440        |
|    policy_gradient_loss | -0.0537    |
|    std                  | 0.866      |
|    value_loss           | 4.9        |
----------------------------------------
-----------------------------------------
| rollout/                |             |
|    ep_len_mean          | 15.1        |
|    ep_rew_mean          | -29.6       |
| time/                   |             |
|    fps                  | 18          |
|    iterations           | 43          |
|    time_elapsed         | 4726        |
|    total_timesteps      | 94208       |
| train/                  |             |
|    approx_kl            | 0.049279958 |
|    clip_fraction        | 0.482       |
|    clip_range           | 0.2         |
|    entropy_loss         | -15.2       |
|    explained_variance   | 0.756       |
|    learning_rate        | 0.0003      |
|    loss                 | 1.3         |
|    n_updates            | 450         |
|    policy_gradient_loss | -0.0662     |
|    std                  | 0.859       |
|    value_loss           | 3.08        |
-----------------------------------------
-----------------------------------------
| rollout/                |             |
|    ep_len_mean          | 14.9        |
|    ep_rew_mean          | -28.5       |
| time/                   |             |
|    fps                  | 18          |
|    iterations           | 44          |
|    time_elapsed         | 4838        |
|    total_timesteps      | 96256       |
| train/                  |             |
|    approx_kl            | 0.027301062 |
|    clip_fraction        | 0.311       |
|    clip_range           | 0.2         |
|    entropy_loss         | -15.2       |
|    explained_variance   | 0.74        |
|    learning_rate        | 0.0003      |
|    loss                 | 1.13        |
|    n_updates            | 460         |
|    policy_gradient_loss | -0.0404     |
|    std                  | 0.854       |
|    value_loss           | 6.07        |
-----------------------------------------
----------------------------------------
| rollout/                |            |
|    ep_len_mean          | 17.2       |
|    ep_rew_mean          | -32.8      |
| time/                   |            |
|    fps                  | 18         |
|    iterations           | 45         |
|    time_elapsed         | 4950       |
|    total_timesteps      | 98304      |
| train/                  |            |
|    approx_kl            | 0.09506108 |
|    clip_fraction        | 0.56       |
|    clip_range           | 0.2        |
|    entropy_loss         | -15        |
|    explained_variance   | 0.582      |
|    learning_rate        | 0.0003     |
|    loss                 | 0.435      |
|    n_updates            | 470        |
|    policy_gradient_loss | -0.052     |
|    std                  | 0.842      |
|    value_loss           | 1.31       |
----------------------------------------
----------------------------------------
| rollout/                |            |
|    ep_len_mean          | 14.3       |
|    ep_rew_mean          | -27.8      |
| time/                   |            |
|    fps                  | 18         |
|    iterations           | 46         |
|    time_elapsed         | 5061       |
|    total_timesteps      | 100352     |
| train/                  |            |
|    approx_kl            | 0.02407264 |
|    clip_fraction        | 0.403      |
|    clip_range           | 0.2        |
|    entropy_loss         | -14.9      |
|    explained_variance   | 0.616      |
|    learning_rate        | 0.0003     |
|    loss                 | 4.69       |
|    n_updates            | 480        |
|    policy_gradient_loss | -0.0412    |
|    std                  | 0.84       |
|    value_loss           | 12.2       |
----------------------------------------
----------------------------------------
| rollout/                |            |
|    ep_len_mean          | 14.6       |
|    ep_rew_mean          | -28        |
| time/                   |            |
|    fps                  | 18         |
|    iterations           | 47         |
|    time_elapsed         | 5174       |
|    total_timesteps      | 102400     |
| train/                  |            |
|    approx_kl            | 0.08580078 |
|    clip_fraction        | 0.468      |
|    clip_range           | 0.2        |
|    entropy_loss         | -14.9      |
|    explained_variance   | 0.482      |
|    learning_rate        | 0.0003     |
|    loss                 | 0.429      |
|    n_updates            | 490        |
|    policy_gradient_loss | -0.0566    |
|    std                  | 0.832      |
|    value_loss           | 1.75       |
----------------------------------------
----------------------------------------
| rollout/                |            |
|    ep_len_mean          | 14.4       |
|    ep_rew_mean          | -27.5      |
| time/                   |            |
|    fps                  | 18         |
|    iterations           | 48         |
|    time_elapsed         | 5286       |
|    total_timesteps      | 104448     |
| train/                  |            |
|    approx_kl            | 0.07814586 |
|    clip_fraction        | 0.565      |
|    clip_range           | 0.2        |
|    entropy_loss         | -14.7      |
|    explained_variance   | 0.722      |
|    learning_rate        | 0.0003     |
|    loss                 | 0.344      |
|    n_updates            | 500        |
|    policy_gradient_loss | -0.0601    |
|    std                  | 0.824      |
|    value_loss           | 1.35       |
----------------------------------------
----------------------------------------
| rollout/                |            |
|    ep_len_mean          | 14         |
|    ep_rew_mean          | -26.6      |
| time/                   |            |
|    fps                  | 18         |
|    iterations           | 49         |
|    time_elapsed         | 5397       |
|    total_timesteps      | 106496     |
| train/                  |            |
|    approx_kl            | 0.08214972 |
|    clip_fraction        | 0.526      |
|    clip_range           | 0.2        |
|    entropy_loss         | -14.6      |
|    explained_variance   | 0.686      |
|    learning_rate        | 0.0003     |
|    loss                 | 0.34       |
|    n_updates            | 510        |
|    policy_gradient_loss | -0.07      |
|    std                  | 0.812      |
|    value_loss           | 0.971      |
----------------------------------------
【checkpoint】/run/media/pma213x/0C6A8CC86A8CAFCE/Ubuntu2/CodeU/Dog1/checkpoints/yobogo_loco_jump_v1/yobogo_loco_jump_v1_106541_time_5400s.zip
----------------------------------------
| rollout/                |            |
|    ep_len_mean          | 14.1       |
|    ep_rew_mean          | -26.4      |
| time/                   |            |
|    fps                  | 18         |
|    iterations           | 50         |
|    time_elapsed         | 5509       |
|    total_timesteps      | 108544     |
| train/                  |            |
|    approx_kl            | 0.07623723 |
|    clip_fraction        | 0.506      |
|    clip_range           | 0.2        |
|    entropy_loss         | -14.4      |
|    explained_variance   | 0.737      |
|    learning_rate        | 0.0003     |
|    loss                 | 0.328      |
|    n_updates            | 520        |
|    policy_gradient_loss | -0.0601    |
|    std                  | 0.804      |
|    value_loss           | 0.863      |
----------------------------------------
----------------------------------------
| rollout/                |            |
|    ep_len_mean          | 15.4       |
|    ep_rew_mean          | -28.4      |
| time/                   |            |
|    fps                  | 18         |
|    iterations           | 51         |
|    time_elapsed         | 5619       |
|    total_timesteps      | 110592     |
| train/                  |            |
|    approx_kl            | 0.06886754 |
|    clip_fraction        | 0.484      |
|    clip_range           | 0.2        |
|    entropy_loss         | -14.3      |
|    explained_variance   | 0.696      |
|    learning_rate        | 0.0003     |
|    loss                 | 0.298      |
|    n_updates            | 530        |
|    policy_gradient_loss | -0.0608    |
|    std                  | 0.796      |
|    value_loss           | 0.804      |
----------------------------------------
--------------------------------------
| rollout/                |          |
|    ep_len_mean          | 13.9     |
|    ep_rew_mean          | -25.7    |
| time/                   |          |
|    fps                  | 18       |
|    iterations           | 52       |
|    time_elapsed         | 5730     |
|    total_timesteps      | 112640   |
| train/                  |          |
|    approx_kl            | 0.034474 |
|    clip_fraction        | 0.387    |
|    clip_range           | 0.2      |
|    entropy_loss         | -14.2    |
|    explained_variance   | 0.622    |
|    learning_rate        | 0.0003   |
|    loss                 | 0.652    |
|    n_updates            | 540      |
|    policy_gradient_loss | -0.0573  |
|    std                  | 0.791    |
|    value_loss           | 2.3      |
--------------------------------------
-----------------------------------------
| rollout/                |             |
|    ep_len_mean          | 13.9        |
|    ep_rew_mean          | -25.8       |
| time/                   |             |
|    fps                  | 18          |
|    iterations           | 53          |
|    time_elapsed         | 5842        |
|    total_timesteps      | 114688      |
| train/                  |             |
|    approx_kl            | 0.067158684 |
|    clip_fraction        | 0.479       |
|    clip_range           | 0.2         |
|    entropy_loss         | -14.1       |
|    explained_variance   | 0.576       |
|    learning_rate        | 0.0003      |
|    loss                 | 0.189       |
|    n_updates            | 550         |
|    policy_gradient_loss | -0.0656     |
|    std                  | 0.781       |
|    value_loss           | 0.755       |
-----------------------------------------
-----------------------------------------
| rollout/                |             |
|    ep_len_mean          | 14.1        |
|    ep_rew_mean          | -25.4       |
| time/                   |             |
|    fps                  | 18          |
|    iterations           | 54          |
|    time_elapsed         | 5957        |
|    total_timesteps      | 116736      |
| train/                  |             |
|    approx_kl            | 0.040162105 |
|    clip_fraction        | 0.413       |
|    clip_range           | 0.2         |
|    entropy_loss         | -14         |
|    explained_variance   | 0.515       |
|    learning_rate        | 0.0003      |
|    loss                 | 0.808       |
|    n_updates            | 560         |
|    policy_gradient_loss | -0.0486     |
|    std                  | 0.774       |
|    value_loss           | 1.63        |
-----------------------------------------
-----------------------------------------
| rollout/                |             |
|    ep_len_mean          | 14.3        |
|    ep_rew_mean          | -25.1       |
| time/                   |             |
|    fps                  | 18          |
|    iterations           | 55          |
|    time_elapsed         | 6069        |
|    total_timesteps      | 118784      |
| train/                  |             |
|    approx_kl            | 0.059961844 |
|    clip_fraction        | 0.462       |
|    clip_range           | 0.2         |
|    entropy_loss         | -13.9       |
|    explained_variance   | 0.633       |
|    learning_rate        | 0.0003      |
|    loss                 | 0.35        |
|    n_updates            | 570         |
|    policy_gradient_loss | -0.0603     |
|    std                  | 0.767       |
|    value_loss           | 0.892       |
-----------------------------------------
----------------------------------------
| rollout/                |            |
|    ep_len_mean          | 14.2       |
|    ep_rew_mean          | -24.7      |
| time/                   |            |
|    fps                  | 18         |
|    iterations           | 56         |
|    time_elapsed         | 6181       |
|    total_timesteps      | 120832     |
| train/                  |            |
|    approx_kl            | 0.05345653 |
|    clip_fraction        | 0.468      |
|    clip_range           | 0.2        |
|    entropy_loss         | -13.8      |
|    explained_variance   | 0.679      |
|    learning_rate        | 0.0003     |
|    loss                 | 0.169      |
|    n_updates            | 580        |
|    policy_gradient_loss | -0.0525    |
|    std                  | 0.759      |
|    value_loss           | 0.933      |
----------------------------------------
-----------------------------------------
| rollout/                |             |
|    ep_len_mean          | 15.5        |
|    ep_rew_mean          | -27         |
| time/                   |             |
|    fps                  | 18          |
|    iterations           | 57          |
|    time_elapsed         | 6294        |
|    total_timesteps      | 122880      |
| train/                  |             |
|    approx_kl            | 0.057786047 |
|    clip_fraction        | 0.472       |
|    clip_range           | 0.2         |
|    entropy_loss         | -13.6       |
|    explained_variance   | 0.663       |
|    learning_rate        | 0.0003      |
|    loss                 | 0.219       |
|    n_updates            | 590         |
|    policy_gradient_loss | -0.0655     |
|    std                  | 0.753       |
|    value_loss           | 0.662       |
-----------------------------------------
-----------------------------------------
| rollout/                |             |
|    ep_len_mean          | 14.1        |
|    ep_rew_mean          | -24.6       |
| time/                   |             |
|    fps                  | 18          |
|    iterations           | 58          |
|    time_elapsed         | 6406        |
|    total_timesteps      | 124928      |
| train/                  |             |
|    approx_kl            | 0.020015832 |
|    clip_fraction        | 0.323       |
|    clip_range           | 0.2         |
|    entropy_loss         | -13.6       |
|    explained_variance   | 0.788       |
|    learning_rate        | 0.0003      |
|    loss                 | 1.97        |
|    n_updates            | 600         |
|    policy_gradient_loss | -0.044      |
|    std                  | 0.75        |
|    value_loss           | 4.42        |
-----------------------------------------
----------------------------------------
| rollout/                |            |
|    ep_len_mean          | 14.2       |
|    ep_rew_mean          | -24.5      |
| time/                   |            |
|    fps                  | 18         |
|    iterations           | 59         |
|    time_elapsed         | 6520       |
|    total_timesteps      | 126976     |
| train/                  |            |
|    approx_kl            | 0.06457863 |
|    clip_fraction        | 0.487      |
|    clip_range           | 0.2        |
|    entropy_loss         | -13.5      |
|    explained_variance   | 0.634      |
|    learning_rate        | 0.0003     |
|    loss                 | 0.198      |
|    n_updates            | 610        |
|    policy_gradient_loss | -0.0613    |
|    std                  | 0.744      |
|    value_loss           | 0.642      |
----------------------------------------
-----------------------------------------
| rollout/                |             |
|    ep_len_mean          | 14          |
|    ep_rew_mean          | -23.3       |
| time/                   |             |
|    fps                  | 18          |
|    iterations           | 60          |
|    time_elapsed         | 6633        |
|    total_timesteps      | 129024      |
| train/                  |             |
|    approx_kl            | 0.057064425 |
|    clip_fraction        | 0.47        |
|    clip_range           | 0.2         |
|    entropy_loss         | -13.4       |
|    explained_variance   | 0.731       |
|    learning_rate        | 0.0003      |
|    loss                 | 0.204       |
|    n_updates            | 620         |
|    policy_gradient_loss | -0.0623     |
|    std                  | 0.735       |
|    value_loss           | 0.553       |
-----------------------------------------
-----------------------------------------
| rollout/                |             |
|    ep_len_mean          | 14          |
|    ep_rew_mean          | -23.5       |
| time/                   |             |
|    fps                  | 18          |
|    iterations           | 61          |
|    time_elapsed         | 6745        |
|    total_timesteps      | 131072      |
| train/                  |             |
|    approx_kl            | 0.070408255 |
|    clip_fraction        | 0.472       |
|    clip_range           | 0.2         |
|    entropy_loss         | -13.2       |
|    explained_variance   | 0.766       |
|    learning_rate        | 0.0003      |
|    loss                 | 0.114       |
|    n_updates            | 630         |
|    policy_gradient_loss | -0.0549     |
|    std                  | 0.727       |
|    value_loss           | 0.41        |
-----------------------------------------
-----------------------------------------
| rollout/                |             |
|    ep_len_mean          | 17.2        |
|    ep_rew_mean          | -29         |
| time/                   |             |
|    fps                  | 18          |
|    iterations           | 62          |
|    time_elapsed         | 6857        |
|    total_timesteps      | 133120      |
| train/                  |             |
|    approx_kl            | 0.051966168 |
|    clip_fraction        | 0.44        |
|    clip_range           | 0.2         |
|    entropy_loss         | -13.1       |
|    explained_variance   | 0.745       |
|    learning_rate        | 0.0003      |
|    loss                 | 0.203       |
|    n_updates            | 640         |
|    policy_gradient_loss | -0.047      |
|    std                  | 0.719       |
|    value_loss           | 0.729       |
-----------------------------------------
-----------------------------------------
| rollout/                |             |
|    ep_len_mean          | 14          |
|    ep_rew_mean          | -23.2       |
| time/                   |             |
|    fps                  | 18          |
|    iterations           | 63          |
|    time_elapsed         | 6970        |
|    total_timesteps      | 135168      |
| train/                  |             |
|    approx_kl            | 0.016051702 |
|    clip_fraction        | 0.339       |
|    clip_range           | 0.2         |
|    entropy_loss         | -13         |
|    explained_variance   | 0.637       |
|    learning_rate        | 0.0003      |
|    loss                 | 6.37        |
|    n_updates            | 650         |
|    policy_gradient_loss | -0.0308     |
|    std                  | 0.718       |
|    value_loss           | 21.2        |
-----------------------------------------
-----------------------------------------
| rollout/                |             |
|    ep_len_mean          | 15.4        |
|    ep_rew_mean          | -25.6       |
| time/                   |             |
|    fps                  | 18          |
|    iterations           | 64          |
|    time_elapsed         | 7083        |
|    total_timesteps      | 137216      |
| train/                  |             |
|    approx_kl            | 0.058277775 |
|    clip_fraction        | 0.452       |
|    clip_range           | 0.2         |
|    entropy_loss         | -13         |
|    explained_variance   | 0.434       |
|    learning_rate        | 0.0003      |
|    loss                 | 0.193       |
|    n_updates            | 660         |
|    policy_gradient_loss | -0.0539     |
|    std                  | 0.716       |
|    value_loss           | 0.685       |
-----------------------------------------
-----------------------------------------
| rollout/                |             |
|    ep_len_mean          | 13.8        |
|    ep_rew_mean          | -23.4       |
| time/                   |             |
|    fps                  | 18          |
|    iterations           | 65          |
|    time_elapsed         | 7198        |
|    total_timesteps      | 139264      |
| train/                  |             |
|    approx_kl            | 0.023347126 |
|    clip_fraction        | 0.328       |
|    clip_range           | 0.2         |
|    entropy_loss         | -13         |
|    explained_variance   | 0.797       |
|    learning_rate        | 0.0003      |
|    loss                 | 0.523       |
|    n_updates            | 670         |
|    policy_gradient_loss | -0.0387     |
|    std                  | 0.714       |
|    value_loss           | 3.56        |
-----------------------------------------
【checkpoint】/run/media/pma213x/0C6A8CC86A8CAFCE/Ubuntu2/CodeU/Dog1/checkpoints/yobogo_loco_jump_v1/yobogo_loco_jump_v1_139302_time_7200s.zip
-----------------------------------------
| rollout/                |             |
|    ep_len_mean          | 14.3        |
|    ep_rew_mean          | -23.5       |
| time/                   |             |
|    fps                  | 18          |
|    iterations           | 66          |
|    time_elapsed         | 7311        |
|    total_timesteps      | 141312      |
| train/                  |             |
|    approx_kl            | 0.062464725 |
|    clip_fraction        | 0.507       |
|    clip_range           | 0.2         |
|    entropy_loss         | -12.9       |
|    explained_variance   | 0.726       |
|    learning_rate        | 0.0003      |
|    loss                 | 0.157       |
|    n_updates            | 680         |
|    policy_gradient_loss | -0.061      |
|    std                  | 0.708       |
|    value_loss           | 0.559       |
-----------------------------------------
-----------------------------------------
| rollout/                |             |
|    ep_len_mean          | 13.5        |
|    ep_rew_mean          | -23.3       |
| time/                   |             |
|    fps                  | 18          |
|    iterations           | 67          |
|    time_elapsed         | 7424        |
|    total_timesteps      | 143360      |
| train/                  |             |
|    approx_kl            | 0.040282946 |
|    clip_fraction        | 0.403       |
|    clip_range           | 0.2         |
|    entropy_loss         | -12.8       |
|    explained_variance   | 0.653       |
|    learning_rate        | 0.0003      |
|    loss                 | 0.21        |
|    n_updates            | 690         |
|    policy_gradient_loss | -0.0458     |
|    std                  | 0.702       |
|    value_loss           | 1.06        |
-----------------------------------------
----------------------------------------
| rollout/                |            |
|    ep_len_mean          | 13.7       |
|    ep_rew_mean          | -22.7      |
| time/                   |            |
|    fps                  | 18         |
|    iterations           | 68         |
|    time_elapsed         | 7537       |
|    total_timesteps      | 145408     |
| train/                  |            |
|    approx_kl            | 0.06002155 |
|    clip_fraction        | 0.476      |
|    clip_range           | 0.2        |
|    entropy_loss         | -12.7      |
|    explained_variance   | 0.782      |
|    learning_rate        | 0.0003     |
|    loss                 | 0.119      |
|    n_updates            | 700        |
|    policy_gradient_loss | -0.0605    |
|    std                  | 0.696      |
|    value_loss           | 0.445      |
----------------------------------------
-----------------------------------------
| rollout/                |             |
|    ep_len_mean          | 13.7        |
|    ep_rew_mean          | -22.3       |
| time/                   |             |
|    fps                  | 18          |
|    iterations           | 69          |
|    time_elapsed         | 7649        |
|    total_timesteps      | 147456      |
| train/                  |             |
|    approx_kl            | 0.053984307 |
|    clip_fraction        | 0.469       |
|    clip_range           | 0.2         |
|    entropy_loss         | -12.6       |
|    explained_variance   | 0.79        |
|    learning_rate        | 0.0003      |
|    loss                 | 0.138       |
|    n_updates            | 710         |
|    policy_gradient_loss | -0.0549     |
|    std                  | 0.69        |
|    value_loss           | 0.473       |
-----------------------------------------
-----------------------------------------
| rollout/                |             |
|    ep_len_mean          | 14.2        |
|    ep_rew_mean          | -22.3       |
| time/                   |             |
|    fps                  | 18          |
|    iterations           | 70          |
|    time_elapsed         | 7762        |
|    total_timesteps      | 149504      |
| train/                  |             |
|    approx_kl            | 0.062279217 |
|    clip_fraction        | 0.48        |
|    clip_range           | 0.2         |
|    entropy_loss         | -12.5       |
|    explained_variance   | 0.821       |
|    learning_rate        | 0.0003      |
|    loss                 | 0.139       |
|    n_updates            | 720         |
|    policy_gradient_loss | -0.0558     |
|    std                  | 0.682       |
|    value_loss           | 0.4         |
-----------------------------------------
----------------------------------------
| rollout/                |            |
|    ep_len_mean          | 14.4       |
|    ep_rew_mean          | -22.1      |
| time/                   |            |
|    fps                  | 18         |
|    iterations           | 71         |
|    time_elapsed         | 7875       |
|    total_timesteps      | 151552     |
| train/                  |            |
|    approx_kl            | 0.05063388 |
|    clip_fraction        | 0.442      |
|    clip_range           | 0.2        |
|    entropy_loss         | -12.4      |
|    explained_variance   | 0.784      |
|    learning_rate        | 0.0003     |
|    loss                 | 0.168      |
|    n_updates            | 730        |
|    policy_gradient_loss | -0.0513    |
|    std                  | 0.678      |
|    value_loss           | 0.673      |
----------------------------------------
-----------------------------------------
| rollout/                |             |
|    ep_len_mean          | 14.3        |
|    ep_rew_mean          | -22.3       |
| time/                   |             |
|    fps                  | 18          |
|    iterations           | 72          |
|    time_elapsed         | 7989        |
|    total_timesteps      | 153600      |
| train/                  |             |
|    approx_kl            | 0.054309387 |
|    clip_fraction        | 0.468       |
|    clip_range           | 0.2         |
|    entropy_loss         | -12.3       |
|    explained_variance   | 0.794       |
|    learning_rate        | 0.0003      |
|    loss                 | 0.224       |
|    n_updates            | 740         |
|    policy_gradient_loss | -0.0502     |
|    std                  | 0.673       |
|    value_loss           | 0.62        |
-----------------------------------------
----------------------------------------
| rollout/                |            |
|    ep_len_mean          | 14.5       |
|    ep_rew_mean          | -21.9      |
| time/                   |            |
|    fps                  | 18         |
|    iterations           | 73         |
|    time_elapsed         | 8102       |
|    total_timesteps      | 155648     |
| train/                  |            |
|    approx_kl            | 0.04690544 |
|    clip_fraction        | 0.419      |
|    clip_range           | 0.2        |
|    entropy_loss         | -12.2      |
|    explained_variance   | 0.832      |
|    learning_rate        | 0.0003     |
|    loss                 | 0.402      |
|    n_updates            | 750        |
|    policy_gradient_loss | -0.0524    |
|    std                  | 0.668      |
|    value_loss           | 0.63       |
----------------------------------------
----------------------------------------
| rollout/                |            |
|    ep_len_mean          | 14.1       |
|    ep_rew_mean          | -22.2      |
| time/                   |            |
|    fps                  | 18         |
|    iterations           | 74         |
|    time_elapsed         | 8215       |
|    total_timesteps      | 157696     |
| train/                  |            |
|    approx_kl            | 0.05441419 |
|    clip_fraction        | 0.45       |
|    clip_range           | 0.2        |
|    entropy_loss         | -12.1      |
|    explained_variance   | 0.796      |
|    learning_rate        | 0.0003     |
|    loss                 | 0.199      |
|    n_updates            | 760        |
|    policy_gradient_loss | -0.0569    |
|    std                  | 0.664      |
|    value_loss           | 0.611      |
----------------------------------------
-----------------------------------------
| rollout/                |             |
|    ep_len_mean          | 14.6        |
|    ep_rew_mean          | -21.7       |
| time/                   |             |
|    fps                  | 18          |
|    iterations           | 75          |
|    time_elapsed         | 8328        |
|    total_timesteps      | 159744      |
| train/                  |             |
|    approx_kl            | 0.052390378 |
|    clip_fraction        | 0.463       |
|    clip_range           | 0.2         |
|    entropy_loss         | -12         |
|    explained_variance   | 0.843       |
|    learning_rate        | 0.0003      |
|    loss                 | 0.112       |
|    n_updates            | 770         |
|    policy_gradient_loss | -0.054      |
|    std                  | 0.66        |
|    value_loss           | 0.434       |
-----------------------------------------
-----------------------------------------
| rollout/                |             |
|    ep_len_mean          | 14.8        |
|    ep_rew_mean          | -22.4       |
| time/                   |             |
|    fps                  | 18          |
|    iterations           | 76          |
|    time_elapsed         | 8442        |
|    total_timesteps      | 161792      |
| train/                  |             |
|    approx_kl            | 0.053969145 |
|    clip_fraction        | 0.421       |
|    clip_range           | 0.2         |
|    entropy_loss         | -12         |
|    explained_variance   | 0.871       |
|    learning_rate        | 0.0003      |
|    loss                 | 0.107       |
|    n_updates            | 780         |
|    policy_gradient_loss | -0.0541     |
|    std                  | 0.655       |
|    value_loss           | 0.415       |
-----------------------------------------
----------------------------------------
| rollout/                |            |
|    ep_len_mean          | 14         |
|    ep_rew_mean          | -21.6      |
| time/                   |            |
|    fps                  | 18         |
|    iterations           | 77         |
|    time_elapsed         | 8556       |
|    total_timesteps      | 163840     |
| train/                  |            |
|    approx_kl            | 0.03363947 |
|    clip_fraction        | 0.374      |
|    clip_range           | 0.2        |
|    entropy_loss         | -11.9      |
|    explained_variance   | 0.709      |
|    learning_rate        | 0.0003     |
|    loss                 | 0.29       |
|    n_updates            | 790        |
|    policy_gradient_loss | -0.0455    |
|    std                  | 0.651      |
|    value_loss           | 1.07       |
----------------------------------------
-----------------------------------------
| rollout/                |             |
|    ep_len_mean          | 14.4        |
|    ep_rew_mean          | -21.7       |
| time/                   |             |
|    fps                  | 18          |
|    iterations           | 78          |
|    time_elapsed         | 8671        |
|    total_timesteps      | 165888      |
| train/                  |             |
|    approx_kl            | 0.042038463 |
|    clip_fraction        | 0.392       |
|    clip_range           | 0.2         |
|    entropy_loss         | -11.8       |
|    explained_variance   | 0.837       |
|    learning_rate        | 0.0003      |
|    loss                 | 0.129       |
|    n_updates            | 800         |
|    policy_gradient_loss | -0.0543     |
|    std                  | 0.647       |
|    value_loss           | 0.456       |
-----------------------------------------
-----------------------------------------
| rollout/                |             |
|    ep_len_mean          | 14.7        |
|    ep_rew_mean          | -21.6       |
| time/                   |             |
|    fps                  | 18          |
|    iterations           | 79          |
|    time_elapsed         | 8783        |
|    total_timesteps      | 167936      |
| train/                  |             |
|    approx_kl            | 0.044838034 |
|    clip_fraction        | 0.443       |
|    clip_range           | 0.2         |
|    entropy_loss         | -11.7       |
|    explained_variance   | 0.862       |
|    learning_rate        | 0.0003      |
|    loss                 | 0.114       |
|    n_updates            | 810         |
|    policy_gradient_loss | -0.0531     |
|    std                  | 0.643       |
|    value_loss           | 0.405       |
-----------------------------------------
----------------------------------------
| rollout/                |            |
|    ep_len_mean          | 14.6       |
|    ep_rew_mean          | -21.5      |
| time/                   |            |
|    fps                  | 18         |
|    iterations           | 80         |
|    time_elapsed         | 8897       |
|    total_timesteps      | 169984     |
| train/                  |            |
|    approx_kl            | 0.04774282 |
|    clip_fraction        | 0.442      |
|    clip_range           | 0.2        |
|    entropy_loss         | -11.6      |
|    explained_variance   | 0.864      |
|    learning_rate        | 0.0003     |
|    loss                 | 0.117      |
|    n_updates            | 820        |
|    policy_gradient_loss | -0.055     |
|    std                  | 0.639      |
|    value_loss           | 0.458      |
----------------------------------------
【checkpoint】/run/media/pma213x/0C6A8CC86A8CAFCE/Ubuntu2/CodeU/Dog1/checkpoints/yobogo_loco_jump_v1/yobogo_loco_jump_v1_171856_time_9000s.zip
----------------------------------------
| rollout/                |            |
|    ep_len_mean          | 14.7       |
|    ep_rew_mean          | -21        |
| time/                   |            |
|    fps                  | 18         |
|    iterations           | 81         |
|    time_elapsed         | 9009       |
|    total_timesteps      | 172032     |
| train/                  |            |
|    approx_kl            | 0.05059125 |
|    clip_fraction        | 0.442      |
|    clip_range           | 0.2        |
|    entropy_loss         | -11.6      |
|    explained_variance   | 0.884      |
|    learning_rate        | 0.0003     |
|    loss                 | 0.099      |
|    n_updates            | 830        |
|    policy_gradient_loss | -0.0503    |
|    std                  | 0.634      |
|    value_loss           | 0.374      |
----------------------------------------
-----------------------------------------
| rollout/                |             |
|    ep_len_mean          | 14.6        |
|    ep_rew_mean          | -21.3       |
| time/                   |             |
|    fps                  | 18          |
|    iterations           | 82          |
|    time_elapsed         | 9122        |
|    total_timesteps      | 174080      |
| train/                  |             |
|    approx_kl            | 0.047571868 |
|    clip_fraction        | 0.438       |
|    clip_range           | 0.2         |
|    entropy_loss         | -11.5       |
|    explained_variance   | 0.888       |
|    learning_rate        | 0.0003      |
|    loss                 | 0.0817      |
|    n_updates            | 840         |
|    policy_gradient_loss | -0.0596     |
|    std                  | 0.63        |
|    value_loss           | 0.399       |
-----------------------------------------
-----------------------------------------
| rollout/                |             |
|    ep_len_mean          | 14.8        |
|    ep_rew_mean          | -21.5       |
| time/                   |             |
|    fps                  | 18          |
|    iterations           | 83          |
|    time_elapsed         | 9236        |
|    total_timesteps      | 176128      |
| train/                  |             |
|    approx_kl            | 0.050134458 |
|    clip_fraction        | 0.441       |
|    clip_range           | 0.2         |
|    entropy_loss         | -11.4       |
|    explained_variance   | 0.886       |
|    learning_rate        | 0.0003      |
|    loss                 | 0.0797      |
|    n_updates            | 850         |
|    policy_gradient_loss | -0.0518     |
|    std                  | 0.627       |
|    value_loss           | 0.424       |
-----------------------------------------
----------------------------------------
| rollout/                |            |
|    ep_len_mean          | 15         |
|    ep_rew_mean          | -21.3      |
| time/                   |            |
|    fps                  | 18         |
|    iterations           | 84         |
|    time_elapsed         | 9355       |
|    total_timesteps      | 178176     |
| train/                  |            |
|    approx_kl            | 0.05127053 |
|    clip_fraction        | 0.485      |
|    clip_range           | 0.2        |
|    entropy_loss         | -11.4      |
|    explained_variance   | 0.897      |
|    learning_rate        | 0.0003     |
|    loss                 | 0.0742     |
|    n_updates            | 860        |
|    policy_gradient_loss | -0.0519    |
|    std                  | 0.625      |
|    value_loss           | 0.382      |
----------------------------------------
-----------------------------------------
| rollout/                |             |
|    ep_len_mean          | 14.9        |
|    ep_rew_mean          | -21.2       |
| time/                   |             |
|    fps                  | 18          |
|    iterations           | 85          |
|    time_elapsed         | 9472        |
|    total_timesteps      | 180224      |
| train/                  |             |
|    approx_kl            | 0.053909596 |
|    clip_fraction        | 0.437       |
|    clip_range           | 0.2         |
|    entropy_loss         | -11.3       |
|    explained_variance   | 0.881       |
|    learning_rate        | 0.0003      |
|    loss                 | 0.105       |
|    n_updates            | 870         |
|    policy_gradient_loss | -0.0544     |
|    std                  | 0.622       |
|    value_loss           | 0.369       |
-----------------------------------------
-----------------------------------------
| rollout/                |             |
|    ep_len_mean          | 15.2        |
|    ep_rew_mean          | -21.1       |
| time/                   |             |
|    fps                  | 18          |
|    iterations           | 86          |
|    time_elapsed         | 9586        |
|    total_timesteps      | 182272      |
| train/                  |             |
|    approx_kl            | 0.055347554 |
|    clip_fraction        | 0.452       |
|    clip_range           | 0.2         |
|    entropy_loss         | -11.3       |
|    explained_variance   | 0.892       |
|    learning_rate        | 0.0003      |
|    loss                 | 0.0897      |
|    n_updates            | 880         |
|    policy_gradient_loss | -0.0522     |
|    std                  | 0.618       |
|    value_loss           | 0.369       |
-----------------------------------------
-----------------------------------------
| rollout/                |             |
|    ep_len_mean          | 15.6        |
|    ep_rew_mean          | -20.7       |
| time/                   |             |
|    fps                  | 18          |
|    iterations           | 87          |
|    time_elapsed         | 9701        |
|    total_timesteps      | 184320      |
| train/                  |             |
|    approx_kl            | 0.051517166 |
|    clip_fraction        | 0.451       |
|    clip_range           | 0.2         |
|    entropy_loss         | -11.2       |
|    explained_variance   | 0.889       |
|    learning_rate        | 0.0003      |
|    loss                 | 0.0801      |
|    n_updates            | 890         |
|    policy_gradient_loss | -0.0543     |
|    std                  | 0.614       |
|    value_loss           | 0.394       |
-----------------------------------------
-----------------------------------------
| rollout/                |             |
|    ep_len_mean          | 15.4        |
|    ep_rew_mean          | -21.1       |
| time/                   |             |
|    fps                  | 18          |
|    iterations           | 88          |
|    time_elapsed         | 9815        |
|    total_timesteps      | 186368      |
| train/                  |             |
|    approx_kl            | 0.041911215 |
|    clip_fraction        | 0.41        |
|    clip_range           | 0.2         |
|    entropy_loss         | -11.1       |
|    explained_variance   | 0.873       |
|    learning_rate        | 0.0003      |
|    loss                 | 0.0979      |
|    n_updates            | 900         |
|    policy_gradient_loss | -0.0532     |
|    std                  | 0.609       |
|    value_loss           | 0.504       |
-----------------------------------------
----------------------------------------
| rollout/                |            |
|    ep_len_mean          | 15.5       |
|    ep_rew_mean          | -21.3      |
| time/                   |            |
|    fps                  | 18         |
|    iterations           | 89         |
|    time_elapsed         | 9929       |
|    total_timesteps      | 188416     |
| train/                  |            |
|    approx_kl            | 0.04918393 |
|    clip_fraction        | 0.435      |
|    clip_range           | 0.2        |
|    entropy_loss         | -11        |
|    explained_variance   | 0.9        |
|    learning_rate        | 0.0003     |
|    loss                 | 0.0935     |
|    n_updates            | 910        |
|    policy_gradient_loss | -0.0528    |
|    std                  | 0.605      |
|    value_loss           | 0.428      |
----------------------------------------
----------------------------------------
| rollout/                |            |
|    ep_len_mean          | 16.9       |
|    ep_rew_mean          | -22.2      |
| time/                   |            |
|    fps                  | 18         |
|    iterations           | 90         |
|    time_elapsed         | 10043      |
|    total_timesteps      | 190464     |
| train/                  |            |
|    approx_kl            | 0.04097587 |
|    clip_fraction        | 0.413      |
|    clip_range           | 0.2        |
|    entropy_loss         | -10.9      |
|    explained_variance   | 0.894      |
|    learning_rate        | 0.0003     |
|    loss                 | 0.102      |
|    n_updates            | 920        |
|    policy_gradient_loss | -0.0494    |
|    std                  | 0.603      |
|    value_loss           | 0.422      |
----------------------------------------
----------------------------------------
| rollout/                |            |
|    ep_len_mean          | 16         |
|    ep_rew_mean          | -20.4      |
| time/                   |            |
|    fps                  | 18         |
|    iterations           | 91         |
|    time_elapsed         | 10157      |
|    total_timesteps      | 192512     |
| train/                  |            |
|    approx_kl            | 0.03176046 |
|    clip_fraction        | 0.345      |
|    clip_range           | 0.2        |
|    entropy_loss         | -10.9      |
|    explained_variance   | 0.792      |
|    learning_rate        | 0.0003     |
|    loss                 | 0.345      |
|    n_updates            | 930        |
|    policy_gradient_loss | -0.0426    |
|    std                  | 0.602      |
|    value_loss           | 1.47       |
----------------------------------------
-----------------------------------------
| rollout/                |             |
|    ep_len_mean          | 15.9        |
|    ep_rew_mean          | -20.8       |
| time/                   |             |
|    fps                  | 18          |
|    iterations           | 92          |
|    time_elapsed         | 10272       |
|    total_timesteps      | 194560      |
| train/                  |             |
|    approx_kl            | 0.047326412 |
|    clip_fraction        | 0.412       |
|    clip_range           | 0.2         |
|    entropy_loss         | -10.9       |
|    explained_variance   | 0.851       |
|    learning_rate        | 0.0003      |
|    loss                 | 0.0764      |
|    n_updates            | 940         |
|    policy_gradient_loss | -0.0524     |
|    std                  | 0.599       |
|    value_loss           | 0.436       |
-----------------------------------------
----------------------------------------
| rollout/                |            |
|    ep_len_mean          | 15.9       |
|    ep_rew_mean          | -20.1      |
| time/                   |            |
|    fps                  | 18         |
|    iterations           | 93         |
|    time_elapsed         | 10388      |
|    total_timesteps      | 196608     |
| train/                  |            |
|    approx_kl            | 0.04166533 |
|    clip_fraction        | 0.383      |
|    clip_range           | 0.2        |
|    entropy_loss         | -10.8      |
|    explained_variance   | 0.88       |
|    learning_rate        | 0.0003     |
|    loss                 | 0.183      |
|    n_updates            | 950        |
|    policy_gradient_loss | -0.0493    |
|    std                  | 0.596      |
|    value_loss           | 0.73       |
----------------------------------------
----------------------------------------
| rollout/                |            |
|    ep_len_mean          | 16         |
|    ep_rew_mean          | -20.7      |
| time/                   |            |
|    fps                  | 18         |
|    iterations           | 94         |
|    time_elapsed         | 10506      |
|    total_timesteps      | 198656     |
| train/                  |            |
|    approx_kl            | 0.04609969 |
|    clip_fraction        | 0.42       |
|    clip_range           | 0.2        |
|    entropy_loss         | -10.7      |
|    explained_variance   | 0.9        |
|    learning_rate        | 0.0003     |
|    loss                 | 0.0926     |
|    n_updates            | 960        |
|    policy_gradient_loss | -0.0485    |
|    std                  | 0.593      |
|    value_loss           | 0.413      |
----------------------------------------
-----------------------------------------
| rollout/                |             |
|    ep_len_mean          | 16.1        |
|    ep_rew_mean          | -20.2       |
| time/                   |             |
|    fps                  | 18          |
|    iterations           | 95          |
|    time_elapsed         | 10621       |
|    total_timesteps      | 200704      |
| train/                  |             |
|    approx_kl            | 0.050877728 |
|    clip_fraction        | 0.472       |
|    clip_range           | 0.2         |
|    entropy_loss         | -10.7       |
|    explained_variance   | 0.905       |
|    learning_rate        | 0.0003      |
|    loss                 | 0.0681      |
|    n_updates            | 970         |
|    policy_gradient_loss | -0.0542     |
|    std                  | 0.589       |
|    value_loss           | 0.406       |
-----------------------------------------
【训练】耗时=10621.2s；最终模型已保存：/run/media/pma213x/0C6A8CC86A8CAFCE/Ubuntu2/CodeU/Dog1/checkpoints/yobogo_loco_jump_v1/yobogo_loco_jump_v1_final.zip
