[2026-10-04T18:57:37+0800] P1 连续 Gate 批次结果=[True, False, True]
[2026-10-04T23:15:00+0800] R3 新训练断点 steps=0
[2026-10-04T23:15:00+0800] P0 启动：/usr/bin/python3 -m rl.train --phase P0 --total-steps 10000 --device cuda --ckptdir /run/media/pma213x/0C6A8CC86A8CAFCE/Ubuntu2/CodeU/Dog1/official-mini-cheetah/checkpoints/official_mini_cheetah_flat_jump_v1_r3 --ckpt-prefix official_mini_cheetah_flat_jump_v1_r3 --logdir /run/media/pma213x/0C6A8CC86A8CAFCE/Ubuntu2/CodeU/Dog1/official-mini-cheetah/runs/official_mini_cheetah_flat_jump_v1_r3/P0_parallel --bridge-port 11452 --num-envs 4 --checkpoint-interval 20000 --randomization-mode fixed --webots-gui --seed 20261003
[2026-10-04T23:15:04+0800] P0 四 worker 实时健康确认通过
[2026-10-04T23:16:15+0800] P0 验收命令：/usr/bin/python3 -m rl.evaluate --phase P0 --gate --checkpoint /run/media/pma213x/0C6A8CC86A8CAFCE/Ubuntu2/CodeU/Dog1/official-mini-cheetah/checkpoints/official_mini_cheetah_flat_jump_v1_r3/official_mini_cheetah_flat_jump_v1_r3_final.zip --output /run/media/pma213x/0C6A8CC86A8CAFCE/Ubuntu2/CodeU/Dog1/official-mini-cheetah/logs/official_mini_cheetah_flat_jump_v1_r3/P0_gate_attempt_0.json
[2026-10-04T23:16:38+0800] 失败即停：P0 gate 技术故障，退出码=1，无有效报告
[2026-10-04T23:37:21+0800] P1 连续 Gate 批次结果=[True, False, True]
[2026-10-04T23:37:49+0800] P1 连续 Gate 批次结果=[True, False, True]
[2026-10-05T00:02:23+0800] P1 连续 Gate 批次结果=[True, False, True]
[2026-10-05T00:02:42+0800] P1 连续 Gate 批次结果=[True, False, True]
[2026-10-05T00:03:29+0800] R3 新训练断点 steps=10000
[2026-10-05T00:03:29+0800] P0 验收命令：/usr/bin/python3 -m rl.evaluate --phase P0 --gate --checkpoint /run/media/pma213x/0C6A8CC86A8CAFCE/Ubuntu2/CodeU/Dog1/official-mini-cheetah/checkpoints/official_mini_cheetah_flat_jump_v1_r3/official_mini_cheetah_flat_jump_v1_r3_final.zip --output /run/media/pma213x/0C6A8CC86A8CAFCE/Ubuntu2/CodeU/Dog1/official-mini-cheetah/logs/official_mini_cheetah_flat_jump_v1_r3/P0_gate_attempt_0.json
[2026-10-05T00:03:34+0800] P0 验收未通过，report.passed=false
[2026-10-05T00:03:34+0800] P0 验收命令：/usr/bin/python3 -m rl.evaluate --phase P0 --gate --checkpoint /run/media/pma213x/0C6A8CC86A8CAFCE/Ubuntu2/CodeU/Dog1/official-mini-cheetah/checkpoints/official_mini_cheetah_flat_jump_v1_r3/official_mini_cheetah_flat_jump_v1_r3_final.zip --output /run/media/pma213x/0C6A8CC86A8CAFCE/Ubuntu2/CodeU/Dog1/official-mini-cheetah/logs/official_mini_cheetah_flat_jump_v1_r3/P0_gate_attempt_1.json
[2026-10-05T00:03:39+0800] P0 验收未通过，report.passed=false
[2026-10-05T00:03:40+0800] P0 验收命令：/usr/bin/python3 -m rl.evaluate --phase P0 --gate --checkpoint /run/media/pma213x/0C6A8CC86A8CAFCE/Ubuntu2/CodeU/Dog1/official-mini-cheetah/checkpoints/official_mini_cheetah_flat_jump_v1_r3/official_mini_cheetah_flat_jump_v1_r3_final.zip --output /run/media/pma213x/0C6A8CC86A8CAFCE/Ubuntu2/CodeU/Dog1/official-mini-cheetah/logs/official_mini_cheetah_flat_jump_v1_r3/P0_gate_attempt_2.json
[2026-10-05T00:03:45+0800] P0 验收未通过，report.passed=false
[2026-10-05T00:03:45+0800] P0 连续 Gate 批次结果=[False, False, False]
[2026-10-05T00:03:45+0800] 失败即停：P0 Gate 在预算 10000 处失败，按计划停止
[2026-10-05T00:36:39+0800] P1 连续 Gate 批次结果=[True, False, True]
[2026-10-05T00:38:41+0800] P1 连续 Gate 批次结果=[True, False, True]
[2026-10-05T00:39:35+0800] P1 连续 Gate 批次结果=[True, False, True]
[2026-10-05T00:41:41+0800] P1 连续 Gate 批次结果=[True, False, True]
[2026-10-05T00:53:31+0800] P1 连续 Gate 批次结果=[True, False, True]
[2026-10-05T00:57:30+0800] P1 连续 Gate 批次结果=[True, False, True]
[2026-10-05T00:59:45+0800] R3 新训练断点 steps=0 restart_p0_from_zero=True
[2026-10-05T00:59:45+0800] P0 启动：/usr/bin/python3 -m rl.train --phase P0 --total-steps 10000 --device cuda --ckptdir /run/media/pma213x/0C6A8CC86A8CAFCE/Ubuntu2/CodeU/Dog1/official-mini-cheetah/checkpoints/official_mini_cheetah_flat_jump_v1_r3 --ckpt-prefix official_mini_cheetah_flat_jump_v1_r3 --logdir /run/media/pma213x/0C6A8CC86A8CAFCE/Ubuntu2/CodeU/Dog1/official-mini-cheetah/runs/official_mini_cheetah_flat_jump_v1_r3/P0_parallel --bridge-port 11452 --num-envs 4 --checkpoint-interval 20000 --randomization-mode fixed --webots-gui --seed 20261003
[2026-10-05T00:59:49+0800] P0 四 worker 实时健康确认通过
[2026-10-05T01:01:40+0800] 失败即停：P0 训练退出码=1
[2026-10-05T01:09:01+0800] P1 连续 Gate 批次结果=[True, False, True]
[2026-10-05T01:10:05+0800] R3 新训练断点 steps=0 restart_p0_from_zero=True
[2026-10-05T01:10:05+0800] P0 启动：/usr/bin/python3 -m rl.train --phase P0 --total-steps 10000 --device cuda --ckptdir /run/media/pma213x/0C6A8CC86A8CAFCE/Ubuntu2/CodeU/Dog1/official-mini-cheetah/checkpoints/official_mini_cheetah_flat_jump_v1_r3 --ckpt-prefix official_mini_cheetah_flat_jump_v1_r3 --logdir /run/media/pma213x/0C6A8CC86A8CAFCE/Ubuntu2/CodeU/Dog1/official-mini-cheetah/runs/official_mini_cheetah_flat_jump_v1_r3/P0_parallel --bridge-port 11452 --num-envs 4 --checkpoint-interval 20000 --randomization-mode fixed --seed 20261003
[2026-10-05T01:10:09+0800] P0 四 worker 实时健康确认通过
[2026-10-05T01:13:15+0800] 失败即停：P0 训练退出码=1
[2026-10-05T01:15:54+0800] P1 连续 Gate 批次结果=[True, False, True]
[2026-10-05T01:17:36+0800] R3 新训练断点 steps=0 restart_p0_from_zero=True
[2026-10-05T01:17:36+0800] P0 启动：/usr/bin/python3 -m rl.train --phase P0 --total-steps 10000 --device cuda --ckptdir /run/media/pma213x/0C6A8CC86A8CAFCE/Ubuntu2/CodeU/Dog1/official-mini-cheetah/checkpoints/official_mini_cheetah_flat_jump_v1_r3 --ckpt-prefix official_mini_cheetah_flat_jump_v1_r3 --logdir /run/media/pma213x/0C6A8CC86A8CAFCE/Ubuntu2/CodeU/Dog1/official-mini-cheetah/runs/official_mini_cheetah_flat_jump_v1_r3/P0_parallel --bridge-port 11452 --num-envs 4 --checkpoint-interval 20000 --randomization-mode fixed --seed 20261003
[2026-10-05T01:17:42+0800] P0 四 worker 实时健康确认通过
[2026-10-05T01:18:09+0800] P0 验收命令：/usr/bin/python3 -m rl.evaluate --phase P0 --gate --checkpoint /run/media/pma213x/0C6A8CC86A8CAFCE/Ubuntu2/CodeU/Dog1/official-mini-cheetah/checkpoints/official_mini_cheetah_flat_jump_v1_r3/official_mini_cheetah_flat_jump_v1_r3_final.zip --output /run/media/pma213x/0C6A8CC86A8CAFCE/Ubuntu2/CodeU/Dog1/official-mini-cheetah/logs/official_mini_cheetah_flat_jump_v1_r3/P0_gate_attempt_0.json
[2026-10-05T01:18:18+0800] P0 验收通过
[2026-10-05T01:18:18+0800] P0 验收命令：/usr/bin/python3 -m rl.evaluate --phase P0 --gate --checkpoint /run/media/pma213x/0C6A8CC86A8CAFCE/Ubuntu2/CodeU/Dog1/official-mini-cheetah/checkpoints/official_mini_cheetah_flat_jump_v1_r3/official_mini_cheetah_flat_jump_v1_r3_final.zip --output /run/media/pma213x/0C6A8CC86A8CAFCE/Ubuntu2/CodeU/Dog1/official-mini-cheetah/logs/official_mini_cheetah_flat_jump_v1_r3/P0_gate_attempt_1.json
[2026-10-05T01:18:28+0800] P0 验收通过
[2026-10-05T01:18:28+0800] P0 验收命令：/usr/bin/python3 -m rl.evaluate --phase P0 --gate --checkpoint /run/media/pma213x/0C6A8CC86A8CAFCE/Ubuntu2/CodeU/Dog1/official-mini-cheetah/checkpoints/official_mini_cheetah_flat_jump_v1_r3/official_mini_cheetah_flat_jump_v1_r3_final.zip --output /run/media/pma213x/0C6A8CC86A8CAFCE/Ubuntu2/CodeU/Dog1/official-mini-cheetah/logs/official_mini_cheetah_flat_jump_v1_r3/P0_gate_attempt_2.json
[2026-10-05T01:18:38+0800] P0 验收通过
[2026-10-05T01:18:38+0800] P0 gate 后健康确认通过
[2026-10-05T01:18:38+0800] P1 启动：/usr/bin/python3 -m rl.train --phase P1 --total-steps 20000 --device cuda --ckptdir /run/media/pma213x/0C6A8CC86A8CAFCE/Ubuntu2/CodeU/Dog1/official-mini-cheetah/checkpoints/official_mini_cheetah_flat_jump_v1_r3 --ckpt-prefix official_mini_cheetah_flat_jump_v1_r3 --logdir /run/media/pma213x/0C6A8CC86A8CAFCE/Ubuntu2/CodeU/Dog1/official-mini-cheetah/runs/official_mini_cheetah_flat_jump_v1_r3/P1_parallel --bridge-port 11452 --num-envs 4 --checkpoint-interval 20000 --randomization-mode fixed --seed 20261003 --resume /run/media/pma213x/0C6A8CC86A8CAFCE/Ubuntu2/CodeU/Dog1/official-mini-cheetah/checkpoints/official_mini_cheetah_flat_jump_v1_r3/official_mini_cheetah_flat_jump_v1_r3_final.zip
[2026-10-05T01:18:45+0800] P1 四 worker 实时健康确认通过
[2026-10-05T01:19:05+0800] P1 启动：/usr/bin/python3 -m rl.train --phase P1 --total-steps 30000 --device cuda --ckptdir /run/media/pma213x/0C6A8CC86A8CAFCE/Ubuntu2/CodeU/Dog1/official-mini-cheetah/checkpoints/official_mini_cheetah_flat_jump_v1_r3 --ckpt-prefix official_mini_cheetah_flat_jump_v1_r3 --logdir /run/media/pma213x/0C6A8CC86A8CAFCE/Ubuntu2/CodeU/Dog1/official-mini-cheetah/runs/official_mini_cheetah_flat_jump_v1_r3/P1_parallel --bridge-port 11452 --num-envs 4 --checkpoint-interval 20000 --randomization-mode fixed --seed 20261003 --resume /run/media/pma213x/0C6A8CC86A8CAFCE/Ubuntu2/CodeU/Dog1/official-mini-cheetah/checkpoints/official_mini_cheetah_flat_jump_v1_r3/official_mini_cheetah_flat_jump_v1_r3_final.zip
[2026-10-05T01:19:12+0800] P1 四 worker 实时健康确认通过
[2026-10-05T01:19:30+0800] P1 启动：/usr/bin/python3 -m rl.train --phase P1 --total-steps 40000 --device cuda --ckptdir /run/media/pma213x/0C6A8CC86A8CAFCE/Ubuntu2/CodeU/Dog1/official-mini-cheetah/checkpoints/official_mini_cheetah_flat_jump_v1_r3 --ckpt-prefix official_mini_cheetah_flat_jump_v1_r3 --logdir /run/media/pma213x/0C6A8CC86A8CAFCE/Ubuntu2/CodeU/Dog1/official-mini-cheetah/runs/official_mini_cheetah_flat_jump_v1_r3/P1_parallel --bridge-port 11452 --num-envs 4 --checkpoint-interval 20000 --randomization-mode fixed --seed 20261003 --resume /run/media/pma213x/0C6A8CC86A8CAFCE/Ubuntu2/CodeU/Dog1/official-mini-cheetah/checkpoints/official_mini_cheetah_flat_jump_v1_r3/official_mini_cheetah_flat_jump_v1_r3_final.zip
[2026-10-05T01:19:37+0800] P1 四 worker 实时健康确认通过
[2026-10-05T01:19:57+0800] P1 启动：/usr/bin/python3 -m rl.train --phase P1 --total-steps 50000 --device cuda --ckptdir /run/media/pma213x/0C6A8CC86A8CAFCE/Ubuntu2/CodeU/Dog1/official-mini-cheetah/checkpoints/official_mini_cheetah_flat_jump_v1_r3 --ckpt-prefix official_mini_cheetah_flat_jump_v1_r3 --logdir /run/media/pma213x/0C6A8CC86A8CAFCE/Ubuntu2/CodeU/Dog1/official-mini-cheetah/runs/official_mini_cheetah_flat_jump_v1_r3/P1_parallel --bridge-port 11452 --num-envs 4 --checkpoint-interval 20000 --randomization-mode fixed --seed 20261003 --resume /run/media/pma213x/0C6A8CC86A8CAFCE/Ubuntu2/CodeU/Dog1/official-mini-cheetah/checkpoints/official_mini_cheetah_flat_jump_v1_r3/official_mini_cheetah_flat_jump_v1_r3_final.zip
[2026-10-05T01:20:03+0800] P1 四 worker 实时健康确认通过
[2026-10-05T01:20:23+0800] P1 启动：/usr/bin/python3 -m rl.train --phase P1 --total-steps 60000 --device cuda --ckptdir /run/media/pma213x/0C6A8CC86A8CAFCE/Ubuntu2/CodeU/Dog1/official-mini-cheetah/checkpoints/official_mini_cheetah_flat_jump_v1_r3 --ckpt-prefix official_mini_cheetah_flat_jump_v1_r3 --logdir /run/media/pma213x/0C6A8CC86A8CAFCE/Ubuntu2/CodeU/Dog1/official-mini-cheetah/runs/official_mini_cheetah_flat_jump_v1_r3/P1_parallel --bridge-port 11452 --num-envs 4 --checkpoint-interval 20000 --randomization-mode fixed --seed 20261003 --resume /run/media/pma213x/0C6A8CC86A8CAFCE/Ubuntu2/CodeU/Dog1/official-mini-cheetah/checkpoints/official_mini_cheetah_flat_jump_v1_r3/official_mini_cheetah_flat_jump_v1_r3_final.zip
[2026-10-05T01:20:29+0800] P1 四 worker 实时健康确认通过
[2026-10-05T01:20:48+0800] P1 启动：/usr/bin/python3 -m rl.train --phase P1 --total-steps 70000 --device cuda --ckptdir /run/media/pma213x/0C6A8CC86A8CAFCE/Ubuntu2/CodeU/Dog1/official-mini-cheetah/checkpoints/official_mini_cheetah_flat_jump_v1_r3 --ckpt-prefix official_mini_cheetah_flat_jump_v1_r3 --logdir /run/media/pma213x/0C6A8CC86A8CAFCE/Ubuntu2/CodeU/Dog1/official-mini-cheetah/runs/official_mini_cheetah_flat_jump_v1_r3/P1_parallel --bridge-port 11452 --num-envs 4 --checkpoint-interval 20000 --randomization-mode fixed --seed 20261003 --resume /run/media/pma213x/0C6A8CC86A8CAFCE/Ubuntu2/CodeU/Dog1/official-mini-cheetah/checkpoints/official_mini_cheetah_flat_jump_v1_r3/official_mini_cheetah_flat_jump_v1_r3_final.zip
[2026-10-05T01:20:55+0800] P1 四 worker 实时健康确认通过
[2026-10-05T01:21:19+0800] P1 启动：/usr/bin/python3 -m rl.train --phase P1 --total-steps 80000 --device cuda --ckptdir /run/media/pma213x/0C6A8CC86A8CAFCE/Ubuntu2/CodeU/Dog1/official-mini-cheetah/checkpoints/official_mini_cheetah_flat_jump_v1_r3 --ckpt-prefix official_mini_cheetah_flat_jump_v1_r3 --logdir /run/media/pma213x/0C6A8CC86A8CAFCE/Ubuntu2/CodeU/Dog1/official-mini-cheetah/runs/official_mini_cheetah_flat_jump_v1_r3/P1_parallel --bridge-port 11452 --num-envs 4 --checkpoint-interval 20000 --randomization-mode fixed --seed 20261003 --resume /run/media/pma213x/0C6A8CC86A8CAFCE/Ubuntu2/CodeU/Dog1/official-mini-cheetah/checkpoints/official_mini_cheetah_flat_jump_v1_r3/official_mini_cheetah_flat_jump_v1_r3_final.zip
[2026-10-05T01:21:26+0800] P1 四 worker 实时健康确认通过
[2026-10-05T01:21:44+0800] P1 启动：/usr/bin/python3 -m rl.train --phase P1 --total-steps 90000 --device cuda --ckptdir /run/media/pma213x/0C6A8CC86A8CAFCE/Ubuntu2/CodeU/Dog1/official-mini-cheetah/checkpoints/official_mini_cheetah_flat_jump_v1_r3 --ckpt-prefix official_mini_cheetah_flat_jump_v1_r3 --logdir /run/media/pma213x/0C6A8CC86A8CAFCE/Ubuntu2/CodeU/Dog1/official-mini-cheetah/runs/official_mini_cheetah_flat_jump_v1_r3/P1_parallel --bridge-port 11452 --num-envs 4 --checkpoint-interval 20000 --randomization-mode fixed --seed 20261003 --resume /run/media/pma213x/0C6A8CC86A8CAFCE/Ubuntu2/CodeU/Dog1/official-mini-cheetah/checkpoints/official_mini_cheetah_flat_jump_v1_r3/official_mini_cheetah_flat_jump_v1_r3_final.zip
[2026-10-05T01:21:51+0800] P1 四 worker 实时健康确认通过
[2026-10-05T01:22:09+0800] P1 启动：/usr/bin/python3 -m rl.train --phase P1 --total-steps 100000 --device cuda --ckptdir /run/media/pma213x/0C6A8CC86A8CAFCE/Ubuntu2/CodeU/Dog1/official-mini-cheetah/checkpoints/official_mini_cheetah_flat_jump_v1_r3 --ckpt-prefix official_mini_cheetah_flat_jump_v1_r3 --logdir /run/media/pma213x/0C6A8CC86A8CAFCE/Ubuntu2/CodeU/Dog1/official-mini-cheetah/runs/official_mini_cheetah_flat_jump_v1_r3/P1_parallel --bridge-port 11452 --num-envs 4 --checkpoint-interval 20000 --randomization-mode fixed --seed 20261003 --resume /run/media/pma213x/0C6A8CC86A8CAFCE/Ubuntu2/CodeU/Dog1/official-mini-cheetah/checkpoints/official_mini_cheetah_flat_jump_v1_r3/official_mini_cheetah_flat_jump_v1_r3_final.zip
[2026-10-05T01:22:15+0800] P1 四 worker 实时健康确认通过
[2026-10-05T01:22:34+0800] P1 启动：/usr/bin/python3 -m rl.train --phase P1 --total-steps 110000 --device cuda --ckptdir /run/media/pma213x/0C6A8CC86A8CAFCE/Ubuntu2/CodeU/Dog1/official-mini-cheetah/checkpoints/official_mini_cheetah_flat_jump_v1_r3 --ckpt-prefix official_mini_cheetah_flat_jump_v1_r3 --logdir /run/media/pma213x/0C6A8CC86A8CAFCE/Ubuntu2/CodeU/Dog1/official-mini-cheetah/runs/official_mini_cheetah_flat_jump_v1_r3/P1_parallel --bridge-port 11452 --num-envs 4 --checkpoint-interval 20000 --randomization-mode fixed --seed 20261003 --resume /run/media/pma213x/0C6A8CC86A8CAFCE/Ubuntu2/CodeU/Dog1/official-mini-cheetah/checkpoints/official_mini_cheetah_flat_jump_v1_r3/official_mini_cheetah_flat_jump_v1_r3_final.zip
[2026-10-05T01:22:40+0800] P1 四 worker 实时健康确认通过
[2026-10-05T01:23:05+0800] P1 验收命令：/usr/bin/python3 -m rl.evaluate --phase P1 --gate --checkpoint /run/media/pma213x/0C6A8CC86A8CAFCE/Ubuntu2/CodeU/Dog1/official-mini-cheetah/checkpoints/official_mini_cheetah_flat_jump_v1_r3/official_mini_cheetah_flat_jump_v1_r3_final.zip --output /run/media/pma213x/0C6A8CC86A8CAFCE/Ubuntu2/CodeU/Dog1/official-mini-cheetah/logs/official_mini_cheetah_flat_jump_v1_r3/P1_gate_attempt_0.json
[2026-10-05T01:23:36+0800] P1 验收未通过，report.passed=false
[2026-10-05T01:23:37+0800] P1 验收命令：/usr/bin/python3 -m rl.evaluate --phase P1 --gate --checkpoint /run/media/pma213x/0C6A8CC86A8CAFCE/Ubuntu2/CodeU/Dog1/official-mini-cheetah/checkpoints/official_mini_cheetah_flat_jump_v1_r3/official_mini_cheetah_flat_jump_v1_r3_final.zip --output /run/media/pma213x/0C6A8CC86A8CAFCE/Ubuntu2/CodeU/Dog1/official-mini-cheetah/logs/official_mini_cheetah_flat_jump_v1_r3/P1_gate_attempt_1.json
[2026-10-05T01:24:07+0800] P1 验收未通过，report.passed=false
[2026-10-05T01:24:07+0800] P1 验收命令：/usr/bin/python3 -m rl.evaluate --phase P1 --gate --checkpoint /run/media/pma213x/0C6A8CC86A8CAFCE/Ubuntu2/CodeU/Dog1/official-mini-cheetah/checkpoints/official_mini_cheetah_flat_jump_v1_r3/official_mini_cheetah_flat_jump_v1_r3_final.zip --output /run/media/pma213x/0C6A8CC86A8CAFCE/Ubuntu2/CodeU/Dog1/official-mini-cheetah/logs/official_mini_cheetah_flat_jump_v1_r3/P1_gate_attempt_2.json
[2026-10-05T01:24:37+0800] P1 验收未通过，report.passed=false
[2026-10-05T01:24:37+0800] P1 连续 Gate 批次结果=[False, False, False]
[2026-10-05T01:24:37+0800] P1 启动：/usr/bin/python3 -m rl.train --phase P1 --total-steps 120000 --device cuda --ckptdir /run/media/pma213x/0C6A8CC86A8CAFCE/Ubuntu2/CodeU/Dog1/official-mini-cheetah/checkpoints/official_mini_cheetah_flat_jump_v1_r3 --ckpt-prefix official_mini_cheetah_flat_jump_v1_r3 --logdir /run/media/pma213x/0C6A8CC86A8CAFCE/Ubuntu2/CodeU/Dog1/official-mini-cheetah/runs/official_mini_cheetah_flat_jump_v1_r3/P1_parallel --bridge-port 11452 --num-envs 4 --checkpoint-interval 20000 --randomization-mode fixed --seed 20261003 --resume /run/media/pma213x/0C6A8CC86A8CAFCE/Ubuntu2/CodeU/Dog1/official-mini-cheetah/checkpoints/official_mini_cheetah_flat_jump_v1_r3/official_mini_cheetah_flat_jump_v1_r3_final.zip
[2026-10-05T01:24:43+0800] P1 四 worker 实时健康确认通过
[2026-10-05T01:25:02+0800] P1 验收命令：/usr/bin/python3 -m rl.evaluate --phase P1 --gate --checkpoint /run/media/pma213x/0C6A8CC86A8CAFCE/Ubuntu2/CodeU/Dog1/official-mini-cheetah/checkpoints/official_mini_cheetah_flat_jump_v1_r3/official_mini_cheetah_flat_jump_v1_r3_final.zip --output /run/media/pma213x/0C6A8CC86A8CAFCE/Ubuntu2/CodeU/Dog1/official-mini-cheetah/logs/official_mini_cheetah_flat_jump_v1_r3/P1_gate_attempt_0.json
[2026-10-05T01:25:33+0800] P1 验收未通过，report.passed=false
[2026-10-05T01:25:33+0800] P1 验收命令：/usr/bin/python3 -m rl.evaluate --phase P1 --gate --checkpoint /run/media/pma213x/0C6A8CC86A8CAFCE/Ubuntu2/CodeU/Dog1/official-mini-cheetah/checkpoints/official_mini_cheetah_flat_jump_v1_r3/official_mini_cheetah_flat_jump_v1_r3_final.zip --output /run/media/pma213x/0C6A8CC86A8CAFCE/Ubuntu2/CodeU/Dog1/official-mini-cheetah/logs/official_mini_cheetah_flat_jump_v1_r3/P1_gate_attempt_1.json
[2026-10-05T01:26:03+0800] P1 验收未通过，report.passed=false
[2026-10-05T01:26:03+0800] P1 验收命令：/usr/bin/python3 -m rl.evaluate --phase P1 --gate --checkpoint /run/media/pma213x/0C6A8CC86A8CAFCE/Ubuntu2/CodeU/Dog1/official-mini-cheetah/checkpoints/official_mini_cheetah_flat_jump_v1_r3/official_mini_cheetah_flat_jump_v1_r3_final.zip --output /run/media/pma213x/0C6A8CC86A8CAFCE/Ubuntu2/CodeU/Dog1/official-mini-cheetah/logs/official_mini_cheetah_flat_jump_v1_r3/P1_gate_attempt_2.json
[2026-10-05T01:26:33+0800] P1 验收未通过，report.passed=false
[2026-10-05T01:26:33+0800] P1 连续 Gate 批次结果=[False, False, False]
[2026-10-05T01:26:33+0800] P1 启动：/usr/bin/python3 -m rl.train --phase P1 --total-steps 130000 --device cuda --ckptdir /run/media/pma213x/0C6A8CC86A8CAFCE/Ubuntu2/CodeU/Dog1/official-mini-cheetah/checkpoints/official_mini_cheetah_flat_jump_v1_r3 --ckpt-prefix official_mini_cheetah_flat_jump_v1_r3 --logdir /run/media/pma213x/0C6A8CC86A8CAFCE/Ubuntu2/CodeU/Dog1/official-mini-cheetah/runs/official_mini_cheetah_flat_jump_v1_r3/P1_parallel --bridge-port 11452 --num-envs 4 --checkpoint-interval 20000 --randomization-mode fixed --seed 20261003 --resume /run/media/pma213x/0C6A8CC86A8CAFCE/Ubuntu2/CodeU/Dog1/official-mini-cheetah/checkpoints/official_mini_cheetah_flat_jump_v1_r3/official_mini_cheetah_flat_jump_v1_r3_final.zip
[2026-10-05T01:26:39+0800] P1 四 worker 实时健康确认通过
[2026-10-05T01:26:58+0800] P1 验收命令：/usr/bin/python3 -m rl.evaluate --phase P1 --gate --checkpoint /run/media/pma213x/0C6A8CC86A8CAFCE/Ubuntu2/CodeU/Dog1/official-mini-cheetah/checkpoints/official_mini_cheetah_flat_jump_v1_r3/official_mini_cheetah_flat_jump_v1_r3_final.zip --output /run/media/pma213x/0C6A8CC86A8CAFCE/Ubuntu2/CodeU/Dog1/official-mini-cheetah/logs/official_mini_cheetah_flat_jump_v1_r3/P1_gate_attempt_0.json
[2026-10-05T01:27:46+0800] P1 验收未通过，report.passed=false
[2026-10-05T01:27:46+0800] P1 验收命令：/usr/bin/python3 -m rl.evaluate --phase P1 --gate --checkpoint /run/media/pma213x/0C6A8CC86A8CAFCE/Ubuntu2/CodeU/Dog1/official-mini-cheetah/checkpoints/official_mini_cheetah_flat_jump_v1_r3/official_mini_cheetah_flat_jump_v1_r3_final.zip --output /run/media/pma213x/0C6A8CC86A8CAFCE/Ubuntu2/CodeU/Dog1/official-mini-cheetah/logs/official_mini_cheetah_flat_jump_v1_r3/P1_gate_attempt_1.json
[2026-10-05T01:28:17+0800] P1 验收未通过，report.passed=false
[2026-10-05T01:28:17+0800] P1 验收命令：/usr/bin/python3 -m rl.evaluate --phase P1 --gate --checkpoint /run/media/pma213x/0C6A8CC86A8CAFCE/Ubuntu2/CodeU/Dog1/official-mini-cheetah/checkpoints/official_mini_cheetah_flat_jump_v1_r3/official_mini_cheetah_flat_jump_v1_r3_final.zip --output /run/media/pma213x/0C6A8CC86A8CAFCE/Ubuntu2/CodeU/Dog1/official-mini-cheetah/logs/official_mini_cheetah_flat_jump_v1_r3/P1_gate_attempt_2.json
[2026-10-05T01:28:45+0800] P1 验收未通过，report.passed=false
[2026-10-05T01:28:45+0800] P1 连续 Gate 批次结果=[False, False, False]
[2026-10-05T01:28:45+0800] P1 启动：/usr/bin/python3 -m rl.train --phase P1 --total-steps 140000 --device cuda --ckptdir /run/media/pma213x/0C6A8CC86A8CAFCE/Ubuntu2/CodeU/Dog1/official-mini-cheetah/checkpoints/official_mini_cheetah_flat_jump_v1_r3 --ckpt-prefix official_mini_cheetah_flat_jump_v1_r3 --logdir /run/media/pma213x/0C6A8CC86A8CAFCE/Ubuntu2/CodeU/Dog1/official-mini-cheetah/runs/official_mini_cheetah_flat_jump_v1_r3/P1_parallel --bridge-port 11452 --num-envs 4 --checkpoint-interval 20000 --randomization-mode fixed --seed 20261003 --resume /run/media/pma213x/0C6A8CC86A8CAFCE/Ubuntu2/CodeU/Dog1/official-mini-cheetah/checkpoints/official_mini_cheetah_flat_jump_v1_r3/official_mini_cheetah_flat_jump_v1_r3_final.zip
[2026-10-05T01:28:52+0800] P1 四 worker 实时健康确认通过
[2026-10-05T01:29:12+0800] P1 验收命令：/usr/bin/python3 -m rl.evaluate --phase P1 --gate --checkpoint /run/media/pma213x/0C6A8CC86A8CAFCE/Ubuntu2/CodeU/Dog1/official-mini-cheetah/checkpoints/official_mini_cheetah_flat_jump_v1_r3/official_mini_cheetah_flat_jump_v1_r3_final.zip --output /run/media/pma213x/0C6A8CC86A8CAFCE/Ubuntu2/CodeU/Dog1/official-mini-cheetah/logs/official_mini_cheetah_flat_jump_v1_r3/P1_gate_attempt_0.json
[2026-10-05T01:29:40+0800] P1 验收未通过，report.passed=false
[2026-10-05T01:29:40+0800] P1 验收命令：/usr/bin/python3 -m rl.evaluate --phase P1 --gate --checkpoint /run/media/pma213x/0C6A8CC86A8CAFCE/Ubuntu2/CodeU/Dog1/official-mini-cheetah/checkpoints/official_mini_cheetah_flat_jump_v1_r3/official_mini_cheetah_flat_jump_v1_r3_final.zip --output /run/media/pma213x/0C6A8CC86A8CAFCE/Ubuntu2/CodeU/Dog1/official-mini-cheetah/logs/official_mini_cheetah_flat_jump_v1_r3/P1_gate_attempt_1.json
[2026-10-05T01:30:08+0800] P1 验收未通过，report.passed=false
[2026-10-05T01:30:08+0800] P1 验收命令：/usr/bin/python3 -m rl.evaluate --phase P1 --gate --checkpoint /run/media/pma213x/0C6A8CC86A8CAFCE/Ubuntu2/CodeU/Dog1/official-mini-cheetah/checkpoints/official_mini_cheetah_flat_jump_v1_r3/official_mini_cheetah_flat_jump_v1_r3_final.zip --output /run/media/pma213x/0C6A8CC86A8CAFCE/Ubuntu2/CodeU/Dog1/official-mini-cheetah/logs/official_mini_cheetah_flat_jump_v1_r3/P1_gate_attempt_2.json
[2026-10-05T01:30:31+0800] P1 验收未通过，report.passed=false
[2026-10-05T01:30:31+0800] P1 连续 Gate 批次结果=[False, False, False]
[2026-10-05T01:30:31+0800] P1 启动：/usr/bin/python3 -m rl.train --phase P1 --total-steps 150000 --device cuda --ckptdir /run/media/pma213x/0C6A8CC86A8CAFCE/Ubuntu2/CodeU/Dog1/official-mini-cheetah/checkpoints/official_mini_cheetah_flat_jump_v1_r3 --ckpt-prefix official_mini_cheetah_flat_jump_v1_r3 --logdir /run/media/pma213x/0C6A8CC86A8CAFCE/Ubuntu2/CodeU/Dog1/official-mini-cheetah/runs/official_mini_cheetah_flat_jump_v1_r3/P1_parallel --bridge-port 11452 --num-envs 4 --checkpoint-interval 20000 --randomization-mode fixed --seed 20261003 --resume /run/media/pma213x/0C6A8CC86A8CAFCE/Ubuntu2/CodeU/Dog1/official-mini-cheetah/checkpoints/official_mini_cheetah_flat_jump_v1_r3/official_mini_cheetah_flat_jump_v1_r3_final.zip
[2026-10-05T01:30:37+0800] P1 四 worker 实时健康确认通过
[2026-10-05T01:30:51+0800] P1 验收命令：/usr/bin/python3 -m rl.evaluate --phase P1 --gate --checkpoint /run/media/pma213x/0C6A8CC86A8CAFCE/Ubuntu2/CodeU/Dog1/official-mini-cheetah/checkpoints/official_mini_cheetah_flat_jump_v1_r3/official_mini_cheetah_flat_jump_v1_r3_final.zip --output /run/media/pma213x/0C6A8CC86A8CAFCE/Ubuntu2/CodeU/Dog1/official-mini-cheetah/logs/official_mini_cheetah_flat_jump_v1_r3/P1_gate_attempt_0.json
[2026-10-05T01:31:14+0800] P1 验收未通过，report.passed=false
[2026-10-05T01:31:15+0800] P1 验收命令：/usr/bin/python3 -m rl.evaluate --phase P1 --gate --checkpoint /run/media/pma213x/0C6A8CC86A8CAFCE/Ubuntu2/CodeU/Dog1/official-mini-cheetah/checkpoints/official_mini_cheetah_flat_jump_v1_r3/official_mini_cheetah_flat_jump_v1_r3_final.zip --output /run/media/pma213x/0C6A8CC86A8CAFCE/Ubuntu2/CodeU/Dog1/official-mini-cheetah/logs/official_mini_cheetah_flat_jump_v1_r3/P1_gate_attempt_1.json
[2026-10-05T01:31:38+0800] P1 验收未通过，report.passed=false
[2026-10-05T01:31:38+0800] P1 验收命令：/usr/bin/python3 -m rl.evaluate --phase P1 --gate --checkpoint /run/media/pma213x/0C6A8CC86A8CAFCE/Ubuntu2/CodeU/Dog1/official-mini-cheetah/checkpoints/official_mini_cheetah_flat_jump_v1_r3/official_mini_cheetah_flat_jump_v1_r3_final.zip --output /run/media/pma213x/0C6A8CC86A8CAFCE/Ubuntu2/CodeU/Dog1/official-mini-cheetah/logs/official_mini_cheetah_flat_jump_v1_r3/P1_gate_attempt_2.json
[2026-10-05T01:32:03+0800] P1 验收未通过，report.passed=false
[2026-10-05T01:32:03+0800] P1 连续 Gate 批次结果=[False, False, False]
[2026-10-05T01:32:03+0800] P1 启动：/usr/bin/python3 -m rl.train --phase P1 --total-steps 160000 --device cuda --ckptdir /run/media/pma213x/0C6A8CC86A8CAFCE/Ubuntu2/CodeU/Dog1/official-mini-cheetah/checkpoints/official_mini_cheetah_flat_jump_v1_r3 --ckpt-prefix official_mini_cheetah_flat_jump_v1_r3 --logdir /run/media/pma213x/0C6A8CC86A8CAFCE/Ubuntu2/CodeU/Dog1/official-mini-cheetah/runs/official_mini_cheetah_flat_jump_v1_r3/P1_parallel --bridge-port 11452 --num-envs 4 --checkpoint-interval 20000 --randomization-mode fixed --seed 20261003 --resume /run/media/pma213x/0C6A8CC86A8CAFCE/Ubuntu2/CodeU/Dog1/official-mini-cheetah/checkpoints/official_mini_cheetah_flat_jump_v1_r3/official_mini_cheetah_flat_jump_v1_r3_final.zip
[2026-10-05T01:32:09+0800] P1 四 worker 实时健康确认通过
[2026-10-05T01:32:23+0800] P1 验收命令：/usr/bin/python3 -m rl.evaluate --phase P1 --gate --checkpoint /run/media/pma213x/0C6A8CC86A8CAFCE/Ubuntu2/CodeU/Dog1/official-mini-cheetah/checkpoints/official_mini_cheetah_flat_jump_v1_r3/official_mini_cheetah_flat_jump_v1_r3_final.zip --output /run/media/pma213x/0C6A8CC86A8CAFCE/Ubuntu2/CodeU/Dog1/official-mini-cheetah/logs/official_mini_cheetah_flat_jump_v1_r3/P1_gate_attempt_0.json
[2026-10-05T01:32:47+0800] P1 验收未通过，report.passed=false
[2026-10-05T01:32:47+0800] P1 验收命令：/usr/bin/python3 -m rl.evaluate --phase P1 --gate --checkpoint /run/media/pma213x/0C6A8CC86A8CAFCE/Ubuntu2/CodeU/Dog1/official-mini-cheetah/checkpoints/official_mini_cheetah_flat_jump_v1_r3/official_mini_cheetah_flat_jump_v1_r3_final.zip --output /run/media/pma213x/0C6A8CC86A8CAFCE/Ubuntu2/CodeU/Dog1/official-mini-cheetah/logs/official_mini_cheetah_flat_jump_v1_r3/P1_gate_attempt_1.json
[2026-10-05T01:33:11+0800] P1 验收未通过，report.passed=false
[2026-10-05T01:33:11+0800] P1 验收命令：/usr/bin/python3 -m rl.evaluate --phase P1 --gate --checkpoint /run/media/pma213x/0C6A8CC86A8CAFCE/Ubuntu2/CodeU/Dog1/official-mini-cheetah/checkpoints/official_mini_cheetah_flat_jump_v1_r3/official_mini_cheetah_flat_jump_v1_r3_final.zip --output /run/media/pma213x/0C6A8CC86A8CAFCE/Ubuntu2/CodeU/Dog1/official-mini-cheetah/logs/official_mini_cheetah_flat_jump_v1_r3/P1_gate_attempt_2.json
[2026-10-05T01:33:35+0800] P1 验收未通过，report.passed=false
[2026-10-05T01:33:35+0800] P1 连续 Gate 批次结果=[False, False, False]
[2026-10-05T01:33:35+0800] P1 启动：/usr/bin/python3 -m rl.train --phase P1 --total-steps 170000 --device cuda --ckptdir /run/media/pma213x/0C6A8CC86A8CAFCE/Ubuntu2/CodeU/Dog1/official-mini-cheetah/checkpoints/official_mini_cheetah_flat_jump_v1_r3 --ckpt-prefix official_mini_cheetah_flat_jump_v1_r3 --logdir /run/media/pma213x/0C6A8CC86A8CAFCE/Ubuntu2/CodeU/Dog1/official-mini-cheetah/runs/official_mini_cheetah_flat_jump_v1_r3/P1_parallel --bridge-port 11452 --num-envs 4 --checkpoint-interval 20000 --randomization-mode fixed --seed 20261003 --resume /run/media/pma213x/0C6A8CC86A8CAFCE/Ubuntu2/CodeU/Dog1/official-mini-cheetah/checkpoints/official_mini_cheetah_flat_jump_v1_r3/official_mini_cheetah_flat_jump_v1_r3_final.zip
[2026-10-05T01:33:41+0800] P1 四 worker 实时健康确认通过
[2026-10-05T01:33:57+0800] P1 验收命令：/usr/bin/python3 -m rl.evaluate --phase P1 --gate --checkpoint /run/media/pma213x/0C6A8CC86A8CAFCE/Ubuntu2/CodeU/Dog1/official-mini-cheetah/checkpoints/official_mini_cheetah_flat_jump_v1_r3/official_mini_cheetah_flat_jump_v1_r3_final.zip --output /run/media/pma213x/0C6A8CC86A8CAFCE/Ubuntu2/CodeU/Dog1/official-mini-cheetah/logs/official_mini_cheetah_flat_jump_v1_r3/P1_gate_attempt_0.json
[2026-10-05T01:34:23+0800] P1 验收未通过，report.passed=false
[2026-10-05T01:34:23+0800] P1 验收命令：/usr/bin/python3 -m rl.evaluate --phase P1 --gate --checkpoint /run/media/pma213x/0C6A8CC86A8CAFCE/Ubuntu2/CodeU/Dog1/official-mini-cheetah/checkpoints/official_mini_cheetah_flat_jump_v1_r3/official_mini_cheetah_flat_jump_v1_r3_final.zip --output /run/media/pma213x/0C6A8CC86A8CAFCE/Ubuntu2/CodeU/Dog1/official-mini-cheetah/logs/official_mini_cheetah_flat_jump_v1_r3/P1_gate_attempt_1.json
[2026-10-05T01:34:46+0800] P1 验收未通过，report.passed=false
[2026-10-05T01:34:46+0800] P1 验收命令：/usr/bin/python3 -m rl.evaluate --phase P1 --gate --checkpoint /run/media/pma213x/0C6A8CC86A8CAFCE/Ubuntu2/CodeU/Dog1/official-mini-cheetah/checkpoints/official_mini_cheetah_flat_jump_v1_r3/official_mini_cheetah_flat_jump_v1_r3_final.zip --output /run/media/pma213x/0C6A8CC86A8CAFCE/Ubuntu2/CodeU/Dog1/official-mini-cheetah/logs/official_mini_cheetah_flat_jump_v1_r3/P1_gate_attempt_2.json
[2026-10-05T01:35:10+0800] P1 验收未通过，report.passed=false
[2026-10-05T01:35:10+0800] P1 连续 Gate 批次结果=[False, False, False]
[2026-10-05T01:35:10+0800] P1 启动：/usr/bin/python3 -m rl.train --phase P1 --total-steps 180000 --device cuda --ckptdir /run/media/pma213x/0C6A8CC86A8CAFCE/Ubuntu2/CodeU/Dog1/official-mini-cheetah/checkpoints/official_mini_cheetah_flat_jump_v1_r3 --ckpt-prefix official_mini_cheetah_flat_jump_v1_r3 --logdir /run/media/pma213x/0C6A8CC86A8CAFCE/Ubuntu2/CodeU/Dog1/official-mini-cheetah/runs/official_mini_cheetah_flat_jump_v1_r3/P1_parallel --bridge-port 11452 --num-envs 4 --checkpoint-interval 20000 --randomization-mode fixed --seed 20261003 --resume /run/media/pma213x/0C6A8CC86A8CAFCE/Ubuntu2/CodeU/Dog1/official-mini-cheetah/checkpoints/official_mini_cheetah_flat_jump_v1_r3/official_mini_cheetah_flat_jump_v1_r3_final.zip
[2026-10-05T01:35:17+0800] P1 四 worker 实时健康确认通过
[2026-10-05T01:35:30+0800] P1 验收命令：/usr/bin/python3 -m rl.evaluate --phase P1 --gate --checkpoint /run/media/pma213x/0C6A8CC86A8CAFCE/Ubuntu2/CodeU/Dog1/official-mini-cheetah/checkpoints/official_mini_cheetah_flat_jump_v1_r3/official_mini_cheetah_flat_jump_v1_r3_final.zip --output /run/media/pma213x/0C6A8CC86A8CAFCE/Ubuntu2/CodeU/Dog1/official-mini-cheetah/logs/official_mini_cheetah_flat_jump_v1_r3/P1_gate_attempt_0.json
[2026-10-05T01:35:53+0800] P1 验收未通过，report.passed=false
[2026-10-05T01:35:53+0800] P1 验收命令：/usr/bin/python3 -m rl.evaluate --phase P1 --gate --checkpoint /run/media/pma213x/0C6A8CC86A8CAFCE/Ubuntu2/CodeU/Dog1/official-mini-cheetah/checkpoints/official_mini_cheetah_flat_jump_v1_r3/official_mini_cheetah_flat_jump_v1_r3_final.zip --output /run/media/pma213x/0C6A8CC86A8CAFCE/Ubuntu2/CodeU/Dog1/official-mini-cheetah/logs/official_mini_cheetah_flat_jump_v1_r3/P1_gate_attempt_1.json
[2026-10-05T01:36:17+0800] P1 验收未通过，report.passed=false
[2026-10-05T01:36:17+0800] P1 验收命令：/usr/bin/python3 -m rl.evaluate --phase P1 --gate --checkpoint /run/media/pma213x/0C6A8CC86A8CAFCE/Ubuntu2/CodeU/Dog1/official-mini-cheetah/checkpoints/official_mini_cheetah_flat_jump_v1_r3/official_mini_cheetah_flat_jump_v1_r3_final.zip --output /run/media/pma213x/0C6A8CC86A8CAFCE/Ubuntu2/CodeU/Dog1/official-mini-cheetah/logs/official_mini_cheetah_flat_jump_v1_r3/P1_gate_attempt_2.json
[2026-10-05T01:36:43+0800] P1 验收未通过，report.passed=false
[2026-10-05T01:36:43+0800] P1 连续 Gate 批次结果=[False, False, False]
[2026-10-05T01:36:43+0800] P1 启动：/usr/bin/python3 -m rl.train --phase P1 --total-steps 190000 --device cuda --ckptdir /run/media/pma213x/0C6A8CC86A8CAFCE/Ubuntu2/CodeU/Dog1/official-mini-cheetah/checkpoints/official_mini_cheetah_flat_jump_v1_r3 --ckpt-prefix official_mini_cheetah_flat_jump_v1_r3 --logdir /run/media/pma213x/0C6A8CC86A8CAFCE/Ubuntu2/CodeU/Dog1/official-mini-cheetah/runs/official_mini_cheetah_flat_jump_v1_r3/P1_parallel --bridge-port 11452 --num-envs 4 --checkpoint-interval 20000 --randomization-mode fixed --seed 20261003 --resume /run/media/pma213x/0C6A8CC86A8CAFCE/Ubuntu2/CodeU/Dog1/official-mini-cheetah/checkpoints/official_mini_cheetah_flat_jump_v1_r3/official_mini_cheetah_flat_jump_v1_r3_final.zip
[2026-10-05T01:36:50+0800] P1 四 worker 实时健康确认通过
[2026-10-05T01:37:08+0800] P1 验收命令：/usr/bin/python3 -m rl.evaluate --phase P1 --gate --checkpoint /run/media/pma213x/0C6A8CC86A8CAFCE/Ubuntu2/CodeU/Dog1/official-mini-cheetah/checkpoints/official_mini_cheetah_flat_jump_v1_r3/official_mini_cheetah_flat_jump_v1_r3_final.zip --output /run/media/pma213x/0C6A8CC86A8CAFCE/Ubuntu2/CodeU/Dog1/official-mini-cheetah/logs/official_mini_cheetah_flat_jump_v1_r3/P1_gate_attempt_0.json
[2026-10-05T01:37:35+0800] P1 验收未通过，report.passed=false
[2026-10-05T01:37:35+0800] P1 验收命令：/usr/bin/python3 -m rl.evaluate --phase P1 --gate --checkpoint /run/media/pma213x/0C6A8CC86A8CAFCE/Ubuntu2/CodeU/Dog1/official-mini-cheetah/checkpoints/official_mini_cheetah_flat_jump_v1_r3/official_mini_cheetah_flat_jump_v1_r3_final.zip --output /run/media/pma213x/0C6A8CC86A8CAFCE/Ubuntu2/CodeU/Dog1/official-mini-cheetah/logs/official_mini_cheetah_flat_jump_v1_r3/P1_gate_attempt_1.json
[2026-10-05T01:37:58+0800] P1 验收未通过，report.passed=false
[2026-10-05T01:37:58+0800] P1 验收命令：/usr/bin/python3 -m rl.evaluate --phase P1 --gate --checkpoint /run/media/pma213x/0C6A8CC86A8CAFCE/Ubuntu2/CodeU/Dog1/official-mini-cheetah/checkpoints/official_mini_cheetah_flat_jump_v1_r3/official_mini_cheetah_flat_jump_v1_r3_final.zip --output /run/media/pma213x/0C6A8CC86A8CAFCE/Ubuntu2/CodeU/Dog1/official-mini-cheetah/logs/official_mini_cheetah_flat_jump_v1_r3/P1_gate_attempt_2.json
[2026-10-05T01:38:21+0800] P1 验收未通过，report.passed=false
[2026-10-05T01:38:21+0800] P1 连续 Gate 批次结果=[False, False, False]
[2026-10-05T01:38:21+0800] P1 启动：/usr/bin/python3 -m rl.train --phase P1 --total-steps 200000 --device cuda --ckptdir /run/media/pma213x/0C6A8CC86A8CAFCE/Ubuntu2/CodeU/Dog1/official-mini-cheetah/checkpoints/official_mini_cheetah_flat_jump_v1_r3 --ckpt-prefix official_mini_cheetah_flat_jump_v1_r3 --logdir /run/media/pma213x/0C6A8CC86A8CAFCE/Ubuntu2/CodeU/Dog1/official-mini-cheetah/runs/official_mini_cheetah_flat_jump_v1_r3/P1_parallel --bridge-port 11452 --num-envs 4 --checkpoint-interval 20000 --randomization-mode fixed --seed 20261003 --resume /run/media/pma213x/0C6A8CC86A8CAFCE/Ubuntu2/CodeU/Dog1/official-mini-cheetah/checkpoints/official_mini_cheetah_flat_jump_v1_r3/official_mini_cheetah_flat_jump_v1_r3_final.zip
[2026-10-05T01:38:28+0800] P1 四 worker 实时健康确认通过
[2026-10-05T01:38:41+0800] P1 验收命令：/usr/bin/python3 -m rl.evaluate --phase P1 --gate --checkpoint /run/media/pma213x/0C6A8CC86A8CAFCE/Ubuntu2/CodeU/Dog1/official-mini-cheetah/checkpoints/official_mini_cheetah_flat_jump_v1_r3/official_mini_cheetah_flat_jump_v1_r3_final.zip --output /run/media/pma213x/0C6A8CC86A8CAFCE/Ubuntu2/CodeU/Dog1/official-mini-cheetah/logs/official_mini_cheetah_flat_jump_v1_r3/P1_gate_attempt_0.json
[2026-10-05T01:39:04+0800] P1 验收未通过，report.passed=false
[2026-10-05T01:39:04+0800] P1 验收命令：/usr/bin/python3 -m rl.evaluate --phase P1 --gate --checkpoint /run/media/pma213x/0C6A8CC86A8CAFCE/Ubuntu2/CodeU/Dog1/official-mini-cheetah/checkpoints/official_mini_cheetah_flat_jump_v1_r3/official_mini_cheetah_flat_jump_v1_r3_final.zip --output /run/media/pma213x/0C6A8CC86A8CAFCE/Ubuntu2/CodeU/Dog1/official-mini-cheetah/logs/official_mini_cheetah_flat_jump_v1_r3/P1_gate_attempt_1.json
[2026-10-05T01:39:28+0800] P1 验收未通过，report.passed=false
[2026-10-05T01:39:28+0800] P1 验收命令：/usr/bin/python3 -m rl.evaluate --phase P1 --gate --checkpoint /run/media/pma213x/0C6A8CC86A8CAFCE/Ubuntu2/CodeU/Dog1/official-mini-cheetah/checkpoints/official_mini_cheetah_flat_jump_v1_r3/official_mini_cheetah_flat_jump_v1_r3_final.zip --output /run/media/pma213x/0C6A8CC86A8CAFCE/Ubuntu2/CodeU/Dog1/official-mini-cheetah/logs/official_mini_cheetah_flat_jump_v1_r3/P1_gate_attempt_2.json
[2026-10-05T01:39:51+0800] P1 验收未通过，report.passed=false
[2026-10-05T01:39:51+0800] P1 连续 Gate 批次结果=[False, False, False]
[2026-10-05T01:39:51+0800] P1 启动：/usr/bin/python3 -m rl.train --phase P1 --total-steps 210000 --device cuda --ckptdir /run/media/pma213x/0C6A8CC86A8CAFCE/Ubuntu2/CodeU/Dog1/official-mini-cheetah/checkpoints/official_mini_cheetah_flat_jump_v1_r3 --ckpt-prefix official_mini_cheetah_flat_jump_v1_r3 --logdir /run/media/pma213x/0C6A8CC86A8CAFCE/Ubuntu2/CodeU/Dog1/official-mini-cheetah/runs/official_mini_cheetah_flat_jump_v1_r3/P1_parallel --bridge-port 11452 --num-envs 4 --checkpoint-interval 20000 --randomization-mode fixed --seed 20261003 --resume /run/media/pma213x/0C6A8CC86A8CAFCE/Ubuntu2/CodeU/Dog1/official-mini-cheetah/checkpoints/official_mini_cheetah_flat_jump_v1_r3/official_mini_cheetah_flat_jump_v1_r3_final.zip
[2026-10-05T01:39:58+0800] P1 四 worker 实时健康确认通过
[2026-10-05T01:40:11+0800] P1 验收命令：/usr/bin/python3 -m rl.evaluate --phase P1 --gate --checkpoint /run/media/pma213x/0C6A8CC86A8CAFCE/Ubuntu2/CodeU/Dog1/official-mini-cheetah/checkpoints/official_mini_cheetah_flat_jump_v1_r3/official_mini_cheetah_flat_jump_v1_r3_final.zip --output /run/media/pma213x/0C6A8CC86A8CAFCE/Ubuntu2/CodeU/Dog1/official-mini-cheetah/logs/official_mini_cheetah_flat_jump_v1_r3/P1_gate_attempt_0.json
[2026-10-05T01:40:34+0800] P1 验收未通过，report.passed=false
[2026-10-05T01:40:34+0800] P1 验收命令：/usr/bin/python3 -m rl.evaluate --phase P1 --gate --checkpoint /run/media/pma213x/0C6A8CC86A8CAFCE/Ubuntu2/CodeU/Dog1/official-mini-cheetah/checkpoints/official_mini_cheetah_flat_jump_v1_r3/official_mini_cheetah_flat_jump_v1_r3_final.zip --output /run/media/pma213x/0C6A8CC86A8CAFCE/Ubuntu2/CodeU/Dog1/official-mini-cheetah/logs/official_mini_cheetah_flat_jump_v1_r3/P1_gate_attempt_1.json
[2026-10-05T01:40:58+0800] P1 验收未通过，report.passed=false
[2026-10-05T01:40:58+0800] P1 验收命令：/usr/bin/python3 -m rl.evaluate --phase P1 --gate --checkpoint /run/media/pma213x/0C6A8CC86A8CAFCE/Ubuntu2/CodeU/Dog1/official-mini-cheetah/checkpoints/official_mini_cheetah_flat_jump_v1_r3/official_mini_cheetah_flat_jump_v1_r3_final.zip --output /run/media/pma213x/0C6A8CC86A8CAFCE/Ubuntu2/CodeU/Dog1/official-mini-cheetah/logs/official_mini_cheetah_flat_jump_v1_r3/P1_gate_attempt_2.json
[2026-10-05T01:41:21+0800] P1 验收未通过，report.passed=false
[2026-10-05T01:41:21+0800] P1 连续 Gate 批次结果=[False, False, False]
[2026-10-05T01:41:21+0800] P1 启动：/usr/bin/python3 -m rl.train --phase P1 --total-steps 220000 --device cuda --ckptdir /run/media/pma213x/0C6A8CC86A8CAFCE/Ubuntu2/CodeU/Dog1/official-mini-cheetah/checkpoints/official_mini_cheetah_flat_jump_v1_r3 --ckpt-prefix official_mini_cheetah_flat_jump_v1_r3 --logdir /run/media/pma213x/0C6A8CC86A8CAFCE/Ubuntu2/CodeU/Dog1/official-mini-cheetah/runs/official_mini_cheetah_flat_jump_v1_r3/P1_parallel --bridge-port 11452 --num-envs 4 --checkpoint-interval 20000 --randomization-mode fixed --seed 20261003 --resume /run/media/pma213x/0C6A8CC86A8CAFCE/Ubuntu2/CodeU/Dog1/official-mini-cheetah/checkpoints/official_mini_cheetah_flat_jump_v1_r3/official_mini_cheetah_flat_jump_v1_r3_final.zip
[2026-10-05T01:41:27+0800] P1 四 worker 实时健康确认通过
[2026-10-05T01:41:40+0800] P1 验收命令：/usr/bin/python3 -m rl.evaluate --phase P1 --gate --checkpoint /run/media/pma213x/0C6A8CC86A8CAFCE/Ubuntu2/CodeU/Dog1/official-mini-cheetah/checkpoints/official_mini_cheetah_flat_jump_v1_r3/official_mini_cheetah_flat_jump_v1_r3_final.zip --output /run/media/pma213x/0C6A8CC86A8CAFCE/Ubuntu2/CodeU/Dog1/official-mini-cheetah/logs/official_mini_cheetah_flat_jump_v1_r3/P1_gate_attempt_0.json
[2026-10-05T01:42:04+0800] P1 验收未通过，report.passed=false
[2026-10-05T01:42:04+0800] P1 验收命令：/usr/bin/python3 -m rl.evaluate --phase P1 --gate --checkpoint /run/media/pma213x/0C6A8CC86A8CAFCE/Ubuntu2/CodeU/Dog1/official-mini-cheetah/checkpoints/official_mini_cheetah_flat_jump_v1_r3/official_mini_cheetah_flat_jump_v1_r3_final.zip --output /run/media/pma213x/0C6A8CC86A8CAFCE/Ubuntu2/CodeU/Dog1/official-mini-cheetah/logs/official_mini_cheetah_flat_jump_v1_r3/P1_gate_attempt_1.json
[2026-10-05T01:42:28+0800] P1 验收未通过，report.passed=false
[2026-10-05T01:42:28+0800] P1 验收命令：/usr/bin/python3 -m rl.evaluate --phase P1 --gate --checkpoint /run/media/pma213x/0C6A8CC86A8CAFCE/Ubuntu2/CodeU/Dog1/official-mini-cheetah/checkpoints/official_mini_cheetah_flat_jump_v1_r3/official_mini_cheetah_flat_jump_v1_r3_final.zip --output /run/media/pma213x/0C6A8CC86A8CAFCE/Ubuntu2/CodeU/Dog1/official-mini-cheetah/logs/official_mini_cheetah_flat_jump_v1_r3/P1_gate_attempt_2.json
[2026-10-05T01:42:52+0800] P1 验收未通过，report.passed=false
[2026-10-05T01:42:52+0800] P1 连续 Gate 批次结果=[False, False, False]
[2026-10-05T01:42:52+0800] P1 启动：/usr/bin/python3 -m rl.train --phase P1 --total-steps 230000 --device cuda --ckptdir /run/media/pma213x/0C6A8CC86A8CAFCE/Ubuntu2/CodeU/Dog1/official-mini-cheetah/checkpoints/official_mini_cheetah_flat_jump_v1_r3 --ckpt-prefix official_mini_cheetah_flat_jump_v1_r3 --logdir /run/media/pma213x/0C6A8CC86A8CAFCE/Ubuntu2/CodeU/Dog1/official-mini-cheetah/runs/official_mini_cheetah_flat_jump_v1_r3/P1_parallel --bridge-port 11452 --num-envs 4 --checkpoint-interval 20000 --randomization-mode fixed --seed 20261003 --resume /run/media/pma213x/0C6A8CC86A8CAFCE/Ubuntu2/CodeU/Dog1/official-mini-cheetah/checkpoints/official_mini_cheetah_flat_jump_v1_r3/official_mini_cheetah_flat_jump_v1_r3_final.zip
[2026-10-05T01:42:58+0800] P1 四 worker 实时健康确认通过
[2026-10-05T01:43:12+0800] P1 验收命令：/usr/bin/python3 -m rl.evaluate --phase P1 --gate --checkpoint /run/media/pma213x/0C6A8CC86A8CAFCE/Ubuntu2/CodeU/Dog1/official-mini-cheetah/checkpoints/official_mini_cheetah_flat_jump_v1_r3/official_mini_cheetah_flat_jump_v1_r3_final.zip --output /run/media/pma213x/0C6A8CC86A8CAFCE/Ubuntu2/CodeU/Dog1/official-mini-cheetah/logs/official_mini_cheetah_flat_jump_v1_r3/P1_gate_attempt_0.json
[2026-10-05T01:43:36+0800] P1 验收未通过，report.passed=false
[2026-10-05T01:43:36+0800] P1 验收命令：/usr/bin/python3 -m rl.evaluate --phase P1 --gate --checkpoint /run/media/pma213x/0C6A8CC86A8CAFCE/Ubuntu2/CodeU/Dog1/official-mini-cheetah/checkpoints/official_mini_cheetah_flat_jump_v1_r3/official_mini_cheetah_flat_jump_v1_r3_final.zip --output /run/media/pma213x/0C6A8CC86A8CAFCE/Ubuntu2/CodeU/Dog1/official-mini-cheetah/logs/official_mini_cheetah_flat_jump_v1_r3/P1_gate_attempt_1.json
[2026-10-05T01:44:00+0800] P1 验收未通过，report.passed=false
[2026-10-05T01:44:00+0800] P1 验收命令：/usr/bin/python3 -m rl.evaluate --phase P1 --gate --checkpoint /run/media/pma213x/0C6A8CC86A8CAFCE/Ubuntu2/CodeU/Dog1/official-mini-cheetah/checkpoints/official_mini_cheetah_flat_jump_v1_r3/official_mini_cheetah_flat_jump_v1_r3_final.zip --output /run/media/pma213x/0C6A8CC86A8CAFCE/Ubuntu2/CodeU/Dog1/official-mini-cheetah/logs/official_mini_cheetah_flat_jump_v1_r3/P1_gate_attempt_2.json
[2026-10-05T01:44:23+0800] P1 验收未通过，report.passed=false
[2026-10-05T01:44:23+0800] P1 连续 Gate 批次结果=[False, False, False]
[2026-10-05T01:44:23+0800] P1 启动：/usr/bin/python3 -m rl.train --phase P1 --total-steps 240000 --device cuda --ckptdir /run/media/pma213x/0C6A8CC86A8CAFCE/Ubuntu2/CodeU/Dog1/official-mini-cheetah/checkpoints/official_mini_cheetah_flat_jump_v1_r3 --ckpt-prefix official_mini_cheetah_flat_jump_v1_r3 --logdir /run/media/pma213x/0C6A8CC86A8CAFCE/Ubuntu2/CodeU/Dog1/official-mini-cheetah/runs/official_mini_cheetah_flat_jump_v1_r3/P1_parallel --bridge-port 11452 --num-envs 4 --checkpoint-interval 20000 --randomization-mode fixed --seed 20261003 --resume /run/media/pma213x/0C6A8CC86A8CAFCE/Ubuntu2/CodeU/Dog1/official-mini-cheetah/checkpoints/official_mini_cheetah_flat_jump_v1_r3/official_mini_cheetah_flat_jump_v1_r3_final.zip
[2026-10-05T01:44:30+0800] P1 四 worker 实时健康确认通过
[2026-10-05T01:44:43+0800] P1 验收命令：/usr/bin/python3 -m rl.evaluate --phase P1 --gate --checkpoint /run/media/pma213x/0C6A8CC86A8CAFCE/Ubuntu2/CodeU/Dog1/official-mini-cheetah/checkpoints/official_mini_cheetah_flat_jump_v1_r3/official_mini_cheetah_flat_jump_v1_r3_final.zip --output /run/media/pma213x/0C6A8CC86A8CAFCE/Ubuntu2/CodeU/Dog1/official-mini-cheetah/logs/official_mini_cheetah_flat_jump_v1_r3/P1_gate_attempt_0.json
[2026-10-05T01:45:06+0800] P1 验收未通过，report.passed=false
[2026-10-05T01:45:06+0800] P1 验收命令：/usr/bin/python3 -m rl.evaluate --phase P1 --gate --checkpoint /run/media/pma213x/0C6A8CC86A8CAFCE/Ubuntu2/CodeU/Dog1/official-mini-cheetah/checkpoints/official_mini_cheetah_flat_jump_v1_r3/official_mini_cheetah_flat_jump_v1_r3_final.zip --output /run/media/pma213x/0C6A8CC86A8CAFCE/Ubuntu2/CodeU/Dog1/official-mini-cheetah/logs/official_mini_cheetah_flat_jump_v1_r3/P1_gate_attempt_1.json
[2026-10-05T01:45:30+0800] P1 验收未通过，report.passed=false
[2026-10-05T01:45:30+0800] P1 验收命令：/usr/bin/python3 -m rl.evaluate --phase P1 --gate --checkpoint /run/media/pma213x/0C6A8CC86A8CAFCE/Ubuntu2/CodeU/Dog1/official-mini-cheetah/checkpoints/official_mini_cheetah_flat_jump_v1_r3/official_mini_cheetah_flat_jump_v1_r3_final.zip --output /run/media/pma213x/0C6A8CC86A8CAFCE/Ubuntu2/CodeU/Dog1/official-mini-cheetah/logs/official_mini_cheetah_flat_jump_v1_r3/P1_gate_attempt_2.json
[2026-10-05T01:45:53+0800] P1 验收未通过，report.passed=false
[2026-10-05T01:45:53+0800] P1 连续 Gate 批次结果=[False, False, False]
[2026-10-05T01:45:53+0800] P1 启动：/usr/bin/python3 -m rl.train --phase P1 --total-steps 250000 --device cuda --ckptdir /run/media/pma213x/0C6A8CC86A8CAFCE/Ubuntu2/CodeU/Dog1/official-mini-cheetah/checkpoints/official_mini_cheetah_flat_jump_v1_r3 --ckpt-prefix official_mini_cheetah_flat_jump_v1_r3 --logdir /run/media/pma213x/0C6A8CC86A8CAFCE/Ubuntu2/CodeU/Dog1/official-mini-cheetah/runs/official_mini_cheetah_flat_jump_v1_r3/P1_parallel --bridge-port 11452 --num-envs 4 --checkpoint-interval 20000 --randomization-mode fixed --seed 20261003 --resume /run/media/pma213x/0C6A8CC86A8CAFCE/Ubuntu2/CodeU/Dog1/official-mini-cheetah/checkpoints/official_mini_cheetah_flat_jump_v1_r3/official_mini_cheetah_flat_jump_v1_r3_final.zip
[2026-10-05T01:46:00+0800] P1 四 worker 实时健康确认通过
[2026-10-05T01:46:13+0800] P1 验收命令：/usr/bin/python3 -m rl.evaluate --phase P1 --gate --checkpoint /run/media/pma213x/0C6A8CC86A8CAFCE/Ubuntu2/CodeU/Dog1/official-mini-cheetah/checkpoints/official_mini_cheetah_flat_jump_v1_r3/official_mini_cheetah_flat_jump_v1_r3_final.zip --output /run/media/pma213x/0C6A8CC86A8CAFCE/Ubuntu2/CodeU/Dog1/official-mini-cheetah/logs/official_mini_cheetah_flat_jump_v1_r3/P1_gate_attempt_0.json
[2026-10-05T01:46:36+0800] P1 验收未通过，report.passed=false
[2026-10-05T01:46:36+0800] P1 验收命令：/usr/bin/python3 -m rl.evaluate --phase P1 --gate --checkpoint /run/media/pma213x/0C6A8CC86A8CAFCE/Ubuntu2/CodeU/Dog1/official-mini-cheetah/checkpoints/official_mini_cheetah_flat_jump_v1_r3/official_mini_cheetah_flat_jump_v1_r3_final.zip --output /run/media/pma213x/0C6A8CC86A8CAFCE/Ubuntu2/CodeU/Dog1/official-mini-cheetah/logs/official_mini_cheetah_flat_jump_v1_r3/P1_gate_attempt_1.json
[2026-10-05T01:47:00+0800] P1 验收未通过，report.passed=false
[2026-10-05T01:47:00+0800] P1 验收命令：/usr/bin/python3 -m rl.evaluate --phase P1 --gate --checkpoint /run/media/pma213x/0C6A8CC86A8CAFCE/Ubuntu2/CodeU/Dog1/official-mini-cheetah/checkpoints/official_mini_cheetah_flat_jump_v1_r3/official_mini_cheetah_flat_jump_v1_r3_final.zip --output /run/media/pma213x/0C6A8CC86A8CAFCE/Ubuntu2/CodeU/Dog1/official-mini-cheetah/logs/official_mini_cheetah_flat_jump_v1_r3/P1_gate_attempt_2.json
[2026-10-05T01:47:28+0800] P1 验收未通过，report.passed=false
[2026-10-05T01:47:28+0800] P1 连续 Gate 批次结果=[False, False, False]
[2026-10-05T01:47:28+0800] P1 启动：/usr/bin/python3 -m rl.train --phase P1 --total-steps 260000 --device cuda --ckptdir /run/media/pma213x/0C6A8CC86A8CAFCE/Ubuntu2/CodeU/Dog1/official-mini-cheetah/checkpoints/official_mini_cheetah_flat_jump_v1_r3 --ckpt-prefix official_mini_cheetah_flat_jump_v1_r3 --logdir /run/media/pma213x/0C6A8CC86A8CAFCE/Ubuntu2/CodeU/Dog1/official-mini-cheetah/runs/official_mini_cheetah_flat_jump_v1_r3/P1_parallel --bridge-port 11452 --num-envs 4 --checkpoint-interval 20000 --randomization-mode fixed --seed 20261003 --resume /run/media/pma213x/0C6A8CC86A8CAFCE/Ubuntu2/CodeU/Dog1/official-mini-cheetah/checkpoints/official_mini_cheetah_flat_jump_v1_r3/official_mini_cheetah_flat_jump_v1_r3_final.zip
[2026-10-05T01:47:35+0800] P1 四 worker 实时健康确认通过
[2026-10-05T01:47:57+0800] P1 验收命令：/usr/bin/python3 -m rl.evaluate --phase P1 --gate --checkpoint /run/media/pma213x/0C6A8CC86A8CAFCE/Ubuntu2/CodeU/Dog1/official-mini-cheetah/checkpoints/official_mini_cheetah_flat_jump_v1_r3/official_mini_cheetah_flat_jump_v1_r3_final.zip --output /run/media/pma213x/0C6A8CC86A8CAFCE/Ubuntu2/CodeU/Dog1/official-mini-cheetah/logs/official_mini_cheetah_flat_jump_v1_r3/P1_gate_attempt_0.json
[2026-10-05T01:48:21+0800] P1 验收未通过，report.passed=false
[2026-10-05T01:48:21+0800] P1 验收命令：/usr/bin/python3 -m rl.evaluate --phase P1 --gate --checkpoint /run/media/pma213x/0C6A8CC86A8CAFCE/Ubuntu2/CodeU/Dog1/official-mini-cheetah/checkpoints/official_mini_cheetah_flat_jump_v1_r3/official_mini_cheetah_flat_jump_v1_r3_final.zip --output /run/media/pma213x/0C6A8CC86A8CAFCE/Ubuntu2/CodeU/Dog1/official-mini-cheetah/logs/official_mini_cheetah_flat_jump_v1_r3/P1_gate_attempt_1.json
[2026-10-05T01:48:44+0800] P1 验收未通过，report.passed=false
[2026-10-05T01:48:44+0800] P1 验收命令：/usr/bin/python3 -m rl.evaluate --phase P1 --gate --checkpoint /run/media/pma213x/0C6A8CC86A8CAFCE/Ubuntu2/CodeU/Dog1/official-mini-cheetah/checkpoints/official_mini_cheetah_flat_jump_v1_r3/official_mini_cheetah_flat_jump_v1_r3_final.zip --output /run/media/pma213x/0C6A8CC86A8CAFCE/Ubuntu2/CodeU/Dog1/official-mini-cheetah/logs/official_mini_cheetah_flat_jump_v1_r3/P1_gate_attempt_2.json
[2026-10-05T01:49:07+0800] P1 验收未通过，report.passed=false
[2026-10-05T01:49:07+0800] P1 连续 Gate 批次结果=[False, False, False]
[2026-10-05T01:49:07+0800] P1 启动：/usr/bin/python3 -m rl.train --phase P1 --total-steps 270000 --device cuda --ckptdir /run/media/pma213x/0C6A8CC86A8CAFCE/Ubuntu2/CodeU/Dog1/official-mini-cheetah/checkpoints/official_mini_cheetah_flat_jump_v1_r3 --ckpt-prefix official_mini_cheetah_flat_jump_v1_r3 --logdir /run/media/pma213x/0C6A8CC86A8CAFCE/Ubuntu2/CodeU/Dog1/official-mini-cheetah/runs/official_mini_cheetah_flat_jump_v1_r3/P1_parallel --bridge-port 11452 --num-envs 4 --checkpoint-interval 20000 --randomization-mode fixed --seed 20261003 --resume /run/media/pma213x/0C6A8CC86A8CAFCE/Ubuntu2/CodeU/Dog1/official-mini-cheetah/checkpoints/official_mini_cheetah_flat_jump_v1_r3/official_mini_cheetah_flat_jump_v1_r3_final.zip
[2026-10-05T01:49:13+0800] P1 四 worker 实时健康确认通过
[2026-10-05T01:49:27+0800] P1 验收命令：/usr/bin/python3 -m rl.evaluate --phase P1 --gate --checkpoint /run/media/pma213x/0C6A8CC86A8CAFCE/Ubuntu2/CodeU/Dog1/official-mini-cheetah/checkpoints/official_mini_cheetah_flat_jump_v1_r3/official_mini_cheetah_flat_jump_v1_r3_final.zip --output /run/media/pma213x/0C6A8CC86A8CAFCE/Ubuntu2/CodeU/Dog1/official-mini-cheetah/logs/official_mini_cheetah_flat_jump_v1_r3/P1_gate_attempt_0.json
[2026-10-05T01:49:50+0800] P1 验收未通过，report.passed=false
[2026-10-05T01:49:50+0800] P1 验收命令：/usr/bin/python3 -m rl.evaluate --phase P1 --gate --checkpoint /run/media/pma213x/0C6A8CC86A8CAFCE/Ubuntu2/CodeU/Dog1/official-mini-cheetah/checkpoints/official_mini_cheetah_flat_jump_v1_r3/official_mini_cheetah_flat_jump_v1_r3_final.zip --output /run/media/pma213x/0C6A8CC86A8CAFCE/Ubuntu2/CodeU/Dog1/official-mini-cheetah/logs/official_mini_cheetah_flat_jump_v1_r3/P1_gate_attempt_1.json
[2026-10-05T01:50:14+0800] P1 验收未通过，report.passed=false
[2026-10-05T01:50:14+0800] P1 验收命令：/usr/bin/python3 -m rl.evaluate --phase P1 --gate --checkpoint /run/media/pma213x/0C6A8CC86A8CAFCE/Ubuntu2/CodeU/Dog1/official-mini-cheetah/checkpoints/official_mini_cheetah_flat_jump_v1_r3/official_mini_cheetah_flat_jump_v1_r3_final.zip --output /run/media/pma213x/0C6A8CC86A8CAFCE/Ubuntu2/CodeU/Dog1/official-mini-cheetah/logs/official_mini_cheetah_flat_jump_v1_r3/P1_gate_attempt_2.json
[2026-10-05T01:50:37+0800] P1 验收未通过，report.passed=false
[2026-10-05T01:50:37+0800] P1 连续 Gate 批次结果=[False, False, False]
[2026-10-05T01:50:37+0800] P1 启动：/usr/bin/python3 -m rl.train --phase P1 --total-steps 280000 --device cuda --ckptdir /run/media/pma213x/0C6A8CC86A8CAFCE/Ubuntu2/CodeU/Dog1/official-mini-cheetah/checkpoints/official_mini_cheetah_flat_jump_v1_r3 --ckpt-prefix official_mini_cheetah_flat_jump_v1_r3 --logdir /run/media/pma213x/0C6A8CC86A8CAFCE/Ubuntu2/CodeU/Dog1/official-mini-cheetah/runs/official_mini_cheetah_flat_jump_v1_r3/P1_parallel --bridge-port 11452 --num-envs 4 --checkpoint-interval 20000 --randomization-mode fixed --seed 20261003 --resume /run/media/pma213x/0C6A8CC86A8CAFCE/Ubuntu2/CodeU/Dog1/official-mini-cheetah/checkpoints/official_mini_cheetah_flat_jump_v1_r3/official_mini_cheetah_flat_jump_v1_r3_final.zip
[2026-10-05T01:50:44+0800] P1 四 worker 实时健康确认通过
[2026-10-05T01:50:56+0800] P1 验收命令：/usr/bin/python3 -m rl.evaluate --phase P1 --gate --checkpoint /run/media/pma213x/0C6A8CC86A8CAFCE/Ubuntu2/CodeU/Dog1/official-mini-cheetah/checkpoints/official_mini_cheetah_flat_jump_v1_r3/official_mini_cheetah_flat_jump_v1_r3_final.zip --output /run/media/pma213x/0C6A8CC86A8CAFCE/Ubuntu2/CodeU/Dog1/official-mini-cheetah/logs/official_mini_cheetah_flat_jump_v1_r3/P1_gate_attempt_0.json
[2026-10-05T01:51:19+0800] P1 验收未通过，report.passed=false
[2026-10-05T01:51:19+0800] P1 验收命令：/usr/bin/python3 -m rl.evaluate --phase P1 --gate --checkpoint /run/media/pma213x/0C6A8CC86A8CAFCE/Ubuntu2/CodeU/Dog1/official-mini-cheetah/checkpoints/official_mini_cheetah_flat_jump_v1_r3/official_mini_cheetah_flat_jump_v1_r3_final.zip --output /run/media/pma213x/0C6A8CC86A8CAFCE/Ubuntu2/CodeU/Dog1/official-mini-cheetah/logs/official_mini_cheetah_flat_jump_v1_r3/P1_gate_attempt_1.json
[2026-10-05T01:51:42+0800] P1 验收未通过，report.passed=false
[2026-10-05T01:51:42+0800] P1 验收命令：/usr/bin/python3 -m rl.evaluate --phase P1 --gate --checkpoint /run/media/pma213x/0C6A8CC86A8CAFCE/Ubuntu2/CodeU/Dog1/official-mini-cheetah/checkpoints/official_mini_cheetah_flat_jump_v1_r3/official_mini_cheetah_flat_jump_v1_r3_final.zip --output /run/media/pma213x/0C6A8CC86A8CAFCE/Ubuntu2/CodeU/Dog1/official-mini-cheetah/logs/official_mini_cheetah_flat_jump_v1_r3/P1_gate_attempt_2.json
[2026-10-05T01:52:05+0800] P1 验收未通过，report.passed=false
[2026-10-05T01:52:05+0800] P1 连续 Gate 批次结果=[False, False, False]
[2026-10-05T01:52:05+0800] P1 启动：/usr/bin/python3 -m rl.train --phase P1 --total-steps 290000 --device cuda --ckptdir /run/media/pma213x/0C6A8CC86A8CAFCE/Ubuntu2/CodeU/Dog1/official-mini-cheetah/checkpoints/official_mini_cheetah_flat_jump_v1_r3 --ckpt-prefix official_mini_cheetah_flat_jump_v1_r3 --logdir /run/media/pma213x/0C6A8CC86A8CAFCE/Ubuntu2/CodeU/Dog1/official-mini-cheetah/runs/official_mini_cheetah_flat_jump_v1_r3/P1_parallel --bridge-port 11452 --num-envs 4 --checkpoint-interval 20000 --randomization-mode fixed --seed 20261003 --resume /run/media/pma213x/0C6A8CC86A8CAFCE/Ubuntu2/CodeU/Dog1/official-mini-cheetah/checkpoints/official_mini_cheetah_flat_jump_v1_r3/official_mini_cheetah_flat_jump_v1_r3_final.zip
[2026-10-05T01:52:11+0800] P1 四 worker 实时健康确认通过
[2026-10-05T01:52:24+0800] P1 验收命令：/usr/bin/python3 -m rl.evaluate --phase P1 --gate --checkpoint /run/media/pma213x/0C6A8CC86A8CAFCE/Ubuntu2/CodeU/Dog1/official-mini-cheetah/checkpoints/official_mini_cheetah_flat_jump_v1_r3/official_mini_cheetah_flat_jump_v1_r3_final.zip --output /run/media/pma213x/0C6A8CC86A8CAFCE/Ubuntu2/CodeU/Dog1/official-mini-cheetah/logs/official_mini_cheetah_flat_jump_v1_r3/P1_gate_attempt_0.json
[2026-10-05T01:52:48+0800] P1 验收未通过，report.passed=false
[2026-10-05T01:52:49+0800] P1 验收命令：/usr/bin/python3 -m rl.evaluate --phase P1 --gate --checkpoint /run/media/pma213x/0C6A8CC86A8CAFCE/Ubuntu2/CodeU/Dog1/official-mini-cheetah/checkpoints/official_mini_cheetah_flat_jump_v1_r3/official_mini_cheetah_flat_jump_v1_r3_final.zip --output /run/media/pma213x/0C6A8CC86A8CAFCE/Ubuntu2/CodeU/Dog1/official-mini-cheetah/logs/official_mini_cheetah_flat_jump_v1_r3/P1_gate_attempt_1.json
[2026-10-05T01:53:12+0800] P1 验收未通过，report.passed=false
[2026-10-05T01:53:12+0800] P1 验收命令：/usr/bin/python3 -m rl.evaluate --phase P1 --gate --checkpoint /run/media/pma213x/0C6A8CC86A8CAFCE/Ubuntu2/CodeU/Dog1/official-mini-cheetah/checkpoints/official_mini_cheetah_flat_jump_v1_r3/official_mini_cheetah_flat_jump_v1_r3_final.zip --output /run/media/pma213x/0C6A8CC86A8CAFCE/Ubuntu2/CodeU/Dog1/official-mini-cheetah/logs/official_mini_cheetah_flat_jump_v1_r3/P1_gate_attempt_2.json
[2026-10-05T01:53:36+0800] P1 验收未通过，report.passed=false
[2026-10-05T01:53:36+0800] P1 连续 Gate 批次结果=[False, False, False]
[2026-10-05T01:53:36+0800] P1 启动：/usr/bin/python3 -m rl.train --phase P1 --total-steps 300000 --device cuda --ckptdir /run/media/pma213x/0C6A8CC86A8CAFCE/Ubuntu2/CodeU/Dog1/official-mini-cheetah/checkpoints/official_mini_cheetah_flat_jump_v1_r3 --ckpt-prefix official_mini_cheetah_flat_jump_v1_r3 --logdir /run/media/pma213x/0C6A8CC86A8CAFCE/Ubuntu2/CodeU/Dog1/official-mini-cheetah/runs/official_mini_cheetah_flat_jump_v1_r3/P1_parallel --bridge-port 11452 --num-envs 4 --checkpoint-interval 20000 --randomization-mode fixed --seed 20261003 --resume /run/media/pma213x/0C6A8CC86A8CAFCE/Ubuntu2/CodeU/Dog1/official-mini-cheetah/checkpoints/official_mini_cheetah_flat_jump_v1_r3/official_mini_cheetah_flat_jump_v1_r3_final.zip
[2026-10-05T01:53:43+0800] P1 四 worker 实时健康确认通过
[2026-10-05T01:53:56+0800] P1 验收命令：/usr/bin/python3 -m rl.evaluate --phase P1 --gate --checkpoint /run/media/pma213x/0C6A8CC86A8CAFCE/Ubuntu2/CodeU/Dog1/official-mini-cheetah/checkpoints/official_mini_cheetah_flat_jump_v1_r3/official_mini_cheetah_flat_jump_v1_r3_final.zip --output /run/media/pma213x/0C6A8CC86A8CAFCE/Ubuntu2/CodeU/Dog1/official-mini-cheetah/logs/official_mini_cheetah_flat_jump_v1_r3/P1_gate_attempt_0.json
[2026-10-05T01:54:19+0800] P1 验收未通过，report.passed=false
[2026-10-05T01:54:19+0800] P1 验收命令：/usr/bin/python3 -m rl.evaluate --phase P1 --gate --checkpoint /run/media/pma213x/0C6A8CC86A8CAFCE/Ubuntu2/CodeU/Dog1/official-mini-cheetah/checkpoints/official_mini_cheetah_flat_jump_v1_r3/official_mini_cheetah_flat_jump_v1_r3_final.zip --output /run/media/pma213x/0C6A8CC86A8CAFCE/Ubuntu2/CodeU/Dog1/official-mini-cheetah/logs/official_mini_cheetah_flat_jump_v1_r3/P1_gate_attempt_1.json
[2026-10-05T01:54:42+0800] P1 验收未通过，report.passed=false
[2026-10-05T01:54:42+0800] P1 验收命令：/usr/bin/python3 -m rl.evaluate --phase P1 --gate --checkpoint /run/media/pma213x/0C6A8CC86A8CAFCE/Ubuntu2/CodeU/Dog1/official-mini-cheetah/checkpoints/official_mini_cheetah_flat_jump_v1_r3/official_mini_cheetah_flat_jump_v1_r3_final.zip --output /run/media/pma213x/0C6A8CC86A8CAFCE/Ubuntu2/CodeU/Dog1/official-mini-cheetah/logs/official_mini_cheetah_flat_jump_v1_r3/P1_gate_attempt_2.json
[2026-10-05T01:55:05+0800] P1 验收未通过，report.passed=false
[2026-10-05T01:55:05+0800] P1 连续 Gate 批次结果=[False, False, False]
[2026-10-05T01:55:05+0800] P1 启动：/usr/bin/python3 -m rl.train --phase P1 --total-steps 310000 --device cuda --ckptdir /run/media/pma213x/0C6A8CC86A8CAFCE/Ubuntu2/CodeU/Dog1/official-mini-cheetah/checkpoints/official_mini_cheetah_flat_jump_v1_r3 --ckpt-prefix official_mini_cheetah_flat_jump_v1_r3 --logdir /run/media/pma213x/0C6A8CC86A8CAFCE/Ubuntu2/CodeU/Dog1/official-mini-cheetah/runs/official_mini_cheetah_flat_jump_v1_r3/P1_parallel --bridge-port 11452 --num-envs 4 --checkpoint-interval 20000 --randomization-mode fixed --seed 20261003 --resume /run/media/pma213x/0C6A8CC86A8CAFCE/Ubuntu2/CodeU/Dog1/official-mini-cheetah/checkpoints/official_mini_cheetah_flat_jump_v1_r3/official_mini_cheetah_flat_jump_v1_r3_final.zip
[2026-10-05T01:55:12+0800] P1 四 worker 实时健康确认通过
[2026-10-05T01:55:25+0800] P1 验收命令：/usr/bin/python3 -m rl.evaluate --phase P1 --gate --checkpoint /run/media/pma213x/0C6A8CC86A8CAFCE/Ubuntu2/CodeU/Dog1/official-mini-cheetah/checkpoints/official_mini_cheetah_flat_jump_v1_r3/official_mini_cheetah_flat_jump_v1_r3_final.zip --output /run/media/pma213x/0C6A8CC86A8CAFCE/Ubuntu2/CodeU/Dog1/official-mini-cheetah/logs/official_mini_cheetah_flat_jump_v1_r3/P1_gate_attempt_0.json
[2026-10-05T01:55:50+0800] P1 验收未通过，report.passed=false
[2026-10-05T01:55:50+0800] P1 验收命令：/usr/bin/python3 -m rl.evaluate --phase P1 --gate --checkpoint /run/media/pma213x/0C6A8CC86A8CAFCE/Ubuntu2/CodeU/Dog1/official-mini-cheetah/checkpoints/official_mini_cheetah_flat_jump_v1_r3/official_mini_cheetah_flat_jump_v1_r3_final.zip --output /run/media/pma213x/0C6A8CC86A8CAFCE/Ubuntu2/CodeU/Dog1/official-mini-cheetah/logs/official_mini_cheetah_flat_jump_v1_r3/P1_gate_attempt_1.json
[2026-10-05T01:56:13+0800] P1 验收未通过，report.passed=false
[2026-10-05T01:56:13+0800] P1 验收命令：/usr/bin/python3 -m rl.evaluate --phase P1 --gate --checkpoint /run/media/pma213x/0C6A8CC86A8CAFCE/Ubuntu2/CodeU/Dog1/official-mini-cheetah/checkpoints/official_mini_cheetah_flat_jump_v1_r3/official_mini_cheetah_flat_jump_v1_r3_final.zip --output /run/media/pma213x/0C6A8CC86A8CAFCE/Ubuntu2/CodeU/Dog1/official-mini-cheetah/logs/official_mini_cheetah_flat_jump_v1_r3/P1_gate_attempt_2.json
[2026-10-05T01:56:37+0800] P1 验收未通过，report.passed=false
[2026-10-05T01:56:37+0800] P1 连续 Gate 批次结果=[False, False, False]
[2026-10-05T01:56:37+0800] P1 启动：/usr/bin/python3 -m rl.train --phase P1 --total-steps 320000 --device cuda --ckptdir /run/media/pma213x/0C6A8CC86A8CAFCE/Ubuntu2/CodeU/Dog1/official-mini-cheetah/checkpoints/official_mini_cheetah_flat_jump_v1_r3 --ckpt-prefix official_mini_cheetah_flat_jump_v1_r3 --logdir /run/media/pma213x/0C6A8CC86A8CAFCE/Ubuntu2/CodeU/Dog1/official-mini-cheetah/runs/official_mini_cheetah_flat_jump_v1_r3/P1_parallel --bridge-port 11452 --num-envs 4 --checkpoint-interval 20000 --randomization-mode fixed --seed 20261003 --resume /run/media/pma213x/0C6A8CC86A8CAFCE/Ubuntu2/CodeU/Dog1/official-mini-cheetah/checkpoints/official_mini_cheetah_flat_jump_v1_r3/official_mini_cheetah_flat_jump_v1_r3_final.zip
[2026-10-05T01:56:43+0800] P1 四 worker 实时健康确认通过
[2026-10-05T01:56:56+0800] P1 验收命令：/usr/bin/python3 -m rl.evaluate --phase P1 --gate --checkpoint /run/media/pma213x/0C6A8CC86A8CAFCE/Ubuntu2/CodeU/Dog1/official-mini-cheetah/checkpoints/official_mini_cheetah_flat_jump_v1_r3/official_mini_cheetah_flat_jump_v1_r3_final.zip --output /run/media/pma213x/0C6A8CC86A8CAFCE/Ubuntu2/CodeU/Dog1/official-mini-cheetah/logs/official_mini_cheetah_flat_jump_v1_r3/P1_gate_attempt_0.json
[2026-10-05T01:57:21+0800] P1 验收未通过，report.passed=false
[2026-10-05T01:57:21+0800] P1 验收命令：/usr/bin/python3 -m rl.evaluate --phase P1 --gate --checkpoint /run/media/pma213x/0C6A8CC86A8CAFCE/Ubuntu2/CodeU/Dog1/official-mini-cheetah/checkpoints/official_mini_cheetah_flat_jump_v1_r3/official_mini_cheetah_flat_jump_v1_r3_final.zip --output /run/media/pma213x/0C6A8CC86A8CAFCE/Ubuntu2/CodeU/Dog1/official-mini-cheetah/logs/official_mini_cheetah_flat_jump_v1_r3/P1_gate_attempt_1.json
[2026-10-05T01:57:44+0800] P1 验收未通过，report.passed=false
[2026-10-05T01:57:44+0800] P1 验收命令：/usr/bin/python3 -m rl.evaluate --phase P1 --gate --checkpoint /run/media/pma213x/0C6A8CC86A8CAFCE/Ubuntu2/CodeU/Dog1/official-mini-cheetah/checkpoints/official_mini_cheetah_flat_jump_v1_r3/official_mini_cheetah_flat_jump_v1_r3_final.zip --output /run/media/pma213x/0C6A8CC86A8CAFCE/Ubuntu2/CodeU/Dog1/official-mini-cheetah/logs/official_mini_cheetah_flat_jump_v1_r3/P1_gate_attempt_2.json
[2026-10-05T01:58:07+0800] P1 验收未通过，report.passed=false
[2026-10-05T01:58:07+0800] P1 连续 Gate 批次结果=[False, False, False]
[2026-10-05T01:58:07+0800] P1 启动：/usr/bin/python3 -m rl.train --phase P1 --total-steps 330000 --device cuda --ckptdir /run/media/pma213x/0C6A8CC86A8CAFCE/Ubuntu2/CodeU/Dog1/official-mini-cheetah/checkpoints/official_mini_cheetah_flat_jump_v1_r3 --ckpt-prefix official_mini_cheetah_flat_jump_v1_r3 --logdir /run/media/pma213x/0C6A8CC86A8CAFCE/Ubuntu2/CodeU/Dog1/official-mini-cheetah/runs/official_mini_cheetah_flat_jump_v1_r3/P1_parallel --bridge-port 11452 --num-envs 4 --checkpoint-interval 20000 --randomization-mode fixed --seed 20261003 --resume /run/media/pma213x/0C6A8CC86A8CAFCE/Ubuntu2/CodeU/Dog1/official-mini-cheetah/checkpoints/official_mini_cheetah_flat_jump_v1_r3/official_mini_cheetah_flat_jump_v1_r3_final.zip
[2026-10-05T01:58:14+0800] P1 四 worker 实时健康确认通过
[2026-10-05T01:58:27+0800] P1 验收命令：/usr/bin/python3 -m rl.evaluate --phase P1 --gate --checkpoint /run/media/pma213x/0C6A8CC86A8CAFCE/Ubuntu2/CodeU/Dog1/official-mini-cheetah/checkpoints/official_mini_cheetah_flat_jump_v1_r3/official_mini_cheetah_flat_jump_v1_r3_final.zip --output /run/media/pma213x/0C6A8CC86A8CAFCE/Ubuntu2/CodeU/Dog1/official-mini-cheetah/logs/official_mini_cheetah_flat_jump_v1_r3/P1_gate_attempt_0.json
[2026-10-05T01:58:51+0800] P1 验收未通过，report.passed=false
[2026-10-05T01:58:51+0800] P1 验收命令：/usr/bin/python3 -m rl.evaluate --phase P1 --gate --checkpoint /run/media/pma213x/0C6A8CC86A8CAFCE/Ubuntu2/CodeU/Dog1/official-mini-cheetah/checkpoints/official_mini_cheetah_flat_jump_v1_r3/official_mini_cheetah_flat_jump_v1_r3_final.zip --output /run/media/pma213x/0C6A8CC86A8CAFCE/Ubuntu2/CodeU/Dog1/official-mini-cheetah/logs/official_mini_cheetah_flat_jump_v1_r3/P1_gate_attempt_1.json
[2026-10-05T01:59:15+0800] P1 验收未通过，report.passed=false
[2026-10-05T01:59:15+0800] P1 验收命令：/usr/bin/python3 -m rl.evaluate --phase P1 --gate --checkpoint /run/media/pma213x/0C6A8CC86A8CAFCE/Ubuntu2/CodeU/Dog1/official-mini-cheetah/checkpoints/official_mini_cheetah_flat_jump_v1_r3/official_mini_cheetah_flat_jump_v1_r3_final.zip --output /run/media/pma213x/0C6A8CC86A8CAFCE/Ubuntu2/CodeU/Dog1/official-mini-cheetah/logs/official_mini_cheetah_flat_jump_v1_r3/P1_gate_attempt_2.json
[2026-10-05T01:59:38+0800] P1 验收未通过，report.passed=false
[2026-10-05T01:59:38+0800] P1 连续 Gate 批次结果=[False, False, False]
[2026-10-05T01:59:38+0800] P1 启动：/usr/bin/python3 -m rl.train --phase P1 --total-steps 340000 --device cuda --ckptdir /run/media/pma213x/0C6A8CC86A8CAFCE/Ubuntu2/CodeU/Dog1/official-mini-cheetah/checkpoints/official_mini_cheetah_flat_jump_v1_r3 --ckpt-prefix official_mini_cheetah_flat_jump_v1_r3 --logdir /run/media/pma213x/0C6A8CC86A8CAFCE/Ubuntu2/CodeU/Dog1/official-mini-cheetah/runs/official_mini_cheetah_flat_jump_v1_r3/P1_parallel --bridge-port 11452 --num-envs 4 --checkpoint-interval 20000 --randomization-mode fixed --seed 20261003 --resume /run/media/pma213x/0C6A8CC86A8CAFCE/Ubuntu2/CodeU/Dog1/official-mini-cheetah/checkpoints/official_mini_cheetah_flat_jump_v1_r3/official_mini_cheetah_flat_jump_v1_r3_final.zip
[2026-10-05T01:59:45+0800] P1 四 worker 实时健康确认通过
[2026-10-05T01:59:58+0800] P1 验收命令：/usr/bin/python3 -m rl.evaluate --phase P1 --gate --checkpoint /run/media/pma213x/0C6A8CC86A8CAFCE/Ubuntu2/CodeU/Dog1/official-mini-cheetah/checkpoints/official_mini_cheetah_flat_jump_v1_r3/official_mini_cheetah_flat_jump_v1_r3_final.zip --output /run/media/pma213x/0C6A8CC86A8CAFCE/Ubuntu2/CodeU/Dog1/official-mini-cheetah/logs/official_mini_cheetah_flat_jump_v1_r3/P1_gate_attempt_0.json
[2026-10-05T02:00:21+0800] P1 验收未通过，report.passed=false
[2026-10-05T02:00:21+0800] P1 验收命令：/usr/bin/python3 -m rl.evaluate --phase P1 --gate --checkpoint /run/media/pma213x/0C6A8CC86A8CAFCE/Ubuntu2/CodeU/Dog1/official-mini-cheetah/checkpoints/official_mini_cheetah_flat_jump_v1_r3/official_mini_cheetah_flat_jump_v1_r3_final.zip --output /run/media/pma213x/0C6A8CC86A8CAFCE/Ubuntu2/CodeU/Dog1/official-mini-cheetah/logs/official_mini_cheetah_flat_jump_v1_r3/P1_gate_attempt_1.json
[2026-10-05T02:00:45+0800] P1 验收未通过，report.passed=false
[2026-10-05T02:00:45+0800] P1 验收命令：/usr/bin/python3 -m rl.evaluate --phase P1 --gate --checkpoint /run/media/pma213x/0C6A8CC86A8CAFCE/Ubuntu2/CodeU/Dog1/official-mini-cheetah/checkpoints/official_mini_cheetah_flat_jump_v1_r3/official_mini_cheetah_flat_jump_v1_r3_final.zip --output /run/media/pma213x/0C6A8CC86A8CAFCE/Ubuntu2/CodeU/Dog1/official-mini-cheetah/logs/official_mini_cheetah_flat_jump_v1_r3/P1_gate_attempt_2.json
[2026-10-05T02:01:09+0800] P1 验收未通过，report.passed=false
[2026-10-05T02:01:09+0800] P1 连续 Gate 批次结果=[False, False, False]
[2026-10-05T02:01:09+0800] P1 启动：/usr/bin/python3 -m rl.train --phase P1 --total-steps 350000 --device cuda --ckptdir /run/media/pma213x/0C6A8CC86A8CAFCE/Ubuntu2/CodeU/Dog1/official-mini-cheetah/checkpoints/official_mini_cheetah_flat_jump_v1_r3 --ckpt-prefix official_mini_cheetah_flat_jump_v1_r3 --logdir /run/media/pma213x/0C6A8CC86A8CAFCE/Ubuntu2/CodeU/Dog1/official-mini-cheetah/runs/official_mini_cheetah_flat_jump_v1_r3/P1_parallel --bridge-port 11452 --num-envs 4 --checkpoint-interval 20000 --randomization-mode fixed --seed 20261003 --resume /run/media/pma213x/0C6A8CC86A8CAFCE/Ubuntu2/CodeU/Dog1/official-mini-cheetah/checkpoints/official_mini_cheetah_flat_jump_v1_r3/official_mini_cheetah_flat_jump_v1_r3_final.zip
[2026-10-05T02:01:15+0800] P1 四 worker 实时健康确认通过
[2026-10-05T02:01:28+0800] P1 验收命令：/usr/bin/python3 -m rl.evaluate --phase P1 --gate --checkpoint /run/media/pma213x/0C6A8CC86A8CAFCE/Ubuntu2/CodeU/Dog1/official-mini-cheetah/checkpoints/official_mini_cheetah_flat_jump_v1_r3/official_mini_cheetah_flat_jump_v1_r3_final.zip --output /run/media/pma213x/0C6A8CC86A8CAFCE/Ubuntu2/CodeU/Dog1/official-mini-cheetah/logs/official_mini_cheetah_flat_jump_v1_r3/P1_gate_attempt_0.json
[2026-10-05T02:01:50+0800] P1 验收未通过，report.passed=false
[2026-10-05T02:01:50+0800] P1 验收命令：/usr/bin/python3 -m rl.evaluate --phase P1 --gate --checkpoint /run/media/pma213x/0C6A8CC86A8CAFCE/Ubuntu2/CodeU/Dog1/official-mini-cheetah/checkpoints/official_mini_cheetah_flat_jump_v1_r3/official_mini_cheetah_flat_jump_v1_r3_final.zip --output /run/media/pma213x/0C6A8CC86A8CAFCE/Ubuntu2/CodeU/Dog1/official-mini-cheetah/logs/official_mini_cheetah_flat_jump_v1_r3/P1_gate_attempt_1.json
[2026-10-05T02:02:13+0800] P1 验收未通过，report.passed=false
[2026-10-05T02:02:13+0800] P1 验收命令：/usr/bin/python3 -m rl.evaluate --phase P1 --gate --checkpoint /run/media/pma213x/0C6A8CC86A8CAFCE/Ubuntu2/CodeU/Dog1/official-mini-cheetah/checkpoints/official_mini_cheetah_flat_jump_v1_r3/official_mini_cheetah_flat_jump_v1_r3_final.zip --output /run/media/pma213x/0C6A8CC86A8CAFCE/Ubuntu2/CodeU/Dog1/official-mini-cheetah/logs/official_mini_cheetah_flat_jump_v1_r3/P1_gate_attempt_2.json
[2026-10-05T02:02:37+0800] P1 验收未通过，report.passed=false
[2026-10-05T02:02:37+0800] P1 连续 Gate 批次结果=[False, False, False]
[2026-10-05T02:02:37+0800] P1 启动：/usr/bin/python3 -m rl.train --phase P1 --total-steps 360000 --device cuda --ckptdir /run/media/pma213x/0C6A8CC86A8CAFCE/Ubuntu2/CodeU/Dog1/official-mini-cheetah/checkpoints/official_mini_cheetah_flat_jump_v1_r3 --ckpt-prefix official_mini_cheetah_flat_jump_v1_r3 --logdir /run/media/pma213x/0C6A8CC86A8CAFCE/Ubuntu2/CodeU/Dog1/official-mini-cheetah/runs/official_mini_cheetah_flat_jump_v1_r3/P1_parallel --bridge-port 11452 --num-envs 4 --checkpoint-interval 20000 --randomization-mode fixed --seed 20261003 --resume /run/media/pma213x/0C6A8CC86A8CAFCE/Ubuntu2/CodeU/Dog1/official-mini-cheetah/checkpoints/official_mini_cheetah_flat_jump_v1_r3/official_mini_cheetah_flat_jump_v1_r3_final.zip
[2026-10-05T02:02:43+0800] P1 四 worker 实时健康确认通过
[2026-10-05T02:02:56+0800] P1 验收命令：/usr/bin/python3 -m rl.evaluate --phase P1 --gate --checkpoint /run/media/pma213x/0C6A8CC86A8CAFCE/Ubuntu2/CodeU/Dog1/official-mini-cheetah/checkpoints/official_mini_cheetah_flat_jump_v1_r3/official_mini_cheetah_flat_jump_v1_r3_final.zip --output /run/media/pma213x/0C6A8CC86A8CAFCE/Ubuntu2/CodeU/Dog1/official-mini-cheetah/logs/official_mini_cheetah_flat_jump_v1_r3/P1_gate_attempt_0.json
[2026-10-05T02:03:20+0800] P1 验收未通过，report.passed=false
[2026-10-05T02:03:20+0800] P1 验收命令：/usr/bin/python3 -m rl.evaluate --phase P1 --gate --checkpoint /run/media/pma213x/0C6A8CC86A8CAFCE/Ubuntu2/CodeU/Dog1/official-mini-cheetah/checkpoints/official_mini_cheetah_flat_jump_v1_r3/official_mini_cheetah_flat_jump_v1_r3_final.zip --output /run/media/pma213x/0C6A8CC86A8CAFCE/Ubuntu2/CodeU/Dog1/official-mini-cheetah/logs/official_mini_cheetah_flat_jump_v1_r3/P1_gate_attempt_1.json
[2026-10-05T02:03:43+0800] P1 验收未通过，report.passed=false
[2026-10-05T02:03:43+0800] P1 验收命令：/usr/bin/python3 -m rl.evaluate --phase P1 --gate --checkpoint /run/media/pma213x/0C6A8CC86A8CAFCE/Ubuntu2/CodeU/Dog1/official-mini-cheetah/checkpoints/official_mini_cheetah_flat_jump_v1_r3/official_mini_cheetah_flat_jump_v1_r3_final.zip --output /run/media/pma213x/0C6A8CC86A8CAFCE/Ubuntu2/CodeU/Dog1/official-mini-cheetah/logs/official_mini_cheetah_flat_jump_v1_r3/P1_gate_attempt_2.json
[2026-10-05T02:04:06+0800] P1 验收未通过，report.passed=false
[2026-10-05T02:04:06+0800] P1 连续 Gate 批次结果=[False, False, False]
[2026-10-05T02:04:06+0800] P1 启动：/usr/bin/python3 -m rl.train --phase P1 --total-steps 370000 --device cuda --ckptdir /run/media/pma213x/0C6A8CC86A8CAFCE/Ubuntu2/CodeU/Dog1/official-mini-cheetah/checkpoints/official_mini_cheetah_flat_jump_v1_r3 --ckpt-prefix official_mini_cheetah_flat_jump_v1_r3 --logdir /run/media/pma213x/0C6A8CC86A8CAFCE/Ubuntu2/CodeU/Dog1/official-mini-cheetah/runs/official_mini_cheetah_flat_jump_v1_r3/P1_parallel --bridge-port 11452 --num-envs 4 --checkpoint-interval 20000 --randomization-mode fixed --seed 20261003 --resume /run/media/pma213x/0C6A8CC86A8CAFCE/Ubuntu2/CodeU/Dog1/official-mini-cheetah/checkpoints/official_mini_cheetah_flat_jump_v1_r3/official_mini_cheetah_flat_jump_v1_r3_final.zip
[2026-10-05T02:04:10+0800] P1 四 worker 实时健康确认通过
[2026-10-05T02:04:24+0800] P1 验收命令：/usr/bin/python3 -m rl.evaluate --phase P1 --gate --checkpoint /run/media/pma213x/0C6A8CC86A8CAFCE/Ubuntu2/CodeU/Dog1/official-mini-cheetah/checkpoints/official_mini_cheetah_flat_jump_v1_r3/official_mini_cheetah_flat_jump_v1_r3_final.zip --output /run/media/pma213x/0C6A8CC86A8CAFCE/Ubuntu2/CodeU/Dog1/official-mini-cheetah/logs/official_mini_cheetah_flat_jump_v1_r3/P1_gate_attempt_0.json
[2026-10-05T02:04:47+0800] P1 验收未通过，report.passed=false
[2026-10-05T02:04:47+0800] P1 验收命令：/usr/bin/python3 -m rl.evaluate --phase P1 --gate --checkpoint /run/media/pma213x/0C6A8CC86A8CAFCE/Ubuntu2/CodeU/Dog1/official-mini-cheetah/checkpoints/official_mini_cheetah_flat_jump_v1_r3/official_mini_cheetah_flat_jump_v1_r3_final.zip --output /run/media/pma213x/0C6A8CC86A8CAFCE/Ubuntu2/CodeU/Dog1/official-mini-cheetah/logs/official_mini_cheetah_flat_jump_v1_r3/P1_gate_attempt_1.json
[2026-10-05T02:05:10+0800] P1 验收未通过，report.passed=false
[2026-10-05T02:05:10+0800] P1 验收命令：/usr/bin/python3 -m rl.evaluate --phase P1 --gate --checkpoint /run/media/pma213x/0C6A8CC86A8CAFCE/Ubuntu2/CodeU/Dog1/official-mini-cheetah/checkpoints/official_mini_cheetah_flat_jump_v1_r3/official_mini_cheetah_flat_jump_v1_r3_final.zip --output /run/media/pma213x/0C6A8CC86A8CAFCE/Ubuntu2/CodeU/Dog1/official-mini-cheetah/logs/official_mini_cheetah_flat_jump_v1_r3/P1_gate_attempt_2.json
[2026-10-05T02:05:33+0800] P1 验收未通过，report.passed=false
[2026-10-05T02:05:33+0800] P1 连续 Gate 批次结果=[False, False, False]
[2026-10-05T02:05:33+0800] P1 启动：/usr/bin/python3 -m rl.train --phase P1 --total-steps 380000 --device cuda --ckptdir /run/media/pma213x/0C6A8CC86A8CAFCE/Ubuntu2/CodeU/Dog1/official-mini-cheetah/checkpoints/official_mini_cheetah_flat_jump_v1_r3 --ckpt-prefix official_mini_cheetah_flat_jump_v1_r3 --logdir /run/media/pma213x/0C6A8CC86A8CAFCE/Ubuntu2/CodeU/Dog1/official-mini-cheetah/runs/official_mini_cheetah_flat_jump_v1_r3/P1_parallel --bridge-port 11452 --num-envs 4 --checkpoint-interval 20000 --randomization-mode fixed --seed 20261003 --resume /run/media/pma213x/0C6A8CC86A8CAFCE/Ubuntu2/CodeU/Dog1/official-mini-cheetah/checkpoints/official_mini_cheetah_flat_jump_v1_r3/official_mini_cheetah_flat_jump_v1_r3_final.zip
[2026-10-05T02:05:39+0800] P1 四 worker 实时健康确认通过
[2026-10-05T02:05:52+0800] P1 验收命令：/usr/bin/python3 -m rl.evaluate --phase P1 --gate --checkpoint /run/media/pma213x/0C6A8CC86A8CAFCE/Ubuntu2/CodeU/Dog1/official-mini-cheetah/checkpoints/official_mini_cheetah_flat_jump_v1_r3/official_mini_cheetah_flat_jump_v1_r3_final.zip --output /run/media/pma213x/0C6A8CC86A8CAFCE/Ubuntu2/CodeU/Dog1/official-mini-cheetah/logs/official_mini_cheetah_flat_jump_v1_r3/P1_gate_attempt_0.json
[2026-10-05T02:06:16+0800] P1 验收未通过，report.passed=false
[2026-10-05T02:06:16+0800] P1 验收命令：/usr/bin/python3 -m rl.evaluate --phase P1 --gate --checkpoint /run/media/pma213x/0C6A8CC86A8CAFCE/Ubuntu2/CodeU/Dog1/official-mini-cheetah/checkpoints/official_mini_cheetah_flat_jump_v1_r3/official_mini_cheetah_flat_jump_v1_r3_final.zip --output /run/media/pma213x/0C6A8CC86A8CAFCE/Ubuntu2/CodeU/Dog1/official-mini-cheetah/logs/official_mini_cheetah_flat_jump_v1_r3/P1_gate_attempt_1.json
[2026-10-05T02:06:39+0800] P1 验收未通过，report.passed=false
[2026-10-05T02:06:39+0800] P1 验收命令：/usr/bin/python3 -m rl.evaluate --phase P1 --gate --checkpoint /run/media/pma213x/0C6A8CC86A8CAFCE/Ubuntu2/CodeU/Dog1/official-mini-cheetah/checkpoints/official_mini_cheetah_flat_jump_v1_r3/official_mini_cheetah_flat_jump_v1_r3_final.zip --output /run/media/pma213x/0C6A8CC86A8CAFCE/Ubuntu2/CodeU/Dog1/official-mini-cheetah/logs/official_mini_cheetah_flat_jump_v1_r3/P1_gate_attempt_2.json
[2026-10-05T02:07:02+0800] P1 验收未通过，report.passed=false
[2026-10-05T02:07:02+0800] P1 连续 Gate 批次结果=[False, False, False]
[2026-10-05T02:07:02+0800] P1 启动：/usr/bin/python3 -m rl.train --phase P1 --total-steps 390000 --device cuda --ckptdir /run/media/pma213x/0C6A8CC86A8CAFCE/Ubuntu2/CodeU/Dog1/official-mini-cheetah/checkpoints/official_mini_cheetah_flat_jump_v1_r3 --ckpt-prefix official_mini_cheetah_flat_jump_v1_r3 --logdir /run/media/pma213x/0C6A8CC86A8CAFCE/Ubuntu2/CodeU/Dog1/official-mini-cheetah/runs/official_mini_cheetah_flat_jump_v1_r3/P1_parallel --bridge-port 11452 --num-envs 4 --checkpoint-interval 20000 --randomization-mode fixed --seed 20261003 --resume /run/media/pma213x/0C6A8CC86A8CAFCE/Ubuntu2/CodeU/Dog1/official-mini-cheetah/checkpoints/official_mini_cheetah_flat_jump_v1_r3/official_mini_cheetah_flat_jump_v1_r3_final.zip
[2026-10-05T02:07:09+0800] P1 四 worker 实时健康确认通过
[2026-10-05T02:07:21+0800] P1 验收命令：/usr/bin/python3 -m rl.evaluate --phase P1 --gate --checkpoint /run/media/pma213x/0C6A8CC86A8CAFCE/Ubuntu2/CodeU/Dog1/official-mini-cheetah/checkpoints/official_mini_cheetah_flat_jump_v1_r3/official_mini_cheetah_flat_jump_v1_r3_final.zip --output /run/media/pma213x/0C6A8CC86A8CAFCE/Ubuntu2/CodeU/Dog1/official-mini-cheetah/logs/official_mini_cheetah_flat_jump_v1_r3/P1_gate_attempt_0.json
[2026-10-05T02:07:46+0800] P1 验收未通过，report.passed=false
[2026-10-05T02:07:46+0800] P1 验收命令：/usr/bin/python3 -m rl.evaluate --phase P1 --gate --checkpoint /run/media/pma213x/0C6A8CC86A8CAFCE/Ubuntu2/CodeU/Dog1/official-mini-cheetah/checkpoints/official_mini_cheetah_flat_jump_v1_r3/official_mini_cheetah_flat_jump_v1_r3_final.zip --output /run/media/pma213x/0C6A8CC86A8CAFCE/Ubuntu2/CodeU/Dog1/official-mini-cheetah/logs/official_mini_cheetah_flat_jump_v1_r3/P1_gate_attempt_1.json
[2026-10-05T02:08:09+0800] P1 验收未通过，report.passed=false
[2026-10-05T02:08:09+0800] P1 验收命令：/usr/bin/python3 -m rl.evaluate --phase P1 --gate --checkpoint /run/media/pma213x/0C6A8CC86A8CAFCE/Ubuntu2/CodeU/Dog1/official-mini-cheetah/checkpoints/official_mini_cheetah_flat_jump_v1_r3/official_mini_cheetah_flat_jump_v1_r3_final.zip --output /run/media/pma213x/0C6A8CC86A8CAFCE/Ubuntu2/CodeU/Dog1/official-mini-cheetah/logs/official_mini_cheetah_flat_jump_v1_r3/P1_gate_attempt_2.json
[2026-10-05T02:08:33+0800] P1 验收未通过，report.passed=false
[2026-10-05T02:08:33+0800] P1 连续 Gate 批次结果=[False, False, False]
[2026-10-05T02:08:33+0800] P1 启动：/usr/bin/python3 -m rl.train --phase P1 --total-steps 400000 --device cuda --ckptdir /run/media/pma213x/0C6A8CC86A8CAFCE/Ubuntu2/CodeU/Dog1/official-mini-cheetah/checkpoints/official_mini_cheetah_flat_jump_v1_r3 --ckpt-prefix official_mini_cheetah_flat_jump_v1_r3 --logdir /run/media/pma213x/0C6A8CC86A8CAFCE/Ubuntu2/CodeU/Dog1/official-mini-cheetah/runs/official_mini_cheetah_flat_jump_v1_r3/P1_parallel --bridge-port 11452 --num-envs 4 --checkpoint-interval 20000 --randomization-mode fixed --seed 20261003 --resume /run/media/pma213x/0C6A8CC86A8CAFCE/Ubuntu2/CodeU/Dog1/official-mini-cheetah/checkpoints/official_mini_cheetah_flat_jump_v1_r3/official_mini_cheetah_flat_jump_v1_r3_final.zip
[2026-10-05T02:08:40+0800] P1 四 worker 实时健康确认通过
[2026-10-05T02:08:53+0800] P1 验收命令：/usr/bin/python3 -m rl.evaluate --phase P1 --gate --checkpoint /run/media/pma213x/0C6A8CC86A8CAFCE/Ubuntu2/CodeU/Dog1/official-mini-cheetah/checkpoints/official_mini_cheetah_flat_jump_v1_r3/official_mini_cheetah_flat_jump_v1_r3_final.zip --output /run/media/pma213x/0C6A8CC86A8CAFCE/Ubuntu2/CodeU/Dog1/official-mini-cheetah/logs/official_mini_cheetah_flat_jump_v1_r3/P1_gate_attempt_0.json
[2026-10-05T02:09:17+0800] P1 验收未通过，report.passed=false
[2026-10-05T02:09:17+0800] P1 验收命令：/usr/bin/python3 -m rl.evaluate --phase P1 --gate --checkpoint /run/media/pma213x/0C6A8CC86A8CAFCE/Ubuntu2/CodeU/Dog1/official-mini-cheetah/checkpoints/official_mini_cheetah_flat_jump_v1_r3/official_mini_cheetah_flat_jump_v1_r3_final.zip --output /run/media/pma213x/0C6A8CC86A8CAFCE/Ubuntu2/CodeU/Dog1/official-mini-cheetah/logs/official_mini_cheetah_flat_jump_v1_r3/P1_gate_attempt_1.json
[2026-10-05T02:09:41+0800] P1 验收未通过，report.passed=false
[2026-10-05T02:09:41+0800] P1 验收命令：/usr/bin/python3 -m rl.evaluate --phase P1 --gate --checkpoint /run/media/pma213x/0C6A8CC86A8CAFCE/Ubuntu2/CodeU/Dog1/official-mini-cheetah/checkpoints/official_mini_cheetah_flat_jump_v1_r3/official_mini_cheetah_flat_jump_v1_r3_final.zip --output /run/media/pma213x/0C6A8CC86A8CAFCE/Ubuntu2/CodeU/Dog1/official-mini-cheetah/logs/official_mini_cheetah_flat_jump_v1_r3/P1_gate_attempt_2.json
[2026-10-05T02:10:04+0800] P1 验收未通过，report.passed=false
[2026-10-05T02:10:04+0800] P1 连续 Gate 批次结果=[False, False, False]
[2026-10-05T02:10:04+0800] 失败即停：P1 Gate 在预算 400000 处失败，按计划停止且不自动延长
[2026-10-05T12:42:07+0800] P1 连续 Gate 批次结果=[True, False, True]
[2026-10-05T12:47:25+0800] P1 连续 Gate 批次结果=[True, False, True]
[2026-10-05T12:49:04+0800] P1 连续 Gate 批次结果=[True, False, True]
[2026-10-05T12:50:01+0800] P1 连续 Gate 批次结果=[True, False, True]
