CUDA_OK name=NVIDIA GeForce RTX 4060 Laptop GPU device=cuda:0 capability=(8, 9)
/home/pma213x/.local/lib/python3.14/site-packages/stable_baselines3/common/vec_env/base_vec_env.py:78: UserWarning: The `render_mode` attribute is not defined in your environment. It will be set to None.
  warnings.warn("The `render_mode` attribute is not defined in your environment. It will be set to None.")
/home/pma213x/.local/lib/python3.14/site-packages/stable_baselines3/common/on_policy_algorithm.py:150: UserWarning: You are trying to run PPO on the GPU, but it is primarily intended to run on the CPU when not using a CNN policy (you are using ActorCriticPolicy which should be a MlpPolicy). See https://github.com/DLR-RM/stable-baselines3/issues/1245 for more info. You can pass `device='cpu'` or `export CUDA_VISIBLE_DEVICES=` to force using the CPU.Note: The model will train, but the GPU utilization will be poor and the training might take longer than on CPU.
  warnings.warn(
MODEL_LOADED path=/run/media/pma213x/0C6A8CC86A8CAFCE/Ubuntu2/CodeU/Dog1/official-mini-cheetah/checkpoints/official_mini_cheetah_flat_jump_v1_r3/official_mini_cheetah_flat_jump_v1_r3_final.zip steps=300000
TRAIN_START phase=P1 current=300000 target=310000 remaining=10000 num_envs=4 ports=[11452, 11453, 11454, 11455]
Logging to /run/media/pma213x/0C6A8CC86A8CAFCE/Ubuntu2/CodeU/Dog1/official-mini-cheetah/runs/official_mini_cheetah_flat_jump_v1_r3/P1_parallel/PPO_0
TRAIN_PROGRESS total_timesteps=300256
TRAIN_PROGRESS total_timesteps=300512
TRAIN_PROGRESS total_timesteps=300768
TRAIN_PROGRESS total_timesteps=301024
TRAIN_PROGRESS total_timesteps=301280
TRAIN_PROGRESS total_timesteps=301536
TRAIN_PROGRESS total_timesteps=301792
TRAIN_PROGRESS total_timesteps=302048
TRAIN_PROGRESS total_timesteps=302304
TRAIN_PROGRESS total_timesteps=302560
TRAIN_PROGRESS total_timesteps=302816
TRAIN_PROGRESS total_timesteps=303072
TRAIN_PROGRESS total_timesteps=303328
TRAIN_PROGRESS total_timesteps=303584
TRAIN_PROGRESS total_timesteps=303840
TRAIN_PROGRESS total_timesteps=304096
TRAIN_PROGRESS total_timesteps=304352
TRAIN_PROGRESS total_timesteps=304608
TRAIN_PROGRESS total_timesteps=304864
TRAIN_PROGRESS total_timesteps=305120
TRAIN_PROGRESS total_timesteps=305376
TRAIN_PROGRESS total_timesteps=305632
TRAIN_PROGRESS total_timesteps=305888
TRAIN_PROGRESS total_timesteps=306144
TRAIN_PROGRESS total_timesteps=306400
TRAIN_PROGRESS total_timesteps=306656
TRAIN_PROGRESS total_timesteps=306912
TRAIN_PROGRESS total_timesteps=307168
TRAIN_PROGRESS total_timesteps=307424
TRAIN_PROGRESS total_timesteps=307680
TRAIN_PROGRESS total_timesteps=307936
TRAIN_PROGRESS total_timesteps=308192
----------------------------------------------
| reward/                        |           |
|    transition_mean             | 7.31      |
| reward_parts/                  |           |
|    action_rate                 | -0.138    |
|    alive                       | 0.5       |
|    command_tracking            | -6.83e-06 |
|    default_pose                | -0.000156 |
|    distance                    | 0         |
|    fall                        | 0         |
|    feet_air_time               | 0         |
|    foot_slip                   | 0         |
|    gait                        | 0         |
|    height                      | -6.04e-07 |
|    horizontal_angular_velocity | -2.2e-05  |
|    joint_jitter                | -5.26e-06 |
|    joint_velocity              | -9.06e-07 |
|    jump_landing                | 0         |
|    jump_success                | 0         |
|    non_foot_collision          | 0         |
|    posture                     | -0.000198 |
|    static_contact_course       | 0.188     |
|    support_gap                 | -0.201    |
|    torque                      | -0.00436  |
|    true_four_foot_contact      | 6.97      |
|    zero_velocity               | -6.83e-06 |
|    zero_yaw_rate               | -2.43e-05 |
| rollout/                       |           |
|    ep_rew_mean                 | 4.36e+03  |
|    true_four_contact_ratio     | 0.874     |
| termination_reason/            |           |
|    body_contact                | 0         |
|    controller_done             | 0         |
|    height                      | 0         |
|    joint_limit                 | 0         |
|    none                        | 0         |
|    tilt                        | 0         |
|    time_limit                  | 16        |
|    unknown                     | 0         |
|    unsupported                 | 0         |
|    workspace                   | 0         |
| time/                          |           |
|    fps                         | 552       |
|    iterations                  | 1         |
|    time_elapsed                | 14        |
|    total_timesteps             | 308192    |
----------------------------------------------
TRAIN_PROGRESS total_timesteps=308448
TRAIN_PROGRESS total_timesteps=308704
TRAIN_PROGRESS total_timesteps=308960
TRAIN_PROGRESS total_timesteps=309216
TRAIN_PROGRESS total_timesteps=309472
TRAIN_PROGRESS total_timesteps=309728
TRAIN_PROGRESS total_timesteps=309984
TRAIN_TARGET_REACHED total_timesteps=310000
TRAIN_COMPLETED final=/run/media/pma213x/0C6A8CC86A8CAFCE/Ubuntu2/CodeU/Dog1/official-mini-cheetah/checkpoints/official_mini_cheetah_flat_jump_v1_r3/official_mini_cheetah_flat_jump_v1_r3_final.zip steps=310000
