HEALTH_CONFIRMATION_BEGIN
HEALTH_FAILURE total_timesteps did not grow: 7048 -> 7048
【CUDA】device=0 name=NVIDIA GeForce RTX 4060 Laptop GPU capability=(8, 9)
/home/pma213x/.local/lib/python3.14/site-packages/stable_baselines3/common/on_policy_algorithm.py:150: UserWarning: You are trying to run PPO on the GPU, but it is primarily intended to run on the CPU when not using a CNN policy (you are using ActorCriticPolicy which should be a MlpPolicy). See https://github.com/DLR-RM/stable-baselines3/issues/1245 for more info. You can pass `device='cpu'` or `export CUDA_VISIBLE_DEVICES=` to force using the CPU.Note: The model will train, but the GPU utilization will be poor and the training might take longer than on CPU.
  warnings.warn(
【训练】已加载 /run/media/pma213x/0C6A8CC86A8CAFCE/Ubuntu2/CodeU/Dog1/checkpoints/yobogo_flat_jump_v1/yobogo_flat_jump_v1_final.zip，累计步数=5000
【训练】阶段=F1 累计=5000 目标=250000 本次=245000
Logging to /run/media/pma213x/0C6A8CC86A8CAFCE/Ubuntu2/CodeU/Dog1/runs/yobogo_flat_jump_v1/F1_stable/PPO_0
---------------------------------
| rollout/           |          |
|    ep_len_mean     | 15.4     |
|    ep_rew_mean     | -4.47    |
| time/              |          |
|    fps             | 13       |
|    iterations      | 1        |
|    time_elapsed    | 147      |
|    total_timesteps | 7048     |
---------------------------------
【CUDA】device=0 name=NVIDIA GeForce RTX 4060 Laptop GPU capability=(8, 9)
/home/pma213x/.local/lib/python3.14/site-packages/stable_baselines3/common/on_policy_algorithm.py:150: UserWarning: You are trying to run PPO on the GPU, but it is primarily intended to run on the CPU when not using a CNN policy (you are using ActorCriticPolicy which should be a MlpPolicy). See https://github.com/DLR-RM/stable-baselines3/issues/1245 for more info. You can pass `device='cpu'` or `export CUDA_VISIBLE_DEVICES=` to force using the CPU.Note: The model will train, but the GPU utilization will be poor and the training might take longer than on CPU.
  warnings.warn(
【训练】已加载 /run/media/pma213x/0C6A8CC86A8CAFCE/Ubuntu2/CodeU/Dog1/checkpoints/yobogo_flat_jump_v1/yobogo_flat_jump_v1_F0_5000_steps.zip，累计步数=5000
【训练】阶段=F1 累计=5000 目标=250000 本次=245000
Logging to /run/media/pma213x/0C6A8CC86A8CAFCE/Ubuntu2/CodeU/Dog1/runs/yobogo_flat_jump_v1/F1_stable/PPO_0
【训练进度】total_timesteps=5256
【训练进度】total_timesteps=5512
【训练进度】total_timesteps=5768
【训练进度】total_timesteps=6024
HEALTH_EXIT=1
