[2026-10-03T15:30:13+0800] 开始 F0～F3 顺序训练
[2026-10-03T15:30:13+0800] F0 训练启动：/usr/bin/python3 /run/media/pma213x/0C6A8CC86A8CAFCE/Ubuntu2/CodeU/Dog1/webots-sim/rl/train_flat_jump.py --phase F0 --total-steps 5000 --device cuda --ckptdir /run/media/pma213x/0C6A8CC86A8CAFCE/Ubuntu2/CodeU/Dog1/checkpoints/yobogo_flat_jump_v1 --ckpt-prefix yobogo_flat_jump_v1 --logdir /run/media/pma213x/0C6A8CC86A8CAFCE/Ubuntu2/CodeU/Dog1/runs/yobogo_flat_jump_v1/F0_smoke --checkpoint-interval 50000 --bridge-port 11451 --seed 20261003
[2026-10-03T15:37:08+0800] F0 checkpoint 重载通过：/run/media/pma213x/0C6A8CC86A8CAFCE/Ubuntu2/CodeU/Dog1/checkpoints/yobogo_flat_jump_v1/yobogo_flat_jump_v1_final.zip steps=5000 obs=(57,)
[2026-10-03T15:37:08+0800] F1 训练启动：/usr/bin/python3 /run/media/pma213x/0C6A8CC86A8CAFCE/Ubuntu2/CodeU/Dog1/webots-sim/rl/train_flat_jump.py --phase F1 --total-steps 250000 --device cuda --ckptdir /run/media/pma213x/0C6A8CC86A8CAFCE/Ubuntu2/CodeU/Dog1/checkpoints/yobogo_flat_jump_v1 --ckpt-prefix yobogo_flat_jump_v1 --logdir /run/media/pma213x/0C6A8CC86A8CAFCE/Ubuntu2/CodeU/Dog1/runs/yobogo_flat_jump_v1/F1_stable --checkpoint-interval 50000 --bridge-port 11451 --seed 20261003 --resume /run/media/pma213x/0C6A8CC86A8CAFCE/Ubuntu2/CodeU/Dog1/checkpoints/yobogo_flat_jump_v1/yobogo_flat_jump_v1_final.zip
[2026-10-03T15:53:53+0800] F0 checkpoint 重载通过：/run/media/pma213x/0C6A8CC86A8CAFCE/Ubuntu2/CodeU/Dog1/checkpoints/yobogo_flat_jump_v1/yobogo_flat_jump_v1_final.zip steps=5000 obs=(57,)
[2026-10-03T15:53:53+0800] 保留 F0 checkpoint：/run/media/pma213x/0C6A8CC86A8CAFCE/Ubuntu2/CodeU/Dog1/checkpoints/yobogo_flat_jump_v1/yobogo_flat_jump_v1_F0_5000_steps.zip
[2026-10-03T15:53:53+0800] F0 checkpoint 重载通过：/run/media/pma213x/0C6A8CC86A8CAFCE/Ubuntu2/CodeU/Dog1/checkpoints/yobogo_flat_jump_v1/yobogo_flat_jump_v1_F0_5000_steps.zip steps=5000 obs=(57,)
[2026-10-03T15:53:53+0800] 复用已有 F0 checkpoint：/run/media/pma213x/0C6A8CC86A8CAFCE/Ubuntu2/CodeU/Dog1/checkpoints/yobogo_flat_jump_v1/yobogo_flat_jump_v1_F0_5000_steps.zip
[2026-10-03T15:53:53+0800] 开始 F0～F3 顺序训练
[2026-10-03T15:53:53+0800] F0 已有 checkpoint，跳过重复训练
[2026-10-03T15:53:53+0800] F1 训练启动：/usr/bin/python3 /run/media/pma213x/0C6A8CC86A8CAFCE/Ubuntu2/CodeU/Dog1/webots-sim/rl/train_flat_jump.py --phase F1 --total-steps 250000 --device cuda --ckptdir /run/media/pma213x/0C6A8CC86A8CAFCE/Ubuntu2/CodeU/Dog1/checkpoints/yobogo_flat_jump_v1 --ckpt-prefix yobogo_flat_jump_v1 --logdir /run/media/pma213x/0C6A8CC86A8CAFCE/Ubuntu2/CodeU/Dog1/runs/yobogo_flat_jump_v1/F1_stable --checkpoint-interval 50000 --bridge-port 11451 --seed 20261003 --resume /run/media/pma213x/0C6A8CC86A8CAFCE/Ubuntu2/CodeU/Dog1/checkpoints/yobogo_flat_jump_v1/yobogo_flat_jump_v1_F0_5000_steps.zip
[2026-10-03T18:17:50+0800] F1 checkpoint 重载通过：/run/media/pma213x/0C6A8CC86A8CAFCE/Ubuntu2/CodeU/Dog1/checkpoints/yobogo_flat_jump_v1/yobogo_flat_jump_v1_final.zip steps=250000 obs=(57,)
[2026-10-03T18:17:50+0800] F1 验收门命令：/usr/bin/python3 /run/media/pma213x/0C6A8CC86A8CAFCE/Ubuntu2/CodeU/Dog1/webots-sim/rl/eval_flat_jump.py --phase F1 --gate --output /run/media/pma213x/0C6A8CC86A8CAFCE/Ubuntu2/CodeU/Dog1/logs/yobogo_flat_jump_v1/F1_gate.json
[2026-10-03T18:17:59+0800] 失败即停：F1 验收门失败，退出码=1
[2026-10-03T20:21:17+0800] F1 checkpoint 重载通过：/run/media/pma213x/0C6A8CC86A8CAFCE/Ubuntu2/CodeU/Dog1/checkpoints/yobogo_flat_jump_v1/yobogo_flat_jump_v1_final.zip steps=250000 obs=(57,)
[2026-10-03T20:21:17+0800] 保留 F1 checkpoint：/run/media/pma213x/0C6A8CC86A8CAFCE/Ubuntu2/CodeU/Dog1/checkpoints/yobogo_flat_jump_v1/yobogo_flat_jump_v1_F1_250000_steps.zip
[2026-10-03T20:21:17+0800] F0 checkpoint 重载通过：/run/media/pma213x/0C6A8CC86A8CAFCE/Ubuntu2/CodeU/Dog1/checkpoints/yobogo_flat_jump_v1/yobogo_flat_jump_v1_F0_5000_steps.zip steps=5000 obs=(57,)
[2026-10-03T20:21:17+0800] 复用已有 F0 checkpoint：/run/media/pma213x/0C6A8CC86A8CAFCE/Ubuntu2/CodeU/Dog1/checkpoints/yobogo_flat_jump_v1/yobogo_flat_jump_v1_F0_5000_steps.zip
[2026-10-03T20:21:17+0800] F1 checkpoint 重载通过：/run/media/pma213x/0C6A8CC86A8CAFCE/Ubuntu2/CodeU/Dog1/checkpoints/yobogo_flat_jump_v1/yobogo_flat_jump_v1_F1_250000_steps.zip steps=250000 obs=(57,)
[2026-10-03T20:21:17+0800] 复用已有 F1 checkpoint：/run/media/pma213x/0C6A8CC86A8CAFCE/Ubuntu2/CodeU/Dog1/checkpoints/yobogo_flat_jump_v1/yobogo_flat_jump_v1_F1_250000_steps.zip
[2026-10-03T20:21:17+0800] 开始 F0～F3 顺序训练
[2026-10-03T20:21:17+0800] F0 已有 checkpoint，跳过重复训练
[2026-10-03T20:21:17+0800] F1A 训练启动：/usr/bin/python3 /run/media/pma213x/0C6A8CC86A8CAFCE/Ubuntu2/CodeU/Dog1/webots-sim/rl/train_flat_jump.py --phase F1 --total-steps 260000 --device cuda --ckptdir /run/media/pma213x/0C6A8CC86A8CAFCE/Ubuntu2/CodeU/Dog1/checkpoints/yobogo_flat_jump_v1 --ckpt-prefix yobogo_flat_jump_v1 --logdir /run/media/pma213x/0C6A8CC86A8CAFCE/Ubuntu2/CodeU/Dog1/runs/yobogo_flat_jump_v1/F1A_fixed --checkpoint-interval 50000 --bridge-port 11451 --seed 20261003 --randomization-mode fixed --webots-gui --resume /run/media/pma213x/0C6A8CC86A8CAFCE/Ubuntu2/CodeU/Dog1/checkpoints/yobogo_flat_jump_v1/yobogo_flat_jump_v1_F1_250000_steps.zip
[2026-10-03T20:27:46+0800] F0 checkpoint 重载通过：/run/media/pma213x/0C6A8CC86A8CAFCE/Ubuntu2/CodeU/Dog1/checkpoints/yobogo_flat_jump_v1/yobogo_flat_jump_v1_F0_5000_steps.zip steps=5000 obs=(57,)
[2026-10-03T20:27:46+0800] 复用已有 F0 checkpoint：/run/media/pma213x/0C6A8CC86A8CAFCE/Ubuntu2/CodeU/Dog1/checkpoints/yobogo_flat_jump_v1/yobogo_flat_jump_v1_F0_5000_steps.zip
[2026-10-03T20:27:46+0800] F1 checkpoint 重载通过：/run/media/pma213x/0C6A8CC86A8CAFCE/Ubuntu2/CodeU/Dog1/checkpoints/yobogo_flat_jump_v1/yobogo_flat_jump_v1_F1_250000_steps.zip steps=250000 obs=(57,)
[2026-10-03T20:27:46+0800] 复用已有 F1 checkpoint：/run/media/pma213x/0C6A8CC86A8CAFCE/Ubuntu2/CodeU/Dog1/checkpoints/yobogo_flat_jump_v1/yobogo_flat_jump_v1_F1_250000_steps.zip
[2026-10-03T20:27:46+0800] 开始 F0～F3 顺序训练
[2026-10-03T20:27:46+0800] F0 已有 checkpoint，跳过重复训练
[2026-10-03T20:27:46+0800] F1A 训练启动：/usr/bin/python3 /run/media/pma213x/0C6A8CC86A8CAFCE/Ubuntu2/CodeU/Dog1/webots-sim/rl/train_flat_jump.py --phase F1 --total-steps 260000 --device cuda --ckptdir /run/media/pma213x/0C6A8CC86A8CAFCE/Ubuntu2/CodeU/Dog1/checkpoints/yobogo_flat_jump_v1 --ckpt-prefix yobogo_flat_jump_v1 --logdir /run/media/pma213x/0C6A8CC86A8CAFCE/Ubuntu2/CodeU/Dog1/runs/yobogo_flat_jump_v1/F1A_fixed --checkpoint-interval 50000 --bridge-port 11451 --seed 20261003 --randomization-mode fixed --webots-gui --resume /run/media/pma213x/0C6A8CC86A8CAFCE/Ubuntu2/CodeU/Dog1/checkpoints/yobogo_flat_jump_v1/yobogo_flat_jump_v1_F1_250000_steps.zip
