[3gH    H    H    H    H    H    H    H    H    H    H    H    H    H    H    H    H    H    H    H   [INFO] Using python from: /home/pma213x/.venvs/minicheetah-isaaclab/bin/python
Gym has been unmaintained since 2022 and does not support NumPy 2.0 amongst other critical functionality.
Please upgrade to Gymnasium, the maintained drop-in replacement of Gym, or contact the authors of your software and request that they upgrade.
See the migration guide at https://gymnasium.farama.org/introduction/migration_guide/ for additional information.
[INFO][AppLauncher]: Loading experience file: /home/pma213x/IsaacLab/apps/isaaclab.python.headless.kit
[INFO]: Parsing configuration from: training.envs.velocity_flat_env_cfg:YoboGoVelocityFlatEnvCfg
[INFO]: Parsing configuration from: training.agents.rsl_rl_ppo_cfg:YoboGoFlatPPORunnerCfg
[Warning] [simulation_app.simulation_app] Modules: ['omni.kit_app'] were loaded before SimulationApp was started and might not be loaded correctly.
[Warning] [simulation_app.simulation_app] Please check to make sure no extra omniverse or pxr modules are imported before the call to SimulationApp(...)
Loading user config located at: '/home/pma213x/.venvs/minicheetah-isaaclab/lib/python3.10/site-packages/omni/data/Kit/Isaac-Sim/4.5/user.config.json'
[Info] [carb] Logging to file: /home/pma213x/.venvs/minicheetah-isaaclab/lib/python3.10/site-packages/omni/logs/Kit/Isaac-Sim/4.5/kit_20261007_230452.log
2026-10-07 15:04:52 [0ms] [Warning] [omni.kit.app.plugin] No crash reporter present, dumps uploading isn't available.
2026-10-07 15:04:52 [99ms] [Warning] [omni.usd_config.extension] Enable omni.materialx.libs extension to use MaterialX
2026-10-07 15:04:52 [346ms] [Warning] [omni.datastore] OmniHub is inaccessible
2026-10-07 15:04:52 [423ms] [Warning] [omni.isaac.dynamic_control] omni.isaac.dynamic_control is deprecated as of Isaac Sim 4.5. No action is needed from end-users.
2026-10-07 15:04:55 [2,946ms] [Warning] [gpu.foundation.plugin] Skipping unsupported non-NVIDIA GPU: Intel(R) UHD Graphics (ADL-S GT0.5)
2026-10-07 15:04:55 [2,946ms] [Warning] [gpu.foundation.plugin] Skipping unsupported non-NVIDIA GPU: Intel(R) UHD Graphics (ADL-S GT0.5)

|---------------------------------------------------------------------------------------------|
| Driver Version: 580.178.04    | Graphics API: Vulkan
|=============================================================================================|
| GPU | Name                             | Active | LDA | GPU Memory | Vendor-ID | LUID       |
|     |                                  |        |     |            | Device-ID | UUID       |
|     |                                  |        |     |            | Bus-ID    |            |
|---------------------------------------------------------------------------------------------|
| 0   | NVIDIA GeForce RTX 4060 Laptop.. | Yes: 0 |     | 8188    MB | 10de      | 0          |
|     |                                  |        |     |            | 28e0      | 4d090564.. |
|     |                                  |        |     |            | 1         |            |
|---------------------------------------------------------------------------------------------|
| 1   | Intel(R) UHD Graphics (ADL-S G.. |        |     | 11374   MB | 8086      | 0          |
|     |                                  |        |     |            | 468b      | 86808b46.. |
|     |                                  |        |     |            | 0         |            |
|=============================================================================================|
| OS: 26.04.1 LTS (Resolute Raccoon) ubuntu, Version: 26.04.1, Kernel: 7.0.0-34-generic
| XServer Vendor: The X.Org Foundation, XServer Version: 12401010 (1.24.1.10)
| Processor: 13th Gen Intel(R) Core(TM) i5-13500HX
| Bare Metal Cores: 14 | Bare Metal Logical Cores: 28
| Available Cores:  20 
|---------------------------------------------------------------------------------------------|
| Total Memory (MB): 15166 | Free Memory: 7107
| Total Page/Swap (MB): 20479 | Free Page/Swap: 14340
|---------------------------------------------------------------------------------------------|
2026-10-07 15:04:55 [3,169ms] [Warning] [gpu.foundation.plugin] IOMMU is enabled.
2026-10-07 15:04:55 [3,169ms] [Warning] [gpu.foundation.plugin] Detected IOMMU is enabled. Running CUDA peer-to-peer bandwidth and latency validation.
Unidirectional P2P=Enabled Bandwidth (P2P Writes) Matrix (GB/s)
   D\D     0 
     0 226.52 
P2P=Enabled Latency (P2P Writes) Matrix (us)
   GPU     0 
     0   1.38 

   CPU     0 
     0   1.57 
2026-10-07 15:04:56 [3,941ms] [Warning] [isaaclab.terrains.terrain_importer] Visual material specified for ground plane but no diffuse color found. Using default color: (0.0, 0.0, 0.0)
2026-10-07 15:05:03 [11,233ms] [Warning] [omni.usd] Warning: in GetNodeDiscoveryResults at line 136 of /builds/omniverse/usd-ci/USD/p[INFO] Logging experiment in directory: /run/media/pma213x/0C6A8CC86A8CAFCE/Ubuntu2/CodeU/Dog1/mini-cheetah-isaaclab/training/logs/rsl_rl/yobogo_velocity_flat
Exact experiment name requested from command line: 2026-10-07_23-04-55
Setting seed: 0
[INFO]: Base environment:
	Environment device    : cuda:0
	Environment seed      : 0
	Physics step-size     : 0.0004
	Rendering step-size   : 0.002
	Environment step-size : 0.002
[INFO]: Time taken for scene creation : 6.222763 seconds
[INFO]: Scene manager:  <class InteractiveScene>
	Number of environments: 4
	Environment spacing   : 2.5
	Source prim name      : /World/envs/env_0
	Global prim paths     : ['/World/ground']
	Replicate physics     : True
[INFO]: Starting the simulation. This may take a few seconds. Please wait...
[INFO]: Time taken for simulation start : 0.412512 seconds
[INFO] Command Manager:  <CommandManager> contains 1 active terms.
+------------------------------------------------+
|              Active Command Terms              |
+-------+---------------+------------------------+
| Index | Name          |          Type          |
+-------+---------------+------------------------+
|   0   | base_velocity | UniformVelocityCommand |
+-------+---------------+------------------------+

[INFO] Recorder Manager:  <RecorderManager> contains 0 active terms.
+---------------------+
| Active Recorder Terms |
+-----------+---------+
|   Index   | Name    |
+-----------+---------+
+-----------+---------+

[INFO] Action Manager:  <ActionManager> contains 1 active terms.
+------------------------------------+
|  Active Action Terms (shape: 12)   |
+--------+-------------+-------------+
| Index  | Name        |   Dimension |
+--------+-------------+-------------+
|   0    | joint_pos   |          12 |
+--------+-------------+-------------+

[INFO] Observation Manager: <ObservationManager> contains 1 groups.
+---------------------------------------------------------+
| Active Observation Terms in Group: 'policy' (shape: (48,)) |
+-----------+---------------------------------+-----------+
|   Index   | Name                            |   Shape   |
+-----------+---------------------------------+-----------+
|     0     | base_lin_vel                    |    (3,)   |
|     1     | base_ang_vel                    |    (3,)   |
|     2     | projected_gravity               |    (3,)   |
|     3     | velocity_commands               |    (3,)   |
|     4     | joint_pos                       |   (12,)   |
|     5     | joint_vel                       |   (12,)   |
|     6     | actions                         |   (12,)   |
+-----------+---------------------------------+-----------+

[INFO] Event Manager:  <EventManager> contains 3 active terms.
+--------------------------------------+
| Active Event Terms in Mode: 'startup' |
+----------+---------------------------+
|  Index   | Name                      |
+----------+---------------------------+
|    0     | physics_material          |
+----------+---------------------------+
+---------------------------------------+
|  Active Event Terms in Mode: 'reset'  |
+--------+------------------------------+
| Index  | Name                         |
+--------+------------------------------+
|   0    | base_external_force_torque   |
|   1    | reset_base                   |
|   2    | reset_robot_joints           |
+--------+------------------------------+
+----------------------------------------------+
|    Active Event Terms in Mode: 'interval'    |
+-------+------------+-------------------------+
| Index | Name       | Interval time range (s) |
+-------+------------+-------------------------+
|   0   | push_robot |       (10.0, 15.0)      |
+-------+------------+-------------------------+

[INFO] Termination Manager:  <TerminationManager> contains 2 active terms.
+---------------------------------+
|     Active Termination Terms    |
+-------+--------------+----------+
| Index | Name         | Time Out |
+-------+--------------+----------+
|   0   | time_out     |   True   |
|   1   | base_contact |  False   |
+-------+--------------+----------+

[INFO] Reward Manager:  <RewardManager> contains 11 active terms.
+-----------------------------------------+
|           Active Reward Terms           |
+-------+----------------------+----------+
| Index | Name                 |   Weight |
+-------+----------------------+----------+
|   0   | track_lin_vel_xy_exp |      1.0 |
|   1   | track_ang_vel_z_exp  |      0.5 |
|   2   | lin_vel_z_l2         |     -2.0 |
|   3   | ang_vel_xy_l2        |    -0.05 |
|   4   | dof_torques_l2       | -2.5e-05 |
|   5   | dof_acc_l2           | -2.5e-07 |
|   6   | action_rate_l2       |    -0.01 |
|   7   | feet_air_time        |      0.5 |
|   8   | undesired_contacts   |     -1.0 |
|   9   | flat_orientation_l2  |     -5.0 |
|   10  | dof_pos_limits       |      0.0 |
+-------+----------------------+----------+

[INFO] Curriculum Manager:  <CurriculumManager> contains 0 active terms.
+----------------------+
| Active Curriculum Terms |
+-----------+----------+
|   Index   | Name     |
+-----------+----------+
+-----------+----------+

[INFO]: Completed setting up the environment...
Actor MLP: Sequential(
  (0): Linear(in_features=48, out_features=128, bias=True)
  (1): ELU(alpha=1.0)
  (2): Linear(in_features=128, out_features=128, bias=True)
  (3): ELU(alpha=1.0)
  (4): Linear(in_features=128, out_features=128, bias=True)
  (5): ELU(alpha=1.0)
  (6): Linear(in_features=128, out_features=12, bias=True)
)
Critic MLP: Sequential(
  (0): Linear(in_features=48, out_features=128, bias=True)
  (1): ELU(alpha=1.0)
  (2): Linear(in_features=128, out_features=128, bias=True)
  (3): ELU(alpha=1.0)
  (4): Linear(in_features=128, out_features=128, bias=True)
  (5): ELU(alpha=1.0)
  (6): Linear(in_features=128, out_features=1, bias=True)
)
################################################################################
                      [1m Learning iteration 0/3000 [0m                       

                       Computation: 81 steps/s (collection: 0.963s, learning 0.223s)
             Mean action noise std: 1.00
                    value_function: 0.0159
                         surrogate: 0.0037
                           entropy: 17.0158
Episode_Reward/track_lin_vel_xy_exp: 0.0000
Episode_Reward/track_ang_vel_z_exp: 0.0000
       Episode_Reward/lin_vel_z_l2: 0.0000
      Episode_Reward/ang_vel_xy_l2: 0.0000
     Episode_Reward/dof_torques_l2: 0.0000
         Episode_Reward/dof_acc_l2: 0.0000
     Episode_Reward/action_rate_l2: 0.0000
      Episode_Reward/feet_air_time: 0.0000
 Episode_Reward/undesired_contacts: 0.0000
Episode_Reward/flat_orientation_l2: 0.0000
     Episode_Reward/dof_pos_limits: 0.0000
Metrics/base_velocity/error_vel_xy: 0.0000
Metrics/base_velocity/error_vel_yaw: 0.0000
      Episode_Termination/time_out: 0.0000
  Episode_Termination/base_contact: 0.0000
--------------------------------------------------------------------------------
                   Total timesteps: 96
                    Iteration time: 1.19s
                      Time elapsed: 00:00:01
                               ETA: 00:59:15

Could not find git repository in /home/pma213x/.venvs/minicheetah-isaaclab/lib/python3.10/site-packages/rsl_rl/__init__.py. Skipping.
Storing git diff for 'IsaacLab' in: /run/media/pma213x/0C6A8CC86A8CAFCE/Ubuntu2/CodeU/Dog1/mini-cheetah-isaaclab/training/logs/rsl_rl/yobogo_velocity_flat/2026-10-07_23-04-55_repair-v1_2026-10-07_230451/git/IsaacLab.diff
################################################################################
                      [1m Learning iteration 1/3000 [0m                       

                       Computation: 138 steps/s (collection: 0.647s, learning 0.046s)
             Mean action noise std: 1.00
                    value_function: 0.0045
                         surrogate: -0.0446
                           entropy: 17.0150
Episode_Reward/track_lin_vel_xy_exp: 0.0000
Episode_Reward/track_ang_vel_z_exp: 0.0000
       Episode_Reward/lin_vel_z_l2: 0.0000
      Episode_Reward/ang_vel_xy_l2: 0.0000
     Episode_Reward/dof_torques_l2: 0.0000
         Episode_Reward/dof_acc_l2: 0.0000
     Episode_Reward/action_rate_l2: 0.0000
      Episode_Reward/feet_air_time: 0.0000
 Episode_Reward/undesired_contacts: 0.0000
Episode_Reward/flat_orientation_l2: 0.0000
     Episode_Reward/dof_pos_limits: 0.0000
Metrics/base_velocity/error_vel_xy: 0.0000
Metrics/base_velocity/error_vel_yaw: 0.0000
      Episode_Termination/time_out: 0.0000
  Episode_Termination/base_contact: 0.0000
--------------------------------------------------------------------------------
                   Total timesteps: 192
                    Iteration time: 0.69s
                      Time elapsed: 00:00:01
                               ETA: 00:46:56

################################################################################
                      [1m Learning iteration 2/3000 [0m                       

                       Computation: 136 steps/s (collection: 0.658s, learning 0.047s)
             Mean action noise std: 1.00
                    value_function: 0.2152
                         surrogate: -0.0535
                           entropy: 17.0132
Episode_Reward/track_lin_vel_xy_exp: 0.0000
Episode_Reward/track_ang_vel_z_exp: 0.0000
       Episode_Reward/lin_vel_z_l2: 0.0000
      Episode_Reward/ang_vel_xy_l2: 0.0000
     Episode_Reward/dof_torques_l2: 0.0000
         Episode_Reward/dof_acc_l2: 0.0000
     Episode_Reward/action_rate_l2: 0.0000
      Episode_Reward/feet_air_time: 0.0000
 Episode_Reward/undesired_contacts: 0.0000
Episode_Reward/flat_orientation_l2: 0.0000
     Episode_Reward/dof_pos_limits: 0.0000
Metrics/base_velocity/error_vel_xy: 0.0000
Metrics/base_velocity/error_vel_yaw: 0.0000
      Episode_Termination/time_out: 0.0000
  Episode_Termination/base_contact: 0.0000
--------------------------------------------------------------------------------
                   Total timesteps: 288
                    Iteration time: 0.70s
                      Time elapsed: 00:00:02
                               ETA: 00:43:01

################################################################################
                      [1m Learning iteration 3/3000 [0m                       

                       Computation: 136 steps/s (collection: 0.641s, learning 0.062s)
             Mean action noise std: 1.00
                    value_function: 0.0483
                         surrogate: -0.0554
                           entropy: 17.0124
Episode_Reward/track_lin_vel_xy_exp: 0.0000
Episode_Reward/track_ang_vel_z_exp: 0.0000
       Episode_Reward/lin_vel_z_l2: 0.0000
      Episode_Reward/ang_vel_xy_l2: 0.0000
     Episode_Reward/dof_torques_l2: 0.0000
         Episode_Reward/dof_acc_l2: 0.0000
     Episode_Reward/action_rate_l2: 0.0000
      Episode_Reward/feet_air_time: 0.0000
 Episode_Reward/undesired_contacts: 0.0000
Episode_Reward/flat_orientation_l2: 0.0000
     Episode_Reward/dof_pos_limits: 0.0000
Metrics/base_velocity/error_vel_xy: 0.0000
Metrics/base_velocity/error_vel_yaw: 0.0000
      Episode_Termination/time_out: 0.0000
  Episode_Termination/base_contact: 0.0000
--------------------------------------------------------------------------------
                   Total timesteps: 384
                    Iteration time: 0.70s
                      Time elapsed: 00:00:03
                               ETA: 00:41:01

################################################################################
                      [1m Learning iteration 4/3000 [0m                       

                       Computation: 120 steps/s (collection: 0.734s, learning 0.063s)
             Mean action noise std: 1.00
                    value_function: 0.0029
                         surrogate: -0.0559
                           entropy: 17.0151
Episode_Reward/track_lin_vel_xy_exp: 0.0000
Episode_Reward/track_ang_vel_z_exp: 0.0000
       Episode_Reward/lin_vel_z_l2: 0.0000
      Episode_Reward/ang_vel_xy_l2: 0.0000
     Episode_Reward/dof_torques_l2: 0.0000
         Episode_Reward/dof_acc_l2: 0.0000
     Episode_Reward/action_rate_l2: 0.0000
      Episode_Reward/feet_air_time: 0.0000
 Episode_Reward/undesired_contacts: 0.0000
Episode_Reward/flat_orientation_l2: 0.0000
     Episode_Reward/dof_pos_limits: 0.0000
Metrics/base_velocity/error_vel_xy: 0.0000
Metrics/base_velocity/error_vel_yaw: 0.0000
      Episode_Termination/time_out: 0.0000
  Episode_Termination/base_contact: 0.0000
--------------------------------------------------------------------------------
                   Total timesteps: 480
                    Iteration time: 0.80s
                      Time elapsed: 00:00:04
                               ETA: 00:40:46

################################################################################
                      [1m Learning iteration 5/3000 [0m                       

                       Computation: 118 steps/s (collection: 0.742s, learning 0.067s)
             Mean action noise std: 1.00
                    value_function: 0.0017
                         surrogate: -0.0557
                           entropy: 17.0138
Episode_Reward/track_lin_vel_xy_exp: 0.0000
Episode_Reward/track_ang_vel_z_exp: 0.0000
       Episode_Reward/lin_vel_z_l2: 0.0000
      Episode_Reward/ang_vel_xy_l2: 0.0000
     Episode_Reward/dof_torques_l2: 0.0000
         Episode_Reward/dof_acc_l2: 0.0000
     Episode_Reward/action_rate_l2: 0.0000
      Episode_Reward/feet_air_time: 0.0000
 Episode_Reward/undesired_contacts: 0.0000
Episode_Reward/flat_orientation_l2: 0.0000
     Episode_Reward/dof_pos_limits: 0.0000
Metrics/base_velocity/error_vel_xy: 0.0000
Metrics/base_velocity/error_vel_yaw: 0.0000
      Episode_Termination/time_out: 0.0000
  Episode_Termination/base_contact: 0.0000
--------------------------------------------------------------------------------
                   Total timesteps: 576
                    Iteration time: 0.81s
                      Time elapsed: 00:00:04
                               ETA: 00:40:41

################################################################################
                      [1m Learning iteration 6/3000 [0m                       

                       Computation: 118 steps/s (collection: 0.762s, learning 0.050s)
             Mean action noise std: 1.00
                    value_function: 0.0022
                         surrogate: -0.0559
                           entropy: 17.0118
Episode_Reward/track_lin_vel_xy_exp: 0.0000
Episode_Reward/track_ang_vel_z_exp: 0.0000
       Episode_Reward/lin_vel_z_l2: 0.0000
      Episode_Reward/ang_vel_xy_l2: 0.0000
     Episode_Reward/dof_torques_l2: 0.0000
         Episode_Reward/dof_acc_l2: 0.0000
     Episode_Reward/action_rate_l2: 0.0000
      Episode_Reward/feet_air_time: 0.0000
 Episode_Reward/undesired_contacts: 0.0000
Episode_Reward/flat_orientation_l2: 0.0000
     Episode_Reward/dof_pos_limits: 0.0000
Metrics/base_velocity/error_vel_xy: 0.0000
Metrics/base_velocity/error_vel_yaw: 0.0000
      Episode_Termination/time_out: 0.0000
  Episode_Termination/base_contact: 0.0000
--------------------------------------------------------------------------------
                   Total timesteps: 672
                    Iteration time: 0.81s
                      Time elapsed: 00:00:05
                               ETA: 00:40:39

################################################################################
                      [1m Learning iteration 7/3000 [0m                       

                       Computation: 125 steps/s (collection: 0.717s, learning 0.050s)
             Mean action noise std: 1.00
                    value_function: 0.0008
                         surrogate: -0.0671
                           entropy: 17.0183
Episode_Reward/track_lin_vel_xy_exp: 0.0000
Episode_Reward/track_ang_vel_z_exp: 0.0000
       Episode_Reward/lin_vel_z_l2: 0.0000
      Episode_Reward/ang_vel_xy_l2: 0.0000
     Episode_Reward/dof_torques_l2: 0.0000
         Episode_Reward/dof_acc_l2: 0.0000
     Episode_Reward/action_rate_l2: 0.0000
      Episode_Reward/feet_air_time: 0.0000
 Episode_Reward/undesired_contacts: 0.0000
Episode_Reward/flat_orientation_l2: 0.0000
     Episode_Reward/dof_pos_limits: 0.0000
Metrics/base_velocity/error_vel_xy: 0.0000
Metrics/base_velocity/error_vel_yaw: 0.0000
      Episode_Termination/time_out: 0.0000
  Episode_Termination/base_contact: 0.0000
--------------------------------------------------------------------------------
                   Total timesteps: 768
                    Iteration time: 0.77s
                      Time elapsed: 00:00:06
                               ETA: 00:40:20

################################################################################
                      [1m Learning iteration 8/3000 [0m                       

                       Computation: 124 steps/s (collection: 0.718s, learning 0.055s)
             Mean action noise std: 1.00
                    value_function: 0.0005
                         surrogate: -0.0533
                           entropy: 17.0237
Episode_Reward/track_lin_vel_xy_exp: 0.0000
Episode_Reward/track_ang_vel_z_exp: 0.0000
       Episode_Reward/lin_vel_z_l2: 0.0000
      Episode_Reward/ang_vel_xy_l2: 0.0000
     Episode_Reward/dof_torques_l2: 0.0000
         Episode_Reward/dof_acc_l2: 0.0000
     Episode_Reward/action_rate_l2: 0.0000
      Episode_Reward/feet_air_time: 0.0000
 Episode_Reward/undesired_contacts: 0.0000
Episode_Reward/flat_orientation_l2: 0.0000
     Episode_Reward/dof_pos_limits: 0.0000
Metrics/base_velocity/error_vel_xy: 0.0000
Metrics/base_velocity/error_vel_yaw: 0.0000
      Episode_Termination/time_out: 0.0000
  Episode_Termination/base_contact: 0.0000
--------------------------------------------------------------------------------
                   Total timesteps: 864
                    Iteration time: 0.77s
                      Time elapsed: 00:00:07
                               ETA: 00:40:08

################################################################################
                      [1m Learning iteration 9/3000 [0m                       

                       Computation: 117 steps/s (collection: 0.751s, learning 0.067s)
             Mean action noise std: 1.00
                    value_function: 0.0001
                         surrogate: -0.0522
                           entropy: 17.0218
Episode_Reward/track_lin_vel_xy_exp: 0.0000
Episode_Reward/track_ang_vel_z_exp: 0.0000
       Episode_Reward/lin_vel_z_l2: 0.0000
      Episode_Reward/ang_vel_xy_l2: 0.0000
     Episode_Reward/dof_torques_l2: 0.0000
         Episode_Reward/dof_acc_l2: 0.0000
     Episode_Reward/action_rate_l2: 0.0000
      Episode_Reward/feet_air_time: 0.0000
 Episode_Reward/undesired_contacts: 0.0000
Episode_Reward/flat_orientation_l2: 0.0000
     Episode_Reward/dof_pos_limits: 0.0000
Metrics/base_velocity/error_vel_xy: 0.0000
Metrics/base_velocity/error_vel_yaw: 0.0000
      Episode_Termination/time_out: 0.0000
  Episode_Termination/base_contact: 0.0000
--------------------------------------------------------------------------------
                   Total timesteps: 960
                    Iteration time: 0.82s
                      Time elapsed: 00:00:08
                               ETA: 00:40:11

################################################################################
                      [1m Learning iteration 10/3000 [0m                      

                       Computation: 115 steps/s (collection: 0.765s, learning 0.067s)
             Mean action noise std: 1.00
                    value_function: 0.0004
                         surrogate: -0.0623
                           entropy: 17.0175
Episode_Reward/track_lin_vel_xy_exp: 0.0000
Episode_Reward/track_ang_vel_z_exp: 0.0000
       Episode_Reward/lin_vel_z_l2: 0.0000
      Episode_Reward/ang_vel_xy_l2: 0.0000
     Episode_Reward/dof_torques_l2: 0.0000
         Episode_Reward/dof_acc_l2: 0.0000
     Episode_Reward/action_rate_l2: 0.0000
      Episode_Reward/feet_air_time: 0.0000
 Episode_Reward/undesired_contacts: 0.0000
Episode_Reward/flat_orientation_l2: 0.0000
     Episode_Reward/dof_pos_limits: 0.0000
Metrics/base_velocity/error_vel_xy: 0.0000
Metrics/base_velocity/error_vel_yaw: 0.0000
      Episode_Termination/time_out: 0.0000
  Episode_Termination/base_contact: 0.0000
--------------------------------------------------------------------------------
                   Total timesteps: 1056
                    Iteration time: 0.83s
                      Time elapsed: 00:00:08
                               ETA: 00:40:17

################################################################################
                      [1m Learning iteration 11/3000 [0m                      

                       Computation: 117 steps/s (collection: 0.760s, learning 0.055s)
             Mean action noise std: 1.00
                    value_function: 0.0003
                         surrogate: -0.0578
                           entropy: 17.0170
Episode_Reward/track_lin_vel_xy_exp: 0.0000
Episode_Reward/track_ang_vel_z_exp: 0.0000
       Episode_Reward/lin_vel_z_l2: 0.0000
      Episode_Reward/ang_vel_xy_l2: 0.0000
     Episode_Reward/dof_torques_l2: 0.0000
         Episode_Reward/dof_acc_l2: 0.0000
     Episode_Reward/action_rate_l2: 0.0000
      Episode_Reward/feet_air_time: 0.0000
 Episode_Reward/undesired_contacts: 0.0000
Episode_Reward/flat_orientation_l2: 0.0000
     Episode_Reward/dof_pos_limits: 0.0000
Metrics/base_velocity/error_vel_xy: 0.0000
Metrics/base_velocity/error_vel_yaw: 0.0000
      Episode_Termination/time_out: 0.0000
  Episode_Termination/base_contact: 0.0000
--------------------------------------------------------------------------------
                   Total timesteps: 1152
                    Iteration time: 0.81s
                      Time elapsed: 00:00:09
                               ETA: 00:40:18

################################################################################
                      [1m Learning iteration 12/3000 [0m                      

                       Computation: 135 steps/s (collection: 0.662s, learning 0.048s)
             Mean action noise std: 1.00
                    value_function: 0.0001
                         surrogate: -0.0628
                           entropy: 17.0119
Episode_Reward/track_lin_vel_xy_exp: 0.0000
Episode_Reward/track_ang_vel_z_exp: 0.0000
       Episode_Reward/lin_vel_z_l2: 0.0000
      Episode_Reward/ang_vel_xy_l2: 0.0000
     Episode_Reward/dof_torques_l2: 0.0000
         Episode_Reward/dof_acc_l2: 0.0000
     Episode_Reward/action_rate_l2: 0.0000
      Episode_Reward/feet_air_time: 0.0000
 Episode_Reward/undesired_contacts: 0.0000
Episode_Reward/flat_orientation_l2: 0.0000
     Episode_Reward/dof_pos_limits: 0.0000
Metrics/base_velocity/error_vel_xy: 0.0000
Metrics/base_velocity/error_vel_yaw: 0.0000
      Episode_Termination/time_out: 0.0000
  Episode_Termination/base_contact: 0.0000
--------------------------------------------------------------------------------
                   Total timesteps: 1248
                    Iteration time: 0.71s
                      Time elapsed: 00:00:10
                               ETA: 00:39:54

################################################################################
                      [1m Learning iteration 13/3000 [0m                      

                       Computation: 139 steps/s (collection: 0.643s, learning 0.047s)
             Mean action noise std: 1.00
                    value_function: 0.0001
                         surrogate: -0.0558
                           entropy: 17.0056
Episode_Reward/track_lin_vel_xy_exp: 0.0000
Episode_Reward/track_ang_vel_z_exp: 0.0000
       Episode_Reward/lin_vel_z_l2: 0.0000
      Episode_Reward/ang_vel_xy_l2: 0.0000
     Episode_Reward/dof_torques_l2: 0.0000
         Episode_Reward/dof_acc_l2: 0.0000
     Episode_Reward/action_rate_l2: 0.0000
      Episode_Reward/feet_air_time: 0.0000
 Episode_Reward/undesired_contacts: 0.0000
Episode_Reward/flat_orientation_l2: 0.0000
     Episode_Reward/dof_pos_limits: 0.0000
Metrics/base_velocity/error_vel_xy: 0.0000
Metrics/base_velocity/error_vel_yaw: 0.0000
      Episode_Termination/time_out: 0.0000
  Episode_Termination/base_contact: 0.0000
--------------------------------------------------------------------------------
                   Total timesteps: 1344
                    Iteration time: 0.69s
                      Time elapsed: 00:00:11
                               ETA: 00:39:30

################################################################################
                      [1m Learning iteration 14/3000 [0m                      

                       Computation: 140 steps/s (collection: 0.635s, learning 0.047s)
             Mean action noise std: 1.00
                    value_function: 0.0001
                         surrogate: -0.0581
                           entropy: 17.0044
Episode_Reward/track_lin_vel_xy_exp: 0.0000
Episode_Reward/track_ang_vel_z_exp: 0.0000
       Episode_Reward/lin_vel_z_l2: 0.0000
      Episode_Reward/ang_vel_xy_l2: 0.0000
     Episode_Reward/dof_torques_l2: 0.0000
         Episode_Reward/dof_acc_l2: 0.0000
     Episode_Reward/action_rate_l2: 0.0000
      Episode_Reward/feet_air_time: 0.0000
 Episode_Reward/undesired_contacts: 0.0000
Episode_Reward/flat_orientation_l2: 0.0000
     Episode_Reward/dof_pos_limits: 0.0000
Metrics/base_velocity/error_vel_xy: 0.0000
Metrics/base_velocity/error_vel_yaw: 0.0000
      Episode_Termination/time_out: 0.0000
  Episode_Termination/base_contact: 0.0000
--------------------------------------------------------------------------------
                   Total timesteps: 1440
                    Iteration time: 0.68s
                      Time elapsed: 00:00:11
                               ETA: 00:39:07

################################################################################
                      [1m Learning iteration 15/3000 [0m                      

                       Computation: 114 steps/s (collection: 0.762s, learning 0.074s)
             Mean action noise std: 1.00
                    value_function: 0.0001
                         surrogate: -0.0504
                           entropy: 17.0021
Episode_Reward/track_lin_vel_xy_exp: 0.0000
Episode_Reward/track_ang_vel_z_exp: 0.0000
       Episode_Reward/lin_vel_z_l2: 0.0000
      Episode_Reward/ang_vel_xy_l2: 0.0000
     Episode_Reward/dof_torques_l2: 0.0000
         Episode_Reward/dof_acc_l2: 0.0000
     Episode_Reward/action_rate_l2: 0.0000
      Episode_Reward/feet_air_time: 0.0000
 Episode_Reward/undesired_contacts: 0.0000
Episode_Reward/flat_orientation_l2: 0.0000
     Episode_Reward/dof_pos_limits: 0.0000
Metrics/base_velocity/error_vel_xy: 0.0000
Metrics/base_velocity/error_vel_yaw: 0.0000
      Episode_Termination/time_out: 0.0000
  Episode_Termination/base_contact: 0.0000
--------------------------------------------------------------------------------
                   Total timesteps: 1536
                    Iteration time: 0.84s
                      Time elapsed: 00:00:12
                               ETA: 00:39:15

################################################################################
                      [1m Learning iteration 16/3000 [0m                      

                       Computation: 113 steps/s (collection: 0.787s, learning 0.063s)
             Mean action noise std: 1.00
                    value_function: 0.0001
                         surrogate: -0.0639
                           entropy: 17.0017
Episode_Reward/track_lin_vel_xy_exp: 0.0000
Episode_Reward/track_ang_vel_z_exp: 0.0000
       Episode_Reward/lin_vel_z_l2: 0.0000
      Episode_Reward/ang_vel_xy_l2: 0.0000
     Episode_Reward/dof_torques_l2: 0.0000
         Episode_Reward/dof_acc_l2: 0.0000
     Episode_Reward/action_rate_l2: 0.0000
      Episode_Reward/feet_air_time: 0.0000
 Episode_Reward/undesired_contacts: 0.0000
Episode_Reward/flat_orientation_l2: 0.0000
     Episode_Reward/dof_pos_limits: 0.0000
Metrics/base_velocity/error_vel_xy: 0.0000
Metrics/base_velocity/error_vel_yaw: 0.0000
      Episode_Termination/time_out: 0.0000
  Episode_Termination/base_contact: 0.0000
--------------------------------------------------------------------------------
                   Total timesteps: 1632
                    Iteration time: 0.85s
                      Time elapsed: 00:00:13
                               ETA: 00:39:25

################################################################################
                      [1m Learning iteration 17/3000 [0m                      

                       Computation: 122 steps/s (collection: 0.728s, learning 0.054s)
             Mean action noise std: 1.00
                    value_function: 0.0001
                         surrogate: -0.0672
                           entropy: 17.0069
Episode_Reward/track_lin_vel_xy_exp: 0.0000
Episode_Reward/track_ang_vel_z_exp: 0.0000
       Episode_Reward/lin_vel_z_l2: 0.0000
      Episode_Reward/ang_vel_xy_l2: 0.0000
     Episode_Reward/dof_torques_l2: 0.0000
         Episode_Reward/dof_acc_l2: 0.0000
     Episode_Reward/action_rate_l2: 0.0000
      Episode_Reward/feet_air_time: 0.0000
 Episode_Reward/undesired_contacts: 0.0000
Episode_Reward/flat_orientation_l2: 0.0000
     Episode_Reward/dof_pos_limits: 0.0000
Metrics/base_velocity/error_vel_xy: 0.0000
Metrics/base_velocity/error_vel_yaw: 0.0000
      Episode_Termination/time_out: 0.0000
  Episode_Termination/base_contact: 0.0000
--------------------------------------------------------------------------------
                   Total timesteps: 1728
                    Iteration time: 0.78s
                      Time elapsed: 00:00:14
                               ETA: 00:39:22

################################################################################
                      [1m Learning iteration 18/3000 [0m                      

                       Computation: 119 steps/s (collection: 0.741s, learning 0.062s)
             Mean action noise std: 1.00
                    value_function: 0.0001
                         surrogate: -0.0567
                           entropy: 17.0085
Episode_Reward/track_lin_vel_xy_exp: 0.0000
Episode_Reward/track_ang_vel_z_exp: 0.0000
       Episode_Reward/lin_vel_z_l2: 0.0000
      Episode_Reward/ang_vel_xy_l2: 0.0000
     Episode_Reward/dof_torques_l2: 0.0000
         Episode_Reward/dof_acc_l2: 0.0000
     Episode_Reward/action_rate_l2: 0.0000
      Episode_Reward/feet_air_time: 0.0000
 Episode_Reward/undesired_contacts: 0.0000
Episode_Reward/flat_orientation_l2: 0.0000
     Episode_Reward/dof_pos_limits: 0.0000
Metrics/base_velocity/error_vel_xy: 0.0000
Metrics/base_velocity/error_vel_yaw: 0.0000
      Episode_Termination/time_out: 0.0000
  Episode_Termination/base_contact: 0.0000
--------------------------------------------------------------------------------
                   Total timesteps: 1824
                    Iteration time: 0.80s
                      Time elapsed: 00:00:15
                               ETA: 00:39:23

################################################################################
                      [1m Learning iteration 19/3000 [0m                      

                       Computation: 121 steps/s (collection: 0.722s, learning 0.068s)
             Mean action noise std: 1.00
                    value_function: 0.0001
                         surrogate: -0.0525
                           entropy: 17.0050
Episode_Reward/track_lin_vel_xy_exp: 0.0000
Episode_Reward/track_ang_vel_z_exp: 0.0000
       Episode_Reward/lin_vel_z_l2: 0.0000
      Episode_Reward/ang_vel_xy_l2: 0.0000
     Episode_Reward/dof_torques_l2: 0.0000
         Episode_Reward/dof_acc_l2: 0.0000
     Episode_Reward/action_rate_l2: 0.0000
      Episode_Reward/feet_air_time: 0.0000
 Episode_Reward/undesired_contacts: 0.0000
Episode_Reward/flat_orientation_l2: 0.0000
     Episode_Reward/dof_pos_limits: 0.0000
Metrics/base_velocity/error_vel_xy: 0.0000
Metrics/base_velocity/error_vel_yaw: 0.0000
      Episode_Termination/time_out: 0.0000
  Episode_Termination/base_contact: 0.0000
--------------------------------------------------------------------------------
                   Total timesteps: 1920
                    Iteration time: 0.79s
                      Time elapsed: 00:00:15
                               ETA: 00:39:22

################################################################################
                      [1m Learning iteration 20/3000 [0m                      

                       Computation: 119 steps/s (collection: 0.749s, learning 0.053s)
             Mean action noise std: 1.00
                    value_function: 0.0001
                         surrogate: -0.0622
                           entropy: 17.0006
Episode_Reward/track_lin_vel_xy_exp: 0.0000
Episode_Reward/track_ang_vel_z_exp: 0.0000
       Episode_Reward/lin_vel_z_l2: 0.0000
      Episode_Reward/ang_vel_xy_l2: 0.0000
     Episode_Reward/dof_torques_l2: 0.0000
         Episode_Reward/dof_acc_l2: 0.0000
     Episode_Reward/action_rate_l2: 0.0000
      Episode_Reward/feet_air_time: 0.0000
 Episode_Reward/undesired_contacts: 0.0000
Episode_Reward/flat_orientation_l2: 0.0000
     Episode_Reward/dof_pos_limits: 0.0000
Metrics/base_velocity/error_vel_xy: 0.0000
Metrics/base_velocity/error_vel_yaw: 0.0000
      Episode_Termination/time_out: 0.0000
  Episode_Termination/base_contact: 0.0000
--------------------------------------------------------------------------------
                   Total timesteps: 2016
                    Iteration time: 0.80s
                      Time elapsed: 00:00:16
                               ETA: 00:39:23

################################################################################
                      [1m Learning iteration 21/3000 [0m                      

                       Computation: 139 steps/s (collection: 0.641s, learning 0.050s)
             Mean action noise std: 1.00
                    value_function: 0.0001
                         surrogate: -0.0571
                           entropy: 16.9989
Episode_Reward/track_lin_vel_xy_exp: 0.0000
Episode_Reward/track_ang_vel_z_exp: 0.0000
       Episode_Reward/lin_vel_z_l2: 0.0000
      Episode_Reward/ang_vel_xy_l2: 0.0000
     Episode_Reward/dof_torques_l2: 0.0000
         Episode_Reward/dof_acc_l2: 0.0000
     Episode_Reward/action_rate_l2: 0.0000
      Episode_Reward/feet_air_time: 0.0000
 Episode_Reward/undesired_contacts: 0.0000
Episode_Reward/flat_orientation_l2: 0.0000
     Episode_Reward/dof_pos_limits: 0.0000
Metrics/base_velocity/error_vel_xy: 0.0000
Metrics/base_velocity/error_vel_yaw: 0.0000
      Episode_Termination/time_out: 0.0000
  Episode_Termination/base_contact: 0.0000
--------------------------------------------------------------------------------
                   Total timesteps: 2112
                    Iteration time: 0.69s
                      Time elapsed: 00:00:17
                               ETA: 00:39:08

################################################################################
                      [1m Learning iteration 22/3000 [0m                      

                       Computation: 138 steps/s (collection: 0.648s, learning 0.047s)
             Mean action noise std: 1.00
                    value_function: 0.0001
                         surrogate: -0.0661
                           entropy: 16.9940
Episode_Reward/track_lin_vel_xy_exp: 0.0000
Episode_Reward/track_ang_vel_z_exp: 0.0000
       Episode_Reward/lin_vel_z_l2: 0.0000
      Episode_Reward/ang_vel_xy_l2: 0.0000
     Episode_Reward/dof_torques_l2: 0.0000
         Episode_Reward/dof_acc_l2: 0.0000
     Episode_Reward/action_rate_l2: 0.0000
      Episode_Reward/feet_air_time: 0.0000
 Episode_Reward/undesired_contacts: 0.0000
Episode_Reward/flat_orientation_l2: 0.0000
     Episode_Reward/dof_pos_limits: 0.0000
Metrics/base_velocity/error_vel_xy: 0.0000
Metrics/base_velocity/error_vel_yaw: 0.0000
      Episode_Termination/time_out: 0.0000
  Episode_Termination/base_contact: 0.0000
--------------------------------------------------------------------------------
                   Total timesteps: 2208
                    Iteration time: 0.70s
                      Time elapsed: 00:00:18
                               ETA: 00:38:55

################################################################################
                      [1m Learning iteration 23/3000 [0m                      

                       Computation: 134 steps/s (collection: 0.659s, learning 0.057s)
             Mean action noise std: 1.00
                    value_function: 0.0001
                         surrogate: -0.0572
                           entropy: 16.9878
Episode_Reward/track_lin_vel_xy_exp: 0.0000
Episode_Reward/track_ang_vel_z_exp: 0.0000
       Episode_Reward/lin_vel_z_l2: 0.0000
      Episode_Reward/ang_vel_xy_l2: 0.0000
     Episode_Reward/dof_torques_l2: 0.0000
         Episode_Reward/dof_acc_l2: 0.0000
     Episode_Reward/action_rate_l2: 0.0000
      Episode_Reward/feet_air_time: 0.0000
 Episode_Reward/undesired_contacts: 0.0000
Episode_Reward/flat_orientation_l2: 0.0000
     Episode_Reward/dof_pos_limits: 0.0000
Metrics/base_velocity/error_vel_xy: 0.0000
Metrics/base_velocity/error_vel_yaw: 0.0000
      Episode_Termination/time_out: 0.0000
  Episode_Termination/base_contact: 0.0000
--------------------------------------------------------------------------------
                   Total timesteps: 2304
                    Iteration time: 0.72s
                      Time elapsed: 00:00:18
                               ETA: 00:38:46

################################################################################
                      [1m Learning iteration 24/3000 [0m                      

                       Computation: 81 steps/s (collection: 1.108s, learning 0.067s)
             Mean action noise std: 1.00
          Mean value_function loss: 0.0003
               Mean surrogate loss: -0.0636
                 Mean entropy loss: 16.9834
                       Mean reward: -2.12
               Mean episode length: 579.00
Episode_Reward/track_lin_vel_xy_exp: 0.0142
Episode_Reward/track_ang_vel_z_exp: 0.0157
       Episode_Reward/lin_vel_z_l2: -0.0087
      Episode_Reward/ang_vel_xy_l2: -0.0033
     Episode_Reward/dof_torques_l2: -0.0001
         Episode_Reward/dof_acc_l2: -0.0949
     Episode_Reward/action_rate_l2: -0.0134
      Episode_Reward/feet_air_time: -0.0053
 Episode_Reward/undesired_contacts: 0.0000
Episode_Reward/flat_orientation_l2: -0.0016
     Episode_Reward/dof_pos_limits: 0.0000
Metrics/base_velocity/error_vel_xy: 0.0639
Metrics/base_velocity/error_vel_yaw: 0.0421
      Episode_Termination/time_out: 0.9167
  Episode_Termination/base_contact: 0.0000
--------------------------------------------------------------------------------
                   Total timesteps: 2400
                    Iteration time: 1.17s
                      Time elapsed: 00:00:19
                               ETA: 00:39:32

################################################################################
                      [1m Learning iteration 25/3000 [0m                      

                       Computation: 115 steps/s (collection: 0.755s, learning 0.075s)
             Mean action noise std: 1.00
          Mean value_function loss: 0.0009
               Mean surrogate loss: -0.0608
                 Mean entropy loss: 16.9813
                       Mean reward: -2.12
               Mean episode length: 579.00
Episode_Reward/track_lin_vel_xy_exp: 0.0155
Episode_Reward/track_ang_vel_z_exp: 0.0171
       Episode_Reward/lin_vel_z_l2: -0.0095
      Episode_Reward/ang_vel_xy_l2: -0.0036
     Episode_Reward/dof_torques_l2: -0.0001
         Episode_Reward/dof_acc_l2: -0.1035
     Episode_Reward/action_rate_l2: -0.0146
      Episode_Reward/feet_air_time: -0.0057
 Episode_Reward/undesired_contacts: 0.0000
Episode_Reward/flat_orientation_l2: -0.0018
     Episode_Reward/dof_pos_limits: 0.0000
Metrics/base_velocity/error_vel_xy: 0.0697
Metrics/base_velocity/error_vel_yaw: 0.0460
      Episode_Termination/time_out: 1.0000
  Episode_Termination/base_contact: 0.0000
--------------------------------------------------------------------------------
                   Total timesteps: 2496
                    Iteration time: 0.83s
                      Time elapsed: 00:00:20
                               ETA: 00:39:35

################################################################################
                      [1m Learning iteration 26/3000 [0m                      

                       Computation: 130 steps/s (collection: 0.690s, learning 0.048s)
             Mean action noise std: 1.00
          Mean value_function loss: 0.1411
               Mean surrogate loss: -0.0481
                 Mean entropy loss: 16.9793
                       Mean reward: -2.12
               Mean episode length: 579.00
Episode_Reward/track_lin_vel_xy_exp: 0.0155
Episode_Reward/track_ang_vel_z_exp: 0.0171
       Episode_Reward/lin_vel_z_l2: -0.0095
      Episode_Reward/ang_vel_xy_l2: -0.0036
     Episode_Reward/dof_torques_l2: -0.0001
         Episode_Reward/dof_acc_l2: -0.1035
     Episode_Reward/action_rate_l2: -0.0146
      Episode_Reward/feet_air_time: -0.0057
 Episode_Reward/undesired_contacts: 0.0000
Episode_Reward/flat_orientation_l2: -0.0018
     Episode_Reward/dof_pos_limits: 0.0000
Metrics/base_velocity/error_vel_xy: 0.0697
Metrics/base_velocity/error_vel_yaw: 0.0460
      Episode_Termination/time_out: 1.0000
  Episode_Termination/base_contact: 0.0000
--------------------------------------------------------------------------------
                   Total timesteps: 2592
                    Iteration time: 0.74s
                      Time elapsed: 00:00:21
                               ETA: 00:39:27

################################################################################
                      [1m Learning iteration 27/3000 [0m                      

                       Computation: 137 steps/s (collection: 0.652s, learning 0.047s)
             Mean action noise std: 1.00
          Mean value_function loss: 0.0059
               Mean surrogate loss: -0.0515
                 Mean entropy loss: 16.9799
                       Mean reward: -2.12
               Mean episode length: 579.00
Episode_Reward/track_lin_vel_xy_exp: 0.0155
Episode_Reward/track_ang_vel_z_exp: 0.0171
       Episode_Reward/lin_vel_z_l2: -0.0095
      Episode_Reward/ang_vel_xy_l2: -0.0036
     Episode_Reward/dof_torques_l2: -0.0001
         Episode_Reward/dof_acc_l2: -0.1035
     Episode_Reward/action_rate_l2: -0.0146
      Episode_Reward/feet_air_time: -0.0057
 Episode_Reward/undesired_contacts: 0.0000
Episode_Reward/flat_orientation_l2: -0.0018
     Episode_Reward/dof_pos_limits: 0.0000
Metrics/base_velocity/error_vel_xy: 0.0697
Metrics/base_velocity/error_vel_yaw: 0.0460
      Episode_Termination/time_out: 1.0000
  Episode_Termination/base_contact: 0.0000
--------------------------------------------------------------------------------
                   Total timesteps: 2688
                    Iteration time: 0.70s
                      Time elapsed: 00:00:22
                               ETA: 00:39:16

################################################################################
                      [1m Learning iteration 28/3000 [0m                      

                       Computation: 139 steps/s (collection: 0.643s, learning 0.047s)
             Mean action noise std: 1.00
          Mean value_function loss: 0.0047
               Mean surrogate loss: -0.0559
                 Mean entropy loss: 16.9822
                       Mean reward: -2.12
               Mean episode length: 579.00
Episode_Reward/track_lin_vel_xy_exp: 0.0155
Episode_Reward/track_ang_vel_z_exp: 0.0171
       Episode_Reward/lin_vel_z_l2: -0.0095
      Episode_Reward/ang_vel_xy_l2: -0.0036
     Episode_Reward/dof_torques_l2: -0.0001
         Episode_Reward/dof_acc_l2: -0.1035
     Episode_Reward/action_rate_l2: -0.0146
      Episode_Reward/feet_air_time: -0.0057
 Episode_Reward/undesired_contacts: 0.0000
Episode_Reward/flat_orientation_l2: -0.0018
     Episode_Reward/dof_pos_limits: 0.0000
Metrics/base_velocity/error_vel_xy: 0.0697
Metrics/base_velocity/error_vel_yaw: 0.0460
      Episode_Termination/time_out: 1.0000
  Episode_Termination/base_contact: 0.0000
--------------------------------------------------------------------------------
                   Total timesteps: 2784
                    Iteration time: 0.69s
                      Time elapsed: 00:00:22
                               ETA: 00:39:05

################################################################################
                      [1m Learning iteration 29/3000 [0m                      

                       Computation: 121 steps/s (collection: 0.732s, learning 0.057s)
             Mean action noise std: 1.00
          Mean value_function loss: 0.0047
               Mean surrogate loss: -0.0442
                 Mean entropy loss: 16.9806
                       Mean reward: -2.12
               Mean episode length: 579.00
Episode_Reward/track_lin_vel_xy_exp: 0.0155
Episode_Reward/track_ang_vel_z_exp: 0.0171
       Episode_Reward/lin_vel_z_l2: -0.0095
      Episode_Reward/ang_vel_xy_l2: -0.0036
     Episode_Reward/dof_torques_l2: -0.0001
         Episode_Reward/dof_acc_l2: -0.1035
     Episode_Reward/action_rate_l2: -0.0146
      Episode_Reward/feet_air_time: -0.0057
 Episode_Reward/undesired_contacts: 0.0000
Episode_Reward/flat_orientation_l2: -0.0018
     Episode_Reward/dof_pos_limits: 0.0000
Metrics/base_velocity/error_vel_xy: 0.0697
Metrics/base_velocity/error_vel_yaw: 0.0460
      Episode_Termination/time_out: 1.0000
  Episode_Termination/base_contact: 0.0000
--------------------------------------------------------------------------------
                   Total timesteps: 2880
                    Iteration time: 0.79s
                      Time elapsed: 00:00:23
                               ETA: 00:39:04

